
[1m[46m RUN [49m[22m [36mv3.2.4 [39m[90mC:/Users/GIGABYTE/Desktop/Forge/frontend[39m

 [31mÔØ»[39m __tests__/components/features/chat/task-tracking-observation-content.test.tsx [2m([22m[2m8 tests[22m[2m | [22m[31m8 failed[39m[2m)[22m[33m 10861[2mms[22m[39m
[31m   [31m├ù[31m TaskTrackingObservationContent[2m > [22mdoes not render command section[39m[33m 528[2mms[22m[39m
[31m     ÔåÆ useTasks must be used within a TaskProvider[39m
[31m   [31m├ù[31m TaskTrackingObservationContent[2m > [22mrenders task list when command is 'plan' and tasks exist[39m[32m 104[2mms[22m[39m
[31m     ÔåÆ useTasks must be used within a TaskProvider[39m
[31m   [31m├ù[31m TaskTrackingObservationContent[2m > [22mdisplays correct status icons and badges[39m[32m 84[2mms[22m[39m
[31m     ÔåÆ useTasks must be used within a TaskProvider[39m
[31m   [31m├ù[31m TaskTrackingObservationContent[2m > [22mdisplays task IDs and notes[39m[32m 55[2mms[22m[39m
[31m     ÔåÆ useTasks must be used within a TaskProvider[39m
[31m   [31m├ù[31m TaskTrackingObservationContent[2m > [22mrenders result section when content exists[39m[32m 121[2mms[22m[39m
[31m     ÔåÆ useTasks must be used within a TaskProvider[39m
[31m   [31m├ù[31m TaskTrackingObservationContent[2m > [22mdoes not render task list when command is not 'plan'[39m[32m 37[2mms[22m[39m
[31m     ÔåÆ useTasks must be used within a TaskProvider[39m
[31m   [31m├ù[31m TaskTrackingObservationContent[2m > [22mdoes not render task list when task list is empty[39m[32m 37[2mms[22m[39m
[31m     ÔåÆ useTasks must be used within a TaskProvider[39m
[31m   [31m├ù[31m TaskTrackingObservationContent[2m > [22mdoes not render result section when content is empty[39m[32m 48[2mms[22m[39m
[31m     ÔåÆ useTasks must be used within a TaskProvider[39m
 [31mÔØ»[39m src/components/features/memory/__tests__/memory-card.test.tsx [2m([22m[2m10 tests[22m[2m | [22m[31m10 failed[39m[2m)[22m[33m 8646[2mms[22m[39m
[31m   [31m├ù[31m MemoryCard[2m > [22mshould render memory title and content[39m[33m 673[2mms[22m[39m
[31m     ÔåÆ [vitest] No "Tag" export is defined on the "lucide-react" mock. Did you forget to return it from "vi.mock"?
If you need to partially mock a module, you can use "importOriginal" helper inside:
[39m
[31m   [31m├ù[31m MemoryCard[2m > [22mshould display tags[39m[32m 86[2mms[22m[39m
[31m     ÔåÆ [vitest] No "Tag" export is defined on the "lucide-react" mock. Did you forget to return it from "vi.mock"?
If you need to partially mock a module, you can use "importOriginal" helper inside:
[39m
[31m   [31m├ù[31m MemoryCard[2m > [22mshould show category badge for technical[39m[32m 103[2mms[22m[39m
[31m     ÔåÆ [vitest] No "Tag" export is defined on the "lucide-react" mock. Did you forget to return it from "vi.mock"?
If you need to partially mock a module, you can use "importOriginal" helper inside:
[39m
[31m   [31m├ù[31m MemoryCard[2m > [22mshould show category badge for preference[39m[32m 73[2mms[22m[39m
[31m     ÔåÆ [vitest] No "Tag" export is defined on the "lucide-react" mock. Did you forget to return it from "vi.mock"?
If you need to partially mock a module, you can use "importOriginal" helper inside:
[39m
[31m   [31m├ù[31m MemoryCard[2m > [22mshould show category badge for project[39m[32m 132[2mms[22m[39m
[31m     ÔåÆ [vitest] No "Tag" export is defined on the "lucide-react" mock. Did you forget to return it from "vi.mock"?
If you need to partially mock a module, you can use "importOriginal" helper inside:
[39m
[31m   [31m├ù[31m MemoryCard[2m > [22mshould call onEdit when edit button is clicked[39m[32m 68[2mms[22m[39m
[31m     ÔåÆ [vitest] No "Tag" export is defined on the "lucide-react" mock. Did you forget to return it from "vi.mock"?
If you need to partially mock a module, you can use "importOriginal" helper inside:
[39m
[31m   [31m├ù[31m MemoryCard[2m > [22mshould call onDelete when delete button is clicked[39m[32m 86[2mms[22m[39m
[31m     ÔåÆ [vitest] No "Tag" export is defined on the "lucide-react" mock. Did you forget to return it from "vi.mock"?
If you need to partially mock a module, you can use "importOriginal" helper inside:
[39m
[31m   [31m├ù[31m MemoryCard[2m > [22mshould truncate long content with line-clamp[39m[32m 53[2mms[22m[39m
[31m     ÔåÆ [vitest] No "Tag" export is defined on the "lucide-react" mock. Did you forget to return it from "vi.mock"?
If you need to partially mock a module, you can use "importOriginal" helper inside:
[39m
[31m   [31m├ù[31m MemoryCard[2m > [22mshould show limited tags when more than 5[39m[32m 77[2mms[22m[39m
[31m     ÔåÆ [vitest] No "Tag" export is defined on the "lucide-react" mock. Did you forget to return it from "vi.mock"?
If you need to partially mock a module, you can use "importOriginal" helper inside:
[39m
[31m   [31m├ù[31m MemoryCard[2m > [22mshould display formatted date[39m[32m 60[2mms[22m[39m
[31m     ÔåÆ [vitest] No "Tag" export is defined on the "lucide-react" mock. Did you forget to return it from "vi.mock"?
If you need to partially mock a module, you can use "importOriginal" helper inside:
[39m
node.exe : [90mstderr[2m | __tests__/routes/settings.test.tsx[2m > 
[22m[2mSettings Screen[2m > [22m[2mshould render the navbar
At line:1 char:1
+ & "C:\Program Files\nodejs/node.exe" "C:\Program Files\nodejs/node_mo ...
+ ~~~~~~~~~~~~~~~~~~~~~~~~~~~~~~~~~~~~~~~~~~~~~~~~~~~~~~~~~~~~~~~~~~~~~
    + CategoryInfo          : NotSpecified: ([90mstderr[2m...nder the navbar 
   :String) [], RemoteException
    + FullyQualifiedErrorId : NativeCommandError
 
[22m[39mNo `HydrateFallback` element provided to render during initial 
hydration

 [31mÔØ»[39m src/components/features/settings/mcp-settings/__tests__/mcp-marketplace-card.test.tsx [2m([22m[2m17 tests[22m[2m | [22m[31m3 failed[39m[2m)[22m[33m 15229[2mms[22m[39m
   [33m[2mÔ£ô[22m[39m MCPMarketplaceCard[2m > [22mshould render MCP name and description [33m 1440[2mms[22m[39m
   [32mÔ£ô[39m MCPMarketplaceCard[2m > [22mshould display author information[32m 224[2mms[22m[39m
   [32mÔ£ô[39m MCPMarketplaceCard[2m > [22mshould show install count formatted[32m 227[2mms[22m[39m
   [32mÔ£ô[39m MCPMarketplaceCard[2m > [22mshould format large install counts correctly[32m 182[2mms[22m[39m
[31m   [31m├ù[31m MCPMarketplaceCard[2m > [22mshould display rating[39m[33m 391[2mms[22m[39m
[31m     ÔåÆ Unable to find an element with the text: Ô¡É 4.5. This could be because the text is broken up by multiple elements. In this case, you can provide a function for your text matcher to make your matcher more flexible.

Ignored nodes: comments, script, style
[36m<body>[31m
  [36m<div>[31m
    [36m<div[31m
      [33mclass[31m=[32m"group relative overflow-hidden rounded-xl border border-border/50 bg-gradient-to-br from-background-secondary/80 to-background-tertiary/40 backdrop-blur-sm transition-all duration-300 hover:border-brand-500/40 hover:shadow-xl hover:shadow-brand-500/5 hover:-translate-y-1"[31m
    [36m>[31m
      [36m<div[31m
        [33mclass[31m=[32m"absolute top-4 right-4 flex gap-2 z-10"[31m
      [36m/>[31m
      [36m<div[31m
        [33mclass[31m=[32m"absolute inset-0 bg-gradient-to-br from-transparent via-transparent to-brand-500/5 opacity-0 group-hover:opacity-100 transition-opacity duration-300 pointer-events-none"[31m
      [36m/>[31m
      [36m<div[31m
        [33mclass[31m=[32m"relative p-6"[31m
      [36m>[31m
        [36m<div[31m
          [33mclass[31m=[32m"flex items-start gap-4 mb-5"[31m
        [36m>[31m
          [36m<div[31m
            [33mclass[31m=[32m"flex-shrink-0 w-14 h-14 flex items-center justify-center text-3xl bg-gradient-to-br from-background-tertiary to-background-primary rounded-xl border border-border/60 shadow-sm group-hover:shadow-md group-hover:scale-105 transition-all duration-300"[31m
          [36m>[31m
            [0m­ƒº¬[0m
          [36m</div>[31m
          [36m<div[31m
            [33mclass[31m=[32m"flex-1 min-w-0"[31m
          [36m>[31m
            [36m<div[31m
              [33mclass[31m=[32m"flex items-center gap-2 mb-2"[31m
            [36m>[31m
              [36m<h3[31m
                [33mclass[31m=[32m"text-lg font-bold text-foreground truncate group-hover:text-brand-400 transition-colors duration-200"[31m
              [36m>[31m
                [0mtest-mcp[0m
              [36m</h3>[31m
            [36m</div>[31m
            [36m<div[31m
              [33mclass[31m=[32m"flex items-center gap-3 text-sm text-foreground-secondary"[31m
            [36m>[31m
              [36m<span[31m
                [33mclass[31m=[32m"truncate font-medium"[31m
              [36m>[31m
                [0mby [0m
                [0mTest Author[0m
              [36m</span>[31m
              [36m<span[31m
                [33mclass[31m=[32m"text-foreground-tertiary"[31m
              [36m>[31m
                [0mÔÇó[0m
              [36m</span>[31m
              [36m<span[31m
                [33mclass[31m=[32m"flex items-center gap-1.5 px-2 py-1 bg-background-primary/50 rounded-md"[31m
              [36m>[31m
                [36m<div[31m
                  [33mdata-testid[31m=[32m"download-icon"[31m
                [36m/>[31m
                [36m<span[31m
                  [33mclass[31m=[32m"font-medium"[31m
                [36m>[31m
                  [0m1.5k[0m
                [36m</span>[31m
              [36m</span>[31m
              [36m<span[31m
                [33mclass[31m=[32m"text-foreground-tertiary"[31m
              [36m>[31m
                [0mÔÇó[0m
              [36m</span>[31m
              [36m<span[31m
                [33mclass[31m=[32m"flex items-center gap-1 px-2 py-1 bg-background-primary/50 rounded-md"[31m
              [36m>[31m
                [36m<span[31m
                  [33mclass[31m=[32m"text-yellow-400"[31m
                [36m>[31m
                  [0mÔ¡É[0m
                [36m</span>[31m
                [36m<span[31m
                  [33mclass[31m=[32m"font-medium"[31m
                [36m>[31m
                  [0m4.5[0m
                [36m</span>[31m
              [36m</span>[31m
            [36m</div>[31m
          [36m</div>[31m
        [36m</div>[31m
        [36m<p[31m
          [33mclass[31m=[32m"text-sm text-foreground-secondary mb-5 line-clamp-3 min-h-[3.5rem] leading-relaxed"[31m
        [36m>[31m
          [0mA test MCP server[0m
        [36m</p>[31m
        [36m<div[31m
          [33mclass[31m=[32m"flex flex-wrap gap-2 mb-6"[31m
        [36m>[31m
          [36m<span[31m
            [33mclass[31m=[32m"px-3 py-1.5 text-xs font-semibold rounded-lg border backdrop-blur-sm shadow-sm bg-blue-500/10 text-blue-400 border-blue-500/20"[31m
          [36m>[31m
            [0mbrowser[0m
          [36m</span>[31m
          [36m<span[31m
            [33mclass[31m=[32m"px-3 py-1.5 text-xs font-semibold rounded-lg border bg-background-primary/60 text-foreground-secondary border-border/60 backdrop-blur-sm shadow-sm"[31m
          [36m>[31m
            [0mSSE[0m
          [36m</span>[31m
        [36m</div>[31m
        [36m<div[31m
          [33mclass[31m=[32m"flex items-center gap-3"[31m
        [36m>[31m
          [36m<button[31m
            [33mclass[31m=[32m"w-fit p-2 text-sm rounded-md disabled:opacity-30 disabled:cursor-not-allowed cursor-pointer btn-lavender-hover luxury-glow bg-primary text-[#0D0F11] flex-1 h-11 font-semibold transition-all duration-200 hover:scale-[1.02] active:scale-[0.98]"[31m
            [33mtype[31m=[32m"button"[31m
          [36m>[31m
            [36m<div[31m
              [33mdata-testid[31m=[32m"download-icon"[31m
            [36m/>[31m
            [36m<span>[31m
              [0mInstall[0m
            [36m</span>[31m
          [36m</button>[31m
          [36m<button[31m
            [33maria-label[31m=[32m"View details"[31m
            [33mclass[31m=[32m"p-3 rounded-lg border border-border/60 bg-background-primary/60 hover:bg-background-primary hover:border-brand-500/50 transition-all duration-200 hover:scale-105 active:scale-95 backdrop-blur-sm shadow-sm"[31m
            [33mtype[31m=[32m"button"[31m
          [36m>[31m
            [36m<div[31m
              [33mdata-testid[31m=[32m"info-icon"[31m
            [36m/>[31m
          [36m</button>[31m
          [36m<a[31m
            [33maria-label[31m=[32m"Open homepage"[31m
            [33mclass[31m=[32m"p-3 rounded-lg border border-border/60 bg-background-primary/60 hover:bg-background-primary hover:border-brand-500/50 transition-all duration-200 hover:scale-105 active:scale-95 backdrop-blur-sm shadow-sm"[31m
            [33mhref[31m=[32m"https://github.com/test/mcp-server"[31m
            [33mrel[31m=[32m"noopener noreferrer"[31m
            [33mtarget[31m=[32m"_blank"[31m
          [36m>[31m
            [36m<div[31m
              [33mdata-testid[31m=[32m"external-link-icon"[31m
            [36m/>[31m
          [36m</a>[31m
        [36m</div>[31m
      [36m</div>[31m
    [36m</div>[31m
  [36m</div>[31m
[36m</body>[31m[39m
   [32mÔ£ô[39m MCPMarketplaceCard[2m > [22mshould show featured badge when featured[32m 262[2mms[22m[39m
   [32mÔ£ô[39m MCPMarketplaceCard[2m > [22mshould show popular badge when popular[32m 133[2mms[22m[39m
   [32mÔ£ô[39m MCPMarketplaceCard[2m > [22mshould show both badges when featured and popular[32m 163[2mms[22m[39m
[31m   [31m├ù[31m MCPMarketplaceCard[2m > [22mshould display category and type tags[39m[32m 147[2mms[22m[39m
[31m     ÔåÆ Unable to find an element with the text: NPM. This could be because the text is broken up by multiple elements. In this case, you can provide a function for your text matcher to make your matcher more flexible.

Ignored nodes: comments, script, style
[36m<body>[31m
  [36m<div>[31m
    [36m<div[31m
      [33mclass[31m=[32m"group relative overflow-hidden rounded-xl border border-border/50 bg-gradient-to-br from-background-secondary/80 to-background-tertiary/40 backdrop-blur-sm transition-all duration-300 hover:border-brand-500/40 hover:shadow-xl hover:shadow-brand-500/5 hover:-translate-y-1"[31m
    [36m>[31m
      [36m<div[31m
        [33mclass[31m=[32m"absolute top-4 right-4 flex gap-2 z-10"[31m
      [36m/>[31m
      [36m<div[31m
        [33mclass[31m=[32m"absolute inset-0 bg-gradient-to-br from-transparent via-transparent to-brand-500/5 opacity-0 group-hover:opacity-100 transition-opacity duration-300 pointer-events-none"[31m
      [36m/>[31m
      [36m<div[31m
        [33mclass[31m=[32m"relative p-6"[31m
      [36m>[31m
        [36m<div[31m
          [33mclass[31m=[32m"flex items-start gap-4 mb-5"[31m
        [36m>[31m
          [36m<div[31m
            [33mclass[31m=[32m"flex-shrink-0 w-14 h-14 flex items-center justify-center text-3xl bg-gradient-to-br from-background-tertiary to-background-primary rounded-xl border border-border/60 shadow-sm group-hover:shadow-md group-hover:scale-105 transition-all duration-300"[31m
          [36m>[31m
            [0m­ƒº¬[0m
          [36m</div>[31m
          [36m<div[31m
            [33mclass[31m=[32m"flex-1 min-w-0"[31m
          [36m>[31m
            [36m<div[31m
              [33mclass[31m=[32m"flex items-center gap-2 mb-2"[31m
            [36m>[31m
              [36m<h3[31m
                [33mclass[31m=[32m"text-lg font-bold text-foreground truncate group-hover:text-brand-400 transition-colors duration-200"[31m
              [36m>[31m
                [0mtest-mcp[0m
              [36m</h3>[31m
            [36m</div>[31m
            [36m<div[31m
              [33mclass[31m=[32m"flex items-center gap-3 text-sm text-foreground-secondary"[31m
            [36m>[31m
              [36m<span[31m
                [33mclass[31m=[32m"truncate font-medium"[31m
              [36m>[31m
                [0mby [0m
                [0mTest Author[0m
              [36m</span>[31m
              [36m<span[31m
                [33mclass[31m=[32m"text-foreground-tertiary"[31m
              [36m>[31m
                [0mÔÇó[0m
              [36m</span>[31m
              [36m<span[31m
                [33mclass[31m=[32m"flex items-center gap-1.5 px-2 py-1 bg-background-primary/50 rounded-md"[31m
              [36m>[31m
                [36m<div[31m
                  [33mdata-testid[31m=[32m"download-icon"[31m
                [36m/>[31m
                [36m<span[31m
                  [33mclass[31m=[32m"font-medium"[31m
                [36m>[31m
                  [0m1.5k[0m
                [36m</span>[31m
              [36m</span>[31m
              [36m<span[31m
                [33mclass[31m=[32m"text-foreground-tertiary"[31m
              [36m>[31m
                [0mÔÇó[0m
              [36m</span>[31m
              [36m<span[31m
                [33mclass[31m=[32m"flex items-center gap-1 px-2 py-1 bg-background-primary/50 rounded-md"[31m
              [36m>[31m
                [36m<span[31m
                  [33mclass[31m=[32m"text-yellow-400"[31m
                [36m>[31m
                  [0mÔ¡É[0m
                [36m</span>[31m
                [36m<span[31m
                  [33mclass[31m=[32m"font-medium"[31m
                [36m>[31m
                  [0m4.5[0m
                [36m</span>[31m
              [36m</span>[31m
            [36m</div>[31m
          [36m</div>[31m
        [36m</div>[31m
        [36m<p[31m
          [33mclass[31m=[32m"text-sm text-foreground-secondary mb-5 line-clamp-3 min-h-[3.5rem] leading-relaxed"[31m
        [36m>[31m
          [0mA test MCP server[0m
        [36m</p>[31m
        [36m<div[31m
          [33mclass[31m=[32m"flex flex-wrap gap-2 mb-6"[31m
        [36m>[31m
          [36m<span[31m
            [33mclass[31m=[32m"px-3 py-1.5 text-xs font-semibold rounded-lg border backdrop-blur-sm shadow-sm bg-blue-500/10 text-blue-400 border-blue-500/20"[31m
          [36m>[31m
            [0mbrowser[0m
          [36m</span>[31m
          [36m<span[31m
            [33mclass[31m=[32m"px-3 py-1.5 text-xs font-semibold rounded-lg border bg-background-primary/60 text-foreground-secondary border-border/60 backdrop-blur-sm shadow-sm"[31m
          [36m>[31m
            [0mSSE[0m
          [36m</span>[31m
        [36m</div>[31m
        [36m<div[31m
          [33mclass[31m=[32m"flex items-center gap-3"[31m
        [36m>[31m
          [36m<button[31m
            [33mclass[31m=[32m"w-fit p-2 text-sm rounded-md disabled:opacity-30 disabled:cursor-not-allowed cursor-pointer btn-lavender-hover luxury-glow bg-primary text-[#0D0F11] flex-1 h-11 font-semibold transition-all duration-200 hover:scale-[1.02] active:scale-[0.98]"[31m
            [33mtype[31m=[32m"button"[31m
          [36m>[31m
            [36m<div[31m
              [33mdata-testid[31m=[32m"download-icon"[31m
            [36m/>[31m
            [36m<span>[31m
              [0mInstall[0m
            [36m</span>[31m
          [36m</button>[31m
          [36m<button[31m
            [33maria-label[31m=[32m"View details"[31m
            [33mclass[31m=[32m"p-3 rounded-lg border border-border/60 bg-background-primary/60 hover:bg-background-primary hover:border-brand-500/50 transition-all duration-200 hover:scale-105 active:scale-95 backdrop-blur-sm shadow-sm"[31m
            [33mtype[31m=[32m"button"[31m
          [36m>[31m
            [36m<div[31m
              [33mdata-testid[31m=[32m"info-icon"[31m
            [36m/>[31m
          [36m</button>[31m
          [36m<a[31m
            [33maria-label[31m=[32m"Open homepage"[31m
            [33mclass[31m=[32m"p-3 rounded-lg border border-border/60 bg-background-primary/60 hover:bg-background-primary hover:border-brand-500/50 transition-all duration-200 hover:scale-105 active:scale-95 backdrop-blur-sm shadow-sm"[31m
            [33mhref[31m=[32m"https://github.com/test/mcp-server"[31m
            [33mrel[31m=[32m"noopener noreferrer"[31m
            [33mtarget[31m=[32m"_blank"[31m
          [36m>[31m
            [36m<div[31m
              [33mdata-testid[31m=[32m"external-link-icon"[31m
            [36m/>[31m
          [36m</a>[31m
        [36m</div>[31m
      [36m</div>[31m
    [36m</div>[31m
  [36m</div>[31m
[36m</body>[31m[39m
   [33m[2mÔ£ô[22m[39m MCPMarketplaceCard[2m > [22mshould call onInstall when install button is clicked [33m 2929[2mms[22m[39m
   [33m[2mÔ£ô[22m[39m MCPMarketplaceCard[2m > [22mshould show installed state when isInstalled is true [33m 679[2mms[22m[39m
   [33m[2mÔ£ô[22m[39m MCPMarketplaceCard[2m > [22mshould call onViewDetails when info button is clicked [33m 770[2mms[22m[39m
   [32mÔ£ô[39m MCPMarketplaceCard[2m > [22mshould render homepage link when available[32m 169[2mms[22m[39m
   [32mÔ£ô[39m MCPMarketplaceCard[2m > [22mshould not render homepage link when not available[32m 218[2mms[22m[39m
   [33m[2mÔ£ô[22m[39m MCPMarketplaceCard[2m > [22mshould display icon if provided [33m 322[2mms[22m[39m
   [32mÔ£ô[39m MCPMarketplaceCard[2m > [22mshould show default icon when icon not provided[32m 249[2mms[22m[39m
[31m   [31m├ù[31m MCPMarketplaceCard[2m > [22mshould apply hover styles[39m[33m 1574[2mms[22m[39m
[31m     ÔåÆ [2mexpect([22m[31mreceived[31m[2m).toBeInTheDocument()[22m

[31mreceived[31m value must be an HTMLElement or an SVGElement.
Received has type:  Null
Received has value: [31mnull[31m

Ignored nodes: comments, script, style
[36m<html>[31m
  [36m<head />[31m
  [36m<body>[31m
    [36m<div>[31m
      [36m<div[31m
        [33mclass[31m=[32m"group relative overflow-hidden rounded-xl border border-border/50 bg-gradient-to-br from-background-secondary/80 to-background-tertiary/40 backdrop-blur-sm transition-all duration-300 hover:border-brand-500/40 hover:shadow-xl hover:shadow-brand-500/5 hover:-translate-y-1"[31m
      [36m>[31m
        [36m<div[31m
          [33mclass[31m=[32m"absolute top-4 right-4 flex gap-2 z-10"[31m
        [36m/>[31m
        [36m<div[31m
          [33mclass[31m=[32m"absolute inset-0 bg-gradient-to-br from-transparent via-transparent to-brand-500/5 opacity-0 group-hover:opacity-100 transition-opacity duration-300 pointer-events-none"[31m
        [36m/>[31m
[90mstderr[2m | __tests__/routes/settings.test.tsx[2m > [22m[2mSettings 
Screen[2m > [22m[2mshould render the saas navbar
[22m[39mNo routes matched location "/settings/user" 
        [36m<div[31m

[90mstderr[2m | __tests__/routes/settings.test.tsx[2m > [22m[2mSettings 
Screen[2m > [22m[2mshould render the saas navbar
          [33mclass[31m=[32m"relative p-6"[31m
[22m[39mError handled by React Router default ErrorBoundary: 
ErrorResponseImpl {
  status: [33m404[39m,
        [36m>[31m
  statusText: [32m'Not Found'[39m,
  internal: [33mtrue[39m,
          [36m<div[31m
            [33mclass[31m=[32m"flex items-start gap-4 mb-5"[31m
  data: [32m'Error: No route matches URL "/settings/user"'[39m,
  error: Error: No route matches URL "/settings/user"
          [36m>[31m
            [36m<div[31m
      at getInternalRouterError [90m(file:///C:/Users/GIGABYTE/Desktop/Forge/f
rontend/[39mnode_modules/[4mreact-router[24m/dist/development/chunk-NISHYRIK
.mjs:4652:5[90m)[39m
      at handleNavigational404 [90m(file:///C:/Users/GIGABYTE/Desktop/Forge/fr
ontend/[39mnode_modules/[4mreact-router[24m/dist/development/chunk-NISHYRIK.
mjs:2556:17[90m)[39m
              [33mclass[31m=[32m"flex-shrink-0 w-14 h-14 flex items-center justify-center text-3xl bg-gradient-to-br from-background-tertiary to-background-primary rounded-xl border border-border/60 shadow-sm group-hover:shadow-md group-hover:scale-105 transition-all duration-300"[31m
            [36m>[31m
      at startNavigation [90m(file:///C:/Users/GIGABYTE/Desktop/Forge/frontend
/[39mnode_modules/[4mreact-router[24m/dist/development/chunk-NISHYRIK.mjs:14
46:47[90m)[39m
      at startRedirectNavigation [90m(file:///C:/Users/GIGABYTE/Desktop/Forge/
frontend/[39mnode_modules/[4mreact-router[24m/dist/development/chunk-NISHYRI
K.mjs:2313:13[90m)[39m
              [0m­ƒº¬[0m
            [36m</div>[31m
      at handleLoaders [90m(file:///C:/Users/GIGABYTE/Desktop/Forge/frontend/
[39mnode_modules/[4mreact-router[24m/dist/development/chunk-NISHYRIK.mjs:1822
:13[90m)[39m
      at startNavigation [90m(file:///C:/Users/GIGABYTE/Desktop/Forge/frontend
/[39mnode_modules/[4mreact-router[24m/dist/development/chunk-NISHYRIK.mjs:15
20:9[90m)[39m
}
            [36m<div[31m
              [33mclass[31m=[32m"flex-1 min-w-0"[31m

            [36m>[31m
              [36m<div[31m
                [33mclass[31m=[32m"flex items-center gap-2 mb-2"[31m
              [36m>[31m
                [36m<h3[31m
                  [33mclass[31m=[32m"text-lg font-bold text-foreground truncate group-hover:text-brand-400 transition-colors duration-200"[31m
                [36m>[31m
                  [0mtest-mcp[0m
                [36m</h3>[31m
              [36m</div>[31m
              [36m<div[31m
                [33mclass[31m=[32m"flex items-center gap-3 text-sm text-foreground-secondary"[31m
              [36m>[31m
                [36m<span[31m
                  [33mclass[31m=[32m"truncate font-medium"[31m
                [36m>[31m
                  [0mby [0m
                  [0mTest Author[0m
                [36m</span>[31m
                [36m<span[31m
                  [33mclass[31m=[32m"text-foreground-tertiary"[31m
                [36m>[31m
                  [0mÔÇó[0m
                [36m</span>[31m
                [36m<span[31m
                  [33mclass[31m=[32m"flex items-center gap-1.5 px-2 py-1 bg-background-primary/50 rounded-md"[31m
                [36m>[31m
                  [36m<div[31m
                    [33mdata-testid[31m=[32m"download-icon"[31m
                  [36m/>[31m
                  [36m<span[31m
                    [33mclass[31m=[32m"font-medium"[31m
                  [36m>[31m
                    [0m1.5k[0m
                  [36m</span>[31m
                [36m</span>[31m
                [36m<span[31m
                  [33mclass[31m=[32m"text-foreground-tertiary"[31m
                [36m>[31m
                  [0mÔÇó[0m
                [36m</span>[31m
                [36m<span[31m
                  [33mclass[31m=[32m"flex items-center gap-1 px-2 py-1 bg-background-primary/50 rounded-md"[31m
                [36m>[31m
                  [36m<span[31m
                    [33mclass[31m=[32m"text-yellow-400"[31m
                  [36m>[31m
                    [0mÔ¡É[0m
                  [36m</span>[31m
                  [36m<span[31m
                    [33mclass[31m=[32m"font-medium"[31m
                  [36m>[31m
                    [0m4.5[0m
                  [36m</span>[31m
                [36m</span>[31m
              [36m</div>[31m
            [36m</div>[31m
          [36m</div>[31m
          [36m<p[31m
            [33mclass[31m=[32m"text-sm text-foreground-secondary mb-5 line-clamp-3 min-h-[3.5rem] leading-relaxed"[31m
          [36m>[31m
            [0mA test MCP server[0m
          [36m</p>[31m
          [36m<div[31m
            [33mclass[31m=[32m"flex flex-wrap gap-2 mb-6"[31m
          [36m>[31m
            [36m<span[31m
              [33mclass[31m=[32m"px-3 py-1.5 text-xs font-semibold rounded-lg border backdrop-blur-sm shadow-sm bg-blue-500/10 text-blue-400 border-blue-500/20"[31m
            [36m>[31m
              [0mbrowser[0m
            [36m</span>[31m
            [36m<span[31m
              [33mclass[31m=[32m"px-3 py-1.5 text-xs font-semibold rounded-lg border bg-background-primary/60 text-foreground-secondary border-border/60 backdrop-blur-sm shadow-sm"[31m
            [36m>[31m
              [0mSSE[0m
            [36m</span>[31m
          [36m</div>[31m
          [36m<div[31m
            [33mclass[31m=[32m"flex items-center gap-3"[31m
          [36m>[31m
            [36m<button[31m
              [33mclass[31m=[32m"w-fit p-2 text-sm rounded-md disabled:opacity-30 disabled:cursor-not-allowed cursor-pointer btn-lavender-hover luxury-glow bg-primary text-[#0D0F11] flex-1 h-11 font-semibold transition-all duration-200 hover:scale-[1.02] active:scale-[0.98]"[31m
              [33mtype[31m=[32m"button"[31m
            [36m>[31m
              [36m<div[31m
                [33mdata-testid[31m=[32m"download-icon"[31m
              [36m/>[31m
              [36m<span>[31m
                [0mInstall[0m
              [36m</span>[31m
            [36m</button>[31m
            [36m<button[31m
              [33maria-label[31m=[32m"View details"[31m
              [33mclass[31m=[32m"p-3 rounded-lg border border-border/60 bg-background-primary/60 hover:bg-background-primary hover:border-brand-500/50 transition-all duration-200 hover:scale-105 active:scale-95 backdrop-blur-sm shadow-sm"[31m
              [33mtype[31m=[32m"button"[31m
            [36m>[31m
              [36m<div[31m
                [33mdata-testid[31m=[32m"info-icon"[31m
              [36m/>[31m
            [36m</button>[31m
            [36m<a[31m
              [33maria-label[31m=[32m"Open homepage"[31m
              [33mclass[31m=[32m"p-3 rounded-lg border border-border/60 bg-background-primary/60 hover:bg-background-primary hover:border-brand-500/50 transition-all duration-200 hover:scale-105 active:scale-95 backdrop-blur-sm shadow-sm"[31m
              [33mhref[31m=[32m"https://github.com/test/mcp-server"[31m
              [33mrel[31m=[32m"noopener noreferrer"[31m
              [33mtarget[31m=[32m"_blank"[31m
            [36m>[31m
              [36m<div[31m
                [33mdata-testid[31m=[32m"external-link-icon"[31m
              [36m/>[31m
            [36m</a>[31m
          [36m</div>[31m
        [36m</div>[31m
      [36m</div>[31m
    [36m</div>[31m
  [36m</body>[31m
[36m</html>[31m[39m
 [31mÔØ»[39m __tests__/api/file-service/file-service.api.test.ts [2m([22m[2m2 tests[22m[2m | [22m[31m2 failed[39m[2m)[22m[33m 11879[2mms[22m[39m
[31m   [31m├ù[31m Forge File API[2m > [22mshould get a list of files[39m[33m 5116[2mms[22m[39m
[31m     ÔåÆ Test timed out in 5000ms.
If this is a long-running test, pass a timeout value as the last argument or configure it globally with "testTimeout".[39m
[31m   [31m├ù[31m Forge File API[2m > [22mshould get content of a file[39m[33m 5035[2mms[22m[39m
[31m     ÔåÆ Test timed out in 5000ms.
If this is a long-running test, pass a timeout value as the last argument or configure it globally with "testTimeout".[39m
 [31mÔØ»[39m src/routes/__tests__/slack-settings.test.tsx [2m([22m[2m8 tests[22m[2m | [22m[31m1 failed[39m[2m)[22m[33m 14703[2mms[22m[39m
   [33m[2mÔ£ô[22m[39m SlackSettingsScreen[2m > [22mshould render loading state [33m 1784[2mms[22m[39m
   [33m[2mÔ£ô[22m[39m SlackSettingsScreen[2m > [22mshould display empty state when no workspaces installed [33m 1307[2mms[22m[39m
   [33m[2mÔ£ô[22m[39m SlackSettingsScreen[2m > [22mshould display installed workspaces [33m 1510[2mms[22m[39m
   [33m[2mÔ£ô[22m[39m SlackSettingsScreen[2m > [22mshould handle install button click [33m 2813[2mms[22m[39m
[31m   [31m├ù[31m SlackSettingsScreen[2m > [22mshould handle uninstall button click[39m[33m 2394[2mms[22m[39m
[31m     ÔåÆ expected "uninstallSlackWorkspace" to be called with arguments: [ 'T123' ][90m

Received: 

[1m  1st uninstallSlackWorkspace call:

[22m[2m  [[22m
[2m    "T123",[22m
[31m+   {[90m
[31m+     "client": QueryClient {},[90m
[31m+     "meta": undefined,[90m
[31m+     "mutationKey": undefined,[90m
[31m+   },[90m
[2m  ][22m
[31m[90m

Number of calls: [1m1[22m
[31m

Ignored nodes: comments, script, style
[36m<html>[31m
  [36m<head />[31m
  [36m<body>[31m
    [36m<div>[31m
      [36m<div[31m
        [33mclass[31m=[32m"px-11 py-9 flex flex-col gap-6"[31m
      [36m>[31m
        [36m<div[31m
          [33mclass[31m=[32m"flex items-center justify-between"[31m
        [36m>[31m
          [36m<div>[31m
            [36m<h1[31m
              [33mclass[31m=[32m"text-2xl font-semibold text-foreground"[31m
            [36m>[31m
              [0mSlack Integration[0m
            [36m</h1>[31m
            [36m<p[31m
              [33mclass[31m=[32m"text-foreground-secondary mt-1"[31m
            [36m>[31m
              [0mConnect your Slack workspace to use Forge from Slack threads[0m
            [36m</p>[31m
          [36m</div>[31m
          [36m<button[31m
            [33mclass[31m=[32m"w-fit p-2 text-sm rounded-md disabled:opacity-30 disabled:cursor-not-allowed cursor-pointer btn-lavender-hover luxury-glow transition-transform bg-primary text-[#0D0F11]"[31m
            [33mdata-testid[31m=[32m"install-slack-button"[31m
            [33mtype[31m=[32m"button"[31m
          [36m>[31m
            [36m<div[31m
              [33mdata-testid[31m=[32m"plus-icon"[31m
            [36m/>[31m
            [0mAdd to Slack[0m
          [36m</button>[31m
        [36m</div>[31m
        [36m<div[31m
          [33mclass[31m=[32m"rounded-lg border text-card-foreground shadow-sm p-6 bg-black border-violet-500/20"[31m
        [36m>[31m
          [36m<h2[31m
            [33mclass[31m=[32m"text-lg font-semibold text-foreground mb-4"[31m
          [36m>[31m
            [0mHow Slack Integration Works[0m
          [36m</h2>[31m
          [36m<div[31m
            [33mclass[31m=[32m"space-y-3 text-sm text-foreground-secondary"[31m
          [36m>[31m
            [36m<div[31m
              [33mclass[31m=[32m"flex items-start gap-3"[31m
            [36m>[31m
              [36m<div[31m
                [33mclass[31m=[32m"flex-shrink-0 w-6 h-6 rounded-full bg-brand-500 text-white flex items-center justify-center text-xs font-bold"[31m
              [36m>[31m
                [0m1[0m
              [36m</div>[31m
              [36m<div>[31m
                [36m<p[31m
                  [33mclass[31m=[32m"font-medium text-foreground"[31m
                [36m>[31m
                  [0mInstall the Forge app to your Slack workspace[0m
                [36m</p>[31m
                [36m<p>[31m
                  [0mClick "Add to Slack" above to start the OAuth flow[0m
                [36m</p>[31m
              [36m</div>[31m
            [36m</div>[31m
            [36m<div[31m
              [33mclass[31m=[32m"flex items-start gap-3"[31m
            [36m>[31m
              [36m<div[31m
                [33mclass[31m=[32m"flex-shrink-0 w-6 h-6 rounded-full bg-brand-500 text-white flex items-center justify-center text-xs font-bold"[31m
              [36m>[31m
                [0m2[0m
              [36m</div>[31m
              [36m<div>[31m
                [36m<p[31m
                  [33mclass[31m=[32m"font-medium text-foreground"[31m
                [36m>[31m
                  [0mMention @Forge in any channel or thread[0m
                [36m</p>[31m
                [36m<p>[31m
                  [0mThe bot will start a new Forge conversation[0m
                [36m</p>[31m
              [36m</div>[31m
            [36m</div>[31m
            [36m<div[31m
              [33mclass[31m=[32m"flex items-start gap-3"[31m
            [36m>[31m
              [36m<div[31m
                [33mclass[31m=[32m"flex-shrink-0 w-6 h-6 rounded-full bg-brand-500 text-white flex items-center justify-center text-xs font-bold"[31m
              [36m>[31m
                [0m3[0m
              [36m</div>[31m
              [36m<div>[31m
                [36m<p[31m
                  [33mclass[31m=[32m"font-medium text-foreground"[31m
                [36m>[31m
                  [0mGet real-time updates in the Slack thread[0m
                [36m</p>[31m
                [36m<p>[31m
                  [0mThe agent will post its thoughts, commands, and results directly to Slack[0m
                [36m</p>[31m
              [36m</div>[31m
            [36m</div>[31m
            [36m<div[31m
              [33mclass[31m=[32m"flex items-start gap-3"[31m
            [36m>[31m
              [36m<div[31m
                [33mclass[31m=[32m"flex-shrink-0 w-6 h-6 rounded-full bg-brand-500 text-white flex items-center justify-center text-xs font-bold"[31m
              [36m>[31m
                [0m4[0m
              [36m</div>[31m
              [36m<div>[31m
                [36m<p[31m
                  [33mclass[31m=[32m"font-medium text-foreground"[31m
                [36m>[31m
                  [0mReply in the thread to continue the conversation[0m
                [36m</p>[31m
                [36m<p>[31m
                  [0mNo need to @mention again - just type your message![0m
                [36m</p>[31m
              [36m</div>[31m
            [36m</div>[31m
          [36m</div>[31m
        [36m</div>[31m
        [36m<div>[31m
          [36m<h2[31m
            [33mclass[31m=[32m"text-lg font-semibold text-foreground mb-4"[31m
          [36m>[31m
            [0mInstalled Workspaces[0m
          [36m</h2>[31m
          [36m<div[31m
            [33mclass[31m=[32m"grid gap-4"[31m
          [36m>[31m
            [36m<div[31m
              [33mclass[31m=[32m"rounded-lg border text-card-foreground shadow-sm p-4 bg-black border-violet-500/20 hover:border-brand-500/30 transition-colors"[31m
            [36m>[31m
              [36m<div[31m
                [33mclass[31m=[32m"flex items-center justify-between"[31m
              [36m>[31m
                [36m<div[31m
                  [33mclass[31m=[32m"flex items-center gap-4"[31m
                [36m>[31m
                  [36m<div[31m
                    [33mclass[31m=[32m"flex-shrink-0 w-10 h-10 rounded bg-brand-500/20 flex items-center justify-center"[31m
                  [36m>[31m
                    [36m<span[31m
                      [33mclass[31m=[32m"text-2xl"[31m
                    [36m>[31m
                      [0m­ƒÆ¼[0m
                    [36m</span>[31m
                  [36m</div>[31m
                  [36m<div>[31m
                    [36m<h3[31m
                      [33mclass[31m=[32m"font-semibold text-foreground"[31m
                    [36m>[31m
                      [0mTest Workspace[0m
                    [36m</h3>[31m
                    [36m<p[31m
                      [33mclass[31m=[32m"text-sm text-foreground-secondary"[31m
                    [36m>[31m
                      [0mTeam ID: [0m
                      [0mT123[0m
                    [36m</p>[31m
                  [36m</div>[31m
                [36m</div>[31m
                [36m<div[31m
                  [33mclass[31m=[32m"flex items-center gap-3"[31m
                [36m>[31m
                  [36m<div[31m
                    [33mclass[31m=[32m"flex items-center gap-2 text-sm text-success-500"[31m
                  [36m>[31m
                    [36m<div[31m
                      [33mdata-testid[31m=[32m"check-circle-icon"[31m
                    [36m/>[31m
                    [36m<span>[31m
                      [0mActive[0m
                    [36m</span>[31m
                  [36m</div>[31m
                  [36m<button[31m
                    [33mclass[31m=[32m"w-fit p-2 text-sm rounded-md disabled:opacity-30 disabled:cursor-not-allowed cursor-pointer btn-lavender-hover luxury-glow transition-transform bg-red-600 text-white hover:bg-red-700"[31m
                    [33mdata-testid[31m=[32m"uninstall-slack-T123"[31m
                    [33mtype[31m=[32m"button"[31m
                  [36m>[31m
                    [36m<div[31m
                      [33mdata-testid[31m=[32m"trash-icon"[31m
                    [36m/>[31m
                    [0mUninstall[0m
                  [36m</button>[31m
                [36m</div>[31m
              [36m</div>[31m
            [36m</div>[31m
          [36m</div>[31m
        [36m</div>[31m
        [36m<div[31m
          [33mclass[31m=[32m"rounded-lg border text-card-foreground shadow-sm p-6 bg-black border-violet-500/20"[31m
        [36m>[31m
          [36m<h3[31m
            [33mclass[31m=[32m"text-sm font-semibold text-foreground mb-3"[31m
          [36m>[31m
            [0mSetup Instructions[0m
          [36m</h3>[31m
          [36m<div[31m
            [33mclass[31m=[32m"space-y-3 text-sm text-foreground-secondary"[31m
          [36m>[31m
            [36m<p>[31m
              [0mTo enable Slack integration, administrators need to configure the following environment variables on the server:[0m
            [36m</p>[31m
            [36m<ul[31m
              [33mclass[31m=[32m"list-disc list-inside space-y-1 ml-2"[31m
            [36m>[31m
              [36m<li>[31m
                [36m<code[31m
                  [33mclass[31m=[32m"text-xs bg-background px-1 py-0.5 rounded"[31m
                [36m>[31m
                  [0mSLACK_CLIENT_ID[0m
                [36m</code>[31m
              [36m</li>[31m
              [36m<li>[31m
                [36m<code[31m
                  [33mclass[31m=[32m"text-xs bg-background px-1 py-0.5 rounded"[31m
                [36m>[31m
                  [0mSLACK_CLIENT_SECRET[0m
                [36m</code>[31m
              [36m</li>[31m
              [36m<li>[31m
                [36m<code[31m
                  [33mclass[31m=[32m"text-xs bg-background px-1 py-0.5 rounded"[31m
                [36m>[31m
                  [0mSLACK_SIGNING_SECRET[0m
                [36m</code>[31m
              [36m</li>[31m
            [36m</ul>[31m
            [36m<p[31m
              [33mclass[31m=[32m"mt-3"[31m
            [36m>[31m
              [0mGet these credentials by creating a Slack app:[0m
            [36m</p>[31m
            [36m<a[31m
              [33mclass[31m=[32m"text-brand-500 hover:underline flex items-center gap-1"[31m
              [33mhref[31m=[32m"https://api.slack.com/apps"[31m
              [33mrel[31m=[32m"noopener noreferrer"[31m
              [33mtarget[31m=[32m"_blank"[31m
            [36m>[31m
              [0mCreate a Slack app [0m
              [36m<div[31m
                [33mdata-testid[31m=[32m"external-link-icon"[31m
              [36m/>[31m
            [36m</a>[31m
          [36m</div>[31m
        [36m</div>[31m
        [36m<div[31m
          [33mclass[31m=[32m"rounded-lg border text-card-foreground shadow-sm p-6 bg-black border-violet-500/20"[31m
        [36m>[31m
          [36m<h3[31m
            [33mclass[31m=[32m"text-sm font-semibold text-foreground mb-3"[31m
          [36m>[31m
            [0mFeatures[0m
          [36m</h3>[31m
          [36m<ul[31m
            [33mclass[31m=[32m"space-y-2 text-sm text-foreground-secondary"[31m
          [36m>[31m
            [36m<li[31m
              [33mclass[31m=[32m"flex items-start gap-2"[31m
            [36m>[31m
              [36m<div[31m
                [33mdata-testid[31m=[32m"check-circle-icon"[31m
              [36m/>[31m
              [36m<span>[31m
                [0mStart conversations with @Forge mentions[0m
              [36m</span>[31m
            [36m</li>[31m
            [36m<li[31m
              [33mclass[31m=[32m"flex items-start gap-2"[31m
            [36m>[31m
              [36m<div[31m
                [33mdata-testid[31m=[32m"check-circle-icon"[31m
              [36m/>[31m
              [36m<span>[31m
                [0mContinue conversations by replying in threads (no @mention needed)[0m
              [36m</span>[31m
            [36m</li>[31m
            [36m<li[31m
              [33mclass[31m=[32m"flex items-start gap-2"[31m
            [36m>[31m
              [36m<div[31m
                [33mdata-testid[31m=[32m"check-circle-icon"[31m
              [36m/>[31m
              [36m<span>[31m
                [0mReal-time agent updates posted to Slack[0m
              [36m</span>[31m
            [36m</li>[31m
            [36m<li[31m
              [33mclass[31m=[32m"flex items-start gap-2"[31m
            [36m>[31m
              [36m<div[31m
                [33mdata-testid[31m=[32m"check-circle-icon"[31m
              [36m/>[31m
              [36m<span>[31m
                [0mView agent thoughts, commands, and results in Slack[0m
              [36m</span>[31m
            [36m</li>[31m
            [36m<li[31m
              [33mclass[31m=[32m"flex items-start gap-2"[31m
            [36m>[31m
              [36m<div[31m
                [33mdata-testid[31m=[32m"check-circle-icon"[31m
              [36m/>[31m
              [36m<span>[31m
                [0mSeamlessly switch between Slack and web UI[0m
              [36m</span>[31m
            [36m</li>[31m
          [36m</ul>[31m
        [36m</div>[31m
      [36m</div>[31m
    [36m</div>[31m
  [36m</body>[31m
[36m</html>[31m[39m
   [33m[2mÔ£ô[22m[39m SlackSettingsScreen[2m > [22mshould show setup instructions [33m 451[2mms[22m[39m
   [33m[2mÔ£ô[22m[39m SlackSettingsScreen[2m > [22mshould show how it works guide [33m 593[2mms[22m[39m
   [33m[2mÔ£ô[22m[39m SlackSettingsScreen[2m > [22mshould show features list [33m 394[2mms[22m[39m
 [31mÔØ»[39m __tests__/routes/settings.test.tsx [2m([22m[2m4 tests[22m[2m | [22m[31m2 failed[39m[2m | [22m[33m1 skipped[39m[2m)[22m[33m 11004[2mms[22m[39m
[31m   [31m├ù[31m Settings Screen[2m > [22mshould render the navbar[39m[33m 2247[2mms[22m[39m
[31m     ÔåÆ Unable to find role="navigation"

Ignored nodes: comments, script, style
[36m<body>[31m
  [36m<div />[31m
[36m</body>[31m

Ignored nodes: comments, script, style
[36m<body>[31m
  [36m<div />[31m
[36m</body>[31m[39m
[31m   [31m├ù[31m Settings Screen[2m > [22mshould render the saas navbar[39m[33m 1232[2mms[22m[39m
[31m     ÔåÆ Unable to find role="navigation"

Ignored nodes: comments, script, style
[36m<body>[31m
  [36m<div>[31m
    [36m<h2>[31m
      [0mUnexpected Application Error![0m
    [36m</h2>[31m
    [36m<h3[31m
      [33mstyle[31m=[32m"font-style: italic;"[31m
    [36m>[31m
      [0m404 Not Found[0m
    [36m</h3>[31m
    [36m<p>[31m
      [0m­ƒÆ┐ Hey developer ­ƒæï[0m
    [36m</p>[31m
    [36m<p>[31m
      [0mYou can provide a way better UX than this when your app throws errors by providing your own [0m
      [36m<code[31m
        [33mstyle[31m=[32m"padding: 2px 4px; background-color: rgba(200, 200, 200, 0.5);"[31m
      [36m>[31m
        [0mErrorBoundary[0m
      [36m</code>[31m
      [0m or[0m
      [0m [0m
      [36m<code[31m
        [33mstyle[31m=[32m"padding: 2px 4px; background-color: rgba(200, 200, 200, 0.5);"[31m
      [36m>[31m
        [0merrorElement[0m
      [36m</code>[31m
      [0m prop on your route.[0m
    [36m</p>[31m
  [36m</div>[31m
[36m</body>[31m

Ignored nodes: comments, script, style
[36m<body>[31m
  [36m<div>[31m
    [36m<h2>[31m
      [0mUnexpected Application Error![0m
    [36m</h2>[31m
[90mstderr[2m | __tests__/components/features/home/task-card.test.tsx[2m > 
[22m[2mTaskCard[2m > [22m[2mcreating suggested task conversation[2m > 
[22m[2mshould call create conversation with suggest task trigger and 
selected suggested task
[22m[39mAn update to TaskCard inside a test was not wrapped in act(...).
    [36m<h3[31m
      [33mstyle[31m=[32m"font-style: italic;"[31m

When testing, code that causes React state updates should be wrapped into 
act(...):
    [36m>[31m
      [0m404 Not Found[0m

act(() => {
    [36m</h3>[31m
    [36m<p>[31m
  /* fire events that update state */
});
      [0m­ƒÆ┐ Hey developer ­ƒæï[0m
    [36m</p>[31m
/* assert on the output */

    [36m<p>[31m
      [0mYou can provide a way better UX than this when your app throws errors by providing your own [0m
This ensures that you're testing the behavior the user would see in the 
browser. Learn more at https://react.dev/link/wrap-tests-with-act
      [36m<code[31m
An update to TaskCard inside a test was not wrapped in act(...).

        [33mstyle[31m=[32m"padding: 2px 4px; background-color: rgba(200, 200, 200, 0.5);"[31m
      [36m>[31m
When testing, code that causes React state updates should be wrapped into 
act(...):

        [0mErrorBoundary[0m
      [36m</code>[31m
act(() => {
  /* fire events that update state */
      [0m or[0m
});
/* assert on the output */
      [0m [0m
      [36m<code[31m

This ensures that you're testing the behavior the user would see in the 
browser. Learn more at https://react.dev/link/wrap-tests-with-act
        [33mstyle[31m=[32m"padding: 2px 4px; background-color: rgba(200, 200, 200, 0.5);"[31m
      [36m>[31m

[90mstderr[2m | __tests__/routes/app-settings.test.tsx[2m > [22m[2mForm 
submission[2m > [22m[2mshould call handleCaptureConsents with true when the 
analytics switch is toggled
        [0merrorElement[0m
      [36m</code>[31m
[22m[39mAn update to AppSettingsScreen inside a test was not wrapped in 
act(...).

      [0m prop on your route.[0m
    [36m</p>[31m
When testing, code that causes React state updates should be wrapped into 
act(...):

  [36m</div>[31m
[36m</body>[31m[39m
act(() => {
  /* fire events that update state */
   [33m[2mÔ£ô[22m[39m Settings Screen[2m > [22mshould not be able to access saas-only routes in oss mode [33m 2685[2mms[22m[39m
   [2m[90mÔåô[39m[22m Settings Screen[2m > [22mshould not be able to access oss-only routes in saas mode
});
/* assert on the output */
[90mstdout[2m | __tests__/components/features/chat/launch-microagent-modal.test.tsx[2m > [22m[2mLaunchMicroagentModal[2m > [22m[2mshould call onClose when pressing the cancel button
[22m[39mClick outside detected, closing dropdown


[90mstdout[2m | __tests__/components/features/chat/launch-microagent-modal.test.tsx[2m > [22m[2mLaunchMicroagentModal[2m > [22m[2mshould display the list of microagent files from the hook
This ensures that you're testing the behavior the user would see in the 
browser. Learn more at https://react.dev/link/wrap-tests-with-act
An update to AppSettingsScreen inside a test was not wrapped in act(...).
[22m[39mButton click event: file1
Dropdown item clicked: file1 file1

When testing, code that causes React state updates should be wrapped into 
act(...):

[90mstdout[2m | __tests__/components/features/chat/launch-microagent-modal.test.tsx[2m > [22m[2mLaunchMicroagentModal[2m > [22m[2mshould call onLaunch with the form data

act(() => {
[22m[39mClick outside detected, closing dropdown
  /* fire events that update state */

});
/* assert on the output */

[90mstdout[2m | __tests__/components/features/chat/launch-microagent-modal.test.tsx[2m > [22m[2mLaunchMicroagentModal[2m > [22m[2mshould call onLaunch with the form data
[22m[39mClick outside detected, closing dropdown
This ensures that you're testing the behavior the user would see in the 
browser. Learn more at https://react.dev/link/wrap-tests-with-act
An update to AppSettingsScreen inside a test was not wrapped in act(...).

 [31mÔØ»[39m __tests__/components/features/home/task-card.test.tsx [2m([22m[2m5 tests[22m[2m | [22m[31m2 failed[39m[2m)[22m[33m 25162[2mms[22m[39m

When testing, code that causes React state updates should be wrapped into 
act(...):
   [33m[2mÔ£ô[22m[39m TaskCard[2m > [22mformat the issue id [33m 2389[2mms[22m[39m
[31m   [31m├ù[31m TaskCard[2m > [22mshould call createConversation when clicking the launch button[39m[33m 8546[2mms[22m[39m

act(() => {
[31m     ÔåÆ Test timed out in 5000ms.
  /* fire events that update state */
});
If this is a long-running test, pass a timeout value as the last argument or configure it globally with "testTimeout".[39m
/* assert on the output */

   [33m[2mÔ£ô[22m[39m TaskCard[2m > [22mcreating suggested task conversation[2m > [22mshould call create conversation with suggest task trigger and selected suggested task [33m 3032[2mms[22m[39m
This ensures that you're testing the behavior the user would see in the 
browser. Learn more at https://react.dev/link/wrap-tests-with-act

   [33m[2mÔ£ô[22m[39m TaskCard[2m > [22mshould disable the launch button and update text content when creating a conversation [33m 2661[2mms[22m[39m
[31m   [31m├ù[31m TaskCard[2m > [22mshould navigate to the conversation page after creating a conversation[39m[33m 1707[2mms[22m[39m
[31m     ÔåÆ Unable to find an element by: [data-testid="conversation-screen"]

Ignored nodes: comments, script, style
[36m<body>[31m
  [36m<div>[31m
    [36m<li[31m
      [33mclass[31m=[32m"py-3 border-b border-grey-500 flex items-center pr-6 last:border-b-0"[31m
    [36m>[31m
      [36m<a[31m
        [33mdata-testid[31m=[32m"task-id"[31m
        [33mhref[31m=[32m"https://github.com/repo1/pull/123"[31m
        [33mrel[31m=[32m"noopener noreferrer"[31m
        [33mtarget[31m=[32m"_blank"[31m
      [36m>[31m
        [0m#[0m
        [36m<span[31m
          [33mclass[31m=[32m"underline underline-offset-2"[31m
        [36m>[31m
          [0m123[0m
        [36m</span>[31m
      [36m</a>[31m
      [36m<div[31m
        [33mclass[31m=[32m"w-full pl-8"[31m
      [36m>[31m
        [36m<p[31m
          [33mclass[31m=[32m"font-semibold"[31m
        [36m>[31m
          [0mHOME$RESOLVE_MERGE_CONFLICTS[0m
        [36m</p>[31m
        [36m<p>[31m
          [0mTask 1[0m
        [36m</p>[31m
      [36m</div>[31m
      [36m<button[31m
        [33mclass[31m=[32m"underline underline-offset-2 disabled:opacity-80"[31m
        [33mdata-testid[31m=[32m"task-launch-button"[31m
        [33mtype[31m=[32m"button"[31m
      [36m>[31m
        [0mHOME$LAUNCH[0m
      [36m</button>[31m
    [36m</li>[31m
  [36m</div>[31m
[36m</body>[31m

Ignored nodes: comments, script, style
[36m<body>[31m
  [36m<div>[31m
    [36m<li[31m
      [33mclass[31m=[32m"py-3 border-b border-grey-500 flex items-center pr-6 last:border-b-0"[31m
    [36m>[31m
      [36m<a[31m
        [33mdata-testid[31m=[32m"task-id"[31m
        [33mhref[31m=[32m"https://github.com/repo1/pull/123"[31m
        [33mrel[31m=[32m"noopener noreferrer"[31m
        [33mtarget[31m=[32m"_blank"[31m
      [36m>[31m
        [0m#[0m
        [36m<span[31m
          [33mclass[31m=[32m"underline underline-offset-2"[31m
        [36m>[31m
          [0m123[0m
        [36m</span>[31m
      [36m</a>[31m
      [36m<div[31m
        [33mclass[31m=[32m"w-full pl-8"[31m
      [36m>[31m
        [36m<p[31m
          [33mclass[31m=[32m"font-semibold"[31m
        [36m>[31m
          [0mHOME$RESOLVE_MERGE_CONFLICTS[0m
        [36m</p>[31m
        [36m<p>[31m
          [0mTask 1[0m
        [36m</p>[31m
      [36m</div>[31m
      [36m<button[31m
        [33mclass[31m=[32m"underline underline-offset-2 disabled:opacity-80"[31m
        [33mdata-testid[31m=[32m"task-launch-button"[31m
        [33mtype[31m=[32m"button"[31m
      [36m>[31m
        [0mHOME$LAUNCH[0m
      [36m</button>[31m
    [36m</li>[31m
  [36m</div>[31m
[36m</body>[31m[39m
 [31mÔØ»[39m __tests__/components/features/chat/launch-microagent-modal.test.tsx [2m([22m[2m7 tests[22m[2m | [22m[31m2 failed[39m[2m)[22m[33m 29455[2mms[22m[39m
[31m   [31m├ù[31m LaunchMicroagentModal[2m > [22mshould render the launch microagent modal[39m[33m 6830[2mms[22m[39m
[31m     ÔåÆ Test timed out in 5000ms.
If this is a long-running test, pass a timeout value as the last argument or configure it globally with "testTimeout".[39m
   [33m[2mÔ£ô[22m[39m LaunchMicroagentModal[2m > [22mshould render the form fields [33m 2609[2mms[22m[39m
   [33m[2mÔ£ô[22m[39m LaunchMicroagentModal[2m > [22mshould call onClose when pressing the cancel button [33m 2317[2mms[22m[39m
   [33m[2mÔ£ô[22m[39m LaunchMicroagentModal[2m > [22mshould display the prompt from the hook [33m 1120[2mms[22m[39m
   [33m[2mÔ£ô[22m[39m LaunchMicroagentModal[2m > [22mshould display the list of microagent files from the hook [33m 3144[2mms[22m[39m
[31m   [31m├ù[31m LaunchMicroagentModal[2m > [22mshould call onLaunch with the form data[39m[33m 5189[2mms[22m[39m
[31m     ÔåÆ Test timed out in 5000ms.
If this is a long-running test, pass a timeout value as the last argument or configure it globally with "testTimeout".[39m
   [33m[2mÔ£ô[22m[39m LaunchMicroagentModal[2m > [22mshould disable the launch button if isLoading is true [33m 1434[2mms[22m[39m
 [31mÔØ»[39m __tests__/components/shared/modals/settings/settings-form.test.tsx [2m([22m[2m1 test[22m[2m | [22m[31m1 failed[39m[2m)[22m[33m 19445[2mms[22m[39m
[31m   [31m├ù[31m SettingsForm[2m > [22mshould save the user settings and close the modal when the form is submitted[39m[33m 12294[2mms[22m[39m
[31m     ÔåÆ Test timed out in 5000ms.
If this is a long-running test, pass a timeout value as the last argument or configure it globally with "testTimeout".[39m
 [31mÔØ»[39m __tests__/components/interactive-chat-box.test.tsx [2m([22m[2m8 tests[22m[2m | [22m[33m8 skipped[39m[2m)[22m[33m 10208[2mms[22m[39m
   [2m[90mÔåô[39m[22m InteractiveChatBox[2m > [22mshould render
   [2m[90mÔåô[39m[22m InteractiveChatBox[2m > [22mshould set custom values
   [2m[90mÔåô[39m[22m InteractiveChatBox[2m > [22mshould display the image previews when images are uploaded
   [2m[90mÔåô[39m[22m InteractiveChatBox[2m > [22mshould remove the image preview when the close button is clicked
   [2m[90mÔåô[39m[22m InteractiveChatBox[2m > [22mshould call onSubmit with the message and images
   [2m[90mÔåô[39m[22m InteractiveChatBox[2m > [22mshould disable the submit button
   [2m[90mÔåô[39m[22m InteractiveChatBox[2m > [22mshould display the stop button if set and call onStop when clicked
   [2m[90mÔåô[39m[22m InteractiveChatBox[2m > [22mshould handle image upload and message submission correctly
[90mstdout[2m | __tests__/routes/app-settings.test.tsx[2m > [22m[2mForm submission[2m > [22m[2mshould call handleCaptureConsents with false when the analytics switch is toggled
[22m[39mClick outside detected, closing dropdown

[90mstdout[2m | __tests__/routes/app-settings.test.tsx[2m > [22m[2mForm submission[2m > [22m[2mshould call handleCaptureConsents with false when the analytics switch is toggled
[22m[39mClick outside detected, closing dropdown

[90mstdout[2m | __tests__/routes/app-settings.test.tsx[2m > [22m[2mForm submission[2m > [22m[2mshould call handleCaptureConsents with false when the analytics switch is toggled
[22m[39m[useSaveSettings] Optimistic update: {
  LANGUAGE: [32m'en'[39m,
  user_consents_to_analytics: [33mfalse[39m,
  ENABLE_SOUND_NOTIFICATIONS: [33mfalse[39m,
  ENABLE_PROACTIVE_CONVERSATION_STARTERS: [33mfalse[39m,
  ENABLE_SOLVABILITY_ANALYSIS: [33mfalse[39m,
  MAX_BUDGET_PER_TASK: [1mnull[22m,
  GIT_USER_NAME: [32m'Forge'[39m,
  GIT_USER_EMAIL: [32m'Forge@all-hands.dev'[39m
}

[90mstdout[2m | __tests__/routes/app-settings.test.tsx[2m > [22m[2mForm submission[2m > [22m[2mshould call handleCaptureConsents with false when the analytics switch is toggled
[22m[39m[useSaveSettings] Sending to backend: {
  llm_model: [32m'Forge/claude-sonnet-4-20250514'[39m,
  llm_base_url: [32m''[39m,
  agent: [32m'CodeActAgent'[39m,
  language: [32m'en'[39m,
  confirmation_mode: [33mfalse[39m,
  security_analyzer: [32m'llm'[39m,
  llm_api_key: [90mundefined[39m,
  remote_runtime_resource_factor: [33m1[39m,
  enable_default_condenser: [33mtrue[39m,
  condenser_max_size: [33m120[39m,
  enable_sound_notifications: [33mfalse[39m,
  user_consents_to_analytics: [33mfalse[39m,
  provider_tokens_set: {},
  mcp_config: [90mundefined[39m,
  enable_proactive_conversation_starters: [33mfalse[39m,
  enable_solvability_analysis: [33mfalse[39m,
  search_api_key: [32m''[39m,
  max_budget_per_task: [1mnull[22m,
  git_user_name: [32m'Forge'[39m,
  git_user_email: [32m'Forge@all-hands.dev'[39m,
  llm_temperature: [1mnull[22m,
  llm_top_p: [1mnull[22m,
  llm_max_output_tokens: [1mnull[22m,
  llm_timeout: [1mnull[22m,
  llm_num_retries: [1mnull[22m,
  llm_caching_prompt: [1mnull[22m,
  llm_disable_vision: [1mnull[22m,
  llm_custom_llm_provider: [1mnull[22m,
  autonomy_level: [32m'balanced'[39m,
  enable_permissions: [33mtrue[39m,
  enable_checkpoints: [33mtrue[39m
}
[useSaveSettings] autonomy_level specifically: balanced

[90mstdout[2m | __tests__/routes/app-settings.test.tsx[2m > [22m[2mForm submission[2m > [22m[2mshould call handleCaptureConsents with false when the analytics switch is toggled
[22m[39m[useSaveSettings] Settings saved successfully, keeping optimistic update

[90mstdout[2m | __tests__/routes/app-settings.test.tsx[2m > [22m[2mForm submission[2m > [22m[2mshould disable the button after submitting changes
[22m[39mClick outside detected, closing dropdown

[90mstdout[2m | __tests__/routes/app-settings.test.tsx[2m > [22m[2mForm submission[2m > [22m[2mshould disable the button after submitting changes
[22m[39mClick outside detected, closing dropdown

[90mstdout[2m | __tests__/routes/app-settings.test.tsx[2m > [22m[2mForm submission[2m > [22m[2mshould disable the button after submitting changes
[22m[39m[useSaveSettings] Optimistic update: {
  LANGUAGE: [32m'en'[39m,
  user_consents_to_analytics: [33mfalse[39m,
  ENABLE_SOUND_NOTIFICATIONS: [33mtrue[39m,
  ENABLE_PROACTIVE_CONVERSATION_STARTERS: [33mfalse[39m,
  ENABLE_SOLVABILITY_ANALYSIS: [33mfalse[39m,
  MAX_BUDGET_PER_TASK: [1mnull[22m,
  GIT_USER_NAME: [32m'Forge'[39m,
  GIT_USER_EMAIL: [32m'Forge@all-hands.dev'[39m
}

[90mstdout[2m | __tests__/routes/app-settings.test.tsx[2m > [22m[2mForm submission[2m > [22m[2mshould disable the button after submitting changes
[22m[39m[useSaveSettings] Sending to backend: {
  llm_model: [32m'Forge/claude-sonnet-4-20250514'[39m,
  llm_base_url: [32m''[39m,
  agent: [32m'CodeActAgent'[39m,
  language: [32m'en'[39m,
  confirmation_mode: [33mfalse[39m,
  security_analyzer: [32m'llm'[39m,
  llm_api_key: [90mundefined[39m,
  remote_runtime_resource_factor: [33m1[39m,
  enable_default_condenser: [33mtrue[39m,
  condenser_max_size: [33m120[39m,
  enable_sound_notifications: [33mtrue[39m,
  user_consents_to_analytics: [33mfalse[39m,
  provider_tokens_set: {},
  mcp_config: [90mundefined[39m,
  enable_proactive_conversation_starters: [33mfalse[39m,
  enable_solvability_analysis: [33mfalse[39m,
  search_api_key: [32m''[39m,
  max_budget_per_task: [1mnull[22m,
  git_user_name: [32m'Forge'[39m,
  git_user_email: [32m'Forge@all-hands.dev'[39m,
  llm_temperature: [1mnull[22m,
  llm_top_p: [1mnull[22m,
  llm_max_output_tokens: [1mnull[22m,
  llm_timeout: [1mnull[22m,
  llm_num_retries: [1mnull[22m,
  llm_caching_prompt: [1mnull[22m,
  llm_disable_vision: [1mnull[22m,
  llm_custom_llm_provider: [1mnull[22m,
  autonomy_level: [32m'balanced'[39m,
  enable_permissions: [33mtrue[39m,
  enable_checkpoints: [33mtrue[39m
}
[useSaveSettings] autonomy_level specifically: balanced

[90mstdout[2m | __tests__/routes/app-settings.test.tsx[2m > [22m[2mForm submission[2m > [22m[2mshould disable the button after submitting changes
[22m[39m[useSaveSettings] Settings saved successfully, keeping optimistic update

 [31mÔØ»[39m __tests__/routes/home-screen.test.tsx [2m([22m[2m11 tests[22m[2m | [22m[33m11 skipped[39m[2m)[22m[33m 10112[2mms[22m[39m
   [2m[90mÔåô[39m[22m HomeScreen[2m > [22mshould render
   [2m[90mÔåô[39m[22m HomeScreen[2m > [22mshould not render the suggested tasks section (removed)
   [2m[90mÔåô[39m[22m HomeScreen[2m > [22mshould have responsive layout for mobile and desktop screens
   [2m[90mÔåô[39m[22m HomeScreen[2m > [22mlaunch buttons[2m > [22mshould disable the other launch buttons when the header launch button is clicked
   [2m[90mÔåô[39m[22m HomeScreen[2m > [22mlaunch buttons[2m > [22mshould disable the other launch buttons when the repo launch button is clicked
   [2m[90mÔåô[39m[22m HomeScreen[2m > [22mlaunch buttons[2m > [22mshould disable the other launch buttons when any task launch button is clicked
   [2m[90mÔåô[39m[22m HomeScreen[2m > [22mshould hide the suggested tasks section if not authed with git(hub|lab)
   [2m[90mÔåô[39m[22m Settings 404[2m > [22mshould open the settings modal if GET /settings fails with a 404
   [2m[90mÔåô[39m[22m Settings 404[2m > [22mshould navigate to the settings screen when clicking the advanced settings button
   [2m[90mÔåô[39m[22m Settings 404[2m > [22mshould not open the settings modal if GET /settings fails but is SaaS mode
   [2m[90mÔåô[39m[22m Setup Payment modal[2m > [22mshould only render if SaaS mode and is new user
[90mstdout[2m | __tests__/routes/app-settings.test.tsx[2m > [22m[2mStatus toasts[2m > [22m[2mshould call displaySuccessToast when the settings are saved
[22m[39mClick outside detected, closing dropdown

[90mstdout[2m | __tests__/routes/app-settings.test.tsx[2m > [22m[2mStatus toasts[2m > [22m[2mshould call displaySuccessToast when the settings are saved
[22m[39mClick outside detected, closing dropdown

[90mstdout[2m | __tests__/routes/app-settings.test.tsx[2m > [22m[2mStatus toasts[2m > [22m[2mshould call displaySuccessToast when the settings are saved
[22m[39m[useSaveSettings] Optimistic update: {
  LANGUAGE: [32m'en'[39m,
  user_consents_to_analytics: [33mfalse[39m,
  ENABLE_SOUND_NOTIFICATIONS: [33mtrue[39m,
  ENABLE_PROACTIVE_CONVERSATION_STARTERS: [33mfalse[39m,
  ENABLE_SOLVABILITY_ANALYSIS: [33mfalse[39m,
  MAX_BUDGET_PER_TASK: [1mnull[22m,
  GIT_USER_NAME: [32m'Forge'[39m,
  GIT_USER_EMAIL: [32m'Forge@all-hands.dev'[39m
}

[90mstdout[2m | __tests__/routes/app-settings.test.tsx[2m > [22m[2mStatus toasts[2m > [22m[2mshould call displaySuccessToast when the settings are saved
[22m[39m[useSaveSettings] Sending to backend: {
  llm_model: [32m'Forge/claude-sonnet-4-20250514'[39m,
  llm_base_url: [32m''[39m,
  agent: [32m'CodeActAgent'[39m,
  language: [32m'en'[39m,
  confirmation_mode: [33mfalse[39m,
  security_analyzer: [32m'llm'[39m,
  llm_api_key: [90mundefined[39m,
  remote_runtime_resource_factor: [33m1[39m,
  enable_default_condenser: [33mtrue[39m,
  condenser_max_size: [33m120[39m,
  enable_sound_notifications: [33mtrue[39m,
  user_consents_to_analytics: [33mfalse[39m,
  provider_tokens_set: {},
  mcp_config: [90mundefined[39m,
  enable_proactive_conversation_starters: [33mfalse[39m,
  enable_solvability_analysis: [33mfalse[39m,
  search_api_key: [32m''[39m,
  max_budget_per_task: [1mnull[22m,
  git_user_name: [32m'Forge'[39m,
  git_user_email: [32m'Forge@all-hands.dev'[39m,
  llm_temperature: [1mnull[22m,
  llm_top_p: [1mnull[22m,
  llm_max_output_tokens: [1mnull[22m,
  llm_timeout: [1mnull[22m,
  llm_num_retries: [1mnull[22m,
  llm_caching_prompt: [1mnull[22m,
  llm_disable_vision: [1mnull[22m,
  llm_custom_llm_provider: [1mnull[22m,
  autonomy_level: [32m'balanced'[39m,
  enable_permissions: [33mtrue[39m,
  enable_checkpoints: [33mtrue[39m
}
[useSaveSettings] autonomy_level specifically: balanced

[90mstdout[2m | __tests__/routes/app-settings.test.tsx[2m > [22m[2mStatus toasts[2m > [22m[2mshould call displaySuccessToast when the settings are saved
[22m[39m[useSaveSettings] Settings saved successfully, keeping optimistic update

 [31mÔØ»[39m __tests__/routes/app-settings.test.tsx [2m([22m[2m11 tests[22m[2m | [22m[31m6 failed[39m[2m | [22m[33m1 skipped[39m[2m)[22m[33m 34124[2mms[22m[39m
   [33m[2mÔ£ô[22m[39m Content[2m > [22mshould render the screen [33m 3984[2mms[22m[39m
[31m   [31m├ù[31m Content[2m > [22mshould render the correct default values[39m[33m 3849[2mms[22m[39m
[31m     ÔåÆ Unable to find an element by: [data-testid="language-input"]

Ignored nodes: comments, script, style
[36m<body>[31m
  [36m<div>[31m
    [36m<form[31m
      [33maction[31m=[32m"javascript:throw new Error('A React form was unexpectedly submitted. If you called form.submit() manually, consider using form.requestSubmit() instead. If you\\'re trying to use event.stopPropagation() in a submit event handler, consider also calling event.preventDefault().')"[31m
      [33mclass[31m=[32m"flex flex-col h-full"[31m
      [33mdata-testid[31m=[32m"app-settings-screen"[31m
    [36m>[31m
      [36m<div[31m
        [33mclass[31m=[32m"px-11 py-9 flex flex-col gap-6"[31m
        [33mdata-testid[31m=[32m"app-settings-skeleton"[31m
      [36m>[31m
        [36m<div[31m
          [33mclass[31m=[32m"flex flex-col gap-2.5"[31m
        [36m>[31m
          [36m<div[31m
            [33mclass[31m=[32m"w-[70px] h-[20px] skeleton"[31m
          [36m/>[31m
          [36m<div[31m
            [33mclass[31m=[32m"w-[680px] h-[40px] skeleton"[31m
          [36m/>[31m
        [36m</div>[31m
        [36m<div[31m
          [33mclass[31m=[32m"flex items-center gap-2"[31m
        [36m>[31m
          [36m<div[31m
            [33mclass[31m=[32m"w-[48px] h-[24px] skeleton-round"[31m
          [36m/>[31m
          [36m<div[31m
            [33mclass[31m=[32m"w-[100px] h-[20px] skeleton"[31m
          [36m/>[31m
        [36m</div>[31m
        [36m<div[31m
          [33mclass[31m=[32m"flex items-center gap-2"[31m
        [36m>[31m
          [36m<div[31m
            [33mclass[31m=[32m"w-[48px] h-[24px] skeleton-round"[31m
          [36m/>[31m
          [36m<div[31m
            [33mclass[31m=[32m"w-[100px] h-[20px] skeleton"[31m
          [36m/>[31m
        [36m</div>[31m
      [36m</div>[31m
      [36m<div[31m
        [33mclass[31m=[32m"flex-shrink-0 border-t border-violet-500/20 bg-black"[31m
      [36m>[31m
        [36m<div[31m
          [33mclass[31m=[32m"max-w-4xl mx-auto px-6 py-4"[31m
        [36m>[31m
          [36m<div[31m
            [33mclass[31m=[32m"flex justify-end"[31m
          [36m>[31m
            [36m<button[31m
              [33mclass[31m=[32m"w-fit p-2 text-sm disabled:cursor-not-allowed cursor-pointer btn-lavender-hover luxury-glow bg-primary px-6 py-2 gradient-brand hover:opacity-90 transition-opacity rounded-lg font-medium text-white disabled:opacity-50"[31m
              [33mdata-testid[31m=[32m"submit-button"[31m
              [33mdisabled[31m=[32m""[31m
              [33mtype[31m=[32m"submit"[31m
            [36m>[31m
              [0mSETTINGS$SAVE_CHANGES[0m
            [36m</button>[31m
          [36m</div>[31m
        [36m</div>[31m
      [36m</div>[31m
    [36m</form>[31m
  [36m</div>[31m
[36m</body>[31m

Ignored nodes: comments, script, style
[36m<html>[31m
  [36m<head />[31m
  [36m<body>[31m
    [36m<div>[31m
      [36m<form[31m
        [33maction[31m=[32m"javascript:throw new Error('A React form was unexpectedly submitted. If you called form.submit() manually, consider using form.requestSubmit() instead. If you\\'re trying to use event.stopPropagation() in a submit event handler, consider also calling event.preventDefault().')"[31m
        [33mclass[31m=[32m"flex flex-col h-full"[31m
        [33mdata-testid[31m=[32m"app-settings-screen"[31m
      [36m>[31m
        [36m<div[31m
          [33mclass[31m=[32m"px-11 py-9 flex flex-col gap-6"[31m
          [33mdata-testid[31m=[32m"app-settings-skeleton"[31m
        [36m>[31m
          [36m<div[31m
            [33mclass[31m=[32m"flex flex-col gap-2.5"[31m
          [36m>[31m
            [36m<div[31m
              [33mclass[31m=[32m"w-[70px] h-[20px] skeleton"[31m
            [36m/>[31m
            [36m<div[31m
              [33mclass[31m=[32m"w-[680px] h-[40px] skeleton"[31m
            [36m/>[31m
          [36m</div>[31m
          [36m<div[31m
            [33mclass[31m=[32m"flex items-center gap-2"[31m
          [36m>[31m
            [36m<div[31m
              [33mclass[31m=[32m"w-[48px] h-[24px] skeleton-round"[31m
            [36m/>[31m
            [36m<div[31m
              [33mclass[31m=[32m"w-[100px] h-[20px] skeleton"[31m
            [36m/>[31m
          [36m</div>[31m
          [36m<div[31m
            [33mclass[31m=[32m"flex items-center gap-2"[31m
          [36m>[31m
            [36m<div[31m
              [33mclass[31m=[32m"w-[48px] h-[24px] skeleton-round"[31m
            [36m/>[31m
            [36m<div[31m
              [33mclass[31m=[32m"w-[100px] h-[20px] skeleton"[31m
            [36m/>[31m
          [36m</div>[31m
        [36m</div>[31m
        [36m<div[31m
          [33mclass[31m=[32m"flex-shrink-0 border-t border-violet-500/20 bg-black"[31m
        [36m>[31m
          [36m<div[31m
            [33mclass[31m=[32m"max-w-4xl mx-auto px-6 py-4"[31m
          [36m>[31m
            [36m<div[31m
              [33mclass[31m=[32m"flex justify-end"[31m
            [36m>[31m
              [36m<button[31m
                [33mclass[31m=[32m"w-fit p-2 text-sm disabled:cursor-not-allowed cursor-pointer btn-lavender-hover luxury-glow bg-primary px-6 py-2 gradient-brand hover:opacity-90 transition-opacity rounded-lg font-medium text-white disabled:opacity-50"[31m
                [33mdata-testid[31m=[32m"submit-button"[31m
                [33mdisabled[31m=[32m""[31m
                [33mtype[31m=[32m"submit"[31m
              [36m>[31m
                [0mSETTINGS$SAVE_CHANGES[0m
              [36m</button>[31m
            [36m</div>[31m
          [36m</div>[31m
        [36m</div>[31m
      [36m</form>[31m
    [36m</div>[31m
  [36m</body>[31m
[36m</html>[31m[39m
[31m   [31m├ù[31m Content[2m > [22mshould render the language options[39m[33m 1707[2mms[22m[39m
[31m     ÔåÆ Unable to find an element by: [data-testid="language-input"]

Ignored nodes: comments, script, style
[36m<body>[31m
  [36m<div>[31m
    [36m<form[31m
      [33maction[31m=[32m"javascript:throw new Error('A React form was unexpectedly submitted. If you called form.submit() manually, consider using form.requestSubmit() instead. If you\\'re trying to use event.stopPropagation() in a submit event handler, consider also calling event.preventDefault().')"[31m
      [33mclass[31m=[32m"flex flex-col h-full"[31m
      [33mdata-testid[31m=[32m"app-settings-screen"[31m
    [36m>[31m
      [36m<div[31m
        [33mclass[31m=[32m"px-11 py-9 flex flex-col gap-6"[31m
        [33mdata-testid[31m=[32m"app-settings-skeleton"[31m
      [36m>[31m
        [36m<div[31m
          [33mclass[31m=[32m"flex flex-col gap-2.5"[31m
        [36m>[31m
          [36m<div[31m
            [33mclass[31m=[32m"w-[70px] h-[20px] skeleton"[31m
          [36m/>[31m
          [36m<div[31m
            [33mclass[31m=[32m"w-[680px] h-[40px] skeleton"[31m
          [36m/>[31m
        [36m</div>[31m
        [36m<div[31m
          [33mclass[31m=[32m"flex items-center gap-2"[31m
        [36m>[31m
          [36m<div[31m
            [33mclass[31m=[32m"w-[48px] h-[24px] skeleton-round"[31m
          [36m/>[31m
          [36m<div[31m
            [33mclass[31m=[32m"w-[100px] h-[20px] skeleton"[31m
          [36m/>[31m
        [36m</div>[31m
        [36m<div[31m
          [33mclass[31m=[32m"flex items-center gap-2"[31m
        [36m>[31m
          [36m<div[31m
            [33mclass[31m=[32m"w-[48px] h-[24px] skeleton-round"[31m
          [36m/>[31m
          [36m<div[31m
            [33mclass[31m=[32m"w-[100px] h-[20px] skeleton"[31m
          [36m/>[31m
        [36m</div>[31m
      [36m</div>[31m
      [36m<div[31m
        [33mclass[31m=[32m"flex-shrink-0 border-t border-violet-500/20 bg-black"[31m
      [36m>[31m
        [36m<div[31m
          [33mclass[31m=[32m"max-w-4xl mx-auto px-6 py-4"[31m
        [36m>[31m
          [36m<div[31m
            [33mclass[31m=[32m"flex justify-end"[31m
          [36m>[31m
            [36m<button[31m
              [33mclass[31m=[32m"w-fit p-2 text-sm disabled:cursor-not-allowed cursor-pointer btn-lavender-hover luxury-glow bg-primary px-6 py-2 gradient-brand hover:opacity-90 transition-opacity rounded-lg font-medium text-white disabled:opacity-50"[31m
              [33mdata-testid[31m=[32m"submit-button"[31m
              [33mdisabled[31m=[32m""[31m
              [33mtype[31m=[32m"submit"[31m
            [36m>[31m
              [0mSETTINGS$SAVE_CHANGES[0m
            [36m</button>[31m
          [36m</div>[31m
        [36m</div>[31m
      [36m</div>[31m
    [36m</form>[31m
  [36m</div>[31m
[36m</body>[31m

Ignored nodes: comments, script, style
[36m<body>[31m
  [36m<div>[31m
    [36m<form[31m
      [33maction[31m=[32m"javascript:throw new Error('A React form was unexpectedly submitted. If you called form.submit() manually, consider using form.requestSubmit() instead. If you\\'re trying to use event.stopPropagation() in a submit event handler, consider also calling event.preventDefault().')"[31m
      [33mclass[31m=[32m"flex flex-col h-full"[31m
      [33mdata-testid[31m=[32m"app-settings-screen"[31m
    [36m>[31m
      [36m<div[31m
        [33mclass[31m=[32m"px-11 py-9 flex flex-col gap-6"[31m
        [33mdata-testid[31m=[32m"app-settings-skeleton"[31m
      [36m>[31m
        [36m<div[31m
          [33mclass[31m=[32m"flex flex-col gap-2.5"[31m
        [36m>[31m
          [36m<div[31m
            [33mclass[31m=[32m"w-[70px] h-[20px] skeleton"[31m
          [36m/>[31m
          [36m<div[31m
            [33mclass[31m=[32m"w-[680px] h-[40px] skeleton"[31m
          [36m/>[31m
        [36m</div>[31m
        [36m<div[31m
          [33mclass[31m=[32m"flex items-center gap-2"[31m
        [36m>[31m
          [36m<div[31m
            [33mclass[31m=[32m"w-[48px] h-[24px] skeleton-round"[31m
          [36m/>[31m
          [36m<div[31m
            [33mclass[31m=[32m"w-[100px] h-[20px] skeleton"[31m
          [36m/>[31m
        [36m</div>[31m
        [36m<div[31m
          [33mclass[31m=[32m"flex items-center gap-2"[31m
        [36m>[31m
          [36m<div[31m
            [33mclass[31m=[32m"w-[48px] h-[24px] skeleton-round"[31m
          [36m/>[31m
          [36m<div[31m
            [33mclass[31m=[32m"w-[100px] h-[20px] skeleton"[31m
          [36m/>[31m
        [36m</div>[31m
      [36m</div>[31m
      [36m<div[31m
        [33mclass[31m=[32m"flex-shrink-0 border-t border-violet-500/20 bg-black"[31m
      [36m>[31m
        [36m<div[31m
          [33mclass[31m=[32m"max-w-4xl mx-auto px-6 py-4"[31m
        [36m>[31m
          [36m<div[31m
            [33mclass[31m=[32m"flex justify-end"[31m
          [36m>[31m
            [36m<button[31m
              [33mclass[31m=[32m"w-fit p-2 text-sm disabled:cursor-not-allowed cursor-pointer btn-lavender-hover luxury-glow bg-primary px-6 py-2 gradient-brand hover:opacity-90 transition-opacity rounded-lg font-medium text-white disabled:opacity-50"[31m
              [33mdata-testid[31m=[32m"submit-button"[31m
              [33mdisabled[31m=[32m""[31m
              [33mtype[31m=[32m"submit"[31m
            [36m>[31m
              [0mSETTINGS$SAVE_CHANGES[0m
            [36m</button>[31m
          [36m</div>[31m
        [36m</div>[31m
      [36m</div>[31m
    [36m</form>[31m
  [36m</div>[31m
[36m</body>[31m[39m
[31m   [31m├ù[31m Form submission[2m > [22mshould submit the form with the correct values[39m[33m 1632[2mms[22m[39m
[31m     ÔåÆ Unable to find an element by: [data-testid="language-input"]

Ignored nodes: comments, script, style
[36m<body>[31m
  [36m<div>[31m
    [36m<form[31m
      [33maction[31m=[32m"javascript:throw new Error('A React form was unexpectedly submitted. If you called form.submit() manually, consider using form.requestSubmit() instead. If you\\'re trying to use event.stopPropagation() in a submit event handler, consider also calling event.preventDefault().')"[31m
      [33mclass[31m=[32m"flex flex-col h-full"[31m
      [33mdata-testid[31m=[32m"app-settings-screen"[31m
    [36m>[31m
      [36m<div[31m
        [33mclass[31m=[32m"px-11 py-9 flex flex-col gap-6"[31m
        [33mdata-testid[31m=[32m"app-settings-skeleton"[31m
      [36m>[31m
        [36m<div[31m
          [33mclass[31m=[32m"flex flex-col gap-2.5"[31m
        [36m>[31m
          [36m<div[31m
            [33mclass[31m=[32m"w-[70px] h-[20px] skeleton"[31m
          [36m/>[31m
          [36m<div[31m
            [33mclass[31m=[32m"w-[680px] h-[40px] skeleton"[31m
          [36m/>[31m
        [36m</div>[31m
        [36m<div[31m
          [33mclass[31m=[32m"flex items-center gap-2"[31m
        [36m>[31m
          [36m<div[31m
            [33mclass[31m=[32m"w-[48px] h-[24px] skeleton-round"[31m
          [36m/>[31m
          [36m<div[31m
            [33mclass[31m=[32m"w-[100px] h-[20px] skeleton"[31m
          [36m/>[31m
        [36m</div>[31m
        [36m<div[31m
          [33mclass[31m=[32m"flex items-center gap-2"[31m
        [36m>[31m
          [36m<div[31m
            [33mclass[31m=[32m"w-[48px] h-[24px] skeleton-round"[31m
          [36m/>[31m
          [36m<div[31m
            [33mclass[31m=[32m"w-[100px] h-[20px] skeleton"[31m
          [36m/>[31m
        [36m</div>[31m
      [36m</div>[31m
      [36m<div[31m
        [33mclass[31m=[32m"flex-shrink-0 border-t border-violet-500/20 bg-black"[31m
      [36m>[31m
        [36m<div[31m
          [33mclass[31m=[32m"max-w-4xl mx-auto px-6 py-4"[31m
        [36m>[31m
          [36m<div[31m
            [33mclass[31m=[32m"flex justify-end"[31m
          [36m>[31m
            [36m<button[31m
              [33mclass[31m=[32m"w-fit p-2 text-sm disabled:cursor-not-allowed cursor-pointer btn-lavender-hover luxury-glow bg-primary px-6 py-2 gradient-brand hover:opacity-90 transition-opacity rounded-lg font-medium text-white disabled:opacity-50"[31m
              [33mdata-testid[31m=[32m"submit-button"[31m
              [33mdisabled[31m=[32m""[31m
              [33mtype[31m=[32m"submit"[31m
            [36m>[31m
              [0mSETTINGS$SAVE_CHANGES[0m
            [36m</button>[31m
          [36m</div>[31m
        [36m</div>[31m
      [36m</div>[31m
    [36m</form>[31m
  [36m</div>[31m
[36m</body>[31m

Ignored nodes: comments, script, style
[36m<body>[31m
  [36m<div>[31m
    [36m<form[31m
      [33maction[31m=[32m"javascript:throw new Error('A React form was unexpectedly submitted. If you called form.submit() manually, consider using form.requestSubmit() instead. If you\\'re trying to use event.stopPropagation() in a submit event handler, consider also calling event.preventDefault().')"[31m
      [33mclass[31m=[32m"flex flex-col h-full"[31m
      [33mdata-testid[31m=[32m"app-settings-screen"[31m
    [36m>[31m
      [36m<div[31m
        [33mclass[31m=[32m"px-11 py-9 flex flex-col gap-6"[31m
        [33mdata-testid[31m=[32m"app-settings-skeleton"[31m
      [36m>[31m
        [36m<div[31m
          [33mclass[31m=[32m"flex flex-col gap-2.5"[31m
        [36m>[31m
          [36m<div[31m
            [33mclass[31m=[32m"w-[70px] h-[20px] skeleton"[31m
          [36m/>[31m
          [36m<div[31m
            [33mclass[31m=[32m"w-[680px] h-[40px] skeleton"[31m
          [36m/>[31m
        [36m</div>[31m
        [36m<div[31m
          [33mclass[31m=[32m"flex items-center gap-2"[31m
        [36m>[31m
          [36m<div[31m
            [33mclass[31m=[32m"w-[48px] h-[24px] skeleton-round"[31m
          [36m/>[31m
          [36m<div[31m
            [33mclass[31m=[32m"w-[100px] h-[20px] skeleton"[31m
          [36m/>[31m
        [36m</div>[31m
        [36m<div[31m
          [33mclass[31m=[32m"flex items-center gap-2"[31m
        [36m>[31m
          [36m<div[31m
            [33mclass[31m=[32m"w-[48px] h-[24px] skeleton-round"[31m
          [36m/>[31m
          [36m<div[31m
            [33mclass[31m=[32m"w-[100px] h-[20px] skeleton"[31m
          [36m/>[31m
        [36m</div>[31m
      [36m</div>[31m
      [36m<div[31m
        [33mclass[31m=[32m"flex-shrink-0 border-t border-violet-500/20 bg-black"[31m
      [36m>[31m
        [36m<div[31m
          [33mclass[31m=[32m"max-w-4xl mx-auto px-6 py-4"[31m
        [36m>[31m
          [36m<div[31m
            [33mclass[31m=[32m"flex justify-end"[31m
          [36m>[31m
            [36m<button[31m
              [33mclass[31m=[32m"w-fit p-2 text-sm disabled:cursor-not-allowed cursor-pointer btn-lavender-hover luxury-glow bg-primary px-6 py-2 gradient-brand hover:opacity-90 transition-opacity rounded-lg font-medium text-white disabled:opacity-50"[31m
              [33mdata-testid[31m=[32m"submit-button"[31m
              [33mdisabled[31m=[32m""[31m
              [33mtype[31m=[32m"submit"[31m
            [36m>[31m
              [0mSETTINGS$SAVE_CHANGES[0m
            [36m</button>[31m
          [36m</div>[31m
        [36m</div>[31m
      [36m</div>[31m
    [36m</form>[31m
  [36m</div>[31m
[36m</body>[31m[39m
[31m   [31m├ù[31m Form submission[2m > [22mshould only enable the submit button when there are changes[39m[33m 6435[2mms[22m[39m
[31m     ÔåÆ Test timed out in 5000ms.
If this is a long-running test, pass a timeout value as the last argument or configure it globally with "testTimeout".[39m
[31m   [31m├ù[31m Form submission[2m > [22mshould call handleCaptureConsents with true when the analytics switch is toggled[39m[33m 1328[2mms[22m[39m
[31m     ÔåÆ Unable to find an element by: [data-testid="enable-analytics-switch"]

Ignored nodes: comments, script, style
[36m<body>[31m
  [36m<div>[31m
    [36m<form[31m
      [33maction[31m=[32m"javascript:throw new Error('A React form was unexpectedly submitted. If you called form.submit() manually, consider using form.requestSubmit() instead. If you\\'re trying to use event.stopPropagation() in a submit event handler, consider also calling event.preventDefault().')"[31m
      [33mclass[31m=[32m"flex flex-col h-full"[31m
      [33mdata-testid[31m=[32m"app-settings-screen"[31m
    [36m>[31m
      [36m<div[31m
        [33mclass[31m=[32m"px-11 py-9 flex flex-col gap-6"[31m
        [33mdata-testid[31m=[32m"app-settings-skeleton"[31m
      [36m>[31m
        [36m<div[31m
          [33mclass[31m=[32m"flex flex-col gap-2.5"[31m
        [36m>[31m
          [36m<div[31m
            [33mclass[31m=[32m"w-[70px] h-[20px] skeleton"[31m
          [36m/>[31m
          [36m<div[31m
            [33mclass[31m=[32m"w-[680px] h-[40px] skeleton"[31m
          [36m/>[31m
        [36m</div>[31m
        [36m<div[31m
          [33mclass[31m=[32m"flex items-center gap-2"[31m
        [36m>[31m
          [36m<div[31m
            [33mclass[31m=[32m"w-[48px] h-[24px] skeleton-round"[31m
          [36m/>[31m
          [36m<div[31m
            [33mclass[31m=[32m"w-[100px] h-[20px] skeleton"[31m
          [36m/>[31m
        [36m</div>[31m
        [36m<div[31m
          [33mclass[31m=[32m"flex items-center gap-2"[31m
        [36m>[31m
          [36m<div[31m
            [33mclass[31m=[32m"w-[48px] h-[24px] skeleton-round"[31m
          [36m/>[31m
          [36m<div[31m
            [33mclass[31m=[32m"w-[100px] h-[20px] skeleton"[31m
          [36m/>[31m
        [36m</div>[31m
      [36m</div>[31m
      [36m<div[31m
        [33mclass[31m=[32m"flex-shrink-0 border-t border-violet-500/20 bg-black"[31m
      [36m>[31m
        [36m<div[31m
          [33mclass[31m=[32m"max-w-4xl mx-auto px-6 py-4"[31m
        [36m>[31m
          [36m<div[31m
            [33mclass[31m=[32m"flex justify-end"[31m
          [36m>[31m
            [36m<button[31m
              [33mclass[31m=[32m"w-fit p-2 text-sm disabled:cursor-not-allowed cursor-pointer btn-lavender-hover luxury-glow bg-primary px-6 py-2 gradient-brand hover:opacity-90 transition-opacity rounded-lg font-medium text-white disabled:opacity-50"[31m
              [33mdata-testid[31m=[32m"submit-button"[31m
              [33mdisabled[31m=[32m""[31m
              [33mtype[31m=[32m"submit"[31m
            [36m>[31m
              [0mSETTINGS$SAVE_CHANGES[0m
            [36m</button>[31m
          [36m</div>[31m
        [36m</div>[31m
      [36m</div>[31m
    [36m</form>[31m
  [36m</div>[31m
[36m</body>[31m

Ignored nodes: comments, script, style
[36m<body>[31m
  [36m<div>[31m
    [36m<form[31m
      [33maction[31m=[32m"javascript:throw new Error('A React form was unexpectedly submitted. If you called form.submit() manually, consider using form.requestSubmit() instead. If you\\'re trying to use event.stopPropagation() in a submit event handler, consider also calling event.preventDefault().')"[31m
      [33mclass[31m=[32m"flex flex-col h-full"[31m
      [33mdata-testid[31m=[32m"app-settings-screen"[31m
    [36m>[31m
      [36m<div[31m
        [33mclass[31m=[32m"px-11 py-9 flex flex-col gap-6"[31m
        [33mdata-testid[31m=[32m"app-settings-skeleton"[31m
      [36m>[31m
        [36m<div[31m
          [33mclass[31m=[32m"flex flex-col gap-2.5"[31m
        [36m>[31m
          [36m<div[31m
            [33mclass[31m=[32m"w-[70px] h-[20px] skeleton"[31m
          [36m/>[31m
          [36m<div[31m
            [33mclass[31m=[32m"w-[680px] h-[40px] skeleton"[31m
          [36m/>[31m
        [36m</div>[31m
        [36m<div[31m
          [33mclass[31m=[32m"flex items-center gap-2"[31m
        [36m>[31m
          [36m<div[31m
            [33mclass[31m=[32m"w-[48px] h-[24px] skeleton-round"[31m
          [36m/>[31m
          [36m<div[31m
            [33mclass[31m=[32m"w-[100px] h-[20px] skeleton"[31m
          [36m/>[31m
        [36m</div>[31m
        [36m<div[31m
          [33mclass[31m=[32m"flex items-center gap-2"[31m
        [36m>[31m
          [36m<div[31m
            [33mclass[31m=[32m"w-[48px] h-[24px] skeleton-round"[31m
          [36m/>[31m
          [36m<div[31m
            [33mclass[31m=[32m"w-[100px] h-[20px] skeleton"[31m
          [36m/>[31m
        [36m</div>[31m
      [36m</div>[31m
      [36m<div[31m
        [33mclass[31m=[32m"flex-shrink-0 border-t border-violet-500/20 bg-black"[31m
      [36m>[31m
        [36m<div[31m
          [33mclass[31m=[32m"max-w-4xl mx-auto px-6 py-4"[31m
        [36m>[31m
          [36m<div[31m
            [33mclass[31m=[32m"flex justify-end"[31m
          [36m>[31m
            [36m<button[31m
              [33mclass[31m=[32m"w-fit p-2 text-sm disabled:cursor-not-allowed cursor-pointer btn-lavender-hover luxury-glow bg-primary px-6 py-2 gradient-brand hover:opacity-90 transition-opacity rounded-lg font-medium text-white disabled:opacity-50"[31m
              [33mdata-testid[31m=[32m"submit-button"[31m
              [33mdisabled[31m=[32m""[31m
              [33mtype[31m=[32m"submit"[31m
            [36m>[31m
              [0mSETTINGS$SAVE_CHANGES[0m
            [36m</button>[31m
          [36m</div>[31m
        [36m</div>[31m
      [36m</div>[31m
    [36m</form>[31m
  [36m</div>[31m
[36m</body>[31m[39m
   [33m[2mÔ£ô[22m[39m Form submission[2m > [22mshould call handleCaptureConsents with false when the analytics switch is toggled [33m 3828[2mms[22m[39m
   [2m[90mÔåô[39m[22m Form submission[2m > [22mshould disable the button when submitting changes
   [33m[2mÔ£ô[22m[39m Form submission[2m > [22mshould disable the button after submitting changes [33m 3517[2mms[22m[39m
   [33m[2mÔ£ô[22m[39m Status toasts[2m > [22mshould call displaySuccessToast when the settings are saved [33m 3369[2mms[22m[39m
[31m   [31m├ù[31m Status toasts[2m > [22mshould call displayErrorToast when the settings fail to save[39m[33m 2023[2mms[22m[39m
[31m     ÔåÆ Unable to find an element by: [data-testid="enable-sound-notifications-switch"]

Ignored nodes: comments, script, style
[36m<body>[31m
  [36m<div>[31m
    [36m<form[31m
      [33maction[31m=[32m"javascript:throw new Error('A React form was unexpectedly submitted. If you called form.submit() manually, consider using form.requestSubmit() instead. If you\\'re trying to use event.stopPropagation() in a submit event handler, consider also calling event.preventDefault().')"[31m
      [33mclass[31m=[32m"flex flex-col h-full"[31m
      [33mdata-testid[31m=[32m"app-settings-screen"[31m
    [36m>[31m
      [36m<div[31m
        [33mclass[31m=[32m"px-11 py-9 flex flex-col gap-6"[31m
        [33mdata-testid[31m=[32m"app-settings-skeleton"[31m
      [36m>[31m
        [36m<div[31m
          [33mclass[31m=[32m"flex flex-col gap-2.5"[31m
        [36m>[31m
          [36m<div[31m
            [33mclass[31m=[32m"w-[70px] h-[20px] skeleton"[31m
          [36m/>[31m
          [36m<div[31m
            [33mclass[31m=[32m"w-[680px] h-[40px] skeleton"[31m
          [36m/>[31m
        [36m</div>[31m
        [36m<div[31m
          [33mclass[31m=[32m"flex items-center gap-2"[31m
        [36m>[31m
          [36m<div[31m
            [33mclass[31m=[32m"w-[48px] h-[24px] skeleton-round"[31m
          [36m/>[31m
          [36m<div[31m
            [33mclass[31m=[32m"w-[100px] h-[20px] skeleton"[31m
          [36m/>[31m
        [36m</div>[31m
        [36m<div[31m
          [33mclass[31m=[32m"flex items-center gap-2"[31m
        [36m>[31m
          [36m<div[31m
            [33mclass[31m=[32m"w-[48px] h-[24px] skeleton-round"[31m
          [36m/>[31m
          [36m<div[31m
            [33mclass[31m=[32m"w-[100px] h-[20px] skeleton"[31m
          [36m/>[31m
        [36m</div>[31m
      [36m</div>[31m
      [36m<div[31m
        [33mclass[31m=[32m"flex-shrink-0 border-t border-violet-500/20 bg-black"[31m
      [36m>[31m
        [36m<div[31m
          [33mclass[31m=[32m"max-w-4xl mx-auto px-6 py-4"[31m
        [36m>[31m
          [36m<div[31m
            [33mclass[31m=[32m"flex justify-end"[31m
          [36m>[31m
            [36m<button[31m
              [33mclass[31m=[32m"w-fit p-2 text-sm disabled:cursor-not-allowed cursor-pointer btn-lavender-hover luxury-glow bg-primary px-6 py-2 gradient-brand hover:opacity-90 transition-opacity rounded-lg font-medium text-white disabled:opacity-50"[31m
              [33mdata-testid[31m=[32m"submit-button"[31m
              [33mdisabled[31m=[32m""[31m
              [33mtype[31m=[32m"submit"[31m
            [36m>[31m
              [0mSETTINGS$SAVE_CHANGES[0m
            [36m</button>[31m
          [36m</div>[31m
        [36m</div>[31m
      [36m</div>[31m
    [36m</form>[31m
  [36m</div>[31m
[36m</body>[31m

Ignored nodes: comments, script, style
[36m<body>[31m
  [36m<div>[31m
    [36m<form[31m
      [33maction[31m=[32m"javascript:throw new Error('A React form was unexpectedly submitted. If you called form.submit() manually, consider using form.requestSubmit() instead. If you\\'re trying to use event.stopPropagation() in a submit event handler, consider also calling event.preventDefault().')"[31m
      [33mclass[31m=[32m"flex flex-col h-full"[31m
      [33mdata-testid[31m=[32m"app-settings-screen"[31m
    [36m>[31m
      [36m<div[31m
        [33mclass[31m=[32m"px-11 py-9 flex flex-col gap-6"[31m
        [33mdata-testid[31m=[32m"app-settings-skeleton"[31m
      [36m>[31m
        [36m<div[31m
          [33mclass[31m=[32m"flex flex-col gap-2.5"[31m
        [36m>[31m
          [36m<div[31m
            [33mclass[31m=[32m"w-[70px] h-[20px] skeleton"[31m
          [36m/>[31m
          [36m<div[31m
            [33mclass[31m=[32m"w-[680px] h-[40px] skeleton"[31m
          [36m/>[31m
        [36m</div>[31m
        [36m<div[31m
          [33mclass[31m=[32m"flex items-center gap-2"[31m
        [36m>[31m
          [36m<div[31m
            [33mclass[31m=[32m"w-[48px] h-[24px] skeleton-round"[31m
          [36m/>[31m
          [36m<div[31m
            [33mclass[31m=[32m"w-[100px] h-[20px] skeleton"[31m
          [36m/>[31m
        [36m</div>[31m
        [36m<div[31m
          [33mclass[31m=[32m"flex items-center gap-2"[31m
        [36m>[31m
          [36m<div[31m
            [33mclass[31m=[32m"w-[48px] h-[24px] skeleton-round"[31m
          [36m/>[31m
          [36m<div[31m
            [33mclass[31m=[32m"w-[100px] h-[20px] skeleton"[31m
          [36m/>[31m
        [36m</div>[31m
      [36m</div>[31m
      [36m<div[31m
        [33mclass[31m=[32m"flex-shrink-0 border-t border-violet-500/20 bg-black"[31m
      [36m>[31m
        [36m<div[31m
          [33mclass[31m=[32m"max-w-4xl mx-auto px-6 py-4"[31m
        [36m>[31m
          [36m<div[31m
            [33mclass[31m=[32m"flex justify-end"[31m
          [36m>[31m
            [36m<button[31m
              [33mclass[31m=[32m"w-fit p-2 text-sm disabled:cursor-not-allowed cursor-pointer btn-lavender-hover luxury-glow bg-primary px-6 py-2 gradient-brand hover:opacity-90 transition-opacity rounded-lg font-medium text-white disabled:opacity-50"[31m
              [33mdata-testid[31m=[32m"submit-button"[31m
              [33mdisabled[31m=[32m""[31m
              [33mtype[31m=[32m"submit"[31m
            [36m>[31m
              [0mSETTINGS$SAVE_CHANGES[0m
            [36m</button>[31m
          [36m</div>[31m
        [36m</div>[31m
      [36m</div>[31m
    [36m</form>[31m
  [36m</div>[31m
[36m</body>[31m[39m
 [31mÔØ»[39m src/store/__tests__/streaming-slice.test.ts [2m([22m[2m23 tests[22m[2m | [22m[33m23 skipped[39m[2m)[22m[33m 10202[2mms[22m[39m
   [2m[90mÔåô[39m[22m streamingSlice[2m > [22mstartStream[2m > [22mshould start a new stream
   [2m[90mÔåô[39m[22m streamingSlice[2m > [22mstartStream[2m > [22mshould create multiple independent streams
   [2m[90mÔåô[39m[22m streamingSlice[2m > [22mstartStream[2m > [22mshould reset existing stream if started again
   [2m[90mÔåô[39m[22m streamingSlice[2m > [22mappendStreamChunk[2m > [22mshould append chunk to stream content
   [2m[90mÔåô[39m[22m streamingSlice[2m > [22mappendStreamChunk[2m > [22mshould handle empty chunks
   [2m[90mÔåô[39m[22m streamingSlice[2m > [22mappendStreamChunk[2m > [22mshould handle newlines and special characters
   [2m[90mÔåô[39m[22m streamingSlice[2m > [22mappendStreamChunk[2m > [22mshould not create stream if not started
   [2m[90mÔåô[39m[22m streamingSlice[2m > [22mcompleteStream[2m > [22mshould mark stream as complete
   [2m[90mÔåô[39m[22m streamingSlice[2m > [22mcompleteStream[2m > [22mshould preserve content when completing
   [2m[90mÔåô[39m[22m streamingSlice[2m > [22mcompleteStream[2m > [22mshould do nothing if stream does not exist
   [2m[90mÔåô[39m[22m streamingSlice[2m > [22mclearStream[2m > [22mshould remove stream from state
   [2m[90mÔåô[39m[22m streamingSlice[2m > [22mclearStream[2m > [22mshould do nothing if stream does not exist
   [2m[90mÔåô[39m[22m streamingSlice[2m > [22msetStreamError[2m > [22mshould set error and stop streaming
   [2m[90mÔåô[39m[22m streamingSlice[2m > [22msetStreamError[2m > [22mshould preserve content when error occurs
   [2m[90mÔåô[39m[22m streamingSlice[2m > [22mselectors[2m > [22mselectStreamContent should return stream content
   [2m[90mÔåô[39m[22m streamingSlice[2m > [22mselectors[2m > [22mselectStreamContent should return empty string for nonexistent stream
   [2m[90mÔåô[39m[22m streamingSlice[2m > [22mselectors[2m > [22mselectIsStreaming should return streaming status
   [2m[90mÔåô[39m[22m streamingSlice[2m > [22mselectors[2m > [22mselectIsStreaming should return false for nonexistent stream
   [2m[90mÔåô[39m[22m streamingSlice[2m > [22mselectors[2m > [22mselectStreamError should return error message
   [2m[90mÔåô[39m[22m streamingSlice[2m > [22mselectors[2m > [22mselectStreamError should return null for nonexistent stream
   [2m[90mÔåô[39m[22m streamingSlice[2m > [22mcomplete streaming workflow[2m > [22mshould handle typical terminal output streaming
   [2m[90mÔåô[39m[22m streamingSlice[2m > [22mcomplete streaming workflow[2m > [22mshould handle agent thought streaming
   [2m[90mÔåô[39m[22m streamingSlice[2m > [22mcomplete streaming workflow[2m > [22mshould handle stream error during streaming
 [31mÔØ»[39m src/utils/__tests__/custom-toast-handlers.test.ts [2m([22m[2m4 tests[22m[2m | [22m[33m4 skipped[39m[2m)[22m[33m 10114[2mms[22m[39m
   [2m[90mÔåô[39m[22m custom-toast-handlers[2m > [22mdisplaySuccessToast[2m > [22mshould call toast.success with calculated duration for short message
   [2m[90mÔåô[39m[22m custom-toast-handlers[2m > [22mdisplaySuccessToast[2m > [22mshould call toast.success with longer duration for long message
   [2m[90mÔåô[39m[22m custom-toast-handlers[2m > [22mdisplayErrorToast[2m > [22mshould call toast.error with calculated duration for short message
   [2m[90mÔåô[39m[22m custom-toast-handlers[2m > [22mdisplayErrorToast[2m > [22mshould call toast.error with longer duration for long error message
 [31mÔØ»[39m __tests__/utils/error-handler.test.ts [2m([22m[2m7 tests[22m[2m | [22m[33m7 skipped[39m[2m)[22m[33m 10112[2mms[22m[39m
   [2m[90mÔåô[39m[22m Error Handler[2m > [22mtrackError[2m > [22mshould send error to PostHog with basic info
   [2m[90mÔåô[39m[22m Error Handler[2m > [22mtrackError[2m > [22mshould include additional metadata in PostHog event
   [2m[90mÔåô[39m[22m Error Handler[2m > [22mshowErrorToast[2m > [22mshould log error and show toast
   [2m[90mÔåô[39m[22m Error Handler[2m > [22mshowErrorToast[2m > [22mshould include metadata in PostHog event when showing toast
   [2m[90mÔåô[39m[22m Error Handler[2m > [22mshowErrorToast[2m > [22mshould log errors from different sources with appropriate metadata
   [2m[90mÔåô[39m[22m Error Handler[2m > [22mshowErrorToast[2m > [22mshould log feedback submission errors with conversation context
   [2m[90mÔåô[39m[22m Error Handler[2m > [22mshowChatError[2m > [22mshould log error and show chat error message
 [31mÔØ»[39m __tests__/routes/accept-tos.test.tsx [2m([22m[2m4 tests[22m[2m | [22m[31m4 failed[39m[2m)[22m[33m 5439[2mms[22m[39m
[31m   [31m├ù[31m AcceptTOS[2m > [22mshould render a TOS checkbox that is unchecked by default[39m[33m 481[2mms[22m[39m
[31m     ÔåÆ useLocation() may be used only in the context of a <Router> component.[39m
[31m   [31m├ù[31m AcceptTOS[2m > [22mshould enable the continue button when the TOS checkbox is checked[39m[32m 119[2mms[22m[39m
[31m     ÔåÆ useLocation() may be used only in the context of a <Router> component.[39m
[31m   [31m├ù[31m AcceptTOS[2m > [22mshould set user analytics consent to true when the user accepts TOS[39m[32m 128[2mms[22m[39m
[31m     ÔåÆ useLocation() may be used only in the context of a <Router> component.[39m
[31m   [31m├ù[31m AcceptTOS[2m > [22mshould handle external redirect URLs[39m[32m 102[2mms[22m[39m
[31m     ÔåÆ useLocation() may be used only in the context of a <Router> component.[39m
 [31mÔØ»[39m __tests__/utils/check-hardcoded-strings.test.tsx [2m([22m[2m2 tests[22m[2m | [22m[31m1 failed[39m[2m)[22m[33m 5880[2mms[22m[39m
[31m   [31m├ù[31m Check for hardcoded English strings[2m > [22mInteractiveChatBox should not have hardcoded English strings[39m[33m 575[2mms[22m[39m
[31m     ÔåÆ No QueryClient set, use QueryClientProvider to set one[39m
   [33m[2mÔ£ô[22m[39m Check for hardcoded English strings[2m > [22mChatInput should use translation key for placeholder [33m 2290[2mms[22m[39m
 [31mÔØ»[39m __tests__/components/chat/expandable-message.test.tsx [2m([22m[2m7 tests[22m[2m | [22m[31m6 failed[39m[2m)[22m[33m 12748[2mms[22m[39m
[31m   [31m├ù[31m ExpandableMessage[2m > [22mshould render with neutral border for non-action messages[39m[33m 2770[2mms[22m[39m
[31m     ÔåÆ [2mexpect([22m[31melement[31m[2m).toHaveClass([22m[32m[32m"border-neutral-300"[32m[31m[2m)[22m

Expected the element to have class:
[32m  border-neutral-300[31m
Received:
[31m  flex gap-2 items-center justify-start border-l-2 pl-2 my-2 py-2 border-border[31m[39m
[31m   [31m├ù[31m ExpandableMessage[2m > [22mshould render with neutral border for error messages[39m[32m 281[2mms[22m[39m
[31m     ÔåÆ [2mexpect([22m[31melement[31m[2m).toHaveClass([22m[32m[32m"border-danger"[32m[31m[2m)[22m

Expected the element to have class:
[32m  border-danger[31m
Received:
[31m  flex gap-2 items-center justify-start border-l-2 pl-2 my-2 py-2 border-error-500[31m[39m
[31m   [31m├ù[31m ExpandableMessage[2m > [22mshould render with success icon for successful action messages[39m[33m 546[2mms[22m[39m
[31m     ÔåÆ [2mexpect([22m[31melement[31m[2m).toHaveClass([22m[32m[32m"border-neutral-300"[32m[31m[2m)[22m

Expected the element to have class:
[32m  border-neutral-300[31m
Received:
[31m  flex gap-2 items-center justify-start border-l-2 pl-2 my-2 py-2 border-border[31m[39m
[31m   [31m├ù[31m ExpandableMessage[2m > [22mshould render with error icon for failed action messages[39m[33m 1893[2mms[22m[39m
[31m     ÔåÆ [2mexpect([22m[31melement[31m[2m).toHaveClass([22m[32m[32m"border-neutral-300"[32m[31m[2m)[22m

Expected the element to have class:
[32m  border-neutral-300[31m
Received:
[31m  flex gap-2 items-center justify-start border-l-2 pl-2 my-2 py-2 border-border[31m[39m
[31m   [31m├ù[31m ExpandableMessage[2m > [22mshould render with neutral border and no icon for action messages without success prop[39m[33m 994[2mms[22m[39m
[31m     ÔåÆ [2mexpect([22m[31melement[31m[2m).toHaveClass([22m[32m[32m"border-neutral-300"[32m[31m[2m)[22m

Expected the element to have class:
[32m  border-neutral-300[31m
Received:
[31m  flex gap-2 items-center justify-start border-l-2 pl-2 my-2 py-2 border-border[31m[39m
[31m   [31m├ù[31m ExpandableMessage[2m > [22mshould render with neutral border and no icon for action messages with undefined success (timeout case)[39m[33m 455[2mms[22m[39m
[31m     ÔåÆ [2mexpect([22m[31melement[31m[2m).toHaveClass([22m[32m[32m"border-neutral-300"[32m[31m[2m)[22m

Expected the element to have class:
[32m  border-neutral-300[31m
Received:
[31m  flex gap-2 items-center justify-start border-l-2 pl-2 my-2 py-2 border-border[31m[39m
   [33m[2mÔ£ô[22m[39m ExpandableMessage[2m > [22mshould render the out of credits message when the user is out of credits [33m 824[2mms[22m[39m
 [31mÔØ»[39m __tests__/components/features/conversation-panel/conversation-card.test.tsx [2m([22m[2m16 tests[22m[2m | [22m[31m16 failed[39m[2m)[22m[33m 21866[2mms[22m[39m
[31m   [31m├ù[31m ConversationCard[2m > [22mshould render the conversation card[39m[33m 1360[2mms[22m[39m
[31m     ÔåÆ [2mexpect([22m[31melement[31m[2m).toHaveTextContent()[22m

Expected element to have text content:
[32m  /4y/[31m
Received:
[31m  Conversation 1Created 01/10/2021 ago[31m[39m
[31m     ÔåÆ Cannot read properties of undefined (reading 'clipboard')[39m
[31m   [31m├ù[31m ConversationCard[2m > [22mshould render the selectedRepository if available[39m[32m 287[2mms[22m[39m
[31m     ÔåÆ Cannot read properties of undefined (reading 'clipboard')[39m
[31m   [31m├ù[31m ConversationCard[2m > [22mshould toggle a context menu when clicking the ellipsis button[39m[33m 541[2mms[22m[39m
[31m     ÔåÆ Found multiple elements by: [data-testid="ellipsis-button"]

Here are the matching elements:

Ignored nodes: comments, script, style
[36m<button[31m
  [33mclass[31m=[32m"cursor-pointer"[31m
  [33mdata-testid[31m=[32m"ellipsis-button"[31m
  [33mtype[31m=[32m"button"[31m
[36m>[31m
  [36m<svg[31m
    [33mfill[31m=[32m"#a3a3a3"[31m
    [33mheight[31m=[32m"1em"[31m
    [33mstroke[31m=[32m"currentColor"[31m
    [33mstroke-width[31m=[32m"0"[31m
    [33mviewBox[31m=[32m"0 0 192 512"[31m
    [33mwidth[31m=[32m"1em"[31m
    [33mxmlns[31m=[32m"http://www.w3.org/2000/svg"[31m
  [36m>[31m
    [36m<path[31m
      [33md[31m=[32m"M96 184c39.8 0 72 32.2 72 72s-32.2 72-72 72-72-32.2-72-72 32.2-72 72-72zM24 80c0 39.8 32.2 72 72 72s72-32.2 72-72S135.8 8 96 8 24 40.2 24 80zm0 352c0 39.8 32.2 72 72 72s72-32.2 72-72-32.2-72-72-72-72 32.2-72 72z"[31m
    [36m/>[31m
  [36m</svg>[31m
[36m</button>[31m

Ignored nodes: comments, script, style
[36m<button[31m
  [33mclass[31m=[32m"cursor-pointer"[31m
  [33mdata-testid[31m=[32m"ellipsis-button"[31m
  [33mtype[31m=[32m"button"[31m
[36m>[31m
  [36m<svg[31m
    [33mfill[31m=[32m"#a3a3a3"[31m
    [33mheight[31m=[32m"1em"[31m
    [33mstroke[31m=[32m"currentColor"[31m
    [33mstroke-width[31m=[32m"0"[31m
    [33mviewBox[31m=[32m"0 0 192 512"[31m
    [33mwidth[31m=[32m"1em"[31m
    [33mxmlns[31m=[32m"http://www.w3.org/2000/svg"[31m
  [36m>[31m
    [36m<path[31m
      [33md[31m=[32m"M96 184c39.8 0 72 32.2 72 72s-32.2 72-72 72-72-32.2-72-72 32.2-72 72-72zM24 80c0 39.8 32.2 72 72 72s72-32.2 72-72S135.8 8 96 8 24 40.2 24 80zm0 352c0 39.8 32.2 72 72 72s72-32.2 72-72-32.2-72-72-72-72 32.2-72 72z"[31m
    [36m/>[31m
  [36m</svg>[31m
[36m</button>[31m

Ignored nodes: comments, script, style
[36m<button[31m
  [33mclass[31m=[32m"cursor-pointer"[31m
  [33mdata-testid[31m=[32m"ellipsis-button"[31m
  [33mtype[31m=[32m"button"[31m
[36m>[31m
  [36m<svg[31m
    [33mfill[31m=[32m"#a3a3a3"[31m
    [33mheight[31m=[32m"1em"[31m
    [33mstroke[31m=[32m"currentColor"[31m
    [33mstroke-width[31m=[32m"0"[31m
    [33mviewBox[31m=[32m"0 0 192 512"[31m
    [33mwidth[31m=[32m"1em"[31m
    [33mxmlns[31m=[32m"http://www.w3.org/2000/svg"[31m
  [36m>[31m
    [36m<path[31m
      [33md[31m=[32m"M96 184c39.8 0 72 32.2 72 72s-32.2 72-72 72-72-32.2-72-72 32.2-72 72-72zM24 80c0 39.8 32.2 72 72 72s72-32.2 72-72S135.8 8 96 8 24 40.2 24 80zm0 352c0 39.8 32.2 72 72 72s72-32.2 72-72-32.2-72-72-72-72 32.2-72 72z"[31m
    [36m/>[31m
  [36m</svg>[31m
[36m</button>[31m

(If this is intentional, then use the `*AllBy*` variant of the query (like `queryAllByText`, `getAllByText`, or `findAllByText`)).

Ignored nodes: comments, script, style
[36m<body>[31m
  [36m<div>[31m
    [36m<div[31m
      [33mclass[31m=[32m"group relative h-auto w-full px-4 py-4 cursor-pointer transition-all duration-300 before:absolute before:inset-y-0 before:left-0 before:w-1 before:rounded-r before:transition-all before:duration-300 before:bg-gradient-to-b before:from-brand-500 before:to-accent-500 bg-brand-500/5 hover:bg-background-tertiary hover:shadow-lg"[31m
      [33mdata-testid[31m=[32m"conversation-card"[31m
    [36m>[31m
      [36m<div[31m
        [33mclass[31m=[32m"flex items-center justify-between w-full"[31m
      [36m>[31m
        [36m<div[31m
          [33mclass[31m=[32m"flex items-center gap-2 flex-1 min-w-0 overflow-hidden mr-2"[31m
        [36m>[31m
          [36m<span[31m
            [33mclass[31m=[32m"w-3 h-3 rounded-full flex-shrink-0 animate-pulse bg-gradient-to-r from-brand-500 to-accent-500"[31m
            [33mstyle[31m=[32m"box-shadow: 0 0 8px 3px rgba(59, 130, 246, 0.4);"[31m
          [36m/>[31m
          [36m<div[31m
            [33mclass[31m=[32m"relative flex-1 min-w-0"[31m
          [36m>[31m
            [36m<p[31m
              [33mclass[31m=[32m"text-sm leading-6 font-semibold bg-transparent truncate pr-4 text-foreground group-hover:text-violet-500 transition-colors duration-300"[31m
              [33mdata-testid[31m=[32m"conversation-card-title"[31m
              [33mtitle[31m=[32m"Conversation 1"[31m
            [36m>[31m
              [0mConversation 1[0m
            [36m</p>[31m
            [36m<div[31m
              [33mclass[31m=[32m"pointer-events-none absolute right-0 top-0 h-full w-6 bg-gradient-to-l from-background-secondary via-background-secondary/40 to-transparent"[31m
            [36m/>[31m
          [36m</div>[31m
        [36m</div>[31m
        [36m<div[31m
          [33mclass[31m=[32m"flex items-center"[31m
        [36m>[31m
          [36m<div[31m
            [33mdata-testid[31m=[32m"STOPPED-indicator"[31m
          [36m>[31m
            [36m<svg[31m
              [33mdata-testid[31m=[32m"mocked-svg"[31m
            [36m/>[31m
          [36m</div>[31m
          [36m<div[31m
            [33mclass[31m=[32m"pl-2"[31m
          [36m>[31m
            [36m<button[31m
              [33mclass[31m=[32m"cursor-pointer"[31m
              [33mdata-testid[31m=[32m"ellipsis-button"[31m
              [33mtype[31m=[32m"button"[31m
            [36m>[31m
              [36m<svg[31m
                [33mfill[31m=[32m"#a3a3a3"[31m
                [33mheight[31m=[32m"1em"[31m
                [33mstroke[31m=[32m"currentColor"[31m
                [33mstroke-width[31m=[32m"0"[31m
                [33mviewBox[31m=[32m"0 0 192 512"[31m
                [33mwidth[31m=[32m"1em"[31m
                [33mxmlns[31m=[32m"http://www.w3.org/2000/svg"[31m
              [36m>[31m
                [36m<path[31m
                  [33md[31m=[32m"M96 184c39.8 0 72 32.2 72 72s-32.2 72-72 72-72-32.2-72-72 32.2-72 72-72zM24 80c0 39.8 32.2 72 72 72s72-32.2 72-72S135.8 8 96 8 24 40.2 24 80zm0 352c0 39.8 32.2 72 72 72s72-32.2 72-72-32.2-72-72-72-72 32.2-72 72z"[31m
                [36m/>[31m
              [36m</svg>[31m
            [36m</button>[31m
          [36m</div>[31m
          [36m<div[31m
            [33mclass[31m=[32m"relative"[31m
          [36m/>[31m
        [36m</div>[31m
      [36m</div>[31m
      [36m<div[31m
        [33mclass[31m=[32m"mt-1 space-y-1"[31m
      [36m>[31m
        [36m<div[31m
          [33mclass[31m=[32m"flex items-center gap-1 text-[11px] text-foreground-secondary font-medium tracking-wide"[31m
        [36m>[31m
          [36m<svg[31m
            [33maria-hidden[31m=[32m"true"[31m
            [33mclass[31m=[32m"lucide lucide-clock3 lucide-clock-3 w-3 h-3 opacity-60 text-foreground-secondary"[31m
            [33mfill[31m=[32m"none"[31m
            [33mheight[31m=[32m"24"[31m
            [33mstroke[31m=[32m"currentColor"[31m
            [33mstroke-linecap[31m=[32m"round"[31m
            [33mstroke-linejoin[31m=[32m"round"[31m
            [33mstroke-width[31m=[32m"2"[31m
            [33mviewBox[31m=[32m"0 0 24 24"[31m
            [33mwidth[31m=[32m"24"[31m
            [33mxmlns[31m=[32m"http://www.w3.org/2000/svg"[31m
          [36m>[31m
            [36m<path[31m
              [33md[31m=[32m"M12 6v6h4"[31m
            [36m/>[31m
            [36m<circle[31m
              [33mcx[31m=[32m"12"[31m
              [33mcy[31m=[32m"12"[31m
              [33mr[31m=[32m"10"[31m
            [36m/>[31m
          [36m</svg>[31m
          [36m<span>[31m
            [0mCreated[0m
            [0m [0m
            [36m<span>[31m
              [0m01/10/2021[0m
            [36m</span>[31m
            [0m [0m
            [0mago[0m
          [36m</span>[31m
        [36m</div>[31m
      [36m</div>[31m
    [36m</div>[31m
  [36m</div>[31m
  [36m<div>[31m
    [36m<div[31m
      [33mclass[31m=[32m"group relative h-auto w-full px-4 py-4 cursor-pointer transition-all duration-300 before:absolute before:inset-y-0 before:left-0 before:w-1 before:rounded-r before:transition-all before:duration-300 before:bg-gradient-to-b before:from-brand-500 before:to-accent-500 bg-brand-500/5 hover:bg-background-tertiary hover:shadow-lg"[31m
      [33mdata-testid[31m=[32m"conversation-card"[31m
    [36m>[31m
      [36m<div[31m
        [33mclass[31m=[32m"flex items-center justify-between w-full"[31m
      [36m>[31m
        [36m<div[31m
          [33mclass[31m=[32m"flex items-center gap-2 flex-1 min-w-0 overflow-hidden mr-2"[31m
        [36m>[31m
          [36m<span[31m
            [33mclass[31m=[32m"w-3 h-3 rounded-full flex-shrink-0 animate-pulse bg-gradient-to-r from-brand-500 to-accent-500"[31m
            [33mstyle[31m=[32m"box-shadow: 0 0 8px 3px rgba(59, 130, 246, 0.4);"[31m
          [36m/>[31m
          [36m<div[31m
            [33mclass[31m=[32m"relative flex-1 min-w-0"[31m
          [36m>[31m
            [36m<p[31m
              [33mclass[31m=[32m"text-sm leading-6 font-semibold bg-transparent truncate pr-4 text-foreground group-hover:text-violet-500 transition-colors duration-300"[31m
              [33mdata-testid[31m=[32m"conversation-card-title"[31m
              [33mtitle[31m=[32m"Conversation 1"[31m
            [36m>[31m
              [0mConversation 1[0m
            [36m</p>[31m
            [36m<div[31m
              [33mclass[31m=[32m"pointer-events-none absolute right-0 top-0 h-full w-6 bg-gradient-to-l from-background-secondary via-background-secondary/40 to-transparent"[31m
            [36m/>[31m
          [36m</div>[31m
        [36m</div>[31m
        [36m<div[31m
          [33mclass[31m=[32m"flex items-center"[31m
        [36m>[31m
          ...[39m
[31m     ÔåÆ Cannot read properties of undefined (reading 'clipboard')[39m
[31m   [31m├ù[31m ConversationCard[2m > [22mshould call onDelete when the delete button is clicked[39m[33m 2477[2mms[22m[39m
[31m     ÔåÆ Cannot read properties of undefined (reading 'clipboard')[39m
[31m   [31m├ù[31m ConversationCard[2m > [22mclicking the selectedRepository should not trigger the onClick handler[39m[33m 1074[2mms[22m[39m
[31m     ÔåÆ Found multiple elements by: [data-testid="conversation-card-selected-repository"]

Here are the matching elements:

Ignored nodes: comments, script, style
[36m<span[31m
  [33mclass[31m=[32m"text-xs text-foreground-secondary"[31m
  [33mdata-testid[31m=[32m"conversation-card-selected-repository"[31m
[36m>[31m
  [0morg/selectedRepository[0m
[36m</span>[31m

Ignored nodes: comments, script, style
[36m<span[31m
  [33mclass[31m=[32m"text-xs text-foreground-secondary"[31m
  [33mdata-testid[31m=[32m"conversation-card-selected-repository"[31m
[36m>[31m
  [0morg/selectedRepository[0m
[36m</span>[31m

(If this is intentional, then use the `*AllBy*` variant of the query (like `queryAllByText`, `getAllByText`, or `findAllByText`)).

Ignored nodes: comments, script, style
[36m<body>[31m
  [36m<div>[31m
    [36m<div[31m
      [33mclass[31m=[32m"group relative h-auto w-full px-4 py-4 cursor-pointer transition-all duration-300 before:absolute before:inset-y-0 before:left-0 before:w-1 before:rounded-r before:transition-all before:duration-300 before:bg-gradient-to-b before:from-brand-500 before:to-accent-500 bg-brand-500/5 hover:bg-background-tertiary hover:shadow-lg"[31m
      [33mdata-testid[31m=[32m"conversation-card"[31m
    [36m>[31m
      [36m<div[31m
        [33mclass[31m=[32m"flex items-center justify-between w-full"[31m
      [36m>[31m
        [36m<div[31m
          [33mclass[31m=[32m"flex items-center gap-2 flex-1 min-w-0 overflow-hidden mr-2"[31m
        [36m>[31m
          [36m<span[31m
            [33mclass[31m=[32m"w-3 h-3 rounded-full flex-shrink-0 animate-pulse bg-gradient-to-r from-brand-500 to-accent-500"[31m
            [33mstyle[31m=[32m"box-shadow: 0 0 8px 3px rgba(59, 130, 246, 0.4);"[31m
          [36m/>[31m
          [36m<div[31m
            [33mclass[31m=[32m"relative flex-1 min-w-0"[31m
          [36m>[31m
            [36m<p[31m
              [33mclass[31m=[32m"text-sm leading-6 font-semibold bg-transparent truncate pr-4 text-foreground group-hover:text-violet-500 transition-colors duration-300"[31m
              [33mdata-testid[31m=[32m"conversation-card-title"[31m
              [33mtitle[31m=[32m"Conversation 1"[31m
            [36m>[31m
              [0mConversation 1[0m
            [36m</p>[31m
            [36m<div[31m
              [33mclass[31m=[32m"pointer-events-none absolute right-0 top-0 h-full w-6 bg-gradient-to-l from-background-secondary via-background-secondary/40 to-transparent"[31m
            [36m/>[31m
          [36m</div>[31m
        [36m</div>[31m
        [36m<div[31m
          [33mclass[31m=[32m"flex items-center"[31m
        [36m>[31m
          [36m<div[31m
            [33mdata-testid[31m=[32m"STOPPED-indicator"[31m
          [36m>[31m
            [36m<svg[31m
              [33mdata-testid[31m=[32m"mocked-svg"[31m
            [36m/>[31m
          [36m</div>[31m
          [36m<div[31m
            [33mclass[31m=[32m"pl-2"[31m
          [36m>[31m
            [36m<button[31m
              [33mclass[31m=[32m"cursor-pointer"[31m
              [33mdata-testid[31m=[32m"ellipsis-button"[31m
              [33mtype[31m=[32m"button"[31m
            [36m>[31m
              [36m<svg[31m
                [33mfill[31m=[32m"#a3a3a3"[31m
                [33mheight[31m=[32m"1em"[31m
                [33mstroke[31m=[32m"currentColor"[31m
                [33mstroke-width[31m=[32m"0"[31m
                [33mviewBox[31m=[32m"0 0 192 512"[31m
                [33mwidth[31m=[32m"1em"[31m
                [33mxmlns[31m=[32m"http://www.w3.org/2000/svg"[31m
              [36m>[31m
                [36m<path[31m
                  [33md[31m=[32m"M96 184c39.8 0 72 32.2 72 72s-32.2 72-72 72-72-32.2-72-72 32.2-72 72-72zM24 80c0 39.8 32.2 72 72 72s72-32.2 72-72S135.8 8 96 8 24 40.2 24 80zm0 352c0 39.8 32.2 72 72 72s72-32.2 72-72-32.2-72-72-72-72 32.2-72 72z"[31m
                [36m/>[31m
              [36m</svg>[31m
            [36m</button>[31m
          [36m</div>[31m
          [36m<div[31m
            [33mclass[31m=[32m"relative"[31m
          [36m/>[31m
        [36m</div>[31m
      [36m</div>[31m
      [36m<div[31m
        [33mclass[31m=[32m"mt-1 space-y-1"[31m
      [36m>[31m
        [36m<div[31m
          [33mclass[31m=[32m"flex items-center gap-1 text-[11px] text-foreground-secondary font-medium tracking-wide"[31m
        [36m>[31m
          [36m<svg[31m
            [33maria-hidden[31m=[32m"true"[31m
            [33mclass[31m=[32m"lucide lucide-clock3 lucide-clock-3 w-3 h-3 opacity-60 text-foreground-secondary"[31m
            [33mfill[31m=[32m"none"[31m
            [33mheight[31m=[32m"24"[31m
            [33mstroke[31m=[32m"currentColor"[31m
            [33mstroke-linecap[31m=[32m"round"[31m
            [33mstroke-linejoin[31m=[32m"round"[31m
            [33mstroke-width[31m=[32m"2"[31m
            [33mviewBox[31m=[32m"0 0 24 24"[31m
            [33mwidth[31m=[32m"24"[31m
            [33mxmlns[31m=[32m"http://www.w3.org/2000/svg"[31m
          [36m>[31m
            [36m<path[31m
              [33md[31m=[32m"M12 6v6h4"[31m
            [36m/>[31m
            [36m<circle[31m
              [33mcx[31m=[32m"12"[31m
              [33mcy[31m=[32m"12"[31m
              [33mr[31m=[32m"10"[31m
            [36m/>[31m
          [36m</svg>[31m
          [36m<span>[31m
            [0mCreated[0m
            [0m [0m
            [36m<span>[31m
              [0m01/10/2021[0m
            [36m</span>[31m
            [0m [0m
            [0mago[0m
          [36m</span>[31m
        [36m</div>[31m
      [36m</div>[31m
    [36m</div>[31m
  [36m</div>[31m
  [36m<div>[31m
    [36m<div[31m
      [33mclass[31m=[32m"group relative h-auto w-full px-4 py-4 cursor-pointer transition-all duration-300 before:absolute before:inset-y-0 before:left-0 before:w-1 before:rounded-r before:transition-all before:duration-300 before:bg-gradient-to-b before:from-brand-500 before:to-accent-500 bg-brand-500/5 hover:bg-background-tertiary hover:shadow-lg"[31m
      [33mdata-testid[31m=[32m"conversation-card"[31m
    [36m>[31m
      [36m<div[31m
        [33mclass[31m=[32m"flex items-center justify-between w-full"[31m
      [36m>[31m
        [36m<div[31m
          [33mclass[31m=[32m"flex items-center gap-2 flex-1 min-w-0 overflow-hidden mr-2"[31m
        [36m>[31m
          [36m<span[31m
            [33mclass[31m=[32m"w-3 h-3 rounded-full flex-shrink-0 animate-pulse bg-gradient-to-r from-brand-500 to-accent-500"[31m
            [33mstyle[31m=[32m"box-shadow: 0 0 8px 3px rgba(59, 130, 246, 0.4);"[31m
          [36m/>[31m
          [36m<div[31m
            [33mclass[31m=[32m"relative flex-1 min-w-0"[31m
          [36m>[31m
            [36m<p[31m
              [33mclass[31m=[32m"text-sm leading-6 font-semibold bg-transparent truncate pr-4 text-foreground group-hover:text-violet-500 transition-colors duration-300"[31m
              [33mdata-testid[31m=[32m"conversation-card-title"[31m
              [33mtitle[31m=[32m"Conversation 1"[31m
            [36m>[31m
              [0mConversation 1[0m
            [36m</p>[31m
            [36m<div[31m
              [33mclass[31m=[32m"pointer-events-none absolute right-0 top-0 h-full w-6 bg-gradient-to-l from-background-secondary via-background-secondary/40 to-transparent"[31m
            [36m/>[31m
          [36m</div>[31m
        [36m</div>[31m
        [36m<div[31m
          [33mclass[31m=[32m"flex items-center"[31m
        [36m>[31m
          ...[39m
[31m     ÔåÆ Cannot read properties of undefined (reading 'clipboard')[39m
[31m   [31m├ù[31m ConversationCard[2m > [22mconversation title should call onChangeTitle when changed and blurred[39m[33m 608[2mms[22m[39m
[31m     ÔåÆ Found multiple elements by: [data-testid="ellipsis-button"]

Here are the matching elements:

Ignored nodes: comments, script, style
[36m<button[31m
  [33mclass[31m=[32m"cursor-pointer"[31m
  [33mdata-testid[31m=[32m"ellipsis-button"[31m
  [33mtype[31m=[32m"button"[31m
[36m>[31m
  [36m<svg[31m
    [33mfill[31m=[32m"#a3a3a3"[31m
    [33mheight[31m=[32m"1em"[31m
    [33mstroke[31m=[32m"currentColor"[31m
    [33mstroke-width[31m=[32m"0"[31m
    [33mviewBox[31m=[32m"0 0 192 512"[31m
    [33mwidth[31m=[32m"1em"[31m
    [33mxmlns[31m=[32m"http://www.w3.org/2000/svg"[31m
  [36m>[31m
    [36m<path[31m
      [33md[31m=[32m"M96 184c39.8 0 72 32.2 72 72s-32.2 72-72 72-72-32.2-72-72 32.2-72 72-72zM24 80c0 39.8 32.2 72 72 72s72-32.2 72-72S135.8 8 96 8 24 40.2 24 80zm0 352c0 39.8 32.2 72 72 72s72-32.2 72-72-32.2-72-72-72-72 32.2-72 72z"[31m
    [36m/>[31m
  [36m</svg>[31m
[36m</button>[31m

Ignored nodes: comments, script, style
[36m<button[31m
  [33mclass[31m=[32m"cursor-pointer"[31m
  [33mdata-testid[31m=[32m"ellipsis-button"[31m
  [33mtype[31m=[32m"button"[31m
[36m>[31m
  [36m<svg[31m
    [33mfill[31m=[32m"#a3a3a3"[31m
    [33mheight[31m=[32m"1em"[31m
    [33mstroke[31m=[32m"currentColor"[31m
    [33mstroke-width[31m=[32m"0"[31m
    [33mviewBox[31m=[32m"0 0 192 512"[31m
    [33mwidth[31m=[32m"1em"[31m
    [33mxmlns[31m=[32m"http://www.w3.org/2000/svg"[31m
  [36m>[31m
    [36m<path[31m
      [33md[31m=[32m"M96 184c39.8 0 72 32.2 72 72s-32.2 72-72 72-72-32.2-72-72 32.2-72 72-72zM24 80c0 39.8 32.2 72 72 72s72-32.2 72-72S135.8 8 96 8 24 40.2 24 80zm0 352c0 39.8 32.2 72 72 72s72-32.2 72-72-32.2-72-72-72-72 32.2-72 72z"[31m
    [36m/>[31m
  [36m</svg>[31m
[36m</button>[31m

Ignored nodes: comments, script, style
[36m<button[31m
  [33mclass[31m=[32m"cursor-pointer"[31m
  [33mdata-testid[31m=[32m"ellipsis-button"[31m
  [33mtype[31m=[32m"button"[31m
[36m>[31m
  [36m<svg[31m
    [33mfill[31m=[32m"#a3a3a3"[31m
    [33mheight[31m=[32m"1em"[31m
    [33mstroke[31m=[32m"currentColor"[31m
    [33mstroke-width[31m=[32m"0"[31m
    [33mviewBox[31m=[32m"0 0 192 512"[31m
    [33mwidth[31m=[32m"1em"[31m
    [33mxmlns[31m=[32m"http://www.w3.org/2000/svg"[31m
  [36m>[31m
    [36m<path[31m
      [33md[31m=[32m"M96 184c39.8 0 72 32.2 72 72s-32.2 72-72 72-72-32.2-72-72 32.2-72 72-72zM24 80c0 39.8 32.2 72 72 72s72-32.2 72-72S135.8 8 96 8 24 40.2 24 80zm0 352c0 39.8 32.2 72 72 72s72-32.2 72-72-32.2-72-72-72-72 32.2-72 72z"[31m
    [36m/>[31m
  [36m</svg>[31m
[36m</button>[31m

Ignored nodes: comments, script, style
[36m<button[31m
  [33mclass[31m=[32m"cursor-pointer"[31m
  [33mdata-testid[31m=[32m"ellipsis-button"[31m
  [33mtype[31m=[32m"button"[31m
[36m>[31m
  [36m<svg[31m
    [33mfill[31m=[32m"#a3a3a3"[31m
    [33mheight[31m=[32m"1em"[31m
    [33mstroke[31m=[32m"currentColor"[31m
    [33mstroke-width[31m=[32m"0"[31m
    [33mviewBox[31m=[32m"0 0 192 512"[31m
    [33mwidth[31m=[32m"1em"[31m
    [33mxmlns[31m=[32m"http://www.w3.org/2000/svg"[31m
  [36m>[31m
    [36m<path[31m
      [33md[31m=[32m"M96 184c39.8 0 72 32.2 72 72s-32.2 72-72 72-72-32.2-72-72 32.2-72 72-72zM24 80c0 39.8 32.2 72 72 72s72-32.2 72-72S135.8 8 96 8 24 40.2 24 80zm0 352c0 39.8 32.2 72 72 72s72-32.2 72-72-32.2-72-72-72-72 32.2-72 72z"[31m
    [36m/>[31m
  [36m</svg>[31m
[36m</button>[31m

Ignored nodes: comments, script, style
[36m<button[31m
  [33mclass[31m=[32m"cursor-pointer"[31m
  [33mdata-testid[31m=[32m"ellipsis-button"[31m
  [33mtype[31m=[32m"button"[31m
[36m>[31m
  [36m<svg[31m
    [33mfill[31m=[32m"#a3a3a3"[31m
    [33mheight[31m=[32m"1em"[31m
    [33mstroke[31m=[32m"currentColor"[31m
    [33mstroke-width[31m=[32m"0"[31m
    [33mviewBox[31m=[32m"0 0 192 512"[31m
    [33mwidth[31m=[32m"1em"[31m
    [33mxmlns[31m=[32m"http://www.w3.org/2000/svg"[31m
  [36m>[31m
    [36m<path[31m
      [33md[31m=[32m"M96 184c39.8 0 72 32.2 72 72s-32.2 72-72 72-72-32.2-72-72 32.2-72 72-72zM24 80c0 39.8 32.2 72 72 72s72-32.2 72-72S135.8 8 96 8 24 40.2 24 80zm0 352c0 39.8 32.2 72 72 72s72-32.2 72-72-32.2-72-72-72-72 32.2-72 72z"[31m
    [36m/>[31m
  [36m</svg>[31m
[36m</button>[31m

Ignored nodes: comments, script, style
[36m<button[31m
  [33mclass[31m=[32m"cursor-pointer"[31m
  [33mdata-testid[31m=[32m"ellipsis-button"[31m
  [33mtype[31m=[32m"button"[31m
[36m>[31m
  [36m<svg[31m
    [33mfill[31m=[32m"#a3a3a3"[31m
    [33mheight[31m=[32m"1em"[31m
    [33mstroke[31m=[32m"currentColor"[31m
    [33mstroke-width[31m=[32m"0"[31m
    [33mviewBox[31m=[32m"0 0 192 512"[31m
    [33mwidth[31m=[32m"1em"[31m
    [33mxmlns[31m=[32m"http://www.w3.org/2000/svg"[31m
  [36m>[31m
    [36m<path[31m
      [33md[31m=[32m"M96 184c39.8 0 72 32.2 72 72s-32.2 72-72 72-72-32.2-72-72 32.2-72 72-72zM24 80c0 39.8 32.2 72 72 72s72-32.2 72-72S135.8 8 96 8 24 40.2 24 80zm0 352c0 39.8 32.2 72 72 72s72-32.2 72-72-32.2-72-72-72-72 32.2-72 72z"[31m
    [36m/>[31m
  [36m</svg>[31m
[36m</button>[31m

(If this is intentional, then use the `*AllBy*` variant of the query (like `queryAllByText`, `getAllByText`, or `findAllByText`)).

Ignored nodes: comments, script, style
[36m<body>[31m
  [36m<div>[31m
    [36m<div[31m
      [33mclass[31m=[32m"group relative h-auto w-full px-4 py-4 cursor-pointer transition-all duration-300 before:absolute before:inset-y-0 before:left-0 before:w-1 before:rounded-r before:transition-all before:duration-300 before:bg-gradient-to-b before:from-brand-500 before:to-accent-500 bg-brand-500/5 hover:bg-background-tertiary hover:shadow-lg"[31m
      [33mdata-testid[31m=[32m"conversation-card"[31m
    [36m>[31m
      [36m<div[31m
        [33mclass[31m=[32m"flex items-center justify-between w-full"[31m
      [36m>[31m
        [36m<div[31m
          [33mclass[31m=[32m"flex items-center gap-2 flex-1 min-w-0 overflow-hidden mr-2"[31m
        [36m>[31m
          [36m<span[31m
            [33mclass[31m=[32m"w-3 h-3 rounded-full flex-shrink-0 animate-pulse bg-gradient-to-r from-brand-500 to-accent-500"[31m
            [33mstyle[31m=[32m"box-shadow: 0 0 8px 3px rgba(59, 130, 246, 0.4);"[31m
          [36m/>[31m
          [36m<div[31m
            [33mclass[31m=[32m"relative flex-1 min-w-0"[31m
          [36m>[31m
            [36m<p[31m
              [33mclass[31m=[32m"text-sm leading-6 font-semibold bg-transparent truncate pr-4 text-foreground group-hover:text-violet-500 transition-colors duration-300"[31m
              [33mdata-testid[31m=[32m"conversation-card-title"[31m
              [33mtitle[31m=[32m"Conversation 1"[31m
            [36m>[31m
              [0mConversation 1[0m
            [36m</p>[31m
            [36m<div[31m
              [33mclass[31m=[32m"pointer-events-none absolute right-0 top-0 h-full w-6 bg-gradient-to-l from-background-secondary via-background-secondary/40 to-transparent"[31m
            [36m/>[31m
          [36m</div>[31m
        [36m</div>[31m
        [36m<div[31m
          [33mclass[31m=[32m"flex items-center"[31m
        [36m>[31m
          [36m<div[31m
            [33mdata-testid[31m=[32m"STOPPED-indicator"[31m
          [36m>[31m
            [36m<svg[31m
              [33mdata-testid[31m=[32m"mocked-svg"[31m
            [36m/>[31m
          [36m</div>[31m
          [36m<div[31m
            [33mclass[31m=[32m"pl-2"[31m
          [36m>[31m
            [36m<button[31m
              [33mclass[31m=[32m"cursor-pointer"[31m
              [33mdata-testid[31m=[32m"ellipsis-button"[31m
              [33mtype[31m=[32m"button"[31m
            [36m>[31m
              [36m<svg[31m
                [33mfill[31m=[32m"#a3a3a3"[31m
                [33mheight[31m=[32m"1em"[31m
                [33mstroke[31m=[32m"currentColor"[31m
                [33mstroke-width[31m=[32m"0"[31m
                [33mviewBox[31m=[32m"0 0 192 512"[31m
                [33mwidth[31m=[32m"1em"[31m
                [33mxmlns[31m=[32m"http://www.w3.org/2000/svg"[31m
              [36m>[31m
                [36m<path[31m
                  [33md[31m=[32m"M96 184c39.8 0 72 32.2 72 72s-32.2 72-72 72-72-32.2-72-72 32.2-72 72-72zM24 80c0 39.8 32.2 72 72 72s72-32.2 72-72S135.8 8 96 8 24 40.2 24 80zm0 352c0 39.8 32.2 72 72 72s72-32.2 72-72-32.2-72-72-72-72 32.2-72 72z"[31m
                [36m/>[31m
              [36m</svg>[31m
            [36m</button>[31m
          [36m</div>[31m
          [36m<div[31m
            [33mclass[31m=[32m"relative"[31m
          [36m/>[31m
        [36m</div>[31m
      [36m</div>[31m
      [36m<div[31m
        [33mclass[31m=[32m"mt-1 space-y-1"[31m
      [36m>[31m
        [36m<div[31m
          [33mclass[31m=[32m"flex items-center gap-1 text-[11px] text-foreground-secondary font-medium tracking-wide"[31m
        [36m>[31m
          [36m<svg[31m
            [33maria-hidden[31m=[32m"true"[31m
            [33mclass[31m=[32m"lucide lucide-clock3 lucide-clock-3 w-3 h-3 opacity-60 text-foreground-secondary"[31m
            [33mfill[31m=[32m"none"[31m
            [33mheight[31m=[32m"24"[31m
            [33mstroke[31m=[32m"currentColor"[31m
            [33mstroke-linecap[31m=[32m"round"[31m
            [33mstroke-linejoin[31m=[32m"round"[31m
            [33mstroke-width[31m=[32m"2"[31m
            [33mviewBox[31m=[32m"0 0 24 24"[31m
            [33mwidth[31m=[32m"24"[31m
            [33mxmlns[31m=[32m"http://www.w3.org/2000/svg"[31m
          [36m>[31m
            [36m<path[31m
              [33md[31m=[32m"M12 6v6h4"[31m
            [36m/>[31m
            [36m<circle[31m
              [33mcx[31m=[32m"12"[31m
              [33mcy[31m=[32m"12"[31m
              [33mr[31m=[32m"10"[31m
            [36m/>[31m
          [36m</svg>[31m
          [36m<span>[31m
            [0mCreated[0m
            [0m [0m
            [36m<span>[31m
              [0m01/10/2021[0m
            [36m</span>[31m
            [0m [0m
            [0mago[0m
          [36m</span>[31m
        [36m</div>[31m
      [36m</div>[31m
    [36m</div>[31m
  [36m</div>[31m
  [36m<div>[31m
    [36m<div[31m
      [33mclass[31m=[32m"group relative h-auto w-full px-4 py-4 cursor-pointer transition-all duration-300 before:absolute before:inset-y-0 before:left-0 before:w-1 before:rounded-r before:transition-all before:duration-300 before:bg-gradient-to-b before:from-brand-500 before:to-accent-500 bg-brand-500/5 hover:bg-background-tertiary hover:shadow-lg"[31m
      [33mdata-testid[31m=[32m"conversation-card"[31m
    [36m>[31m
      [36m<div[31m
        [33mclass[31m=[32m"flex items-center justify-between w-full"[31m
      [36m>[31m
        [36m<div[31m
          [33mclass[31m=[32m"flex items-center gap-2 flex-1 min-w-0 overflow-hidden mr-2"[31m
        [36m>[31m
          [36m<span[31m
            [33mclass[31m=[32m"w-3 h-3 rounded-full flex-shrink-0 animate-pulse bg-gradient-to-r from-brand-500 to-accent-500"[31m
            [33mstyle[31m=[32m"box-shadow: 0 0 8px 3px rgba(59, 130, 246, 0.4);"[31m
          [36m/>[31m
          [36m<div[31m
            [33mclass[31m=[32m"relative flex-1 min-w-0"[31m
          [36m>[31m
            [36m<p[31m
              [33mclass[31m=[32m"text-sm leading-6 font-semibold bg-transparent truncate pr-4 text-foreground group-hover:text-violet-500 transition-colors duration-300"[31m
              [33mdata-testid[31m=[32m"conversation-card-title"[31m
              [33mtitle[31m=[32m"Conversation 1"[31m
            [36m>[31m
              [0mConversation 1[0m
            [36m</p>[31m
            [36m<div[31m
              [33mclass[31m=[32m"pointer-events-none absolute right-0 top-0 h-full w-6 bg-gradient-to-l from-background-secondary via-background-secondary/40 to-transparent"[31m
            [36m/>[31m
          [36m</div>[31m
        [36m</div>[31m
        [36m<div[31m
          [33mclass[31m=[32m"flex items-center"[31m
        [36m>[31m
          ...[39m
[31m     ÔåÆ Cannot read properties of undefined (reading 'clipboard')[39m
[31m   [31m├ù[31m ConversationCard[2m > [22mshould reset title and not call onChangeTitle when the title is empty[39m[33m 537[2mms[22m[39m
[31m     ÔåÆ Found multiple elements by: [data-testid="ellipsis-button"]

Here are the matching elements:

Ignored nodes: comments, script, style
[36m<button[31m
  [33mclass[31m=[32m"cursor-pointer"[31m
  [33mdata-testid[31m=[32m"ellipsis-button"[31m
  [33mtype[31m=[32m"button"[31m
[36m>[31m
  [36m<svg[31m
    [33mfill[31m=[32m"#a3a3a3"[31m
    [33mheight[31m=[32m"1em"[31m
    [33mstroke[31m=[32m"currentColor"[31m
    [33mstroke-width[31m=[32m"0"[31m
    [33mviewBox[31m=[32m"0 0 192 512"[31m
    [33mwidth[31m=[32m"1em"[31m
    [33mxmlns[31m=[32m"http://www.w3.org/2000/svg"[31m
  [36m>[31m
    [36m<path[31m
      [33md[31m=[32m"M96 184c39.8 0 72 32.2 72 72s-32.2 72-72 72-72-32.2-72-72 32.2-72 72-72zM24 80c0 39.8 32.2 72 72 72s72-32.2 72-72S135.8 8 96 8 24 40.2 24 80zm0 352c0 39.8 32.2 72 72 72s72-32.2 72-72-32.2-72-72-72-72 32.2-72 72z"[31m
    [36m/>[31m
  [36m</svg>[31m
[36m</button>[31m

Ignored nodes: comments, script, style
[36m<button[31m
  [33mclass[31m=[32m"cursor-pointer"[31m
  [33mdata-testid[31m=[32m"ellipsis-button"[31m
  [33mtype[31m=[32m"button"[31m
[36m>[31m
  [36m<svg[31m
    [33mfill[31m=[32m"#a3a3a3"[31m
    [33mheight[31m=[32m"1em"[31m
    [33mstroke[31m=[32m"currentColor"[31m
    [33mstroke-width[31m=[32m"0"[31m
    [33mviewBox[31m=[32m"0 0 192 512"[31m
    [33mwidth[31m=[32m"1em"[31m
    [33mxmlns[31m=[32m"http://www.w3.org/2000/svg"[31m
  [36m>[31m
    [36m<path[31m
      [33md[31m=[32m"M96 184c39.8 0 72 32.2 72 72s-32.2 72-72 72-72-32.2-72-72 32.2-72 72-72zM24 80c0 39.8 32.2 72 72 72s72-32.2 72-72S135.8 8 96 8 24 40.2 24 80zm0 352c0 39.8 32.2 72 72 72s72-32.2 72-72-32.2-72-72-72-72 32.2-72 72z"[31m
    [36m/>[31m
  [36m</svg>[31m
[36m</button>[31m

Ignored nodes: comments, script, style
[36m<button[31m
  [33mclass[31m=[32m"cursor-pointer"[31m
  [33mdata-testid[31m=[32m"ellipsis-button"[31m
  [33mtype[31m=[32m"button"[31m
[36m>[31m
  [36m<svg[31m
    [33mfill[31m=[32m"#a3a3a3"[31m
    [33mheight[31m=[32m"1em"[31m
    [33mstroke[31m=[32m"currentColor"[31m
    [33mstroke-width[31m=[32m"0"[31m
    [33mviewBox[31m=[32m"0 0 192 512"[31m
    [33mwidth[31m=[32m"1em"[31m
    [33mxmlns[31m=[32m"http://www.w3.org/2000/svg"[31m
  [36m>[31m
    [36m<path[31m
      [33md[31m=[32m"M96 184c39.8 0 72 32.2 72 72s-32.2 72-72 72-72-32.2-72-72 32.2-72 72-72zM24 80c0 39.8 32.2 72 72 72s72-32.2 72-72S135.8 8 96 8 24 40.2 24 80zm0 352c0 39.8 32.2 72 72 72s72-32.2 72-72-32.2-72-72-72-72 32.2-72 72z"[31m
    [36m/>[31m
  [36m</svg>[31m
[36m</button>[31m

Ignored nodes: comments, script, style
[36m<button[31m
  [33mclass[31m=[32m"cursor-pointer"[31m
  [33mdata-testid[31m=[32m"ellipsis-button"[31m
  [33mtype[31m=[32m"button"[31m
[36m>[31m
  [36m<svg[31m
    [33mfill[31m=[32m"#a3a3a3"[31m
    [33mheight[31m=[32m"1em"[31m
    [33mstroke[31m=[32m"currentColor"[31m
    [33mstroke-width[31m=[32m"0"[31m
    [33mviewBox[31m=[32m"0 0 192 512"[31m
    [33mwidth[31m=[32m"1em"[31m
    [33mxmlns[31m=[32m"http://www.w3.org/2000/svg"[31m
  [36m>[31m
    [36m<path[31m
      [33md[31m=[32m"M96 184c39.8 0 72 32.2 72 72s-32.2 72-72 72-72-32.2-72-72 32.2-72 72-72zM24 80c0 39.8 32.2 72 72 72s72-32.2 72-72S135.8 8 96 8 24 40.2 24 80zm0 352c0 39.8 32.2 72 72 72s72-32.2 72-72-32.2-72-72-72-72 32.2-72 72z"[31m
    [36m/>[31m
  [36m</svg>[31m
[36m</button>[31m

Ignored nodes: comments, script, style
[36m<button[31m
  [33mclass[31m=[32m"cursor-pointer"[31m
  [33mdata-testid[31m=[32m"ellipsis-button"[31m
  [33mtype[31m=[32m"button"[31m
[36m>[31m
  [36m<svg[31m
    [33mfill[31m=[32m"#a3a3a3"[31m
    [33mheight[31m=[32m"1em"[31m
    [33mstroke[31m=[32m"currentColor"[31m
    [33mstroke-width[31m=[32m"0"[31m
    [33mviewBox[31m=[32m"0 0 192 512"[31m
    [33mwidth[31m=[32m"1em"[31m
    [33mxmlns[31m=[32m"http://www.w3.org/2000/svg"[31m
  [36m>[31m
    [36m<path[31m
      [33md[31m=[32m"M96 184c39.8 0 72 32.2 72 72s-32.2 72-72 72-72-32.2-72-72 32.2-72 72-72zM24 80c0 39.8 32.2 72 72 72s72-32.2 72-72S135.8 8 96 8 24 40.2 24 80zm0 352c0 39.8 32.2 72 72 72s72-32.2 72-72-32.2-72-72-72-72 32.2-72 72z"[31m
    [36m/>[31m
  [36m</svg>[31m
[36m</button>[31m

Ignored nodes: comments, script, style
[36m<button[31m
  [33mclass[31m=[32m"cursor-pointer"[31m
  [33mdata-testid[31m=[32m"ellipsis-button"[31m
  [33mtype[31m=[32m"button"[31m
[36m>[31m
  [36m<svg[31m
    [33mfill[31m=[32m"#a3a3a3"[31m
    [33mheight[31m=[32m"1em"[31m
    [33mstroke[31m=[32m"currentColor"[31m
    [33mstroke-width[31m=[32m"0"[31m
    [33mviewBox[31m=[32m"0 0 192 512"[31m
    [33mwidth[31m=[32m"1em"[31m
    [33mxmlns[31m=[32m"http://www.w3.org/2000/svg"[31m
  [36m>[31m
    [36m<path[31m
      [33md[31m=[32m"M96 184c39.8 0 72 32.2 72 72s-32.2 72-72 72-72-32.2-72-72 32.2-72 72-72zM24 80c0 39.8 32.2 72 72 72s72-32.2 72-72S135.8 8 96 8 24 40.2 24 80zm0 352c0 39.8 32.2 72 72 72s72-32.2 72-72-32.2-72-72-72-72 32.2-72 72z"[31m
    [36m/>[31m
  [36m</svg>[31m
[36m</button>[31m

Ignored nodes: comments, script, style
[36m<button[31m
  [33mclass[31m=[32m"cursor-pointer"[31m
  [33mdata-testid[31m=[32m"ellipsis-button"[31m
  [33mtype[31m=[32m"button"[31m
[36m>[31m
  [36m<svg[31m
    [33mfill[31m=[32m"#a3a3a3"[31m
    [33mheight[31m=[32m"1em"[31m
    [33mstroke[31m=[32m"currentColor"[31m
    [33mstroke-width[31m=[32m"0"[31m
    [33mviewBox[31m=[32m"0 0 192 512"[31m
    [33mwidth[31m=[32m"1em"[31m
    [33mxmlns[31m=[32m"http://www.w3.org/2000/svg"[31m
  [36m>[31m
    [36m<path[31m
      [33md[31m=[32m"M96 184c39.8 0 72 32.2 72 72s-32.2 72-72 72-72-32.2-72-72 32.2-72 72-72zM24 80c0 39.8 32.2 72 72 72s72-32.2 72-72S135.8 8 96 8 24 40.2 24 80zm0 352c0 39.8 32.2 72 72 72s72-32.2 72-72-32.2-72-72-72-72 32.2-72 72z"[31m
    [36m/>[31m
  [36m</svg>[31m
[36m</button>[31m

(If this is intentional, then use the `*AllBy*` variant of the query (like `queryAllByText`, `getAllByText`, or `findAllByText`)).

Ignored nodes: comments, script, style
[36m<body>[31m
  [36m<div>[31m
    [36m<div[31m
      [33mclass[31m=[32m"group relative h-auto w-full px-4 py-4 cursor-pointer transition-all duration-300 before:absolute before:inset-y-0 before:left-0 before:w-1 before:rounded-r before:transition-all before:duration-300 before:bg-gradient-to-b before:from-brand-500 before:to-accent-500 bg-brand-500/5 hover:bg-background-tertiary hover:shadow-lg"[31m
      [33mdata-testid[31m=[32m"conversation-card"[31m
    [36m>[31m
      [36m<div[31m
        [33mclass[31m=[32m"flex items-center justify-between w-full"[31m
      [36m>[31m
        [36m<div[31m
          [33mclass[31m=[32m"flex items-center gap-2 flex-1 min-w-0 overflow-hidden mr-2"[31m
        [36m>[31m
          [36m<span[31m
            [33mclass[31m=[32m"w-3 h-3 rounded-full flex-shrink-0 animate-pulse bg-gradient-to-r from-brand-500 to-accent-500"[31m
            [33mstyle[31m=[32m"box-shadow: 0 0 8px 3px rgba(59, 130, 246, 0.4);"[31m
          [36m/>[31m
          [36m<div[31m
            [33mclass[31m=[32m"relative flex-1 min-w-0"[31m
          [36m>[31m
            [36m<p[31m
              [33mclass[31m=[32m"text-sm leading-6 font-semibold bg-transparent truncate pr-4 text-foreground group-hover:text-violet-500 transition-colors duration-300"[31m
              [33mdata-testid[31m=[32m"conversation-card-title"[31m
              [33mtitle[31m=[32m"Conversation 1"[31m
            [36m>[31m
              [0mConversation 1[0m
            [36m</p>[31m
            [36m<div[31m
              [33mclass[31m=[32m"pointer-events-none absolute right-0 top-0 h-full w-6 bg-gradient-to-l from-background-secondary via-background-secondary/40 to-transparent"[31m
            [36m/>[31m
          [36m</div>[31m
        [36m</div>[31m
        [36m<div[31m
          [33mclass[31m=[32m"flex items-center"[31m
        [36m>[31m
          [36m<div[31m
            [33mdata-testid[31m=[32m"STOPPED-indicator"[31m
          [36m>[31m
            [36m<svg[31m
              [33mdata-testid[31m=[32m"mocked-svg"[31m
            [36m/>[31m
          [36m</div>[31m
          [36m<div[31m
            [33mclass[31m=[32m"pl-2"[31m
          [36m>[31m
            [36m<button[31m
              [33mclass[31m=[32m"cursor-pointer"[31m
              [33mdata-testid[31m=[32m"ellipsis-button"[31m
              [33mtype[31m=[32m"button"[31m
            [36m>[31m
              [36m<svg[31m
                [33mfill[31m=[32m"#a3a3a3"[31m
                [33mheight[31m=[32m"1em"[31m
                [33mstroke[31m=[32m"currentColor"[31m
                [33mstroke-width[31m=[32m"0"[31m
                [33mviewBox[31m=[32m"0 0 192 512"[31m
                [33mwidth[31m=[32m"1em"[31m
                [33mxmlns[31m=[32m"http://www.w3.org/2000/svg"[31m
              [36m>[31m
                [36m<path[31m
                  [33md[31m=[32m"M96 184c39.8 0 72 32.2 72 72s-32.2 72-72 72-72-32.2-72-72 32.2-72 72-72zM24 80c0 39.8 32.2 72 72 72s72-32.2 72-72S135.8 8 96 8 24 40.2 24 80zm0 352c0 39.8 32.2 72 72 72s72-32.2 72-72-32.2-72-72-72-72 32.2-72 72z"[31m
                [36m/>[31m
              [36m</svg>[31m
            [36m</button>[31m
          [36m</div>[31m
          [36m<div[31m
            [33mclass[31m=[32m"relative"[31m
          [36m/>[31m
        [36m</div>[31m
      [36m</div>[31m
      [36m<div[31m
        [33mclass[31m=[32m"mt-1 space-y-1"[31m
      [36m>[31m
        [36m<div[31m
          [33mclass[31m=[32m"flex items-center gap-1 text-[11px] text-foreground-secondary font-medium tracking-wide"[31m
        [36m>[31m
          [36m<svg[31m
            [33maria-hidden[31m=[32m"true"[31m
            [33mclass[31m=[32m"lucide lucide-clock3 lucide-clock-3 w-3 h-3 opacity-60 text-foreground-secondary"[31m
            [33mfill[31m=[32m"none"[31m
            [33mheight[31m=[32m"24"[31m
            [33mstroke[31m=[32m"currentColor"[31m
            [33mstroke-linecap[31m=[32m"round"[31m
            [33mstroke-linejoin[31m=[32m"round"[31m
            [33mstroke-width[31m=[32m"2"[31m
            [33mviewBox[31m=[32m"0 0 24 24"[31m
            [33mwidth[31m=[32m"24"[31m
            [33mxmlns[31m=[32m"http://www.w3.org/2000/svg"[31m
          [36m>[31m
            [36m<path[31m
              [33md[31m=[32m"M12 6v6h4"[31m
            [36m/>[31m
            [36m<circle[31m
              [33mcx[31m=[32m"12"[31m
              [33mcy[31m=[32m"12"[31m
              [33mr[31m=[32m"10"[31m
            [36m/>[31m
          [36m</svg>[31m
          [36m<span>[31m
            [0mCreated[0m
            [0m [0m
            [36m<span>[31m
              [0m01/10/2021[0m
            [36m</span>[31m
            [0m [0m
            [0mago[0m
          [36m</span>[31m
        [36m</div>[31m
      [36m</div>[31m
    [36m</div>[31m
  [36m</div>[31m
  [36m<div>[31m
    [36m<div[31m
      [33mclass[31m=[32m"group relative h-auto w-full px-4 py-4 cursor-pointer transition-all duration-300 before:absolute before:inset-y-0 before:left-0 before:w-1 before:rounded-r before:transition-all before:duration-300 before:bg-gradient-to-b before:from-brand-500 before:to-accent-500 bg-brand-500/5 hover:bg-background-tertiary hover:shadow-lg"[31m
      [33mdata-testid[31m=[32m"conversation-card"[31m
    [36m>[31m
      [36m<div[31m
        [33mclass[31m=[32m"flex items-center justify-between w-full"[31m
      [36m>[31m
        [36m<div[31m
          [33mclass[31m=[32m"flex items-center gap-2 flex-1 min-w-0 overflow-hidden mr-2"[31m
        [36m>[31m
          [36m<span[31m
            [33mclass[31m=[32m"w-3 h-3 rounded-full flex-shrink-0 animate-pulse bg-gradient-to-r from-brand-500 to-accent-500"[31m
            [33mstyle[31m=[32m"box-shadow: 0 0 8px 3px rgba(59, 130, 246, 0.4);"[31m
          [36m/>[31m
          [36m<div[31m
            [33mclass[31m=[32m"relative flex-1 min-w-0"[31m
          [36m>[31m
            [36m<p[31m
              [33mclass[31m=[32m"text-sm leading-6 font-semibold bg-transparent truncate pr-4 text-foreground group-hover:text-violet-500 transition-colors duration-300"[31m
              [33mdata-testid[31m=[32m"conversation-card-title"[31m
              [33mtitle[31m=[32m"Conversation 1"[31m
            [36m>[31m
              [0mConversation 1[0m
            [36m</p>[31m
            [36m<div[31m
              [33mclass[31m=[32m"pointer-events-none absolute right-0 top-0 h-full w-6 bg-gradient-to-l from-background-secondary via-background-secondary/40 to-transparent"[31m
            [36m/>[31m
          [36m</div>[31m
        [36m</div>[31m
        [36m<div[31m
          [33mclass[31m=[32m"flex items-center"[31m
        [36m>[31m
          ...[39m
[31m     ÔåÆ Cannot read properties of undefined (reading 'clipboard')[39m
[31m   [31m├ù[31m ConversationCard[2m > [22mclicking the title should trigger the onClick handler[39m[32m 294[2mms[22m[39m
[31m     ÔåÆ Found multiple elements by: [data-testid="conversation-card-title"]

Here are the matching elements:

Ignored nodes: comments, script, style
[36m<p[31m
  [33mclass[31m=[32m"text-sm leading-6 font-semibold bg-transparent truncate pr-4 text-foreground group-hover:text-violet-500 transition-colors duration-300"[31m
  [33mdata-testid[31m=[32m"conversation-card-title"[31m
  [33mtitle[31m=[32m"Conversation 1"[31m
[36m>[31m
  [0mConversation 1[0m
[36m</p>[31m

Ignored nodes: comments, script, style
[36m<p[31m
  [33mclass[31m=[32m"text-sm leading-6 font-semibold bg-transparent truncate pr-4 text-foreground group-hover:text-violet-500 transition-colors duration-300"[31m
  [33mdata-testid[31m=[32m"conversation-card-title"[31m
  [33mtitle[31m=[32m"Conversation 1"[31m
[36m>[31m
  [0mConversation 1[0m
[36m</p>[31m

Ignored nodes: comments, script, style
[36m<p[31m
  [33mclass[31m=[32m"text-sm leading-6 font-semibold bg-transparent truncate pr-4 text-foreground group-hover:text-violet-500 transition-colors duration-300"[31m
  [33mdata-testid[31m=[32m"conversation-card-title"[31m
  [33mtitle[31m=[32m"Conversation 1"[31m
[36m>[31m
  [0mConversation 1[0m
[36m</p>[31m

Ignored nodes: comments, script, style
[36m<p[31m
  [33mclass[31m=[32m"text-sm leading-6 font-semibold bg-transparent truncate pr-4 text-foreground group-hover:text-violet-500 transition-colors duration-300"[31m
  [33mdata-testid[31m=[32m"conversation-card-title"[31m
  [33mtitle[31m=[32m"Conversation 1"[31m
[36m>[31m
  [0mConversation 1[0m
[36m</p>[31m

Ignored nodes: comments, script, style
[36m<p[31m
  [33mclass[31m=[32m"text-sm leading-6 font-semibold bg-transparent truncate pr-4 text-foreground group-hover:text-violet-500 transition-colors duration-300"[31m
  [33mdata-testid[31m=[32m"conversation-card-title"[31m
  [33mtitle[31m=[32m"Conversation 1"[31m
[36m>[31m
  [0mConversation 1[0m
[36m</p>[31m

Ignored nodes: comments, script, style
[36m<p[31m
  [33mclass[31m=[32m"text-sm leading-6 font-semibold bg-transparent truncate pr-4 text-foreground group-hover:text-violet-500 transition-colors duration-300"[31m
  [33mdata-testid[31m=[32m"conversation-card-title"[31m
  [33mtitle[31m=[32m"Conversation 1"[31m
[36m>[31m
  [0mConversation 1[0m
[36m</p>[31m

Ignored nodes: comments, script, style
[36m<p[31m
  [33mclass[31m=[32m"text-sm leading-6 font-semibold bg-transparent truncate pr-4 text-foreground group-hover:text-violet-500 transition-colors duration-300"[31m
  [33mdata-testid[31m=[32m"conversation-card-title"[31m
  [33mtitle[31m=[32m"Conversation 1"[31m
[36m>[31m
  [0mConversation 1[0m
[36m</p>[31m

Ignored nodes: comments, script, style
[36m<p[31m
  [33mclass[31m=[32m"text-sm leading-6 font-semibold bg-transparent truncate pr-4 text-foreground group-hover:text-violet-500 transition-colors duration-300"[31m
  [33mdata-testid[31m=[32m"conversation-card-title"[31m
  [33mtitle[31m=[32m"Conversation 1"[31m
[36m>[31m
  [0mConversation 1[0m
[36m</p>[31m

(If this is intentional, then use the `*AllBy*` variant of the query (like `queryAllByText`, `getAllByText`, or `findAllByText`)).

Ignored nodes: comments, script, style
[36m<body>[31m
  [36m<div>[31m
    [36m<div[31m
      [33mclass[31m=[32m"group relative h-auto w-full px-4 py-4 cursor-pointer transition-all duration-300 before:absolute before:inset-y-0 before:left-0 before:w-1 before:rounded-r before:transition-all before:duration-300 before:bg-gradient-to-b before:from-brand-500 before:to-accent-500 bg-brand-500/5 hover:bg-background-tertiary hover:shadow-lg"[31m
      [33mdata-testid[31m=[32m"conversation-card"[31m
    [36m>[31m
      [36m<div[31m
        [33mclass[31m=[32m"flex items-center justify-between w-full"[31m
      [36m>[31m
        [36m<div[31m
          [33mclass[31m=[32m"flex items-center gap-2 flex-1 min-w-0 overflow-hidden mr-2"[31m
        [36m>[31m
          [36m<span[31m
            [33mclass[31m=[32m"w-3 h-3 rounded-full flex-shrink-0 animate-pulse bg-gradient-to-r from-brand-500 to-accent-500"[31m
            [33mstyle[31m=[32m"box-shadow: 0 0 8px 3px rgba(59, 130, 246, 0.4);"[31m
          [36m/>[31m
          [36m<div[31m
            [33mclass[31m=[32m"relative flex-1 min-w-0"[31m
          [36m>[31m
            [36m<p[31m
              [33mclass[31m=[32m"text-sm leading-6 font-semibold bg-transparent truncate pr-4 text-foreground group-hover:text-violet-500 transition-colors duration-300"[31m
              [33mdata-testid[31m=[32m"conversation-card-title"[31m
              [33mtitle[31m=[32m"Conversation 1"[31m
            [36m>[31m
              [0mConversation 1[0m
            [36m</p>[31m
            [36m<div[31m
              [33mclass[31m=[32m"pointer-events-none absolute right-0 top-0 h-full w-6 bg-gradient-to-l from-background-secondary via-background-secondary/40 to-transparent"[31m
            [36m/>[31m
          [36m</div>[31m
        [36m</div>[31m
        [36m<div[31m
          [33mclass[31m=[32m"flex items-center"[31m
        [36m>[31m
          [36m<div[31m
            [33mdata-testid[31m=[32m"STOPPED-indicator"[31m
          [36m>[31m
            [36m<svg[31m
              [33mdata-testid[31m=[32m"mocked-svg"[31m
            [36m/>[31m
          [36m</div>[31m
          [36m<div[31m
            [33mclass[31m=[32m"pl-2"[31m
          [36m>[31m
            [36m<button[31m
              [33mclass[31m=[32m"cursor-pointer"[31m
              [33mdata-testid[31m=[32m"ellipsis-button"[31m
              [33mtype[31m=[32m"button"[31m
            [36m>[31m
              [36m<svg[31m
                [33mfill[31m=[32m"#a3a3a3"[31m
                [33mheight[31m=[32m"1em"[31m
                [33mstroke[31m=[32m"currentColor"[31m
                [33mstroke-width[31m=[32m"0"[31m
                [33mviewBox[31m=[32m"0 0 192 512"[31m
                [33mwidth[31m=[32m"1em"[31m
                [33mxmlns[31m=[32m"http://www.w3.org/2000/svg"[31m
              [36m>[31m
                [36m<path[31m
                  [33md[31m=[32m"M96 184c39.8 0 72 32.2 72 72s-32.2 72-72 72-72-32.2-72-72 32.2-72 72-72zM24 80c0 39.8 32.2 72 72 72s72-32.2 72-72S135.8 8 96 8 24 40.2 24 80zm0 352c0 39.8 32.2 72 72 72s72-32.2 72-72-32.2-72-72-72-72 32.2-72 72z"[31m
                [36m/>[31m
              [36m</svg>[31m
            [36m</button>[31m
          [36m</div>[31m
          [36m<div[31m
            [33mclass[31m=[32m"relative"[31m
          [36m/>[31m
        [36m</div>[31m
      [36m</div>[31m
      [36m<div[31m
        [33mclass[31m=[32m"mt-1 space-y-1"[31m
      [36m>[31m
        [36m<div[31m
          [33mclass[31m=[32m"flex items-center gap-1 text-[11px] text-foreground-secondary font-medium tracking-wide"[31m
        [36m>[31m
          [36m<svg[31m
            [33maria-hidden[31m=[32m"true"[31m
            [33mclass[31m=[32m"lucide lucide-clock3 lucide-clock-3 w-3 h-3 opacity-60 text-foreground-secondary"[31m
            [33mfill[31m=[32m"none"[31m
            [33mheight[31m=[32m"24"[31m
            [33mstroke[31m=[32m"currentColor"[31m
            [33mstroke-linecap[31m=[32m"round"[31m
            [33mstroke-linejoin[31m=[32m"round"[31m
            [33mstroke-width[31m=[32m"2"[31m
            [33mviewBox[31m=[32m"0 0 24 24"[31m
            [33mwidth[31m=[32m"24"[31m
            [33mxmlns[31m=[32m"http://www.w3.org/2000/svg"[31m
          [36m>[31m
            [36m<path[31m
              [33md[31m=[32m"M12 6v6h4"[31m
            [36m/>[31m
            [36m<circle[31m
              [33mcx[31m=[32m"12"[31m
              [33mcy[31m=[32m"12"[31m
              [33mr[31m=[32m"10"[31m
            [36m/>[31m
          [36m</svg>[31m
          [36m<span>[31m
            [0mCreated[0m
            [0m [0m
            [36m<span>[31m
              [0m01/10/2021[0m
            [36m</span>[31m
            [0m [0m
            [0mago[0m
          [36m</span>[31m
        [36m</div>[31m
      [36m</div>[31m
    [36m</div>[31m
  [36m</div>[31m
  [36m<div>[31m
    [36m<div[31m
      [33mclass[31m=[32m"group relative h-auto w-full px-4 py-4 cursor-pointer transition-all duration-300 before:absolute before:inset-y-0 before:left-0 before:w-1 before:rounded-r before:transition-all before:duration-300 before:bg-gradient-to-b before:from-brand-500 before:to-accent-500 bg-brand-500/5 hover:bg-background-tertiary hover:shadow-lg"[31m
      [33mdata-testid[31m=[32m"conversation-card"[31m
    [36m>[31m
      [36m<div[31m
        [33mclass[31m=[32m"flex items-center justify-between w-full"[31m
      [36m>[31m
        [36m<div[31m
          [33mclass[31m=[32m"flex items-center gap-2 flex-1 min-w-0 overflow-hidden mr-2"[31m
        [36m>[31m
          [36m<span[31m
            [33mclass[31m=[32m"w-3 h-3 rounded-full flex-shrink-0 animate-pulse bg-gradient-to-r from-brand-500 to-accent-500"[31m
            [33mstyle[31m=[32m"box-shadow: 0 0 8px 3px rgba(59, 130, 246, 0.4);"[31m
          [36m/>[31m
          [36m<div[31m
            [33mclass[31m=[32m"relative flex-1 min-w-0"[31m
          [36m>[31m
            [36m<p[31m
              [33mclass[31m=[32m"text-sm leading-6 font-semibold bg-transparent truncate pr-4 text-foreground group-hover:text-violet-500 transition-colors duration-300"[31m
              [33mdata-testid[31m=[32m"conversation-card-title"[31m
              [33mtitle[31m=[32m"Conversation 1"[31m
            [36m>[31m
              [0mConversation 1[0m
            [36m</p>[31m
            [36m<div[31m
              [33mclass[31m=[32m"pointer-events-none absolute right-0 top-0 h-full w-6 bg-gradient-to-l from-background-secondary via-background-secondary/40 to-transparent"[31m
            [36m/>[31m
          [36m</div>[31m
        [36m</div>[31m
        [36m<div[31m
          [33mclass[31m=[32m"flex items-center"[31m
        [36m>[31m
          ...[39m
[31m     ÔåÆ Cannot read properties of undefined (reading 'clipboard')[39m
[31m   [31m├ù[31m ConversationCard[2m > [22mclicking the title should not trigger the onClick handler if edit mode[39m[33m 320[2mms[22m[39m
[31m     ÔåÆ Found multiple elements by: [data-testid="ellipsis-button"]

Here are the matching elements:

Ignored nodes: comments, script, style
[36m<button[31m
  [33mclass[31m=[32m"cursor-pointer"[31m
  [33mdata-testid[31m=[32m"ellipsis-button"[31m
  [33mtype[31m=[32m"button"[31m
[36m>[31m
  [36m<svg[31m
    [33mfill[31m=[32m"#a3a3a3"[31m
    [33mheight[31m=[32m"1em"[31m
    [33mstroke[31m=[32m"currentColor"[31m
    [33mstroke-width[31m=[32m"0"[31m
    [33mviewBox[31m=[32m"0 0 192 512"[31m
    [33mwidth[31m=[32m"1em"[31m
    [33mxmlns[31m=[32m"http://www.w3.org/2000/svg"[31m
  [36m>[31m
    [36m<path[31m
      [33md[31m=[32m"M96 184c39.8 0 72 32.2 72 72s-32.2 72-72 72-72-32.2-72-72 32.2-72 72-72zM24 80c0 39.8 32.2 72 72 72s72-32.2 72-72S135.8 8 96 8 24 40.2 24 80zm0 352c0 39.8 32.2 72 72 72s72-32.2 72-72-32.2-72-72-72-72 32.2-72 72z"[31m
    [36m/>[31m
  [36m</svg>[31m
[36m</button>[31m

Ignored nodes: comments, script, style
[36m<button[31m
  [33mclass[31m=[32m"cursor-pointer"[31m
  [33mdata-testid[31m=[32m"ellipsis-button"[31m
  [33mtype[31m=[32m"button"[31m
[36m>[31m
  [36m<svg[31m
    [33mfill[31m=[32m"#a3a3a3"[31m
    [33mheight[31m=[32m"1em"[31m
    [33mstroke[31m=[32m"currentColor"[31m
    [33mstroke-width[31m=[32m"0"[31m
    [33mviewBox[31m=[32m"0 0 192 512"[31m
    [33mwidth[31m=[32m"1em"[31m
    [33mxmlns[31m=[32m"http://www.w3.org/2000/svg"[31m
  [36m>[31m
    [36m<path[31m
      [33md[31m=[32m"M96 184c39.8 0 72 32.2 72 72s-32.2 72-72 72-72-32.2-72-72 32.2-72 72-72zM24 80c0 39.8 32.2 72 72 72s72-32.2 72-72S135.8 8 96 8 24 40.2 24 80zm0 352c0 39.8 32.2 72 72 72s72-32.2 72-72-32.2-72-72-72-72 32.2-72 72z"[31m
    [36m/>[31m
  [36m</svg>[31m
[36m</button>[31m

Ignored nodes: comments, script, style
[36m<button[31m
  [33mclass[31m=[32m"cursor-pointer"[31m
  [33mdata-testid[31m=[32m"ellipsis-button"[31m
  [33mtype[31m=[32m"button"[31m
[36m>[31m
  [36m<svg[31m
    [33mfill[31m=[32m"#a3a3a3"[31m
    [33mheight[31m=[32m"1em"[31m
    [33mstroke[31m=[32m"currentColor"[31m
    [33mstroke-width[31m=[32m"0"[31m
    [33mviewBox[31m=[32m"0 0 192 512"[31m
    [33mwidth[31m=[32m"1em"[31m
    [33mxmlns[31m=[32m"http://www.w3.org/2000/svg"[31m
  [36m>[31m
    [36m<path[31m
      [33md[31m=[32m"M96 184c39.8 0 72 32.2 72 72s-32.2 72-72 72-72-32.2-72-72 32.2-72 72-72zM24 80c0 39.8 32.2 72 72 72s72-32.2 72-72S135.8 8 96 8 24 40.2 24 80zm0 352c0 39.8 32.2 72 72 72s72-32.2 72-72-32.2-72-72-72-72 32.2-72 72z"[31m
    [36m/>[31m
  [36m</svg>[31m
[36m</button>[31m

Ignored nodes: comments, script, style
[36m<button[31m
  [33mclass[31m=[32m"cursor-pointer"[31m
  [33mdata-testid[31m=[32m"ellipsis-button"[31m
  [33mtype[31m=[32m"button"[31m
[36m>[31m
  [36m<svg[31m
    [33mfill[31m=[32m"#a3a3a3"[31m
    [33mheight[31m=[32m"1em"[31m
    [33mstroke[31m=[32m"currentColor"[31m
    [33mstroke-width[31m=[32m"0"[31m
    [33mviewBox[31m=[32m"0 0 192 512"[31m
    [33mwidth[31m=[32m"1em"[31m
    [33mxmlns[31m=[32m"http://www.w3.org/2000/svg"[31m
  [36m>[31m
    [36m<path[31m
      [33md[31m=[32m"M96 184c39.8 0 72 32.2 72 72s-32.2 72-72 72-72-32.2-72-72 32.2-72 72-72zM24 80c0 39.8 32.2 72 72 72s72-32.2 72-72S135.8 8 96 8 24 40.2 24 80zm0 352c0 39.8 32.2 72 72 72s72-32.2 72-72-32.2-72-72-72-72 32.2-72 72z"[31m
    [36m/>[31m
  [36m</svg>[31m
[36m</button>[31m

Ignored nodes: comments, script, style
[36m<button[31m
  [33mclass[31m=[32m"cursor-pointer"[31m
  [33mdata-testid[31m=[32m"ellipsis-button"[31m
  [33mtype[31m=[32m"button"[31m
[36m>[31m
  [36m<svg[31m
    [33mfill[31m=[32m"#a3a3a3"[31m
    [33mheight[31m=[32m"1em"[31m
    [33mstroke[31m=[32m"currentColor"[31m
    [33mstroke-width[31m=[32m"0"[31m
    [33mviewBox[31m=[32m"0 0 192 512"[31m
    [33mwidth[31m=[32m"1em"[31m
    [33mxmlns[31m=[32m"http://www.w3.org/2000/svg"[31m
  [36m>[31m
    [36m<path[31m
      [33md[31m=[32m"M96 184c39.8 0 72 32.2 72 72s-32.2 72-72 72-72-32.2-72-72 32.2-72 72-72zM24 80c0 39.8 32.2 72 72 72s72-32.2 72-72S135.8 8 96 8 24 40.2 24 80zm0 352c0 39.8 32.2 72 72 72s72-32.2 72-72-32.2-72-72-72-72 32.2-72 72z"[31m
    [36m/>[31m
  [36m</svg>[31m
[36m</button>[31m

Ignored nodes: comments, script, style
[36m<button[31m
  [33mclass[31m=[32m"cursor-pointer"[31m
  [33mdata-testid[31m=[32m"ellipsis-button"[31m
  [33mtype[31m=[32m"button"[31m
[36m>[31m
  [36m<svg[31m
    [33mfill[31m=[32m"#a3a3a3"[31m
    [33mheight[31m=[32m"1em"[31m
    [33mstroke[31m=[32m"currentColor"[31m
    [33mstroke-width[31m=[32m"0"[31m
    [33mviewBox[31m=[32m"0 0 192 512"[31m
    [33mwidth[31m=[32m"1em"[31m
    [33mxmlns[31m=[32m"http://www.w3.org/2000/svg"[31m
  [36m>[31m
    [36m<path[31m
      [33md[31m=[32m"M96 184c39.8 0 72 32.2 72 72s-32.2 72-72 72-72-32.2-72-72 32.2-72 72-72zM24 80c0 39.8 32.2 72 72 72s72-32.2 72-72S135.8 8 96 8 24 40.2 24 80zm0 352c0 39.8 32.2 72 72 72s72-32.2 72-72-32.2-72-72-72-72 32.2-72 72z"[31m
    [36m/>[31m
  [36m</svg>[31m
[36m</button>[31m

Ignored nodes: comments, script, style
[36m<button[31m
  [33mclass[31m=[32m"cursor-pointer"[31m
  [33mdata-testid[31m=[32m"ellipsis-button"[31m
  [33mtype[31m=[32m"button"[31m
[36m>[31m
  [36m<svg[31m
    [33mfill[31m=[32m"#a3a3a3"[31m
    [33mheight[31m=[32m"1em"[31m
    [33mstroke[31m=[32m"currentColor"[31m
    [33mstroke-width[31m=[32m"0"[31m
    [33mviewBox[31m=[32m"0 0 192 512"[31m
    [33mwidth[31m=[32m"1em"[31m
    [33mxmlns[31m=[32m"http://www.w3.org/2000/svg"[31m
  [36m>[31m
    [36m<path[31m
      [33md[31m=[32m"M96 184c39.8 0 72 32.2 72 72s-32.2 72-72 72-72-32.2-72-72 32.2-72 72-72zM24 80c0 39.8 32.2 72 72 72s72-32.2 72-72S135.8 8 96 8 24 40.2 24 80zm0 352c0 39.8 32.2 72 72 72s72-32.2 72-72-32.2-72-72-72-72 32.2-72 72z"[31m
    [36m/>[31m
  [36m</svg>[31m
[36m</button>[31m

Ignored nodes: comments, script, style
[36m<button[31m
  [33mclass[31m=[32m"cursor-pointer"[31m
  [33mdata-testid[31m=[32m"ellipsis-button"[31m
  [33mtype[31m=[32m"button"[31m
[36m>[31m
  [36m<svg[31m
    [33mfill[31m=[32m"#a3a3a3"[31m
    [33mheight[31m=[32m"1em"[31m
    [33mstroke[31m=[32m"currentColor"[31m
    [33mstroke-width[31m=[32m"0"[31m
    [33mviewBox[31m=[32m"0 0 192 512"[31m
    [33mwidth[31m=[32m"1em"[31m
    [33mxmlns[31m=[32m"http://www.w3.org/2000/svg"[31m
  [36m>[31m
    [36m<path[31m
      [33md[31m=[32m"M96 184c39.8 0 72 32.2 72 72s-32.2 72-72 72-72-32.2-72-72 32.2-72 72-72zM24 80c0 39.8 32.2 72 72 72s72-32.2 72-72S135.8 8 96 8 24 40.2 24 80zm0 352c0 39.8 32.2 72 72 72s72-32.2 72-72-32.2-72-72-72-72 32.2-72 72z"[31m
    [36m/>[31m
  [36m</svg>[31m
[36m</button>[31m

Ignored nodes: comments, script, style
[36m<button[31m
  [33mclass[31m=[32m"cursor-pointer"[31m
  [33mdata-testid[31m=[32m"ellipsis-button"[31m
  [33mtype[31m=[32m"button"[31m
[36m>[31m
  [36m<svg[31m
    [33mfill[31m=[32m"#a3a3a3"[31m
    [33mheight[31m=[32m"1em"[31m
    [33mstroke[31m=[32m"currentColor"[31m
    [33mstroke-width[31m=[32m"0"[31m
    [33mviewBox[31m=[32m"0 0 192 512"[31m
    [33mwidth[31m=[32m"1em"[31m
    [33mxmlns[31m=[32m"http://www.w3.org/2000/svg"[31m
  [36m>[31m
    [36m<path[31m
      [33md[31m=[32m"M96 184c39.8 0 72 32.2 72 72s-32.2 72-72 72-72-32.2-72-72 32.2-72 72-72zM24 80c0 39.8 32.2 72 72 72s72-32.2 72-72S135.8 8 96 8 24 40.2 24 80zm0 352c0 39.8 32.2 72 72 72s72-32.2 72-72-32.2-72-72-72-72 32.2-72 72z"[31m
    [36m/>[31m
  [36m</svg>[31m
[36m</button>[31m

(If this is intentional, then use the `*AllBy*` variant of the query (like `queryAllByText`, `getAllByText`, or `findAllByText`)).

Ignored nodes: comments, script, style
[36m<body>[31m
  [36m<div>[31m
    [36m<div[31m
      [33mclass[31m=[32m"group relative h-auto w-full px-4 py-4 cursor-pointer transition-all duration-300 before:absolute before:inset-y-0 before:left-0 before:w-1 before:rounded-r before:transition-all before:duration-300 before:bg-gradient-to-b before:from-brand-500 before:to-accent-500 bg-brand-500/5 hover:bg-background-tertiary hover:shadow-lg"[31m
      [33mdata-testid[31m=[32m"conversation-card"[31m
    [36m>[31m
      [36m<div[31m
        [33mclass[31m=[32m"flex items-center justify-between w-full"[31m
      [36m>[31m
        [36m<div[31m
          [33mclass[31m=[32m"flex items-center gap-2 flex-1 min-w-0 overflow-hidden mr-2"[31m
        [36m>[31m
          [36m<span[31m
            [33mclass[31m=[32m"w-3 h-3 rounded-full flex-shrink-0 animate-pulse bg-gradient-to-r from-brand-500 to-accent-500"[31m
            [33mstyle[31m=[32m"box-shadow: 0 0 8px 3px rgba(59, 130, 246, 0.4);"[31m
          [36m/>[31m
          [36m<div[31m
            [33mclass[31m=[32m"relative flex-1 min-w-0"[31m
          [36m>[31m
            [36m<p[31m
              [33mclass[31m=[32m"text-sm leading-6 font-semibold bg-transparent truncate pr-4 text-foreground group-hover:text-violet-500 transition-colors duration-300"[31m
              [33mdata-testid[31m=[32m"conversation-card-title"[31m
              [33mtitle[31m=[32m"Conversation 1"[31m
            [36m>[31m
              [0mConversation 1[0m
            [36m</p>[31m
            [36m<div[31m
              [33mclass[31m=[32m"pointer-events-none absolute right-0 top-0 h-full w-6 bg-gradient-to-l from-background-secondary via-background-secondary/40 to-transparent"[31m
            [36m/>[31m
          [36m</div>[31m
        [36m</div>[31m
        [36m<div[31m
          [33mclass[31m=[32m"flex items-center"[31m
        [36m>[31m
          [36m<div[31m
            [33mdata-testid[31m=[32m"STOPPED-indicator"[31m
          [36m>[31m
            [36m<svg[31m
              [33mdata-testid[31m=[32m"mocked-svg"[31m
            [36m/>[31m
          [36m</div>[31m
          [36m<div[31m
            [33mclass[31m=[32m"pl-2"[31m
          [36m>[31m
            [36m<button[31m
              [33mclass[31m=[32m"cursor-pointer"[31m
              [33mdata-testid[31m=[32m"ellipsis-button"[31m
              [33mtype[31m=[32m"button"[31m
            [36m>[31m
              [36m<svg[31m
                [33mfill[31m=[32m"#a3a3a3"[31m
                [33mheight[31m=[32m"1em"[31m
                [33mstroke[31m=[32m"currentColor"[31m
                [33mstroke-width[31m=[32m"0"[31m
                [33mviewBox[31m=[32m"0 0 192 512"[31m
                [33mwidth[31m=[32m"1em"[31m
                [33mxmlns[31m=[32m"http://www.w3.org/2000/svg"[31m
              [36m>[31m
                [36m<path[31m
                  [33md[31m=[32m"M96 184c39.8 0 72 32.2 72 72s-32.2 72-72 72-72-32.2-72-72 32.2-72 72-72zM24 80c0 39.8 32.2 72 72 72s72-32.2 72-72S135.8 8 96 8 24 40.2 24 80zm0 352c0 39.8 32.2 72 72 72s72-32.2 72-72-32.2-72-72-72-72 32.2-72 72z"[31m
                [36m/>[31m
              [36m</svg>[31m
            [36m</button>[31m
          [36m</div>[31m
          [36m<div[31m
            [33mclass[31m=[32m"relative"[31m
          [36m/>[31m
        [36m</div>[31m
      [36m</div>[31m
      [36m<div[31m
        [33mclass[31m=[32m"mt-1 space-y-1"[31m
      [36m>[31m
        [36m<div[31m
          [33mclass[31m=[32m"flex items-center gap-1 text-[11px] text-foreground-secondary font-medium tracking-wide"[31m
        [36m>[31m
          [36m<svg[31m
            [33maria-hidden[31m=[32m"true"[31m
            [33mclass[31m=[32m"lucide lucide-clock3 lucide-clock-3 w-3 h-3 opacity-60 text-foreground-secondary"[31m
            [33mfill[31m=[32m"none"[31m
            [33mheight[31m=[32m"24"[31m
            [33mstroke[31m=[32m"currentColor"[31m
            [33mstroke-linecap[31m=[32m"round"[31m
            [33mstroke-linejoin[31m=[32m"round"[31m
            [33mstroke-width[31m=[32m"2"[31m
            [33mviewBox[31m=[32m"0 0 24 24"[31m
            [33mwidth[31m=[32m"24"[31m
            [33mxmlns[31m=[32m"http://www.w3.org/2000/svg"[31m
          [36m>[31m
            [36m<path[31m
              [33md[31m=[32m"M12 6v6h4"[31m
            [36m/>[31m
            [36m<circle[31m
              [33mcx[31m=[32m"12"[31m
              [33mcy[31m=[32m"12"[31m
              [33mr[31m=[32m"10"[31m
            [36m/>[31m
          [36m</svg>[31m
          [36m<span>[31m
            [0mCreated[0m
            [0m [0m
            [36m<span>[31m
              [0m01/10/2021[0m
            [36m</span>[31m
            [0m [0m
            [0mago[0m
          [36m</span>[31m
        [36m</div>[31m
      [36m</div>[31m
    [36m</div>[31m
  [36m</div>[31m
  [36m<div>[31m
    [36m<div[31m
      [33mclass[31m=[32m"group relative h-auto w-full px-4 py-4 cursor-pointer transition-all duration-300 before:absolute before:inset-y-0 before:left-0 before:w-1 before:rounded-r before:transition-all before:duration-300 before:bg-gradient-to-b before:from-brand-500 before:to-accent-500 bg-brand-500/5 hover:bg-background-tertiary hover:shadow-lg"[31m
      [33mdata-testid[31m=[32m"conversation-card"[31m
    [36m>[31m
      [36m<div[31m
        [33mclass[31m=[32m"flex items-center justify-between w-full"[31m
      [36m>[31m
        [36m<div[31m
          [33mclass[31m=[32m"flex items-center gap-2 flex-1 min-w-0 overflow-hidden mr-2"[31m
        [36m>[31m
          [36m<span[31m
            [33mclass[31m=[32m"w-3 h-3 rounded-full flex-shrink-0 animate-pulse bg-gradient-to-r from-brand-500 to-accent-500"[31m
            [33mstyle[31m=[32m"box-shadow: 0 0 8px 3px rgba(59, 130, 246, 0.4);"[31m
          [36m/>[31m
          [36m<div[31m
            [33mclass[31m=[32m"relative flex-1 min-w-0"[31m
          [36m>[31m
            [36m<p[31m
              [33mclass[31m=[32m"text-sm leading-6 font-semibold bg-transparent truncate pr-4 text-foreground group-hover:text-violet-500 transition-colors duration-300"[31m
              [33mdata-testid[31m=[32m"conversation-card-title"[31m
              [33mtitle[31m=[32m"Conversation 1"[31m
            [36m>[31m
              [0mConversation 1[0m
            [36m</p>[31m
            [36m<div[31m
              [33mclass[31m=[32m"pointer-events-none absolute right-0 top-0 h-full w-6 bg-gradient-to-l from-background-secondary via-background-secondary/40 to-transparent"[31m
            [36m/>[31m
          [36m</div>[31m
        [36m</div>[31m
        [36m<div[31m
          [33mclass[31m=[32m"flex items-center"[31m
        [36m>[31m
          ...[39m
[31m     ÔåÆ Cannot read properties of undefined (reading 'clipboard')[39m
[31m   [31m├ù[31m ConversationCard[2m > [22mclicking the delete button should not trigger the onClick handler[39m[33m 436[2mms[22m[39m
[31m     ÔåÆ Found multiple elements by: [data-testid="context-menu"]

Here are the matching elements:

Ignored nodes: comments, script, style
[36m<div[31m
  [33mclass[31m=[32m"bg-background-secondary backdrop-blur-xl border border-border rounded-2xl overflow-hidden z-50 shadow-2xl right-0 absolute mt-3 top-full"[31m
  [33mdata-testid[31m=[32m"context-menu"[31m
  [33mrole[31m=[32m"menu"[31m
  [33mtabindex[31m=[32m"-1"[31m
[36m>[31m
  [36m<button[31m
    [33mclass[31m=[32m"group text-sm px-6 py-4 w-full text-start hover:bg-background-tertiary cursor-pointer transition-all duration-200 disabled:opacity-50 disabled:cursor-not-allowed disabled:hover:bg-transparent text-nowrap text-foreground hover:text-violet-500 font-medium"[31m
    [33mdata-testid[31m=[32m"edit-button"[31m
    [33mtype[31m=[32m"button"[31m
  [36m>[31m
    [36m<div[31m
      [33mclass[31m=[32m"flex items-center gap-4 px-1"[31m
    [36m>[31m
      [36m<svg[31m
        [33maria-hidden[31m=[32m"true"[31m
        [33mclass[31m=[32m"lucide lucide-pencil w-5 h-5 shrink-0 text-violet-500/80 group-hover:text-violet-500 transition-colors duration-300"[31m
        [33mfill[31m=[32m"none"[31m
        [33mheight[31m=[32m"24"[31m
        [33mstroke[31m=[32m"currentColor"[31m
        [33mstroke-linecap[31m=[32m"round"[31m
        [33mstroke-linejoin[31m=[32m"round"[31m
        [33mstroke-width[31m=[32m"2"[31m
        [33mviewBox[31m=[32m"0 0 24 24"[31m
        [33mwidth[31m=[32m"24"[31m
        [33mxmlns[31m=[32m"http://www.w3.org/2000/svg"[31m
      [36m>[31m
        [36m<path[31m
          [33md[31m=[32m"M21.174 6.812a1 1 0 0 0-3.986-3.987L3.842 16.174a2 2 0 0 0-.5.83l-1.321 4.352a.5.5 0 0 0 .623.622l4.353-1.32a2 2 0 0 0 .83-.497z"[31m
        [36m/>[31m
        [36m<path[31m
          [33md[31m=[32m"m15 5 4 4"[31m
        [36m/>[31m
      [36m</svg>[31m
      [36m<span[31m
        [33mclass[31m=[32m"text-foreground group-hover:text-violet-500 transition-colors duration-300"[31m
      [36m>[31m
        [0mBUTTON$EDIT_TITLE[0m
      [36m</span>[31m
    [36m</div>[31m
  [36m</button>[31m
  [36m<div[31m
    [33mclass[31m=[32m"w-full h-[1px] bg-gradient-to-r from-transparent via-border to-transparent my-1"[31m
  [36m/>[31m
  [36m<button[31m
    [33mclass[31m=[32m"group text-sm px-6 py-4 w-full text-start hover:bg-background-tertiary cursor-pointer transition-all duration-200 disabled:opacity-50 disabled:cursor-not-allowed disabled:hover:bg-transparent text-nowrap text-foreground hover:text-violet-500 font-medium"[31m
    [33mdata-testid[31m=[32m"delete-button"[31m
    [33mtype[31m=[32m"button"[31m
  [36m>[31m
    [36m<div[31m
      [33mclass[31m=[32m"flex items-center gap-4 px-1"[31m
    [36m>[31m
      [36m<svg[31m
        [33maria-hidden[31m=[32m"true"[31m
        [33mclass[31m=[32m"lucide lucide-trash w-5 h-5 shrink-0 text-violet-500/80 group-hover:text-violet-500 transition-colors duration-300"[31m
        [33mfill[31m=[32m"none"[31m
        [33mheight[31m=[32m"24"[31m
        [33mstroke[31m=[32m"currentColor"[31m
        [33mstroke-linecap[31m=[32m"round"[31m
        [33mstroke-linejoin[31m=[32m"round"[31m
        [33mstroke-width[31m=[32m"2"[31m
        [33mviewBox[31m=[32m"0 0 24 24"[31m
        [33mwidth[31m=[32m"24"[31m
        [33mxmlns[31m=[32m"http://www.w3.org/2000/svg"[31m
      [36m>[31m
        [36m<path[31m
          [33md[31m=[32m"M19 6v14a2 2 0 0 1-2 2H7a2 2 0 0 1-2-2V6"[31m
        [36m/>[31m
        [36m<path[31m
          [33md[31m=[32m"M3 6h18"[31m
        [36m/>[31m
        [36m<path[31m
          [33md[31m=[32m"M8 6V4a2 2 0 0 1 2-2h4a2 2 0 0 1 2 2v2"[31m
        [36m/>[31m
      [36m</svg>[31m
      [36m<span[31m
        [33mclass[31m=[32m"text-foreground group-hover:text-violet-500 transition-colors duration-300"[31m
      [36m>[31m
        [0mBUTTON$DELETE[0m
      [36m</span>[31m
    [36m</div>[31m
  [36m</button>[31m
[36m</div>[31m

Ignored nodes: comments, script, style
[36m<div[31m
  [33mclass[31m=[32m"bg-background-secondary backdrop-blur-xl border border-border rounded-2xl overflow-hidden z-50 shadow-2xl right-0 absolute mt-3 top-full"[31m
  [33mdata-testid[31m=[32m"context-menu"[31m
  [33mrole[31m=[32m"menu"[31m
  [33mtabindex[31m=[32m"-1"[31m
[36m>[31m
  [36m<button[31m
    [33mclass[31m=[32m"group text-sm px-6 py-4 w-full text-start hover:bg-background-tertiary cursor-pointer transition-all duration-200 disabled:opacity-50 disabled:cursor-not-allowed disabled:hover:bg-transparent text-nowrap text-foreground hover:text-violet-500 font-medium"[31m
    [33mdata-testid[31m=[32m"edit-button"[31m
    [33mtype[31m=[32m"button"[31m
  [36m>[31m
    [36m<div[31m
      [33mclass[31m=[32m"flex items-center gap-4 px-1"[31m
    [36m>[31m
      [36m<svg[31m
        [33maria-hidden[31m=[32m"true"[31m
        [33mclass[31m=[32m"lucide lucide-pencil w-5 h-5 shrink-0 text-violet-500/80 group-hover:text-violet-500 transition-colors duration-300"[31m
        [33mfill[31m=[32m"none"[31m
        [33mheight[31m=[32m"24"[31m
        [33mstroke[31m=[32m"currentColor"[31m
        [33mstroke-linecap[31m=[32m"round"[31m
        [33mstroke-linejoin[31m=[32m"round"[31m
        [33mstroke-width[31m=[32m"2"[31m
        [33mviewBox[31m=[32m"0 0 24 24"[31m
        [33mwidth[31m=[32m"24"[31m
        [33mxmlns[31m=[32m"http://www.w3.org/2000/svg"[31m
      [36m>[31m
        [36m<path[31m
          [33md[31m=[32m"M21.174 6.812a1 1 0 0 0-3.986-3.987L3.842 16.174a2 2 0 0 0-.5.83l-1.321 4.352a.5.5 0 0 0 .623.622l4.353-1.32a2 2 0 0 0 .83-.497z"[31m
        [36m/>[31m
        [36m<path[31m
          [33md[31m=[32m"m15 5 4 4"[31m
        [36m/>[31m
      [36m</svg>[31m
      [36m<span[31m
        [33mclass[31m=[32m"text-foreground group-hover:text-violet-500 transition-colors duration-300"[31m
      [36m>[31m
        [0mBUTTON$EDIT_TITLE[0m
      [36m</span>[31m
    [36m</div>[31m
  [36m</button>[31m
  [36m<div[31m
    [33mclass[31m=[32m"w-full h-[1px] bg-gradient-to-r from-transparent via-border to-transparent my-1"[31m
  [36m/>[31m
  [36m<button[31m
    [33mclass[31m=[32m"group text-sm px-6 py-4 w-full text-start hover:bg-background-tertiary cursor-pointer transition-all duration-200 disabled:opacity-50 disabled:cursor-not-allowed disabled:hover:bg-transparent text-nowrap text-foreground hover:text-violet-500 font-medium"[31m
    [33mdata-testid[31m=[32m"delete-button"[31m
    [33mtype[31m=[32m"button"[31m
  [36m>[31m
    [36m<div[31m
      [33mclass[31m=[32m"flex items-center gap-4 px-1"[31m
    [36m>[31m
      [36m<svg[31m
        [33maria-hidden[31m=[32m"true"[31m
        [33mclass[31m=[32m"lucide lucide-trash w-5 h-5 shrink-0 text-violet-500/80 group-hover:text-violet-500 transition-colors duration-300"[31m
        [33mfill[31m=[32m"none"[31m
        [33mheight[31m=[32m"24"[31m
        [33mstroke[31m=[32m"currentColor"[31m
        [33mstroke-linecap[31m=[32m"round"[31m
        [33mstroke-linejoin[31m=[32m"round"[31m
        [33mstroke-width[31m=[32m"2"[31m
        [33mviewBox[31m=[32m"0 0 24 24"[31m
        [33mwidth[31m=[32m"24"[31m
        [33mxmlns[31m=[32m"http://www.w3.org/2000/svg"[31m
      [36m>[31m
        [36m<path[31m
          [33md[31m=[32m"M19 6v14a2 2 0 0 1-2 2H7a2 2 0 0 1-2-2V6"[31m
        [36m/>[31m
        [36m<path[31m
          [33md[31m=[32m"M3 6h18"[31m
        [36m/>[31m
        [36m<path[31m
          [33md[31m=[32m"M8 6V4a2 2 0 0 1 2-2h4a2 2 0 0 1 2 2v2"[31m
        [36m/>[31m
      [36m</svg>[31m
      [36m<span[31m
        [33mclass[31m=[32m"text-foreground group-hover:text-violet-500 transition-colors duration-300"[31m
      [36m>[31m
        [0mBUTTON$DELETE[0m
      [36m</span>[31m
    [36m</div>[31m
  [36m</button>[31m
[36m</div>[31m

Ignored nodes: comments, script, style
[36m<div[31m
  [33mclass[31m=[32m"bg-background-secondary backdrop-blur-xl border border-border rounded-2xl overflow-hidden z-50 shadow-2xl right-0 absolute mt-3 top-full"[31m
  [33mdata-testid[31m=[32m"context-menu"[31m
  [33mrole[31m=[32m"menu"[31m
  [33mtabindex[31m=[32m"-1"[31m
[36m>[31m
  [36m<button[31m
    [33mclass[31m=[32m"group text-sm px-6 py-4 w-full text-start hover:bg-background-tertiary cursor-pointer transition-all duration-200 disabled:opacity-50 disabled:cursor-not-allowed disabled:hover:bg-transparent text-nowrap text-foreground hover:text-violet-500 font-medium"[31m
    [33mdata-testid[31m=[32m"edit-button"[31m
    [33mtype[31m=[32m"button"[31m
  [36m>[31m
    [36m<div[31m
      [33mclass[31m=[32m"flex items-center gap-4 px-1"[31m
    [36m>[31m
      [36m<svg[31m
        [33maria-hidden[31m=[32m"true"[31m
        [33mclass[31m=[32m"lucide lucide-pencil w-5 h-5 shrink-0 text-violet-500/80 group-hover:text-violet-500 transition-colors duration-300"[31m
        [33mfill[31m=[32m"none"[31m
        [33mheight[31m=[32m"24"[31m
        [33mstroke[31m=[32m"currentColor"[31m
        [33mstroke-linecap[31m=[32m"round"[31m
        [33mstroke-linejoin[31m=[32m"round"[31m
        [33mstroke-width[31m=[32m"2"[31m
        [33mviewBox[31m=[32m"0 0 24 24"[31m
        [33mwidth[31m=[32m"24"[31m
        [33mxmlns[31m=[32m"http://www.w3.org/2000/svg"[31m
      [36m>[31m
        [36m<path[31m
          [33md[31m=[32m"M21.174 6.812a1 1 0 0 0-3.986-3.987L3.842 16.174a2 2 0 0 0-.5.83l-1.321 4.352a.5.5 0 0 0 .623.622l4.353-1.32a2 2 0 0 0 .83-.497z"[31m
        [36m/>[31m
        [36m<path[31m
          [33md[31m=[32m"m15 5 4 4"[31m
        [36m/>[31m
      [36m</svg>[31m
      [36m<span[31m
        [33mclass[31m=[32m"text-foreground group-hover:text-violet-500 transition-colors duration-300"[31m
      [36m>[31m
        [0mBUTTON$EDIT_TITLE[0m
      [36m</span>[31m
    [36m</div>[31m
  [36m</button>[31m
  [36m<div[31m
    [33mclass[31m=[32m"w-full h-[1px] bg-gradient-to-r from-transparent via-border to-transparent my-1"[31m
  [36m/>[31m
  [36m<button[31m
    [33mclass[31m=[32m"group text-sm px-6 py-4 w-full text-start hover:bg-background-tertiary cursor-pointer transition-all duration-200 disabled:opacity-50 disabled:cursor-not-allowed disabled:hover:bg-transparent text-nowrap text-foreground hover:text-violet-500 font-medium"[31m
    [33mdata-testid[31m=[32m"delete-button"[31m
    [33mtype[31m=[32m"button"[31m
  [36m>[31m
    [36m<div[31m
      [33mclass[31m=[32m"flex items-center gap-4 px-1"[31m
    [36m>[31m
      [36m<svg[31m
        [33maria-hidden[31m=[32m"true"[31m
        [33mclass[31m=[32m"lucide lucide-trash w-5 h-5 shrink-0 text-violet-500/80 group-hover:text-violet-500 transition-colors duration-300"[31m
        [33mfill[31m=[32m"none"[31m
        [33mheight[31m=[32m"24"[31m
        [33mstroke[31m=[32m"currentColor"[31m
        [33mstroke-linecap[31m=[32m"round"[31m
        [33mstroke-linejoin[31m=[32m"round"[31m
        [33mstroke-width[31m=[32m"2"[31m
        [33mviewBox[31m=[32m"0 0 24 24"[31m
        [33mwidth[31m=[32m"24"[31m
        [33mxmlns[31m=[32m"http://www.w3.org/2000/svg"[31m
      [36m>[31m
        [36m<path[31m
          [33md[31m=[32m"M19 6v14a2 2 0 0 1-2 2H7a2 2 0 0 1-2-2V6"[31m
        [36m/>[31m
        [36m<path[31m
          [33md[31m=[32m"M3 6h18"[31m
        [36m/>[31m
        [36m<path[31m
          [33md[31m=[32m"M8 6V4a2 2 0 0 1 2-2h4a2 2 0 0 1 2 2v2"[31m
        [36m/>[31m
      [36m</svg>[31m
      [36m<span[31m
        [33mclass[31m=[32m"text-foreground group-hover:text-violet-500 transition-colors duration-300"[31m
      [36m>[31m
        [0mBUTTON$DELETE[0m
      [36m</span>[31m
    [36m</div>[31m
  [36m</button>[31m
[36m</div>[31m

Ignored nodes: comments, script, style
[36m<div[31m
  [33mclass[31m=[32m"bg-background-secondary backdrop-blur-xl border border-border rounded-2xl overflow-hidden z-50 shadow-2xl right-0 absolute mt-3 top-full"[31m
  [33mdata-testid[31m=[32m"context-menu"[31m
  [33mrole[31m=[32m"menu"[31m
  [33mtabindex[31m=[32m"-1"[31m
[36m>[31m
  [36m<button[31m
    [33mclass[31m=[32m"group text-sm px-6 py-4 w-full text-start hover:bg-background-tertiary cursor-pointer transition-all duration-200 disabled:opacity-50 disabled:cursor-not-allowed disabled:hover:bg-transparent text-nowrap text-foreground hover:text-violet-500 font-medium"[31m
    [33mdata-testid[31m=[32m"edit-button"[31m
    [33mtype[31m=[32m"button"[31m
  [36m>[31m
    [36m<div[31m
      [33mclass[31m=[32m"flex items-center gap-4 px-1"[31m
    [36m>[31m
      [36m<svg[31m
        [33maria-hidden[31m=[32m"true"[31m
        [33mclass[31m=[32m"lucide lucide-pencil w-5 h-5 shrink-0 text-violet-500/80 group-hover:text-violet-500 transition-colors duration-300"[31m
        [33mfill[31m=[32m"none"[31m
        [33mheight[31m=[32m"24"[31m
        [33mstroke[31m=[32m"currentColor"[31m
        [33mstroke-linecap[31m=[32m"round"[31m
        [33mstroke-linejoin[31m=[32m"round"[31m
        [33mstroke-width[31m=[32m"2"[31m
        [33mviewBox[31m=[32m"0 0 24 24"[31m
        [33mwidth[31m=[32m"24"[31m
        [33mxmlns[31m=[32m"http://www.w3.org/2000/svg"[31m
      [36m>[31m
        [36m<path[31m
          [33md[31m=[32m"M21.174 6.812a1 1 0 0 0-3.986-3.987L3.842 16.174a2 2 0 0 0-.5.83l-1.321 4.352a.5.5 0 0 0 .623.622l4.353-1.32a2 2 0 0 0 .83-.497z"[31m
        [36m/>[31m
        [36m<path[31m
          [33md[31m=[32m"m15 5 4 4"[31m
        [36m/>[31m
      [36m</svg>[31m
      [36m<span[31m
        [33mclass[31m=[32m"text-foreground group-hover:text-violet-500 transition-colors duration-300"[31m
      [36m>[31m
        [0mBUTTON$EDIT_TITLE[0m
      [36m</span>[31m
    [36m</div>[31m
  [36m</button>[31m
  [36m<div[31m
    [33mclass[31m=[32m"w-full h-[1px] bg-gradient-to-r from-transparent via-border to-transparent my-1"[31m
  [36m/>[31m
  [36m<button[31m
    [33mclass[31m=[32m"group text-sm px-6 py-4 w-full text-start hover:bg-background-tertiary cursor-pointer transition-all duration-200 disabled:opacity-50 disabled:cursor-not-allowed disabled:hover:bg-transparent text-nowrap text-foreground hover:text-violet-500 font-medium"[31m
    [33mdata-testid[31m=[32m"delete-button"[31m
    [33mtype[31m=[32m"button"[31m
  [36m>[31m
    [36m<div[31m
      [33mclass[31m=[32m"flex items-center gap-4 px-1"[31m
    [36m>[31m
      [36m<svg[31m
        [33maria-hidden[31m=[32m"true"[31m
        [33mclass[31m=[32m"lucide lucide-trash w-5 h-5 shrink-0 text-violet-500/80 group-hover:text-violet-500 transition-colors duration-300"[31m
        [33mfill[31m=[32m"none"[31m
        [33mheight[31m=[32m"24"[31m
        [33mstroke[31m=[32m"currentColor"[31m
        [33mstroke-linecap[31m=[32m"round"[31m
        [33mstroke-linejoin[31m=[32m"round"[31m
        [33mstroke-width[31m=[32m"2"[31m
        [33mviewBox[31m=[32m"0 0 24 24"[31m
        [33mwidth[31m=[32m"24"[31m
        [33mxmlns[31m=[32m"http://www.w3.org/2000/svg"[31m
      [36m>[31m
        [36m<path[31m
          [33md[31m=[32m"M19 6v14a2 2 0 0 1-2 2H7a2 2 0 0 1-2-2V6"[31m
        [36m/>[31m
        [36m<path[31m
          [33md[31m=[32m"M3 6h18"[31m
        [36m/>[31m
        [36m<path[31m
          [33md[31m=[32m"M8 6V4a2 2 0 0 1 2-2h4a2 2 0 0 1 2 2v2"[31m
        [36m/>[31m
      [36m</svg>[31m
      [36m<span[31m
        [33mclass[31m=[32m"text-foreground group-hover:text-violet-500 transition-colors duration-300"[31m
      [36m>[31m
        [0mBUTTON$DELETE[0m
      [36m</span>[31m
    [36m</div>[31m
  [36m</button>[31m
[36m</div>[31m

Ignored nodes: comments, script, style
[36m<div[31m
  [33mclass[31m=[32m"bg-background-secondary backdrop-blur-xl border border-border rounded-2xl overflow-hidden z-50 shadow-2xl right-0 absolute mt-3 top-full"[31m
  [33mdata-testid[31m=[32m"context-menu"[31m
  [33mrole[31m=[32m"menu"[31m
  [33mtabindex[31m=[32m"-1"[31m
[36m>[31m
  [36m<button[31m
    [33mclass[31m=[32m"group text-sm px-6 py-4 w-full text-start hover:bg-background-tertiary cursor-pointer transition-all duration-200 disabled:opacity-50 disabled:cursor-not-allowed disabled:hover:bg-transparent text-nowrap text-foreground hover:text-violet-500 font-medium"[31m
    [33mdata-testid[31m=[32m"edit-button"[31m
    [33mtype[31m=[32m"button"[31m
  [36m>[31m
    [36m<div[31m
      [33mclass[31m=[32m"flex items-center gap-4 px-1"[31m
    [36m>[31m
      [36m<svg[31m
        [33maria-hidden[31m=[32m"true"[31m
        [33mclass[31m=[32m"lucide lucide-pencil w-5 h-5 shrink-0 text-violet-500/80 group-hover:text-violet-500 transition-colors duration-300"[31m
        [33mfill[31m=[32m"none"[31m
        [33mheight[31m=[32m"24"[31m
        [33mstroke[31m=[32m"currentColor"[31m
        [33mstroke-linecap[31m=[32m"round"[31m
        [33mstroke-linejoin[31m=[32m"round"[31m
        [33mstroke-width[31m=[32m"2"[31m
        [33mviewBox[31m=[32m"0 0 24 24"[31m
        [33mwidth[31m=[32m"24"[31m
        [33mxmlns[31m=[32m"http://www.w3.org/2000/svg"[31m
      [36m>[31m
        [36m<path[31m
          [33md[31m=[32m"M21.174 6.812a1 1 0 0 0-3.986-3.987L3.842 16.174a2 2 0 0 0-.5.83l-1.321 4.352a.5.5 0 0 0 .623.622l4.353-1.32a2 2 0 0 0 .83-.497z"[31m
        [36m/>[31m
        [36m<path[31m
          [33md[31m=[32m"m15 5 4 4"[31m
        [36m/>[31m
      [36m</svg>[31m
      [36m<span[31m
        [33mclass[31m=[32m"text-foreground group-hover:text-violet-500 transition-colors duration-300"[31m
      [36m>[31m
        [0mBUTTON$EDIT_TITLE[0m
      [36m</span>[31m
    [36m</div>[31m
  [36m</button>[31m
  [36m<div[31m
    [33mclass[31m=[32m"w-full h-[1px] bg-gradient-to-r from-transparent via-border to-transparent my-1"[31m
  [36m/>[31m
  [36m<button[31m
    [33mclass[31m=[32m"group text-sm px-6 py-4 w-full text-start hover:bg-background-tertiary cursor-pointer transition-all duration-200 disabled:opacity-50 disabled:cursor-not-allowed disabled:hover:bg-transparent text-nowrap text-foreground hover:text-violet-500 font-medium"[31m
    [33mdata-testid[31m=[32m"delete-button"[31m
    [33mtype[31m=[32m"button"[31m
  [36m>[31m
    [36m<div[31m
      [33mclass[31m=[32m"flex items-center gap-4 px-1"[31m
    [36m>[31m
      [36m<svg[31m
        [33maria-hidden[31m=[32m"true"[31m
        [33mclass[31m=[32m"lucide lucide-trash w-5 h-5 shrink-0 text-violet-500/80 group-hover:text-violet-500 transition-colors duration-300"[31m
        [33mfill[31m=[32m"none"[31m
        [33mheight[31m=[32m"24"[31m
        [33mstroke[31m=[32m"currentColor"[31m
        [33mstroke-linecap[31m=[32m"round"[31m
        [33mstroke-linejoin[31m=[32m"round"[31m
        [33mstroke-width[31m=[32m"2"[31m
        [33mviewBox[31m=[32m"0 0 24 24"[31m
        [33mwidth[31m=[32m"24"[31m
        [33mxmlns[31m=[32m"http://www.w3.org/2000/svg"[31m
      [36m>[31m
        [36m<path[31m
          [33md[31m=[32m"M19 6v14a2 2 0 0 1-2 2H7a2 2 0 0 1-2-2V6"[31m
        [36m/>[31m
        [36m<path[31m
          [33md[31m=[32m"M3 6h18"[31m
        [36m/>[31m
        [36m<path[31m
          [33md[31m=[32m"M8 6V4a2 2 0 0 1 2-2h4a2 2 0 0 1 2 2v2"[31m
        [36m/>[31m
      [36m</svg>[31m
      [36m<span[31m
        [33mclass[31m=[32m"text-foreground group-hover:text-violet-500 transition-colors duration-300"[31m
      [36m>[31m
        [0mBUTTON$DELETE[0m
      [36m</span>[31m
    [36m</div>[31m
  [36m</button>[31m
[36m</div>[31m

(If this is intentional, then use the `*AllBy*` variant of the query (like `queryAllByText`, `getAllByText`, or `findAllByText`)).

Ignored nodes: comments, script, style
[36m<body>[31m
  [36m<div>[31m
    [36m<div[31m
      [33mclass[31m=[32m"group relative h-auto w-full px-4 py-4 cursor-pointer transition-all duration-300 before:absolute before:inset-y-0 before:left-0 before:w-1 before:rounded-r before:transition-all before:duration-300 before:bg-gradient-to-b before:from-brand-500 before:to-accent-500 bg-brand-500/5 hover:bg-background-tertiary hover:shadow-lg"[31m
      [33mdata-testid[31m=[32m"conversation-card"[31m
    [36m>[31m
      [36m<div[31m
        [33mclass[31m=[32m"flex items-center justify-between w-full"[31m
      [36m>[31m
        [36m<div[31m
          [33mclass[31m=[32m"flex items-center gap-2 flex-1 min-w-0 overflow-hidden mr-2"[31m
        [36m>[31m
          [36m<span[31m
            [33mclass[31m=[32m"w-3 h-3 rounded-full flex-shrink-0 animate-pulse bg-gradient-to-r from-brand-500 to-accent-500"[31m
            [33mstyle[31m=[32m"box-shadow: 0 0 8px 3px rgba(59, 130, 246, 0.4);"[31m
          [36m/>[31m
          [36m<div[31m
            [33mclass[31m=[32m"relative flex-1 min-w-0"[31m
          [36m>[31m
            [36m<p[31m
              [33mclass[31m=[32m"text-sm leading-6 font-semibold bg-transparent truncate pr-4 text-foreground group-hover:text-violet-500 transition-colors duration-300"[31m
              [33mdata-testid[31m=[32m"conversation-card-title"[31m
              [33mtitle[31m=[32m"Conversation 1"[31m
            [36m>[31m
              [0mConversation 1[0m
            [36m</p>[31m
            [36m<div[31m
              [33mclass[31m=[32m"pointer-events-none absolute right-0 top-0 h-full w-6 bg-gradient-to-l from-background-secondary via-background-secondary/40 to-transparent"[31m
            [36m/>[31m
          [36m</div>[31m
        [36m</div>[31m
        [36m<div[31m
          [33mclass[31m=[32m"flex items-center"[31m
        [36m>[31m
          [36m<div[31m
            [33mdata-testid[31m=[32m"STOPPED-indicator"[31m
          [36m>[31m
            [36m<svg[31m
              [33mdata-testid[31m=[32m"mocked-svg"[31m
            [36m/>[31m
          [36m</div>[31m
          [36m<div[31m
            [33mclass[31m=[32m"pl-2"[31m
          [36m>[31m
            [36m<button[31m
              [33mclass[31m=[32m"cursor-pointer"[31m
              [33mdata-testid[31m=[32m"ellipsis-button"[31m
              [33mtype[31m=[32m"button"[31m
            [36m>[31m
              [36m<svg[31m
                [33mfill[31m=[32m"#a3a3a3"[31m
                [33mheight[31m=[32m"1em"[31m
                [33mstroke[31m=[32m"currentColor"[31m
                [33mstroke-width[31m=[32m"0"[31m
                [33mviewBox[31m=[32m"0 0 192 512"[31m
                [33mwidth[31m=[32m"1em"[31m
                [33mxmlns[31m=[32m"http://www.w3.org/2000/svg"[31m
              [36m>[31m
                [36m<path[31m
                  [33md[31m=[32m"M96 184c39.8 0 72 32.2 72 72s-32.2 72-72 72-72-32.2-72-72 32.2-72 72-72zM24 80c0 39.8 32.2 72 72 72s72-32.2 72-72S135.8 8 96 8 24 40.2 24 80zm0 352c0 39.8 32.2 72 72 72s72-32.2 72-72-32.2-72-72-72-72 32.2-72 72z"[31m
                [36m/>[31m
              [36m</svg>[31m
            [36m</button>[31m
          [36m</div>[31m
          [36m<div[31m
            [33mclass[31m=[32m"relative"[31m
          [36m/>[31m
        [36m</div>[31m
      [36m</div>[31m
      [36m<div[31m
        [33mclass[31m=[32m"mt-1 space-y-1"[31m
      [36m>[31m
        [36m<div[31m
          [33mclass[31m=[32m"flex items-center gap-1 text-[11px] text-foreground-secondary font-medium tracking-wide"[31m
        [36m>[31m
          [36m<svg[31m
            [33maria-hidden[31m=[32m"true"[31m
            [33mclass[31m=[32m"lucide lucide-clock3 lucide-clock-3 w-3 h-3 opacity-60 text-foreground-secondary"[31m
            [33mfill[31m=[32m"none"[31m
            [33mheight[31m=[32m"24"[31m
            [33mstroke[31m=[32m"currentColor"[31m
            [33mstroke-linecap[31m=[32m"round"[31m
            [33mstroke-linejoin[31m=[32m"round"[31m
            [33mstroke-width[31m=[32m"2"[31m
            [33mviewBox[31m=[32m"0 0 24 24"[31m
            [33mwidth[31m=[32m"24"[31m
            [33mxmlns[31m=[32m"http://www.w3.org/2000/svg"[31m
          [36m>[31m
            [36m<path[31m
              [33md[31m=[32m"M12 6v6h4"[31m
            [36m/>[31m
            [36m<circle[31m
              [33mcx[31m=[32m"12"[31m
              [33mcy[31m=[32m"12"[31m
              [33mr[31m=[32m"10"[31m
            [36m/>[31m
          [36m</svg>[31m
          [36m<span>[31m
            [0mCreated[0m
            [0m [0m
            [36m<span>[31m
              [0m01/10/2021[0m
            [36m</span>[31m
            [0m [0m
            [0mago[0m
          [36m</span>[31m
        [36m</div>[31m
      [36m</div>[31m
    [36m</div>[31m
  [36m</div>[31m
  [36m<div>[31m
    [36m<div[31m
      [33mclass[31m=[32m"group relative h-auto w-full px-4 py-4 cursor-pointer transition-all duration-300 before:absolute before:inset-y-0 before:left-0 before:w-1 before:rounded-r before:transition-all before:duration-300 before:bg-gradient-to-b before:from-brand-500 before:to-accent-500 bg-brand-500/5 hover:bg-background-tertiary hover:shadow-lg"[31m
      [33mdata-testid[31m=[32m"conversation-card"[31m
    [36m>[31m
      [36m<div[31m
        [33mclass[31m=[32m"flex items-center justify-between w-full"[31m
      [36m>[31m
        [36m<div[31m
          [33mclass[31m=[32m"flex items-center gap-2 flex-1 min-w-0 overflow-hidden mr-2"[31m
        [36m>[31m
          [36m<span[31m
            [33mclass[31m=[32m"w-3 h-3 rounded-full flex-shrink-0 animate-pulse bg-gradient-to-r from-brand-500 to-accent-500"[31m
            [33mstyle[31m=[32m"box-shadow: 0 0 8px 3px rgba(59, 130, 246, 0.4);"[31m
          [36m/>[31m
          [36m<div[31m
            [33mclass[31m=[32m"relative flex-1 min-w-0"[31m
          [36m>[31m
            [36m<p[31m
              [33mclass[31m=[32m"text-sm leading-6 font-semibold bg-transparent truncate pr-4 text-foreground group-hover:text-violet-500 transition-colors duration-300"[31m
              [33mdata-testid[31m=[32m"conversation-card-title"[31m
              [33mtitle[31m=[32m"Conversation 1"[31m
            [36m>[31m
              [0mConversation 1[0m
            [36m</p>[31m
            [36m<div[31m
              [33mclass[31m=[32m"pointer-events-none absolute right-0 top-0 h-full w-6 bg-gradient-to-l from-background-secondary via-background-secondary/40 to-transparent"[31m
            [36m/>[31m
          [36m</div>[31m
        [36m</div>[31m
        [36m<div[31m
          [33mclass[31m=[32m"flex items-center"[31m
        [36m>[31m
          ...[39m
[31m     ÔåÆ Cannot read properties of undefined (reading 'clipboard')[39m
[31m   [31m├ù[31m ConversationCard[2m > [22mshould show display cost button only when showOptions is true[39m[33m 3729[2mms[22m[39m
[31m     ÔåÆ Found multiple elements by: [data-testid="context-menu"]

Here are the matching elements:

Ignored nodes: comments, script, style
[36m<div[31m
  [33mclass[31m=[32m"bg-background-secondary backdrop-blur-xl border border-border rounded-2xl overflow-hidden z-50 shadow-2xl right-0 absolute mt-3 top-full"[31m
  [33mdata-testid[31m=[32m"context-menu"[31m
  [33mrole[31m=[32m"menu"[31m
  [33mtabindex[31m=[32m"-1"[31m
[36m>[31m
  [36m<button[31m
    [33mclass[31m=[32m"group text-sm px-6 py-4 w-full text-start hover:bg-background-tertiary cursor-pointer transition-all duration-200 disabled:opacity-50 disabled:cursor-not-allowed disabled:hover:bg-transparent text-nowrap text-foreground hover:text-violet-500 font-medium"[31m
    [33mdata-testid[31m=[32m"edit-button"[31m
    [33mtype[31m=[32m"button"[31m
  [36m>[31m
    [36m<div[31m
      [33mclass[31m=[32m"flex items-center gap-4 px-1"[31m
    [36m>[31m
      [36m<svg[31m
        [33maria-hidden[31m=[32m"true"[31m
        [33mclass[31m=[32m"lucide lucide-pencil w-5 h-5 shrink-0 text-violet-500/80 group-hover:text-violet-500 transition-colors duration-300"[31m
        [33mfill[31m=[32m"none"[31m
        [33mheight[31m=[32m"24"[31m
        [33mstroke[31m=[32m"currentColor"[31m
        [33mstroke-linecap[31m=[32m"round"[31m
        [33mstroke-linejoin[31m=[32m"round"[31m
        [33mstroke-width[31m=[32m"2"[31m
        [33mviewBox[31m=[32m"0 0 24 24"[31m
        [33mwidth[31m=[32m"24"[31m
        [33mxmlns[31m=[32m"http://www.w3.org/2000/svg"[31m
      [36m>[31m
        [36m<path[31m
          [33md[31m=[32m"M21.174 6.812a1 1 0 0 0-3.986-3.987L3.842 16.174a2 2 0 0 0-.5.83l-1.321 4.352a.5.5 0 0 0 .623.622l4.353-1.32a2 2 0 0 0 .83-.497z"[31m
        [36m/>[31m
        [36m<path[31m
          [33md[31m=[32m"m15 5 4 4"[31m
        [36m/>[31m
      [36m</svg>[31m
      [36m<span[31m
        [33mclass[31m=[32m"text-foreground group-hover:text-violet-500 transition-colors duration-300"[31m
      [36m>[31m
        [0mBUTTON$EDIT_TITLE[0m
      [36m</span>[31m
    [36m</div>[31m
  [36m</button>[31m
  [36m<div[31m
    [33mclass[31m=[32m"w-full h-[1px] bg-gradient-to-r from-transparent via-border to-transparent my-1"[31m
  [36m/>[31m
  [36m<button[31m
    [33mclass[31m=[32m"group text-sm px-6 py-4 w-full text-start hover:bg-background-tertiary cursor-pointer transition-all duration-200 disabled:opacity-50 disabled:cursor-not-allowed disabled:hover:bg-transparent text-nowrap text-foreground hover:text-violet-500 font-medium"[31m
    [33mdata-testid[31m=[32m"delete-button"[31m
    [33mtype[31m=[32m"button"[31m
  [36m>[31m
    [36m<div[31m
      [33mclass[31m=[32m"flex items-center gap-4 px-1"[31m
    [36m>[31m
      [36m<svg[31m
        [33maria-hidden[31m=[32m"true"[31m
        [33mclass[31m=[32m"lucide lucide-trash w-5 h-5 shrink-0 text-violet-500/80 group-hover:text-violet-500 transition-colors duration-300"[31m
        [33mfill[31m=[32m"none"[31m
        [33mheight[31m=[32m"24"[31m
        [33mstroke[31m=[32m"currentColor"[31m
        [33mstroke-linecap[31m=[32m"round"[31m
        [33mstroke-linejoin[31m=[32m"round"[31m
        [33mstroke-width[31m=[32m"2"[31m
        [33mviewBox[31m=[32m"0 0 24 24"[31m
        [33mwidth[31m=[32m"24"[31m
        [33mxmlns[31m=[32m"http://www.w3.org/2000/svg"[31m
      [36m>[31m
        [36m<path[31m
          [33md[31m=[32m"M19 6v14a2 2 0 0 1-2 2H7a2 2 0 0 1-2-2V6"[31m
        [36m/>[31m
        [36m<path[31m
          [33md[31m=[32m"M3 6h18"[31m
        [36m/>[31m
        [36m<path[31m
          [33md[31m=[32m"M8 6V4a2 2 0 0 1 2-2h4a2 2 0 0 1 2 2v2"[31m
        [36m/>[31m
      [36m</svg>[31m
      [36m<span[31m
        [33mclass[31m=[32m"text-foreground group-hover:text-violet-500 transition-colors duration-300"[31m
      [36m>[31m
        [0mBUTTON$DELETE[0m
      [36m</span>[31m
    [36m</div>[31m
  [36m</button>[31m
[36m</div>[31m

Ignored nodes: comments, script, style
[36m<div[31m
  [33mclass[31m=[32m"bg-background-secondary backdrop-blur-xl border border-border rounded-2xl overflow-hidden z-50 shadow-2xl right-0 absolute mt-3 top-full"[31m
  [33mdata-testid[31m=[32m"context-menu"[31m
  [33mrole[31m=[32m"menu"[31m
  [33mtabindex[31m=[32m"-1"[31m
[36m>[31m
  [36m<button[31m
    [33mclass[31m=[32m"group text-sm px-6 py-4 w-full text-start hover:bg-background-tertiary cursor-pointer transition-all duration-200 disabled:opacity-50 disabled:cursor-not-allowed disabled:hover:bg-transparent text-nowrap text-foreground hover:text-violet-500 font-medium"[31m
    [33mdata-testid[31m=[32m"edit-button"[31m
    [33mtype[31m=[32m"button"[31m
  [36m>[31m
    [36m<div[31m
      [33mclass[31m=[32m"flex items-center gap-4 px-1"[31m
    [36m>[31m
      [36m<svg[31m
        [33maria-hidden[31m=[32m"true"[31m
        [33mclass[31m=[32m"lucide lucide-pencil w-5 h-5 shrink-0 text-violet-500/80 group-hover:text-violet-500 transition-colors duration-300"[31m
        [33mfill[31m=[32m"none"[31m
        [33mheight[31m=[32m"24"[31m
        [33mstroke[31m=[32m"currentColor"[31m
        [33mstroke-linecap[31m=[32m"round"[31m
        [33mstroke-linejoin[31m=[32m"round"[31m
        [33mstroke-width[31m=[32m"2"[31m
        [33mviewBox[31m=[32m"0 0 24 24"[31m
        [33mwidth[31m=[32m"24"[31m
        [33mxmlns[31m=[32m"http://www.w3.org/2000/svg"[31m
      [36m>[31m
        [36m<path[31m
          [33md[31m=[32m"M21.174 6.812a1 1 0 0 0-3.986-3.987L3.842 16.174a2 2 0 0 0-.5.83l-1.321 4.352a.5.5 0 0 0 .623.622l4.353-1.32a2 2 0 0 0 .83-.497z"[31m
        [36m/>[31m
        [36m<path[31m
          [33md[31m=[32m"m15 5 4 4"[31m
        [36m/>[31m
      [36m</svg>[31m
      [36m<span[31m
        [33mclass[31m=[32m"text-foreground group-hover:text-violet-500 transition-colors duration-300"[31m
      [36m>[31m
        [0mBUTTON$EDIT_TITLE[0m
      [36m</span>[31m
    [36m</div>[31m
  [36m</button>[31m
  [36m<div[31m
    [33mclass[31m=[32m"w-full h-[1px] bg-gradient-to-r from-transparent via-border to-transparent my-1"[31m
  [36m/>[31m
  [36m<button[31m
    [33mclass[31m=[32m"group text-sm px-6 py-4 w-full text-start hover:bg-background-tertiary cursor-pointer transition-all duration-200 disabled:opacity-50 disabled:cursor-not-allowed disabled:hover:bg-transparent text-nowrap text-foreground hover:text-violet-500 font-medium"[31m
    [33mdata-testid[31m=[32m"delete-button"[31m
    [33mtype[31m=[32m"button"[31m
  [36m>[31m
    [36m<div[31m
      [33mclass[31m=[32m"flex items-center gap-4 px-1"[31m
    [36m>[31m
      [36m<svg[31m
        [33maria-hidden[31m=[32m"true"[31m
        [33mclass[31m=[32m"lucide lucide-trash w-5 h-5 shrink-0 text-violet-500/80 group-hover:text-violet-500 transition-colors duration-300"[31m
        [33mfill[31m=[32m"none"[31m
        [33mheight[31m=[32m"24"[31m
        [33mstroke[31m=[32m"currentColor"[31m
        [33mstroke-linecap[31m=[32m"round"[31m
        [33mstroke-linejoin[31m=[32m"round"[31m
        [33mstroke-width[31m=[32m"2"[31m
        [33mviewBox[31m=[32m"0 0 24 24"[31m
        [33mwidth[31m=[32m"24"[31m
        [33mxmlns[31m=[32m"http://www.w3.org/2000/svg"[31m
      [36m>[31m
        [36m<path[31m
          [33md[31m=[32m"M19 6v14a2 2 0 0 1-2 2H7a2 2 0 0 1-2-2V6"[31m
        [36m/>[31m
        [36m<path[31m
          [33md[31m=[32m"M3 6h18"[31m
        [36m/>[31m
        [36m<path[31m
          [33md[31m=[32m"M8 6V4a2 2 0 0 1 2-2h4a2 2 0 0 1 2 2v2"[31m
        [36m/>[31m
      [36m</svg>[31m
      [36m<span[31m
        [33mclass[31m=[32m"text-foreground group-hover:text-violet-500 transition-colors duration-300"[31m
      [36m>[31m
        [0mBUTTON$DELETE[0m
      [36m</span>[31m
    [36m</div>[31m
  [36m</button>[31m
[36m</div>[31m

Ignored nodes: comments, script, style
[36m<div[31m
  [33mclass[31m=[32m"bg-background-secondary backdrop-blur-xl border border-border rounded-2xl overflow-hidden z-50 shadow-2xl right-0 absolute mt-3 top-full"[31m
  [33mdata-testid[31m=[32m"context-menu"[31m
  [33mrole[31m=[32m"menu"[31m
  [33mtabindex[31m=[32m"-1"[31m
[36m>[31m
  [36m<button[31m
    [33mclass[31m=[32m"group text-sm px-6 py-4 w-full text-start hover:bg-background-tertiary cursor-pointer transition-all duration-200 disabled:opacity-50 disabled:cursor-not-allowed disabled:hover:bg-transparent text-nowrap text-foreground hover:text-violet-500 font-medium"[31m
    [33mdata-testid[31m=[32m"edit-button"[31m
    [33mtype[31m=[32m"button"[31m
  [36m>[31m
    [36m<div[31m
      [33mclass[31m=[32m"flex items-center gap-4 px-1"[31m
    [36m>[31m
      [36m<svg[31m
        [33maria-hidden[31m=[32m"true"[31m
        [33mclass[31m=[32m"lucide lucide-pencil w-5 h-5 shrink-0 text-violet-500/80 group-hover:text-violet-500 transition-colors duration-300"[31m
        [33mfill[31m=[32m"none"[31m
        [33mheight[31m=[32m"24"[31m
        [33mstroke[31m=[32m"currentColor"[31m
        [33mstroke-linecap[31m=[32m"round"[31m
        [33mstroke-linejoin[31m=[32m"round"[31m
        [33mstroke-width[31m=[32m"2"[31m
        [33mviewBox[31m=[32m"0 0 24 24"[31m
        [33mwidth[31m=[32m"24"[31m
        [33mxmlns[31m=[32m"http://www.w3.org/2000/svg"[31m
      [36m>[31m
        [36m<path[31m
          [33md[31m=[32m"M21.174 6.812a1 1 0 0 0-3.986-3.987L3.842 16.174a2 2 0 0 0-.5.83l-1.321 4.352a.5.5 0 0 0 .623.622l4.353-1.32a2 2 0 0 0 .83-.497z"[31m
        [36m/>[31m
        [36m<path[31m
          [33md[31m=[32m"m15 5 4 4"[31m
        [36m/>[31m
      [36m</svg>[31m
      [36m<span[31m
        [33mclass[31m=[32m"text-foreground group-hover:text-violet-500 transition-colors duration-300"[31m
      [36m>[31m
        [0mBUTTON$EDIT_TITLE[0m
      [36m</span>[31m
    [36m</div>[31m
  [36m</button>[31m
  [36m<div[31m
    [33mclass[31m=[32m"w-full h-[1px] bg-gradient-to-r from-transparent via-border to-transparent my-1"[31m
  [36m/>[31m
  [36m<button[31m
    [33mclass[31m=[32m"group text-sm px-6 py-4 w-full text-start hover:bg-background-tertiary cursor-pointer transition-all duration-200 disabled:opacity-50 disabled:cursor-not-allowed disabled:hover:bg-transparent text-nowrap text-foreground hover:text-violet-500 font-medium"[31m
    [33mdata-testid[31m=[32m"delete-button"[31m
    [33mtype[31m=[32m"button"[31m
  [36m>[31m
    [36m<div[31m
      [33mclass[31m=[32m"flex items-center gap-4 px-1"[31m
    [36m>[31m
      [36m<svg[31m
        [33maria-hidden[31m=[32m"true"[31m
        [33mclass[31m=[32m"lucide lucide-trash w-5 h-5 shrink-0 text-violet-500/80 group-hover:text-violet-500 transition-colors duration-300"[31m
        [33mfill[31m=[32m"none"[31m
        [33mheight[31m=[32m"24"[31m
        [33mstroke[31m=[32m"currentColor"[31m
        [33mstroke-linecap[31m=[32m"round"[31m
        [33mstroke-linejoin[31m=[32m"round"[31m
        [33mstroke-width[31m=[32m"2"[31m
        [33mviewBox[31m=[32m"0 0 24 24"[31m
        [33mwidth[31m=[32m"24"[31m
        [33mxmlns[31m=[32m"http://www.w3.org/2000/svg"[31m
      [36m>[31m
        [36m<path[31m
          [33md[31m=[32m"M19 6v14a2 2 0 0 1-2 2H7a2 2 0 0 1-2-2V6"[31m
        [36m/>[31m
        [36m<path[31m
          [33md[31m=[32m"M3 6h18"[31m
        [36m/>[31m
        [36m<path[31m
          [33md[31m=[32m"M8 6V4a2 2 0 0 1 2-2h4a2 2 0 0 1 2 2v2"[31m
        [36m/>[31m
      [36m</svg>[31m
      [36m<span[31m
        [33mclass[31m=[32m"text-foreground group-hover:text-violet-500 transition-colors duration-300"[31m
      [36m>[31m
        [0mBUTTON$DELETE[0m
      [36m</span>[31m
    [36m</div>[31m
  [36m</button>[31m
[36m</div>[31m

Ignored nodes: comments, script, style
[36m<div[31m
  [33mclass[31m=[32m"bg-background-secondary backdrop-blur-xl border border-border rounded-2xl overflow-hidden z-50 shadow-2xl right-0 absolute mt-3 top-full"[31m
  [33mdata-testid[31m=[32m"context-menu"[31m
  [33mrole[31m=[32m"menu"[31m
  [33mtabindex[31m=[32m"-1"[31m
[36m>[31m
  [36m<button[31m
    [33mclass[31m=[32m"group text-sm px-6 py-4 w-full text-start hover:bg-background-tertiary cursor-pointer transition-all duration-200 disabled:opacity-50 disabled:cursor-not-allowed disabled:hover:bg-transparent text-nowrap text-foreground hover:text-violet-500 font-medium"[31m
    [33mdata-testid[31m=[32m"edit-button"[31m
    [33mtype[31m=[32m"button"[31m
  [36m>[31m
    [36m<div[31m
      [33mclass[31m=[32m"flex items-center gap-4 px-1"[31m
    [36m>[31m
      [36m<svg[31m
        [33maria-hidden[31m=[32m"true"[31m
        [33mclass[31m=[32m"lucide lucide-pencil w-5 h-5 shrink-0 text-violet-500/80 group-hover:text-violet-500 transition-colors duration-300"[31m
        [33mfill[31m=[32m"none"[31m
        [33mheight[31m=[32m"24"[31m
        [33mstroke[31m=[32m"currentColor"[31m
        [33mstroke-linecap[31m=[32m"round"[31m
        [33mstroke-linejoin[31m=[32m"round"[31m
        [33mstroke-width[31m=[32m"2"[31m
        [33mviewBox[31m=[32m"0 0 24 24"[31m
        [33mwidth[31m=[32m"24"[31m
        [33mxmlns[31m=[32m"http://www.w3.org/2000/svg"[31m
      [36m>[31m
        [36m<path[31m
          [33md[31m=[32m"M21.174 6.812a1 1 0 0 0-3.986-3.987L3.842 16.174a2 2 0 0 0-.5.83l-1.321 4.352a.5.5 0 0 0 .623.622l4.353-1.32a2 2 0 0 0 .83-.497z"[31m
        [36m/>[31m
        [36m<path[31m
          [33md[31m=[32m"m15 5 4 4"[31m
        [36m/>[31m
      [36m</svg>[31m
      [36m<span[31m
        [33mclass[31m=[32m"text-foreground group-hover:text-violet-500 transition-colors duration-300"[31m
      [36m>[31m
        [0mBUTTON$EDIT_TITLE[0m
      [36m</span>[31m
    [36m</div>[31m
  [36m</button>[31m
  [36m<div[31m
    [33mclass[31m=[32m"w-full h-[1px] bg-gradient-to-r from-transparent via-border to-transparent my-1"[31m
  [36m/>[31m
  [36m<button[31m
    [33mclass[31m=[32m"group text-sm px-6 py-4 w-full text-start hover:bg-background-tertiary cursor-pointer transition-all duration-200 disabled:opacity-50 disabled:cursor-not-allowed disabled:hover:bg-transparent text-nowrap text-foreground hover:text-violet-500 font-medium"[31m
    [33mdata-testid[31m=[32m"delete-button"[31m
    [33mtype[31m=[32m"button"[31m
  [36m>[31m
    [36m<div[31m
      [33mclass[31m=[32m"flex items-center gap-4 px-1"[31m
    [36m>[31m
      [36m<svg[31m
        [33maria-hidden[31m=[32m"true"[31m
        [33mclass[31m=[32m"lucide lucide-trash w-5 h-5 shrink-0 text-violet-500/80 group-hover:text-violet-500 transition-colors duration-300"[31m
        [33mfill[31m=[32m"none"[31m
        [33mheight[31m=[32m"24"[31m
        [33mstroke[31m=[32m"currentColor"[31m
        [33mstroke-linecap[31m=[32m"round"[31m
        [33mstroke-linejoin[31m=[32m"round"[31m
        [33mstroke-width[31m=[32m"2"[31m
        [33mviewBox[31m=[32m"0 0 24 24"[31m
        [33mwidth[31m=[32m"24"[31m
        [33mxmlns[31m=[32m"http://www.w3.org/2000/svg"[31m
      [36m>[31m
        [36m<path[31m
          [33md[31m=[32m"M19 6v14a2 2 0 0 1-2 2H7a2 2 0 0 1-2-2V6"[31m
        [36m/>[31m
        [36m<path[31m
          [33md[31m=[32m"M3 6h18"[31m
        [36m/>[31m
        [36m<path[31m
          [33md[31m=[32m"M8 6V4a2 2 0 0 1 2-2h4a2 2 0 0 1 2 2v2"[31m
        [36m/>[31m
      [36m</svg>[31m
      [36m<span[31m
        [33mclass[31m=[32m"text-foreground group-hover:text-violet-500 transition-colors duration-300"[31m
      [36m>[31m
        [0mBUTTON$DELETE[0m
      [36m</span>[31m
    [36m</div>[31m
  [36m</button>[31m
[36m</div>[31m

Ignored nodes: comments, script, style
[36m<div[31m
  [33mclass[31m=[32m"bg-background-secondary backdrop-blur-xl border border-border rounded-2xl overflow-hidden z-50 shadow-2xl right-0 absolute mt-3 top-full"[31m
  [33mdata-testid[31m=[32m"context-menu"[31m
  [33mrole[31m=[32m"menu"[31m
  [33mtabindex[31m=[32m"-1"[31m
[36m>[31m
  [36m<button[31m
    [33mclass[31m=[32m"group text-sm px-6 py-4 w-full text-start hover:bg-background-tertiary cursor-pointer transition-all duration-200 disabled:opacity-50 disabled:cursor-not-allowed disabled:hover:bg-transparent text-nowrap text-foreground hover:text-violet-500 font-medium"[31m
    [33mdata-testid[31m=[32m"edit-button"[31m
    [33mtype[31m=[32m"button"[31m
  [36m>[31m
    [36m<div[31m
      [33mclass[31m=[32m"flex items-center gap-4 px-1"[31m
    [36m>[31m
      [36m<svg[31m
        [33maria-hidden[31m=[32m"true"[31m
        [33mclass[31m=[32m"lucide lucide-pencil w-5 h-5 shrink-0 text-violet-500/80 group-hover:text-violet-500 transition-colors duration-300"[31m
        [33mfill[31m=[32m"none"[31m
        [33mheight[31m=[32m"24"[31m
        [33mstroke[31m=[32m"currentColor"[31m
        [33mstroke-linecap[31m=[32m"round"[31m
        [33mstroke-linejoin[31m=[32m"round"[31m
        [33mstroke-width[31m=[32m"2"[31m
        [33mviewBox[31m=[32m"0 0 24 24"[31m
        [33mwidth[31m=[32m"24"[31m
        [33mxmlns[31m=[32m"http://www.w3.org/2000/svg"[31m
      [36m>[31m
        [36m<path[31m
          [33md[31m=[32m"M21.174 6.812a1 1 0 0 0-3.986-3.987L3.842 16.174a2 2 0 0 0-.5.83l-1.321 4.352a.5.5 0 0 0 .623.622l4.353-1.32a2 2 0 0 0 .83-.497z"[31m
        [36m/>[31m
        [36m<path[31m
          [33md[31m=[32m"m15 5 4 4"[31m
        [36m/>[31m
      [36m</svg>[31m
      [36m<span[31m
        [33mclass[31m=[32m"text-foreground group-hover:text-violet-500 transition-colors duration-300"[31m
      [36m>[31m
        [0mBUTTON$EDIT_TITLE[0m
      [36m</span>[31m
    [36m</div>[31m
  [36m</button>[31m
  [36m<div[31m
    [33mclass[31m=[32m"w-full h-[1px] bg-gradient-to-r from-transparent via-border to-transparent my-1"[31m
  [36m/>[31m
  [36m<button[31m
    [33mclass[31m=[32m"group text-sm px-6 py-4 w-full text-start hover:bg-background-tertiary cursor-pointer transition-all duration-200 disabled:opacity-50 disabled:cursor-not-allowed disabled:hover:bg-transparent text-nowrap text-foreground hover:text-violet-500 font-medium"[31m
    [33mdata-testid[31m=[32m"delete-button"[31m
    [33mtype[31m=[32m"button"[31m
  [36m>[31m
    [36m<div[31m
      [33mclass[31m=[32m"flex items-center gap-4 px-1"[31m
    [36m>[31m
      [36m<svg[31m
        [33maria-hidden[31m=[32m"true"[31m
        [33mclass[31m=[32m"lucide lucide-trash w-5 h-5 shrink-0 text-violet-500/80 group-hover:text-violet-500 transition-colors duration-300"[31m
        [33mfill[31m=[32m"none"[31m
        [33mheight[31m=[32m"24"[31m
        [33mstroke[31m=[32m"currentColor"[31m
        [33mstroke-linecap[31m=[32m"round"[31m
        [33mstroke-linejoin[31m=[32m"round"[31m
        [33mstroke-width[31m=[32m"2"[31m
        [33mviewBox[31m=[32m"0 0 24 24"[31m
        [33mwidth[31m=[32m"24"[31m
        [33mxmlns[31m=[32m"http://www.w3.org/2000/svg"[31m
      [36m>[31m
        [36m<path[31m
          [33md[31m=[32m"M19 6v14a2 2 0 0 1-2 2H7a2 2 0 0 1-2-2V6"[31m
        [36m/>[31m
        [36m<path[31m
          [33md[31m=[32m"M3 6h18"[31m
        [36m/>[31m
        [36m<path[31m
          [33md[31m=[32m"M8 6V4a2 2 0 0 1 2-2h4a2 2 0 0 1 2 2v2"[31m
        [36m/>[31m
      [36m</svg>[31m
      [36m<span[31m
        [33mclass[31m=[32m"text-foreground group-hover:text-violet-500 transition-colors duration-300"[31m
      [36m>[31m
        [0mBUTTON$DELETE[0m
      [36m</span>[31m
    [36m</div>[31m
  [36m</button>[31m
[36m</div>[31m

Ignored nodes: comments, script, style
[36m<div[31m
  [33mclass[31m=[32m"bg-background-secondary backdrop-blur-xl border border-border rounded-2xl overflow-hidden z-50 shadow-2xl right-0 absolute mt-3 top-full"[31m
  [33mdata-testid[31m=[32m"context-menu"[31m
  [33mrole[31m=[32m"menu"[31m
  [33mtabindex[31m=[32m"-1"[31m
[36m>[31m
  [36m<button[31m
    [33mclass[31m=[32m"group text-sm px-6 py-4 w-full text-start hover:bg-background-tertiary cursor-pointer transition-all duration-200 disabled:opacity-50 disabled:cursor-not-allowed disabled:hover:bg-transparent text-nowrap text-foreground hover:text-violet-500 font-medium"[31m
    [33mdata-testid[31m=[32m"edit-button"[31m
    [33mtype[31m=[32m"button"[31m
  [36m>[31m
    [36m<div[31m
      [33mclass[31m=[32m"flex items-center gap-4 px-1"[31m
    [36m>[31m
      [36m<svg[31m
        [33maria-hidden[31m=[32m"true"[31m
        [33mclass[31m=[32m"lucide lucide-pencil w-5 h-5 shrink-0 text-violet-500/80 group-hover:text-violet-500 transition-colors duration-300"[31m
        [33mfill[31m=[32m"none"[31m
        [33mheight[31m=[32m"24"[31m
        [33mstroke[31m=[32m"currentColor"[31m
        [33mstroke-linecap[31m=[32m"round"[31m
        [33mstroke-linejoin[31m=[32m"round"[31m
        [33mstroke-width[31m=[32m"2"[31m
        [33mviewBox[31m=[32m"0 0 24 24"[31m
        [33mwidth[31m=[32m"24"[31m
        [33mxmlns[31m=[32m"http://www.w3.org/2000/svg"[31m
      [36m>[31m
        [36m<path[31m
          [33md[31m=[32m"M21.174 6.812a1 1 0 0 0-3.986-3.987L3.842 16.174a2 2 0 0 0-.5.83l-1.321 4.352a.5.5 0 0 0 .623.622l4.353-1.32a2 2 0 0 0 .83-.497z"[31m
        [36m/>[31m
        [36m<path[31m
          [33md[31m=[32m"m15 5 4 4"[31m
        [36m/>[31m
      [36m</svg>[31m
      [36m<span[31m
        [33mclass[31m=[32m"text-foreground group-hover:text-violet-500 transition-colors duration-300"[31m
      [36m>[31m
        [0mBUTTON$EDIT_TITLE[0m
      [36m</span>[31m
    [36m</div>[31m
  [36m</button>[31m
  [36m<div[31m
    [33mclass[31m=[32m"w-full h-[1px] bg-gradient-to-r from-transparent via-border to-transparent my-1"[31m
  [36m/>[31m
  [36m<button[31m
    [33mclass[31m=[32m"group text-sm px-6 py-4 w-full text-start hover:bg-background-tertiary cursor-pointer transition-all duration-200 disabled:opacity-50 disabled:cursor-not-allowed disabled:hover:bg-transparent text-nowrap text-foreground hover:text-violet-500 font-medium"[31m
    [33mdata-testid[31m=[32m"delete-button"[31m
    [33mtype[31m=[32m"button"[31m
  [36m>[31m
    [36m<div[31m
      [33mclass[31m=[32m"flex items-center gap-4 px-1"[31m
    [36m>[31m
      [36m<svg[31m
        [33maria-hidden[31m=[32m"true"[31m
        [33mclass[31m=[32m"lucide lucide-trash w-5 h-5 shrink-0 text-violet-500/80 group-hover:text-violet-500 transition-colors duration-300"[31m
        [33mfill[31m=[32m"none"[31m
        [33mheight[31m=[32m"24"[31m
        [33mstroke[31m=[32m"currentColor"[31m
        [33mstroke-linecap[31m=[32m"round"[31m
        [33mstroke-linejoin[31m=[32m"round"[31m
        [33mstroke-width[31m=[32m"2"[31m
        [33mviewBox[31m=[32m"0 0 24 24"[31m
        [33mwidth[31m=[32m"24"[31m
        [33mxmlns[31m=[32m"http://www.w3.org/2000/svg"[31m
      [36m>[31m
        [36m<path[31m
          [33md[31m=[32m"M19 6v14a2 2 0 0 1-2 2H7a2 2 0 0 1-2-2V6"[31m
        [36m/>[31m
        [36m<path[31m
          [33md[31m=[32m"M3 6h18"[31m
        [36m/>[31m
        [36m<path[31m
          [33md[31m=[32m"M8 6V4a2 2 0 0 1 2-2h4a2 2 0 0 1 2 2v2"[31m
        [36m/>[31m
      [36m</svg>[31m
      [36m<span[31m
        [33mclass[31m=[32m"text-foreground group-hover:text-violet-500 transition-colors duration-300"[31m
      [36m>[31m
        [0mBUTTON$DELETE[0m
      [36m</span>[31m
    [36m</div>[31m
  [36m</button>[31m
[36m</div>[31m

(If this is intentional, then use the `*AllBy*` variant of the query (like `queryAllByText`, `getAllByText`, or `findAllByText`)).

Ignored nodes: comments, script, style
[36m<body>[31m
  [36m<div>[31m
    [36m<div[31m
      [33mclass[31m=[32m"group relative h-auto w-full px-4 py-4 cursor-pointer transition-all duration-300 before:absolute before:inset-y-0 before:left-0 before:w-1 before:rounded-r before:transition-all before:duration-300 before:bg-gradient-to-b before:from-brand-500 before:to-accent-500 bg-brand-500/5 hover:bg-background-tertiary hover:shadow-lg"[31m
      [33mdata-testid[31m=[32m"conversation-card"[31m
    [36m>[31m
      [36m<div[31m
        [33mclass[31m=[32m"flex items-center justify-between w-full"[31m
      [36m>[31m
        [36m<div[31m
          [33mclass[31m=[32m"flex items-center gap-2 flex-1 min-w-0 overflow-hidden mr-2"[31m
        [36m>[31m
          [36m<span[31m
            [33mclass[31m=[32m"w-3 h-3 rounded-full flex-shrink-0 animate-pulse bg-gradient-to-r from-brand-500 to-accent-500"[31m
            [33mstyle[31m=[32m"box-shadow: 0 0 8px 3px rgba(59, 130, 246, 0.4);"[31m
          [36m/>[31m
          [36m<div[31m
            [33mclass[31m=[32m"relative flex-1 min-w-0"[31m
          [36m>[31m
            [36m<p[31m
              [33mclass[31m=[32m"text-sm leading-6 font-semibold bg-transparent truncate pr-4 text-foreground group-hover:text-violet-500 transition-colors duration-300"[31m
              [33mdata-testid[31m=[32m"conversation-card-title"[31m
              [33mtitle[31m=[32m"Conversation 1"[31m
            [36m>[31m
              [0mConversation 1[0m
            [36m</p>[31m
            [36m<div[31m
              [33mclass[31m=[32m"pointer-events-none absolute right-0 top-0 h-full w-6 bg-gradient-to-l from-background-secondary via-background-secondary/40 to-transparent"[31m
            [36m/>[31m
          [36m</div>[31m
        [36m</div>[31m
        [36m<div[31m
          [33mclass[31m=[32m"flex items-center"[31m
        [36m>[31m
          [36m<div[31m
            [33mdata-testid[31m=[32m"STOPPED-indicator"[31m
          [36m>[31m
            [36m<svg[31m
              [33mdata-testid[31m=[32m"mocked-svg"[31m
            [36m/>[31m
          [36m</div>[31m
          [36m<div[31m
            [33mclass[31m=[32m"pl-2"[31m
          [36m>[31m
            [36m<button[31m
              [33mclass[31m=[32m"cursor-pointer"[31m
              [33mdata-testid[31m=[32m"ellipsis-button"[31m
              [33mtype[31m=[32m"button"[31m
            [36m>[31m
              [36m<svg[31m
                [33mfill[31m=[32m"#a3a3a3"[31m
                [33mheight[31m=[32m"1em"[31m
                [33mstroke[31m=[32m"currentColor"[31m
                [33mstroke-width[31m=[32m"0"[31m
                [33mviewBox[31m=[32m"0 0 192 512"[31m
                [33mwidth[31m=[32m"1em"[31m
                [33mxmlns[31m=[32m"http://www.w3.org/2000/svg"[31m
              [36m>[31m
                [36m<path[31m
                  [33md[31m=[32m"M96 184c39.8 0 72 32.2 72 72s-32.2 72-72 72-72-32.2-72-72 32.2-72 72-72zM24 80c0 39.8 32.2 72 72 72s72-32.2 72-72S135.8 8 96 8 24 40.2 24 80zm0 352c0 39.8 32.2 72 72 72s72-32.2 72-72-32.2-72-72-72-72 32.2-72 72z"[31m
                [36m/>[31m
              [36m</svg>[31m
            [36m</button>[31m
          [36m</div>[31m
          [36m<div[31m
            [33mclass[31m=[32m"relative"[31m
          [36m/>[31m
        [36m</div>[31m
      [36m</div>[31m
      [36m<div[31m
        [33mclass[31m=[32m"mt-1 space-y-1"[31m
      [36m>[31m
        [36m<div[31m
          [33mclass[31m=[32m"flex items-center gap-1 text-[11px] text-foreground-secondary font-medium tracking-wide"[31m
        [36m>[31m
          [36m<svg[31m
            [33maria-hidden[31m=[32m"true"[31m
            [33mclass[31m=[32m"lucide lucide-clock3 lucide-clock-3 w-3 h-3 opacity-60 text-foreground-secondary"[31m
            [33mfill[31m=[32m"none"[31m
            [33mheight[31m=[32m"24"[31m
            [33mstroke[31m=[32m"currentColor"[31m
            [33mstroke-linecap[31m=[32m"round"[31m
            [33mstroke-linejoin[31m=[32m"round"[31m
            [33mstroke-width[31m=[32m"2"[31m
            [33mviewBox[31m=[32m"0 0 24 24"[31m
            [33mwidth[31m=[32m"24"[31m
            [33mxmlns[31m=[32m"http://www.w3.org/2000/svg"[31m
          [36m>[31m
            [36m<path[31m
              [33md[31m=[32m"M12 6v6h4"[31m
            [36m/>[31m
            [36m<circle[31m
              [33mcx[31m=[32m"12"[31m
              [33mcy[31m=[32m"12"[31m
              [33mr[31m=[32m"10"[31m
            [36m/>[31m
          [36m</svg>[31m
          [36m<span>[31m
            [0mCreated[0m
            [0m [0m
            [36m<span>[31m
              [0m01/10/2021[0m
            [36m</span>[31m
            [0m [0m
            [0mago[0m
          [36m</span>[31m
        [36m</div>[31m
      [36m</div>[31m
    [36m</div>[31m
  [36m</div>[31m
  [36m<div>[31m
    [36m<div[31m
      [33mclass[31m=[32m"group relative h-auto w-full px-4 py-4 cursor-pointer transition-all duration-300 before:absolute before:inset-y-0 before:left-0 before:w-1 before:rounded-r before:transition-all before:duration-300 before:bg-gradient-to-b before:from-brand-500 before:to-accent-500 bg-brand-500/5 hover:bg-background-tertiary hover:shadow-lg"[31m
      [33mdata-testid[31m=[32m"conversation-card"[31m
    [36m>[31m
      [36m<div[31m
        [33mclass[31m=[32m"flex items-center justify-between w-full"[31m
      [36m>[31m
        [36m<div[31m
          [33mclass[31m=[32m"flex items-center gap-2 flex-1 min-w-0 overflow-hidden mr-2"[31m
        [36m>[31m
          [36m<span[31m
            [33mclass[31m=[32m"w-3 h-3 rounded-full flex-shrink-0 animate-pulse bg-gradient-to-r from-brand-500 to-accent-500"[31m
            [33mstyle[31m=[32m"box-shadow: 0 0 8px 3px rgba(59, 130, 246, 0.4);"[31m
          [36m/>[31m
          [36m<div[31m
            [33mclass[31m=[32m"relative flex-1 min-w-0"[31m
          [36m>[31m
            [36m<p[31m
              [33mclass[31m=[32m"text-sm leading-6 font-semibold bg-transparent truncate pr-4 text-foreground group-hover:text-violet-500 transition-colors duration-300"[31m
              [33mdata-testid[31m=[32m"conversation-card-title"[31m
              [33mtitle[31m=[32m"Conversation 1"[31m
            [36m>[31m
              [0mConversation 1[0m
            [36m</p>[31m
            [36m<div[31m
              [33mclass[31m=[32m"pointer-events-none absolute right-0 top-0 h-full w-6 bg-gradient-to-l from-background-secondary via-background-secondary/40 to-transparent"[31m
            [36m/>[31m
          [36m</div>[31m
        [36m</div>[31m
        [36m<div[31m
          [33mclass[31m=[32m"flex items-center"[31m
        [36m>[31m
          ...

Ignored nodes: comments, script, style
[36m<body>[31m
  [36m<div>[31m
    [36m<div[31m
      [33mclass[31m=[32m"group relative h-auto w-full px-4 py-4 cursor-pointer transition-all duration-300 before:absolute before:inset-y-0 before:left-0 before:w-1 before:rounded-r before:transition-all before:duration-300 before:bg-gradient-to-b before:from-brand-500 before:to-accent-500 bg-brand-500/5 hover:bg-background-tertiary hover:shadow-lg"[31m
      [33mdata-testid[31m=[32m"conversation-card"[31m
    [36m>[31m
      [36m<div[31m
        [33mclass[31m=[32m"flex items-center justify-between w-full"[31m
      [36m>[31m
        [36m<div[31m
          [33mclass[31m=[32m"flex items-center gap-2 flex-1 min-w-0 overflow-hidden mr-2"[31m
        [36m>[31m
          [36m<span[31m
            [33mclass[31m=[32m"w-3 h-3 rounded-full flex-shrink-0 animate-pulse bg-gradient-to-r from-brand-500 to-accent-500"[31m
            [33mstyle[31m=[32m"box-shadow: 0 0 8px 3px rgba(59, 130, 246, 0.4);"[31m
          [36m/>[31m
          [36m<div[31m
            [33mclass[31m=[32m"relative flex-1 min-w-0"[31m
          [36m>[31m
            [36m<p[31m
              [33mclass[31m=[32m"text-sm leading-6 font-semibold bg-transparent truncate pr-4 text-foreground group-hover:text-violet-500 transition-colors duration-300"[31m
              [33mdata-testid[31m=[32m"conversation-card-title"[31m
              [33mtitle[31m=[32m"Conversation 1"[31m
            [36m>[31m
              [0mConversation 1[0m
            [36m</p>[31m
            [36m<div[31m
              [33mclass[31m=[32m"pointer-events-none absolute right-0 top-0 h-full w-6 bg-gradient-to-l from-background-secondary via-background-secondary/40 to-transparent"[31m
            [36m/>[31m
          [36m</div>[31m
        [36m</div>[31m
        [36m<div[31m
          [33mclass[31m=[32m"flex items-center"[31m
        [36m>[31m
          [36m<div[31m
            [33mdata-testid[31m=[32m"STOPPED-indicator"[31m
          [36m>[31m
            [36m<svg[31m
              [33mdata-testid[31m=[32m"mocked-svg"[31m
            [36m/>[31m
          [36m</div>[31m
          [36m<div[31m
            [33mclass[31m=[32m"pl-2"[31m
          [36m>[31m
            [36m<button[31m
              [33mclass[31m=[32m"cursor-pointer"[31m
              [33mdata-testid[31m=[32m"ellipsis-button"[31m
              [33mtype[31m=[32m"button"[31m
            [36m>[31m
              [36m<svg[31m
                [33mfill[31m=[32m"#a3a3a3"[31m
                [33mheight[31m=[32m"1em"[31m
                [33mstroke[31m=[32m"currentColor"[31m
                [33mstroke-width[31m=[32m"0"[31m
                [33mviewBox[31m=[32m"0 0 192 512"[31m
                [33mwidth[31m=[32m"1em"[31m
                [33mxmlns[31m=[32m"http://www.w3.org/2000/svg"[31m
              [36m>[31m
                [36m<path[31m
                  [33md[31m=[32m"M96 184c39.8 0 72 32.2 72 72s-32.2 72-72 72-72-32.2-72-72 32.2-72 72-72zM24 80c0 39.8 32.2 72 72 72s72-32.2 72-72S135.8 8 96 8 24 40.2 24 80zm0 352c0 39.8 32.2 72 72 72s72-32.2 72-72-32.2-72-72-72-72 32.2-72 72z"[31m
                [36m/>[31m
              [36m</svg>[31m
            [36m</button>[31m
          [36m</div>[31m
          [36m<div[31m
            [33mclass[31m=[32m"relative"[31m
          [36m/>[31m
        [36m</div>[31m
      [36m</div>[31m
      [36m<div[31m
        [33mclass[31m=[32m"mt-1 space-y-1"[31m
      [36m>[31m
        [36m<div[31m
          [33mclass[31m=[32m"flex items-center gap-1 text-[11px] text-foreground-secondary font-medium tracking-wide"[31m
        [36m>[31m
          [36m<svg[31m
            [33maria-hidden[31m=[32m"true"[31m
            [33mclass[31m=[32m"lucide lucide-clock3 lucide-clock-3 w-3 h-3 opacity-60 text-foreground-secondary"[31m
            [33mfill[31m=[32m"none"[31m
            [33mheight[31m=[32m"24"[31m
            [33mstroke[31m=[32m"currentColor"[31m
            [33mstroke-linecap[31m=[32m"round"[31m
            [33mstroke-linejoin[31m=[32m"round"[31m
            [33mstroke-width[31m=[32m"2"[31m
            [33mviewBox[31m=[32m"0 0 24 24"[31m
            [33mwidth[31m=[32m"24"[31m
            [33mxmlns[31m=[32m"http://www.w3.org/2000/svg"[31m
          [36m>[31m
            [36m<path[31m
              [33md[31m=[32m"M12 6v6h4"[31m
            [36m/>[31m
            [36m<circle[31m
              [33mcx[31m=[32m"12"[31m
              [33mcy[31m=[32m"12"[31m
              [33mr[31m=[32m"10"[31m
            [36m/>[31m
          [36m</svg>[31m
          [36m<span>[31m
            [0mCreated[0m
            [0m [0m
            [36m<span>[31m
              [0m01/10/2021[0m
            [36m</span>[31m
            [0m [0m
            [0mago[0m
          [36m</span>[31m
        [36m</div>[31m
      [36m</div>[31m
    [36m</div>[31m
  [36m</div>[31m
  [36m<div>[31m
    [36m<div[31m
      [33mclass[31m=[32m"group relative h-auto w-full px-4 py-4 cursor-pointer transition-all duration-300 before:absolute before:inset-y-0 before:left-0 before:w-1 before:rounded-r before:transition-all before:duration-300 before:bg-gradient-to-b before:from-brand-500 before:to-accent-500 bg-brand-500/5 hover:bg-background-tertiary hover:shadow-lg"[31m
      [33mdata-testid[31m=[32m"conversation-card"[31m
    [36m>[31m
      [36m<div[31m
        [33mclass[31m=[32m"flex items-center justify-between w-full"[31m
      [36m>[31m
        [36m<div[31m
          [33mclass[31m=[32m"flex items-center gap-2 flex-1 min-w-0 overflow-hidden mr-2"[31m
        [36m>[31m
          [36m<span[31m
            [33mclass[31m=[32m"w-3 h-3 rounded-full flex-shrink-0 animate-pulse bg-gradient-to-r from-brand-500 to-accent-500"[31m
            [33mstyle[31m=[32m"box-shadow: 0 0 8px 3px rgba(59, 130, 246, 0.4);"[31m
          [36m/>[31m
          [36m<div[31m
            [33mclass[31m=[32m"relative flex-1 min-w-0"[31m
          [36m>[31m
            [36m<p[31m
              [33mclass[31m=[32m"text-sm leading-6 font-semibold bg-transparent truncate pr-4 text-foreground group-hover:text-violet-500 transition-colors duration-300"[31m
              [33mdata-testid[31m=[32m"conversation-card-title"[31m
              [33mtitle[31m=[32m"Conversation 1"[31m
            [36m>[31m
              [0mConversation 1[0m
            [36m</p>[31m
            [36m<div[31m
              [33mclass[31m=[32m"pointer-events-none absolute right-0 top-0 h-full w-6 bg-gradient-to-l from-background-secondary via-background-secondary/40 to-transparent"[31m
            [36m/>[31m
          [36m</div>[31m
        [36m</div>[31m
        [36m<div[31m
          [33mclass[31m=[32m"flex items-center"[31m
        [36m>[31m
          ...[39m
[31m     ÔåÆ Cannot read properties of undefined (reading 'clipboard')[39m
[31m   [31m├ù[31m ConversationCard[2m > [22mshould show metrics modal when clicking the display cost button[39m[33m 1084[2mms[22m[39m
[31m     ÔåÆ Found multiple elements by: [data-testid="context-menu"]

Here are the matching elements:

Ignored nodes: comments, script, style
[36m<div[31m
  [33mclass[31m=[32m"bg-background-secondary backdrop-blur-xl border border-border rounded-2xl overflow-hidden z-50 shadow-2xl right-0 absolute mt-3 top-full"[31m
  [33mdata-testid[31m=[32m"context-menu"[31m
  [33mrole[31m=[32m"menu"[31m
  [33mtabindex[31m=[32m"-1"[31m
[36m>[31m
  [36m<button[31m
    [33mclass[31m=[32m"group text-sm px-6 py-4 w-full text-start hover:bg-background-tertiary cursor-pointer transition-all duration-200 disabled:opacity-50 disabled:cursor-not-allowed disabled:hover:bg-transparent text-nowrap text-foreground hover:text-violet-500 font-medium"[31m
    [33mdata-testid[31m=[32m"edit-button"[31m
    [33mtype[31m=[32m"button"[31m
  [36m>[31m
    [36m<div[31m
      [33mclass[31m=[32m"flex items-center gap-4 px-1"[31m
    [36m>[31m
      [36m<svg[31m
        [33maria-hidden[31m=[32m"true"[31m
        [33mclass[31m=[32m"lucide lucide-pencil w-5 h-5 shrink-0 text-violet-500/80 group-hover:text-violet-500 transition-colors duration-300"[31m
        [33mfill[31m=[32m"none"[31m
        [33mheight[31m=[32m"24"[31m
        [33mstroke[31m=[32m"currentColor"[31m
        [33mstroke-linecap[31m=[32m"round"[31m
        [33mstroke-linejoin[31m=[32m"round"[31m
        [33mstroke-width[31m=[32m"2"[31m
        [33mviewBox[31m=[32m"0 0 24 24"[31m
        [33mwidth[31m=[32m"24"[31m
        [33mxmlns[31m=[32m"http://www.w3.org/2000/svg"[31m
      [36m>[31m
        [36m<path[31m
          [33md[31m=[32m"M21.174 6.812a1 1 0 0 0-3.986-3.987L3.842 16.174a2 2 0 0 0-.5.83l-1.321 4.352a.5.5 0 0 0 .623.622l4.353-1.32a2 2 0 0 0 .83-.497z"[31m
        [36m/>[31m
        [36m<path[31m
          [33md[31m=[32m"m15 5 4 4"[31m
        [36m/>[31m
      [36m</svg>[31m
      [36m<span[31m
        [33mclass[31m=[32m"text-foreground group-hover:text-violet-500 transition-colors duration-300"[31m
      [36m>[31m
        [0mBUTTON$EDIT_TITLE[0m
      [36m</span>[31m
    [36m</div>[31m
  [36m</button>[31m
  [36m<div[31m
    [33mclass[31m=[32m"w-full h-[1px] bg-gradient-to-r from-transparent via-border to-transparent my-1"[31m
  [36m/>[31m
  [36m<button[31m
    [33mclass[31m=[32m"group text-sm px-6 py-4 w-full text-start hover:bg-background-tertiary cursor-pointer transition-all duration-200 disabled:opacity-50 disabled:cursor-not-allowed disabled:hover:bg-transparent text-nowrap text-foreground hover:text-violet-500 font-medium"[31m
    [33mdata-testid[31m=[32m"delete-button"[31m
    [33mtype[31m=[32m"button"[31m
  [36m>[31m
    [36m<div[31m
      [33mclass[31m=[32m"flex items-center gap-4 px-1"[31m
    [36m>[31m
      [36m<svg[31m
        [33maria-hidden[31m=[32m"true"[31m
        [33mclass[31m=[32m"lucide lucide-trash w-5 h-5 shrink-0 text-violet-500/80 group-hover:text-violet-500 transition-colors duration-300"[31m
        [33mfill[31m=[32m"none"[31m
        [33mheight[31m=[32m"24"[31m
        [33mstroke[31m=[32m"currentColor"[31m
        [33mstroke-linecap[31m=[32m"round"[31m
        [33mstroke-linejoin[31m=[32m"round"[31m
        [33mstroke-width[31m=[32m"2"[31m
        [33mviewBox[31m=[32m"0 0 24 24"[31m
        [33mwidth[31m=[32m"24"[31m
        [33mxmlns[31m=[32m"http://www.w3.org/2000/svg"[31m
      [36m>[31m
        [36m<path[31m
          [33md[31m=[32m"M19 6v14a2 2 0 0 1-2 2H7a2 2 0 0 1-2-2V6"[31m
        [36m/>[31m
        [36m<path[31m
          [33md[31m=[32m"M3 6h18"[31m
        [36m/>[31m
        [36m<path[31m
          [33md[31m=[32m"M8 6V4a2 2 0 0 1 2-2h4a2 2 0 0 1 2 2v2"[31m
        [36m/>[31m
      [36m</svg>[31m
      [36m<span[31m
        [33mclass[31m=[32m"text-foreground group-hover:text-violet-500 transition-colors duration-300"[31m
      [36m>[31m
        [0mBUTTON$DELETE[0m
      [36m</span>[31m
    [36m</div>[31m
  [36m</button>[31m
[36m</div>[31m

Ignored nodes: comments, script, style
[36m<div[31m
  [33mclass[31m=[32m"bg-background-secondary backdrop-blur-xl border border-border rounded-2xl overflow-hidden z-50 shadow-2xl right-0 absolute mt-3 top-full"[31m
  [33mdata-testid[31m=[32m"context-menu"[31m
  [33mrole[31m=[32m"menu"[31m
  [33mtabindex[31m=[32m"-1"[31m
[36m>[31m
  [36m<button[31m
    [33mclass[31m=[32m"group text-sm px-6 py-4 w-full text-start hover:bg-background-tertiary cursor-pointer transition-all duration-200 disabled:opacity-50 disabled:cursor-not-allowed disabled:hover:bg-transparent text-nowrap text-foreground hover:text-violet-500 font-medium"[31m
    [33mdata-testid[31m=[32m"edit-button"[31m
    [33mtype[31m=[32m"button"[31m
  [36m>[31m
    [36m<div[31m
      [33mclass[31m=[32m"flex items-center gap-4 px-1"[31m
    [36m>[31m
      [36m<svg[31m
        [33maria-hidden[31m=[32m"true"[31m
        [33mclass[31m=[32m"lucide lucide-pencil w-5 h-5 shrink-0 text-violet-500/80 group-hover:text-violet-500 transition-colors duration-300"[31m
        [33mfill[31m=[32m"none"[31m
        [33mheight[31m=[32m"24"[31m
        [33mstroke[31m=[32m"currentColor"[31m
        [33mstroke-linecap[31m=[32m"round"[31m
        [33mstroke-linejoin[31m=[32m"round"[31m
        [33mstroke-width[31m=[32m"2"[31m
        [33mviewBox[31m=[32m"0 0 24 24"[31m
        [33mwidth[31m=[32m"24"[31m
        [33mxmlns[31m=[32m"http://www.w3.org/2000/svg"[31m
      [36m>[31m
        [36m<path[31m
          [33md[31m=[32m"M21.174 6.812a1 1 0 0 0-3.986-3.987L3.842 16.174a2 2 0 0 0-.5.83l-1.321 4.352a.5.5 0 0 0 .623.622l4.353-1.32a2 2 0 0 0 .83-.497z"[31m
        [36m/>[31m
        [36m<path[31m
          [33md[31m=[32m"m15 5 4 4"[31m
        [36m/>[31m
      [36m</svg>[31m
      [36m<span[31m
        [33mclass[31m=[32m"text-foreground group-hover:text-violet-500 transition-colors duration-300"[31m
      [36m>[31m
        [0mBUTTON$EDIT_TITLE[0m
      [36m</span>[31m
    [36m</div>[31m
  [36m</button>[31m
  [36m<div[31m
    [33mclass[31m=[32m"w-full h-[1px] bg-gradient-to-r from-transparent via-border to-transparent my-1"[31m
  [36m/>[31m
  [36m<button[31m
    [33mclass[31m=[32m"group text-sm px-6 py-4 w-full text-start hover:bg-background-tertiary cursor-pointer transition-all duration-200 disabled:opacity-50 disabled:cursor-not-allowed disabled:hover:bg-transparent text-nowrap text-foreground hover:text-violet-500 font-medium"[31m
    [33mdata-testid[31m=[32m"delete-button"[31m
    [33mtype[31m=[32m"button"[31m
  [36m>[31m
    [36m<div[31m
      [33mclass[31m=[32m"flex items-center gap-4 px-1"[31m
    [36m>[31m
      [36m<svg[31m
        [33maria-hidden[31m=[32m"true"[31m
        [33mclass[31m=[32m"lucide lucide-trash w-5 h-5 shrink-0 text-violet-500/80 group-hover:text-violet-500 transition-colors duration-300"[31m
        [33mfill[31m=[32m"none"[31m
        [33mheight[31m=[32m"24"[31m
        [33mstroke[31m=[32m"currentColor"[31m
        [33mstroke-linecap[31m=[32m"round"[31m
        [33mstroke-linejoin[31m=[32m"round"[31m
        [33mstroke-width[31m=[32m"2"[31m
        [33mviewBox[31m=[32m"0 0 24 24"[31m
        [33mwidth[31m=[32m"24"[31m
        [33mxmlns[31m=[32m"http://www.w3.org/2000/svg"[31m
      [36m>[31m
        [36m<path[31m
          [33md[31m=[32m"M19 6v14a2 2 0 0 1-2 2H7a2 2 0 0 1-2-2V6"[31m
        [36m/>[31m
        [36m<path[31m
          [33md[31m=[32m"M3 6h18"[31m
        [36m/>[31m
        [36m<path[31m
          [33md[31m=[32m"M8 6V4a2 2 0 0 1 2-2h4a2 2 0 0 1 2 2v2"[31m
        [36m/>[31m
      [36m</svg>[31m
      [36m<span[31m
        [33mclass[31m=[32m"text-foreground group-hover:text-violet-500 transition-colors duration-300"[31m
      [36m>[31m
        [0mBUTTON$DELETE[0m
      [36m</span>[31m
    [36m</div>[31m
  [36m</button>[31m
[36m</div>[31m

Ignored nodes: comments, script, style
[36m<div[31m
  [33mclass[31m=[32m"bg-background-secondary backdrop-blur-xl border border-border rounded-2xl overflow-hidden z-50 shadow-2xl right-0 absolute mt-3 top-full"[31m
  [33mdata-testid[31m=[32m"context-menu"[31m
  [33mrole[31m=[32m"menu"[31m
  [33mtabindex[31m=[32m"-1"[31m
[36m>[31m
  [36m<button[31m
    [33mclass[31m=[32m"group text-sm px-6 py-4 w-full text-start hover:bg-background-tertiary cursor-pointer transition-all duration-200 disabled:opacity-50 disabled:cursor-not-allowed disabled:hover:bg-transparent text-nowrap text-foreground hover:text-violet-500 font-medium"[31m
    [33mdata-testid[31m=[32m"edit-button"[31m
    [33mtype[31m=[32m"button"[31m
  [36m>[31m
    [36m<div[31m
      [33mclass[31m=[32m"flex items-center gap-4 px-1"[31m
    [36m>[31m
      [36m<svg[31m
        [33maria-hidden[31m=[32m"true"[31m
        [33mclass[31m=[32m"lucide lucide-pencil w-5 h-5 shrink-0 text-violet-500/80 group-hover:text-violet-500 transition-colors duration-300"[31m
        [33mfill[31m=[32m"none"[31m
        [33mheight[31m=[32m"24"[31m
        [33mstroke[31m=[32m"currentColor"[31m
        [33mstroke-linecap[31m=[32m"round"[31m
        [33mstroke-linejoin[31m=[32m"round"[31m
        [33mstroke-width[31m=[32m"2"[31m
        [33mviewBox[31m=[32m"0 0 24 24"[31m
        [33mwidth[31m=[32m"24"[31m
        [33mxmlns[31m=[32m"http://www.w3.org/2000/svg"[31m
      [36m>[31m
        [36m<path[31m
          [33md[31m=[32m"M21.174 6.812a1 1 0 0 0-3.986-3.987L3.842 16.174a2 2 0 0 0-.5.83l-1.321 4.352a.5.5 0 0 0 .623.622l4.353-1.32a2 2 0 0 0 .83-.497z"[31m
        [36m/>[31m
        [36m<path[31m
          [33md[31m=[32m"m15 5 4 4"[31m
        [36m/>[31m
      [36m</svg>[31m
      [36m<span[31m
        [33mclass[31m=[32m"text-foreground group-hover:text-violet-500 transition-colors duration-300"[31m
      [36m>[31m
        [0mBUTTON$EDIT_TITLE[0m
      [36m</span>[31m
    [36m</div>[31m
  [36m</button>[31m
  [36m<div[31m
    [33mclass[31m=[32m"w-full h-[1px] bg-gradient-to-r from-transparent via-border to-transparent my-1"[31m
  [36m/>[31m
  [36m<button[31m
    [33mclass[31m=[32m"group text-sm px-6 py-4 w-full text-start hover:bg-background-tertiary cursor-pointer transition-all duration-200 disabled:opacity-50 disabled:cursor-not-allowed disabled:hover:bg-transparent text-nowrap text-foreground hover:text-violet-500 font-medium"[31m
    [33mdata-testid[31m=[32m"delete-button"[31m
    [33mtype[31m=[32m"button"[31m
  [36m>[31m
    [36m<div[31m
      [33mclass[31m=[32m"flex items-center gap-4 px-1"[31m
    [36m>[31m
      [36m<svg[31m
        [33maria-hidden[31m=[32m"true"[31m
        [33mclass[31m=[32m"lucide lucide-trash w-5 h-5 shrink-0 text-violet-500/80 group-hover:text-violet-500 transition-colors duration-300"[31m
        [33mfill[31m=[32m"none"[31m
        [33mheight[31m=[32m"24"[31m
        [33mstroke[31m=[32m"currentColor"[31m
        [33mstroke-linecap[31m=[32m"round"[31m
        [33mstroke-linejoin[31m=[32m"round"[31m
        [33mstroke-width[31m=[32m"2"[31m
        [33mviewBox[31m=[32m"0 0 24 24"[31m
        [33mwidth[31m=[32m"24"[31m
        [33mxmlns[31m=[32m"http://www.w3.org/2000/svg"[31m
      [36m>[31m
        [36m<path[31m
          [33md[31m=[32m"M19 6v14a2 2 0 0 1-2 2H7a2 2 0 0 1-2-2V6"[31m
        [36m/>[31m
        [36m<path[31m
          [33md[31m=[32m"M3 6h18"[31m
        [36m/>[31m
        [36m<path[31m
          [33md[31m=[32m"M8 6V4a2 2 0 0 1 2-2h4a2 2 0 0 1 2 2v2"[31m
        [36m/>[31m
      [36m</svg>[31m
      [36m<span[31m
        [33mclass[31m=[32m"text-foreground group-hover:text-violet-500 transition-colors duration-300"[31m
      [36m>[31m
        [0mBUTTON$DELETE[0m
      [36m</span>[31m
    [36m</div>[31m
  [36m</button>[31m
[36m</div>[31m

Ignored nodes: comments, script, style
[36m<div[31m
  [33mclass[31m=[32m"bg-background-secondary backdrop-blur-xl border border-border rounded-2xl overflow-hidden z-50 shadow-2xl right-0 absolute mt-3 top-full"[31m
  [33mdata-testid[31m=[32m"context-menu"[31m
  [33mrole[31m=[32m"menu"[31m
  [33mtabindex[31m=[32m"-1"[31m
[36m>[31m
  [36m<button[31m
    [33mclass[31m=[32m"group text-sm px-6 py-4 w-full text-start hover:bg-background-tertiary cursor-pointer transition-all duration-200 disabled:opacity-50 disabled:cursor-not-allowed disabled:hover:bg-transparent text-nowrap text-foreground hover:text-violet-500 font-medium"[31m
    [33mdata-testid[31m=[32m"edit-button"[31m
    [33mtype[31m=[32m"button"[31m
  [36m>[31m
    [36m<div[31m
      [33mclass[31m=[32m"flex items-center gap-4 px-1"[31m
    [36m>[31m
      [36m<svg[31m
        [33maria-hidden[31m=[32m"true"[31m
        [33mclass[31m=[32m"lucide lucide-pencil w-5 h-5 shrink-0 text-violet-500/80 group-hover:text-violet-500 transition-colors duration-300"[31m
        [33mfill[31m=[32m"none"[31m
        [33mheight[31m=[32m"24"[31m
        [33mstroke[31m=[32m"currentColor"[31m
        [33mstroke-linecap[31m=[32m"round"[31m
        [33mstroke-linejoin[31m=[32m"round"[31m
        [33mstroke-width[31m=[32m"2"[31m
        [33mviewBox[31m=[32m"0 0 24 24"[31m
        [33mwidth[31m=[32m"24"[31m
        [33mxmlns[31m=[32m"http://www.w3.org/2000/svg"[31m
      [36m>[31m
        [36m<path[31m
          [33md[31m=[32m"M21.174 6.812a1 1 0 0 0-3.986-3.987L3.842 16.174a2 2 0 0 0-.5.83l-1.321 4.352a.5.5 0 0 0 .623.622l4.353-1.32a2 2 0 0 0 .83-.497z"[31m
        [36m/>[31m
        [36m<path[31m
          [33md[31m=[32m"m15 5 4 4"[31m
        [36m/>[31m
      [36m</svg>[31m
      [36m<span[31m
        [33mclass[31m=[32m"text-foreground group-hover:text-violet-500 transition-colors duration-300"[31m
      [36m>[31m
        [0mBUTTON$EDIT_TITLE[0m
      [36m</span>[31m
    [36m</div>[31m
  [36m</button>[31m
  [36m<div[31m
    [33mclass[31m=[32m"w-full h-[1px] bg-gradient-to-r from-transparent via-border to-transparent my-1"[31m
  [36m/>[31m
  [36m<button[31m
    [33mclass[31m=[32m"group text-sm px-6 py-4 w-full text-start hover:bg-background-tertiary cursor-pointer transition-all duration-200 disabled:opacity-50 disabled:cursor-not-allowed disabled:hover:bg-transparent text-nowrap text-foreground hover:text-violet-500 font-medium"[31m
    [33mdata-testid[31m=[32m"delete-button"[31m
    [33mtype[31m=[32m"button"[31m
  [36m>[31m
    [36m<div[31m
      [33mclass[31m=[32m"flex items-center gap-4 px-1"[31m
    [36m>[31m
      [36m<svg[31m
        [33maria-hidden[31m=[32m"true"[31m
        [33mclass[31m=[32m"lucide lucide-trash w-5 h-5 shrink-0 text-violet-500/80 group-hover:text-violet-500 transition-colors duration-300"[31m
        [33mfill[31m=[32m"none"[31m
        [33mheight[31m=[32m"24"[31m
        [33mstroke[31m=[32m"currentColor"[31m
        [33mstroke-linecap[31m=[32m"round"[31m
        [33mstroke-linejoin[31m=[32m"round"[31m
        [33mstroke-width[31m=[32m"2"[31m
        [33mviewBox[31m=[32m"0 0 24 24"[31m
        [33mwidth[31m=[32m"24"[31m
        [33mxmlns[31m=[32m"http://www.w3.org/2000/svg"[31m
      [36m>[31m
        [36m<path[31m
          [33md[31m=[32m"M19 6v14a2 2 0 0 1-2 2H7a2 2 0 0 1-2-2V6"[31m
        [36m/>[31m
        [36m<path[31m
          [33md[31m=[32m"M3 6h18"[31m
        [36m/>[31m
        [36m<path[31m
          [33md[31m=[32m"M8 6V4a2 2 0 0 1 2-2h4a2 2 0 0 1 2 2v2"[31m
        [36m/>[31m
      [36m</svg>[31m
      [36m<span[31m
        [33mclass[31m=[32m"text-foreground group-hover:text-violet-500 transition-colors duration-300"[31m
      [36m>[31m
        [0mBUTTON$DELETE[0m
      [36m</span>[31m
    [36m</div>[31m
  [36m</button>[31m
[36m</div>[31m

Ignored nodes: comments, script, style
[36m<div[31m
  [33mclass[31m=[32m"bg-background-secondary backdrop-blur-xl border border-border rounded-2xl overflow-hidden z-50 shadow-2xl right-0 absolute mt-3 top-full"[31m
  [33mdata-testid[31m=[32m"context-menu"[31m
  [33mrole[31m=[32m"menu"[31m
  [33mtabindex[31m=[32m"-1"[31m
[36m>[31m
  [36m<button[31m
    [33mclass[31m=[32m"group text-sm px-6 py-4 w-full text-start hover:bg-background-tertiary cursor-pointer transition-all duration-200 disabled:opacity-50 disabled:cursor-not-allowed disabled:hover:bg-transparent text-nowrap text-foreground hover:text-violet-500 font-medium"[31m
    [33mdata-testid[31m=[32m"edit-button"[31m
    [33mtype[31m=[32m"button"[31m
  [36m>[31m
    [36m<div[31m
      [33mclass[31m=[32m"flex items-center gap-4 px-1"[31m
    [36m>[31m
      [36m<svg[31m
        [33maria-hidden[31m=[32m"true"[31m
        [33mclass[31m=[32m"lucide lucide-pencil w-5 h-5 shrink-0 text-violet-500/80 group-hover:text-violet-500 transition-colors duration-300"[31m
        [33mfill[31m=[32m"none"[31m
        [33mheight[31m=[32m"24"[31m
        [33mstroke[31m=[32m"currentColor"[31m
        [33mstroke-linecap[31m=[32m"round"[31m
        [33mstroke-linejoin[31m=[32m"round"[31m
        [33mstroke-width[31m=[32m"2"[31m
        [33mviewBox[31m=[32m"0 0 24 24"[31m
        [33mwidth[31m=[32m"24"[31m
        [33mxmlns[31m=[32m"http://www.w3.org/2000/svg"[31m
      [36m>[31m
        [36m<path[31m
          [33md[31m=[32m"M21.174 6.812a1 1 0 0 0-3.986-3.987L3.842 16.174a2 2 0 0 0-.5.83l-1.321 4.352a.5.5 0 0 0 .623.622l4.353-1.32a2 2 0 0 0 .83-.497z"[31m
        [36m/>[31m
        [36m<path[31m
          [33md[31m=[32m"m15 5 4 4"[31m
        [36m/>[31m
      [36m</svg>[31m
      [36m<span[31m
        [33mclass[31m=[32m"text-foreground group-hover:text-violet-500 transition-colors duration-300"[31m
      [36m>[31m
        [0mBUTTON$EDIT_TITLE[0m
      [36m</span>[31m
    [36m</div>[31m
  [36m</button>[31m
  [36m<div[31m
    [33mclass[31m=[32m"w-full h-[1px] bg-gradient-to-r from-transparent via-border to-transparent my-1"[31m
  [36m/>[31m
  [36m<button[31m
    [33mclass[31m=[32m"group text-sm px-6 py-4 w-full text-start hover:bg-background-tertiary cursor-pointer transition-all duration-200 disabled:opacity-50 disabled:cursor-not-allowed disabled:hover:bg-transparent text-nowrap text-foreground hover:text-violet-500 font-medium"[31m
    [33mdata-testid[31m=[32m"delete-button"[31m
    [33mtype[31m=[32m"button"[31m
  [36m>[31m
    [36m<div[31m
      [33mclass[31m=[32m"flex items-center gap-4 px-1"[31m
    [36m>[31m
      [36m<svg[31m
        [33maria-hidden[31m=[32m"true"[31m
        [33mclass[31m=[32m"lucide lucide-trash w-5 h-5 shrink-0 text-violet-500/80 group-hover:text-violet-500 transition-colors duration-300"[31m
        [33mfill[31m=[32m"none"[31m
        [33mheight[31m=[32m"24"[31m
        [33mstroke[31m=[32m"currentColor"[31m
        [33mstroke-linecap[31m=[32m"round"[31m
        [33mstroke-linejoin[31m=[32m"round"[31m
        [33mstroke-width[31m=[32m"2"[31m
        [33mviewBox[31m=[32m"0 0 24 24"[31m
        [33mwidth[31m=[32m"24"[31m
        [33mxmlns[31m=[32m"http://www.w3.org/2000/svg"[31m
      [36m>[31m
        [36m<path[31m
          [33md[31m=[32m"M19 6v14a2 2 0 0 1-2 2H7a2 2 0 0 1-2-2V6"[31m
        [36m/>[31m
        [36m<path[31m
          [33md[31m=[32m"M3 6h18"[31m
        [36m/>[31m
        [36m<path[31m
          [33md[31m=[32m"M8 6V4a2 2 0 0 1 2-2h4a2 2 0 0 1 2 2v2"[31m
        [36m/>[31m
      [36m</svg>[31m
      [36m<span[31m
        [33mclass[31m=[32m"text-foreground group-hover:text-violet-500 transition-colors duration-300"[31m
      [36m>[31m
        [0mBUTTON$DELETE[0m
      [36m</span>[31m
    [36m</div>[31m
  [36m</button>[31m
[36m</div>[31m

Ignored nodes: comments, script, style
[36m<div[31m
  [33mclass[31m=[32m"bg-background-secondary backdrop-blur-xl border border-border rounded-2xl overflow-hidden z-50 shadow-2xl right-0 absolute mt-3 top-full"[31m
  [33mdata-testid[31m=[32m"context-menu"[31m
  [33mrole[31m=[32m"menu"[31m
  [33mtabindex[31m=[32m"-1"[31m
[36m>[31m
  [36m<button[31m
    [33mclass[31m=[32m"group text-sm px-6 py-4 w-full text-start hover:bg-background-tertiary cursor-pointer transition-all duration-200 disabled:opacity-50 disabled:cursor-not-allowed disabled:hover:bg-transparent text-nowrap text-foreground hover:text-violet-500 font-medium"[31m
    [33mdata-testid[31m=[32m"edit-button"[31m
    [33mtype[31m=[32m"button"[31m
  [36m>[31m
    [36m<div[31m
      [33mclass[31m=[32m"flex items-center gap-4 px-1"[31m
    [36m>[31m
      [36m<svg[31m
        [33maria-hidden[31m=[32m"true"[31m
        [33mclass[31m=[32m"lucide lucide-pencil w-5 h-5 shrink-0 text-violet-500/80 group-hover:text-violet-500 transition-colors duration-300"[31m
        [33mfill[31m=[32m"none"[31m
        [33mheight[31m=[32m"24"[31m
        [33mstroke[31m=[32m"currentColor"[31m
        [33mstroke-linecap[31m=[32m"round"[31m
        [33mstroke-linejoin[31m=[32m"round"[31m
        [33mstroke-width[31m=[32m"2"[31m
        [33mviewBox[31m=[32m"0 0 24 24"[31m
        [33mwidth[31m=[32m"24"[31m
        [33mxmlns[31m=[32m"http://www.w3.org/2000/svg"[31m
      [36m>[31m
        [36m<path[31m
          [33md[31m=[32m"M21.174 6.812a1 1 0 0 0-3.986-3.987L3.842 16.174a2 2 0 0 0-.5.83l-1.321 4.352a.5.5 0 0 0 .623.622l4.353-1.32a2 2 0 0 0 .83-.497z"[31m
        [36m/>[31m
        [36m<path[31m
          [33md[31m=[32m"m15 5 4 4"[31m
        [36m/>[31m
      [36m</svg>[31m
      [36m<span[31m
        [33mclass[31m=[32m"text-foreground group-hover:text-violet-500 transition-colors duration-300"[31m
      [36m>[31m
        [0mBUTTON$EDIT_TITLE[0m
      [36m</span>[31m
    [36m</div>[31m
  [36m</button>[31m
  [36m<div[31m
    [33mclass[31m=[32m"w-full h-[1px] bg-gradient-to-r from-transparent via-border to-transparent my-1"[31m
  [36m/>[31m
  [36m<button[31m
    [33mclass[31m=[32m"group text-sm px-6 py-4 w-full text-start hover:bg-background-tertiary cursor-pointer transition-all duration-200 disabled:opacity-50 disabled:cursor-not-allowed disabled:hover:bg-transparent text-nowrap text-foreground hover:text-violet-500 font-medium"[31m
    [33mdata-testid[31m=[32m"delete-button"[31m
    [33mtype[31m=[32m"button"[31m
  [36m>[31m
    [36m<div[31m
      [33mclass[31m=[32m"flex items-center gap-4 px-1"[31m
    [36m>[31m
      [36m<svg[31m
        [33maria-hidden[31m=[32m"true"[31m
        [33mclass[31m=[32m"lucide lucide-trash w-5 h-5 shrink-0 text-violet-500/80 group-hover:text-violet-500 transition-colors duration-300"[31m
        [33mfill[31m=[32m"none"[31m
        [33mheight[31m=[32m"24"[31m
        [33mstroke[31m=[32m"currentColor"[31m
        [33mstroke-linecap[31m=[32m"round"[31m
        [33mstroke-linejoin[31m=[32m"round"[31m
        [33mstroke-width[31m=[32m"2"[31m
        [33mviewBox[31m=[32m"0 0 24 24"[31m
        [33mwidth[31m=[32m"24"[31m
        [33mxmlns[31m=[32m"http://www.w3.org/2000/svg"[31m
      [36m>[31m
        [36m<path[31m
          [33md[31m=[32m"M19 6v14a2 2 0 0 1-2 2H7a2 2 0 0 1-2-2V6"[31m
        [36m/>[31m
        [36m<path[31m
          [33md[31m=[32m"M3 6h18"[31m
        [36m/>[31m
        [36m<path[31m
          [33md[31m=[32m"M8 6V4a2 2 0 0 1 2-2h4a2 2 0 0 1 2 2v2"[31m
        [36m/>[31m
      [36m</svg>[31m
      [36m<span[31m
        [33mclass[31m=[32m"text-foreground group-hover:text-violet-500 transition-colors duration-300"[31m
      [36m>[31m
        [0mBUTTON$DELETE[0m
      [36m</span>[31m
    [36m</div>[31m
  [36m</button>[31m
[36m</div>[31m

Ignored nodes: comments, script, style
[36m<div[31m
  [33mclass[31m=[32m"bg-background-secondary backdrop-blur-xl border border-border rounded-2xl overflow-hidden z-50 shadow-2xl right-0 absolute mt-3 top-full"[31m
  [33mdata-testid[31m=[32m"context-menu"[31m
  [33mrole[31m=[32m"menu"[31m
  [33mtabindex[31m=[32m"-1"[31m
[36m>[31m
  [36m<button[31m
    [33mclass[31m=[32m"group text-sm px-6 py-4 w-full text-start hover:bg-background-tertiary cursor-pointer transition-all duration-200 disabled:opacity-50 disabled:cursor-not-allowed disabled:hover:bg-transparent text-nowrap text-foreground hover:text-violet-500 font-medium"[31m
    [33mdata-testid[31m=[32m"edit-button"[31m
    [33mtype[31m=[32m"button"[31m
  [36m>[31m
    [36m<div[31m
      [33mclass[31m=[32m"flex items-center gap-4 px-1"[31m
    [36m>[31m
      [36m<svg[31m
        [33maria-hidden[31m=[32m"true"[31m
        [33mclass[31m=[32m"lucide lucide-pencil w-5 h-5 shrink-0 text-violet-500/80 group-hover:text-violet-500 transition-colors duration-300"[31m
        [33mfill[31m=[32m"none"[31m
        [33mheight[31m=[32m"24"[31m
        [33mstroke[31m=[32m"currentColor"[31m
        [33mstroke-linecap[31m=[32m"round"[31m
        [33mstroke-linejoin[31m=[32m"round"[31m
        [33mstroke-width[31m=[32m"2"[31m
        [33mviewBox[31m=[32m"0 0 24 24"[31m
        [33mwidth[31m=[32m"24"[31m
        [33mxmlns[31m=[32m"http://www.w3.org/2000/svg"[31m
      [36m>[31m
        [36m<path[31m
          [33md[31m=[32m"M21.174 6.812a1 1 0 0 0-3.986-3.987L3.842 16.174a2 2 0 0 0-.5.83l-1.321 4.352a.5.5 0 0 0 .623.622l4.353-1.32a2 2 0 0 0 .83-.497z"[31m
        [36m/>[31m
        [36m<path[31m
          [33md[31m=[32m"m15 5 4 4"[31m
        [36m/>[31m
      [36m</svg>[31m
      [36m<span[31m
        [33mclass[31m=[32m"text-foreground group-hover:text-violet-500 transition-colors duration-300"[31m
      [36m>[31m
        [0mBUTTON$EDIT_TITLE[0m
      [36m</span>[31m
    [36m</div>[31m
  [36m</button>[31m
  [36m<div[31m
    [33mclass[31m=[32m"w-full h-[1px] bg-gradient-to-r from-transparent via-border to-transparent my-1"[31m
  [36m/>[31m
  [36m<button[31m
    [33mclass[31m=[32m"group text-sm px-6 py-4 w-full text-start hover:bg-background-tertiary cursor-pointer transition-all duration-200 disabled:opacity-50 disabled:cursor-not-allowed disabled:hover:bg-transparent text-nowrap text-foreground hover:text-violet-500 font-medium"[31m
    [33mdata-testid[31m=[32m"display-cost-button"[31m
    [33mtype[31m=[32m"button"[31m
  [36m>[31m
    [36m<div[31m
      [33mclass[31m=[32m"flex items-center gap-4 px-1"[31m
    [36m>[31m
      [36m<svg[31m
        [33maria-hidden[31m=[32m"true"[31m
        [33mclass[31m=[32m"lucide lucide-wallet w-5 h-5 shrink-0 text-violet-500/80 group-hover:text-violet-500 transition-colors duration-300"[31m
        [33mfill[31m=[32m"none"[31m
        [33mheight[31m=[32m"24"[31m
        [33mstroke[31m=[32m"currentColor"[31m
        [33mstroke-linecap[31m=[32m"round"[31m
        [33mstroke-linejoin[31m=[32m"round"[31m
        [33mstroke-width[31m=[32m"2"[31m
        [33mviewBox[31m=[32m"0 0 24 24"[31m
        [33mwidth[31m=[32m"24"[31m
        [33mxmlns[31m=[32m"http://www.w3.org/2000/svg"[31m
      [36m>[31m
        [36m<path[31m
          [33md[31m=[32m"M19 7V4a1 1 0 0 0-1-1H5a2 2 0 0 0 0 4h15a1 1 0 0 1 1 1v4h-3a2 2 0 0 0 0 4h3a1 1 0 0 0 1-1v-2a1 1 0 0 0-1-1"[31m
        [36m/>[31m
        [36m<path[31m
          [33md[31m=[32m"M3 5v14a2 2 0 0 0 2 2h15a1 1 0 0 0 1-1v-4"[31m
        [36m/>[31m
      [36m</svg>[31m
      [36m<span[31m
        [33mclass[31m=[32m"text-foreground group-hover:text-violet-500 transition-colors duration-300"[31m
      [36m>[31m
        [0mBUTTON$DISPLAY_COST[0m
      [36m</span>[31m
    [36m</div>[31m
  [36m</button>[31m
  [36m<div[31m
    [33mclass[31m=[32m"w-full h-[1px] bg-gradient-to-r from-transparent via-border to-transparent my-1"[31m
  [36m/>[31m
  [36m<button[31m
    [33mclass[31m=[32m"group text-sm px-6 py-4 w-full text-start hover:bg-background-tertiary cursor-pointer transition-all duration-200 disabled:opacity-50 disabled:cursor-not-allowed disabled:hover:bg-transparent text-nowrap text-foreground hover:text-violet-500 font-medium"[31m
    [33mdata-testid[31m=[32m"delete-button"[31m
    [33mtype[31m=[32m"button"[31m
  [36m>[31m
    [36m<div[31m
      [33mclass[31m=[32m"flex items-center gap-4 px-1"[31m
    [36m>[31m
      [36m<svg[31m
        [33maria-hidden[31m=[32m"true"[31m
        [33mclass[31m=[32m"lucide lucide-trash w-5 h-5 shrink-0 text-violet-500/80 group-hover:text-violet-500 transition-colors duration-300"[31m
        [33mfill[31m=[32m"none"[31m
        [33mheight[31m=[32m"24"[31m
        [33mstroke[31m=[32m"currentColor"[31m
        [33mstroke-linecap[31m=[32m"round"[31m
        [33mstroke-linejoin[31m=[32m"round"[31m
        [33mstroke-width[31m=[32m"2"[31m
        [33mviewBox[31m=[32m"0 0 24 24"[31m
        [33mwidth[31m=[32m"24"[31m
        [33mxmlns[31m=[32m"http://www.w3.org/2000/svg"[31m
      [36m>[31m
        [36m<path[31m
          [33md[31m=[32m"M19 6v14a2 2 0 0 1-2 2H7a2 2 0 0 1-2-2V6"[31m
        [36m/>[31m
        [36m<path[31m
          [33md[31m=[32m"M3 6h18"[31m
        [36m/>[31m
        [36m<path[31m
          [33md[31m=[32m"M8 6V4a2 2 0 0 1 2-2h4a2 2 0 0 1 2 2v2"[31m
        [36m/>[31m
      [36m</svg>[31m
      [36m<span[31m
        [33mclass[31m=[32m"text-foreground group-hover:text-violet-500 transition-colors duration-300"[31m
      [36m>[31m
        [0mBUTTON$DELETE[0m
      [36m</span>[31m
    [36m</div>[31m
  [36m</button>[31m
[36m</div>[31m

(If this is intentional, then use the `*AllBy*` variant of the query (like `queryAllByText`, `getAllByText`, or `findAllByText`)).

Ignored nodes: comments, script, style
[36m<body>[31m
  [36m<div>[31m
    [36m<div[31m
      [33mclass[31m=[32m"group relative h-auto w-full px-4 py-4 cursor-pointer transition-all duration-300 before:absolute before:inset-y-0 before:left-0 before:w-1 before:rounded-r before:transition-all before:duration-300 before:bg-gradient-to-b before:from-brand-500 before:to-accent-500 bg-brand-500/5 hover:bg-background-tertiary hover:shadow-lg"[31m
      [33mdata-testid[31m=[32m"conversation-card"[31m
    [36m>[31m
      [36m<div[31m
        [33mclass[31m=[32m"flex items-center justify-between w-full"[31m
      [36m>[31m
        [36m<div[31m
          [33mclass[31m=[32m"flex items-center gap-2 flex-1 min-w-0 overflow-hidden mr-2"[31m
        [36m>[31m
          [36m<span[31m
            [33mclass[31m=[32m"w-3 h-3 rounded-full flex-shrink-0 animate-pulse bg-gradient-to-r from-brand-500 to-accent-500"[31m
            [33mstyle[31m=[32m"box-shadow: 0 0 8px 3px rgba(59, 130, 246, 0.4);"[31m
          [36m/>[31m
          [36m<div[31m
            [33mclass[31m=[32m"relative flex-1 min-w-0"[31m
          [36m>[31m
            [36m<p[31m
              [33mclass[31m=[32m"text-sm leading-6 font-semibold bg-transparent truncate pr-4 text-foreground group-hover:text-violet-500 transition-colors duration-300"[31m
              [33mdata-testid[31m=[32m"conversation-card-title"[31m
              [33mtitle[31m=[32m"Conversation 1"[31m
            [36m>[31m
              [0mConversation 1[0m
            [36m</p>[31m
            [36m<div[31m
              [33mclass[31m=[32m"pointer-events-none absolute right-0 top-0 h-full w-6 bg-gradient-to-l from-background-secondary via-background-secondary/40 to-transparent"[31m
            [36m/>[31m
          [36m</div>[31m
        [36m</div>[31m
        [36m<div[31m
          [33mclass[31m=[32m"flex items-center"[31m
        [36m>[31m
          [36m<div[31m
            [33mdata-testid[31m=[32m"STOPPED-indicator"[31m
          [36m>[31m
            [36m<svg[31m
              [33mdata-testid[31m=[32m"mocked-svg"[31m
            [36m/>[31m
          [36m</div>[31m
          [36m<div[31m
            [33mclass[31m=[32m"pl-2"[31m
          [36m>[31m
            [36m<button[31m
              [33mclass[31m=[32m"cursor-pointer"[31m
              [33mdata-testid[31m=[32m"ellipsis-button"[31m
              [33mtype[31m=[32m"button"[31m
            [36m>[31m
              [36m<svg[31m
                [33mfill[31m=[32m"#a3a3a3"[31m
                [33mheight[31m=[32m"1em"[31m
                [33mstroke[31m=[32m"currentColor"[31m
                [33mstroke-width[31m=[32m"0"[31m
                [33mviewBox[31m=[32m"0 0 192 512"[31m
                [33mwidth[31m=[32m"1em"[31m
                [33mxmlns[31m=[32m"http://www.w3.org/2000/svg"[31m
              [36m>[31m
                [36m<path[31m
                  [33md[31m=[32m"M96 184c39.8 0 72 32.2 72 72s-32.2 72-72 72-72-32.2-72-72 32.2-72 72-72zM24 80c0 39.8 32.2 72 72 72s72-32.2 72-72S135.8 8 96 8 24 40.2 24 80zm0 352c0 39.8 32.2 72 72 72s72-32.2 72-72-32.2-72-72-72-72 32.2-72 72z"[31m
                [36m/>[31m
              [36m</svg>[31m
            [36m</button>[31m
          [36m</div>[31m
          [36m<div[31m
            [33mclass[31m=[32m"relative"[31m
          [36m/>[31m
        [36m</div>[31m
      [36m</div>[31m
      [36m<div[31m
        [33mclass[31m=[32m"mt-1 space-y-1"[31m
      [36m>[31m
        [36m<div[31m
          [33mclass[31m=[32m"flex items-center gap-1 text-[11px] text-foreground-secondary font-medium tracking-wide"[31m
        [36m>[31m
          [36m<svg[31m
            [33maria-hidden[31m=[32m"true"[31m
            [33mclass[31m=[32m"lucide lucide-clock3 lucide-clock-3 w-3 h-3 opacity-60 text-foreground-secondary"[31m
            [33mfill[31m=[32m"none"[31m
            [33mheight[31m=[32m"24"[31m
            [33mstroke[31m=[32m"currentColor"[31m
            [33mstroke-linecap[31m=[32m"round"[31m
            [33mstroke-linejoin[31m=[32m"round"[31m
            [33mstroke-width[31m=[32m"2"[31m
            [33mviewBox[31m=[32m"0 0 24 24"[31m
            [33mwidth[31m=[32m"24"[31m
            [33mxmlns[31m=[32m"http://www.w3.org/2000/svg"[31m
          [36m>[31m
            [36m<path[31m
              [33md[31m=[32m"M12 6v6h4"[31m
            [36m/>[31m
            [36m<circle[31m
              [33mcx[31m=[32m"12"[31m
              [33mcy[31m=[32m"12"[31m
              [33mr[31m=[32m"10"[31m
            [36m/>[31m
          [36m</svg>[31m
          [36m<span>[31m
            [0mCreated[0m
            [0m [0m
            [36m<span>[31m
              [0m01/10/2021[0m
            [36m</span>[31m
            [0m [0m
            [0mago[0m
          [36m</span>[31m
        [36m</div>[31m
      [36m</div>[31m
    [36m</div>[31m
  [36m</div>[31m
  [36m<div>[31m
    [36m<div[31m
      [33mclass[31m=[32m"group relative h-auto w-full px-4 py-4 cursor-pointer transition-all duration-300 before:absolute before:inset-y-0 before:left-0 before:w-1 before:rounded-r before:transition-all before:duration-300 before:bg-gradient-to-b before:from-brand-500 before:to-accent-500 bg-brand-500/5 hover:bg-background-tertiary hover:shadow-lg"[31m
      [33mdata-testid[31m=[32m"conversation-card"[31m
    [36m>[31m
      [36m<div[31m
        [33mclass[31m=[32m"flex items-center justify-between w-full"[31m
      [36m>[31m
        [36m<div[31m
          [33mclass[31m=[32m"flex items-center gap-2 flex-1 min-w-0 overflow-hidden mr-2"[31m
        [36m>[31m
          [36m<span[31m
            [33mclass[31m=[32m"w-3 h-3 rounded-full flex-shrink-0 animate-pulse bg-gradient-to-r from-brand-500 to-accent-500"[31m
            [33mstyle[31m=[32m"box-shadow: 0 0 8px 3px rgba(59, 130, 246, 0.4);"[31m
          [36m/>[31m
          [36m<div[31m
            [33mclass[31m=[32m"relative flex-1 min-w-0"[31m
          [36m>[31m
            [36m<p[31m
              [33mclass[31m=[32m"text-sm leading-6 font-semibold bg-transparent truncate pr-4 text-foreground group-hover:text-violet-500 transition-colors duration-300"[31m
              [33mdata-testid[31m=[32m"conversation-card-title"[31m
              [33mtitle[31m=[32m"Conversation 1"[31m
            [36m>[31m
              [0mConversation 1[0m
            [36m</p>[31m
            [36m<div[31m
              [33mclass[31m=[32m"pointer-events-none absolute right-0 top-0 h-full w-6 bg-gradient-to-l from-background-secondary via-background-secondary/40 to-transparent"[31m
            [36m/>[31m
          [36m</div>[31m
        [36m</div>[31m
        [36m<div[31m
          [33mclass[31m=[32m"flex items-center"[31m
        [36m>[31m
          ...[39m
[31m     ÔåÆ Cannot read properties of undefined (reading 'clipboard')[39m
[31m   [31m├ù[31m ConversationCard[2m > [22mshould not display the edit or delete options if the handler is not provided[39m[33m 2333[2mms[22m[39m
[31m     ÔåÆ Found multiple elements by: [data-testid="context-menu"]

Here are the matching elements:

Ignored nodes: comments, script, style
[36m<div[31m
  [33mclass[31m=[32m"bg-background-secondary backdrop-blur-xl border border-border rounded-2xl overflow-hidden z-50 shadow-2xl right-0 absolute mt-3 top-full"[31m
  [33mdata-testid[31m=[32m"context-menu"[31m
  [33mrole[31m=[32m"menu"[31m
  [33mtabindex[31m=[32m"-1"[31m
[36m>[31m
  [36m<button[31m
    [33mclass[31m=[32m"group text-sm px-6 py-4 w-full text-start hover:bg-background-tertiary cursor-pointer transition-all duration-200 disabled:opacity-50 disabled:cursor-not-allowed disabled:hover:bg-transparent text-nowrap text-foreground hover:text-violet-500 font-medium"[31m
    [33mdata-testid[31m=[32m"edit-button"[31m
    [33mtype[31m=[32m"button"[31m
  [36m>[31m
    [36m<div[31m
      [33mclass[31m=[32m"flex items-center gap-4 px-1"[31m
    [36m>[31m
      [36m<svg[31m
        [33maria-hidden[31m=[32m"true"[31m
        [33mclass[31m=[32m"lucide lucide-pencil w-5 h-5 shrink-0 text-violet-500/80 group-hover:text-violet-500 transition-colors duration-300"[31m
        [33mfill[31m=[32m"none"[31m
        [33mheight[31m=[32m"24"[31m
        [33mstroke[31m=[32m"currentColor"[31m
        [33mstroke-linecap[31m=[32m"round"[31m
        [33mstroke-linejoin[31m=[32m"round"[31m
        [33mstroke-width[31m=[32m"2"[31m
        [33mviewBox[31m=[32m"0 0 24 24"[31m
        [33mwidth[31m=[32m"24"[31m
        [33mxmlns[31m=[32m"http://www.w3.org/2000/svg"[31m
      [36m>[31m
        [36m<path[31m
          [33md[31m=[32m"M21.174 6.812a1 1 0 0 0-3.986-3.987L3.842 16.174a2 2 0 0 0-.5.83l-1.321 4.352a.5.5 0 0 0 .623.622l4.353-1.32a2 2 0 0 0 .83-.497z"[31m
        [36m/>[31m
        [36m<path[31m
          [33md[31m=[32m"m15 5 4 4"[31m
        [36m/>[31m
      [36m</svg>[31m
      [36m<span[31m
        [33mclass[31m=[32m"text-foreground group-hover:text-violet-500 transition-colors duration-300"[31m
      [36m>[31m
        [0mBUTTON$EDIT_TITLE[0m
      [36m</span>[31m
    [36m</div>[31m
  [36m</button>[31m
  [36m<div[31m
    [33mclass[31m=[32m"w-full h-[1px] bg-gradient-to-r from-transparent via-border to-transparent my-1"[31m
  [36m/>[31m
  [36m<button[31m
    [33mclass[31m=[32m"group text-sm px-6 py-4 w-full text-start hover:bg-background-tertiary cursor-pointer transition-all duration-200 disabled:opacity-50 disabled:cursor-not-allowed disabled:hover:bg-transparent text-nowrap text-foreground hover:text-violet-500 font-medium"[31m
    [33mdata-testid[31m=[32m"delete-button"[31m
    [33mtype[31m=[32m"button"[31m
  [36m>[31m
    [36m<div[31m
      [33mclass[31m=[32m"flex items-center gap-4 px-1"[31m
    [36m>[31m
      [36m<svg[31m
        [33maria-hidden[31m=[32m"true"[31m
        [33mclass[31m=[32m"lucide lucide-trash w-5 h-5 shrink-0 text-violet-500/80 group-hover:text-violet-500 transition-colors duration-300"[31m
        [33mfill[31m=[32m"none"[31m
        [33mheight[31m=[32m"24"[31m
        [33mstroke[31m=[32m"currentColor"[31m
        [33mstroke-linecap[31m=[32m"round"[31m
        [33mstroke-linejoin[31m=[32m"round"[31m
        [33mstroke-width[31m=[32m"2"[31m
        [33mviewBox[31m=[32m"0 0 24 24"[31m
        [33mwidth[31m=[32m"24"[31m
        [33mxmlns[31m=[32m"http://www.w3.org/2000/svg"[31m
      [36m>[31m
        [36m<path[31m
          [33md[31m=[32m"M19 6v14a2 2 0 0 1-2 2H7a2 2 0 0 1-2-2V6"[31m
        [36m/>[31m
        [36m<path[31m
          [33md[31m=[32m"M3 6h18"[31m
        [36m/>[31m
        [36m<path[31m
          [33md[31m=[32m"M8 6V4a2 2 0 0 1 2-2h4a2 2 0 0 1 2 2v2"[31m
        [36m/>[31m
      [36m</svg>[31m
      [36m<span[31m
        [33mclass[31m=[32m"text-foreground group-hover:text-violet-500 transition-colors duration-300"[31m
      [36m>[31m
        [0mBUTTON$DELETE[0m
      [36m</span>[31m
    [36m</div>[31m
  [36m</button>[31m
[36m</div>[31m

Ignored nodes: comments, script, style
[36m<div[31m
  [33mclass[31m=[32m"bg-background-secondary backdrop-blur-xl border border-border rounded-2xl overflow-hidden z-50 shadow-2xl right-0 absolute mt-3 top-full"[31m
  [33mdata-testid[31m=[32m"context-menu"[31m
  [33mrole[31m=[32m"menu"[31m
  [33mtabindex[31m=[32m"-1"[31m
[36m>[31m
  [36m<button[31m
    [33mclass[31m=[32m"group text-sm px-6 py-4 w-full text-start hover:bg-background-tertiary cursor-pointer transition-all duration-200 disabled:opacity-50 disabled:cursor-not-allowed disabled:hover:bg-transparent text-nowrap text-foreground hover:text-violet-500 font-medium"[31m
    [33mdata-testid[31m=[32m"edit-button"[31m
    [33mtype[31m=[32m"button"[31m
  [36m>[31m
    [36m<div[31m
      [33mclass[31m=[32m"flex items-center gap-4 px-1"[31m
    [36m>[31m
      [36m<svg[31m
        [33maria-hidden[31m=[32m"true"[31m
        [33mclass[31m=[32m"lucide lucide-pencil w-5 h-5 shrink-0 text-violet-500/80 group-hover:text-violet-500 transition-colors duration-300"[31m
        [33mfill[31m=[32m"none"[31m
        [33mheight[31m=[32m"24"[31m
        [33mstroke[31m=[32m"currentColor"[31m
        [33mstroke-linecap[31m=[32m"round"[31m
        [33mstroke-linejoin[31m=[32m"round"[31m
        [33mstroke-width[31m=[32m"2"[31m
        [33mviewBox[31m=[32m"0 0 24 24"[31m
        [33mwidth[31m=[32m"24"[31m
        [33mxmlns[31m=[32m"http://www.w3.org/2000/svg"[31m
      [36m>[31m
        [36m<path[31m
          [33md[31m=[32m"M21.174 6.812a1 1 0 0 0-3.986-3.987L3.842 16.174a2 2 0 0 0-.5.83l-1.321 4.352a.5.5 0 0 0 .623.622l4.353-1.32a2 2 0 0 0 .83-.497z"[31m
        [36m/>[31m
        [36m<path[31m
          [33md[31m=[32m"m15 5 4 4"[31m
        [36m/>[31m
      [36m</svg>[31m
      [36m<span[31m
        [33mclass[31m=[32m"text-foreground group-hover:text-violet-500 transition-colors duration-300"[31m
      [36m>[31m
        [0mBUTTON$EDIT_TITLE[0m
      [36m</span>[31m
    [36m</div>[31m
  [36m</button>[31m
  [36m<div[31m
    [33mclass[31m=[32m"w-full h-[1px] bg-gradient-to-r from-transparent via-border to-transparent my-1"[31m
  [36m/>[31m
  [36m<button[31m
    [33mclass[31m=[32m"group text-sm px-6 py-4 w-full text-start hover:bg-background-tertiary cursor-pointer transition-all duration-200 disabled:opacity-50 disabled:cursor-not-allowed disabled:hover:bg-transparent text-nowrap text-foreground hover:text-violet-500 font-medium"[31m
    [33mdata-testid[31m=[32m"delete-button"[31m
    [33mtype[31m=[32m"button"[31m
  [36m>[31m
    [36m<div[31m
      [33mclass[31m=[32m"flex items-center gap-4 px-1"[31m
    [36m>[31m
      [36m<svg[31m
        [33maria-hidden[31m=[32m"true"[31m
        [33mclass[31m=[32m"lucide lucide-trash w-5 h-5 shrink-0 text-violet-500/80 group-hover:text-violet-500 transition-colors duration-300"[31m
        [33mfill[31m=[32m"none"[31m
        [33mheight[31m=[32m"24"[31m
        [33mstroke[31m=[32m"currentColor"[31m
        [33mstroke-linecap[31m=[32m"round"[31m
        [33mstroke-linejoin[31m=[32m"round"[31m
        [33mstroke-width[31m=[32m"2"[31m
        [33mviewBox[31m=[32m"0 0 24 24"[31m
        [33mwidth[31m=[32m"24"[31m
        [33mxmlns[31m=[32m"http://www.w3.org/2000/svg"[31m
      [36m>[31m
        [36m<path[31m
          [33md[31m=[32m"M19 6v14a2 2 0 0 1-2 2H7a2 2 0 0 1-2-2V6"[31m
        [36m/>[31m
        [36m<path[31m
          [33md[31m=[32m"M3 6h18"[31m
        [36m/>[31m
        [36m<path[31m
          [33md[31m=[32m"M8 6V4a2 2 0 0 1 2-2h4a2 2 0 0 1 2 2v2"[31m
        [36m/>[31m
      [36m</svg>[31m
      [36m<span[31m
        [33mclass[31m=[32m"text-foreground group-hover:text-violet-500 transition-colors duration-300"[31m
      [36m>[31m
        [0mBUTTON$DELETE[0m
      [36m</span>[31m
    [36m</div>[31m
  [36m</button>[31m
[36m</div>[31m

Ignored nodes: comments, script, style
[36m<div[31m
  [33mclass[31m=[32m"bg-background-secondary backdrop-blur-xl border border-border rounded-2xl overflow-hidden z-50 shadow-2xl right-0 absolute mt-3 top-full"[31m
  [33mdata-testid[31m=[32m"context-menu"[31m
  [33mrole[31m=[32m"menu"[31m
  [33mtabindex[31m=[32m"-1"[31m
[36m>[31m
  [36m<button[31m
    [33mclass[31m=[32m"group text-sm px-6 py-4 w-full text-start hover:bg-background-tertiary cursor-pointer transition-all duration-200 disabled:opacity-50 disabled:cursor-not-allowed disabled:hover:bg-transparent text-nowrap text-foreground hover:text-violet-500 font-medium"[31m
    [33mdata-testid[31m=[32m"edit-button"[31m
    [33mtype[31m=[32m"button"[31m
  [36m>[31m
    [36m<div[31m
      [33mclass[31m=[32m"flex items-center gap-4 px-1"[31m
    [36m>[31m
      [36m<svg[31m
        [33maria-hidden[31m=[32m"true"[31m
        [33mclass[31m=[32m"lucide lucide-pencil w-5 h-5 shrink-0 text-violet-500/80 group-hover:text-violet-500 transition-colors duration-300"[31m
        [33mfill[31m=[32m"none"[31m
        [33mheight[31m=[32m"24"[31m
        [33mstroke[31m=[32m"currentColor"[31m
        [33mstroke-linecap[31m=[32m"round"[31m
        [33mstroke-linejoin[31m=[32m"round"[31m
        [33mstroke-width[31m=[32m"2"[31m
        [33mviewBox[31m=[32m"0 0 24 24"[31m
        [33mwidth[31m=[32m"24"[31m
        [33mxmlns[31m=[32m"http://www.w3.org/2000/svg"[31m
      [36m>[31m
        [36m<path[31m
          [33md[31m=[32m"M21.174 6.812a1 1 0 0 0-3.986-3.987L3.842 16.174a2 2 0 0 0-.5.83l-1.321 4.352a.5.5 0 0 0 .623.622l4.353-1.32a2 2 0 0 0 .83-.497z"[31m
        [36m/>[31m
        [36m<path[31m
          [33md[31m=[32m"m15 5 4 4"[31m
        [36m/>[31m
      [36m</svg>[31m
      [36m<span[31m
        [33mclass[31m=[32m"text-foreground group-hover:text-violet-500 transition-colors duration-300"[31m
      [36m>[31m
        [0mBUTTON$EDIT_TITLE[0m
      [36m</span>[31m
    [36m</div>[31m
  [36m</button>[31m
  [36m<div[31m
    [33mclass[31m=[32m"w-full h-[1px] bg-gradient-to-r from-transparent via-border to-transparent my-1"[31m
  [36m/>[31m
  [36m<button[31m
    [33mclass[31m=[32m"group text-sm px-6 py-4 w-full text-start hover:bg-background-tertiary cursor-pointer transition-all duration-200 disabled:opacity-50 disabled:cursor-not-allowed disabled:hover:bg-transparent text-nowrap text-foreground hover:text-violet-500 font-medium"[31m
    [33mdata-testid[31m=[32m"delete-button"[31m
    [33mtype[31m=[32m"button"[31m
  [36m>[31m
    [36m<div[31m
      [33mclass[31m=[32m"flex items-center gap-4 px-1"[31m
    [36m>[31m
      [36m<svg[31m
        [33maria-hidden[31m=[32m"true"[31m
        [33mclass[31m=[32m"lucide lucide-trash w-5 h-5 shrink-0 text-violet-500/80 group-hover:text-violet-500 transition-colors duration-300"[31m
        [33mfill[31m=[32m"none"[31m
        [33mheight[31m=[32m"24"[31m
        [33mstroke[31m=[32m"currentColor"[31m
        [33mstroke-linecap[31m=[32m"round"[31m
        [33mstroke-linejoin[31m=[32m"round"[31m
        [33mstroke-width[31m=[32m"2"[31m
        [33mviewBox[31m=[32m"0 0 24 24"[31m
        [33mwidth[31m=[32m"24"[31m
        [33mxmlns[31m=[32m"http://www.w3.org/2000/svg"[31m
      [36m>[31m
        [36m<path[31m
          [33md[31m=[32m"M19 6v14a2 2 0 0 1-2 2H7a2 2 0 0 1-2-2V6"[31m
        [36m/>[31m
        [36m<path[31m
          [33md[31m=[32m"M3 6h18"[31m
        [36m/>[31m
        [36m<path[31m
          [33md[31m=[32m"M8 6V4a2 2 0 0 1 2-2h4a2 2 0 0 1 2 2v2"[31m
        [36m/>[31m
      [36m</svg>[31m
      [36m<span[31m
        [33mclass[31m=[32m"text-foreground group-hover:text-violet-500 transition-colors duration-300"[31m
      [36m>[31m
        [0mBUTTON$DELETE[0m
      [36m</span>[31m
    [36m</div>[31m
  [36m</button>[31m
[36m</div>[31m

Ignored nodes: comments, script, style
[36m<div[31m
  [33mclass[31m=[32m"bg-background-secondary backdrop-blur-xl border border-border rounded-2xl overflow-hidden z-50 shadow-2xl right-0 absolute mt-3 top-full"[31m
  [33mdata-testid[31m=[32m"context-menu"[31m
  [33mrole[31m=[32m"menu"[31m
  [33mtabindex[31m=[32m"-1"[31m
[36m>[31m
  [36m<button[31m
    [33mclass[31m=[32m"group text-sm px-6 py-4 w-full text-start hover:bg-background-tertiary cursor-pointer transition-all duration-200 disabled:opacity-50 disabled:cursor-not-allowed disabled:hover:bg-transparent text-nowrap text-foreground hover:text-violet-500 font-medium"[31m
    [33mdata-testid[31m=[32m"edit-button"[31m
    [33mtype[31m=[32m"button"[31m
  [36m>[31m
    [36m<div[31m
      [33mclass[31m=[32m"flex items-center gap-4 px-1"[31m
    [36m>[31m
      [36m<svg[31m
        [33maria-hidden[31m=[32m"true"[31m
        [33mclass[31m=[32m"lucide lucide-pencil w-5 h-5 shrink-0 text-violet-500/80 group-hover:text-violet-500 transition-colors duration-300"[31m
        [33mfill[31m=[32m"none"[31m
        [33mheight[31m=[32m"24"[31m
        [33mstroke[31m=[32m"currentColor"[31m
        [33mstroke-linecap[31m=[32m"round"[31m
        [33mstroke-linejoin[31m=[32m"round"[31m
        [33mstroke-width[31m=[32m"2"[31m
        [33mviewBox[31m=[32m"0 0 24 24"[31m
        [33mwidth[31m=[32m"24"[31m
        [33mxmlns[31m=[32m"http://www.w3.org/2000/svg"[31m
      [36m>[31m
        [36m<path[31m
          [33md[31m=[32m"M21.174 6.812a1 1 0 0 0-3.986-3.987L3.842 16.174a2 2 0 0 0-.5.83l-1.321 4.352a.5.5 0 0 0 .623.622l4.353-1.32a2 2 0 0 0 .83-.497z"[31m
        [36m/>[31m
        [36m<path[31m
          [33md[31m=[32m"m15 5 4 4"[31m
        [36m/>[31m
      [36m</svg>[31m
      [36m<span[31m
        [33mclass[31m=[32m"text-foreground group-hover:text-violet-500 transition-colors duration-300"[31m
      [36m>[31m
        [0mBUTTON$EDIT_TITLE[0m
      [36m</span>[31m
    [36m</div>[31m
  [36m</button>[31m
  [36m<div[31m
    [33mclass[31m=[32m"w-full h-[1px] bg-gradient-to-r from-transparent via-border to-transparent my-1"[31m
  [36m/>[31m
  [36m<button[31m
    [33mclass[31m=[32m"group text-sm px-6 py-4 w-full text-start hover:bg-background-tertiary cursor-pointer transition-all duration-200 disabled:opacity-50 disabled:cursor-not-allowed disabled:hover:bg-transparent text-nowrap text-foreground hover:text-violet-500 font-medium"[31m
    [33mdata-testid[31m=[32m"delete-button"[31m
    [33mtype[31m=[32m"button"[31m
  [36m>[31m
    [36m<div[31m
      [33mclass[31m=[32m"flex items-center gap-4 px-1"[31m
    [36m>[31m
      [36m<svg[31m
        [33maria-hidden[31m=[32m"true"[31m
        [33mclass[31m=[32m"lucide lucide-trash w-5 h-5 shrink-0 text-violet-500/80 group-hover:text-violet-500 transition-colors duration-300"[31m
        [33mfill[31m=[32m"none"[31m
        [33mheight[31m=[32m"24"[31m
        [33mstroke[31m=[32m"currentColor"[31m
        [33mstroke-linecap[31m=[32m"round"[31m
        [33mstroke-linejoin[31m=[32m"round"[31m
        [33mstroke-width[31m=[32m"2"[31m
        [33mviewBox[31m=[32m"0 0 24 24"[31m
        [33mwidth[31m=[32m"24"[31m
        [33mxmlns[31m=[32m"http://www.w3.org/2000/svg"[31m
      [36m>[31m
        [36m<path[31m
          [33md[31m=[32m"M19 6v14a2 2 0 0 1-2 2H7a2 2 0 0 1-2-2V6"[31m
        [36m/>[31m
        [36m<path[31m
          [33md[31m=[32m"M3 6h18"[31m
        [36m/>[31m
        [36m<path[31m
          [33md[31m=[32m"M8 6V4a2 2 0 0 1 2-2h4a2 2 0 0 1 2 2v2"[31m
        [36m/>[31m
      [36m</svg>[31m
      [36m<span[31m
        [33mclass[31m=[32m"text-foreground group-hover:text-violet-500 transition-colors duration-300"[31m
      [36m>[31m
        [0mBUTTON$DELETE[0m
      [36m</span>[31m
    [36m</div>[31m
  [36m</button>[31m
[36m</div>[31m

Ignored nodes: comments, script, style
[36m<div[31m
  [33mclass[31m=[32m"bg-background-secondary backdrop-blur-xl border border-border rounded-2xl overflow-hidden z-50 shadow-2xl right-0 absolute mt-3 top-full"[31m
  [33mdata-testid[31m=[32m"context-menu"[31m
  [33mrole[31m=[32m"menu"[31m
  [33mtabindex[31m=[32m"-1"[31m
[36m>[31m
  [36m<button[31m
    [33mclass[31m=[32m"group text-sm px-6 py-4 w-full text-start hover:bg-background-tertiary cursor-pointer transition-all duration-200 disabled:opacity-50 disabled:cursor-not-allowed disabled:hover:bg-transparent text-nowrap text-foreground hover:text-violet-500 font-medium"[31m
    [33mdata-testid[31m=[32m"edit-button"[31m
    [33mtype[31m=[32m"button"[31m
  [36m>[31m
    [36m<div[31m
      [33mclass[31m=[32m"flex items-center gap-4 px-1"[31m
    [36m>[31m
      [36m<svg[31m
        [33maria-hidden[31m=[32m"true"[31m
        [33mclass[31m=[32m"lucide lucide-pencil w-5 h-5 shrink-0 text-violet-500/80 group-hover:text-violet-500 transition-colors duration-300"[31m
        [33mfill[31m=[32m"none"[31m
        [33mheight[31m=[32m"24"[31m
        [33mstroke[31m=[32m"currentColor"[31m
        [33mstroke-linecap[31m=[32m"round"[31m
        [33mstroke-linejoin[31m=[32m"round"[31m
        [33mstroke-width[31m=[32m"2"[31m
        [33mviewBox[31m=[32m"0 0 24 24"[31m
        [33mwidth[31m=[32m"24"[31m
        [33mxmlns[31m=[32m"http://www.w3.org/2000/svg"[31m
      [36m>[31m
        [36m<path[31m
          [33md[31m=[32m"M21.174 6.812a1 1 0 0 0-3.986-3.987L3.842 16.174a2 2 0 0 0-.5.83l-1.321 4.352a.5.5 0 0 0 .623.622l4.353-1.32a2 2 0 0 0 .83-.497z"[31m
        [36m/>[31m
        [36m<path[31m
          [33md[31m=[32m"m15 5 4 4"[31m
        [36m/>[31m
      [36m</svg>[31m
      [36m<span[31m
        [33mclass[31m=[32m"text-foreground group-hover:text-violet-500 transition-colors duration-300"[31m
      [36m>[31m
        [0mBUTTON$EDIT_TITLE[0m
      [36m</span>[31m
    [36m</div>[31m
  [36m</button>[31m
  [36m<div[31m
    [33mclass[31m=[32m"w-full h-[1px] bg-gradient-to-r from-transparent via-border to-transparent my-1"[31m
  [36m/>[31m
  [36m<button[31m
    [33mclass[31m=[32m"group text-sm px-6 py-4 w-full text-start hover:bg-background-tertiary cursor-pointer transition-all duration-200 disabled:opacity-50 disabled:cursor-not-allowed disabled:hover:bg-transparent text-nowrap text-foreground hover:text-violet-500 font-medium"[31m
    [33mdata-testid[31m=[32m"delete-button"[31m
    [33mtype[31m=[32m"button"[31m
  [36m>[31m
    [36m<div[31m
      [33mclass[31m=[32m"flex items-center gap-4 px-1"[31m
    [36m>[31m
      [36m<svg[31m
        [33maria-hidden[31m=[32m"true"[31m
        [33mclass[31m=[32m"lucide lucide-trash w-5 h-5 shrink-0 text-violet-500/80 group-hover:text-violet-500 transition-colors duration-300"[31m
        [33mfill[31m=[32m"none"[31m
        [33mheight[31m=[32m"24"[31m
        [33mstroke[31m=[32m"currentColor"[31m
        [33mstroke-linecap[31m=[32m"round"[31m
        [33mstroke-linejoin[31m=[32m"round"[31m
        [33mstroke-width[31m=[32m"2"[31m
        [33mviewBox[31m=[32m"0 0 24 24"[31m
        [33mwidth[31m=[32m"24"[31m
        [33mxmlns[31m=[32m"http://www.w3.org/2000/svg"[31m
      [36m>[31m
        [36m<path[31m
          [33md[31m=[32m"M19 6v14a2 2 0 0 1-2 2H7a2 2 0 0 1-2-2V6"[31m
        [36m/>[31m
        [36m<path[31m
          [33md[31m=[32m"M3 6h18"[31m
        [36m/>[31m
        [36m<path[31m
          [33md[31m=[32m"M8 6V4a2 2 0 0 1 2-2h4a2 2 0 0 1 2 2v2"[31m
        [36m/>[31m
      [36m</svg>[31m
      [36m<span[31m
        [33mclass[31m=[32m"text-foreground group-hover:text-violet-500 transition-colors duration-300"[31m
      [36m>[31m
        [0mBUTTON$DELETE[0m
      [36m</span>[31m
    [36m</div>[31m
  [36m</button>[31m
[36m</div>[31m

Ignored nodes: comments, script, style
[36m<div[31m
  [33mclass[31m=[32m"bg-background-secondary backdrop-blur-xl border border-border rounded-2xl overflow-hidden z-50 shadow-2xl right-0 absolute mt-3 top-full"[31m
  [33mdata-testid[31m=[32m"context-menu"[31m
  [33mrole[31m=[32m"menu"[31m
  [33mtabindex[31m=[32m"-1"[31m
[36m>[31m
  [36m<button[31m
    [33mclass[31m=[32m"group text-sm px-6 py-4 w-full text-start hover:bg-background-tertiary cursor-pointer transition-all duration-200 disabled:opacity-50 disabled:cursor-not-allowed disabled:hover:bg-transparent text-nowrap text-foreground hover:text-violet-500 font-medium"[31m
    [33mdata-testid[31m=[32m"edit-button"[31m
    [33mtype[31m=[32m"button"[31m
  [36m>[31m
    [36m<div[31m
      [33mclass[31m=[32m"flex items-center gap-4 px-1"[31m
    [36m>[31m
      [36m<svg[31m
        [33maria-hidden[31m=[32m"true"[31m
        [33mclass[31m=[32m"lucide lucide-pencil w-5 h-5 shrink-0 text-violet-500/80 group-hover:text-violet-500 transition-colors duration-300"[31m
        [33mfill[31m=[32m"none"[31m
        [33mheight[31m=[32m"24"[31m
        [33mstroke[31m=[32m"currentColor"[31m
        [33mstroke-linecap[31m=[32m"round"[31m
        [33mstroke-linejoin[31m=[32m"round"[31m
        [33mstroke-width[31m=[32m"2"[31m
        [33mviewBox[31m=[32m"0 0 24 24"[31m
        [33mwidth[31m=[32m"24"[31m
        [33mxmlns[31m=[32m"http://www.w3.org/2000/svg"[31m
      [36m>[31m
        [36m<path[31m
          [33md[31m=[32m"M21.174 6.812a1 1 0 0 0-3.986-3.987L3.842 16.174a2 2 0 0 0-.5.83l-1.321 4.352a.5.5 0 0 0 .623.622l4.353-1.32a2 2 0 0 0 .83-.497z"[31m
        [36m/>[31m
        [36m<path[31m
          [33md[31m=[32m"m15 5 4 4"[31m
        [36m/>[31m
      [36m</svg>[31m
      [36m<span[31m
        [33mclass[31m=[32m"text-foreground group-hover:text-violet-500 transition-colors duration-300"[31m
      [36m>[31m
        [0mBUTTON$EDIT_TITLE[0m
      [36m</span>[31m
    [36m</div>[31m
  [36m</button>[31m
  [36m<div[31m
    [33mclass[31m=[32m"w-full h-[1px] bg-gradient-to-r from-transparent via-border to-transparent my-1"[31m
  [36m/>[31m
  [36m<button[31m
    [33mclass[31m=[32m"group text-sm px-6 py-4 w-full text-start hover:bg-background-tertiary cursor-pointer transition-all duration-200 disabled:opacity-50 disabled:cursor-not-allowed disabled:hover:bg-transparent text-nowrap text-foreground hover:text-violet-500 font-medium"[31m
    [33mdata-testid[31m=[32m"delete-button"[31m
    [33mtype[31m=[32m"button"[31m
  [36m>[31m
    [36m<div[31m
      [33mclass[31m=[32m"flex items-center gap-4 px-1"[31m
    [36m>[31m
      [36m<svg[31m
        [33maria-hidden[31m=[32m"true"[31m
        [33mclass[31m=[32m"lucide lucide-trash w-5 h-5 shrink-0 text-violet-500/80 group-hover:text-violet-500 transition-colors duration-300"[31m
        [33mfill[31m=[32m"none"[31m
        [33mheight[31m=[32m"24"[31m
        [33mstroke[31m=[32m"currentColor"[31m
        [33mstroke-linecap[31m=[32m"round"[31m
        [33mstroke-linejoin[31m=[32m"round"[31m
        [33mstroke-width[31m=[32m"2"[31m
        [33mviewBox[31m=[32m"0 0 24 24"[31m
        [33mwidth[31m=[32m"24"[31m
        [33mxmlns[31m=[32m"http://www.w3.org/2000/svg"[31m
      [36m>[31m
        [36m<path[31m
          [33md[31m=[32m"M19 6v14a2 2 0 0 1-2 2H7a2 2 0 0 1-2-2V6"[31m
        [36m/>[31m
        [36m<path[31m
          [33md[31m=[32m"M3 6h18"[31m
        [36m/>[31m
        [36m<path[31m
          [33md[31m=[32m"M8 6V4a2 2 0 0 1 2-2h4a2 2 0 0 1 2 2v2"[31m
        [36m/>[31m
      [36m</svg>[31m
      [36m<span[31m
        [33mclass[31m=[32m"text-foreground group-hover:text-violet-500 transition-colors duration-300"[31m
      [36m>[31m
        [0mBUTTON$DELETE[0m
      [36m</span>[31m
    [36m</div>[31m
  [36m</button>[31m
[36m</div>[31m

Ignored nodes: comments, script, style
[36m<div[31m
  [33mclass[31m=[32m"bg-background-secondary backdrop-blur-xl border border-border rounded-2xl overflow-hidden z-50 shadow-2xl right-0 absolute mt-3 top-full"[31m
  [33mdata-testid[31m=[32m"context-menu"[31m
  [33mrole[31m=[32m"menu"[31m
  [33mtabindex[31m=[32m"-1"[31m
[36m>[31m
  [36m<button[31m
    [33mclass[31m=[32m"group text-sm px-6 py-4 w-full text-start hover:bg-background-tertiary cursor-pointer transition-all duration-200 disabled:opacity-50 disabled:cursor-not-allowed disabled:hover:bg-transparent text-nowrap text-foreground hover:text-violet-500 font-medium"[31m
    [33mdata-testid[31m=[32m"edit-button"[31m
    [33mtype[31m=[32m"button"[31m
  [36m>[31m
    [36m<div[31m
      [33mclass[31m=[32m"flex items-center gap-4 px-1"[31m
    [36m>[31m
      [36m<svg[31m
        [33maria-hidden[31m=[32m"true"[31m
        [33mclass[31m=[32m"lucide lucide-pencil w-5 h-5 shrink-0 text-violet-500/80 group-hover:text-violet-500 transition-colors duration-300"[31m
        [33mfill[31m=[32m"none"[31m
        [33mheight[31m=[32m"24"[31m
        [33mstroke[31m=[32m"currentColor"[31m
        [33mstroke-linecap[31m=[32m"round"[31m
        [33mstroke-linejoin[31m=[32m"round"[31m
        [33mstroke-width[31m=[32m"2"[31m
        [33mviewBox[31m=[32m"0 0 24 24"[31m
        [33mwidth[31m=[32m"24"[31m
        [33mxmlns[31m=[32m"http://www.w3.org/2000/svg"[31m
      [36m>[31m
        [36m<path[31m
          [33md[31m=[32m"M21.174 6.812a1 1 0 0 0-3.986-3.987L3.842 16.174a2 2 0 0 0-.5.83l-1.321 4.352a.5.5 0 0 0 .623.622l4.353-1.32a2 2 0 0 0 .83-.497z"[31m
        [36m/>[31m
        [36m<path[31m
          [33md[31m=[32m"m15 5 4 4"[31m
        [36m/>[31m
      [36m</svg>[31m
      [36m<span[31m
        [33mclass[31m=[32m"text-foreground group-hover:text-violet-500 transition-colors duration-300"[31m
      [36m>[31m
        [0mBUTTON$EDIT_TITLE[0m
      [36m</span>[31m
    [36m</div>[31m
  [36m</button>[31m
  [36m<div[31m
    [33mclass[31m=[32m"w-full h-[1px] bg-gradient-to-r from-transparent via-border to-transparent my-1"[31m
  [36m/>[31m
  [36m<button[31m
    [33mclass[31m=[32m"group text-sm px-6 py-4 w-full text-start hover:bg-background-tertiary cursor-pointer transition-all duration-200 disabled:opacity-50 disabled:cursor-not-allowed disabled:hover:bg-transparent text-nowrap text-foreground hover:text-violet-500 font-medium"[31m
    [33mdata-testid[31m=[32m"display-cost-button"[31m
    [33mtype[31m=[32m"button"[31m
  [36m>[31m
    [36m<div[31m
      [33mclass[31m=[32m"flex items-center gap-4 px-1"[31m
    [36m>[31m
      [36m<svg[31m
        [33maria-hidden[31m=[32m"true"[31m
        [33mclass[31m=[32m"lucide lucide-wallet w-5 h-5 shrink-0 text-violet-500/80 group-hover:text-violet-500 transition-colors duration-300"[31m
        [33mfill[31m=[32m"none"[31m
        [33mheight[31m=[32m"24"[31m
        [33mstroke[31m=[32m"currentColor"[31m
        [33mstroke-linecap[31m=[32m"round"[31m
        [33mstroke-linejoin[31m=[32m"round"[31m
        [33mstroke-width[31m=[32m"2"[31m
        [33mviewBox[31m=[32m"0 0 24 24"[31m
        [33mwidth[31m=[32m"24"[31m
        [33mxmlns[31m=[32m"http://www.w3.org/2000/svg"[31m
      [36m>[31m
        [36m<path[31m
          [33md[31m=[32m"M19 7V4a1 1 0 0 0-1-1H5a2 2 0 0 0 0 4h15a1 1 0 0 1 1 1v4h-3a2 2 0 0 0 0 4h3a1 1 0 0 0 1-1v-2a1 1 0 0 0-1-1"[31m
        [36m/>[31m
        [36m<path[31m
          [33md[31m=[32m"M3 5v14a2 2 0 0 0 2 2h15a1 1 0 0 0 1-1v-4"[31m
        [36m/>[31m
      [36m</svg>[31m
      [36m<span[31m
        [33mclass[31m=[32m"text-foreground group-hover:text-violet-500 transition-colors duration-300"[31m
      [36m>[31m
        [0mBUTTON$DISPLAY_COST[0m
      [36m</span>[31m
    [36m</div>[31m
  [36m</button>[31m
  [36m<div[31m
    [33mclass[31m=[32m"w-full h-[1px] bg-gradient-to-r from-transparent via-border to-transparent my-1"[31m
  [36m/>[31m
  [36m<button[31m
    [33mclass[31m=[32m"group text-sm px-6 py-4 w-full text-start hover:bg-background-tertiary cursor-pointer transition-all duration-200 disabled:opacity-50 disabled:cursor-not-allowed disabled:hover:bg-transparent text-nowrap text-foreground hover:text-violet-500 font-medium"[31m
    [33mdata-testid[31m=[32m"delete-button"[31m
    [33mtype[31m=[32m"button"[31m
  [36m>[31m
    [36m<div[31m
      [33mclass[31m=[32m"flex items-center gap-4 px-1"[31m
    [36m>[31m
      [36m<svg[31m
        [33maria-hidden[31m=[32m"true"[31m
        [33mclass[31m=[32m"lucide lucide-trash w-5 h-5 shrink-0 text-violet-500/80 group-hover:text-violet-500 transition-colors duration-300"[31m
        [33mfill[31m=[32m"none"[31m
        [33mheight[31m=[32m"24"[31m
        [33mstroke[31m=[32m"currentColor"[31m
        [33mstroke-linecap[31m=[32m"round"[31m
        [33mstroke-linejoin[31m=[32m"round"[31m
        [33mstroke-width[31m=[32m"2"[31m
        [33mviewBox[31m=[32m"0 0 24 24"[31m
        [33mwidth[31m=[32m"24"[31m
        [33mxmlns[31m=[32m"http://www.w3.org/2000/svg"[31m
      [36m>[31m
        [36m<path[31m
          [33md[31m=[32m"M19 6v14a2 2 0 0 1-2 2H7a2 2 0 0 1-2-2V6"[31m
        [36m/>[31m
        [36m<path[31m
          [33md[31m=[32m"M3 6h18"[31m
        [36m/>[31m
        [36m<path[31m
          [33md[31m=[32m"M8 6V4a2 2 0 0 1 2-2h4a2 2 0 0 1 2 2v2"[31m
        [36m/>[31m
      [36m</svg>[31m
      [36m<span[31m
        [33mclass[31m=[32m"text-foreground group-hover:text-violet-500 transition-colors duration-300"[31m
      [36m>[31m
        [0mBUTTON$DELETE[0m
      [36m</span>[31m
    [36m</div>[31m
  [36m</button>[31m
[36m</div>[31m

Ignored nodes: comments, script, style
[36m<div[31m
  [33mclass[31m=[32m"bg-background-secondary backdrop-blur-xl border border-border rounded-2xl overflow-hidden z-50 shadow-2xl right-0 absolute mt-3 top-full"[31m
  [33mdata-testid[31m=[32m"context-menu"[31m
  [33mrole[31m=[32m"menu"[31m
  [33mtabindex[31m=[32m"-1"[31m
[36m>[31m
  [36m<button[31m
    [33mclass[31m=[32m"group text-sm px-6 py-4 w-full text-start hover:bg-background-tertiary cursor-pointer transition-all duration-200 disabled:opacity-50 disabled:cursor-not-allowed disabled:hover:bg-transparent text-nowrap text-foreground hover:text-violet-500 font-medium"[31m
    [33mdata-testid[31m=[32m"edit-button"[31m
    [33mtype[31m=[32m"button"[31m
  [36m>[31m
    [36m<div[31m
      [33mclass[31m=[32m"flex items-center gap-4 px-1"[31m
    [36m>[31m
      [36m<svg[31m
        [33maria-hidden[31m=[32m"true"[31m
        [33mclass[31m=[32m"lucide lucide-pencil w-5 h-5 shrink-0 text-violet-500/80 group-hover:text-violet-500 transition-colors duration-300"[31m
        [33mfill[31m=[32m"none"[31m
        [33mheight[31m=[32m"24"[31m
        [33mstroke[31m=[32m"currentColor"[31m
        [33mstroke-linecap[31m=[32m"round"[31m
        [33mstroke-linejoin[31m=[32m"round"[31m
        [33mstroke-width[31m=[32m"2"[31m
        [33mviewBox[31m=[32m"0 0 24 24"[31m
        [33mwidth[31m=[32m"24"[31m
        [33mxmlns[31m=[32m"http://www.w3.org/2000/svg"[31m
      [36m>[31m
        [36m<path[31m
          [33md[31m=[32m"M21.174 6.812a1 1 0 0 0-3.986-3.987L3.842 16.174a2 2 0 0 0-.5.83l-1.321 4.352a.5.5 0 0 0 .623.622l4.353-1.32a2 2 0 0 0 .83-.497z"[31m
        [36m/>[31m
        [36m<path[31m
          [33md[31m=[32m"m15 5 4 4"[31m
        [36m/>[31m
      [36m</svg>[31m
      [36m<span[31m
        [33mclass[31m=[32m"text-foreground group-hover:text-violet-500 transition-colors duration-300"[31m
      [36m>[31m
        [0mBUTTON$EDIT_TITLE[0m
      [36m</span>[31m
    [36m</div>[31m
  [36m</button>[31m
[36m</div>[31m

(If this is intentional, then use the `*AllBy*` variant of the query (like `queryAllByText`, `getAllByText`, or `findAllByText`)).

Ignored nodes: comments, script, style
[36m<body>[31m
  [36m<div>[31m
    [36m<div[31m
      [33mclass[31m=[32m"group relative h-auto w-full px-4 py-4 cursor-pointer transition-all duration-300 before:absolute before:inset-y-0 before:left-0 before:w-1 before:rounded-r before:transition-all before:duration-300 before:bg-gradient-to-b before:from-brand-500 before:to-accent-500 bg-brand-500/5 hover:bg-background-tertiary hover:shadow-lg"[31m
      [33mdata-testid[31m=[32m"conversation-card"[31m
    [36m>[31m
      [36m<div[31m
        [33mclass[31m=[32m"flex items-center justify-between w-full"[31m
      [36m>[31m
        [36m<div[31m
          [33mclass[31m=[32m"flex items-center gap-2 flex-1 min-w-0 overflow-hidden mr-2"[31m
        [36m>[31m
          [36m<span[31m
            [33mclass[31m=[32m"w-3 h-3 rounded-full flex-shrink-0 animate-pulse bg-gradient-to-r from-brand-500 to-accent-500"[31m
            [33mstyle[31m=[32m"box-shadow: 0 0 8px 3px rgba(59, 130, 246, 0.4);"[31m
          [36m/>[31m
          [36m<div[31m
            [33mclass[31m=[32m"relative flex-1 min-w-0"[31m
          [36m>[31m
            [36m<p[31m
              [33mclass[31m=[32m"text-sm leading-6 font-semibold bg-transparent truncate pr-4 text-foreground group-hover:text-violet-500 transition-colors duration-300"[31m
              [33mdata-testid[31m=[32m"conversation-card-title"[31m
              [33mtitle[31m=[32m"Conversation 1"[31m
            [36m>[31m
              [0mConversation 1[0m
            [36m</p>[31m
            [36m<div[31m
              [33mclass[31m=[32m"pointer-events-none absolute right-0 top-0 h-full w-6 bg-gradient-to-l from-background-secondary via-background-secondary/40 to-transparent"[31m
            [36m/>[31m
          [36m</div>[31m
        [36m</div>[31m
        [36m<div[31m
          [33mclass[31m=[32m"flex items-center"[31m
        [36m>[31m
          [36m<div[31m
            [33mdata-testid[31m=[32m"STOPPED-indicator"[31m
          [36m>[31m
            [36m<svg[31m
              [33mdata-testid[31m=[32m"mocked-svg"[31m
            [36m/>[31m
          [36m</div>[31m
          [36m<div[31m
            [33mclass[31m=[32m"pl-2"[31m
          [36m>[31m
            [36m<button[31m
              [33mclass[31m=[32m"cursor-pointer"[31m
              [33mdata-testid[31m=[32m"ellipsis-button"[31m
              [33mtype[31m=[32m"button"[31m
            [36m>[31m
              [36m<svg[31m
                [33mfill[31m=[32m"#a3a3a3"[31m
                [33mheight[31m=[32m"1em"[31m
                [33mstroke[31m=[32m"currentColor"[31m
                [33mstroke-width[31m=[32m"0"[31m
                [33mviewBox[31m=[32m"0 0 192 512"[31m
                [33mwidth[31m=[32m"1em"[31m
                [33mxmlns[31m=[32m"http://www.w3.org/2000/svg"[31m
              [36m>[31m
                [36m<path[31m
                  [33md[31m=[32m"M96 184c39.8 0 72 32.2 72 72s-32.2 72-72 72-72-32.2-72-72 32.2-72 72-72zM24 80c0 39.8 32.2 72 72 72s72-32.2 72-72S135.8 8 96 8 24 40.2 24 80zm0 352c0 39.8 32.2 72 72 72s72-32.2 72-72-32.2-72-72-72-72 32.2-72 72z"[31m
                [36m/>[31m
              [36m</svg>[31m
            [36m</button>[31m
          [36m</div>[31m
          [36m<div[31m
            [33mclass[31m=[32m"relative"[31m
          [36m/>[31m
        [36m</div>[31m
      [36m</div>[31m
      [36m<div[31m
        [33mclass[31m=[32m"mt-1 space-y-1"[31m
      [36m>[31m
        [36m<div[31m
          [33mclass[31m=[32m"flex items-center gap-1 text-[11px] text-foreground-secondary font-medium tracking-wide"[31m
        [36m>[31m
          [36m<svg[31m
            [33maria-hidden[31m=[32m"true"[31m
            [33mclass[31m=[32m"lucide lucide-clock3 lucide-clock-3 w-3 h-3 opacity-60 text-foreground-secondary"[31m
            [33mfill[31m=[32m"none"[31m
            [33mheight[31m=[32m"24"[31m
            [33mstroke[31m=[32m"currentColor"[31m
            [33mstroke-linecap[31m=[32m"round"[31m
            [33mstroke-linejoin[31m=[32m"round"[31m
            [33mstroke-width[31m=[32m"2"[31m
            [33mviewBox[31m=[32m"0 0 24 24"[31m
            [33mwidth[31m=[32m"24"[31m
            [33mxmlns[31m=[32m"http://www.w3.org/2000/svg"[31m
          [36m>[31m
            [36m<path[31m
              [33md[31m=[32m"M12 6v6h4"[31m
            [36m/>[31m
            [36m<circle[31m
              [33mcx[31m=[32m"12"[31m
              [33mcy[31m=[32m"12"[31m
              [33mr[31m=[32m"10"[31m
            [36m/>[31m
          [36m</svg>[31m
          [36m<span>[31m
            [0mCreated[0m
            [0m [0m
            [36m<span>[31m
              [0m01/10/2021[0m
            [36m</span>[31m
            [0m [0m
            [0mago[0m
          [36m</span>[31m
        [36m</div>[31m
      [36m</div>[31m
    [36m</div>[31m
  [36m</div>[31m
  [36m<div>[31m
    [36m<div[31m
      [33mclass[31m=[32m"group relative h-auto w-full px-4 py-4 cursor-pointer transition-all duration-300 before:absolute before:inset-y-0 before:left-0 before:w-1 before:rounded-r before:transition-all before:duration-300 before:bg-gradient-to-b before:from-brand-500 before:to-accent-500 bg-brand-500/5 hover:bg-background-tertiary hover:shadow-lg"[31m
      [33mdata-testid[31m=[32m"conversation-card"[31m
    [36m>[31m
      [36m<div[31m
        [33mclass[31m=[32m"flex items-center justify-between w-full"[31m
      [36m>[31m
        [36m<div[31m
          [33mclass[31m=[32m"flex items-center gap-2 flex-1 min-w-0 overflow-hidden mr-2"[31m
        [36m>[31m
          [36m<span[31m
            [33mclass[31m=[32m"w-3 h-3 rounded-full flex-shrink-0 animate-pulse bg-gradient-to-r from-brand-500 to-accent-500"[31m
            [33mstyle[31m=[32m"box-shadow: 0 0 8px 3px rgba(59, 130, 246, 0.4);"[31m
          [36m/>[31m
          [36m<div[31m
            [33mclass[31m=[32m"relative flex-1 min-w-0"[31m
          [36m>[31m
            [36m<p[31m
              [33mclass[31m=[32m"text-sm leading-6 font-semibold bg-transparent truncate pr-4 text-foreground group-hover:text-violet-500 transition-colors duration-300"[31m
              [33mdata-testid[31m=[32m"conversation-card-title"[31m
              [33mtitle[31m=[32m"Conversation 1"[31m
            [36m>[31m
              [0mConversation 1[0m
            [36m</p>[31m
            [36m<div[31m
              [33mclass[31m=[32m"pointer-events-none absolute right-0 top-0 h-full w-6 bg-gradient-to-l from-background-secondary via-background-secondary/40 to-transparent"[31m
            [36m/>[31m
          [36m</div>[31m
        [36m</div>[31m
        [36m<div[31m
          [33mclass[31m=[32m"flex items-center"[31m
        [36m>[31m
          ...

Ignored nodes: comments, script, style
[36m<body>[31m
  [36m<div>[31m
    [36m<div[31m
      [33mclass[31m=[32m"group relative h-auto w-full px-4 py-4 cursor-pointer transition-all duration-300 before:absolute before:inset-y-0 before:left-0 before:w-1 before:rounded-r before:transition-all before:duration-300 before:bg-gradient-to-b before:from-brand-500 before:to-accent-500 bg-brand-500/5 hover:bg-background-tertiary hover:shadow-lg"[31m
      [33mdata-testid[31m=[32m"conversation-card"[31m
    [36m>[31m
      [36m<div[31m
        [33mclass[31m=[32m"flex items-center justify-between w-full"[31m
      [36m>[31m
        [36m<div[31m
          [33mclass[31m=[32m"flex items-center gap-2 flex-1 min-w-0 overflow-hidden mr-2"[31m
        [36m>[31m
          [36m<span[31m
            [33mclass[31m=[32m"w-3 h-3 rounded-full flex-shrink-0 animate-pulse bg-gradient-to-r from-brand-500 to-accent-500"[31m
            [33mstyle[31m=[32m"box-shadow: 0 0 8px 3px rgba(59, 130, 246, 0.4);"[31m
          [36m/>[31m
          [36m<div[31m
            [33mclass[31m=[32m"relative flex-1 min-w-0"[31m
          [36m>[31m
            [36m<p[31m
              [33mclass[31m=[32m"text-sm leading-6 font-semibold bg-transparent truncate pr-4 text-foreground group-hover:text-violet-500 transition-colors duration-300"[31m
              [33mdata-testid[31m=[32m"conversation-card-title"[31m
              [33mtitle[31m=[32m"Conversation 1"[31m
            [36m>[31m
              [0mConversation 1[0m
            [36m</p>[31m
            [36m<div[31m
              [33mclass[31m=[32m"pointer-events-none absolute right-0 top-0 h-full w-6 bg-gradient-to-l from-background-secondary via-background-secondary/40 to-transparent"[31m
            [36m/>[31m
          [36m</div>[31m
        [36m</div>[31m
        [36m<div[31m
          [33mclass[31m=[32m"flex items-center"[31m
        [36m>[31m
          [36m<div[31m
            [33mdata-testid[31m=[32m"STOPPED-indicator"[31m
          [36m>[31m
            [36m<svg[31m
              [33mdata-testid[31m=[32m"mocked-svg"[31m
            [36m/>[31m
          [36m</div>[31m
          [36m<div[31m
            [33mclass[31m=[32m"pl-2"[31m
          [36m>[31m
            [36m<button[31m
              [33mclass[31m=[32m"cursor-pointer"[31m
              [33mdata-testid[31m=[32m"ellipsis-button"[31m
              [33mtype[31m=[32m"button"[31m
            [36m>[31m
              [36m<svg[31m
                [33mfill[31m=[32m"#a3a3a3"[31m
                [33mheight[31m=[32m"1em"[31m
                [33mstroke[31m=[32m"currentColor"[31m
                [33mstroke-width[31m=[32m"0"[31m
                [33mviewBox[31m=[32m"0 0 192 512"[31m
                [33mwidth[31m=[32m"1em"[31m
                [33mxmlns[31m=[32m"http://www.w3.org/2000/svg"[31m
              [36m>[31m
                [36m<path[31m
                  [33md[31m=[32m"M96 184c39.8 0 72 32.2 72 72s-32.2 72-72 72-72-32.2-72-72 32.2-72 72-72zM24 80c0 39.8 32.2 72 72 72s72-32.2 72-72S135.8 8 96 8 24 40.2 24 80zm0 352c0 39.8 32.2 72 72 72s72-32.2 72-72-32.2-72-72-72-72 32.2-72 72z"[31m
                [36m/>[31m
              [36m</svg>[31m
            [36m</button>[31m
          [36m</div>[31m
          [36m<div[31m
            [33mclass[31m=[32m"relative"[31m
          [36m/>[31m
        [36m</div>[31m
      [36m</div>[31m
      [36m<div[31m
        [33mclass[31m=[32m"mt-1 space-y-1"[31m
      [36m>[31m
        [36m<div[31m
          [33mclass[31m=[32m"flex items-center gap-1 text-[11px] text-foreground-secondary font-medium tracking-wide"[31m
        [36m>[31m
          [36m<svg[31m
            [33maria-hidden[31m=[32m"true"[31m
            [33mclass[31m=[32m"lucide lucide-clock3 lucide-clock-3 w-3 h-3 opacity-60 text-foreground-secondary"[31m
            [33mfill[31m=[32m"none"[31m
            [33mheight[31m=[32m"24"[31m
            [33mstroke[31m=[32m"currentColor"[31m
            [33mstroke-linecap[31m=[32m"round"[31m
            [33mstroke-linejoin[31m=[32m"round"[31m
            [33mstroke-width[31m=[32m"2"[31m
            [33mviewBox[31m=[32m"0 0 24 24"[31m
            [33mwidth[31m=[32m"24"[31m
            [33mxmlns[31m=[32m"http://www.w3.org/2000/svg"[31m
          [36m>[31m
            [36m<path[31m
              [33md[31m=[32m"M12 6v6h4"[31m
            [36m/>[31m
            [36m<circle[31m
              [33mcx[31m=[32m"12"[31m
              [33mcy[31m=[32m"12"[31m
              [33mr[31m=[32m"10"[31m
            [36m/>[31m
          [36m</svg>[31m
          [36m<span>[31m
            [0mCreated[0m
            [0m [0m
            [36m<span>[31m
              [0m01/10/2021[0m
            [36m</span>[31m
            [0m [0m
            [0mago[0m
          [36m</span>[31m
        [36m</div>[31m
      [36m</div>[31m
    [36m</div>[31m
  [36m</div>[31m
  [36m<div>[31m
    [36m<div[31m
      [33mclass[31m=[32m"group relative h-auto w-full px-4 py-4 cursor-pointer transition-all duration-300 before:absolute before:inset-y-0 before:left-0 before:w-1 before:rounded-r before:transition-all before:duration-300 before:bg-gradient-to-b before:from-brand-500 before:to-accent-500 bg-brand-500/5 hover:bg-background-tertiary hover:shadow-lg"[31m
      [33mdata-testid[31m=[32m"conversation-card"[31m
    [36m>[31m
      [36m<div[31m
        [33mclass[31m=[32m"flex items-center justify-between w-full"[31m
      [36m>[31m
        [36m<div[31m
          [33mclass[31m=[32m"flex items-center gap-2 flex-1 min-w-0 overflow-hidden mr-2"[31m
        [36m>[31m
          [36m<span[31m
            [33mclass[31m=[32m"w-3 h-3 rounded-full flex-shrink-0 animate-pulse bg-gradient-to-r from-brand-500 to-accent-500"[31m
            [33mstyle[31m=[32m"box-shadow: 0 0 8px 3px rgba(59, 130, 246, 0.4);"[31m
          [36m/>[31m
          [36m<div[31m
            [33mclass[31m=[32m"relative flex-1 min-w-0"[31m
          [36m>[31m
            [36m<p[31m
              [33mclass[31m=[32m"text-sm leading-6 font-semibold bg-transparent truncate pr-4 text-foreground group-hover:text-violet-500 transition-colors duration-300"[31m
              [33mdata-testid[31m=[32m"conversation-card-title"[31m
              [33mtitle[31m=[32m"Conversation 1"[31m
            [36m>[31m
              [0mConversation 1[0m
            [36m</p>[31m
            [36m<div[31m
              [33mclass[31m=[32m"pointer-events-none absolute right-0 top-0 h-full w-6 bg-gradient-to-l from-background-secondary via-background-secondary/40 to-transparent"[31m
            [36m/>[31m
          [36m</div>[31m
        [36m</div>[31m
        [36m<div[31m
          [33mclass[31m=[32m"flex items-center"[31m
        [36m>[31m
          ...[39m
[31m     ÔåÆ Cannot read properties of undefined (reading 'clipboard')[39m
[31m   [31m├ù[31m ConversationCard[2m > [22mshould not render the ellipsis button if there are no actions[39m[33m 834[2mms[22m[39m
[31m     ÔåÆ Found multiple elements by: [data-testid="ellipsis-button"]

Here are the matching elements:

Ignored nodes: comments, script, style
[36m<button[31m
  [33mclass[31m=[32m"cursor-pointer"[31m
  [33mdata-testid[31m=[32m"ellipsis-button"[31m
  [33mtype[31m=[32m"button"[31m
[36m>[31m
  [36m<svg[31m
    [33mfill[31m=[32m"#a3a3a3"[31m
    [33mheight[31m=[32m"1em"[31m
    [33mstroke[31m=[32m"currentColor"[31m
    [33mstroke-width[31m=[32m"0"[31m
    [33mviewBox[31m=[32m"0 0 192 512"[31m
    [33mwidth[31m=[32m"1em"[31m
    [33mxmlns[31m=[32m"http://www.w3.org/2000/svg"[31m
  [36m>[31m
    [36m<path[31m
      [33md[31m=[32m"M96 184c39.8 0 72 32.2 72 72s-32.2 72-72 72-72-32.2-72-72 32.2-72 72-72zM24 80c0 39.8 32.2 72 72 72s72-32.2 72-72S135.8 8 96 8 24 40.2 24 80zm0 352c0 39.8 32.2 72 72 72s72-32.2 72-72-32.2-72-72-72-72 32.2-72 72z"[31m
    [36m/>[31m
  [36m</svg>[31m
[36m</button>[31m

Ignored nodes: comments, script, style
[36m<button[31m
  [33mclass[31m=[32m"cursor-pointer"[31m
  [33mdata-testid[31m=[32m"ellipsis-button"[31m
  [33mtype[31m=[32m"button"[31m
[36m>[31m
  [36m<svg[31m
    [33mfill[31m=[32m"#a3a3a3"[31m
    [33mheight[31m=[32m"1em"[31m
    [33mstroke[31m=[32m"currentColor"[31m
    [33mstroke-width[31m=[32m"0"[31m
    [33mviewBox[31m=[32m"0 0 192 512"[31m
    [33mwidth[31m=[32m"1em"[31m
    [33mxmlns[31m=[32m"http://www.w3.org/2000/svg"[31m
  [36m>[31m
    [36m<path[31m
      [33md[31m=[32m"M96 184c39.8 0 72 32.2 72 72s-32.2 72-72 72-72-32.2-72-72 32.2-72 72-72zM24 80c0 39.8 32.2 72 72 72s72-32.2 72-72S135.8 8 96 8 24 40.2 24 80zm0 352c0 39.8 32.2 72 72 72s72-32.2 72-72-32.2-72-72-72-72 32.2-72 72z"[31m
    [36m/>[31m
  [36m</svg>[31m
[36m</button>[31m

Ignored nodes: comments, script, style
[36m<button[31m
  [33mclass[31m=[32m"cursor-pointer"[31m
  [33mdata-testid[31m=[32m"ellipsis-button"[31m
  [33mtype[31m=[32m"button"[31m
[36m>[31m
  [36m<svg[31m
    [33mfill[31m=[32m"#a3a3a3"[31m
    [33mheight[31m=[32m"1em"[31m
    [33mstroke[31m=[32m"currentColor"[31m
    [33mstroke-width[31m=[32m"0"[31m
    [33mviewBox[31m=[32m"0 0 192 512"[31m
    [33mwidth[31m=[32m"1em"[31m
    [33mxmlns[31m=[32m"http://www.w3.org/2000/svg"[31m
  [36m>[31m
    [36m<path[31m
      [33md[31m=[32m"M96 184c39.8 0 72 32.2 72 72s-32.2 72-72 72-72-32.2-72-72 32.2-72 72-72zM24 80c0 39.8 32.2 72 72 72s72-32.2 72-72S135.8 8 96 8 24 40.2 24 80zm0 352c0 39.8 32.2 72 72 72s72-32.2 72-72-32.2-72-72-72-72 32.2-72 72z"[31m
    [36m/>[31m
  [36m</svg>[31m
[36m</button>[31m

Ignored nodes: comments, script, style
[36m<button[31m
  [33mclass[31m=[32m"cursor-pointer"[31m
  [33mdata-testid[31m=[32m"ellipsis-button"[31m
  [33mtype[31m=[32m"button"[31m
[36m>[31m
  [36m<svg[31m
    [33mfill[31m=[32m"#a3a3a3"[31m
    [33mheight[31m=[32m"1em"[31m
    [33mstroke[31m=[32m"currentColor"[31m
    [33mstroke-width[31m=[32m"0"[31m
    [33mviewBox[31m=[32m"0 0 192 512"[31m
    [33mwidth[31m=[32m"1em"[31m
    [33mxmlns[31m=[32m"http://www.w3.org/2000/svg"[31m
  [36m>[31m
    [36m<path[31m
      [33md[31m=[32m"M96 184c39.8 0 72 32.2 72 72s-32.2 72-72 72-72-32.2-72-72 32.2-72 72-72zM24 80c0 39.8 32.2 72 72 72s72-32.2 72-72S135.8 8 96 8 24 40.2 24 80zm0 352c0 39.8 32.2 72 72 72s72-32.2 72-72-32.2-72-72-72-72 32.2-72 72z"[31m
    [36m/>[31m
  [36m</svg>[31m
[36m</button>[31m

Ignored nodes: comments, script, style
[36m<button[31m
  [33mclass[31m=[32m"cursor-pointer"[31m
  [33mdata-testid[31m=[32m"ellipsis-button"[31m
  [33mtype[31m=[32m"button"[31m
[36m>[31m
  [36m<svg[31m
    [33mfill[31m=[32m"#a3a3a3"[31m
    [33mheight[31m=[32m"1em"[31m
    [33mstroke[31m=[32m"currentColor"[31m
    [33mstroke-width[31m=[32m"0"[31m
    [33mviewBox[31m=[32m"0 0 192 512"[31m
    [33mwidth[31m=[32m"1em"[31m
    [33mxmlns[31m=[32m"http://www.w3.org/2000/svg"[31m
  [36m>[31m
    [36m<path[31m
      [33md[31m=[32m"M96 184c39.8 0 72 32.2 72 72s-32.2 72-72 72-72-32.2-72-72 32.2-72 72-72zM24 80c0 39.8 32.2 72 72 72s72-32.2 72-72S135.8 8 96 8 24 40.2 24 80zm0 352c0 39.8 32.2 72 72 72s72-32.2 72-72-32.2-72-72-72-72 32.2-72 72z"[31m
    [36m/>[31m
  [36m</svg>[31m
[36m</button>[31m

Ignored nodes: comments, script, style
[36m<button[31m
  [33mclass[31m=[32m"cursor-pointer"[31m
  [33mdata-testid[31m=[32m"ellipsis-button"[31m
  [33mtype[31m=[32m"button"[31m
[36m>[31m
  [36m<svg[31m
    [33mfill[31m=[32m"#a3a3a3"[31m
    [33mheight[31m=[32m"1em"[31m
    [33mstroke[31m=[32m"currentColor"[31m
    [33mstroke-width[31m=[32m"0"[31m
    [33mviewBox[31m=[32m"0 0 192 512"[31m
    [33mwidth[31m=[32m"1em"[31m
    [33mxmlns[31m=[32m"http://www.w3.org/2000/svg"[31m
  [36m>[31m
    [36m<path[31m
      [33md[31m=[32m"M96 184c39.8 0 72 32.2 72 72s-32.2 72-72 72-72-32.2-72-72 32.2-72 72-72zM24 80c0 39.8 32.2 72 72 72s72-32.2 72-72S135.8 8 96 8 24 40.2 24 80zm0 352c0 39.8 32.2 72 72 72s72-32.2 72-72-32.2-72-72-72-72 32.2-72 72z"[31m
    [36m/>[31m
  [36m</svg>[31m
[36m</button>[31m

Ignored nodes: comments, script, style
[36m<button[31m
  [33mclass[31m=[32m"cursor-pointer"[31m
  [33mdata-testid[31m=[32m"ellipsis-button"[31m
  [33mtype[31m=[32m"button"[31m
[36m>[31m
  [36m<svg[31m
    [33mfill[31m=[32m"#a3a3a3"[31m
    [33mheight[31m=[32m"1em"[31m
    [33mstroke[31m=[32m"currentColor"[31m
    [33mstroke-width[31m=[32m"0"[31m
    [33mviewBox[31m=[32m"0 0 192 512"[31m
    [33mwidth[31m=[32m"1em"[31m
    [33mxmlns[31m=[32m"http://www.w3.org/2000/svg"[31m
  [36m>[31m
    [36m<path[31m
      [33md[31m=[32m"M96 184c39.8 0 72 32.2 72 72s-32.2 72-72 72-72-32.2-72-72 32.2-72 72-72zM24 80c0 39.8 32.2 72 72 72s72-32.2 72-72S135.8 8 96 8 24 40.2 24 80zm0 352c0 39.8 32.2 72 72 72s72-32.2 72-72-32.2-72-72-72-72 32.2-72 72z"[31m
    [36m/>[31m
  [36m</svg>[31m
[36m</button>[31m

Ignored nodes: comments, script, style
[36m<button[31m
  [33mclass[31m=[32m"cursor-pointer"[31m
  [33mdata-testid[31m=[32m"ellipsis-button"[31m
  [33mtype[31m=[32m"button"[31m
[36m>[31m
  [36m<svg[31m
    [33mfill[31m=[32m"#a3a3a3"[31m
    [33mheight[31m=[32m"1em"[31m
    [33mstroke[31m=[32m"currentColor"[31m
    [33mstroke-width[31m=[32m"0"[31m
    [33mviewBox[31m=[32m"0 0 192 512"[31m
    [33mwidth[31m=[32m"1em"[31m
    [33mxmlns[31m=[32m"http://www.w3.org/2000/svg"[31m
  [36m>[31m
    [36m<path[31m
      [33md[31m=[32m"M96 184c39.8 0 72 32.2 72 72s-32.2 72-72 72-72-32.2-72-72 32.2-72 72-72zM24 80c0 39.8 32.2 72 72 72s72-32.2 72-72S135.8 8 96 8 24 40.2 24 80zm0 352c0 39.8 32.2 72 72 72s72-32.2 72-72-32.2-72-72-72-72 32.2-72 72z"[31m
    [36m/>[31m
  [36m</svg>[31m
[36m</button>[31m

Ignored nodes: comments, script, style
[36m<button[31m
  [33mclass[31m=[32m"cursor-pointer"[31m
  [33mdata-testid[31m=[32m"ellipsis-button"[31m
  [33mtype[31m=[32m"button"[31m
[36m>[31m
  [36m<svg[31m
    [33mfill[31m=[32m"#a3a3a3"[31m
    [33mheight[31m=[32m"1em"[31m
    [33mstroke[31m=[32m"currentColor"[31m
    [33mstroke-width[31m=[32m"0"[31m
    [33mviewBox[31m=[32m"0 0 192 512"[31m
    [33mwidth[31m=[32m"1em"[31m
    [33mxmlns[31m=[32m"http://www.w3.org/2000/svg"[31m
  [36m>[31m
    [36m<path[31m
      [33md[31m=[32m"M96 184c39.8 0 72 32.2 72 72s-32.2 72-72 72-72-32.2-72-72 32.2-72 72-72zM24 80c0 39.8 32.2 72 72 72s72-32.2 72-72S135.8 8 96 8 24 40.2 24 80zm0 352c0 39.8 32.2 72 72 72s72-32.2 72-72-32.2-72-72-72-72 32.2-72 72z"[31m
    [36m/>[31m
  [36m</svg>[31m
[36m</button>[31m

Ignored nodes: comments, script, style
[36m<button[31m
  [33mclass[31m=[32m"cursor-pointer"[31m
  [33mdata-testid[31m=[32m"ellipsis-button"[31m
  [33mtype[31m=[32m"button"[31m
[36m>[31m
  [36m<svg[31m
    [33mfill[31m=[32m"#a3a3a3"[31m
    [33mheight[31m=[32m"1em"[31m
    [33mstroke[31m=[32m"currentColor"[31m
    [33mstroke-width[31m=[32m"0"[31m
    [33mviewBox[31m=[32m"0 0 192 512"[31m
    [33mwidth[31m=[32m"1em"[31m
    [33mxmlns[31m=[32m"http://www.w3.org/2000/svg"[31m
  [36m>[31m
    [36m<path[31m
      [33md[31m=[32m"M96 184c39.8 0 72 32.2 72 72s-32.2 72-72 72-72-32.2-72-72 32.2-72 72-72zM24 80c0 39.8 32.2 72 72 72s72-32.2 72-72S135.8 8 96 8 24 40.2 24 80zm0 352c0 39.8 32.2 72 72 72s72-32.2 72-72-32.2-72-72-72-72 32.2-72 72z"[31m
    [36m/>[31m
  [36m</svg>[31m
[36m</button>[31m

Ignored nodes: comments, script, style
[36m<button[31m
  [33mclass[31m=[32m"cursor-pointer"[31m
  [33mdata-testid[31m=[32m"ellipsis-button"[31m
  [33mtype[31m=[32m"button"[31m
[36m>[31m
  [36m<svg[31m
    [33mfill[31m=[32m"#a3a3a3"[31m
    [33mheight[31m=[32m"1em"[31m
    [33mstroke[31m=[32m"currentColor"[31m
    [33mstroke-width[31m=[32m"0"[31m
    [33mviewBox[31m=[32m"0 0 192 512"[31m
    [33mwidth[31m=[32m"1em"[31m
    [33mxmlns[31m=[32m"http://www.w3.org/2000/svg"[31m
  [36m>[31m
    [36m<path[31m
      [33md[31m=[32m"M96 184c39.8 0 72 32.2 72 72s-32.2 72-72 72-72-32.2-72-72 32.2-72 72-72zM24 80c0 39.8 32.2 72 72 72s72-32.2 72-72S135.8 8 96 8 24 40.2 24 80zm0 352c0 39.8 32.2 72 72 72s72-32.2 72-72-32.2-72-72-72-72 32.2-72 72z"[31m
    [36m/>[31m
  [36m</svg>[31m
[36m</button>[31m

Ignored nodes: comments, script, style
[36m<button[31m
  [33mclass[31m=[32m"cursor-pointer"[31m
  [33mdata-testid[31m=[32m"ellipsis-button"[31m
  [33mtype[31m=[32m"button"[31m
[36m>[31m
  [36m<svg[31m
    [33mfill[31m=[32m"#a3a3a3"[31m
    [33mheight[31m=[32m"1em"[31m
    [33mstroke[31m=[32m"currentColor"[31m
    [33mstroke-width[31m=[32m"0"[31m
    [33mviewBox[31m=[32m"0 0 192 512"[31m
    [33mwidth[31m=[32m"1em"[31m
    [33mxmlns[31m=[32m"http://www.w3.org/2000/svg"[31m
  [36m>[31m
    [36m<path[31m
      [33md[31m=[32m"M96 184c39.8 0 72 32.2 72 72s-32.2 72-72 72-72-32.2-72-72 32.2-72 72-72zM24 80c0 39.8 32.2 72 72 72s72-32.2 72-72S135.8 8 96 8 24 40.2 24 80zm0 352c0 39.8 32.2 72 72 72s72-32.2 72-72-32.2-72-72-72-72 32.2-72 72z"[31m
    [36m/>[31m
  [36m</svg>[31m
[36m</button>[31m

Ignored nodes: comments, script, style
[36m<button[31m
  [33mclass[31m=[32m"cursor-pointer"[31m
  [33mdata-testid[31m=[32m"ellipsis-button"[31m
  [33mtype[31m=[32m"button"[31m
[36m>[31m
  [36m<svg[31m
    [33mfill[31m=[32m"#a3a3a3"[31m
    [33mheight[31m=[32m"1em"[31m
    [33mstroke[31m=[32m"currentColor"[31m
    [33mstroke-width[31m=[32m"0"[31m
    [33mviewBox[31m=[32m"0 0 192 512"[31m
    [33mwidth[31m=[32m"1em"[31m
    [33mxmlns[31m=[32m"http://www.w3.org/2000/svg"[31m
  [36m>[31m
    [36m<path[31m
      [33md[31m=[32m"M96 184c39.8 0 72 32.2 72 72s-32.2 72-72 72-72-32.2-72-72 32.2-72 72-72zM24 80c0 39.8 32.2 72 72 72s72-32.2 72-72S135.8 8 96 8 24 40.2 24 80zm0 352c0 39.8 32.2 72 72 72s72-32.2 72-72-32.2-72-72-72-72 32.2-72 72z"[31m
    [36m/>[31m
  [36m</svg>[31m
[36m</button>[31m

Ignored nodes: comments, script, style
[36m<button[31m
  [33mclass[31m=[32m"cursor-pointer"[31m
  [33mdata-testid[31m=[32m"ellipsis-button"[31m
  [33mtype[31m=[32m"button"[31m
[36m>[31m
  [36m<svg[31m
    [33mfill[31m=[32m"#a3a3a3"[31m
    [33mheight[31m=[32m"1em"[31m
    [33mstroke[31m=[32m"currentColor"[31m
    [33mstroke-width[31m=[32m"0"[31m
    [33mviewBox[31m=[32m"0 0 192 512"[31m
    [33mwidth[31m=[32m"1em"[31m
    [33mxmlns[31m=[32m"http://www.w3.org/2000/svg"[31m
  [36m>[31m
    [36m<path[31m
      [33md[31m=[32m"M96 184c39.8 0 72 32.2 72 72s-32.2 72-72 72-72-32.2-72-72 32.2-72 72-72zM24 80c0 39.8 32.2 72 72 72s72-32.2 72-72S135.8 8 96 8 24 40.2 24 80zm0 352c0 39.8 32.2 72 72 72s72-32.2 72-72-32.2-72-72-72-72 32.2-72 72z"[31m
    [36m/>[31m
  [36m</svg>[31m
[36m</button>[31m

(If this is intentional, then use the `*AllBy*` variant of the query (like `queryAllByText`, `getAllByText`, or `findAllByText`)).

Ignored nodes: comments, script, style
[36m<body>[31m
  [36m<div>[31m
    [36m<div[31m
      [33mclass[31m=[32m"group relative h-auto w-full px-4 py-4 cursor-pointer transition-all duration-300 before:absolute before:inset-y-0 before:left-0 before:w-1 before:rounded-r before:transition-all before:duration-300 before:bg-gradient-to-b before:from-brand-500 before:to-accent-500 bg-brand-500/5 hover:bg-background-tertiary hover:shadow-lg"[31m
      [33mdata-testid[31m=[32m"conversation-card"[31m
    [36m>[31m
      [36m<div[31m
        [33mclass[31m=[32m"flex items-center justify-between w-full"[31m
      [36m>[31m
        [36m<div[31m
          [33mclass[31m=[32m"flex items-center gap-2 flex-1 min-w-0 overflow-hidden mr-2"[31m
        [36m>[31m
          [36m<span[31m
            [33mclass[31m=[32m"w-3 h-3 rounded-full flex-shrink-0 animate-pulse bg-gradient-to-r from-brand-500 to-accent-500"[31m
            [33mstyle[31m=[32m"box-shadow: 0 0 8px 3px rgba(59, 130, 246, 0.4);"[31m
          [36m/>[31m
          [36m<div[31m
            [33mclass[31m=[32m"relative flex-1 min-w-0"[31m
          [36m>[31m
            [36m<p[31m
              [33mclass[31m=[32m"text-sm leading-6 font-semibold bg-transparent truncate pr-4 text-foreground group-hover:text-violet-500 transition-colors duration-300"[31m
              [33mdata-testid[31m=[32m"conversation-card-title"[31m
              [33mtitle[31m=[32m"Conversation 1"[31m
            [36m>[31m
              [0mConversation 1[0m
            [36m</p>[31m
            [36m<div[31m
              [33mclass[31m=[32m"pointer-events-none absolute right-0 top-0 h-full w-6 bg-gradient-to-l from-background-secondary via-background-secondary/40 to-transparent"[31m
            [36m/>[31m
          [36m</div>[31m
        [36m</div>[31m
        [36m<div[31m
          [33mclass[31m=[32m"flex items-center"[31m
        [36m>[31m
          [36m<div[31m
            [33mdata-testid[31m=[32m"STOPPED-indicator"[31m
          [36m>[31m
            [36m<svg[31m
              [33mdata-testid[31m=[32m"mocked-svg"[31m
            [36m/>[31m
          [36m</div>[31m
          [36m<div[31m
            [33mclass[31m=[32m"pl-2"[31m
          [36m>[31m
            [36m<button[31m
              [33mclass[31m=[32m"cursor-pointer"[31m
              [33mdata-testid[31m=[32m"ellipsis-button"[31m
              [33mtype[31m=[32m"button"[31m
            [36m>[31m
              [36m<svg[31m
                [33mfill[31m=[32m"#a3a3a3"[31m
                [33mheight[31m=[32m"1em"[31m
                [33mstroke[31m=[32m"currentColor"[31m
                [33mstroke-width[31m=[32m"0"[31m
                [33mviewBox[31m=[32m"0 0 192 512"[31m
                [33mwidth[31m=[32m"1em"[31m
                [33mxmlns[31m=[32m"http://www.w3.org/2000/svg"[31m
              [36m>[31m
                [36m<path[31m
                  [33md[31m=[32m"M96 184c39.8 0 72 32.2 72 72s-32.2 72-72 72-72-32.2-72-72 32.2-72 72-72zM24 80c0 39.8 32.2 72 72 72s72-32.2 72-72S135.8 8 96 8 24 40.2 24 80zm0 352c0 39.8 32.2 72 72 72s72-32.2 72-72-32.2-72-72-72-72 32.2-72 72z"[31m
                [36m/>[31m
              [36m</svg>[31m
            [36m</button>[31m
          [36m</div>[31m
          [36m<div[31m
            [33mclass[31m=[32m"relative"[31m
          [36m/>[31m
        [36m</div>[31m
      [36m</div>[31m
      [36m<div[31m
        [33mclass[31m=[32m"mt-1 space-y-1"[31m
      [36m>[31m
        [36m<div[31m
          [33mclass[31m=[32m"flex items-center gap-1 text-[11px] text-foreground-secondary font-medium tracking-wide"[31m
        [36m>[31m
          [36m<svg[31m
            [33maria-hidden[31m=[32m"true"[31m
            [33mclass[31m=[32m"lucide lucide-clock3 lucide-clock-3 w-3 h-3 opacity-60 text-foreground-secondary"[31m
            [33mfill[31m=[32m"none"[31m
            [33mheight[31m=[32m"24"[31m
            [33mstroke[31m=[32m"currentColor"[31m
            [33mstroke-linecap[31m=[32m"round"[31m
            [33mstroke-linejoin[31m=[32m"round"[31m
            [33mstroke-width[31m=[32m"2"[31m
            [33mviewBox[31m=[32m"0 0 24 24"[31m
            [33mwidth[31m=[32m"24"[31m
            [33mxmlns[31m=[32m"http://www.w3.org/2000/svg"[31m
          [36m>[31m
            [36m<path[31m
              [33md[31m=[32m"M12 6v6h4"[31m
            [36m/>[31m
            [36m<circle[31m
              [33mcx[31m=[32m"12"[31m
              [33mcy[31m=[32m"12"[31m
              [33mr[31m=[32m"10"[31m
            [36m/>[31m
          [36m</svg>[31m
          [36m<span>[31m
            [0mCreated[0m
            [0m [0m
            [36m<span>[31m
              [0m01/10/2021[0m
            [36m</span>[31m
            [0m [0m
            [0mago[0m
          [36m</span>[31m
        [36m</div>[31m
      [36m</div>[31m
    [36m</div>[31m
  [36m</div>[31m
  [36m<div>[31m
    [36m<div[31m
      [33mclass[31m=[32m"group relative h-auto w-full px-4 py-4 cursor-pointer transition-all duration-300 before:absolute before:inset-y-0 before:left-0 before:w-1 before:rounded-r before:transition-all before:duration-300 before:bg-gradient-to-b before:from-brand-500 before:to-accent-500 bg-brand-500/5 hover:bg-background-tertiary hover:shadow-lg"[31m
      [33mdata-testid[31m=[32m"conversation-card"[31m
    [36m>[31m
      [36m<div[31m
        [33mclass[31m=[32m"flex items-center justify-between w-full"[31m
      [36m>[31m
        [36m<div[31m
          [33mclass[31m=[32m"flex items-center gap-2 flex-1 min-w-0 overflow-hidden mr-2"[31m
        [36m>[31m
          [36m<span[31m
            [33mclass[31m=[32m"w-3 h-3 rounded-full flex-shrink-0 animate-pulse bg-gradient-to-r from-brand-500 to-accent-500"[31m
            [33mstyle[31m=[32m"box-shadow: 0 0 8px 3px rgba(59, 130, 246, 0.4);"[31m
          [36m/>[31m
          [36m<div[31m
            [33mclass[31m=[32m"relative flex-1 min-w-0"[31m
          [36m>[31m
            [36m<p[31m
              [33mclass[31m=[32m"text-sm leading-6 font-semibold bg-transparent truncate pr-4 text-foreground group-hover:text-violet-500 transition-colors duration-300"[31m
              [33mdata-testid[31m=[32m"conversation-card-title"[31m
              [33mtitle[31m=[32m"Conversation 1"[31m
            [36m>[31m
              [0mConversation 1[0m
            [36m</p>[31m
            [36m<div[31m
              [33mclass[31m=[32m"pointer-events-none absolute right-0 top-0 h-full w-6 bg-gradient-to-l from-background-secondary via-background-secondary/40 to-transparent"[31m
            [36m/>[31m
          [36m</div>[31m
        [36m</div>[31m
        [36m<div[31m
          [33mclass[31m=[32m"flex items-center"[31m
        [36m>[31m
          ...[39m
[31m     ÔåÆ Cannot read properties of undefined (reading 'clipboard')[39m
[31m   [31m├ù[31m ConversationCard[2m > [22mstate indicator[2m > [22mshould render the 'STOPPED' indicator by default[39m[33m 809[2mms[22m[39m
[31m     ÔåÆ Found multiple elements by: [data-testid="STOPPED-indicator"]

Here are the matching elements:

Ignored nodes: comments, script, style
[36m<div[31m
  [33mdata-testid[31m=[32m"STOPPED-indicator"[31m
[36m>[31m
  [36m<svg[31m
    [33mdata-testid[31m=[32m"mocked-svg"[31m
  [36m/>[31m
[36m</div>[31m

Ignored nodes: comments, script, style
[36m<div[31m
  [33mdata-testid[31m=[32m"STOPPED-indicator"[31m
[36m>[31m
  [36m<svg[31m
    [33mdata-testid[31m=[32m"mocked-svg"[31m
  [36m/>[31m
[36m</div>[31m

Ignored nodes: comments, script, style
[36m<div[31m
  [33mdata-testid[31m=[32m"STOPPED-indicator"[31m
[36m>[31m
  [36m<svg[31m
    [33mdata-testid[31m=[32m"mocked-svg"[31m
  [36m/>[31m
[36m</div>[31m

Ignored nodes: comments, script, style
[36m<div[31m
  [33mdata-testid[31m=[32m"STOPPED-indicator"[31m
[36m>[31m
  [36m<svg[31m
    [33mdata-testid[31m=[32m"mocked-svg"[31m
  [36m/>[31m
[36m</div>[31m

Ignored nodes: comments, script, style
[36m<div[31m
  [33mdata-testid[31m=[32m"STOPPED-indicator"[31m
[36m>[31m
  [36m<svg[31m
    [33mdata-testid[31m=[32m"mocked-svg"[31m
  [36m/>[31m
[36m</div>[31m

Ignored nodes: comments, script, style
[36m<div[31m
  [33mdata-testid[31m=[32m"STOPPED-indicator"[31m
[36m>[31m
  [36m<svg[31m
    [33mdata-testid[31m=[32m"mocked-svg"[31m
  [36m/>[31m
[36m</div>[31m

Ignored nodes: comments, script, style
[36m<div[31m
  [33mdata-testid[31m=[32m"STOPPED-indicator"[31m
[36m>[31m
  [36m<svg[31m
    [33mdata-testid[31m=[32m"mocked-svg"[31m
  [36m/>[31m
[36m</div>[31m

Ignored nodes: comments, script, style
[36m<div[31m
  [33mdata-testid[31m=[32m"STOPPED-indicator"[31m
[36m>[31m
  [36m<svg[31m
    [33mdata-testid[31m=[32m"mocked-svg"[31m
  [36m/>[31m
[36m</div>[31m

Ignored nodes: comments, script, style
[36m<div[31m
  [33mdata-testid[31m=[32m"STOPPED-indicator"[31m
[36m>[31m
  [36m<svg[31m
    [33mdata-testid[31m=[32m"mocked-svg"[31m
  [36m/>[31m
[36m</div>[31m

Ignored nodes: comments, script, style
[36m<div[31m
  [33mdata-testid[31m=[32m"STOPPED-indicator"[31m
[36m>[31m
  [36m<svg[31m
    [33mdata-testid[31m=[32m"mocked-svg"[31m
  [36m/>[31m
[36m</div>[31m

Ignored nodes: comments, script, style
[36m<div[31m
  [33mdata-testid[31m=[32m"STOPPED-indicator"[31m
[36m>[31m
  [36m<svg[31m
    [33mdata-testid[31m=[32m"mocked-svg"[31m
  [36m/>[31m
[36m</div>[31m

Ignored nodes: comments, script, style
[36m<div[31m
  [33mdata-testid[31m=[32m"STOPPED-indicator"[31m
[36m>[31m
  [36m<svg[31m
    [33mdata-testid[31m=[32m"mocked-svg"[31m
  [36m/>[31m
[36m</div>[31m

Ignored nodes: comments, script, style
[36m<div[31m
  [33mdata-testid[31m=[32m"STOPPED-indicator"[31m
[36m>[31m
  [36m<svg[31m
    [33mdata-testid[31m=[32m"mocked-svg"[31m
  [36m/>[31m
[36m</div>[31m

Ignored nodes: comments, script, style
[36m<div[31m
  [33mdata-testid[31m=[32m"STOPPED-indicator"[31m
[36m>[31m
  [36m<svg[31m
    [33mdata-testid[31m=[32m"mocked-svg"[31m
  [36m/>[31m
[36m</div>[31m

Ignored nodes: comments, script, style
[36m<div[31m
  [33mdata-testid[31m=[32m"STOPPED-indicator"[31m
[36m>[31m
  [36m<svg[31m
    [33mdata-testid[31m=[32m"mocked-svg"[31m
  [36m/>[31m
[36m</div>[31m

(If this is intentional, then use the `*AllBy*` variant of the query (like `queryAllByText`, `getAllByText`, or `findAllByText`)).

Ignored nodes: comments, script, style
[36m<body>[31m
  [36m<div>[31m
    [36m<div[31m
      [33mclass[31m=[32m"group relative h-auto w-full px-4 py-4 cursor-pointer transition-all duration-300 before:absolute before:inset-y-0 before:left-0 before:w-1 before:rounded-r before:transition-all before:duration-300 before:bg-gradient-to-b before:from-brand-500 before:to-accent-500 bg-brand-500/5 hover:bg-background-tertiary hover:shadow-lg"[31m
      [33mdata-testid[31m=[32m"conversation-card"[31m
    [36m>[31m
      [36m<div[31m
        [33mclass[31m=[32m"flex items-center justify-between w-full"[31m
      [36m>[31m
        [36m<div[31m
          [33mclass[31m=[32m"flex items-center gap-2 flex-1 min-w-0 overflow-hidden mr-2"[31m
        [36m>[31m
          [36m<span[31m
            [33mclass[31m=[32m"w-3 h-3 rounded-full flex-shrink-0 animate-pulse bg-gradient-to-r from-brand-500 to-accent-500"[31m
            [33mstyle[31m=[32m"box-shadow: 0 0 8px 3px rgba(59, 130, 246, 0.4);"[31m
          [36m/>[31m
          [36m<div[31m
            [33mclass[31m=[32m"relative flex-1 min-w-0"[31m
          [36m>[31m
            [36m<p[31m
              [33mclass[31m=[32m"text-sm leading-6 font-semibold bg-transparent truncate pr-4 text-foreground group-hover:text-violet-500 transition-colors duration-300"[31m
              [33mdata-testid[31m=[32m"conversation-card-title"[31m
              [33mtitle[31m=[32m"Conversation 1"[31m
            [36m>[31m
              [0mConversation 1[0m
            [36m</p>[31m
            [36m<div[31m
              [33mclass[31m=[32m"pointer-events-none absolute right-0 top-0 h-full w-6 bg-gradient-to-l from-background-secondary via-background-secondary/40 to-transparent"[31m
            [36m/>[31m
          [36m</div>[31m
        [36m</div>[31m
        [36m<div[31m
          [33mclass[31m=[32m"flex items-center"[31m
        [36m>[31m
          [36m<div[31m
            [33mdata-testid[31m=[32m"STOPPED-indicator"[31m
          [36m>[31m
            [36m<svg[31m
              [33mdata-testid[31m=[32m"mocked-svg"[31m
            [36m/>[31m
          [36m</div>[31m
          [36m<div[31m
            [33mclass[31m=[32m"pl-2"[31m
          [36m>[31m
            [36m<button[31m
              [33mclass[31m=[32m"cursor-pointer"[31m
              [33mdata-testid[31m=[32m"ellipsis-button"[31m
              [33mtype[31m=[32m"button"[31m
            [36m>[31m
              [36m<svg[31m
                [33mfill[31m=[32m"#a3a3a3"[31m
                [33mheight[31m=[32m"1em"[31m
                [33mstroke[31m=[32m"currentColor"[31m
                [33mstroke-width[31m=[32m"0"[31m
                [33mviewBox[31m=[32m"0 0 192 512"[31m
                [33mwidth[31m=[32m"1em"[31m
                [33mxmlns[31m=[32m"http://www.w3.org/2000/svg"[31m
              [36m>[31m
                [36m<path[31m
                  [33md[31m=[32m"M96 184c39.8 0 72 32.2 72 72s-32.2 72-72 72-72-32.2-72-72 32.2-72 72-72zM24 80c0 39.8 32.2 72 72 72s72-32.2 72-72S135.8 8 96 8 24 40.2 24 80zm0 352c0 39.8 32.2 72 72 72s72-32.2 72-72-32.2-72-72-72-72 32.2-72 72z"[31m
                [36m/>[31m
              [36m</svg>[31m
            [36m</button>[31m
          [36m</div>[31m
          [36m<div[31m
            [33mclass[31m=[32m"relative"[31m
          [36m/>[31m
        [36m</div>[31m
      [36m</div>[31m
      [36m<div[31m
        [33mclass[31m=[32m"mt-1 space-y-1"[31m
      [36m>[31m
        [36m<div[31m
          [33mclass[31m=[32m"flex items-center gap-1 text-[11px] text-foreground-secondary font-medium tracking-wide"[31m
        [36m>[31m
          [36m<svg[31m
            [33maria-hidden[31m=[32m"true"[31m
            [33mclass[31m=[32m"lucide lucide-clock3 lucide-clock-3 w-3 h-3 opacity-60 text-foreground-secondary"[31m
            [33mfill[31m=[32m"none"[31m
            [33mheight[31m=[32m"24"[31m
            [33mstroke[31m=[32m"currentColor"[31m
            [33mstroke-linecap[31m=[32m"round"[31m
            [33mstroke-linejoin[31m=[32m"round"[31m
            [33mstroke-width[31m=[32m"2"[31m
            [33mviewBox[31m=[32m"0 0 24 24"[31m
            [33mwidth[31m=[32m"24"[31m
            [33mxmlns[31m=[32m"http://www.w3.org/2000/svg"[31m
          [36m>[31m
            [36m<path[31m
              [33md[31m=[32m"M12 6v6h4"[31m
            [36m/>[31m
            [36m<circle[31m
              [33mcx[31m=[32m"12"[31m
              [33mcy[31m=[32m"12"[31m
              [33mr[31m=[32m"10"[31m
            [36m/>[31m
          [36m</svg>[31m
          [36m<span>[31m
            [0mCreated[0m
            [0m [0m
            [36m<span>[31m
              [0m01/10/2021[0m
            [36m</span>[31m
            [0m [0m
            [0mago[0m
          [36m</span>[31m
        [36m</div>[31m
      [36m</div>[31m
    [36m</div>[31m
  [36m</div>[31m
  [36m<div>[31m
    [36m<div[31m
      [33mclass[31m=[32m"group relative h-auto w-full px-4 py-4 cursor-pointer transition-all duration-300 before:absolute before:inset-y-0 before:left-0 before:w-1 before:rounded-r before:transition-all before:duration-300 before:bg-gradient-to-b before:from-brand-500 before:to-accent-500 bg-brand-500/5 hover:bg-background-tertiary hover:shadow-lg"[31m
      [33mdata-testid[31m=[32m"conversation-card"[31m
    [36m>[31m
      [36m<div[31m
        [33mclass[31m=[32m"flex items-center justify-between w-full"[31m
      [36m>[31m
        [36m<div[31m
          [33mclass[31m=[32m"flex items-center gap-2 flex-1 min-w-0 overflow-hidden mr-2"[31m
        [36m>[31m
          [36m<span[31m
            [33mclass[31m=[32m"w-3 h-3 rounded-full flex-shrink-0 animate-pulse bg-gradient-to-r from-brand-500 to-accent-500"[31m
            [33mstyle[31m=[32m"box-shadow: 0 0 8px 3px rgba(59, 130, 246, 0.4);"[31m
          [36m/>[31m
          [36m<div[31m
            [33mclass[31m=[32m"relative flex-1 min-w-0"[31m
          [36m>[31m
            [36m<p[31m
              [33mclass[31m=[32m"text-sm leading-6 font-semibold bg-transparent truncate pr-4 text-foreground group-hover:text-violet-500 transition-colors duration-300"[31m
              [33mdata-testid[31m=[32m"conversation-card-title"[31m
              [33mtitle[31m=[32m"Conversation 1"[31m
            [36m>[31m
              [0mConversation 1[0m
            [36m</p>[31m
            [36m<div[31m
              [33mclass[31m=[32m"pointer-events-none absolute right-0 top-0 h-full w-6 bg-gradient-to-l from-background-secondary via-background-secondary/40 to-transparent"[31m
            [36m/>[31m
          [36m</div>[31m
        [36m</div>[31m
        [36m<div[31m
          [33mclass[31m=[32m"flex items-center"[31m
        [36m>[31m
          ...[39m
[31m     ÔåÆ Cannot read properties of undefined (reading 'clipboard')[39m
[31m   [31m├ù[31m ConversationCard[2m > [22mstate indicator[2m > [22mshould render the other indicators when provided[39m[33m 933[2mms[22m[39m
[31m     ÔåÆ Found multiple elements by: [data-testid="STOPPED-indicator"]

Here are the matching elements:

Ignored nodes: comments, script, style
[36m<div[31m
  [33mdata-testid[31m=[32m"STOPPED-indicator"[31m
[36m>[31m
  [36m<svg[31m
    [33mdata-testid[31m=[32m"mocked-svg"[31m
  [36m/>[31m
[36m</div>[31m

Ignored nodes: comments, script, style
[36m<div[31m
  [33mdata-testid[31m=[32m"STOPPED-indicator"[31m
[36m>[31m
  [36m<svg[31m
    [33mdata-testid[31m=[32m"mocked-svg"[31m
  [36m/>[31m
[36m</div>[31m

Ignored nodes: comments, script, style
[36m<div[31m
  [33mdata-testid[31m=[32m"STOPPED-indicator"[31m
[36m>[31m
  [36m<svg[31m
    [33mdata-testid[31m=[32m"mocked-svg"[31m
  [36m/>[31m
[36m</div>[31m

Ignored nodes: comments, script, style
[36m<div[31m
  [33mdata-testid[31m=[32m"STOPPED-indicator"[31m
[36m>[31m
  [36m<svg[31m
    [33mdata-testid[31m=[32m"mocked-svg"[31m
  [36m/>[31m
[36m</div>[31m

Ignored nodes: comments, script, style
[36m<div[31m
  [33mdata-testid[31m=[32m"STOPPED-indicator"[31m
[36m>[31m
  [36m<svg[31m
    [33mdata-testid[31m=[32m"mocked-svg"[31m
  [36m/>[31m
[36m</div>[31m

Ignored nodes: comments, script, style
[36m<div[31m
  [33mdata-testid[31m=[32m"STOPPED-indicator"[31m
[36m>[31m
  [36m<svg[31m
    [33mdata-testid[31m=[32m"mocked-svg"[31m
  [36m/>[31m
[36m</div>[31m

Ignored nodes: comments, script, style
[36m<div[31m
  [33mdata-testid[31m=[32m"STOPPED-indicator"[31m
[36m>[31m
  [36m<svg[31m
    [33mdata-testid[31m=[32m"mocked-svg"[31m
  [36m/>[31m
[36m</div>[31m

Ignored nodes: comments, script, style
[36m<div[31m
  [33mdata-testid[31m=[32m"STOPPED-indicator"[31m
[36m>[31m
  [36m<svg[31m
    [33mdata-testid[31m=[32m"mocked-svg"[31m
  [36m/>[31m
[36m</div>[31m

Ignored nodes: comments, script, style
[36m<div[31m
  [33mdata-testid[31m=[32m"STOPPED-indicator"[31m
[36m>[31m
  [36m<svg[31m
    [33mdata-testid[31m=[32m"mocked-svg"[31m
  [36m/>[31m
[36m</div>[31m

Ignored nodes: comments, script, style
[36m<div[31m
  [33mdata-testid[31m=[32m"STOPPED-indicator"[31m
[36m>[31m
  [36m<svg[31m
    [33mdata-testid[31m=[32m"mocked-svg"[31m
  [36m/>[31m
[36m</div>[31m

Ignored nodes: comments, script, style
[36m<div[31m
  [33mdata-testid[31m=[32m"STOPPED-indicator"[31m
[36m>[31m
  [36m<svg[31m
    [33mdata-testid[31m=[32m"mocked-svg"[31m
  [36m/>[31m
[36m</div>[31m

Ignored nodes: comments, script, style
[36m<div[31m
  [33mdata-testid[31m=[32m"STOPPED-indicator"[31m
[36m>[31m
  [36m<svg[31m
    [33mdata-testid[31m=[32m"mocked-svg"[31m
  [36m/>[31m
[36m</div>[31m

Ignored nodes: comments, script, style
[36m<div[31m
  [33mdata-testid[31m=[32m"STOPPED-indicator"[31m
[36m>[31m
  [36m<svg[31m
    [33mdata-testid[31m=[32m"mocked-svg"[31m
  [36m/>[31m
[36m</div>[31m

Ignored nodes: comments, script, style
[36m<div[31m
  [33mdata-testid[31m=[32m"STOPPED-indicator"[31m
[36m>[31m
  [36m<svg[31m
    [33mdata-testid[31m=[32m"mocked-svg"[31m
  [36m/>[31m
[36m</div>[31m

Ignored nodes: comments, script, style
[36m<div[31m
  [33mdata-testid[31m=[32m"STOPPED-indicator"[31m
[36m>[31m
  [36m<svg[31m
    [33mdata-testid[31m=[32m"mocked-svg"[31m
  [36m/>[31m
[36m</div>[31m

(If this is intentional, then use the `*AllBy*` variant of the query (like `queryAllByText`, `getAllByText`, or `findAllByText`)).

Ignored nodes: comments, script, style
[36m<body>[31m
  [36m<div>[31m
    [36m<div[31m
      [33mclass[31m=[32m"group relative h-auto w-full px-4 py-4 cursor-pointer transition-all duration-300 before:absolute before:inset-y-0 before:left-0 before:w-1 before:rounded-r before:transition-all before:duration-300 before:bg-gradient-to-b before:from-brand-500 before:to-accent-500 bg-brand-500/5 hover:bg-background-tertiary hover:shadow-lg"[31m
      [33mdata-testid[31m=[32m"conversation-card"[31m
    [36m>[31m
      [36m<div[31m
        [33mclass[31m=[32m"flex items-center justify-between w-full"[31m
      [36m>[31m
        [36m<div[31m
          [33mclass[31m=[32m"flex items-center gap-2 flex-1 min-w-0 overflow-hidden mr-2"[31m
        [36m>[31m
          [36m<span[31m
            [33mclass[31m=[32m"w-3 h-3 rounded-full flex-shrink-0 animate-pulse bg-gradient-to-r from-brand-500 to-accent-500"[31m
            [33mstyle[31m=[32m"box-shadow: 0 0 8px 3px rgba(59, 130, 246, 0.4);"[31m
          [36m/>[31m
          [36m<div[31m
            [33mclass[31m=[32m"relative flex-1 min-w-0"[31m
          [36m>[31m
            [36m<p[31m
              [33mclass[31m=[32m"text-sm leading-6 font-semibold bg-transparent truncate pr-4 text-foreground group-hover:text-violet-500 transition-colors duration-300"[31m
              [33mdata-testid[31m=[32m"conversation-card-title"[31m
              [33mtitle[31m=[32m"Conversation 1"[31m
            [36m>[31m
              [0mConversation 1[0m
            [36m</p>[31m
            [36m<div[31m
              [33mclass[31m=[32m"pointer-events-none absolute right-0 top-0 h-full w-6 bg-gradient-to-l from-background-secondary via-background-secondary/40 to-transparent"[31m
            [36m/>[31m
          [36m</div>[31m
        [36m</div>[31m
        [36m<div[31m
          [33mclass[31m=[32m"flex items-center"[31m
        [36m>[31m
          [36m<div[31m
            [33mdata-testid[31m=[32m"STOPPED-indicator"[31m
          [36m>[31m
            [36m<svg[31m
              [33mdata-testid[31m=[32m"mocked-svg"[31m
            [36m/>[31m
          [36m</div>[31m
          [36m<div[31m
            [33mclass[31m=[32m"pl-2"[31m
          [36m>[31m
            [36m<button[31m
              [33mclass[31m=[32m"cursor-pointer"[31m
              [33mdata-testid[31m=[32m"ellipsis-button"[31m
              [33mtype[31m=[32m"button"[31m
            [36m>[31m
              [36m<svg[31m
                [33mfill[31m=[32m"#a3a3a3"[31m
                [33mheight[31m=[32m"1em"[31m
                [33mstroke[31m=[32m"currentColor"[31m
                [33mstroke-width[31m=[32m"0"[31m
                [33mviewBox[31m=[32m"0 0 192 512"[31m
                [33mwidth[31m=[32m"1em"[31m
                [33mxmlns[31m=[32m"http://www.w3.org/2000/svg"[31m
              [36m>[31m
                [36m<path[31m
                  [33md[31m=[32m"M96 184c39.8 0 72 32.2 72 72s-32.2 72-72 72-72-32.2-72-72 32.2-72 72-72zM24 80c0 39.8 32.2 72 72 72s72-32.2 72-72S135.8 8 96 8 24 40.2 24 80zm0 352c0 39.8 32.2 72 72 72s72-32.2 72-72-32.2-72-72-72-72 32.2-72 72z"[31m
                [36m/>[31m
              [36m</svg>[31m
            [36m</button>[31m
          [36m</div>[31m
          [36m<div[31m
            [33mclass[31m=[32m"relative"[31m
          [36m/>[31m
        [36m</div>[31m
      [36m</div>[31m
      [36m<div[31m
        [33mclass[31m=[32m"mt-1 space-y-1"[31m
      [36m>[31m
        [36m<div[31m
          [33mclass[31m=[32m"flex items-center gap-1 text-[11px] text-foreground-secondary font-medium tracking-wide"[31m
        [36m>[31m
          [36m<svg[31m
            [33maria-hidden[31m=[32m"true"[31m
            [33mclass[31m=[32m"lucide lucide-clock3 lucide-clock-3 w-3 h-3 opacity-60 text-foreground-secondary"[31m
            [33mfill[31m=[32m"none"[31m
            [33mheight[31m=[32m"24"[31m
            [33mstroke[31m=[32m"currentColor"[31m
            [33mstroke-linecap[31m=[32m"round"[31m
            [33mstroke-linejoin[31m=[32m"round"[31m
            [33mstroke-width[31m=[32m"2"[31m
            [33mviewBox[31m=[32m"0 0 24 24"[31m
            [33mwidth[31m=[32m"24"[31m
            [33mxmlns[31m=[32m"http://www.w3.org/2000/svg"[31m
          [36m>[31m
            [36m<path[31m
              [33md[31m=[32m"M12 6v6h4"[31m
            [36m/>[31m
            [36m<circle[31m
              [33mcx[31m=[32m"12"[31m
              [33mcy[31m=[32m"12"[31m
              [33mr[31m=[32m"10"[31m
            [36m/>[31m
          [36m</svg>[31m
          [36m<span>[31m
            [0mCreated[0m
            [0m [0m
            [36m<span>[31m
              [0m01/10/2021[0m
            [36m</span>[31m
            [0m [0m
            [0mago[0m
          [36m</span>[31m
        [36m</div>[31m
      [36m</div>[31m
    [36m</div>[31m
  [36m</div>[31m
  [36m<div>[31m
    [36m<div[31m
      [33mclass[31m=[32m"group relative h-auto w-full px-4 py-4 cursor-pointer transition-all duration-300 before:absolute before:inset-y-0 before:left-0 before:w-1 before:rounded-r before:transition-all before:duration-300 before:bg-gradient-to-b before:from-brand-500 before:to-accent-500 bg-brand-500/5 hover:bg-background-tertiary hover:shadow-lg"[31m
      [33mdata-testid[31m=[32m"conversation-card"[31m
    [36m>[31m
      [36m<div[31m
        [33mclass[31m=[32m"flex items-center justify-between w-full"[31m
      [36m>[31m
        [36m<div[31m
          [33mclass[31m=[32m"flex items-center gap-2 flex-1 min-w-0 overflow-hidden mr-2"[31m
        [36m>[31m
          [36m<span[31m
            [33mclass[31m=[32m"w-3 h-3 rounded-full flex-shrink-0 animate-pulse bg-gradient-to-r from-brand-500 to-accent-500"[31m
            [33mstyle[31m=[32m"box-shadow: 0 0 8px 3px rgba(59, 130, 246, 0.4);"[31m
          [36m/>[31m
          [36m<div[31m
            [33mclass[31m=[32m"relative flex-1 min-w-0"[31m
          [36m>[31m
            [36m<p[31m
              [33mclass[31m=[32m"text-sm leading-6 font-semibold bg-transparent truncate pr-4 text-foreground group-hover:text-violet-500 transition-colors duration-300"[31m
              [33mdata-testid[31m=[32m"conversation-card-title"[31m
              [33mtitle[31m=[32m"Conversation 1"[31m
            [36m>[31m
              [0mConversation 1[0m
            [36m</p>[31m
            [36m<div[31m
              [33mclass[31m=[32m"pointer-events-none absolute right-0 top-0 h-full w-6 bg-gradient-to-l from-background-secondary via-background-secondary/40 to-transparent"[31m
            [36m/>[31m
          [36m</div>[31m
        [36m</div>[31m
        [36m<div[31m
          [33mclass[31m=[32m"flex items-center"[31m
        [36m>[31m
          ...[39m
[31m     ÔåÆ Cannot read properties of undefined (reading 'clipboard')[39m
 [31mÔØ»[39m __tests__/routes/home-screen-settings-triage.test.tsx [2m([22m[2m1 test[22m[2m | [22m[31m1 failed[39m[2m)[22m[33m 1955[2mms[22m[39m
[31m   [31m├ù[31m HomeScreen settings triage (mocked useSettings)[2m > [22mSidebar should open settings modal when useSettings reports 404[39m[32m 18[2mms[22m[39m
[31m     ÔåÆ __TEST_APP_MODE is not defined[39m
 [31mÔØ»[39m __tests__/sidebar-for-triage.test.tsx [2m([22m[2m1 test[22m[2m | [22m[31m1 failed[39m[2m)[22m[33m 2004[2mms[22m[39m
[31m   [31m├ù[31m sidebar forced-open modal appears when test flag set[39m[32m 25[2mms[22m[39m
[31m     ÔåÆ __TEST_APP_MODE is not defined[39m
[90mstdout[2m | __tests__/components/features/chat/messages.test.tsx[2m > [22m[2mMessages[2m > [22m[2mshould render
[22m[39mÔÜí LIVE STREAMING (no coalescing): {
  totalMessages: [33m2[39m,
  totalTurns: [33m2[39m,
  turnsBreakdown: [
    {
      index: [33m0[39m,
      type: [32m'agent'[39m,
      eventCount: [33m1[39m,
      eventIds: [32m''[39m,
      sequences: [32m''[39m
    },
    {
      index: [33m1[39m,
      type: [32m'user'[39m,
      eventCount: [33m1[39m,
      eventIds: [32m'1'[39m,
      sequences: [32m''[39m
    }
  ]
}
­ƒñû Rendering agent turn 0: { key: [32m'turn-0-agent-0'[39m, eventCount: [33m1[39m, eventIds: [] }
ÔÜí LIVE STREAMING (no coalescing): {
  totalMessages: [33m2[39m,
  totalTurns: [33m2[39m,
  turnsBreakdown: [
    {
      index: [33m0[39m,
      type: [32m'agent'[39m,
      eventCount: [33m1[39m,
      eventIds: [32m''[39m,
      sequences: [32m''[39m
    },
    {
      index: [33m1[39m,
      type: [32m'user'[39m,
      eventCount: [33m1[39m,
      eventIds: [32m'1'[39m,
      sequences: [32m''[39m
    }
  ]
}
­ƒñû Rendering agent turn 0: { key: [32m'turn-0-agent-0'[39m, eventCount: [33m1[39m, eventIds: [] }

 [31mÔØ»[39m __tests__/routes/llm-settings.test.tsx [2m([22m[2m23 tests[22m[2m | [22m[31m21 failed[39m[2m | [22m[33m2 skipped[39m[2m)[22m[33m 2352[2mms[22m[39m
[31m   [31m├ù[31m Content[2m > [22mBasic form[2m > [22mshould render the basic form by default[39m[33m 681[2mms[22m[39m
[31m     ÔåÆ useToast must be used within a ToastProvider[39m
[31m   [31m├ù[31m Content[2m > [22mBasic form[2m > [22mshould render the default values if non exist[39m[33m 355[2mms[22m[39m
[31m     ÔåÆ useToast must be used within a ToastProvider[39m
[31m   [31m├ù[31m Content[2m > [22mBasic form[2m > [22mshould render the existing settings values[39m[32m 20[2mms[22m[39m
[31m     ÔåÆ useToast must be used within a ToastProvider[39m
[31m   [31m├ù[31m Content[2m > [22mBasic form[2m > [22mshould conditionally show security analyzer based on confirmation mode[39m[33m 340[2mms[22m[39m
[31m     ÔåÆ useToast must be used within a ToastProvider[39m
[31m   [31m├ù[31m Content[2m > [22mAdvanced form[2m > [22mshould render the advanced form if the switch is toggled[39m[32m 79[2mms[22m[39m
[31m     ÔåÆ useToast must be used within a ToastProvider[39m
[31m   [31m├ù[31m Content[2m > [22mAdvanced form[2m > [22mshould render the default advanced settings[39m[32m 122[2mms[22m[39m
[31m     ÔåÆ useToast must be used within a ToastProvider[39m
[31m   [31m├ù[31m Content[2m > [22mAdvanced form[2m > [22mshould render the advanced form if existings settings are advanced[39m[32m 82[2mms[22m[39m
[31m     ÔåÆ useToast must be used within a ToastProvider[39m
[31m   [31m├ù[31m Content[2m > [22mAdvanced form[2m > [22mshould render existing advanced settings correctly[39m[32m 13[2mms[22m[39m
[31m     ÔåÆ useToast must be used within a ToastProvider[39m
   [2m[90mÔåô[39m[22m Content[2m > [22mshould render an indicator if the llm api key is set
[31m   [31m├ù[31m Form submission[2m > [22mshould submit the basic form with the correct values[39m[32m 23[2mms[22m[39m
[31m     ÔåÆ useToast must be used within a ToastProvider[39m
[31m   [31m├ù[31m Form submission[2m > [22mshould submit the advanced form with the correct values[39m[32m 53[2mms[22m[39m
[31m     ÔåÆ useToast must be used within a ToastProvider[39m
[31m   [31m├ù[31m Form submission[2m > [22mshould disable the button if there are no changes in the basic form[39m[32m 8[2mms[22m[39m
[31m     ÔåÆ useToast must be used within a ToastProvider[39m
[31m   [31m├ù[31m Form submission[2m > [22mshould disable the button if there are no changes in the advanced form[39m[32m 8[2mms[22m[39m
[31m     ÔåÆ useToast must be used within a ToastProvider[39m
[31m   [31m├ù[31m Form submission[2m > [22mshould reset button state when switching between forms[39m[32m 9[2mms[22m[39m
[31m     ÔåÆ useToast must be used within a ToastProvider[39m
   [2m[90mÔåô[39m[22m Form submission[2m > [22mshould disable the button when submitting changes
[31m   [31m├ù[31m Form submission[2m > [22mshould clear advanced settings when saving basic settings[39m[32m 36[2mms[22m[39m
[31m     ÔåÆ useToast must be used within a ToastProvider[39m
[31m   [31m├ù[31m Status toasts[2m > [22mBasic form[2m > [22mshould call displaySuccessToast when the settings are saved[39m[32m 18[2mms[22m[39m
[31m     ÔåÆ useToast must be used within a ToastProvider[39m
[31m   [31m├ù[31m Status toasts[2m > [22mBasic form[2m > [22mshould call displayErrorToast when the settings fail to save[39m[32m 19[2mms[22m[39m
[31m     ÔåÆ useToast must be used within a ToastProvider[39m
[31m   [31m├ù[31m Status toasts[2m > [22mAdvanced form[2m > [22mshould call displaySuccessToast when the settings are saved[39m[32m 14[2mms[22m[39m
[31m     ÔåÆ useToast must be used within a ToastProvider[39m
[31m   [31m├ù[31m Status toasts[2m > [22mAdvanced form[2m > [22mshould call displayErrorToast when the settings fail to save[39m[32m 56[2mms[22m[39m
[31m     ÔåÆ useToast must be used within a ToastProvider[39m
[31m   [31m├ù[31m SaaS mode[2m > [22mshould not render the runtime settings input in oss mode[39m[32m 6[2mms[22m[39m
[31m     ÔåÆ useToast must be used within a ToastProvider[39m
[31m   [31m├ù[31m SaaS mode[2m > [22mshould render the runtime settings input in saas mode[39m[32m 9[2mms[22m[39m
[31m     ÔåÆ useToast must be used within a ToastProvider[39m
[31m   [31m├ù[31m SaaS mode[2m > [22mshould always render the runtime settings input as disabled[39m[32m 13[2mms[22m[39m
[31m     ÔåÆ useToast must be used within a ToastProvider[39m
[90mstdout[2m | __tests__/components/features/chat/messages.test.tsx[2m > [22m[2mMessages[2m > [22m[2mshould render a launch to microagent action button on chat messages only if it is a user message
[22m[39mÔÜí LIVE STREAMING (no coalescing): {
  totalMessages: [33m2[39m,
  totalTurns: [33m2[39m,
  turnsBreakdown: [
    {
      index: [33m0[39m,
      type: [32m'agent'[39m,
      eventCount: [33m1[39m,
      eventIds: [32m''[39m,
      sequences: [32m''[39m
    },
    {
      index: [33m1[39m,
      type: [32m'user'[39m,
      eventCount: [33m1[39m,
      eventIds: [32m'1'[39m,
      sequences: [32m''[39m
    }
  ]
}
­ƒñû Rendering agent turn 0: { key: [32m'turn-0-agent-0'[39m, eventCount: [33m1[39m, eventIds: [] }
ÔÜí LIVE STREAMING (no coalescing): {
  totalMessages: [33m2[39m,
  totalTurns: [33m2[39m,
  turnsBreakdown: [
    {
      index: [33m0[39m,
      type: [32m'agent'[39m,
      eventCount: [33m1[39m,
      eventIds: [32m''[39m,
      sequences: [32m''[39m
    },
    {
      index: [33m1[39m,
      type: [32m'user'[39m,
      eventCount: [33m1[39m,
      eventIds: [32m'1'[39m,
      sequences: [32m''[39m
    }
  ]
}
­ƒñû Rendering agent turn 0: { key: [32m'turn-0-agent-0'[39m, eventCount: [33m1[39m, eventIds: [] }

 [31mÔØ»[39m __tests__/components/features/chat/messages.test.tsx [2m([22m[2m2 tests[22m[2m | [22m[31m2 failed[39m[2m)[22m[33m 2825[2mms[22m[39m
[31m   [31m├ù[31m Messages[2m > [22mshould render[39m[33m 1354[2mms[22m[39m
[31m     ÔåÆ could not find react-redux context value; please ensure the component is wrapped in a <Provider>[39m
[31m   [31m├ù[31m Messages[2m > [22mshould render a launch to microagent action button on chat messages only if it is a user message[39m[32m 136[2mms[22m[39m
[31m     ÔåÆ could not find react-redux context value; please ensure the component is wrapped in a <Provider>[39m
[90mstdout[2m | src\utils\file-icons.ts:45:15
[22m[39m[file-icons] Successfully loaded file-icons-js

 [31mÔØ»[39m src/components/features/chat/chat-interface.test.tsx [2m([22m[2m4 tests[22m[2m | [22m[31m4 failed[39m[2m)[22m[33m 1346[2mms[22m[39m
[31m   [31m├ù[31m ChatInterface[2m > [22mshould show chat suggestions when there are no events[39m[32m 13[2mms[22m[39m
[31m     ÔåÆ asViMock(...).mockReturnValue is not a function[39m
[31m   [31m├ù[31m ChatInterface[2m > [22mshould show chat suggestions when there are only environment events[39m[32m 3[2mms[22m[39m
[31m     ÔåÆ asViMock(...).mockReturnValue is not a function[39m
[31m   [31m├ù[31m ChatInterface[2m > [22mshould hide chat suggestions when there is a user message[39m[32m 3[2mms[22m[39m
[31m     ÔåÆ asViMock(...).mockReturnValue is not a function[39m
[31m   [31m├ù[31m ChatInterface[2m > [22mshould hide chat suggestions when there is an optimistic user message[39m[32m 121[2mms[22m[39m
[31m     ÔåÆ asViMock(...).mockReturnValue is not a function[39m
[90mstderr[2m | 
__tests__/components/features/payment/payment-form.test.tsx[2m > 
[22m[2mPaymentForm[2m > [22m[2mshould render the users current balance
[22m[39mInvalid value for prop `src` on <img> tag. Either remove it from the 
element, or pass a string or number value to keep it in the DOM. For details, 
see https://react.dev/link/attribute-behavior 

[90mstdout[2m | __tests__/components/modals/settings/model-selector.test.tsx[2m > [22m[2mModelSelector[2m > [22m[2mshould display the provider selector
[22m[39mClick outside detected, closing dropdown

[90mstdout[2m | __tests__/components/modals/settings/model-selector.test.tsx[2m > [22m[2mModelSelector[2m > [22m[2mshould disable the model selector if the provider is not selected
[22m[39mClick outside detected, closing dropdown

[90mstdout[2m | __tests__/components/modals/settings/model-selector.test.tsx[2m > [22m[2mModelSelector[2m > [22m[2mshould disable the model selector if the provider is not selected
[22m[39mClick outside detected, closing dropdown

[90mstdout[2m | __tests__/components/modals/settings/model-selector.test.tsx[2m > [22m[2mModelSelector[2m > [22m[2mshould disable the model selector if the provider is not selected
[22m[39mSection button click event: vertex_ai
Dropdown item clicked: vertex_ai VertexAI

[90mstdout[2m | __tests__/components/modals/settings/model-selector.test.tsx[2m > [22m[2mModelSelector[2m > [22m[2mshould display the model selector
[22m[39mClick outside detected, closing dropdown

[90mstdout[2m | __tests__/components/modals/settings/model-selector.test.tsx[2m > [22m[2mModelSelector[2m > [22m[2mshould display the model selector
[22m[39mClick outside detected, closing dropdown

[90mstdout[2m | __tests__/components/modals/settings/model-selector.test.tsx[2m > [22m[2mModelSelector[2m > [22m[2mshould display the model selector
[22m[39mSection button click event: azure
Dropdown item clicked: azure Azure

[90mstdout[2m | __tests__/components/modals/settings/model-selector.test.tsx[2m > [22m[2mModelSelector[2m > [22m[2mshould display the model selector
[22m[39mClick outside detected, closing dropdown

[90mstdout[2m | __tests__/components/modals/settings/model-selector.test.tsx[2m > [22m[2mModelSelector[2m > [22m[2mshould display the model selector
[22m[39mClick outside detected, closing dropdown

[90mstdout[2m | __tests__/components/modals/settings/model-selector.test.tsx[2m > [22m[2mModelSelector[2m > [22m[2mshould display the model selector
[22m[39mClick outside detected, closing dropdown

[90mstdout[2m | __tests__/components/modals/settings/model-selector.test.tsx[2m > [22m[2mModelSelector[2m > [22m[2mshould display the model selector
[22m[39mSection button click event: vertex_ai
Dropdown item clicked: vertex_ai VertexAI

[90mstdout[2m | __tests__/components/modals/settings/model-selector.test.tsx[2m > [22m[2mModelSelector[2m > [22m[2mshould display the model selector
[22m[39mClick outside detected, closing dropdown

[90mstdout[2m | __tests__/components/modals/settings/model-selector.test.tsx[2m > [22m[2mModelSelector[2m > [22m[2mshould call onModelChange when the model is changed
[22m[39mClick outside detected, closing dropdown

[90mstdout[2m | __tests__/components/modals/settings/model-selector.test.tsx[2m > [22m[2mModelSelector[2m > [22m[2mshould call onModelChange when the model is changed
[22m[39mClick outside detected, closing dropdown

[90mstdout[2m | __tests__/components/modals/settings/model-selector.test.tsx[2m > [22m[2mModelSelector[2m > [22m[2mshould call onModelChange when the model is changed
[22m[39mSection button click event: azure
Dropdown item clicked: azure Azure

[90mstdout[2m | __tests__/components/modals/settings/model-selector.test.tsx[2m > [22m[2mModelSelector[2m > [22m[2mshould call onModelChange when the model is changed
[22m[39mClick outside detected, closing dropdown

[90mstdout[2m | __tests__/components/modals/settings/model-selector.test.tsx[2m > [22m[2mModelSelector[2m > [22m[2mshould call onModelChange when the model is changed
[22m[39mClick outside detected, closing dropdown

[90mstdout[2m | __tests__/components/modals/settings/model-selector.test.tsx[2m > [22m[2mModelSelector[2m > [22m[2mshould call onModelChange when the model is changed
[22m[39mSection button click event: ada
Dropdown item clicked: ada ada

[90mstdout[2m | __tests__/components/modals/settings/model-selector.test.tsx[2m > [22m[2mModelSelector[2m > [22m[2mshould call onModelChange when the model is changed
[22m[39mClick outside detected, closing dropdown

 [32mÔ£ô[39m __tests__/components/chat/chat-input.test.tsx [2m([22m[2m18 tests[22m[2m)[22m[33m 8455[2mms[22m[39m
   [33m[2mÔ£ô[22m[39m ChatInput[2m > [22mshould render a textarea [33m 864[2mms[22m[39m
   [33m[2mÔ£ô[22m[39m ChatInput[2m > [22mshould call onSubmit when the user types and presses enter [33m 1190[2mms[22m[39m
   [33m[2mÔ£ô[22m[39m ChatInput[2m > [22mshould call onSubmit when pressing the submit button [33m 684[2mms[22m[39m
   [33m[2mÔ£ô[22m[39m ChatInput[2m > [22mshould not call onSubmit when the message is only whitespace [33m 542[2mms[22m[39m
   [33m[2mÔ£ô[22m[39m ChatInput[2m > [22mshould disable submit [33m 872[2mms[22m[39m
   [33m[2mÔ£ô[22m[39m ChatInput[2m > [22mshould create a newline instead of submitting when shift + enter is pressed [33m 556[2mms[22m[39m
   [33m[2mÔ£ô[22m[39m ChatInput[2m > [22mshould clear the input message after sending a message [33m 1181[2mms[22m[39m
   [33m[2mÔ£ô[22m[39m ChatInput[2m > [22mshould call onChange when the user types [33m 365[2mms[22m[39m
   [33m[2mÔ£ô[22m[39m ChatInput[2m > [22mshould not submit when Enter is pressed during IME composition [33m 390[2mms[22m[39m
[90mstdout[2m | __tests__/components/modals/settings/model-selector.test.tsx[2m > [22m[2mModelSelector[2m > [22m[2mshould call onModelChange when the model is changed
[22m[39mClick outside detected, closing dropdown

[90mstdout[2m | __tests__/components/modals/settings/model-selector.test.tsx[2m > [22m[2mModelSelector[2m > [22m[2mshould call onModelChange when the model is changed
[22m[39mSection button click event: gpt-35-turbo
Dropdown item clicked: gpt-35-turbo gpt-35-turbo

[90mstdout[2m | __tests__/components/modals/settings/model-selector.test.tsx[2m > [22m[2mModelSelector[2m > [22m[2mshould call onModelChange when the model is changed
[22m[39mClick outside detected, closing dropdown

 [32mÔ£ô[39m src/components/features/prompts/__tests__/prompt-form-modal.test.tsx [2m([22m[2m13 tests[22m[2m)[22m[33m 11647[2mms[22m[39m
   [33m[2mÔ£ô[22m[39m PromptFormModal[2m > [22mshould render create mode when no initialData [33m 333[2mms[22m[39m
   [33m[2mÔ£ô[22m[39m PromptFormModal[2m > [22mshould submit form with valid data [33m 3515[2mms[22m[39m
   [33m[2mÔ£ô[22m[39m PromptFormModal[2m > [22mshould add and remove variables [33m 1747[2mms[22m[39m
   [33m[2mÔ£ô[22m[39m PromptFormModal[2m > [22mshould add and remove tags [33m 980[2mms[22m[39m
   [33m[2mÔ£ô[22m[39m PromptFormModal[2m > [22mshould add tag on Enter key press [33m 690[2mms[22m[39m
   [33m[2mÔ£ô[22m[39m PromptFormModal[2m > [22mshould not add duplicate tags [33m 1521[2mms[22m[39m
   [33m[2mÔ£ô[22m[39m PromptFormModal[2m > [22mshould insert variable into content [33m 745[2mms[22m[39m
[90mstdout[2m | __tests__/components/modals/settings/model-selector.test.tsx[2m > [22m[2mModelSelector[2m > [22m[2mshould call onModelChange when the model is changed
[22m[39mClick outside detected, closing dropdown

[90mstdout[2m | __tests__/components/modals/settings/model-selector.test.tsx[2m > [22m[2mModelSelector[2m > [22m[2mshould call onModelChange when the model is changed
[22m[39mSection button click event: cohere
Dropdown item clicked: cohere cohere

[90mstdout[2m | __tests__/components/modals/settings/model-selector.test.tsx[2m > [22m[2mModelSelector[2m > [22m[2mshould call onModelChange when the model is changed
[22m[39mClick outside detected, closing dropdown

 [32mÔ£ô[39m __tests__/components/modals/settings/model-selector.test.tsx [2m([22m[2m5 tests[22m[2m)[22m[33m 5214[2mms[22m[39m
   [33m[2mÔ£ô[22m[39m ModelSelector[2m > [22mshould display the provider selector [33m 1151[2mms[22m[39m
   [33m[2mÔ£ô[22m[39m ModelSelector[2m > [22mshould disable the model selector if the provider is not selected [33m 382[2mms[22m[39m
   [33m[2mÔ£ô[22m[39m ModelSelector[2m > [22mshould display the model selector [33m 985[2mms[22m[39m
   [33m[2mÔ£ô[22m[39m ModelSelector[2m > [22mshould call onModelChange when the model is changed [33m 1616[2mms[22m[39m
 [32mÔ£ô[39m __tests__/components/features/home/repo-selection-form.test.tsx [2m([22m[2m4 tests[22m[2m)[22m[33m 6812[2mms[22m[39m
   [33m[2mÔ£ô[22m[39m RepositorySelectionForm[2m > [22mshows dropdown when repositories are loaded [33m 524[2mms[22m[39m
   [33m[2mÔ£ô[22m[39m RepositorySelectionForm[2m > [22mshould call the search repos API when searching a URL [33m 3064[2mms[22m[39m
   [33m[2mÔ£ô[22m[39m RepositorySelectionForm[2m > [22mshould call onRepoSelection when a searched repository is selected [33m 2253[2mms[22m[39m
 [32mÔ£ô[39m __tests__/components/features/payment/payment-form.test.tsx [2m([22m[2m11 tests[22m[2m)[22m[33m 6840[2mms[22m[39m
   [33m[2mÔ£ô[22m[39m PaymentForm[2m > [22mshould render the users current balance [33m 761[2mms[22m[39m
   [33m[2mÔ£ô[22m[39m PaymentForm[2m > [22mthe user can top-up a specific amount [33m 1186[2mms[22m[39m
   [33m[2mÔ£ô[22m[39m PaymentForm[2m > [22mshould only accept integer values [33m 981[2mms[22m[39m
   [33m[2mÔ£ô[22m[39m PaymentForm[2m > [22mshould disable the top-up button after submission [33m 524[2mms[22m[39m
   [33m[2mÔ£ô[22m[39m PaymentForm[2m > [22mprevent submission if[2m > [22muser enters a negative amount [33m 441[2mms[22m[39m
   [33m[2mÔ£ô[22m[39m PaymentForm[2m > [22mprevent submission if[2m > [22muser enters an empty string [33m 489[2mms[22m[39m
   [33m[2mÔ£ô[22m[39m PaymentForm[2m > [22mprevent submission if[2m > [22muser enters a non-numeric value [33m 333[2mms[22m[39m
   [33m[2mÔ£ô[22m[39m PaymentForm[2m > [22mprevent submission if[2m > [22muser enters less than the minimum amount [33m 300[2mms[22m[39m
   [33m[2mÔ£ô[22m[39m PaymentForm[2m > [22mprevent submission if[2m > [22muser enters a decimal value [33m 556[2mms[22m[39m
 [32mÔ£ô[39m src/components/features/prompts/__tests__/prompt-card.test.tsx [2m([22m[2m14 tests[22m[2m)[22m[33m 4450[2mms[22m[39m
   [33m[2mÔ£ô[22m[39m PromptCard[2m > [22mshould render prompt title and description [33m 302[2mms[22m[39m
   [33m[2mÔ£ô[22m[39m PromptCard[2m > [22mshould call onUse when use button is clicked [33m 584[2mms[22m[39m
   [33m[2mÔ£ô[22m[39m PromptCard[2m > [22mshould open menu when more button is clicked [33m 418[2mms[22m[39m
   [33m[2mÔ£ô[22m[39m PromptCard[2m > [22mshould call onEdit when edit is clicked from menu [33m 502[2mms[22m[39m
   [33m[2mÔ£ô[22m[39m PromptCard[2m > [22mshould call onDelete when delete is clicked from menu [33m 487[2mms[22m[39m
   [33m[2mÔ£ô[22m[39m PromptCard[2m > [22mshould copy to clipboard when copy is clicked [33m 314[2mms[22m[39m
 [32mÔ£ô[39m __tests__/routes/git-settings.test.tsx [2m([22m[2m14 tests[22m[2m | [22m[33m1 skipped[39m[2m)[22m[33m 11689[2mms[22m[39m
   [33m[2mÔ£ô[22m[39m Content[2m > [22mshould render [33m 1177[2mms[22m[39m
   [33m[2mÔ£ô[22m[39m Content[2m > [22mshould render the inputs if OSS mode [33m 853[2mms[22m[39m
   [33m[2mÔ£ô[22m[39m Content[2m > [22mshould set '<hidden>' placeholder and indicator if the GitHub token is set [33m 305[2mms[22m[39m
   [33m[2mÔ£ô[22m[39m Content[2m > [22mshould render the 'Configure GitHub Repositories' button if SaaS mode and app slug exists [33m 598[2mms[22m[39m
   [33m[2mÔ£ô[22m[39m Form submission[2m > [22mshould save the GitHub token [33m 1409[2mms[22m[39m
   [33m[2mÔ£ô[22m[39m Form submission[2m > [22mshould save GitLab tokens [33m 689[2mms[22m[39m
   [33m[2mÔ£ô[22m[39m Form submission[2m > [22mshould save the Bitbucket token [33m 781[2mms[22m[39m
   [33m[2mÔ£ô[22m[39m Form submission[2m > [22mshould disable the button if there is no input [33m 1229[2mms[22m[39m
   [33m[2mÔ£ô[22m[39m Form submission[2m > [22mshould call logout when pressing the disconnect tokens button [33m 877[2mms[22m[39m
   [33m[2mÔ£ô[22m[39m Form submission[2m > [22mshould disable the button after submitting changes [33m 1639[2mms[22m[39m
   [33m[2mÔ£ô[22m[39m Status toasts[2m > [22mshould call displaySuccessToast when the settings are saved [33m 708[2mms[22m[39m
   [33m[2mÔ£ô[22m[39m Status toasts[2m > [22mshould call displayErrorToast when the settings fail to save [33m 990[2mms[22m[39m
 [32mÔ£ô[39m src/context/__tests__/theme-context.test.tsx [2m([22m[2m9 tests[22m[2m)[22m[33m 3302[2mms[22m[39m
   [33m[2mÔ£ô[22m[39m ThemeContext[2m > [22mshould change theme when setTheme is called [33m 860[2mms[22m[39m
   [33m[2mÔ£ô[22m[39m ThemeContext[2m > [22mshould switch all themes correctly [33m 582[2mms[22m[39m
^C
