frontend/@/components/ui/avatar.tsx(6,10): error TS2614: Module '"#/*"' has no exported member 'cn'. Did you mean to use 'import cn from "#/*"' instead?
frontend/@/components/ui/avatar.tsx(12,3): error TS17004: Cannot use JSX unless the '--jsx' flag is provided.
frontend/@/components/ui/avatar.tsx(27,3): error TS17004: Cannot use JSX unless the '--jsx' flag is provided.
frontend/@/components/ui/avatar.tsx(39,3): error TS17004: Cannot use JSX unless the '--jsx' flag is provided.
frontend/@/components/ui/badge.tsx(4,10): error TS2614: Module '"#/*"' has no exported member 'cn'. Did you mean to use 'import cn from "#/*"' instead?
frontend/@/components/ui/badge.tsx(32,5): error TS17004: Cannot use JSX unless the '--jsx' flag is provided.
frontend/@/components/ui/dropdown-menu.tsx(5,10): error TS2614: Module '"#/*"' has no exported member 'cn'. Did you mean to use 'import cn from "#/*"' instead?
frontend/@/components/ui/dropdown-menu.tsx(25,3): error TS17004: Cannot use JSX unless the '--jsx' flag is provided.
frontend/@/components/ui/dropdown-menu.tsx(35,5): error TS17004: Cannot use JSX unless the '--jsx' flag is provided.
frontend/@/components/ui/dropdown-menu.tsx(45,3): error TS17004: Cannot use JSX unless the '--jsx' flag is provided.
frontend/@/components/ui/dropdown-menu.tsx(61,3): error TS17004: Cannot use JSX unless the '--jsx' flag is provided.
frontend/@/components/ui/dropdown-menu.tsx(62,5): error TS17004: Cannot use JSX unless the '--jsx' flag is provided.
frontend/@/components/ui/dropdown-menu.tsx(81,3): error TS17004: Cannot use JSX unless the '--jsx' flag is provided.
frontend/@/components/ui/dropdown-menu.tsx(97,3): error TS17004: Cannot use JSX unless the '--jsx' flag is provided.
frontend/@/components/ui/dropdown-menu.tsx(106,5): error TS17004: Cannot use JSX unless the '--jsx' flag is provided.
frontend/@/components/ui/dropdown-menu.tsx(107,7): error TS17004: Cannot use JSX unless the '--jsx' flag is provided.
frontend/@/components/ui/dropdown-menu.tsx(108,9): error TS17004: Cannot use JSX unless the '--jsx' flag is provided.
frontend/@/components/ui/dropdown-menu.tsx(121,3): error TS17004: Cannot use JSX unless the '--jsx' flag is provided.
frontend/@/components/ui/dropdown-menu.tsx(129,5): error TS17004: Cannot use JSX unless the '--jsx' flag is provided.
frontend/@/components/ui/dropdown-menu.tsx(130,7): error TS17004: Cannot use JSX unless the '--jsx' flag is provided.
frontend/@/components/ui/dropdown-menu.tsx(131,9): error TS17004: Cannot use JSX unless the '--jsx' flag is provided.
frontend/@/components/ui/dropdown-menu.tsx(145,3): error TS17004: Cannot use JSX unless the '--jsx' flag is provided.
frontend/@/components/ui/dropdown-menu.tsx(161,3): error TS17004: Cannot use JSX unless the '--jsx' flag is provided.
frontend/@/components/ui/dropdown-menu.tsx(174,5): error TS17004: Cannot use JSX unless the '--jsx' flag is provided.
frontend/@/components/ui/navigation-menu.tsx(6,10): error TS2614: Module '"#/*"' has no exported member 'cn'. Did you mean to use 'import cn from "#/*"' instead?
frontend/@/components/ui/navigation-menu.tsx(12,3): error TS17004: Cannot use JSX unless the '--jsx' flag is provided.
frontend/@/components/ui/navigation-menu.tsx(21,5): error TS17004: Cannot use JSX unless the '--jsx' flag is provided.
frontend/@/components/ui/navigation-menu.tsx(30,3): error TS17004: Cannot use JSX unless the '--jsx' flag is provided.
frontend/@/components/ui/navigation-menu.tsx(51,3): error TS17004: Cannot use JSX unless the '--jsx' flag is provided.
frontend/@/components/ui/navigation-menu.tsx(57,5): error TS17004: Cannot use JSX unless the '--jsx' flag is provided.
frontend/@/components/ui/navigation-menu.tsx(69,3): error TS17004: Cannot use JSX unless the '--jsx' flag is provided.
frontend/@/components/ui/navigation-menu.tsx(86,3): error TS17004: Cannot use JSX unless the '--jsx' flag is provided.
frontend/@/components/ui/navigation-menu.tsx(87,5): error TS17004: Cannot use JSX unless the '--jsx' flag is provided.
frontend/@/components/ui/navigation-menu.tsx(104,3): error TS17004: Cannot use JSX unless the '--jsx' flag is provided.
frontend/@/components/ui/navigation-menu.tsx(112,5): error TS17004: Cannot use JSX unless the '--jsx' flag is provided.
frontend/@/components/ui/sheet.tsx(6,10): error TS2614: Module '"#/*"' has no exported member 'cn'. Did you mean to use 'import cn from "#/*"' instead?
frontend/@/components/ui/sheet.tsx(20,3): error TS17004: Cannot use JSX unless the '--jsx' flag is provided.
frontend/@/components/ui/sheet.tsx(58,3): error TS17004: Cannot use JSX unless the '--jsx' flag is provided.
frontend/@/components/ui/sheet.tsx(59,5): error TS17004: Cannot use JSX unless the '--jsx' flag is provided.
frontend/@/components/ui/sheet.tsx(60,5): error TS17004: Cannot use JSX unless the '--jsx' flag is provided.
frontend/@/components/ui/sheet.tsx(66,7): error TS17004: Cannot use JSX unless the '--jsx' flag is provided.
frontend/@/components/ui/sheet.tsx(67,9): error TS17004: Cannot use JSX unless the '--jsx' flag is provided.
frontend/@/components/ui/sheet.tsx(68,9): error TS17004: Cannot use JSX unless the '--jsx' flag is provided.
frontend/@/components/ui/sheet.tsx(79,3): error TS17004: Cannot use JSX unless the '--jsx' flag is provided.
frontend/@/components/ui/sheet.tsx(93,3): error TS17004: Cannot use JSX unless the '--jsx' flag is provided.
frontend/@/components/ui/sheet.tsx(107,3): error TS17004: Cannot use JSX unless the '--jsx' flag is provided.
frontend/@/components/ui/sheet.tsx(119,3): error TS17004: Cannot use JSX unless the '--jsx' flag is provided.
frontend/__tests__/api/file-service/file-service.api.test.ts(4,3): error TS2614: Module '"#/*"' has no exported member 'FILE_VARIANTS_1'. Did you mean to use 'import FILE_VARIANTS_1 from "#/*"' instead?
frontend/__tests__/api/file-service/file-service.api.test.ts(5,3): error TS2614: Module '"#/*"' has no exported member 'FILE_VARIANTS_2'. Did you mean to use 'import FILE_VARIANTS_2 from "#/*"' instead?
frontend/__tests__/components/browser.test.tsx(69,12): error TS17004: Cannot use JSX unless the '--jsx' flag is provided.
frontend/__tests__/components/browser.test.tsx(83,12): error TS17004: Cannot use JSX unless the '--jsx' flag is provided.
frontend/__tests__/components/buttons/copy-to-clipboard.test.tsx(2,10): error TS2305: Module '"vitest"' has no exported member 'test'.
frontend/__tests__/components/buttons/copy-to-clipboard.test.tsx(3,10): error TS2614: Module '"#/*"' has no exported member 'CopyToClipboardButton'. Did you mean to use 'import CopyToClipboardButton from "#/*"' instead?
frontend/__tests__/components/buttons/copy-to-clipboard.test.tsx(15,7): error TS17004: Cannot use JSX unless the '--jsx' flag is provided.
frontend/__tests__/components/buttons/copy-to-clipboard.test.tsx(29,7): error TS17004: Cannot use JSX unless the '--jsx' flag is provided.
frontend/__tests__/components/chat-message.test.tsx(4,10): error TS2614: Module '"#/*"' has no exported member 'ChatMessage'. Did you mean to use 'import ChatMessage from "#/*"' instead?
frontend/__tests__/components/chat-message.test.tsx(8,12): error TS17004: Cannot use JSX unless the '--jsx' flag is provided.
frontend/__tests__/components/chat-message.test.tsx(15,12): error TS17004: Cannot use JSX unless the '--jsx' flag is provided.
frontend/__tests__/components/chat-message.test.tsx(24,28): error TS2339: Property 'setup' does not exist on type 'typeof import("C:/Users/GIGABYTE/Desktop/Forge/frontend/node_modules/@testing-library/user-event/dist/types/index")'.
frontend/__tests__/components/chat-message.test.tsx(25,12): error TS17004: Cannot use JSX unless the '--jsx' flag is provided.
frontend/__tests__/components/chat-message.test.tsx(36,28): error TS2339: Property 'setup' does not exist on type 'typeof import("C:/Users/GIGABYTE/Desktop/Forge/frontend/node_modules/@testing-library/user-event/dist/types/index")'.
frontend/__tests__/components/chat-message.test.tsx(37,12): error TS17004: Cannot use JSX unless the '--jsx' flag is provided.
frontend/__tests__/components/chat-message.test.tsx(49,14): error TS17004: Cannot use JSX unless the '--jsx' flag is provided.
frontend/__tests__/components/chat-message.test.tsx(52,7): error TS17004: Cannot use JSX unless the '--jsx' flag is provided.
frontend/__tests__/components/chat-message.test.tsx(53,9): error TS17004: Cannot use JSX unless the '--jsx' flag is provided.
frontend/__tests__/components/chat-message.test.tsx(61,7): error TS17004: Cannot use JSX unless the '--jsx' flag is provided.
frontend/__tests__/components/chat/action-suggestions.test.tsx(4,10): error TS2614: Module '"#/*"' has no exported member 'ActionSuggestions'. Did you mean to use 'import ActionSuggestions from "#/*"' instead?
frontend/__tests__/components/chat/action-suggestions.test.tsx(6,10): error TS2614: Module '"#/*"' has no exported member 'MOCK_DEFAULT_USER_SETTINGS'. Did you mean to use 'import MOCK_DEFAULT_USER_SETTINGS from "#/*"' instead?
frontend/__tests__/components/chat/action-suggestions.test.tsx(48,10): error TS17004: Cannot use JSX unless the '--jsx' flag is provided.
frontend/__tests__/components/chat/action-suggestions.test.tsx(50,7): error TS17004: Cannot use JSX unless the '--jsx' flag is provided.
frontend/__tests__/components/chat/action-suggestions.test.tsx(75,5): error TS2578: Unused '@ts-expect-error' directive.
frontend/__tests__/components/chat/action-suggestions.test.tsx(161,12): error TS17004: Cannot use JSX unless the '--jsx' flag is provided.
frontend/__tests__/components/chat/action-suggestions.test.tsx(163,9): error TS17004: Cannot use JSX unless the '--jsx' flag is provided.
frontend/__tests__/components/chat/action-suggestions.test.tsx(214,12): error TS17004: Cannot use JSX unless the '--jsx' flag is provided.
frontend/__tests__/components/chat/action-suggestions.test.tsx(216,9): error TS17004: Cannot use JSX unless the '--jsx' flag is provided.
frontend/__tests__/components/chat/action-suggestions.test.tsx(265,12): error TS17004: Cannot use JSX unless the '--jsx' flag is provided.
frontend/__tests__/components/chat/action-suggestions.test.tsx(267,9): error TS17004: Cannot use JSX unless the '--jsx' flag is provided.
frontend/__tests__/components/chat/chat-input.test.tsx(4,10): error TS2614: Module '"#/*"' has no exported member 'ChatInput'. Did you mean to use 'import ChatInput from "#/*"' instead?
frontend/__tests__/components/chat/chat-input.test.tsx(14,12): error TS17004: Cannot use JSX unless the '--jsx' flag is provided.
frontend/__tests__/components/chat/chat-input.test.tsx(20,28): error TS2339: Property 'setup' does not exist on type 'typeof import("C:/Users/GIGABYTE/Desktop/Forge/frontend/node_modules/@testing-library/user-event/dist/types/index")'.
frontend/__tests__/components/chat/chat-input.test.tsx(21,12): error TS17004: Cannot use JSX unless the '--jsx' flag is provided.
frontend/__tests__/components/chat/chat-input.test.tsx(31,28): error TS2339: Property 'setup' does not exist on type 'typeof import("C:/Users/GIGABYTE/Desktop/Forge/frontend/node_modules/@testing-library/user-event/dist/types/index")'.
frontend/__tests__/components/chat/chat-input.test.tsx(32,12): error TS17004: Cannot use JSX unless the '--jsx' flag is provided.
frontend/__tests__/components/chat/chat-input.test.tsx(43,28): error TS2339: Property 'setup' does not exist on type 'typeof import("C:/Users/GIGABYTE/Desktop/Forge/frontend/node_modules/@testing-library/user-event/dist/types/index")'.
frontend/__tests__/components/chat/chat-input.test.tsx(44,12): error TS17004: Cannot use JSX unless the '--jsx' flag is provided.
frontend/__tests__/components/chat/chat-input.test.tsx(55,28): error TS2339: Property 'setup' does not exist on type 'typeof import("C:/Users/GIGABYTE/Desktop/Forge/frontend/node_modules/@testing-library/user-event/dist/types/index")'.
frontend/__tests__/components/chat/chat-input.test.tsx(56,12): error TS17004: Cannot use JSX unless the '--jsx' flag is provided.
frontend/__tests__/components/chat/chat-input.test.tsx(71,28): error TS2339: Property 'setup' does not exist on type 'typeof import("C:/Users/GIGABYTE/Desktop/Forge/frontend/node_modules/@testing-library/user-event/dist/types/index")'.
frontend/__tests__/components/chat/chat-input.test.tsx(72,12): error TS17004: Cannot use JSX unless the '--jsx' flag is provided.
frontend/__tests__/components/chat/chat-input.test.tsx(88,12): error TS17004: Cannot use JSX unless the '--jsx' flag is provided.
frontend/__tests__/components/chat/chat-input.test.tsx(95,28): error TS2339: Property 'setup' does not exist on type 'typeof import("C:/Users/GIGABYTE/Desktop/Forge/frontend/node_modules/@testing-library/user-event/dist/types/index")'.
frontend/__tests__/components/chat/chat-input.test.tsx(96,12): error TS17004: Cannot use JSX unless the '--jsx' flag is provided.
frontend/__tests__/components/chat/chat-input.test.tsx(107,28): error TS2339: Property 'setup' does not exist on type 'typeof import("C:/Users/GIGABYTE/Desktop/Forge/frontend/node_modules/@testing-library/user-event/dist/types/index")'.
frontend/__tests__/components/chat/chat-input.test.tsx(108,12): error TS17004: Cannot use JSX unless the '--jsx' flag is provided.
frontend/__tests__/components/chat/chat-input.test.tsx(122,12): error TS17004: Cannot use JSX unless the '--jsx' flag is provided.
frontend/__tests__/components/chat/chat-input.test.tsx(127,28): error TS2339: Property 'setup' does not exist on type 'typeof import("C:/Users/GIGABYTE/Desktop/Forge/frontend/node_modules/@testing-library/user-event/dist/types/index")'.
frontend/__tests__/components/chat/chat-input.test.tsx(129,12): error TS17004: Cannot use JSX unless the '--jsx' flag is provided.
frontend/__tests__/components/chat/chat-input.test.tsx(138,12): error TS17004: Cannot use JSX unless the '--jsx' flag is provided.
frontend/__tests__/components/chat/chat-input.test.tsx(145,28): error TS2339: Property 'setup' does not exist on type 'typeof import("C:/Users/GIGABYTE/Desktop/Forge/frontend/node_modules/@testing-library/user-event/dist/types/index")'.
frontend/__tests__/components/chat/chat-input.test.tsx(148,7): error TS17004: Cannot use JSX unless the '--jsx' flag is provided.
frontend/__tests__/components/chat/chat-input.test.tsx(157,28): error TS2339: Property 'setup' does not exist on type 'typeof import("C:/Users/GIGABYTE/Desktop/Forge/frontend/node_modules/@testing-library/user-event/dist/types/index")'.
frontend/__tests__/components/chat/chat-input.test.tsx(161,7): error TS17004: Cannot use JSX unless the '--jsx' flag is provided.
frontend/__tests__/components/chat/chat-input.test.tsx(180,12): error TS17004: Cannot use JSX unless the '--jsx' flag is provided.
frontend/__tests__/components/chat/chat-input.test.tsx(198,12): error TS17004: Cannot use JSX unless the '--jsx' flag is provided.
frontend/__tests__/components/chat/chat-input.test.tsx(223,12): error TS17004: Cannot use JSX unless the '--jsx' flag is provided.
frontend/__tests__/components/chat/chat-input.test.tsx(232,28): error TS2339: Property 'setup' does not exist on type 'typeof import("C:/Users/GIGABYTE/Desktop/Forge/frontend/node_modules/@testing-library/user-event/dist/types/index")'.
frontend/__tests__/components/chat/chat-input.test.tsx(233,12): error TS17004: Cannot use JSX unless the '--jsx' flag is provided.
frontend/__tests__/components/chat/chat-interface.test.tsx(1,21): error TS2305: Module '"vitest"' has no exported member 'beforeAll'.
frontend/__tests__/components/chat/chat-interface.test.tsx(6,15): error TS2614: Module '"#/*"' has no exported member 'Message'. Did you mean to use 'import Message from "#/*"' instead?
frontend/__tests__/components/chat/chat-interface.test.tsx(7,10): error TS2614: Module '"#/*"' has no exported member 'ChatInterface'. Did you mean to use 'import ChatInterface from "#/*"' instead?
frontend/__tests__/components/chat/chat-interface.test.tsx(12,5): error TS17004: Cannot use JSX unless the '--jsx' flag is provided.
frontend/__tests__/components/chat/chat-interface.test.tsx(13,7): error TS17004: Cannot use JSX unless the '--jsx' flag is provided.
frontend/__tests__/components/chat/chat-interface.test.tsx(31,36): error TS7006: Parameter 'importActual' implicitly has an 'any' type.
frontend/__tests__/components/chat/chat-interface.test.tsx(32,17): error TS2347: Untyped function calls may not accept type arguments.
frontend/__tests__/components/chat/chat-interface.test.tsx(36,40): error TS7006: Parameter 'importActual' implicitly has an 'any' type.
frontend/__tests__/components/chat/chat-interface.test.tsx(37,17): error TS2347: Untyped function calls may not accept type arguments.
frontend/__tests__/components/chat/chat-interface.test.tsx(65,30): error TS2339: Property 'setup' does not exist on type 'typeof import("C:/Users/GIGABYTE/Desktop/Forge/frontend/node_modules/@testing-library/user-event/dist/types/index")'.
frontend/__tests__/components/chat/chat-interface.test.tsx(88,30): error TS2339: Property 'setup' does not exist on type 'typeof import("C:/Users/GIGABYTE/Desktop/Forge/frontend/node_modules/@testing-library/user-event/dist/types/index")'.
frontend/__tests__/components/chat/chat-interface.test.tsx(103,9): error TS17004: Cannot use JSX unless the '--jsx' flag is provided.
frontend/__tests__/components/chat/chat-interface.test.tsx(104,11): error TS17004: Cannot use JSX unless the '--jsx' flag is provided.
frontend/__tests__/components/chat/chat-interface.test.tsx(161,28): error TS2339: Property 'setup' does not exist on type 'typeof import("C:/Users/GIGABYTE/Desktop/Forge/frontend/node_modules/@testing-library/user-event/dist/types/index")'.
frontend/__tests__/components/chat/chat-interface.test.tsx(197,7): error TS17004: Cannot use JSX unless the '--jsx' flag is provided.
frontend/__tests__/components/chat/chat-interface.test.tsx(198,9): error TS17004: Cannot use JSX unless the '--jsx' flag is provided.
frontend/__tests__/components/chat/chat-interface.test.tsx(239,14): error TS17004: Cannot use JSX unless the '--jsx' flag is provided.
frontend/__tests__/components/chat/chat-interface.test.tsx(267,36): error TS7006: Parameter 'importActual' implicitly has an 'any' type.
frontend/__tests__/components/chat/chat-interface.test.tsx(268,17): error TS2347: Untyped function calls may not accept type arguments.
frontend/__tests__/components/chat/chat-interface.test.tsx(293,36): error TS7006: Parameter 'importActual' implicitly has an 'any' type.
frontend/__tests__/components/chat/chat-interface.test.tsx(294,17): error TS2347: Untyped function calls may not accept type arguments.
frontend/__tests__/components/chat/chat-interface.test.tsx(308,28): error TS2339: Property 'setup' does not exist on type 'typeof import("C:/Users/GIGABYTE/Desktop/Forge/frontend/node_modules/@testing-library/user-event/dist/types/index")'.
frontend/__tests__/components/chat/chat-interface.test.tsx(316,7): error TS17004: Cannot use JSX unless the '--jsx' flag is provided.
frontend/__tests__/components/chat/chat-interface.test.tsx(317,9): error TS17004: Cannot use JSX unless the '--jsx' flag is provided.
frontend/__tests__/components/chat/chat-interface.test.tsx(369,14): error TS17004: Cannot use JSX unless the '--jsx' flag is provided.
frontend/__tests__/components/chat/expandable-message.test.tsx(5,10): error TS2614: Module '"#/*"' has no exported member 'ExpandableMessage'. Did you mean to use 'import ExpandableMessage from "#/*"' instead?
frontend/__tests__/components/chat/expandable-message.test.tsx(25,25): error TS17004: Cannot use JSX unless the '--jsx' flag is provided.
frontend/__tests__/components/chat/expandable-message.test.tsx(36,7): error TS17004: Cannot use JSX unless the '--jsx' flag is provided.
frontend/__tests__/components/chat/expandable-message.test.tsx(48,7): error TS17004: Cannot use JSX unless the '--jsx' flag is provided.
frontend/__tests__/components/chat/expandable-message.test.tsx(66,7): error TS17004: Cannot use JSX unless the '--jsx' flag is provided.
frontend/__tests__/components/chat/expandable-message.test.tsx(84,7): error TS17004: Cannot use JSX unless the '--jsx' flag is provided.
frontend/__tests__/components/chat/expandable-message.test.tsx(100,7): error TS17004: Cannot use JSX unless the '--jsx' flag is provided.
frontend/__tests__/components/chat/expandable-message.test.tsx(117,5): error TS2578: Unused '@ts-expect-error' directive.
frontend/__tests__/components/chat/expandable-message.test.tsx(131,11): error TS17004: Cannot use JSX unless the '--jsx' flag is provided.
frontend/__tests__/components/chat/expandable-message.test.tsx(141,25): error TS17004: Cannot use JSX unless the '--jsx' flag is provided.
frontend/__tests__/components/context-menu/account-settings-context-menu.test.tsx(3,43): error TS2305: Module '"vitest"' has no exported member 'test'.
frontend/__tests__/components/context-menu/account-settings-context-menu.test.tsx(4,10): error TS2614: Module '"#/*"' has no exported member 'AccountSettingsContextMenu'. Did you mean to use 'import AccountSettingsContextMenu from "#/*"' instead?
frontend/__tests__/components/context-menu/account-settings-context-menu.test.tsx(7,26): error TS2339: Property 'setup' does not exist on type 'typeof import("C:/Users/GIGABYTE/Desktop/Forge/frontend/node_modules/@testing-library/user-event/dist/types/index")'.
frontend/__tests__/components/context-menu/account-settings-context-menu.test.tsx(20,7): error TS17004: Cannot use JSX unless the '--jsx' flag is provided.
frontend/__tests__/components/context-menu/account-settings-context-menu.test.tsx(34,7): error TS17004: Cannot use JSX unless the '--jsx' flag is provided.
frontend/__tests__/components/context-menu/account-settings-context-menu.test.tsx(48,7): error TS17004: Cannot use JSX unless the '--jsx' flag is provided.
frontend/__tests__/components/context-menu/account-settings-context-menu.test.tsx(62,7): error TS17004: Cannot use JSX unless the '--jsx' flag is provided.
frontend/__tests__/components/context-menu/context-menu-list-item.test.tsx(4,10): error TS2614: Module '"#/*"' has no exported member 'ContextMenuListItem'. Did you mean to use 'import ContextMenuListItem from "#/*"' instead?
frontend/__tests__/components/context-menu/context-menu-list-item.test.tsx(10,7): error TS17004: Cannot use JSX unless the '--jsx' flag is provided.
frontend/__tests__/components/context-menu/context-menu-list-item.test.tsx(18,28): error TS2339: Property 'setup' does not exist on type 'typeof import("C:/Users/GIGABYTE/Desktop/Forge/frontend/node_modules/@testing-library/user-event/dist/types/index")'.
frontend/__tests__/components/context-menu/context-menu-list-item.test.tsx(21,7): error TS17004: Cannot use JSX unless the '--jsx' flag is provided.
frontend/__tests__/components/context-menu/context-menu-list-item.test.tsx(31,28): error TS2339: Property 'setup' does not exist on type 'typeof import("C:/Users/GIGABYTE/Desktop/Forge/frontend/node_modules/@testing-library/user-event/dist/types/index")'.
frontend/__tests__/components/context-menu/context-menu-list-item.test.tsx(34,7): error TS17004: Cannot use JSX unless the '--jsx' flag is provided.
frontend/__tests__/components/event-message.test.tsx(4,10): error TS2614: Module '"#/*"' has no exported member 'EventMessage'. Did you mean to use 'import EventMessage from "#/*"' instead?
frontend/__tests__/components/event-message.test.tsx(39,7): error TS17004: Cannot use JSX unless the '--jsx' flag is provided.
frontend/__tests__/components/event-message.test.tsx(68,7): error TS17004: Cannot use JSX unless the '--jsx' flag is provided.
frontend/__tests__/components/event-message.test.tsx(96,7): error TS17004: Cannot use JSX unless the '--jsx' flag is provided.
frontend/__tests__/components/event-message.test.tsx(124,7): error TS17004: Cannot use JSX unless the '--jsx' flag is provided.
frontend/__tests__/components/event-message.test.tsx(152,7): error TS17004: Cannot use JSX unless the '--jsx' flag is provided.
frontend/__tests__/components/event-message.test.tsx(180,7): error TS17004: Cannot use JSX unless the '--jsx' flag is provided.
frontend/__tests__/components/features/analytics/analytics-consent-form-modal.test.tsx(5,10): error TS2614: Module '"#/*"' has no exported member 'AnalyticsConsentFormModal'. Did you mean to use 'import AnalyticsConsentFormModal from "#/*"' instead?
frontend/__tests__/components/features/analytics/analytics-consent-form-modal.test.tsx(10,28): error TS2339: Property 'setup' does not exist on type 'typeof import("C:/Users/GIGABYTE/Desktop/Forge/frontend/node_modules/@testing-library/user-event/dist/types/index")'.
frontend/__tests__/components/features/analytics/analytics-consent-form-modal.test.tsx(14,12): error TS17004: Cannot use JSX unless the '--jsx' flag is provided.
frontend/__tests__/components/features/analytics/analytics-consent-form-modal.test.tsx(16,9): error TS17004: Cannot use JSX unless the '--jsx' flag is provided.
frontend/__tests__/components/features/auth-modal.test.tsx(4,10): error TS2614: Module '"#/*"' has no exported member 'AuthModal'. Did you mean to use 'import AuthModal from "#/*"' instead?
frontend/__tests__/components/features/auth-modal.test.tsx(23,7): error TS17004: Cannot use JSX unless the '--jsx' flag is provided.
frontend/__tests__/components/features/auth-modal.test.tsx(42,28): error TS2339: Property 'setup' does not exist on type 'typeof import("C:/Users/GIGABYTE/Desktop/Forge/frontend/node_modules/@testing-library/user-event/dist/types/index")'.
frontend/__tests__/components/features/auth-modal.test.tsx(45,7): error TS17004: Cannot use JSX unless the '--jsx' flag is provided.
frontend/__tests__/components/features/auth-modal.test.tsx(61,12): error TS17004: Cannot use JSX unless the '--jsx' flag is provided.
frontend/__tests__/components/features/auth-modal.test.tsx(102,12): error TS17004: Cannot use JSX unless the '--jsx' flag is provided.
frontend/__tests__/components/features/auth-modal.test.tsx(111,12): error TS17004: Cannot use JSX unless the '--jsx' flag is provided.
frontend/__tests__/components/features/chat/launch-microagent-modal.test.tsx(5,10): error TS2614: Module '"#/*"' has no exported member 'LaunchMicroagentModal'. Did you mean to use 'import LaunchMicroagentModal from "#/*"' instead?
frontend/__tests__/components/features/chat/launch-microagent-modal.test.tsx(6,10): error TS2614: Module '"#/*"' has no exported member 'I18nKey'. Did you mean to use 'import I18nKey from "#/*"' instead?
frontend/__tests__/components/features/chat/launch-microagent-modal.test.tsx(73,7): error TS17004: Cannot use JSX unless the '--jsx' flag is provided.
frontend/__tests__/components/features/chat/launch-microagent-modal.test.tsx(82,11): error TS17004: Cannot use JSX unless the '--jsx' flag is provided.
frontend/__tests__/components/features/chat/launch-microagent-modal.test.tsx(115,21): error TS2339: Property 'click' does not exist on type 'typeof import("C:/Users/GIGABYTE/Desktop/Forge/frontend/node_modules/@testing-library/user-event/dist/types/index")'.
frontend/__tests__/components/features/chat/launch-microagent-modal.test.tsx(134,21): error TS2339: Property 'click' does not exist on type 'typeof import("C:/Users/GIGABYTE/Desktop/Forge/frontend/node_modules/@testing-library/user-event/dist/types/index")'.
frontend/__tests__/components/features/chat/launch-microagent-modal.test.tsx(139,21): error TS2339: Property 'click' does not exist on type 'typeof import("C:/Users/GIGABYTE/Desktop/Forge/frontend/node_modules/@testing-library/user-event/dist/types/index")'.
frontend/__tests__/components/features/chat/launch-microagent-modal.test.tsx(147,21): error TS2339: Property 'type' does not exist on type 'typeof import("C:/Users/GIGABYTE/Desktop/Forge/frontend/node_modules/@testing-library/user-event/dist/types/index")'.
frontend/__tests__/components/features/chat/launch-microagent-modal.test.tsx(148,21): error TS2339: Property 'type' does not exist on type 'typeof import("C:/Users/GIGABYTE/Desktop/Forge/frontend/node_modules/@testing-library/user-event/dist/types/index")'.
frontend/__tests__/components/features/chat/launch-microagent-modal.test.tsx(151,21): error TS2339: Property 'click' does not exist on type 'typeof import("C:/Users/GIGABYTE/Desktop/Forge/frontend/node_modules/@testing-library/user-event/dist/types/index")'.
frontend/__tests__/components/features/chat/launch-microagent-modal.test.tsx(152,21): error TS2339: Property 'click' does not exist on type 'typeof import("C:/Users/GIGABYTE/Desktop/Forge/frontend/node_modules/@testing-library/user-event/dist/types/index")'.
frontend/__tests__/components/features/chat/launch-microagent-modal.test.tsx(155,21): error TS2339: Property 'click' does not exist on type 'typeof import("C:/Users/GIGABYTE/Desktop/Forge/frontend/node_modules/@testing-library/user-event/dist/types/index")'.
frontend/__tests__/components/features/chat/messages.test.tsx(4,10): error TS2614: Module '"#/*"' has no exported member 'Messages'. Did you mean to use 'import Messages from "#/*"' instead?
frontend/__tests__/components/features/chat/messages.test.tsx(6,3): error TS2614: Module '"#/*"' has no exported member 'AssistantMessageAction'. Did you mean to use 'import AssistantMessageAction from "#/*"' instead?
frontend/__tests__/components/features/chat/messages.test.tsx(7,3): error TS2614: Module '"#/*"' has no exported member 'OpenHandsAction'. Did you mean to use 'import OpenHandsAction from "#/*"' instead?
frontend/__tests__/components/features/chat/messages.test.tsx(8,3): error TS2614: Module '"#/*"' has no exported member 'UserMessageAction'. Did you mean to use 'import UserMessageAction from "#/*"' instead?
frontend/__tests__/components/features/chat/messages.test.tsx(10,10): error TS2614: Module '"#/*"' has no exported member 'OpenHandsObservation'. Did you mean to use 'import OpenHandsObservation from "#/*"' instead?
frontend/__tests__/components/features/chat/messages.test.tsx(12,10): error TS2614: Module '"#/*"' has no exported member 'Conversation'. Did you mean to use 'import Conversation from "#/*"' instead?
frontend/__tests__/components/features/chat/messages.test.tsx(38,5): error TS17004: Cannot use JSX unless the '--jsx' flag is provided.
frontend/__tests__/components/features/chat/messages.test.tsx(41,9): error TS17004: Cannot use JSX unless the '--jsx' flag is provided.
frontend/__tests__/components/features/chat/messages.test.tsx(52,7): error TS17004: Cannot use JSX unless the '--jsx' flag is provided.
frontend/__tests__/components/features/chat/path-component.test.tsx(2,10): error TS2614: Module '"#/*"' has no exported member 'isLikelyDirectory'. Did you mean to use 'import isLikelyDirectory from "#/*"' instead?
frontend/__tests__/components/features/chat/task-tracking-observation-content.test.tsx(3,10): error TS2614: Module '"#/*"' has no exported member 'TaskTrackingObservationContent'. Did you mean to use 'import TaskTrackingObservationContent from "#/*"' instead?
frontend/__tests__/components/features/chat/task-tracking-observation-content.test.tsx(4,10): error TS2614: Module '"#/*"' has no exported member 'TaskTrackingObservation'. Did you mean to use 'import TaskTrackingObservation from "#/*"' instead?
frontend/__tests__/components/features/chat/task-tracking-observation-content.test.tsx(55,12): error TS17004: Cannot use JSX unless the '--jsx' flag is provided.
frontend/__tests__/components/features/chat/task-tracking-observation-content.test.tsx(62,12): error TS17004: Cannot use JSX unless the '--jsx' flag is provided.
frontend/__tests__/components/features/chat/task-tracking-observation-content.test.tsx(71,12): error TS17004: Cannot use JSX unless the '--jsx' flag is provided.
frontend/__tests__/components/features/chat/task-tracking-observation-content.test.tsx(80,12): error TS17004: Cannot use JSX unless the '--jsx' flag is provided.
frontend/__tests__/components/features/chat/task-tracking-observation-content.test.tsx(93,12): error TS17004: Cannot use JSX unless the '--jsx' flag is provided.
frontend/__tests__/components/features/chat/task-tracking-observation-content.test.tsx(110,12): error TS17004: Cannot use JSX unless the '--jsx' flag is provided.
frontend/__tests__/components/features/chat/task-tracking-observation-content.test.tsx(124,12): error TS17004: Cannot use JSX unless the '--jsx' flag is provided.
frontend/__tests__/components/features/chat/task-tracking-observation-content.test.tsx(135,12): error TS17004: Cannot use JSX unless the '--jsx' flag is provided.
frontend/__tests__/components/features/conversation-panel/conversation-card.test.tsx(3,3): error TS2305: Module '"vitest"' has no exported member 'afterAll'.
frontend/__tests__/components/features/conversation-panel/conversation-card.test.tsx(5,3): error TS2305: Module '"vitest"' has no exported member 'beforeAll'.
frontend/__tests__/components/features/conversation-panel/conversation-card.test.tsx(9,3): error TS2305: Module '"vitest"' has no exported member 'test'.
frontend/__tests__/components/features/conversation-panel/conversation-card.test.tsx(14,10): error TS2614: Module '"#/*"' has no exported member 'formatTimeDelta'. Did you mean to use 'import formatTimeDelta from "#/*"' instead?
frontend/__tests__/components/features/conversation-panel/conversation-card.test.tsx(15,10): error TS2614: Module '"#/*"' has no exported member 'ConversationCard'. Did you mean to use 'import ConversationCard from "#/*"' instead?
frontend/__tests__/components/features/conversation-panel/conversation-card.test.tsx(16,35): error TS2835: Relative import paths need explicit file extensions in ECMAScript imports when '--moduleResolution' is 'node16' or 'nodenext'. Did you mean './utils.js'?
frontend/__tests__/components/features/conversation-panel/conversation-card.test.tsx(64,7): error TS17004: Cannot use JSX unless the '--jsx' flag is provided.
frontend/__tests__/components/features/conversation-panel/conversation-card.test.tsx(91,7): error TS17004: Cannot use JSX unless the '--jsx' flag is provided.
frontend/__tests__/components/features/conversation-panel/conversation-card.test.tsx(106,7): error TS17004: Cannot use JSX unless the '--jsx' flag is provided.
frontend/__tests__/components/features/conversation-panel/conversation-card.test.tsx(124,28): error TS2339: Property 'setup' does not exist on type 'typeof import("C:/Users/GIGABYTE/Desktop/Forge/frontend/node_modules/@testing-library/user-event/dist/types/index")'.
frontend/__tests__/components/features/conversation-panel/conversation-card.test.tsx(127,7): error TS17004: Cannot use JSX unless the '--jsx' flag is provided.
frontend/__tests__/components/features/conversation-panel/conversation-card.test.tsx(148,7): error TS17004: Cannot use JSX unless the '--jsx' flag is provided.
frontend/__tests__/components/features/conversation-panel/conversation-card.test.tsx(168,28): error TS2339: Property 'setup' does not exist on type 'typeof import("C:/Users/GIGABYTE/Desktop/Forge/frontend/node_modules/@testing-library/user-event/dist/types/index")'.
frontend/__tests__/components/features/conversation-panel/conversation-card.test.tsx(171,7): error TS17004: Cannot use JSX unless the '--jsx' flag is provided.
frontend/__tests__/components/features/conversation-panel/conversation-card.test.tsx(193,28): error TS2339: Property 'setup' does not exist on type 'typeof import("C:/Users/GIGABYTE/Desktop/Forge/frontend/node_modules/@testing-library/user-event/dist/types/index")'.
frontend/__tests__/components/features/conversation-panel/conversation-card.test.tsx(195,7): error TS17004: Cannot use JSX unless the '--jsx' flag is provided.
frontend/__tests__/components/features/conversation-panel/conversation-card.test.tsx(218,28): error TS2339: Property 'setup' does not exist on type 'typeof import("C:/Users/GIGABYTE/Desktop/Forge/frontend/node_modules/@testing-library/user-event/dist/types/index")'.
frontend/__tests__/components/features/conversation-panel/conversation-card.test.tsx(224,7): error TS17004: Cannot use JSX unless the '--jsx' flag is provided.
frontend/__tests__/components/features/conversation-panel/conversation-card.test.tsx(240,7): error TS17004: Cannot use JSX unless the '--jsx' flag is provided.
frontend/__tests__/components/features/conversation-panel/conversation-card.test.tsx(268,28): error TS2339: Property 'setup' does not exist on type 'typeof import("C:/Users/GIGABYTE/Desktop/Forge/frontend/node_modules/@testing-library/user-event/dist/types/index")'.
frontend/__tests__/components/features/conversation-panel/conversation-card.test.tsx(271,7): error TS17004: Cannot use JSX unless the '--jsx' flag is provided.
frontend/__tests__/components/features/conversation-panel/conversation-card.test.tsx(295,28): error TS2339: Property 'setup' does not exist on type 'typeof import("C:/Users/GIGABYTE/Desktop/Forge/frontend/node_modules/@testing-library/user-event/dist/types/index")'.
frontend/__tests__/components/features/conversation-panel/conversation-card.test.tsx(297,7): error TS17004: Cannot use JSX unless the '--jsx' flag is provided.
frontend/__tests__/components/features/conversation-panel/conversation-card.test.tsx(315,28): error TS2339: Property 'setup' does not exist on type 'typeof import("C:/Users/GIGABYTE/Desktop/Forge/frontend/node_modules/@testing-library/user-event/dist/types/index")'.
frontend/__tests__/components/features/conversation-panel/conversation-card.test.tsx(318,7): error TS17004: Cannot use JSX unless the '--jsx' flag is provided.
frontend/__tests__/components/features/conversation-panel/conversation-card.test.tsx(339,28): error TS2339: Property 'setup' does not exist on type 'typeof import("C:/Users/GIGABYTE/Desktop/Forge/frontend/node_modules/@testing-library/user-event/dist/types/index")'.
frontend/__tests__/components/features/conversation-panel/conversation-card.test.tsx(342,7): error TS17004: Cannot use JSX unless the '--jsx' flag is provided.
frontend/__tests__/components/features/conversation-panel/conversation-card.test.tsx(365,7): error TS17004: Cannot use JSX unless the '--jsx' flag is provided.
frontend/__tests__/components/features/conversation-panel/conversation-card.test.tsx(384,7): error TS17004: Cannot use JSX unless the '--jsx' flag is provided.
frontend/__tests__/components/features/conversation-panel/conversation-card.test.tsx(403,28): error TS2339: Property 'setup' does not exist on type 'typeof import("C:/Users/GIGABYTE/Desktop/Forge/frontend/node_modules/@testing-library/user-event/dist/types/index")'.
frontend/__tests__/components/features/conversation-panel/conversation-card.test.tsx(406,7): error TS17004: Cannot use JSX unless the '--jsx' flag is provided.
frontend/__tests__/components/features/conversation-panel/conversation-card.test.tsx(431,7): error TS17004: Cannot use JSX unless the '--jsx' flag is provided.
frontend/__tests__/components/features/conversation-panel/conversation-card.test.tsx(447,7): error TS17004: Cannot use JSX unless the '--jsx' flag is provided.
frontend/__tests__/components/features/conversation-panel/conversation-card.test.tsx(467,7): error TS17004: Cannot use JSX unless the '--jsx' flag is provided.
frontend/__tests__/components/features/conversation-panel/conversation-card.test.tsx(480,7): error TS17004: Cannot use JSX unless the '--jsx' flag is provided.
frontend/__tests__/components/features/conversation-panel/conversation-card.test.tsx(492,7): error TS17004: Cannot use JSX unless the '--jsx' flag is provided.
frontend/__tests__/components/features/conversation-panel/conversation-card.test.tsx(506,9): error TS17004: Cannot use JSX unless the '--jsx' flag is provided.
frontend/__tests__/components/features/conversation-panel/conversation-card.test.tsx(521,9): error TS17004: Cannot use JSX unless the '--jsx' flag is provided.
frontend/__tests__/components/features/conversation-panel/conversation-panel.test.tsx(2,10): error TS2305: Module '"vitest"' has no exported member 'beforeAll'.
frontend/__tests__/components/features/conversation-panel/conversation-panel.test.tsx(8,10): error TS2614: Module '"#/*"' has no exported member 'ConversationPanel'. Did you mean to use 'import ConversationPanel from "#/*"' instead?
frontend/__tests__/components/features/conversation-panel/conversation-panel.test.tsx(10,10): error TS2614: Module '"#/*"' has no exported member 'Conversation'. Did you mean to use 'import Conversation from "#/*"' instead?
frontend/__tests__/components/features/conversation-panel/conversation-panel.test.tsx(16,24): error TS17004: Cannot use JSX unless the '--jsx' flag is provided.
frontend/__tests__/components/features/conversation-panel/conversation-panel.test.tsx(22,25): error TS17004: Cannot use JSX unless the '--jsx' flag is provided.
frontend/__tests__/components/features/conversation-panel/conversation-panel.test.tsx(33,36): error TS7006: Parameter 'importOriginal' implicitly has an 'any' type.
frontend/__tests__/components/features/conversation-panel/conversation-panel.test.tsx(34,17): error TS2347: Untyped function calls may not accept type arguments.
frontend/__tests__/components/features/conversation-panel/conversation-panel.test.tsx(129,28): error TS2339: Property 'setup' does not exist on type 'typeof import("C:/Users/GIGABYTE/Desktop/Forge/frontend/node_modules/@testing-library/user-event/dist/types/index")'.
frontend/__tests__/components/features/conversation-panel/conversation-panel.test.tsx(158,28): error TS2339: Property 'setup' does not exist on type 'typeof import("C:/Users/GIGABYTE/Desktop/Forge/frontend/node_modules/@testing-library/user-event/dist/types/index")'.
frontend/__tests__/components/features/conversation-panel/conversation-panel.test.tsx(246,28): error TS2339: Property 'setup' does not exist on type 'typeof import("C:/Users/GIGABYTE/Desktop/Forge/frontend/node_modules/@testing-library/user-event/dist/types/index")'.
frontend/__tests__/components/features/conversation-panel/conversation-panel.test.tsx(257,28): error TS2339: Property 'setup' does not exist on type 'typeof import("C:/Users/GIGABYTE/Desktop/Forge/frontend/node_modules/@testing-library/user-event/dist/types/index")'.
frontend/__tests__/components/features/conversation-panel/conversation-panel.test.tsx(267,9): error TS17004: Cannot use JSX unless the '--jsx' flag is provided.
frontend/__tests__/components/features/conversation-panel/conversation-panel.test.tsx(268,11): error TS17004: Cannot use JSX unless the '--jsx' flag is provided.
frontend/__tests__/components/features/conversation-panel/conversation-panel.test.tsx(271,22): error TS17004: Cannot use JSX unless the '--jsx' flag is provided.
frontend/__tests__/components/features/conversation-panel/conversation-panel.test.tsx(283,25): error TS17004: Cannot use JSX unless the '--jsx' flag is provided.
frontend/__tests__/components/features/conversation-panel/conversation-panel.test.tsx(310,28): error TS2339: Property 'setup' does not exist on type 'typeof import("C:/Users/GIGABYTE/Desktop/Forge/frontend/node_modules/@testing-library/user-event/dist/types/index")'.
frontend/__tests__/components/features/conversation-panel/conversation-panel.test.tsx(391,28): error TS2339: Property 'setup' does not exist on type 'typeof import("C:/Users/GIGABYTE/Desktop/Forge/frontend/node_modules/@testing-library/user-event/dist/types/index")'.
frontend/__tests__/components/features/conversation-panel/conversation-panel.test.tsx(466,28): error TS2339: Property 'setup' does not exist on type 'typeof import("C:/Users/GIGABYTE/Desktop/Forge/frontend/node_modules/@testing-library/user-event/dist/types/index")'.
frontend/__tests__/components/features/conversation-panel/conversation-panel.test.tsx(553,28): error TS2339: Property 'setup' does not exist on type 'typeof import("C:/Users/GIGABYTE/Desktop/Forge/frontend/node_modules/@testing-library/user-event/dist/types/index")'.
frontend/__tests__/components/features/conversation-panel/conversation-panel.test.tsx(570,28): error TS2339: Property 'setup' does not exist on type 'typeof import("C:/Users/GIGABYTE/Desktop/Forge/frontend/node_modules/@testing-library/user-event/dist/types/index")'.
frontend/__tests__/components/features/conversation-panel/conversation-panel.test.tsx(592,28): error TS2339: Property 'setup' does not exist on type 'typeof import("C:/Users/GIGABYTE/Desktop/Forge/frontend/node_modules/@testing-library/user-event/dist/types/index")'.
frontend/__tests__/components/features/conversation-panel/conversation-panel.test.tsx(630,28): error TS2339: Property 'setup' does not exist on type 'typeof import("C:/Users/GIGABYTE/Desktop/Forge/frontend/node_modules/@testing-library/user-event/dist/types/index")'.
frontend/__tests__/components/features/conversation-panel/conversation-panel.test.tsx(659,28): error TS2339: Property 'setup' does not exist on type 'typeof import("C:/Users/GIGABYTE/Desktop/Forge/frontend/node_modules/@testing-library/user-event/dist/types/index")'.
frontend/__tests__/components/features/conversation-panel/conversation-panel.test.tsx(691,28): error TS2339: Property 'setup' does not exist on type 'typeof import("C:/Users/GIGABYTE/Desktop/Forge/frontend/node_modules/@testing-library/user-event/dist/types/index")'.
frontend/__tests__/components/features/conversation-panel/conversation-panel.test.tsx(720,28): error TS2339: Property 'setup' does not exist on type 'typeof import("C:/Users/GIGABYTE/Desktop/Forge/frontend/node_modules/@testing-library/user-event/dist/types/index")'.
frontend/__tests__/components/features/conversation-panel/conversation-panel.test.tsx(758,28): error TS2339: Property 'setup' does not exist on type 'typeof import("C:/Users/GIGABYTE/Desktop/Forge/frontend/node_modules/@testing-library/user-event/dist/types/index")'.
frontend/__tests__/components/features/conversation-panel/conversation-panel.test.tsx(780,28): error TS2339: Property 'setup' does not exist on type 'typeof import("C:/Users/GIGABYTE/Desktop/Forge/frontend/node_modules/@testing-library/user-event/dist/types/index")'.
frontend/__tests__/components/features/conversation-panel/conversation-panel.test.tsx(807,28): error TS2339: Property 'setup' does not exist on type 'typeof import("C:/Users/GIGABYTE/Desktop/Forge/frontend/node_modules/@testing-library/user-event/dist/types/index")'.
frontend/__tests__/components/features/home/repo-connector.test.tsx(9,10): error TS2614: Module '"#/*"' has no exported member 'GitRepository'. Did you mean to use 'import GitRepository from "#/*"' instead?
frontend/__tests__/components/features/home/repo-connector.test.tsx(10,10): error TS2614: Module '"#/*"' has no exported member 'RepoConnector'. Did you mean to use 'import RepoConnector from "#/*"' instead?
frontend/__tests__/components/features/home/repo-connector.test.tsx(11,10): error TS2614: Module '"#/*"' has no exported member 'MOCK_DEFAULT_USER_SETTINGS'. Did you mean to use 'import MOCK_DEFAULT_USER_SETTINGS from "#/*"' instead?
frontend/__tests__/components/features/home/repo-connector.test.tsx(17,24): error TS17004: Cannot use JSX unless the '--jsx' flag is provided.
frontend/__tests__/components/features/home/repo-connector.test.tsx(21,24): error TS17004: Cannot use JSX unless the '--jsx' flag is provided.
frontend/__tests__/components/features/home/repo-connector.test.tsx(25,24): error TS17004: Cannot use JSX unless the '--jsx' flag is provided.
frontend/__tests__/components/features/home/repo-connector.test.tsx(29,28): error TS17004: Cannot use JSX unless the '--jsx' flag is provided.
frontend/__tests__/components/features/home/repo-connector.test.tsx(33,28): error TS17004: Cannot use JSX unless the '--jsx' flag is provided.
frontend/__tests__/components/features/home/repo-connector.test.tsx(40,17): error TS17004: Cannot use JSX unless the '--jsx' flag is provided.
frontend/__tests__/components/features/home/repo-connector.test.tsx(42,7): error TS17004: Cannot use JSX unless the '--jsx' flag is provided.
frontend/__tests__/components/features/home/repo-connector.test.tsx(43,9): error TS17004: Cannot use JSX unless the '--jsx' flag is provided.
frontend/__tests__/components/features/home/repo-connector.test.tsx(106,21): error TS2339: Property 'click' does not exist on type 'typeof import("C:/Users/GIGABYTE/Desktop/Forge/frontend/node_modules/@testing-library/user-event/dist/types/index")'.
frontend/__tests__/components/features/home/repo-connector.test.tsx(107,21): error TS2339: Property 'click' does not exist on type 'typeof import("C:/Users/GIGABYTE/Desktop/Forge/frontend/node_modules/@testing-library/user-event/dist/types/index")'.
frontend/__tests__/components/features/home/repo-connector.test.tsx(113,21): error TS2339: Property 'click' does not exist on type 'typeof import("C:/Users/GIGABYTE/Desktop/Forge/frontend/node_modules/@testing-library/user-event/dist/types/index")'.
frontend/__tests__/components/features/home/repo-connector.test.tsx(153,21): error TS2339: Property 'click' does not exist on type 'typeof import("C:/Users/GIGABYTE/Desktop/Forge/frontend/node_modules/@testing-library/user-event/dist/types/index")'.
frontend/__tests__/components/features/home/repo-connector.test.tsx(154,21): error TS2339: Property 'click' does not exist on type 'typeof import("C:/Users/GIGABYTE/Desktop/Forge/frontend/node_modules/@testing-library/user-event/dist/types/index")'.
frontend/__tests__/components/features/home/repo-connector.test.tsx(161,21): error TS2339: Property 'click' does not exist on type 'typeof import("C:/Users/GIGABYTE/Desktop/Forge/frontend/node_modules/@testing-library/user-event/dist/types/index")'.
frontend/__tests__/components/features/home/repo-connector.test.tsx(167,21): error TS2339: Property 'click' does not exist on type 'typeof import("C:/Users/GIGABYTE/Desktop/Forge/frontend/node_modules/@testing-library/user-event/dist/types/index")'.
frontend/__tests__/components/features/home/repo-connector.test.tsx(180,5): error TS2578: Unused '@ts-expect-error' directive.
frontend/__tests__/components/features/home/repo-connector.test.tsx(201,5): error TS2578: Unused '@ts-expect-error' directive.
frontend/__tests__/components/features/home/repo-connector.test.tsx(222,5): error TS2578: Unused '@ts-expect-error' directive.
frontend/__tests__/components/features/home/repo-connector.test.tsx(262,21): error TS2339: Property 'click' does not exist on type 'typeof import("C:/Users/GIGABYTE/Desktop/Forge/frontend/node_modules/@testing-library/user-event/dist/types/index")'.
frontend/__tests__/components/features/home/repo-connector.test.tsx(283,21): error TS2339: Property 'click' does not exist on type 'typeof import("C:/Users/GIGABYTE/Desktop/Forge/frontend/node_modules/@testing-library/user-event/dist/types/index")'.
frontend/__tests__/components/features/home/repo-connector.test.tsx(284,21): error TS2339: Property 'click' does not exist on type 'typeof import("C:/Users/GIGABYTE/Desktop/Forge/frontend/node_modules/@testing-library/user-event/dist/types/index")'.
frontend/__tests__/components/features/home/repo-connector.test.tsx(291,21): error TS2339: Property 'click' does not exist on type 'typeof import("C:/Users/GIGABYTE/Desktop/Forge/frontend/node_modules/@testing-library/user-event/dist/types/index")'.
frontend/__tests__/components/features/home/repo-connector.test.tsx(297,21): error TS2339: Property 'click' does not exist on type 'typeof import("C:/Users/GIGABYTE/Desktop/Forge/frontend/node_modules/@testing-library/user-event/dist/types/index")'.
frontend/__tests__/components/features/home/repo-connector.test.tsx(305,21): error TS2339: Property 'click' does not exist on type 'typeof import("C:/Users/GIGABYTE/Desktop/Forge/frontend/node_modules/@testing-library/user-event/dist/types/index")'.
frontend/__tests__/components/features/home/repo-connector.test.tsx(350,21): error TS2339: Property 'click' does not exist on type 'typeof import("C:/Users/GIGABYTE/Desktop/Forge/frontend/node_modules/@testing-library/user-event/dist/types/index")'.
frontend/__tests__/components/features/home/repo-connector.test.tsx(351,21): error TS2339: Property 'click' does not exist on type 'typeof import("C:/Users/GIGABYTE/Desktop/Forge/frontend/node_modules/@testing-library/user-event/dist/types/index")'.
frontend/__tests__/components/features/home/repo-connector.test.tsx(358,21): error TS2339: Property 'click' does not exist on type 'typeof import("C:/Users/GIGABYTE/Desktop/Forge/frontend/node_modules/@testing-library/user-event/dist/types/index")'.
frontend/__tests__/components/features/home/repo-connector.test.tsx(364,21): error TS2339: Property 'click' does not exist on type 'typeof import("C:/Users/GIGABYTE/Desktop/Forge/frontend/node_modules/@testing-library/user-event/dist/types/index")'.
frontend/__tests__/components/features/home/repo-connector.test.tsx(372,21): error TS2339: Property 'click' does not exist on type 'typeof import("C:/Users/GIGABYTE/Desktop/Forge/frontend/node_modules/@testing-library/user-event/dist/types/index")'.
frontend/__tests__/components/features/home/repo-connector.test.tsx(408,21): error TS2339: Property 'click' does not exist on type 'typeof import("C:/Users/GIGABYTE/Desktop/Forge/frontend/node_modules/@testing-library/user-event/dist/types/index")'.
frontend/__tests__/components/features/home/repo-selection-form.test.tsx(5,41): error TS2835: Relative import paths need explicit file extensions in ECMAScript imports when '--moduleResolution' is 'node16' or 'nodenext'. Did you mean '../../../../src/components/features/home/repo-selection-form.js'?
frontend/__tests__/components/features/home/repo-selection-form.test.tsx(7,10): error TS2614: Module '"#/*"' has no exported member 'GitRepository'. Did you mean to use 'import GitRepository from "#/*"' instead?
frontend/__tests__/components/features/home/repo-selection-form.test.tsx(94,32): error TS7006: Parameter 'importActual' implicitly has an 'any' type.
frontend/__tests__/components/features/home/repo-selection-form.test.tsx(105,10): error TS17004: Cannot use JSX unless the '--jsx' flag is provided.
frontend/__tests__/components/features/home/repo-selection-form.test.tsx(107,7): error TS17004: Cannot use JSX unless the '--jsx' flag is provided.
frontend/__tests__/components/features/home/repo-selection-form.test.tsx(232,21): error TS2339: Property 'type' does not exist on type 'typeof import("C:/Users/GIGABYTE/Desktop/Forge/frontend/node_modules/@testing-library/user-event/dist/types/index")'.
frontend/__tests__/components/features/home/repo-selection-form.test.tsx(267,21): error TS2339: Property 'type' does not exist on type 'typeof import("C:/Users/GIGABYTE/Desktop/Forge/frontend/node_modules/@testing-library/user-event/dist/types/index")'.
frontend/__tests__/components/features/home/task-card.test.tsx(8,10): error TS2614: Module '"#/*"' has no exported member 'SuggestedTask'. Did you mean to use 'import SuggestedTask from "#/*"' instead?
frontend/__tests__/components/features/home/task-card.test.tsx(10,10): error TS2614: Module '"#/*"' has no exported member 'TaskCard'. Did you mean to use 'import TaskCard from "#/*"' instead?
frontend/__tests__/components/features/home/task-card.test.tsx(11,10): error TS2614: Module '"#/*"' has no exported member 'GitRepository'. Did you mean to use 'import GitRepository from "#/*"' instead?
frontend/__tests__/components/features/home/task-card.test.tsx(31,24): error TS17004: Cannot use JSX unless the '--jsx' flag is provided.
frontend/__tests__/components/features/home/task-card.test.tsx(35,24): error TS17004: Cannot use JSX unless the '--jsx' flag is provided.
frontend/__tests__/components/features/home/task-card.test.tsx(40,17): error TS17004: Cannot use JSX unless the '--jsx' flag is provided.
frontend/__tests__/components/features/home/task-card.test.tsx(42,7): error TS17004: Cannot use JSX unless the '--jsx' flag is provided.
frontend/__tests__/components/features/home/task-card.test.tsx(43,9): error TS17004: Cannot use JSX unless the '--jsx' flag is provided.
frontend/__tests__/components/features/home/task-card.test.tsx(65,21): error TS2339: Property 'click' does not exist on type 'typeof import("C:/Users/GIGABYTE/Desktop/Forge/frontend/node_modules/@testing-library/user-event/dist/types/index")'.
frontend/__tests__/components/features/home/task-card.test.tsx(88,23): error TS2339: Property 'click' does not exist on type 'typeof import("C:/Users/GIGABYTE/Desktop/Forge/frontend/node_modules/@testing-library/user-event/dist/types/index")'.
frontend/__tests__/components/features/home/task-card.test.tsx(112,21): error TS2339: Property 'click' does not exist on type 'typeof import("C:/Users/GIGABYTE/Desktop/Forge/frontend/node_modules/@testing-library/user-event/dist/types/index")'.
frontend/__tests__/components/features/home/task-card.test.tsx(137,21): error TS2339: Property 'click' does not exist on type 'typeof import("C:/Users/GIGABYTE/Desktop/Forge/frontend/node_modules/@testing-library/user-event/dist/types/index")'.
frontend/__tests__/components/features/home/task-suggestions.test.tsx(7,10): error TS2614: Module '"#/*"' has no exported member 'TaskSuggestions'. Did you mean to use 'import TaskSuggestions from "#/*"' instead?
frontend/__tests__/components/features/home/task-suggestions.test.tsx(8,10): error TS2614: Module '"#/*"' has no exported member 'SuggestionsService'. Did you mean to use 'import SuggestionsService from "#/*"' instead?
frontend/__tests__/components/features/home/task-suggestions.test.tsx(9,10): error TS2614: Module '"#/*"' has no exported member 'MOCK_TASKS'. Did you mean to use 'import MOCK_TASKS from "#/*"' instead?
frontend/__tests__/components/features/home/task-suggestions.test.tsx(28,24): error TS17004: Cannot use JSX unless the '--jsx' flag is provided.
frontend/__tests__/components/features/home/task-suggestions.test.tsx(32,24): error TS17004: Cannot use JSX unless the '--jsx' flag is provided.
frontend/__tests__/components/features/home/task-suggestions.test.tsx(36,24): error TS17004: Cannot use JSX unless the '--jsx' flag is provided.
frontend/__tests__/components/features/home/task-suggestions.test.tsx(41,17): error TS17004: Cannot use JSX unless the '--jsx' flag is provided.
frontend/__tests__/components/features/home/task-suggestions.test.tsx(43,7): error TS17004: Cannot use JSX unless the '--jsx' flag is provided.
frontend/__tests__/components/features/home/task-suggestions.test.tsx(44,9): error TS17004: Cannot use JSX unless the '--jsx' flag is provided.
frontend/__tests__/components/features/home/task-suggestions.test.tsx(78,27): error TS7006: Parameter 'taskGroup' implicitly has an 'any' type.
frontend/__tests__/components/features/home/task-suggestions.test.tsx(89,27): error TS7006: Parameter 'task' implicitly has an 'any' type.
frontend/__tests__/components/features/home/task-suggestions.test.tsx(103,27): error TS7006: Parameter 'taskGroup' implicitly has an 'any' type.
frontend/__tests__/components/features/maintenance/maintenance-banner.test.tsx(4,10): error TS2614: Module '"#/*"' has no exported member 'MaintenanceBanner'. Did you mean to use 'import MaintenanceBanner from "#/*"' instead?
frontend/__tests__/components/features/maintenance/maintenance-banner.test.tsx(9,11): error TS2347: Untyped function calls may not accept type arguments.
frontend/__tests__/components/features/maintenance/maintenance-banner.test.tsx(31,34): error TS17004: Cannot use JSX unless the '--jsx' flag is provided.
frontend/__tests__/components/features/maintenance/maintenance-banner.test.tsx(51,12): error TS17004: Cannot use JSX unless the '--jsx' flag is provided.
frontend/__tests__/components/features/maintenance/maintenance-banner.test.tsx(61,12): error TS17004: Cannot use JSX unless the '--jsx' flag is provided.
frontend/__tests__/components/features/maintenance/maintenance-banner.test.tsx(77,33): error TS17004: Cannot use JSX unless the '--jsx' flag is provided.
frontend/__tests__/components/features/maintenance/maintenance-banner.test.tsx(88,14): error TS17004: Cannot use JSX unless the '--jsx' flag is provided.
frontend/__tests__/components/features/maintenance/maintenance-banner.test.tsx(96,33): error TS17004: Cannot use JSX unless the '--jsx' flag is provided.
frontend/__tests__/components/features/maintenance/maintenance-banner.test.tsx(107,14): error TS17004: Cannot use JSX unless the '--jsx' flag is provided.
frontend/__tests__/components/features/microagent-management/microagent-management.test.tsx(2,10): error TS2305: Module '"vitest"' has no exported member 'beforeAll'.
frontend/__tests__/components/features/microagent-management/microagent-management.test.tsx(9,10): error TS2614: Module '"#/*"' has no exported member 'MicroagentManagementMain'. Did you mean to use 'import MicroagentManagementMain from "#/*"' instead?
frontend/__tests__/components/features/microagent-management/microagent-management.test.tsx(11,10): error TS2614: Module '"#/*"' has no exported member 'GitRepository'. Did you mean to use 'import GitRepository from "#/*"' instead?
frontend/__tests__/components/features/microagent-management/microagent-management.test.tsx(12,10): error TS2614: Module '"#/*"' has no exported member 'RepositoryMicroagent'. Did you mean to use 'import RepositoryMicroagent from "#/*"' instead?
frontend/__tests__/components/features/microagent-management/microagent-management.test.tsx(13,10): error TS2614: Module '"#/*"' has no exported member 'Conversation'. Did you mean to use 'import Conversation from "#/*"' instead?
frontend/__tests__/components/features/microagent-management/microagent-management.test.tsx(57,25): error TS17004: Cannot use JSX unless the '--jsx' flag is provided.
frontend/__tests__/components/features/microagent-management/microagent-management.test.tsx(78,36): error TS7006: Parameter 'importOriginal' implicitly has an 'any' type.
frontend/__tests__/components/features/microagent-management/microagent-management.test.tsx(79,17): error TS2347: Untyped function calls may not accept type arguments.
frontend/__tests__/components/features/microagent-management/microagent-management.test.tsx(332,28): error TS2339: Property 'setup' does not exist on type 'typeof import("C:/Users/GIGABYTE/Desktop/Forge/frontend/node_modules/@testing-library/user-event/dist/types/index")'.
frontend/__tests__/components/features/microagent-management/microagent-management.test.tsx(358,28): error TS2339: Property 'setup' does not exist on type 'typeof import("C:/Users/GIGABYTE/Desktop/Forge/frontend/node_modules/@testing-library/user-event/dist/types/index")'.
frontend/__tests__/components/features/microagent-management/microagent-management.test.tsx(381,28): error TS2339: Property 'setup' does not exist on type 'typeof import("C:/Users/GIGABYTE/Desktop/Forge/frontend/node_modules/@testing-library/user-event/dist/types/index")'.
frontend/__tests__/components/features/microagent-management/microagent-management.test.tsx(406,28): error TS2339: Property 'setup' does not exist on type 'typeof import("C:/Users/GIGABYTE/Desktop/Forge/frontend/node_modules/@testing-library/user-event/dist/types/index")'.
frontend/__tests__/components/features/microagent-management/microagent-management.test.tsx(435,28): error TS2339: Property 'setup' does not exist on type 'typeof import("C:/Users/GIGABYTE/Desktop/Forge/frontend/node_modules/@testing-library/user-event/dist/types/index")'.
frontend/__tests__/components/features/microagent-management/microagent-management.test.tsx(490,28): error TS2339: Property 'setup' does not exist on type 'typeof import("C:/Users/GIGABYTE/Desktop/Forge/frontend/node_modules/@testing-library/user-event/dist/types/index")'.
frontend/__tests__/components/features/microagent-management/microagent-management.test.tsx(514,28): error TS2339: Property 'setup' does not exist on type 'typeof import("C:/Users/GIGABYTE/Desktop/Forge/frontend/node_modules/@testing-library/user-event/dist/types/index")'.
frontend/__tests__/components/features/microagent-management/microagent-management.test.tsx(572,28): error TS2339: Property 'setup' does not exist on type 'typeof import("C:/Users/GIGABYTE/Desktop/Forge/frontend/node_modules/@testing-library/user-event/dist/types/index")'.
frontend/__tests__/components/features/microagent-management/microagent-management.test.tsx(632,30): error TS2339: Property 'setup' does not exist on type 'typeof import("C:/Users/GIGABYTE/Desktop/Forge/frontend/node_modules/@testing-library/user-event/dist/types/index")'.
frontend/__tests__/components/features/microagent-management/microagent-management.test.tsx(663,30): error TS2339: Property 'setup' does not exist on type 'typeof import("C:/Users/GIGABYTE/Desktop/Forge/frontend/node_modules/@testing-library/user-event/dist/types/index")'.
frontend/__tests__/components/features/microagent-management/microagent-management.test.tsx(686,30): error TS2339: Property 'setup' does not exist on type 'typeof import("C:/Users/GIGABYTE/Desktop/Forge/frontend/node_modules/@testing-library/user-event/dist/types/index")'.
frontend/__tests__/components/features/microagent-management/microagent-management.test.tsx(712,30): error TS2339: Property 'setup' does not exist on type 'typeof import("C:/Users/GIGABYTE/Desktop/Forge/frontend/node_modules/@testing-library/user-event/dist/types/index")'.
frontend/__tests__/components/features/microagent-management/microagent-management.test.tsx(745,30): error TS2339: Property 'setup' does not exist on type 'typeof import("C:/Users/GIGABYTE/Desktop/Forge/frontend/node_modules/@testing-library/user-event/dist/types/index")'.
frontend/__tests__/components/features/microagent-management/microagent-management.test.tsx(780,30): error TS2339: Property 'setup' does not exist on type 'typeof import("C:/Users/GIGABYTE/Desktop/Forge/frontend/node_modules/@testing-library/user-event/dist/types/index")'.
frontend/__tests__/components/features/microagent-management/microagent-management.test.tsx(801,30): error TS2339: Property 'setup' does not exist on type 'typeof import("C:/Users/GIGABYTE/Desktop/Forge/frontend/node_modules/@testing-library/user-event/dist/types/index")'.
frontend/__tests__/components/features/microagent-management/microagent-management.test.tsx(833,30): error TS2339: Property 'setup' does not exist on type 'typeof import("C:/Users/GIGABYTE/Desktop/Forge/frontend/node_modules/@testing-library/user-event/dist/types/index")'.
frontend/__tests__/components/features/microagent-management/microagent-management.test.tsx(853,30): error TS2339: Property 'setup' does not exist on type 'typeof import("C:/Users/GIGABYTE/Desktop/Forge/frontend/node_modules/@testing-library/user-event/dist/types/index")'.
frontend/__tests__/components/features/microagent-management/microagent-management.test.tsx(885,30): error TS2339: Property 'setup' does not exist on type 'typeof import("C:/Users/GIGABYTE/Desktop/Forge/frontend/node_modules/@testing-library/user-event/dist/types/index")'.
frontend/__tests__/components/features/microagent-management/microagent-management.test.tsx(905,30): error TS2339: Property 'setup' does not exist on type 'typeof import("C:/Users/GIGABYTE/Desktop/Forge/frontend/node_modules/@testing-library/user-event/dist/types/index")'.
frontend/__tests__/components/features/microagent-management/microagent-management.test.tsx(939,30): error TS2339: Property 'setup' does not exist on type 'typeof import("C:/Users/GIGABYTE/Desktop/Forge/frontend/node_modules/@testing-library/user-event/dist/types/index")'.
frontend/__tests__/components/features/microagent-management/microagent-management.test.tsx(967,30): error TS2339: Property 'setup' does not exist on type 'typeof import("C:/Users/GIGABYTE/Desktop/Forge/frontend/node_modules/@testing-library/user-event/dist/types/index")'.
frontend/__tests__/components/features/microagent-management/microagent-management.test.tsx(992,30): error TS2339: Property 'setup' does not exist on type 'typeof import("C:/Users/GIGABYTE/Desktop/Forge/frontend/node_modules/@testing-library/user-event/dist/types/index")'.
frontend/__tests__/components/features/microagent-management/microagent-management.test.tsx(1031,30): error TS2339: Property 'setup' does not exist on type 'typeof import("C:/Users/GIGABYTE/Desktop/Forge/frontend/node_modules/@testing-library/user-event/dist/types/index")'.
frontend/__tests__/components/features/microagent-management/microagent-management.test.tsx(1068,30): error TS2339: Property 'setup' does not exist on type 'typeof import("C:/Users/GIGABYTE/Desktop/Forge/frontend/node_modules/@testing-library/user-event/dist/types/index")'.
frontend/__tests__/components/features/microagent-management/microagent-management.test.tsx(1111,30): error TS2339: Property 'setup' does not exist on type 'typeof import("C:/Users/GIGABYTE/Desktop/Forge/frontend/node_modules/@testing-library/user-event/dist/types/index")'.
frontend/__tests__/components/features/microagent-management/microagent-management.test.tsx(1154,30): error TS2339: Property 'setup' does not exist on type 'typeof import("C:/Users/GIGABYTE/Desktop/Forge/frontend/node_modules/@testing-library/user-event/dist/types/index")'.
frontend/__tests__/components/features/microagent-management/microagent-management.test.tsx(1189,30): error TS2339: Property 'setup' does not exist on type 'typeof import("C:/Users/GIGABYTE/Desktop/Forge/frontend/node_modules/@testing-library/user-event/dist/types/index")'.
frontend/__tests__/components/features/microagent-management/microagent-management.test.tsx(1220,30): error TS2339: Property 'setup' does not exist on type 'typeof import("C:/Users/GIGABYTE/Desktop/Forge/frontend/node_modules/@testing-library/user-event/dist/types/index")'.
frontend/__tests__/components/features/microagent-management/microagent-management.test.tsx(1239,30): error TS2339: Property 'setup' does not exist on type 'typeof import("C:/Users/GIGABYTE/Desktop/Forge/frontend/node_modules/@testing-library/user-event/dist/types/index")'.
frontend/__tests__/components/features/microagent-management/microagent-management.test.tsx(1266,30): error TS2339: Property 'setup' does not exist on type 'typeof import("C:/Users/GIGABYTE/Desktop/Forge/frontend/node_modules/@testing-library/user-event/dist/types/index")'.
frontend/__tests__/components/features/microagent-management/microagent-management.test.tsx(1326,30): error TS2339: Property 'setup' does not exist on type 'typeof import("C:/Users/GIGABYTE/Desktop/Forge/frontend/node_modules/@testing-library/user-event/dist/types/index")'.
frontend/__tests__/components/features/microagent-management/microagent-management.test.tsx(1353,27): error TS17004: Cannot use JSX unless the '--jsx' flag is provided.
frontend/__tests__/components/features/microagent-management/microagent-management.test.tsx(1388,30): error TS2339: Property 'setup' does not exist on type 'typeof import("C:/Users/GIGABYTE/Desktop/Forge/frontend/node_modules/@testing-library/user-event/dist/types/index")'.
frontend/__tests__/components/features/microagent-management/microagent-management.test.tsx(1419,30): error TS2339: Property 'setup' does not exist on type 'typeof import("C:/Users/GIGABYTE/Desktop/Forge/frontend/node_modules/@testing-library/user-event/dist/types/index")'.
frontend/__tests__/components/features/microagent-management/microagent-management.test.tsx(1449,30): error TS2339: Property 'setup' does not exist on type 'typeof import("C:/Users/GIGABYTE/Desktop/Forge/frontend/node_modules/@testing-library/user-event/dist/types/index")'.
frontend/__tests__/components/features/microagent-management/microagent-management.test.tsx(1489,30): error TS2339: Property 'setup' does not exist on type 'typeof import("C:/Users/GIGABYTE/Desktop/Forge/frontend/node_modules/@testing-library/user-event/dist/types/index")'.
frontend/__tests__/components/features/microagent-management/microagent-management.test.tsx(1523,30): error TS2339: Property 'setup' does not exist on type 'typeof import("C:/Users/GIGABYTE/Desktop/Forge/frontend/node_modules/@testing-library/user-event/dist/types/index")'.
frontend/__tests__/components/features/microagent-management/microagent-management.test.tsx(1556,30): error TS2339: Property 'setup' does not exist on type 'typeof import("C:/Users/GIGABYTE/Desktop/Forge/frontend/node_modules/@testing-library/user-event/dist/types/index")'.
frontend/__tests__/components/features/microagent-management/microagent-management.test.tsx(1648,27): error TS17004: Cannot use JSX unless the '--jsx' flag is provided.
frontend/__tests__/components/features/microagent-management/microagent-management.test.tsx(2000,27): error TS17004: Cannot use JSX unless the '--jsx' flag is provided.
frontend/__tests__/components/features/microagent-management/microagent-management.test.tsx(2039,27): error TS17004: Cannot use JSX unless the '--jsx' flag is provided.
frontend/__tests__/components/features/microagent-management/microagent-management.test.tsx(2077,27): error TS17004: Cannot use JSX unless the '--jsx' flag is provided.
frontend/__tests__/components/features/microagent-management/microagent-management.test.tsx(2117,30): error TS2339: Property 'setup' does not exist on type 'typeof import("C:/Users/GIGABYTE/Desktop/Forge/frontend/node_modules/@testing-library/user-event/dist/types/index")'.
frontend/__tests__/components/features/microagent-management/microagent-management.test.tsx(2120,27): error TS17004: Cannot use JSX unless the '--jsx' flag is provided.
frontend/__tests__/components/features/microagent-management/microagent-management.test.tsx(2173,30): error TS2339: Property 'setup' does not exist on type 'typeof import("C:/Users/GIGABYTE/Desktop/Forge/frontend/node_modules/@testing-library/user-event/dist/types/index")'.
frontend/__tests__/components/features/microagent-management/microagent-management.test.tsx(2176,27): error TS17004: Cannot use JSX unless the '--jsx' flag is provided.
frontend/__tests__/components/features/microagent-management/microagent-management.test.tsx(2224,30): error TS2339: Property 'setup' does not exist on type 'typeof import("C:/Users/GIGABYTE/Desktop/Forge/frontend/node_modules/@testing-library/user-event/dist/types/index")'.
frontend/__tests__/components/features/microagent-management/microagent-management.test.tsx(2227,27): error TS17004: Cannot use JSX unless the '--jsx' flag is provided.
frontend/__tests__/components/features/microagent-management/microagent-management.test.tsx(2281,27): error TS17004: Cannot use JSX unless the '--jsx' flag is provided.
frontend/__tests__/components/features/microagent-management/microagent-management.test.tsx(2316,30): error TS2339: Property 'setup' does not exist on type 'typeof import("C:/Users/GIGABYTE/Desktop/Forge/frontend/node_modules/@testing-library/user-event/dist/types/index")'.
frontend/__tests__/components/features/microagent-management/microagent-management.test.tsx(2327,27): error TS17004: Cannot use JSX unless the '--jsx' flag is provided.
frontend/__tests__/components/features/microagent-management/microagent-management.test.tsx(2365,30): error TS2339: Property 'setup' does not exist on type 'typeof import("C:/Users/GIGABYTE/Desktop/Forge/frontend/node_modules/@testing-library/user-event/dist/types/index")'.
frontend/__tests__/components/features/microagent-management/microagent-management.test.tsx(2376,27): error TS17004: Cannot use JSX unless the '--jsx' flag is provided.
frontend/__tests__/components/features/microagent-management/microagent-management.test.tsx(2417,30): error TS2339: Property 'setup' does not exist on type 'typeof import("C:/Users/GIGABYTE/Desktop/Forge/frontend/node_modules/@testing-library/user-event/dist/types/index")'.
frontend/__tests__/components/features/microagent-management/microagent-management.test.tsx(2462,30): error TS2339: Property 'setup' does not exist on type 'typeof import("C:/Users/GIGABYTE/Desktop/Forge/frontend/node_modules/@testing-library/user-event/dist/types/index")'.
frontend/__tests__/components/features/microagent-management/microagent-management.test.tsx(2510,30): error TS2339: Property 'setup' does not exist on type 'typeof import("C:/Users/GIGABYTE/Desktop/Forge/frontend/node_modules/@testing-library/user-event/dist/types/index")'.
frontend/__tests__/components/features/microagent-management/microagent-management.test.tsx(2563,27): error TS17004: Cannot use JSX unless the '--jsx' flag is provided.
frontend/__tests__/components/features/microagent-management/microagent-management.test.tsx(2600,30): error TS2339: Property 'setup' does not exist on type 'typeof import("C:/Users/GIGABYTE/Desktop/Forge/frontend/node_modules/@testing-library/user-event/dist/types/index")'.
frontend/__tests__/components/features/microagent-management/microagent-management.test.tsx(2603,27): error TS17004: Cannot use JSX unless the '--jsx' flag is provided.
frontend/__tests__/components/features/microagent-management/microagent-management.test.tsx(2649,30): error TS2339: Property 'setup' does not exist on type 'typeof import("C:/Users/GIGABYTE/Desktop/Forge/frontend/node_modules/@testing-library/user-event/dist/types/index")'.
frontend/__tests__/components/features/microagent-management/microagent-management.test.tsx(2660,27): error TS17004: Cannot use JSX unless the '--jsx' flag is provided.
frontend/__tests__/components/features/microagent-management/microagent-management.test.tsx(2709,30): error TS2339: Property 'setup' does not exist on type 'typeof import("C:/Users/GIGABYTE/Desktop/Forge/frontend/node_modules/@testing-library/user-event/dist/types/index")'.
frontend/__tests__/components/features/microagent-management/microagent-management.test.tsx(2720,27): error TS17004: Cannot use JSX unless the '--jsx' flag is provided.
frontend/__tests__/components/features/microagent-management/microagent-management.test.tsx(2767,30): error TS2339: Property 'setup' does not exist on type 'typeof import("C:/Users/GIGABYTE/Desktop/Forge/frontend/node_modules/@testing-library/user-event/dist/types/index")'.
frontend/__tests__/components/features/microagent-management/microagent-management.test.tsx(2778,27): error TS17004: Cannot use JSX unless the '--jsx' flag is provided.
frontend/__tests__/components/features/payment/payment-form.test.tsx(4,55): error TS2305: Module '"vitest"' has no exported member 'test'.
frontend/__tests__/components/features/payment/payment-form.test.tsx(6,10): error TS2614: Module '"#/*"' has no exported member 'PaymentForm'. Did you mean to use 'import PaymentForm from "#/*"' instead?
frontend/__tests__/components/features/payment/payment-form.test.tsx(14,12): error TS17004: Cannot use JSX unless the '--jsx' flag is provided.
frontend/__tests__/components/features/payment/payment-form.test.tsx(16,9): error TS17004: Cannot use JSX unless the '--jsx' flag is provided.
frontend/__tests__/components/features/payment/payment-form.test.tsx(63,28): error TS2339: Property 'setup' does not exist on type 'typeof import("C:/Users/GIGABYTE/Desktop/Forge/frontend/node_modules/@testing-library/user-event/dist/types/index")'.
frontend/__tests__/components/features/payment/payment-form.test.tsx(76,28): error TS2339: Property 'setup' does not exist on type 'typeof import("C:/Users/GIGABYTE/Desktop/Forge/frontend/node_modules/@testing-library/user-event/dist/types/index")'.
frontend/__tests__/components/features/payment/payment-form.test.tsx(89,28): error TS2339: Property 'setup' does not exist on type 'typeof import("C:/Users/GIGABYTE/Desktop/Forge/frontend/node_modules/@testing-library/user-event/dist/types/index")'.
frontend/__tests__/components/features/payment/payment-form.test.tsx(102,28): error TS2339: Property 'setup' does not exist on type 'typeof import("C:/Users/GIGABYTE/Desktop/Forge/frontend/node_modules/@testing-library/user-event/dist/types/index")'.
frontend/__tests__/components/features/payment/payment-form.test.tsx(116,30): error TS2339: Property 'setup' does not exist on type 'typeof import("C:/Users/GIGABYTE/Desktop/Forge/frontend/node_modules/@testing-library/user-event/dist/types/index")'.
frontend/__tests__/components/features/payment/payment-form.test.tsx(129,30): error TS2339: Property 'setup' does not exist on type 'typeof import("C:/Users/GIGABYTE/Desktop/Forge/frontend/node_modules/@testing-library/user-event/dist/types/index")'.
frontend/__tests__/components/features/payment/payment-form.test.tsx(142,30): error TS2339: Property 'setup' does not exist on type 'typeof import("C:/Users/GIGABYTE/Desktop/Forge/frontend/node_modules/@testing-library/user-event/dist/types/index")'.
frontend/__tests__/components/features/payment/payment-form.test.tsx(157,30): error TS2339: Property 'setup' does not exist on type 'typeof import("C:/Users/GIGABYTE/Desktop/Forge/frontend/node_modules/@testing-library/user-event/dist/types/index")'.
frontend/__tests__/components/features/payment/payment-form.test.tsx(170,30): error TS2339: Property 'setup' does not exist on type 'typeof import("C:/Users/GIGABYTE/Desktop/Forge/frontend/node_modules/@testing-library/user-event/dist/types/index")'.
frontend/__tests__/components/features/settings/api-keys-manager.test.tsx(4,10): error TS2614: Module '"#/*"' has no exported member 'ApiKeysManager'. Did you mean to use 'import ApiKeysManager from "#/*"' instead?
frontend/__tests__/components/features/settings/api-keys-manager.test.tsx(9,11): error TS2347: Untyped function calls may not accept type arguments.
frontend/__tests__/components/features/settings/api-keys-manager.test.tsx(25,11): error TS17004: Cannot use JSX unless the '--jsx' flag is provided.
frontend/__tests__/components/features/settings/api-keys-manager.test.tsx(33,14): error TS17004: Cannot use JSX unless the '--jsx' flag is provided.
frontend/__tests__/components/features/settings/api-keys-manager.test.tsx(51,7): error TS17004: Cannot use JSX unless the '--jsx' flag is provided.
frontend/__tests__/components/features/settings/api-keys-manager.test.tsx(52,9): error TS17004: Cannot use JSX unless the '--jsx' flag is provided.
frontend/__tests__/components/features/sidebar/sidebar.test.tsx(5,10): error TS2614: Module '"#/*"' has no exported member 'Sidebar'. Did you mean to use 'import Sidebar from "#/*"' instead?
frontend/__tests__/components/features/sidebar/sidebar.test.tsx(14,22): error TS17004: Cannot use JSX unless the '--jsx' flag is provided.
frontend/__tests__/components/features/sidebar/sidebar.test.tsx(19,23): error TS17004: Cannot use JSX unless the '--jsx' flag is provided.
frontend/__tests__/components/feedback-actions.test.tsx(5,10): error TS2614: Module '"#/*"' has no exported member 'TrajectoryActions'. Did you mean to use 'import TrajectoryActions from "#/*"' instead?
frontend/__tests__/components/feedback-actions.test.tsx(8,26): error TS2339: Property 'setup' does not exist on type 'typeof import("C:/Users/GIGABYTE/Desktop/Forge/frontend/node_modules/@testing-library/user-event/dist/types/index")'.
frontend/__tests__/components/feedback-actions.test.tsx(19,7): error TS17004: Cannot use JSX unless the '--jsx' flag is provided.
frontend/__tests__/components/feedback-actions.test.tsx(34,7): error TS17004: Cannot use JSX unless the '--jsx' flag is provided.
frontend/__tests__/components/feedback-actions.test.tsx(49,7): error TS17004: Cannot use JSX unless the '--jsx' flag is provided.
frontend/__tests__/components/feedback-actions.test.tsx(64,7): error TS17004: Cannot use JSX unless the '--jsx' flag is provided.
frontend/__tests__/components/feedback-actions.test.tsx(80,9): error TS17004: Cannot use JSX unless the '--jsx' flag is provided.
frontend/__tests__/components/feedback-actions.test.tsx(100,9): error TS17004: Cannot use JSX unless the '--jsx' flag is provided.
frontend/__tests__/components/feedback-actions.test.tsx(116,9): error TS17004: Cannot use JSX unless the '--jsx' flag is provided.
frontend/__tests__/components/feedback-actions.test.tsx(131,9): error TS17004: Cannot use JSX unless the '--jsx' flag is provided.
frontend/__tests__/components/feedback-form.test.tsx(6,10): error TS2614: Module '"#/*"' has no exported member 'FeedbackForm'. Did you mean to use 'import FeedbackForm from "#/*"' instead?
frontend/__tests__/components/feedback-form.test.tsx(7,10): error TS2614: Module '"#/*"' has no exported member 'I18nKey'. Did you mean to use 'import I18nKey from "#/*"' instead?
frontend/__tests__/components/feedback-form.test.tsx(19,26): error TS2339: Property 'setup' does not exist on type 'typeof import("C:/Users/GIGABYTE/Desktop/Forge/frontend/node_modules/@testing-library/user-event/dist/types/index")'.
frontend/__tests__/components/feedback-form.test.tsx(28,7): error TS17004: Cannot use JSX unless the '--jsx' flag is provided.
frontend/__tests__/components/feedback-form.test.tsx(41,7): error TS17004: Cannot use JSX unless the '--jsx' flag is provided.
frontend/__tests__/components/feedback-form.test.tsx(60,7): error TS17004: Cannot use JSX unless the '--jsx' flag is provided.
frontend/__tests__/components/image-preview.test.tsx(4,10): error TS2614: Module '"#/*"' has no exported member 'ImagePreview'. Did you mean to use 'import ImagePreview from "#/*"' instead?
frontend/__tests__/components/image-preview.test.tsx(9,7): error TS17004: Cannot use JSX unless the '--jsx' flag is provided.
frontend/__tests__/components/image-preview.test.tsx(18,28): error TS2339: Property 'setup' does not exist on type 'typeof import("C:/Users/GIGABYTE/Desktop/Forge/frontend/node_modules/@testing-library/user-event/dist/types/index")'.
frontend/__tests__/components/image-preview.test.tsx(21,7): error TS17004: Cannot use JSX unless the '--jsx' flag is provided.
frontend/__tests__/components/image-preview.test.tsx(34,12): error TS17004: Cannot use JSX unless the '--jsx' flag is provided.
frontend/__tests__/components/interactive-chat-box.test.tsx(3,21): error TS2305: Module '"vitest"' has no exported member 'beforeAll'.
frontend/__tests__/components/interactive-chat-box.test.tsx(4,10): error TS2614: Module '"#/*"' has no exported member 'InteractiveChatBox'. Did you mean to use 'import InteractiveChatBox from "#/*"' instead?
frontend/__tests__/components/interactive-chat-box.test.tsx(21,12): error TS17004: Cannot use JSX unless the '--jsx' flag is provided.
frontend/__tests__/components/interactive-chat-box.test.tsx(30,7): error TS17004: Cannot use JSX unless the '--jsx' flag is provided.
frontend/__tests__/components/interactive-chat-box.test.tsx(44,28): error TS2339: Property 'setup' does not exist on type 'typeof import("C:/Users/GIGABYTE/Desktop/Forge/frontend/node_modules/@testing-library/user-event/dist/types/index")'.
frontend/__tests__/components/interactive-chat-box.test.tsx(45,12): error TS17004: Cannot use JSX unless the '--jsx' flag is provided.
frontend/__tests__/components/interactive-chat-box.test.tsx(65,28): error TS2339: Property 'setup' does not exist on type 'typeof import("C:/Users/GIGABYTE/Desktop/Forge/frontend/node_modules/@testing-library/user-event/dist/types/index")'.
frontend/__tests__/components/interactive-chat-box.test.tsx(66,12): error TS17004: Cannot use JSX unless the '--jsx' flag is provided.
frontend/__tests__/components/interactive-chat-box.test.tsx(82,28): error TS2339: Property 'setup' does not exist on type 'typeof import("C:/Users/GIGABYTE/Desktop/Forge/frontend/node_modules/@testing-library/user-event/dist/types/index")'.
frontend/__tests__/components/interactive-chat-box.test.tsx(83,12): error TS17004: Cannot use JSX unless the '--jsx' flag is provided.
frontend/__tests__/components/interactive-chat-box.test.tsx(102,28): error TS2339: Property 'setup' does not exist on type 'typeof import("C:/Users/GIGABYTE/Desktop/Forge/frontend/node_modules/@testing-library/user-event/dist/types/index")'.
frontend/__tests__/components/interactive-chat-box.test.tsx(104,7): error TS17004: Cannot use JSX unless the '--jsx' flag is provided.
frontend/__tests__/components/interactive-chat-box.test.tsx(119,28): error TS2339: Property 'setup' does not exist on type 'typeof import("C:/Users/GIGABYTE/Desktop/Forge/frontend/node_modules/@testing-library/user-event/dist/types/index")'.
frontend/__tests__/components/interactive-chat-box.test.tsx(121,7): error TS17004: Cannot use JSX unless the '--jsx' flag is provided.
frontend/__tests__/components/interactive-chat-box.test.tsx(136,28): error TS2339: Property 'setup' does not exist on type 'typeof import("C:/Users/GIGABYTE/Desktop/Forge/frontend/node_modules/@testing-library/user-event/dist/types/index")'.
frontend/__tests__/components/interactive-chat-box.test.tsx(142,7): error TS17004: Cannot use JSX unless the '--jsx' flag is provided.
frontend/__tests__/components/interactive-chat-box.test.tsx(171,7): error TS17004: Cannot use JSX unless the '--jsx' flag is provided.
frontend/__tests__/components/jupyter/jupyter.test.tsx(7,10): error TS2614: Module '"#/*"' has no exported member 'jupyterReducer'. Did you mean to use 'import jupyterReducer from "#/*"' instead?
frontend/__tests__/components/jupyter/jupyter.test.tsx(8,10): error TS2614: Module '"#/*"' has no exported member 'JupyterEditor'. Did you mean to use 'import JupyterEditor from "#/*"' instead?
frontend/__tests__/components/jupyter/jupyter.test.tsx(42,7): error TS17004: Cannot use JSX unless the '--jsx' flag is provided.
frontend/__tests__/components/jupyter/jupyter.test.tsx(43,9): error TS17004: Cannot use JSX unless the '--jsx' flag is provided.
frontend/__tests__/components/jupyter/jupyter.test.tsx(44,11): error TS17004: Cannot use JSX unless the '--jsx' flag is provided.
frontend/__tests__/components/jupyter/jupyter.test.tsx(45,13): error TS17004: Cannot use JSX unless the '--jsx' flag is provided.
frontend/__tests__/components/jupyter/jupyter.test.tsx(46,15): error TS17004: Cannot use JSX unless the '--jsx' flag is provided.
frontend/__tests__/components/jupyter/jupyter.test.tsx(49,19): error TS17004: Cannot use JSX unless the '--jsx' flag is provided.
frontend/__tests__/components/jupyter/jupyter.test.tsx(50,21): error TS17004: Cannot use JSX unless the '--jsx' flag is provided.
frontend/__tests__/components/landing-translations.test.tsx(2,10): error TS2305: Module '"vitest"' has no exported member 'test'.
frontend/__tests__/components/landing-translations.test.tsx(4,26): error TS1543: Importing a JSON file into an ECMAScript module requires a 'type: "json"' import attribute when 'module' is set to 'NodeNext'.
frontend/__tests__/components/landing-translations.test.tsx(5,28): error TS2835: Relative import paths need explicit file extensions in ECMAScript imports when '--moduleResolution' is 'node16' or 'nodenext'. Did you mean '../../src/components/features/sidebar/user-avatar.js'?
frontend/__tests__/components/landing-translations.test.tsx(15,5): error TS17004: Cannot use JSX unless the '--jsx' flag is provided.
frontend/__tests__/components/landing-translations.test.tsx(17,7): error TS17004: Cannot use JSX unless the '--jsx' flag is provided.
frontend/__tests__/components/landing-translations.test.tsx(94,9): error TS17004: Cannot use JSX unless the '--jsx' flag is provided.
frontend/__tests__/components/landing-translations.test.tsx(95,11): error TS17004: Cannot use JSX unless the '--jsx' flag is provided.
frontend/__tests__/components/landing-translations.test.tsx(96,11): error TS17004: Cannot use JSX unless the '--jsx' flag is provided.
frontend/__tests__/components/landing-translations.test.tsx(97,13): error TS17004: Cannot use JSX unless the '--jsx' flag is provided.
frontend/__tests__/components/landing-translations.test.tsx(98,13): error TS17004: Cannot use JSX unless the '--jsx' flag is provided.
frontend/__tests__/components/landing-translations.test.tsx(99,13): error TS17004: Cannot use JSX unless the '--jsx' flag is provided.
frontend/__tests__/components/landing-translations.test.tsx(100,13): error TS17004: Cannot use JSX unless the '--jsx' flag is provided.
frontend/__tests__/components/landing-translations.test.tsx(101,13): error TS17004: Cannot use JSX unless the '--jsx' flag is provided.
frontend/__tests__/components/landing-translations.test.tsx(102,13): error TS17004: Cannot use JSX unless the '--jsx' flag is provided.
frontend/__tests__/components/landing-translations.test.tsx(104,11): error TS17004: Cannot use JSX unless the '--jsx' flag is provided.
frontend/__tests__/components/landing-translations.test.tsx(105,13): error TS17004: Cannot use JSX unless the '--jsx' flag is provided.
frontend/__tests__/components/landing-translations.test.tsx(106,13): error TS17004: Cannot use JSX unless the '--jsx' flag is provided.
frontend/__tests__/components/landing-translations.test.tsx(107,13): error TS17004: Cannot use JSX unless the '--jsx' flag is provided.
frontend/__tests__/components/landing-translations.test.tsx(108,13): error TS17004: Cannot use JSX unless the '--jsx' flag is provided.
frontend/__tests__/components/landing-translations.test.tsx(110,11): error TS17004: Cannot use JSX unless the '--jsx' flag is provided.
frontend/__tests__/components/landing-translations.test.tsx(111,11): error TS17004: Cannot use JSX unless the '--jsx' flag is provided.
frontend/__tests__/components/landing-translations.test.tsx(112,11): error TS17004: Cannot use JSX unless the '--jsx' flag is provided.
frontend/__tests__/components/landing-translations.test.tsx(113,13): error TS17004: Cannot use JSX unless the '--jsx' flag is provided.
frontend/__tests__/components/landing-translations.test.tsx(114,13): error TS17004: Cannot use JSX unless the '--jsx' flag is provided.
frontend/__tests__/components/landing-translations.test.tsx(115,13): error TS17004: Cannot use JSX unless the '--jsx' flag is provided.
frontend/__tests__/components/landing-translations.test.tsx(117,11): error TS17004: Cannot use JSX unless the '--jsx' flag is provided.
frontend/__tests__/components/landing-translations.test.tsx(118,13): error TS17004: Cannot use JSX unless the '--jsx' flag is provided.
frontend/__tests__/components/landing-translations.test.tsx(119,13): error TS17004: Cannot use JSX unless the '--jsx' flag is provided.
frontend/__tests__/components/landing-translations.test.tsx(120,13): error TS17004: Cannot use JSX unless the '--jsx' flag is provided.
frontend/__tests__/components/landing-translations.test.tsx(126,12): error TS17004: Cannot use JSX unless the '--jsx' flag is provided.
frontend/__tests__/components/likert-scale.test.tsx(5,10): error TS2614: Module '"#/*"' has no exported member 'LikertScale'. Did you mean to use 'import LikertScale from "#/*"' instead?
frontend/__tests__/components/likert-scale.test.tsx(6,10): error TS2614: Module '"#/*"' has no exported member 'I18nKey'. Did you mean to use 'import I18nKey from "#/*"' instead?
frontend/__tests__/components/likert-scale.test.tsx(16,26): error TS2339: Property 'setup' does not exist on type 'typeof import("C:/Users/GIGABYTE/Desktop/Forge/frontend/node_modules/@testing-library/user-event/dist/types/index")'.
frontend/__tests__/components/likert-scale.test.tsx(23,25): error TS17004: Cannot use JSX unless the '--jsx' flag is provided.
frontend/__tests__/components/likert-scale.test.tsx(32,25): error TS17004: Cannot use JSX unless the '--jsx' flag is provided.
frontend/__tests__/components/likert-scale.test.tsx(65,25): error TS17004: Cannot use JSX unless the '--jsx' flag is provided.
frontend/__tests__/components/likert-scale.test.tsx(81,7): error TS17004: Cannot use JSX unless the '--jsx' flag is provided.
frontend/__tests__/components/likert-scale.test.tsx(91,25): error TS17004: Cannot use JSX unless the '--jsx' flag is provided.
frontend/__tests__/components/likert-scale.test.tsx(104,25): error TS17004: Cannot use JSX unless the '--jsx' flag is provided.
frontend/__tests__/components/modals/base-modal/base-modal.test.tsx(4,10): error TS2614: Module '"#/*"' has no exported member 'BaseModal'. Did you mean to use 'import BaseModal from "#/*"' instead?
frontend/__tests__/components/modals/base-modal/base-modal.test.tsx(11,7): error TS17004: Cannot use JSX unless the '--jsx' flag is provided.
frontend/__tests__/components/modals/base-modal/base-modal.test.tsx(20,7): error TS17004: Cannot use JSX unless the '--jsx' flag is provided.
frontend/__tests__/components/modals/base-modal/base-modal.test.tsx(27,7): error TS17004: Cannot use JSX unless the '--jsx' flag is provided.
frontend/__tests__/components/modals/base-modal/base-modal.test.tsx(52,7): error TS17004: Cannot use JSX unless the '--jsx' flag is provided.
frontend/__tests__/components/modals/base-modal/base-modal.test.tsx(63,21): error TS2339: Property 'click' does not exist on type 'typeof import("C:/Users/GIGABYTE/Desktop/Forge/frontend/node_modules/@testing-library/user-event/dist/types/index")'.
frontend/__tests__/components/modals/base-modal/base-modal.test.tsx(66,21): error TS2339: Property 'click' does not exist on type 'typeof import("C:/Users/GIGABYTE/Desktop/Forge/frontend/node_modules/@testing-library/user-event/dist/types/index")'.
frontend/__tests__/components/modals/base-modal/base-modal.test.tsx(72,7): error TS17004: Cannot use JSX unless the '--jsx' flag is provided.
frontend/__tests__/components/modals/base-modal/base-modal.test.tsx(86,21): error TS2339: Property 'click' does not exist on type 'typeof import("C:/Users/GIGABYTE/Desktop/Forge/frontend/node_modules/@testing-library/user-event/dist/types/index")'.
frontend/__tests__/components/modals/base-modal/base-modal.test.tsx(92,7): error TS17004: Cannot use JSX unless the '--jsx' flag is provided.
frontend/__tests__/components/modals/base-modal/base-modal.test.tsx(93,9): error TS17004: Cannot use JSX unless the '--jsx' flag is provided.
frontend/__tests__/components/modals/base-modal/base-modal.test.tsx(101,7): error TS17004: Cannot use JSX unless the '--jsx' flag is provided.
frontend/__tests__/components/modals/base-modal/base-modal.test.tsx(118,7): error TS17004: Cannot use JSX unless the '--jsx' flag is provided.
frontend/__tests__/components/modals/base-modal/base-modal.test.tsx(137,7): error TS17004: Cannot use JSX unless the '--jsx' flag is provided.
frontend/__tests__/components/modals/base-modal/base-modal.test.tsx(146,17): error TS2339: Property 'keyboard' does not exist on type 'typeof import("C:/Users/GIGABYTE/Desktop/Forge/frontend/node_modules/@testing-library/user-event/dist/types/index")'.
frontend/__tests__/components/modals/microagents/microagent-modal.test.tsx(5,10): error TS2614: Module '"#/*"' has no exported member 'MicroagentsModal'. Did you mean to use 'import MicroagentsModal from "#/*"' instead?
frontend/__tests__/components/modals/microagents/microagent-modal.test.tsx(7,10): error TS2614: Module '"#/*"' has no exported member 'AgentState'. Did you mean to use 'import AgentState from "#/*"' instead?
frontend/__tests__/components/modals/microagents/microagent-modal.test.tsx(62,27): error TS17004: Cannot use JSX unless the '--jsx' flag is provided.
frontend/__tests__/components/modals/microagents/microagent-modal.test.tsx(72,30): error TS2339: Property 'setup' does not exist on type 'typeof import("C:/Users/GIGABYTE/Desktop/Forge/frontend/node_modules/@testing-library/user-event/dist/types/index")'.
frontend/__tests__/components/modals/microagents/microagent-modal.test.tsx(74,27): error TS17004: Cannot use JSX unless the '--jsx' flag is provided.
frontend/__tests__/components/modals/settings/model-selector.test.tsx(4,10): error TS2614: Module '"#/*"' has no exported member 'ModelSelector'. Did you mean to use 'import ModelSelector from "#/*"' instead?
frontend/__tests__/components/modals/settings/model-selector.test.tsx(42,28): error TS2339: Property 'setup' does not exist on type 'typeof import("C:/Users/GIGABYTE/Desktop/Forge/frontend/node_modules/@testing-library/user-event/dist/types/index")'.
frontend/__tests__/components/modals/settings/model-selector.test.tsx(43,12): error TS17004: Cannot use JSX unless the '--jsx' flag is provided.
frontend/__tests__/components/modals/settings/model-selector.test.tsx(57,28): error TS2339: Property 'setup' does not exist on type 'typeof import("C:/Users/GIGABYTE/Desktop/Forge/frontend/node_modules/@testing-library/user-event/dist/types/index")'.
frontend/__tests__/components/modals/settings/model-selector.test.tsx(58,12): error TS17004: Cannot use JSX unless the '--jsx' flag is provided.
frontend/__tests__/components/modals/settings/model-selector.test.tsx(73,28): error TS2339: Property 'setup' does not exist on type 'typeof import("C:/Users/GIGABYTE/Desktop/Forge/frontend/node_modules/@testing-library/user-event/dist/types/index")'.
frontend/__tests__/components/modals/settings/model-selector.test.tsx(74,12): error TS17004: Cannot use JSX unless the '--jsx' flag is provided.
frontend/__tests__/components/modals/settings/model-selector.test.tsx(103,28): error TS2339: Property 'setup' does not exist on type 'typeof import("C:/Users/GIGABYTE/Desktop/Forge/frontend/node_modules/@testing-library/user-event/dist/types/index")'.
frontend/__tests__/components/modals/settings/model-selector.test.tsx(104,12): error TS17004: Cannot use JSX unless the '--jsx' flag is provided.
frontend/__tests__/components/modals/settings/model-selector.test.tsx(131,12): error TS17004: Cannot use JSX unless the '--jsx' flag is provided.
frontend/__tests__/components/settings/settings-input.test.tsx(4,10): error TS2614: Module '"#/*"' has no exported member 'SettingsInput'. Did you mean to use 'import SettingsInput from "#/*"' instead?
frontend/__tests__/components/settings/settings-input.test.tsx(9,7): error TS17004: Cannot use JSX unless the '--jsx' flag is provided.
frontend/__tests__/components/settings/settings-input.test.tsx(15,7): error TS17004: Cannot use JSX unless the '--jsx' flag is provided.
frontend/__tests__/components/settings/settings-input.test.tsx(28,7): error TS17004: Cannot use JSX unless the '--jsx' flag is provided.
frontend/__tests__/components/settings/settings-input.test.tsx(34,7): error TS17004: Cannot use JSX unless the '--jsx' flag is provided.
frontend/__tests__/components/settings/settings-input.test.tsx(47,7): error TS17004: Cannot use JSX unless the '--jsx' flag is provided.
frontend/__tests__/components/settings/settings-input.test.tsx(63,7): error TS17004: Cannot use JSX unless the '--jsx' flag is provided.
frontend/__tests__/components/settings/settings-input.test.tsx(75,26): error TS17004: Cannot use JSX unless the '--jsx' flag is provided.
frontend/__tests__/components/settings/settings-input.test.tsx(78,7): error TS17004: Cannot use JSX unless the '--jsx' flag is provided.
frontend/__tests__/components/settings/settings-input.test.tsx(92,28): error TS2339: Property 'setup' does not exist on type 'typeof import("C:/Users/GIGABYTE/Desktop/Forge/frontend/node_modules/@testing-library/user-event/dist/types/index")'.
frontend/__tests__/components/settings/settings-input.test.tsx(95,7): error TS17004: Cannot use JSX unless the '--jsx' flag is provided.
frontend/__tests__/components/settings/settings-switch.test.tsx(4,10): error TS2614: Module '"#/*"' has no exported member 'SettingsSwitch'. Did you mean to use 'import SettingsSwitch from "#/*"' instead?
frontend/__tests__/components/settings/settings-switch.test.tsx(8,28): error TS2339: Property 'setup' does not exist on type 'typeof import("C:/Users/GIGABYTE/Desktop/Forge/frontend/node_modules/@testing-library/user-event/dist/types/index")'.
frontend/__tests__/components/settings/settings-switch.test.tsx(11,7): error TS17004: Cannot use JSX unless the '--jsx' flag is provided.
frontend/__tests__/components/settings/settings-switch.test.tsx(27,7): error TS17004: Cannot use JSX unless the '--jsx' flag is provided.
frontend/__tests__/components/settings/settings-switch.test.tsx(35,7): error TS17004: Cannot use JSX unless the '--jsx' flag is provided.
frontend/__tests__/components/settings/settings-switch.test.tsx(44,28): error TS2339: Property 'setup' does not exist on type 'typeof import("C:/Users/GIGABYTE/Desktop/Forge/frontend/node_modules/@testing-library/user-event/dist/types/index")'.
frontend/__tests__/components/settings/settings-switch.test.tsx(47,7): error TS17004: Cannot use JSX unless the '--jsx' flag is provided.
frontend/__tests__/components/shared/brand-button.test.tsx(4,10): error TS2614: Module '"#/*"' has no exported member 'BrandButton'. Did you mean to use 'import BrandButton from "#/*"' instead?
frontend/__tests__/components/shared/brand-button.test.tsx(11,7): error TS17004: Cannot use JSX unless the '--jsx' flag is provided.
frontend/__tests__/components/shared/brand-button.test.tsx(20,28): error TS2339: Property 'setup' does not exist on type 'typeof import("C:/Users/GIGABYTE/Desktop/Forge/frontend/node_modules/@testing-library/user-event/dist/types/index")'.
frontend/__tests__/components/shared/brand-button.test.tsx(22,7): error TS17004: Cannot use JSX unless the '--jsx' flag is provided.
frontend/__tests__/components/shared/brand-button.test.tsx(32,7): error TS17004: Cannot use JSX unless the '--jsx' flag is provided.
frontend/__tests__/components/shared/brand-button.test.tsx(42,7): error TS17004: Cannot use JSX unless the '--jsx' flag is provided.
frontend/__tests__/components/shared/brand-button.test.tsx(46,11): error TS17004: Cannot use JSX unless the '--jsx' flag is provided.
frontend/__tests__/components/shared/inputs/badge-input.test.tsx(4,10): error TS2614: Module '"#/*"' has no exported member 'BadgeInput'. Did you mean to use 'import BadgeInput from "#/*"' instead?
frontend/__tests__/components/shared/inputs/badge-input.test.tsx(9,12): error TS17004: Cannot use JSX unless the '--jsx' flag is provided.
frontend/__tests__/components/shared/inputs/badge-input.test.tsx(17,12): error TS17004: Cannot use JSX unless the '--jsx' flag is provided.
frontend/__tests__/components/shared/inputs/badge-input.test.tsx(22,21): error TS2339: Property 'type' does not exist on type 'typeof import("C:/Users/GIGABYTE/Desktop/Forge/frontend/node_modules/@testing-library/user-event/dist/types/index")'.
frontend/__tests__/components/shared/inputs/badge-input.test.tsx(23,21): error TS2339: Property 'type' does not exist on type 'typeof import("C:/Users/GIGABYTE/Desktop/Forge/frontend/node_modules/@testing-library/user-event/dist/types/index")'.
frontend/__tests__/components/shared/inputs/badge-input.test.tsx(31,12): error TS17004: Cannot use JSX unless the '--jsx' flag is provided.
frontend/__tests__/components/shared/inputs/badge-input.test.tsx(36,21): error TS2339: Property 'type' does not exist on type 'typeof import("C:/Users/GIGABYTE/Desktop/Forge/frontend/node_modules/@testing-library/user-event/dist/types/index")'.
frontend/__tests__/components/shared/inputs/badge-input.test.tsx(44,12): error TS17004: Cannot use JSX unless the '--jsx' flag is provided.
frontend/__tests__/components/shared/inputs/badge-input.test.tsx(47,21): error TS2339: Property 'click' does not exist on type 'typeof import("C:/Users/GIGABYTE/Desktop/Forge/frontend/node_modules/@testing-library/user-event/dist/types/index")'.
frontend/__tests__/components/shared/inputs/badge-input.test.tsx(54,12): error TS17004: Cannot use JSX unless the '--jsx' flag is provided.
frontend/__tests__/components/shared/inputs/badge-input.test.tsx(59,21): error TS2339: Property 'type' does not exist on type 'typeof import("C:/Users/GIGABYTE/Desktop/Forge/frontend/node_modules/@testing-library/user-event/dist/types/index")'.
frontend/__tests__/components/shared/modals/settings/settings-form.test.tsx(7,10): error TS2614: Module '"#/*"' has no exported member 'SettingsForm'. Did you mean to use 'import SettingsForm from "#/*"' instead?
frontend/__tests__/components/shared/modals/settings/settings-form.test.tsx(8,10): error TS2614: Module '"#/*"' has no exported member 'DEFAULT_SETTINGS'. Did you mean to use 'import DEFAULT_SETTINGS from "#/*"' instead?
frontend/__tests__/components/shared/modals/settings/settings-form.test.tsx(17,9): error TS17004: Cannot use JSX unless the '--jsx' flag is provided.
frontend/__tests__/components/shared/modals/settings/settings-form.test.tsx(28,28): error TS2339: Property 'setup' does not exist on type 'typeof import("C:/Users/GIGABYTE/Desktop/Forge/frontend/node_modules/@testing-library/user-event/dist/types/index")'.
frontend/__tests__/components/shared/modals/settings/settings-form.test.tsx(29,25): error TS17004: Cannot use JSX unless the '--jsx' flag is provided.
frontend/__tests__/components/suggestion-item.test.tsx(4,10): error TS2614: Module '"#/*"' has no exported member 'SuggestionItem'. Did you mean to use 'import SuggestionItem from "#/*"' instead?
frontend/__tests__/components/suggestion-item.test.tsx(5,10): error TS2614: Module '"#/*"' has no exported member 'I18nKey'. Did you mean to use 'import I18nKey from "#/*"' instead?
frontend/__tests__/components/suggestion-item.test.tsx(30,12): error TS17004: Cannot use JSX unless the '--jsx' flag is provided.
frontend/__tests__/components/suggestion-item.test.tsx(43,7): error TS17004: Cannot use JSX unless the '--jsx' flag is provided.
frontend/__tests__/components/suggestion-item.test.tsx(50,28): error TS2339: Property 'setup' does not exist on type 'typeof import("C:/Users/GIGABYTE/Desktop/Forge/frontend/node_modules/@testing-library/user-event/dist/types/index")'.
frontend/__tests__/components/suggestion-item.test.tsx(51,12): error TS17004: Cannot use JSX unless the '--jsx' flag is provided.
frontend/__tests__/components/suggestions.test.tsx(4,10): error TS2614: Module '"#/*"' has no exported member 'Suggestions'. Did you mean to use 'import Suggestions from "#/*"' instead?
frontend/__tests__/components/suggestions.test.tsx(25,7): error TS17004: Cannot use JSX unless the '--jsx' flag is provided.
frontend/__tests__/components/suggestions.test.tsx(40,28): error TS2339: Property 'setup' does not exist on type 'typeof import("C:/Users/GIGABYTE/Desktop/Forge/frontend/node_modules/@testing-library/user-event/dist/types/index")'.
frontend/__tests__/components/suggestions.test.tsx(42,7): error TS17004: Cannot use JSX unless the '--jsx' flag is provided.
frontend/__tests__/components/terminal/terminal.test.tsx(4,10): error TS2614: Module '"#/*"' has no exported member 'Command'. Did you mean to use 'import Command from "#/*"' instead?
frontend/__tests__/components/terminal/terminal.test.tsx(4,19): error TS2614: Module '"#/*"' has no exported member 'appendInput'. Did you mean to use 'import appendInput from "#/*"' instead?
frontend/__tests__/components/terminal/terminal.test.tsx(4,32): error TS2614: Module '"#/*"' has no exported member 'appendOutput'. Did you mean to use 'import appendOutput from "#/*"' instead?
frontend/__tests__/components/terminal/terminal.test.tsx(8,23): error TS17004: Cannot use JSX unless the '--jsx' flag is provided.
frontend/__tests__/components/terminal/terminal.test.tsx(32,34): error TS7006: Parameter 'importOriginal' implicitly has an 'any' type.
frontend/__tests__/components/terminal/terminal.test.tsx(33,15): error TS2347: Untyped function calls may not accept type arguments.
frontend/__tests__/components/terminal/terminal.test.tsx(124,45): error TS17004: Cannot use JSX unless the '--jsx' flag is provided.
frontend/__tests__/components/upload-image-input.test.tsx(4,10): error TS2614: Module '"#/*"' has no exported member 'UploadImageInput'. Did you mean to use 'import UploadImageInput from "#/*"' instead?
frontend/__tests__/components/upload-image-input.test.tsx(7,26): error TS2339: Property 'setup' does not exist on type 'typeof import("C:/Users/GIGABYTE/Desktop/Forge/frontend/node_modules/@testing-library/user-event/dist/types/index")'.
frontend/__tests__/components/upload-image-input.test.tsx(15,12): error TS17004: Cannot use JSX unless the '--jsx' flag is provided.
frontend/__tests__/components/upload-image-input.test.tsx(20,12): error TS17004: Cannot use JSX unless the '--jsx' flag is provided.
frontend/__tests__/components/upload-image-input.test.tsx(31,12): error TS17004: Cannot use JSX unless the '--jsx' flag is provided.
frontend/__tests__/components/upload-image-input.test.tsx(45,33): error TS17004: Cannot use JSX unless the '--jsx' flag is provided.
frontend/__tests__/components/upload-image-input.test.tsx(49,14): error TS17004: Cannot use JSX unless the '--jsx' flag is provided.
frontend/__tests__/components/upload-image-input.test.tsx(52,7): error TS17004: Cannot use JSX unless the '--jsx' flag is provided.
frontend/__tests__/components/upload-image-input.test.tsx(52,56): error TS17004: Cannot use JSX unless the '--jsx' flag is provided.
frontend/__tests__/components/user-actions.test.tsx(6,10): error TS2614: Module '"#/*"' has no exported member 'UserActions'. Did you mean to use 'import UserActions from "#/*"' instead?
frontend/__tests__/components/user-actions.test.tsx(35,26): error TS2339: Property 'setup' does not exist on type 'typeof import("C:/Users/GIGABYTE/Desktop/Forge/frontend/node_modules/@testing-library/user-event/dist/types/index")'.
frontend/__tests__/components/user-actions.test.tsx(51,9): error TS17004: Cannot use JSX unless the '--jsx' flag is provided.
frontend/__tests__/components/user-actions.test.tsx(77,27): error TS17004: Cannot use JSX unless the '--jsx' flag is provided.
frontend/__tests__/components/user-actions.test.tsx(85,7): error TS17004: Cannot use JSX unless the '--jsx' flag is provided.
frontend/__tests__/components/user-actions.test.tsx(107,7): error TS17004: Cannot use JSX unless the '--jsx' flag is provided.
frontend/__tests__/components/user-actions.test.tsx(137,27): error TS17004: Cannot use JSX unless the '--jsx' flag is provided.
frontend/__tests__/components/user-actions.test.tsx(150,7): error TS17004: Cannot use JSX unless the '--jsx' flag is provided.
frontend/__tests__/components/user-actions.test.tsx(174,27): error TS17004: Cannot use JSX unless the '--jsx' flag is provided.
frontend/__tests__/components/user-actions.test.tsx(203,7): error TS17004: Cannot use JSX unless the '--jsx' flag is provided.
frontend/__tests__/components/user-actions.test.tsx(234,7): error TS17004: Cannot use JSX unless the '--jsx' flag is provided.
frontend/__tests__/components/user-actions.test.tsx(235,9): error TS17004: Cannot use JSX unless the '--jsx' flag is provided.
frontend/__tests__/components/user-actions.test.tsx(266,7): error TS17004: Cannot use JSX unless the '--jsx' flag is provided.
frontend/__tests__/components/user-actions.test.tsx(292,7): error TS17004: Cannot use JSX unless the '--jsx' flag is provided.
frontend/__tests__/components/user-actions.test.tsx(293,9): error TS17004: Cannot use JSX unless the '--jsx' flag is provided.
frontend/__tests__/components/user-actions.test.tsx(320,7): error TS17004: Cannot use JSX unless the '--jsx' flag is provided.
frontend/__tests__/components/user-avatar.test.tsx(4,10): error TS2614: Module '"#/*"' has no exported member 'UserAvatar'. Did you mean to use 'import UserAvatar from "#/*"' instead?
frontend/__tests__/components/user-avatar.test.tsx(14,12): error TS17004: Cannot use JSX unless the '--jsx' flag is provided.
frontend/__tests__/components/user-avatar.test.tsx(22,28): error TS2339: Property 'setup' does not exist on type 'typeof import("C:/Users/GIGABYTE/Desktop/Forge/frontend/node_modules/@testing-library/user-event/dist/types/index")'.
frontend/__tests__/components/user-avatar.test.tsx(23,12): error TS17004: Cannot use JSX unless the '--jsx' flag is provided.
frontend/__tests__/components/user-avatar.test.tsx(33,7): error TS17004: Cannot use JSX unless the '--jsx' flag is provided.
frontend/__tests__/components/user-avatar.test.tsx(46,33): error TS17004: Cannot use JSX unless the '--jsx' flag is provided.
frontend/__tests__/components/user-avatar.test.tsx(52,14): error TS17004: Cannot use JSX unless the '--jsx' flag is provided.
frontend/__tests__/components/user-avatar.test.tsx(59,7): error TS17004: Cannot use JSX unless the '--jsx' flag is provided.
frontend/__tests__/context/ws-client-provider.test.tsx(6,3): error TS2614: Module '"#/*"' has no exported member 'updateStatusWhenErrorMessagePresent'. Did you mean to use 'import updateStatusWhenErrorMessagePresent from "#/*"' instead?
frontend/__tests__/context/ws-client-provider.test.tsx(7,3): error TS2614: Module '"#/*"' has no exported member 'WsClientProvider'. Did you mean to use 'import WsClientProvider from "#/*"' instead?
frontend/__tests__/context/ws-client-provider.test.tsx(8,3): error TS2614: Module '"#/*"' has no exported member 'useWsClient'. Did you mean to use 'import useWsClient from "#/*"' instead?
frontend/__tests__/context/ws-client-provider.test.tsx(53,10): error TS17004: Cannot use JSX unless the '--jsx' flag is provided.
frontend/__tests__/context/ws-client-provider.test.tsx(77,34): error TS17004: Cannot use JSX unless the '--jsx' flag is provided.
frontend/__tests__/context/ws-client-provider.test.tsx(79,9): error TS17004: Cannot use JSX unless the '--jsx' flag is provided.
frontend/__tests__/context/ws-client-provider.test.tsx(80,11): error TS17004: Cannot use JSX unless the '--jsx' flag is provided.
frontend/__tests__/hooks/mutation/use-save-settings.test.tsx(5,10): error TS2614: Module '"#/*"' has no exported member 'useSaveSettings'. Did you mean to use 'import useSaveSettings from "#/*"' instead?
frontend/__tests__/hooks/mutation/use-save-settings.test.tsx(12,9): error TS17004: Cannot use JSX unless the '--jsx' flag is provided.
frontend/__tests__/hooks/use-click-outside-element.test.tsx(3,18): error TS2305: Module '"vitest"' has no exported member 'test'.
frontend/__tests__/hooks/use-click-outside-element.test.tsx(4,10): error TS2614: Module '"#/*"' has no exported member 'useClickOutsideElement'. Did you mean to use 'import useClickOutsideElement from "#/*"' instead?
frontend/__tests__/hooks/use-click-outside-element.test.tsx(16,5): error TS17004: Cannot use JSX unless the '--jsx' flag is provided.
frontend/__tests__/hooks/use-click-outside-element.test.tsx(17,7): error TS17004: Cannot use JSX unless the '--jsx' flag is provided.
frontend/__tests__/hooks/use-click-outside-element.test.tsx(18,7): error TS17004: Cannot use JSX unless the '--jsx' flag is provided.
frontend/__tests__/hooks/use-click-outside-element.test.tsx(24,26): error TS2339: Property 'setup' does not exist on type 'typeof import("C:/Users/GIGABYTE/Desktop/Forge/frontend/node_modules/@testing-library/user-event/dist/types/index")'.
frontend/__tests__/hooks/use-click-outside-element.test.tsx(26,10): error TS17004: Cannot use JSX unless the '--jsx' flag is provided.
frontend/__tests__/hooks/use-document-title-from-state.test.tsx(3,10): error TS2614: Module '"#/*"' has no exported member 'useDocumentTitleFromState'. Did you mean to use 'import useDocumentTitleFromState from "#/*"' instead?
frontend/__tests__/hooks/use-document-title-from-state.test.tsx(4,10): error TS2614: Module '"#/*"' has no exported member 'useActiveConversation'. Did you mean to use 'import useActiveConversation from "#/*"' instead?
frontend/__tests__/hooks/use-rate.test.ts(3,10): error TS2614: Module '"#/*"' has no exported member 'useRate'. Did you mean to use 'import useRate from "#/*"' instead?
frontend/__tests__/hooks/use-terminal.test.tsx(1,10): error TS2305: Module '"vitest"' has no exported member 'beforeAll'.
frontend/__tests__/hooks/use-terminal.test.tsx(4,10): error TS2614: Module '"#/*"' has no exported member 'useTerminal'. Did you mean to use 'import useTerminal from "#/*"' instead?
frontend/__tests__/hooks/use-terminal.test.tsx(5,10): error TS2614: Module '"#/*"' has no exported member 'Command'. Did you mean to use 'import Command from "#/*"' instead?
frontend/__tests__/hooks/use-terminal.test.tsx(6,10): error TS2614: Module '"#/*"' has no exported member 'AgentState'. Did you mean to use 'import AgentState from "#/*"' instead?
frontend/__tests__/hooks/use-terminal.test.tsx(7,37): error TS2835: Relative import paths need explicit file extensions in ECMAScript imports when '--moduleResolution' is 'node16' or 'nodenext'. Did you mean '../../test-utils.js'?
frontend/__tests__/hooks/use-terminal.test.tsx(25,10): error TS17004: Cannot use JSX unless the '--jsx' flag is provided.
frontend/__tests__/hooks/use-terminal.test.tsx(48,36): error TS7006: Parameter 'importOriginal' implicitly has an 'any' type.
frontend/__tests__/hooks/use-terminal.test.tsx(49,17): error TS2347: Untyped function calls may not accept type arguments.
frontend/__tests__/hooks/use-terminal.test.tsx(61,7): error TS17004: Cannot use JSX unless the '--jsx' flag is provided.
frontend/__tests__/hooks/use-terminal.test.tsx(62,9): error TS17004: Cannot use JSX unless the '--jsx' flag is provided.
frontend/__tests__/hooks/use-terminal.test.tsx(63,11): error TS17004: Cannot use JSX unless the '--jsx' flag is provided.
frontend/__tests__/hooks/use-terminal.test.tsx(65,22): error TS17004: Cannot use JSX unless the '--jsx' flag is provided.
frontend/__tests__/hooks/use-terminal.test.tsx(85,7): error TS17004: Cannot use JSX unless the '--jsx' flag is provided.
frontend/__tests__/hooks/use-terminal.test.tsx(86,9): error TS17004: Cannot use JSX unless the '--jsx' flag is provided.
frontend/__tests__/hooks/use-terminal.test.tsx(87,11): error TS17004: Cannot use JSX unless the '--jsx' flag is provided.
frontend/__tests__/hooks/use-terminal.test.tsx(89,22): error TS17004: Cannot use JSX unless the '--jsx' flag is provided.
frontend/__tests__/hooks/use-terminal.test.tsx(117,25): error TS17004: Cannot use JSX unless the '--jsx' flag is provided.
frontend/__tests__/i18n/translations.test.tsx(3,18): error TS2834: Relative import paths need explicit file extensions in ECMAScript imports when '--moduleResolution' is 'node16' or 'nodenext'. Consider adding an extension to the import path.
frontend/__tests__/i18n/translations.test.tsx(4,44): error TS2835: Relative import paths need explicit file extensions in ECMAScript imports when '--moduleResolution' is 'node16' or 'nodenext'. Did you mean '../../src/components/features/context-menu/account-settings-context-menu.js'?
frontend/__tests__/i18n/translations.test.tsx(5,37): error TS2835: Relative import paths need explicit file extensions in ECMAScript imports when '--moduleResolution' is 'node16' or 'nodenext'. Did you mean '../../test-utils.js'?
frontend/__tests__/i18n/translations.test.tsx(11,7): error TS17004: Cannot use JSX unless the '--jsx' flag is provided.
frontend/__tests__/initial-query.test.tsx(2,19): error TS2835: Relative import paths need explicit file extensions in ECMAScript imports when '--moduleResolution' is 'node16' or 'nodenext'. Did you mean '../src/store.js'?
frontend/__tests__/initial-query.test.tsx(6,8): error TS2835: Relative import paths need explicit file extensions in ECMAScript imports when '--moduleResolution' is 'node16' or 'nodenext'. Did you mean '../src/state/initial-query-slice.js'?
frontend/__tests__/microagent-status-indicator.test.tsx(3,10): error TS2614: Module '"#/*"' has no exported member 'MicroagentStatusIndicator'. Did you mean to use 'import MicroagentStatusIndicator from "#/*"' instead?
frontend/__tests__/microagent-status-indicator.test.tsx(4,10): error TS2614: Module '"#/*"' has no exported member 'MicroagentStatus'. Did you mean to use 'import MicroagentStatus from "#/*"' instead?
frontend/__tests__/microagent-status-indicator.test.tsx(16,7): error TS17004: Cannot use JSX unless the '--jsx' flag is provided.
frontend/__tests__/microagent-status-indicator.test.tsx(35,7): error TS17004: Cannot use JSX unless the '--jsx' flag is provided.
frontend/__tests__/microagent-status-indicator.test.tsx(50,7): error TS17004: Cannot use JSX unless the '--jsx' flag is provided.
frontend/__tests__/microagent-status-indicator.test.tsx(61,7): error TS17004: Cannot use JSX unless the '--jsx' flag is provided.
frontend/__tests__/microagent-status-indicator.test.tsx(72,7): error TS17004: Cannot use JSX unless the '--jsx' flag is provided.
frontend/__tests__/microagent-status-indicator.test.tsx(93,7): error TS17004: Cannot use JSX unless the '--jsx' flag is provided.
frontend/__tests__/parse-pr-url.test.ts(3,3): error TS2614: Module '"#/*"' has no exported member 'extractPRUrls'. Did you mean to use 'import extractPRUrls from "#/*"' instead?
frontend/__tests__/parse-pr-url.test.ts(4,3): error TS2614: Module '"#/*"' has no exported member 'containsPRUrl'. Did you mean to use 'import containsPRUrl from "#/*"' instead?
frontend/__tests__/parse-pr-url.test.ts(5,3): error TS2614: Module '"#/*"' has no exported member 'getFirstPRUrl'. Did you mean to use 'import getFirstPRUrl from "#/*"' instead?
frontend/__tests__/repo-selection-form.test.tsx(4,34): error TS2835: Relative import paths need explicit file extensions in ECMAScript imports when '--moduleResolution' is 'node16' or 'nodenext'. Did you mean '../test-utils.js'?
frontend/__tests__/repo-selection-form.test.tsx(5,41): error TS2835: Relative import paths need explicit file extensions in ECMAScript imports when '--moduleResolution' is 'node16' or 'nodenext'. Did you mean '../src/components/features/home/repo-selection-form.js'?
frontend/__tests__/repo-selection-form.test.tsx(6,37): error TS2835: Relative import paths need explicit file extensions in ECMAScript imports when '--moduleResolution' is 'node16' or 'nodenext'. Did you mean '../src/hooks/query/use-user-repositories.js'?
frontend/__tests__/repo-selection-form.test.tsx(10,8): error TS2835: Relative import paths need explicit file extensions in ECMAScript imports when '--moduleResolution' is 'node16' or 'nodenext'. Did you mean '../src/hooks/query/use-repository-branches.js'?
frontend/__tests__/repo-selection-form.test.tsx(11,34): error TS2835: Relative import paths need explicit file extensions in ECMAScript imports when '--moduleResolution' is 'node16' or 'nodenext'. Did you mean '../src/hooks/use-user-providers.js'?
frontend/__tests__/repo-selection-form.test.tsx(12,39): error TS2835: Relative import paths need explicit file extensions in ECMAScript imports when '--moduleResolution' is 'node16' or 'nodenext'. Did you mean '../src/hooks/mutation/use-create-conversation.js'?
frontend/__tests__/repo-selection-form.test.tsx(13,43): error TS2835: Relative import paths need explicit file extensions in ECMAScript imports when '--moduleResolution' is 'node16' or 'nodenext'. Did you mean '../src/hooks/use-is-creating-conversation.js'?
frontend/__tests__/repo-selection-form.test.tsx(73,33): error TS7006: Parameter 'importActual' implicitly has an 'any' type.
frontend/__tests__/repo-selection-form.test.tsx(74,24): error TS2347: Untyped function calls may not accept type arguments.
frontend/__tests__/repo-selection-form.test.tsx(134,7): error TS17004: Cannot use JSX unless the '--jsx' flag is provided.
frontend/__tests__/repo-selection-form.test.tsx(154,7): error TS17004: Cannot use JSX unless the '--jsx' flag is provided.
frontend/__tests__/repo-selection-form.test.tsx(174,7): error TS17004: Cannot use JSX unless the '--jsx' flag is provided.
frontend/__tests__/routes/_oh.test.tsx(1,21): error TS2305: Module '"vitest"' has no exported member 'beforeAll'.
frontend/__tests__/routes/_oh.test.tsx(30,43): error TS7006: Parameter 'importOriginal' implicitly has an 'any' type.
frontend/__tests__/routes/_oh.test.tsx(31,17): error TS2347: Untyped function calls may not accept type arguments.
frontend/__tests__/routes/_oh.test.tsx(42,25): error TS17004: Cannot use JSX unless the '--jsx' flag is provided.
frontend/__tests__/routes/_oh.test.tsx(48,25): error TS17004: Cannot use JSX unless the '--jsx' flag is provided.
frontend/__tests__/routes/_oh.test.tsx(55,25): error TS17004: Cannot use JSX unless the '--jsx' flag is provided.
frontend/__tests__/routes/_oh.test.tsx(64,28): error TS2339: Property 'setup' does not exist on type 'typeof import("C:/Users/GIGABYTE/Desktop/Forge/frontend/node_modules/@testing-library/user-event/dist/types/index")'.
frontend/__tests__/routes/_oh.test.tsx(85,5): error TS2578: Unused '@ts-expect-error' directive.
frontend/__tests__/routes/_oh.test.tsx(90,25): error TS17004: Cannot use JSX unless the '--jsx' flag is provided.
frontend/__tests__/routes/_oh.test.tsx(123,25): error TS17004: Cannot use JSX unless the '--jsx' flag is provided.
frontend/__tests__/routes/_oh.test.tsx(135,46): error TS17004: Cannot use JSX unless the '--jsx' flag is provided.
frontend/__tests__/routes/_oh.test.tsx(140,14): error TS17004: Cannot use JSX unless the '--jsx' flag is provided.
frontend/__tests__/routes/_oh.test.tsx(152,46): error TS17004: Cannot use JSX unless the '--jsx' flag is provided.
frontend/__tests__/routes/_oh.test.tsx(159,14): error TS17004: Cannot use JSX unless the '--jsx' flag is provided.
frontend/__tests__/routes/_oh.test.tsx(162,14): error TS17004: Cannot use JSX unless the '--jsx' flag is provided.
frontend/__tests__/routes/_oh.test.tsx(169,28): error TS2339: Property 'setup' does not exist on type 'typeof import("C:/Users/GIGABYTE/Desktop/Forge/frontend/node_modules/@testing-library/user-event/dist/types/index")'.
frontend/__tests__/routes/_oh.test.tsx(173,25): error TS17004: Cannot use JSX unless the '--jsx' flag is provided.
frontend/__tests__/routes/_oh.test.tsx(209,25): error TS17004: Cannot use JSX unless the '--jsx' flag is provided.
frontend/__tests__/routes/accept-tos.test.tsx(7,10): error TS2614: Module '"#/*"' has no exported member 'openHands'. Did you mean to use 'import openHands from "#/*"' instead?
frontend/__tests__/routes/accept-tos.test.tsx(48,7): error TS17004: Cannot use JSX unless the '--jsx' flag is provided.
frontend/__tests__/routes/accept-tos.test.tsx(64,12): error TS17004: Cannot use JSX unless the '--jsx' flag is provided.
frontend/__tests__/routes/accept-tos.test.tsx(74,28): error TS2339: Property 'setup' does not exist on type 'typeof import("C:/Users/GIGABYTE/Desktop/Forge/frontend/node_modules/@testing-library/user-event/dist/types/index")'.
frontend/__tests__/routes/accept-tos.test.tsx(75,12): error TS17004: Cannot use JSX unless the '--jsx' flag is provided.
frontend/__tests__/routes/accept-tos.test.tsx(98,28): error TS2339: Property 'setup' does not exist on type 'typeof import("C:/Users/GIGABYTE/Desktop/Forge/frontend/node_modules/@testing-library/user-event/dist/types/index")'.
frontend/__tests__/routes/accept-tos.test.tsx(99,12): error TS17004: Cannot use JSX unless the '--jsx' flag is provided.
frontend/__tests__/routes/accept-tos.test.tsx(123,28): error TS2339: Property 'setup' does not exist on type 'typeof import("C:/Users/GIGABYTE/Desktop/Forge/frontend/node_modules/@testing-library/user-event/dist/types/index")'.
frontend/__tests__/routes/accept-tos.test.tsx(124,12): error TS17004: Cannot use JSX unless the '--jsx' flag is provided.
frontend/__tests__/routes/app-settings.test.tsx(7,10): error TS2614: Module '"#/*"' has no exported member 'MOCK_DEFAULT_USER_SETTINGS'. Did you mean to use 'import MOCK_DEFAULT_USER_SETTINGS from "#/*"' instead?
frontend/__tests__/routes/app-settings.test.tsx(8,10): error TS2614: Module '"#/*"' has no exported member 'AvailableLanguages'. Did you mean to use 'import AvailableLanguages from "#/*"' instead?
frontend/__tests__/routes/app-settings.test.tsx(13,10): error TS17004: Cannot use JSX unless the '--jsx' flag is provided.
frontend/__tests__/routes/app-settings.test.tsx(15,7): error TS17004: Cannot use JSX unless the '--jsx' flag is provided.
frontend/__tests__/routes/app-settings.test.tsx(53,21): error TS2339: Property 'click' does not exist on type 'typeof import("C:/Users/GIGABYTE/Desktop/Forge/frontend/node_modules/@testing-library/user-event/dist/types/index")'.
frontend/__tests__/routes/app-settings.test.tsx(55,33): error TS7006: Parameter 'lang' implicitly has an 'any' type.
frontend/__tests__/routes/app-settings.test.tsx(85,21): error TS2339: Property 'click' does not exist on type 'typeof import("C:/Users/GIGABYTE/Desktop/Forge/frontend/node_modules/@testing-library/user-event/dist/types/index")'.
frontend/__tests__/routes/app-settings.test.tsx(87,21): error TS2339: Property 'click' does not exist on type 'typeof import("C:/Users/GIGABYTE/Desktop/Forge/frontend/node_modules/@testing-library/user-event/dist/types/index")'.
frontend/__tests__/routes/app-settings.test.tsx(91,21): error TS2339: Property 'click' does not exist on type 'typeof import("C:/Users/GIGABYTE/Desktop/Forge/frontend/node_modules/@testing-library/user-event/dist/types/index")'.
frontend/__tests__/routes/app-settings.test.tsx(93,21): error TS2339: Property 'click' does not exist on type 'typeof import("C:/Users/GIGABYTE/Desktop/Forge/frontend/node_modules/@testing-library/user-event/dist/types/index")'.
frontend/__tests__/routes/app-settings.test.tsx(98,21): error TS2339: Property 'click' does not exist on type 'typeof import("C:/Users/GIGABYTE/Desktop/Forge/frontend/node_modules/@testing-library/user-event/dist/types/index")'.
frontend/__tests__/routes/app-settings.test.tsx(119,21): error TS2339: Property 'click' does not exist on type 'typeof import("C:/Users/GIGABYTE/Desktop/Forge/frontend/node_modules/@testing-library/user-event/dist/types/index")'.
frontend/__tests__/routes/app-settings.test.tsx(121,21): error TS2339: Property 'click' does not exist on type 'typeof import("C:/Users/GIGABYTE/Desktop/Forge/frontend/node_modules/@testing-library/user-event/dist/types/index")'.
frontend/__tests__/routes/app-settings.test.tsx(124,21): error TS2339: Property 'click' does not exist on type 'typeof import("C:/Users/GIGABYTE/Desktop/Forge/frontend/node_modules/@testing-library/user-event/dist/types/index")'.
frontend/__tests__/routes/app-settings.test.tsx(126,21): error TS2339: Property 'click' does not exist on type 'typeof import("C:/Users/GIGABYTE/Desktop/Forge/frontend/node_modules/@testing-library/user-event/dist/types/index")'.
frontend/__tests__/routes/app-settings.test.tsx(131,21): error TS2339: Property 'click' does not exist on type 'typeof import("C:/Users/GIGABYTE/Desktop/Forge/frontend/node_modules/@testing-library/user-event/dist/types/index")'.
frontend/__tests__/routes/app-settings.test.tsx(134,21): error TS2339: Property 'click' does not exist on type 'typeof import("C:/Users/GIGABYTE/Desktop/Forge/frontend/node_modules/@testing-library/user-event/dist/types/index")'.
frontend/__tests__/routes/app-settings.test.tsx(141,21): error TS2339: Property 'click' does not exist on type 'typeof import("C:/Users/GIGABYTE/Desktop/Forge/frontend/node_modules/@testing-library/user-event/dist/types/index")'.
frontend/__tests__/routes/app-settings.test.tsx(144,21): error TS2339: Property 'click' does not exist on type 'typeof import("C:/Users/GIGABYTE/Desktop/Forge/frontend/node_modules/@testing-library/user-event/dist/types/index")'.
frontend/__tests__/routes/app-settings.test.tsx(162,21): error TS2339: Property 'click' does not exist on type 'typeof import("C:/Users/GIGABYTE/Desktop/Forge/frontend/node_modules/@testing-library/user-event/dist/types/index")'.
frontend/__tests__/routes/app-settings.test.tsx(163,21): error TS2339: Property 'click' does not exist on type 'typeof import("C:/Users/GIGABYTE/Desktop/Forge/frontend/node_modules/@testing-library/user-event/dist/types/index")'.
frontend/__tests__/routes/app-settings.test.tsx(187,21): error TS2339: Property 'click' does not exist on type 'typeof import("C:/Users/GIGABYTE/Desktop/Forge/frontend/node_modules/@testing-library/user-event/dist/types/index")'.
frontend/__tests__/routes/app-settings.test.tsx(188,21): error TS2339: Property 'click' does not exist on type 'typeof import("C:/Users/GIGABYTE/Desktop/Forge/frontend/node_modules/@testing-library/user-event/dist/types/index")'.
frontend/__tests__/routes/app-settings.test.tsx(205,21): error TS2339: Property 'click' does not exist on type 'typeof import("C:/Users/GIGABYTE/Desktop/Forge/frontend/node_modules/@testing-library/user-event/dist/types/index")'.
frontend/__tests__/routes/app-settings.test.tsx(209,21): error TS2339: Property 'click' does not exist on type 'typeof import("C:/Users/GIGABYTE/Desktop/Forge/frontend/node_modules/@testing-library/user-event/dist/types/index")'.
frontend/__tests__/routes/app-settings.test.tsx(230,21): error TS2339: Property 'click' does not exist on type 'typeof import("C:/Users/GIGABYTE/Desktop/Forge/frontend/node_modules/@testing-library/user-event/dist/types/index")'.
frontend/__tests__/routes/app-settings.test.tsx(234,21): error TS2339: Property 'click' does not exist on type 'typeof import("C:/Users/GIGABYTE/Desktop/Forge/frontend/node_modules/@testing-library/user-event/dist/types/index")'.
frontend/__tests__/routes/app-settings.test.tsx(258,21): error TS2339: Property 'click' does not exist on type 'typeof import("C:/Users/GIGABYTE/Desktop/Forge/frontend/node_modules/@testing-library/user-event/dist/types/index")'.
frontend/__tests__/routes/app-settings.test.tsx(261,21): error TS2339: Property 'click' does not exist on type 'typeof import("C:/Users/GIGABYTE/Desktop/Forge/frontend/node_modules/@testing-library/user-event/dist/types/index")'.
frontend/__tests__/routes/app-settings.test.tsx(282,21): error TS2339: Property 'click' does not exist on type 'typeof import("C:/Users/GIGABYTE/Desktop/Forge/frontend/node_modules/@testing-library/user-event/dist/types/index")'.
frontend/__tests__/routes/app-settings.test.tsx(285,21): error TS2339: Property 'click' does not exist on type 'typeof import("C:/Users/GIGABYTE/Desktop/Forge/frontend/node_modules/@testing-library/user-event/dist/types/index")'.
frontend/__tests__/routes/git-settings.test.tsx(10,10): error TS2614: Module '"#/*"' has no exported member 'MOCK_DEFAULT_USER_SETTINGS'. Did you mean to use 'import MOCK_DEFAULT_USER_SETTINGS from "#/*"' instead?
frontend/__tests__/routes/git-settings.test.tsx(11,10): error TS2614: Module '"#/*"' has no exported member 'GetConfigResponse'. Did you mean to use 'import GetConfigResponse from "#/*"' instead?
frontend/__tests__/routes/git-settings.test.tsx(13,10): error TS2614: Module '"#/*"' has no exported member 'SecretsService'. Did you mean to use 'import SecretsService from "#/*"' instead?
frontend/__tests__/routes/git-settings.test.tsx(70,5): error TS17004: Cannot use JSX unless the '--jsx' flag is provided.
frontend/__tests__/routes/git-settings.test.tsx(73,9): error TS17004: Cannot use JSX unless the '--jsx' flag is provided.
frontend/__tests__/routes/git-settings.test.tsx(74,11): error TS17004: Cannot use JSX unless the '--jsx' flag is provided.
frontend/__tests__/routes/git-settings.test.tsx(84,7): error TS17004: Cannot use JSX unless the '--jsx' flag is provided.
frontend/__tests__/routes/git-settings.test.tsx(85,9): error TS17004: Cannot use JSX unless the '--jsx' flag is provided.
frontend/__tests__/routes/git-settings.test.tsx(86,11): error TS17004: Cannot use JSX unless the '--jsx' flag is provided.
frontend/__tests__/routes/git-settings.test.tsx(281,21): error TS2339: Property 'type' does not exist on type 'typeof import("C:/Users/GIGABYTE/Desktop/Forge/frontend/node_modules/@testing-library/user-event/dist/types/index")'.
frontend/__tests__/routes/git-settings.test.tsx(282,21): error TS2339: Property 'click' does not exist on type 'typeof import("C:/Users/GIGABYTE/Desktop/Forge/frontend/node_modules/@testing-library/user-event/dist/types/index")'.
frontend/__tests__/routes/git-settings.test.tsx(302,21): error TS2339: Property 'type' does not exist on type 'typeof import("C:/Users/GIGABYTE/Desktop/Forge/frontend/node_modules/@testing-library/user-event/dist/types/index")'.
frontend/__tests__/routes/git-settings.test.tsx(303,21): error TS2339: Property 'click' does not exist on type 'typeof import("C:/Users/GIGABYTE/Desktop/Forge/frontend/node_modules/@testing-library/user-event/dist/types/index")'.
frontend/__tests__/routes/git-settings.test.tsx(323,21): error TS2339: Property 'type' does not exist on type 'typeof import("C:/Users/GIGABYTE/Desktop/Forge/frontend/node_modules/@testing-library/user-event/dist/types/index")'.
frontend/__tests__/routes/git-settings.test.tsx(324,21): error TS2339: Property 'click' does not exist on type 'typeof import("C:/Users/GIGABYTE/Desktop/Forge/frontend/node_modules/@testing-library/user-event/dist/types/index")'.
frontend/__tests__/routes/git-settings.test.tsx(343,21): error TS2339: Property 'type' does not exist on type 'typeof import("C:/Users/GIGABYTE/Desktop/Forge/frontend/node_modules/@testing-library/user-event/dist/types/index")'.
frontend/__tests__/routes/git-settings.test.tsx(347,21): error TS2339: Property 'clear' does not exist on type 'typeof import("C:/Users/GIGABYTE/Desktop/Forge/frontend/node_modules/@testing-library/user-event/dist/types/index")'.
frontend/__tests__/routes/git-settings.test.tsx(351,21): error TS2339: Property 'type' does not exist on type 'typeof import("C:/Users/GIGABYTE/Desktop/Forge/frontend/node_modules/@testing-library/user-event/dist/types/index")'.
frontend/__tests__/routes/git-settings.test.tsx(355,21): error TS2339: Property 'clear' does not exist on type 'typeof import("C:/Users/GIGABYTE/Desktop/Forge/frontend/node_modules/@testing-library/user-event/dist/types/index")'.
frontend/__tests__/routes/git-settings.test.tsx(413,21): error TS2339: Property 'click' does not exist on type 'typeof import("C:/Users/GIGABYTE/Desktop/Forge/frontend/node_modules/@testing-library/user-event/dist/types/index")'.
frontend/__tests__/routes/git-settings.test.tsx(430,21): error TS2339: Property 'type' does not exist on type 'typeof import("C:/Users/GIGABYTE/Desktop/Forge/frontend/node_modules/@testing-library/user-event/dist/types/index")'.
frontend/__tests__/routes/git-settings.test.tsx(434,21): error TS2339: Property 'click' does not exist on type 'typeof import("C:/Users/GIGABYTE/Desktop/Forge/frontend/node_modules/@testing-library/user-event/dist/types/index")'.
frontend/__tests__/routes/git-settings.test.tsx(455,21): error TS2339: Property 'type' does not exist on type 'typeof import("C:/Users/GIGABYTE/Desktop/Forge/frontend/node_modules/@testing-library/user-event/dist/types/index")'.
frontend/__tests__/routes/git-settings.test.tsx(459,21): error TS2339: Property 'click' does not exist on type 'typeof import("C:/Users/GIGABYTE/Desktop/Forge/frontend/node_modules/@testing-library/user-event/dist/types/index")'.
frontend/__tests__/routes/git-settings.test.tsx(464,21): error TS2339: Property 'type' does not exist on type 'typeof import("C:/Users/GIGABYTE/Desktop/Forge/frontend/node_modules/@testing-library/user-event/dist/types/index")'.
frontend/__tests__/routes/git-settings.test.tsx(469,21): error TS2339: Property 'click' does not exist on type 'typeof import("C:/Users/GIGABYTE/Desktop/Forge/frontend/node_modules/@testing-library/user-event/dist/types/index")'.
frontend/__tests__/routes/git-settings.test.tsx(491,21): error TS2339: Property 'type' does not exist on type 'typeof import("C:/Users/GIGABYTE/Desktop/Forge/frontend/node_modules/@testing-library/user-event/dist/types/index")'.
frontend/__tests__/routes/git-settings.test.tsx(494,21): error TS2339: Property 'click' does not exist on type 'typeof import("C:/Users/GIGABYTE/Desktop/Forge/frontend/node_modules/@testing-library/user-event/dist/types/index")'.
frontend/__tests__/routes/git-settings.test.tsx(513,21): error TS2339: Property 'type' does not exist on type 'typeof import("C:/Users/GIGABYTE/Desktop/Forge/frontend/node_modules/@testing-library/user-event/dist/types/index")'.
frontend/__tests__/routes/git-settings.test.tsx(516,21): error TS2339: Property 'click' does not exist on type 'typeof import("C:/Users/GIGABYTE/Desktop/Forge/frontend/node_modules/@testing-library/user-event/dist/types/index")'.
frontend/__tests__/routes/home-screen-settings-triage.test.tsx(12,8): error TS2835: Relative import paths need explicit file extensions in ECMAScript imports when '--moduleResolution' is 'node16' or 'nodenext'. Did you mean '../../test-utils.js'?
frontend/__tests__/routes/home-screen-settings-triage.test.tsx(15,10): error TS2614: Module '"#/*"' has no exported member 'Sidebar'. Did you mean to use 'import Sidebar from "#/*"' instead?
frontend/__tests__/routes/home-screen.test.tsx(8,10): error TS2614: Module '"#/*"' has no exported member 'SettingsModal'. Did you mean to use 'import SettingsModal from "#/*"' instead?
frontend/__tests__/routes/home-screen.test.tsx(10,10): error TS2614: Module '"#/*"' has no exported member 'GitRepository'. Did you mean to use 'import GitRepository from "#/*"' instead?
frontend/__tests__/routes/home-screen.test.tsx(13,10): error TS2614: Module '"#/*"' has no exported member 'MOCK_DEFAULT_USER_SETTINGS'. Did you mean to use 'import MOCK_DEFAULT_USER_SETTINGS from "#/*"' instead?
frontend/__tests__/routes/home-screen.test.tsx(43,26): error TS17004: Cannot use JSX unless the '--jsx' flag is provided.
frontend/__tests__/routes/home-screen.test.tsx(47,26): error TS17004: Cannot use JSX unless the '--jsx' flag is provided.
frontend/__tests__/routes/home-screen.test.tsx(55,10): error TS17004: Cannot use JSX unless the '--jsx' flag is provided.
frontend/__tests__/routes/home-screen.test.tsx(57,7): error TS17004: Cannot use JSX unless the '--jsx' flag is provided.
frontend/__tests__/routes/home-screen.test.tsx(58,9): error TS17004: Cannot use JSX unless the '--jsx' flag is provided.
frontend/__tests__/routes/home-screen.test.tsx(138,23): error TS2339: Property 'click' does not exist on type 'typeof import("C:/Users/GIGABYTE/Desktop/Forge/frontend/node_modules/@testing-library/user-event/dist/types/index")'.
frontend/__tests__/routes/home-screen.test.tsx(154,23): error TS2339: Property 'click' does not exist on type 'typeof import("C:/Users/GIGABYTE/Desktop/Forge/frontend/node_modules/@testing-library/user-event/dist/types/index")'.
frontend/__tests__/routes/home-screen.test.tsx(176,5): error TS2578: Unused '@ts-expect-error' directive.
frontend/__tests__/routes/home-screen.test.tsx(219,7): error TS17004: Cannot use JSX unless the '--jsx' flag is provided.
frontend/__tests__/routes/home-screen.test.tsx(220,9): error TS17004: Cannot use JSX unless the '--jsx' flag is provided.
frontend/__tests__/routes/home-screen.test.tsx(221,11): error TS17004: Cannot use JSX unless the '--jsx' flag is provided.
frontend/__tests__/routes/home-screen.test.tsx(225,12): error TS17004: Cannot use JSX unless the '--jsx' flag is provided.
frontend/__tests__/routes/home-screen.test.tsx(234,28): error TS2339: Property 'setup' does not exist on type 'typeof import("C:/Users/GIGABYTE/Desktop/Forge/frontend/node_modules/@testing-library/user-event/dist/types/index")'.
frontend/__tests__/routes/home-screen.test.tsx(244,7): error TS17004: Cannot use JSX unless the '--jsx' flag is provided.
frontend/__tests__/routes/home-screen.test.tsx(245,9): error TS17004: Cannot use JSX unless the '--jsx' flag is provided.
frontend/__tests__/routes/home-screen.test.tsx(246,11): error TS17004: Cannot use JSX unless the '--jsx' flag is provided.
frontend/__tests__/routes/home-screen.test.tsx(252,7): error TS17004: Cannot use JSX unless the '--jsx' flag is provided.
frontend/__tests__/routes/home-screen.test.tsx(253,9): error TS17004: Cannot use JSX unless the '--jsx' flag is provided.
frontend/__tests__/routes/home-screen.test.tsx(255,20): error TS17004: Cannot use JSX unless the '--jsx' flag is provided.
frontend/__tests__/routes/home-screen.test.tsx(257,9): error TS17004: Cannot use JSX unless the '--jsx' flag is provided.
frontend/__tests__/routes/home-screen.test.tsx(259,20): error TS17004: Cannot use JSX unless the '--jsx' flag is provided.
frontend/__tests__/routes/home-screen.test.tsx(278,5): error TS2578: Unused '@ts-expect-error' directive.
frontend/__tests__/routes/home-screen.test.tsx(318,5): error TS2578: Unused '@ts-expect-error' directive.
frontend/__tests__/routes/llm-settings.test.tsx(8,3): error TS2614: Module '"#/*"' has no exported member 'MOCK_DEFAULT_USER_SETTINGS'. Did you mean to use 'import MOCK_DEFAULT_USER_SETTINGS from "#/*"' instead?
frontend/__tests__/routes/llm-settings.test.tsx(9,3): error TS2614: Module '"#/*"' has no exported member 'resetTestHandlersMockSettings'. Did you mean to use 'import resetTestHandlersMockSettings from "#/*"' instead?
frontend/__tests__/routes/llm-settings.test.tsx(15,10): error TS17004: Cannot use JSX unless the '--jsx' flag is provided.
frontend/__tests__/routes/llm-settings.test.tsx(17,7): error TS17004: Cannot use JSX unless the '--jsx' flag is provided.
frontend/__tests__/routes/llm-settings.test.tsx(98,23): error TS2339: Property 'click' does not exist on type 'typeof import("C:/Users/GIGABYTE/Desktop/Forge/frontend/node_modules/@testing-library/user-event/dist/types/index")'.
frontend/__tests__/routes/llm-settings.test.tsx(105,23): error TS2339: Property 'click' does not exist on type 'typeof import("C:/Users/GIGABYTE/Desktop/Forge/frontend/node_modules/@testing-library/user-event/dist/types/index")'.
frontend/__tests__/routes/llm-settings.test.tsx(128,23): error TS2339: Property 'click' does not exist on type 'typeof import("C:/Users/GIGABYTE/Desktop/Forge/frontend/node_modules/@testing-library/user-event/dist/types/index")'.
frontend/__tests__/routes/llm-settings.test.tsx(143,23): error TS2339: Property 'click' does not exist on type 'typeof import("C:/Users/GIGABYTE/Desktop/Forge/frontend/node_modules/@testing-library/user-event/dist/types/index")'.
frontend/__tests__/routes/llm-settings.test.tsx(157,23): error TS2339: Property 'click' does not exist on type 'typeof import("C:/Users/GIGABYTE/Desktop/Forge/frontend/node_modules/@testing-library/user-event/dist/types/index")'.
frontend/__tests__/routes/llm-settings.test.tsx(245,21): error TS2339: Property 'click' does not exist on type 'typeof import("C:/Users/GIGABYTE/Desktop/Forge/frontend/node_modules/@testing-library/user-event/dist/types/index")'.
frontend/__tests__/routes/llm-settings.test.tsx(247,21): error TS2339: Property 'click' does not exist on type 'typeof import("C:/Users/GIGABYTE/Desktop/Forge/frontend/node_modules/@testing-library/user-event/dist/types/index")'.
frontend/__tests__/routes/llm-settings.test.tsx(251,21): error TS2339: Property 'type' does not exist on type 'typeof import("C:/Users/GIGABYTE/Desktop/Forge/frontend/node_modules/@testing-library/user-event/dist/types/index")'.
frontend/__tests__/routes/llm-settings.test.tsx(254,21): error TS2339: Property 'click' does not exist on type 'typeof import("C:/Users/GIGABYTE/Desktop/Forge/frontend/node_modules/@testing-library/user-event/dist/types/index")'.
frontend/__tests__/routes/llm-settings.test.tsx(256,21): error TS2339: Property 'click' does not exist on type 'typeof import("C:/Users/GIGABYTE/Desktop/Forge/frontend/node_modules/@testing-library/user-event/dist/types/index")'.
frontend/__tests__/routes/llm-settings.test.tsx(260,21): error TS2339: Property 'click' does not exist on type 'typeof import("C:/Users/GIGABYTE/Desktop/Forge/frontend/node_modules/@testing-library/user-event/dist/types/index")'.
frontend/__tests__/routes/llm-settings.test.tsx(277,21): error TS2339: Property 'click' does not exist on type 'typeof import("C:/Users/GIGABYTE/Desktop/Forge/frontend/node_modules/@testing-library/user-event/dist/types/index")'.
frontend/__tests__/routes/llm-settings.test.tsx(287,21): error TS2339: Property 'clear' does not exist on type 'typeof import("C:/Users/GIGABYTE/Desktop/Forge/frontend/node_modules/@testing-library/user-event/dist/types/index")'.
frontend/__tests__/routes/llm-settings.test.tsx(288,21): error TS2339: Property 'type' does not exist on type 'typeof import("C:/Users/GIGABYTE/Desktop/Forge/frontend/node_modules/@testing-library/user-event/dist/types/index")'.
frontend/__tests__/routes/llm-settings.test.tsx(292,21): error TS2339: Property 'type' does not exist on type 'typeof import("C:/Users/GIGABYTE/Desktop/Forge/frontend/node_modules/@testing-library/user-event/dist/types/index")'.
frontend/__tests__/routes/llm-settings.test.tsx(296,21): error TS2339: Property 'type' does not exist on type 'typeof import("C:/Users/GIGABYTE/Desktop/Forge/frontend/node_modules/@testing-library/user-event/dist/types/index")'.
frontend/__tests__/routes/llm-settings.test.tsx(299,21): error TS2339: Property 'click' does not exist on type 'typeof import("C:/Users/GIGABYTE/Desktop/Forge/frontend/node_modules/@testing-library/user-event/dist/types/index")'.
frontend/__tests__/routes/llm-settings.test.tsx(303,21): error TS2339: Property 'click' does not exist on type 'typeof import("C:/Users/GIGABYTE/Desktop/Forge/frontend/node_modules/@testing-library/user-event/dist/types/index")'.
frontend/__tests__/routes/llm-settings.test.tsx(307,21): error TS2339: Property 'click' does not exist on type 'typeof import("C:/Users/GIGABYTE/Desktop/Forge/frontend/node_modules/@testing-library/user-event/dist/types/index")'.
frontend/__tests__/routes/llm-settings.test.tsx(309,21): error TS2339: Property 'click' does not exist on type 'typeof import("C:/Users/GIGABYTE/Desktop/Forge/frontend/node_modules/@testing-library/user-event/dist/types/index")'.
frontend/__tests__/routes/llm-settings.test.tsx(314,21): error TS2339: Property 'click' does not exist on type 'typeof import("C:/Users/GIGABYTE/Desktop/Forge/frontend/node_modules/@testing-library/user-event/dist/types/index")'.
frontend/__tests__/routes/llm-settings.test.tsx(318,21): error TS2339: Property 'click' does not exist on type 'typeof import("C:/Users/GIGABYTE/Desktop/Forge/frontend/node_modules/@testing-library/user-event/dist/types/index")'.
frontend/__tests__/routes/llm-settings.test.tsx(321,21): error TS2339: Property 'click' does not exist on type 'typeof import("C:/Users/GIGABYTE/Desktop/Forge/frontend/node_modules/@testing-library/user-event/dist/types/index")'.
frontend/__tests__/routes/llm-settings.test.tsx(354,21): error TS2339: Property 'click' does not exist on type 'typeof import("C:/Users/GIGABYTE/Desktop/Forge/frontend/node_modules/@testing-library/user-event/dist/types/index")'.
frontend/__tests__/routes/llm-settings.test.tsx(356,21): error TS2339: Property 'click' does not exist on type 'typeof import("C:/Users/GIGABYTE/Desktop/Forge/frontend/node_modules/@testing-library/user-event/dist/types/index")'.
frontend/__tests__/routes/llm-settings.test.tsx(361,21): error TS2339: Property 'click' does not exist on type 'typeof import("C:/Users/GIGABYTE/Desktop/Forge/frontend/node_modules/@testing-library/user-event/dist/types/index")'.
frontend/__tests__/routes/llm-settings.test.tsx(363,21): error TS2339: Property 'click' does not exist on type 'typeof import("C:/Users/GIGABYTE/Desktop/Forge/frontend/node_modules/@testing-library/user-event/dist/types/index")'.
frontend/__tests__/routes/llm-settings.test.tsx(368,21): error TS2339: Property 'type' does not exist on type 'typeof import("C:/Users/GIGABYTE/Desktop/Forge/frontend/node_modules/@testing-library/user-event/dist/types/index")'.
frontend/__tests__/routes/llm-settings.test.tsx(373,21): error TS2339: Property 'clear' does not exist on type 'typeof import("C:/Users/GIGABYTE/Desktop/Forge/frontend/node_modules/@testing-library/user-event/dist/types/index")'.
frontend/__tests__/routes/llm-settings.test.tsx(409,21): error TS2339: Property 'type' does not exist on type 'typeof import("C:/Users/GIGABYTE/Desktop/Forge/frontend/node_modules/@testing-library/user-event/dist/types/index")'.
frontend/__tests__/routes/llm-settings.test.tsx(414,21): error TS2339: Property 'clear' does not exist on type 'typeof import("C:/Users/GIGABYTE/Desktop/Forge/frontend/node_modules/@testing-library/user-event/dist/types/index")'.
frontend/__tests__/routes/llm-settings.test.tsx(418,21): error TS2339: Property 'type' does not exist on type 'typeof import("C:/Users/GIGABYTE/Desktop/Forge/frontend/node_modules/@testing-library/user-event/dist/types/index")'.
frontend/__tests__/routes/llm-settings.test.tsx(423,21): error TS2339: Property 'type' does not exist on type 'typeof import("C:/Users/GIGABYTE/Desktop/Forge/frontend/node_modules/@testing-library/user-event/dist/types/index")'.
frontend/__tests__/routes/llm-settings.test.tsx(429,21): error TS2339: Property 'clear' does not exist on type 'typeof import("C:/Users/GIGABYTE/Desktop/Forge/frontend/node_modules/@testing-library/user-event/dist/types/index")'.
frontend/__tests__/routes/llm-settings.test.tsx(433,21): error TS2339: Property 'type' does not exist on type 'typeof import("C:/Users/GIGABYTE/Desktop/Forge/frontend/node_modules/@testing-library/user-event/dist/types/index")'.
frontend/__tests__/routes/llm-settings.test.tsx(438,21): error TS2339: Property 'type' does not exist on type 'typeof import("C:/Users/GIGABYTE/Desktop/Forge/frontend/node_modules/@testing-library/user-event/dist/types/index")'.
frontend/__tests__/routes/llm-settings.test.tsx(443,21): error TS2339: Property 'clear' does not exist on type 'typeof import("C:/Users/GIGABYTE/Desktop/Forge/frontend/node_modules/@testing-library/user-event/dist/types/index")'.
frontend/__tests__/routes/llm-settings.test.tsx(448,21): error TS2339: Property 'clear' does not exist on type 'typeof import("C:/Users/GIGABYTE/Desktop/Forge/frontend/node_modules/@testing-library/user-event/dist/types/index")'.
frontend/__tests__/routes/llm-settings.test.tsx(449,21): error TS2339: Property 'type' does not exist on type 'typeof import("C:/Users/GIGABYTE/Desktop/Forge/frontend/node_modules/@testing-library/user-event/dist/types/index")'.
frontend/__tests__/routes/llm-settings.test.tsx(454,21): error TS2339: Property 'clear' does not exist on type 'typeof import("C:/Users/GIGABYTE/Desktop/Forge/frontend/node_modules/@testing-library/user-event/dist/types/index")'.
frontend/__tests__/routes/llm-settings.test.tsx(458,21): error TS2339: Property 'type' does not exist on type 'typeof import("C:/Users/GIGABYTE/Desktop/Forge/frontend/node_modules/@testing-library/user-event/dist/types/index")'.
frontend/__tests__/routes/llm-settings.test.tsx(463,21): error TS2339: Property 'click' does not exist on type 'typeof import("C:/Users/GIGABYTE/Desktop/Forge/frontend/node_modules/@testing-library/user-event/dist/types/index")'.
frontend/__tests__/routes/llm-settings.test.tsx(466,21): error TS2339: Property 'click' does not exist on type 'typeof import("C:/Users/GIGABYTE/Desktop/Forge/frontend/node_modules/@testing-library/user-event/dist/types/index")'.
frontend/__tests__/routes/llm-settings.test.tsx(471,21): error TS2339: Property 'click' does not exist on type 'typeof import("C:/Users/GIGABYTE/Desktop/Forge/frontend/node_modules/@testing-library/user-event/dist/types/index")'.
frontend/__tests__/routes/llm-settings.test.tsx(474,21): error TS2339: Property 'click' does not exist on type 'typeof import("C:/Users/GIGABYTE/Desktop/Forge/frontend/node_modules/@testing-library/user-event/dist/types/index")'.
frontend/__tests__/routes/llm-settings.test.tsx(482,21): error TS2339: Property 'click' does not exist on type 'typeof import("C:/Users/GIGABYTE/Desktop/Forge/frontend/node_modules/@testing-library/user-event/dist/types/index")'.
frontend/__tests__/routes/llm-settings.test.tsx(486,21): error TS2339: Property 'click' does not exist on type 'typeof import("C:/Users/GIGABYTE/Desktop/Forge/frontend/node_modules/@testing-library/user-event/dist/types/index")'.
frontend/__tests__/routes/llm-settings.test.tsx(492,21): error TS2339: Property 'click' does not exist on type 'typeof import("C:/Users/GIGABYTE/Desktop/Forge/frontend/node_modules/@testing-library/user-event/dist/types/index")'.
frontend/__tests__/routes/llm-settings.test.tsx(496,21): error TS2339: Property 'click' does not exist on type 'typeof import("C:/Users/GIGABYTE/Desktop/Forge/frontend/node_modules/@testing-library/user-event/dist/types/index")'.
frontend/__tests__/routes/llm-settings.test.tsx(514,21): error TS2339: Property 'type' does not exist on type 'typeof import("C:/Users/GIGABYTE/Desktop/Forge/frontend/node_modules/@testing-library/user-event/dist/types/index")'.
frontend/__tests__/routes/llm-settings.test.tsx(517,21): error TS2339: Property 'click' does not exist on type 'typeof import("C:/Users/GIGABYTE/Desktop/Forge/frontend/node_modules/@testing-library/user-event/dist/types/index")'.
frontend/__tests__/routes/llm-settings.test.tsx(522,21): error TS2339: Property 'type' does not exist on type 'typeof import("C:/Users/GIGABYTE/Desktop/Forge/frontend/node_modules/@testing-library/user-event/dist/types/index")'.
frontend/__tests__/routes/llm-settings.test.tsx(525,21): error TS2339: Property 'click' does not exist on type 'typeof import("C:/Users/GIGABYTE/Desktop/Forge/frontend/node_modules/@testing-library/user-event/dist/types/index")'.
frontend/__tests__/routes/llm-settings.test.tsx(537,21): error TS2339: Property 'type' does not exist on type 'typeof import("C:/Users/GIGABYTE/Desktop/Forge/frontend/node_modules/@testing-library/user-event/dist/types/index")'.
frontend/__tests__/routes/llm-settings.test.tsx(540,21): error TS2339: Property 'click' does not exist on type 'typeof import("C:/Users/GIGABYTE/Desktop/Forge/frontend/node_modules/@testing-library/user-event/dist/types/index")'.
frontend/__tests__/routes/llm-settings.test.tsx(571,21): error TS2339: Property 'click' does not exist on type 'typeof import("C:/Users/GIGABYTE/Desktop/Forge/frontend/node_modules/@testing-library/user-event/dist/types/index")'.
frontend/__tests__/routes/llm-settings.test.tsx(577,21): error TS2339: Property 'click' does not exist on type 'typeof import("C:/Users/GIGABYTE/Desktop/Forge/frontend/node_modules/@testing-library/user-event/dist/types/index")'.
frontend/__tests__/routes/llm-settings.test.tsx(579,21): error TS2339: Property 'click' does not exist on type 'typeof import("C:/Users/GIGABYTE/Desktop/Forge/frontend/node_modules/@testing-library/user-event/dist/types/index")'.
frontend/__tests__/routes/llm-settings.test.tsx(582,21): error TS2339: Property 'click' does not exist on type 'typeof import("C:/Users/GIGABYTE/Desktop/Forge/frontend/node_modules/@testing-library/user-event/dist/types/index")'.
frontend/__tests__/routes/llm-settings.test.tsx(584,21): error TS2339: Property 'click' does not exist on type 'typeof import("C:/Users/GIGABYTE/Desktop/Forge/frontend/node_modules/@testing-library/user-event/dist/types/index")'.
frontend/__tests__/routes/llm-settings.test.tsx(587,21): error TS2339: Property 'click' does not exist on type 'typeof import("C:/Users/GIGABYTE/Desktop/Forge/frontend/node_modules/@testing-library/user-event/dist/types/index")'.
frontend/__tests__/routes/llm-settings.test.tsx(613,23): error TS2339: Property 'type' does not exist on type 'typeof import("C:/Users/GIGABYTE/Desktop/Forge/frontend/node_modules/@testing-library/user-event/dist/types/index")'.
frontend/__tests__/routes/llm-settings.test.tsx(616,23): error TS2339: Property 'click' does not exist on type 'typeof import("C:/Users/GIGABYTE/Desktop/Forge/frontend/node_modules/@testing-library/user-event/dist/types/index")'.
frontend/__tests__/routes/llm-settings.test.tsx(633,23): error TS2339: Property 'type' does not exist on type 'typeof import("C:/Users/GIGABYTE/Desktop/Forge/frontend/node_modules/@testing-library/user-event/dist/types/index")'.
frontend/__tests__/routes/llm-settings.test.tsx(636,23): error TS2339: Property 'click' does not exist on type 'typeof import("C:/Users/GIGABYTE/Desktop/Forge/frontend/node_modules/@testing-library/user-event/dist/types/index")'.
frontend/__tests__/routes/llm-settings.test.tsx(656,23): error TS2339: Property 'click' does not exist on type 'typeof import("C:/Users/GIGABYTE/Desktop/Forge/frontend/node_modules/@testing-library/user-event/dist/types/index")'.
frontend/__tests__/routes/llm-settings.test.tsx(661,23): error TS2339: Property 'type' does not exist on type 'typeof import("C:/Users/GIGABYTE/Desktop/Forge/frontend/node_modules/@testing-library/user-event/dist/types/index")'.
frontend/__tests__/routes/llm-settings.test.tsx(664,23): error TS2339: Property 'click' does not exist on type 'typeof import("C:/Users/GIGABYTE/Desktop/Forge/frontend/node_modules/@testing-library/user-event/dist/types/index")'.
frontend/__tests__/routes/llm-settings.test.tsx(681,23): error TS2339: Property 'click' does not exist on type 'typeof import("C:/Users/GIGABYTE/Desktop/Forge/frontend/node_modules/@testing-library/user-event/dist/types/index")'.
frontend/__tests__/routes/llm-settings.test.tsx(686,23): error TS2339: Property 'type' does not exist on type 'typeof import("C:/Users/GIGABYTE/Desktop/Forge/frontend/node_modules/@testing-library/user-event/dist/types/index")'.
frontend/__tests__/routes/llm-settings.test.tsx(689,23): error TS2339: Property 'click' does not exist on type 'typeof import("C:/Users/GIGABYTE/Desktop/Forge/frontend/node_modules/@testing-library/user-event/dist/types/index")'.
frontend/__tests__/routes/llm-settings.test.tsx(700,5): error TS2578: Unused '@ts-expect-error' directive.
frontend/__tests__/routes/llm-settings.test.tsx(709,21): error TS2339: Property 'click' does not exist on type 'typeof import("C:/Users/GIGABYTE/Desktop/Forge/frontend/node_modules/@testing-library/user-event/dist/types/index")'.
frontend/__tests__/routes/llm-settings.test.tsx(718,5): error TS2578: Unused '@ts-expect-error' directive.
frontend/__tests__/routes/llm-settings.test.tsx(727,21): error TS2339: Property 'click' does not exist on type 'typeof import("C:/Users/GIGABYTE/Desktop/Forge/frontend/node_modules/@testing-library/user-event/dist/types/index")'.
frontend/__tests__/routes/llm-settings.test.tsx(736,5): error TS2578: Unused '@ts-expect-error' directive.
frontend/__tests__/routes/llm-settings.test.tsx(745,21): error TS2339: Property 'click' does not exist on type 'typeof import("C:/Users/GIGABYTE/Desktop/Forge/frontend/node_modules/@testing-library/user-event/dist/types/index")'.
frontend/__tests__/routes/secrets-settings.test.tsx(7,10): error TS2614: Module '"#/*"' has no exported member 'SecretsService'. Did you mean to use 'import SecretsService from "#/*"' instead?
frontend/__tests__/routes/secrets-settings.test.tsx(8,10): error TS2614: Module '"#/*"' has no exported member 'GetSecretsResponse'. Did you mean to use 'import GetSecretsResponse from "#/*"' instead?
frontend/__tests__/routes/secrets-settings.test.tsx(10,10): error TS2614: Module '"#/*"' has no exported member 'MOCK_DEFAULT_USER_SETTINGS'. Did you mean to use 'import MOCK_DEFAULT_USER_SETTINGS from "#/*"' instead?
frontend/__tests__/routes/secrets-settings.test.tsx(25,22): error TS17004: Cannot use JSX unless the '--jsx' flag is provided.
frontend/__tests__/routes/secrets-settings.test.tsx(33,26): error TS17004: Cannot use JSX unless the '--jsx' flag is provided.
frontend/__tests__/routes/secrets-settings.test.tsx(41,10): error TS17004: Cannot use JSX unless the '--jsx' flag is provided.
frontend/__tests__/routes/secrets-settings.test.tsx(43,7): error TS17004: Cannot use JSX unless the '--jsx' flag is provided.
frontend/__tests__/routes/secrets-settings.test.tsx(57,3): error TS2578: Unused '@ts-expect-error' directive.
frontend/__tests__/routes/secrets-settings.test.tsx(73,5): error TS2578: Unused '@ts-expect-error' directive.
frontend/__tests__/routes/secrets-settings.test.tsx(93,5): error TS2578: Unused '@ts-expect-error' directive.
frontend/__tests__/routes/secrets-settings.test.tsx(150,21): error TS2339: Property 'click' does not exist on type 'typeof import("C:/Users/GIGABYTE/Desktop/Forge/frontend/node_modules/@testing-library/user-event/dist/types/index")'.
frontend/__tests__/routes/secrets-settings.test.tsx(169,21): error TS2339: Property 'type' does not exist on type 'typeof import("C:/Users/GIGABYTE/Desktop/Forge/frontend/node_modules/@testing-library/user-event/dist/types/index")'.
frontend/__tests__/routes/secrets-settings.test.tsx(170,21): error TS2339: Property 'type' does not exist on type 'typeof import("C:/Users/GIGABYTE/Desktop/Forge/frontend/node_modules/@testing-library/user-event/dist/types/index")'.
frontend/__tests__/routes/secrets-settings.test.tsx(171,21): error TS2339: Property 'type' does not exist on type 'typeof import("C:/Users/GIGABYTE/Desktop/Forge/frontend/node_modules/@testing-library/user-event/dist/types/index")'.
frontend/__tests__/routes/secrets-settings.test.tsx(173,21): error TS2339: Property 'click' does not exist on type 'typeof import("C:/Users/GIGABYTE/Desktop/Forge/frontend/node_modules/@testing-library/user-event/dist/types/index")'.
frontend/__tests__/routes/secrets-settings.test.tsx(199,21): error TS2339: Property 'click' does not exist on type 'typeof import("C:/Users/GIGABYTE/Desktop/Forge/frontend/node_modules/@testing-library/user-event/dist/types/index")'.
frontend/__tests__/routes/secrets-settings.test.tsx(220,21): error TS2339: Property 'clear' does not exist on type 'typeof import("C:/Users/GIGABYTE/Desktop/Forge/frontend/node_modules/@testing-library/user-event/dist/types/index")'.
frontend/__tests__/routes/secrets-settings.test.tsx(221,21): error TS2339: Property 'type' does not exist on type 'typeof import("C:/Users/GIGABYTE/Desktop/Forge/frontend/node_modules/@testing-library/user-event/dist/types/index")'.
frontend/__tests__/routes/secrets-settings.test.tsx(223,21): error TS2339: Property 'clear' does not exist on type 'typeof import("C:/Users/GIGABYTE/Desktop/Forge/frontend/node_modules/@testing-library/user-event/dist/types/index")'.
frontend/__tests__/routes/secrets-settings.test.tsx(224,21): error TS2339: Property 'type' does not exist on type 'typeof import("C:/Users/GIGABYTE/Desktop/Forge/frontend/node_modules/@testing-library/user-event/dist/types/index")'.
frontend/__tests__/routes/secrets-settings.test.tsx(226,21): error TS2339: Property 'click' does not exist on type 'typeof import("C:/Users/GIGABYTE/Desktop/Forge/frontend/node_modules/@testing-library/user-event/dist/types/index")'.
frontend/__tests__/routes/secrets-settings.test.tsx(252,21): error TS2339: Property 'click' does not exist on type 'typeof import("C:/Users/GIGABYTE/Desktop/Forge/frontend/node_modules/@testing-library/user-event/dist/types/index")'.
frontend/__tests__/routes/secrets-settings.test.tsx(258,21): error TS2339: Property 'click' does not exist on type 'typeof import("C:/Users/GIGABYTE/Desktop/Forge/frontend/node_modules/@testing-library/user-event/dist/types/index")'.
frontend/__tests__/routes/secrets-settings.test.tsx(266,21): error TS2339: Property 'click' does not exist on type 'typeof import("C:/Users/GIGABYTE/Desktop/Forge/frontend/node_modules/@testing-library/user-event/dist/types/index")'.
frontend/__tests__/routes/secrets-settings.test.tsx(275,21): error TS2339: Property 'click' does not exist on type 'typeof import("C:/Users/GIGABYTE/Desktop/Forge/frontend/node_modules/@testing-library/user-event/dist/types/index")'.
frontend/__tests__/routes/secrets-settings.test.tsx(292,21): error TS2339: Property 'click' does not exist on type 'typeof import("C:/Users/GIGABYTE/Desktop/Forge/frontend/node_modules/@testing-library/user-event/dist/types/index")'.
frontend/__tests__/routes/secrets-settings.test.tsx(308,21): error TS2339: Property 'clear' does not exist on type 'typeof import("C:/Users/GIGABYTE/Desktop/Forge/frontend/node_modules/@testing-library/user-event/dist/types/index")'.
frontend/__tests__/routes/secrets-settings.test.tsx(309,21): error TS2339: Property 'type' does not exist on type 'typeof import("C:/Users/GIGABYTE/Desktop/Forge/frontend/node_modules/@testing-library/user-event/dist/types/index")'.
frontend/__tests__/routes/secrets-settings.test.tsx(310,21): error TS2339: Property 'click' does not exist on type 'typeof import("C:/Users/GIGABYTE/Desktop/Forge/frontend/node_modules/@testing-library/user-event/dist/types/index")'.
frontend/__tests__/routes/secrets-settings.test.tsx(339,21): error TS2339: Property 'click' does not exist on type 'typeof import("C:/Users/GIGABYTE/Desktop/Forge/frontend/node_modules/@testing-library/user-event/dist/types/index")'.
frontend/__tests__/routes/secrets-settings.test.tsx(345,21): error TS2339: Property 'click' does not exist on type 'typeof import("C:/Users/GIGABYTE/Desktop/Forge/frontend/node_modules/@testing-library/user-event/dist/types/index")'.
frontend/__tests__/routes/secrets-settings.test.tsx(367,21): error TS2339: Property 'click' does not exist on type 'typeof import("C:/Users/GIGABYTE/Desktop/Forge/frontend/node_modules/@testing-library/user-event/dist/types/index")'.
frontend/__tests__/routes/secrets-settings.test.tsx(372,21): error TS2339: Property 'click' does not exist on type 'typeof import("C:/Users/GIGABYTE/Desktop/Forge/frontend/node_modules/@testing-library/user-event/dist/types/index")'.
frontend/__tests__/routes/secrets-settings.test.tsx(391,21): error TS2339: Property 'click' does not exist on type 'typeof import("C:/Users/GIGABYTE/Desktop/Forge/frontend/node_modules/@testing-library/user-event/dist/types/index")'.
frontend/__tests__/routes/secrets-settings.test.tsx(397,21): error TS2339: Property 'click' does not exist on type 'typeof import("C:/Users/GIGABYTE/Desktop/Forge/frontend/node_modules/@testing-library/user-event/dist/types/index")'.
frontend/__tests__/routes/secrets-settings.test.tsx(417,21): error TS2339: Property 'click' does not exist on type 'typeof import("C:/Users/GIGABYTE/Desktop/Forge/frontend/node_modules/@testing-library/user-event/dist/types/index")'.
frontend/__tests__/routes/secrets-settings.test.tsx(433,21): error TS2339: Property 'click' does not exist on type 'typeof import("C:/Users/GIGABYTE/Desktop/Forge/frontend/node_modules/@testing-library/user-event/dist/types/index")'.
frontend/__tests__/routes/secrets-settings.test.tsx(443,21): error TS2339: Property 'type' does not exist on type 'typeof import("C:/Users/GIGABYTE/Desktop/Forge/frontend/node_modules/@testing-library/user-event/dist/types/index")'.
frontend/__tests__/routes/secrets-settings.test.tsx(444,21): error TS2339: Property 'type' does not exist on type 'typeof import("C:/Users/GIGABYTE/Desktop/Forge/frontend/node_modules/@testing-library/user-event/dist/types/index")'.
frontend/__tests__/routes/secrets-settings.test.tsx(445,21): error TS2339: Property 'click' does not exist on type 'typeof import("C:/Users/GIGABYTE/Desktop/Forge/frontend/node_modules/@testing-library/user-event/dist/types/index")'.
frontend/__tests__/routes/secrets-settings.test.tsx(450,21): error TS2339: Property 'clear' does not exist on type 'typeof import("C:/Users/GIGABYTE/Desktop/Forge/frontend/node_modules/@testing-library/user-event/dist/types/index")'.
frontend/__tests__/routes/secrets-settings.test.tsx(451,21): error TS2339: Property 'type' does not exist on type 'typeof import("C:/Users/GIGABYTE/Desktop/Forge/frontend/node_modules/@testing-library/user-event/dist/types/index")'.
frontend/__tests__/routes/secrets-settings.test.tsx(452,21): error TS2339: Property 'click' does not exist on type 'typeof import("C:/Users/GIGABYTE/Desktop/Forge/frontend/node_modules/@testing-library/user-event/dist/types/index")'.
frontend/__tests__/routes/secrets-settings.test.tsx(470,21): error TS2339: Property 'click' does not exist on type 'typeof import("C:/Users/GIGABYTE/Desktop/Forge/frontend/node_modules/@testing-library/user-event/dist/types/index")'.
frontend/__tests__/routes/secrets-settings.test.tsx(480,21): error TS2339: Property 'type' does not exist on type 'typeof import("C:/Users/GIGABYTE/Desktop/Forge/frontend/node_modules/@testing-library/user-event/dist/types/index")'.
frontend/__tests__/routes/secrets-settings.test.tsx(481,21): error TS2339: Property 'type' does not exist on type 'typeof import("C:/Users/GIGABYTE/Desktop/Forge/frontend/node_modules/@testing-library/user-event/dist/types/index")'.
frontend/__tests__/routes/secrets-settings.test.tsx(482,21): error TS2339: Property 'click' does not exist on type 'typeof import("C:/Users/GIGABYTE/Desktop/Forge/frontend/node_modules/@testing-library/user-event/dist/types/index")'.
frontend/__tests__/routes/secrets-settings.test.tsx(490,21): error TS2339: Property 'clear' does not exist on type 'typeof import("C:/Users/GIGABYTE/Desktop/Forge/frontend/node_modules/@testing-library/user-event/dist/types/index")'.
frontend/__tests__/routes/secrets-settings.test.tsx(491,21): error TS2339: Property 'type' does not exist on type 'typeof import("C:/Users/GIGABYTE/Desktop/Forge/frontend/node_modules/@testing-library/user-event/dist/types/index")'.
frontend/__tests__/routes/secrets-settings.test.tsx(493,21): error TS2339: Property 'clear' does not exist on type 'typeof import("C:/Users/GIGABYTE/Desktop/Forge/frontend/node_modules/@testing-library/user-event/dist/types/index")'.
frontend/__tests__/routes/secrets-settings.test.tsx(494,21): error TS2339: Property 'type' does not exist on type 'typeof import("C:/Users/GIGABYTE/Desktop/Forge/frontend/node_modules/@testing-library/user-event/dist/types/index")'.
frontend/__tests__/routes/secrets-settings.test.tsx(496,21): error TS2339: Property 'click' does not exist on type 'typeof import("C:/Users/GIGABYTE/Desktop/Forge/frontend/node_modules/@testing-library/user-event/dist/types/index")'.
frontend/__tests__/routes/secrets-settings.test.tsx(515,21): error TS2339: Property 'click' does not exist on type 'typeof import("C:/Users/GIGABYTE/Desktop/Forge/frontend/node_modules/@testing-library/user-event/dist/types/index")'.
frontend/__tests__/routes/secrets-settings.test.tsx(525,21): error TS2339: Property 'type' does not exist on type 'typeof import("C:/Users/GIGABYTE/Desktop/Forge/frontend/node_modules/@testing-library/user-event/dist/types/index")'.
frontend/__tests__/routes/secrets-settings.test.tsx(526,21): error TS2339: Property 'type' does not exist on type 'typeof import("C:/Users/GIGABYTE/Desktop/Forge/frontend/node_modules/@testing-library/user-event/dist/types/index")'.
frontend/__tests__/routes/secrets-settings.test.tsx(527,21): error TS2339: Property 'click' does not exist on type 'typeof import("C:/Users/GIGABYTE/Desktop/Forge/frontend/node_modules/@testing-library/user-event/dist/types/index")'.
frontend/__tests__/routes/secrets-settings.test.tsx(532,21): error TS2339: Property 'clear' does not exist on type 'typeof import("C:/Users/GIGABYTE/Desktop/Forge/frontend/node_modules/@testing-library/user-event/dist/types/index")'.
frontend/__tests__/routes/secrets-settings.test.tsx(533,21): error TS2339: Property 'type' does not exist on type 'typeof import("C:/Users/GIGABYTE/Desktop/Forge/frontend/node_modules/@testing-library/user-event/dist/types/index")'.
frontend/__tests__/routes/secrets-settings.test.tsx(535,21): error TS2339: Property 'clear' does not exist on type 'typeof import("C:/Users/GIGABYTE/Desktop/Forge/frontend/node_modules/@testing-library/user-event/dist/types/index")'.
frontend/__tests__/routes/secrets-settings.test.tsx(536,21): error TS2339: Property 'type' does not exist on type 'typeof import("C:/Users/GIGABYTE/Desktop/Forge/frontend/node_modules/@testing-library/user-event/dist/types/index")'.
frontend/__tests__/routes/secrets-settings.test.tsx(538,21): error TS2339: Property 'click' does not exist on type 'typeof import("C:/Users/GIGABYTE/Desktop/Forge/frontend/node_modules/@testing-library/user-event/dist/types/index")'.
frontend/__tests__/routes/secrets-settings.test.tsx(556,21): error TS2339: Property 'click' does not exist on type 'typeof import("C:/Users/GIGABYTE/Desktop/Forge/frontend/node_modules/@testing-library/user-event/dist/types/index")'.
frontend/__tests__/routes/secrets-settings.test.tsx(566,21): error TS2339: Property 'type' does not exist on type 'typeof import("C:/Users/GIGABYTE/Desktop/Forge/frontend/node_modules/@testing-library/user-event/dist/types/index")'.
frontend/__tests__/routes/secrets-settings.test.tsx(567,21): error TS2339: Property 'type' does not exist on type 'typeof import("C:/Users/GIGABYTE/Desktop/Forge/frontend/node_modules/@testing-library/user-event/dist/types/index")'.
frontend/__tests__/routes/secrets-settings.test.tsx(568,21): error TS2339: Property 'click' does not exist on type 'typeof import("C:/Users/GIGABYTE/Desktop/Forge/frontend/node_modules/@testing-library/user-event/dist/types/index")'.
frontend/__tests__/routes/settings-with-payment.test.tsx(7,10): error TS2614: Module '"#/*"' has no exported member 'PaymentForm'. Did you mean to use 'import PaymentForm from "#/*"' instead?
frontend/__tests__/routes/settings-with-payment.test.tsx(11,24): error TS2347: Untyped function calls may not accept type arguments.
frontend/__tests__/routes/settings-with-payment.test.tsx(28,11): error TS2347: Untyped function calls may not accept type arguments.
frontend/__tests__/routes/settings-with-payment.test.tsx(87,28): error TS17004: Cannot use JSX unless the '--jsx' flag is provided.
frontend/__tests__/routes/settings-with-payment.test.tsx(91,28): error TS17004: Cannot use JSX unless the '--jsx' flag is provided.
frontend/__tests__/routes/settings-with-payment.test.tsx(95,28): error TS17004: Cannot use JSX unless the '--jsx' flag is provided.
frontend/__tests__/routes/settings-with-payment.test.tsx(103,25): error TS17004: Cannot use JSX unless the '--jsx' flag is provided.
frontend/__tests__/routes/settings-with-payment.test.tsx(148,28): error TS2339: Property 'setup' does not exist on type 'typeof import("C:/Users/GIGABYTE/Desktop/Forge/frontend/node_modules/@testing-library/user-event/dist/types/index")'.
frontend/__tests__/routes/settings.test.tsx(5,26): error TS2614: Module '"#/*"' has no exported member 'clientLoader'. Did you mean to use 'import clientLoader from "#/*"' instead?
frontend/__tests__/routes/settings.test.tsx(11,11): error TS2347: Untyped function calls may not accept type arguments.
frontend/__tests__/routes/settings.test.tsx(61,28): error TS17004: Cannot use JSX unless the '--jsx' flag is provided.
frontend/__tests__/routes/settings.test.tsx(65,28): error TS17004: Cannot use JSX unless the '--jsx' flag is provided.
frontend/__tests__/routes/settings.test.tsx(69,28): error TS17004: Cannot use JSX unless the '--jsx' flag is provided.
frontend/__tests__/routes/settings.test.tsx(73,28): error TS17004: Cannot use JSX unless the '--jsx' flag is provided.
frontend/__tests__/routes/settings.test.tsx(77,28): error TS17004: Cannot use JSX unless the '--jsx' flag is provided.
frontend/__tests__/routes/settings.test.tsx(85,12): error TS17004: Cannot use JSX unless the '--jsx' flag is provided.
frontend/__tests__/routes/settings.test.tsx(87,9): error TS17004: Cannot use JSX unless the '--jsx' flag is provided.
frontend/__tests__/routes/settings.test.tsx(97,5): error TS2578: Unused '@ts-expect-error' directive.
frontend/__tests__/routes/settings.test.tsx(160,5): error TS2578: Unused '@ts-expect-error' directive.
frontend/__tests__/services/actions.test.tsx(3,10): error TS2614: Module '"#/*"' has no exported member 'ActionMessage'. Did you mean to use 'import ActionMessage from "#/*"' instead?
frontend/__tests__/services/actions.test.tsx(31,13): error TS2339: Property 'handleActionMessage' does not exist on type 'typeof import("#/*", { with: { "resolution-mode": "import" } })'.
frontend/__tests__/services/actions.test.tsx(53,13): error TS2339: Property 'handleActionMessage' does not exist on type 'typeof import("#/*", { with: { "resolution-mode": "import" } })'.
frontend/__tests__/services/actions.test.tsx(78,13): error TS2339: Property 'handleActionMessage' does not exist on type 'typeof import("#/*", { with: { "resolution-mode": "import" } })'.
frontend/__tests__/sidebar-for-triage.test.tsx(10,8): error TS2835: Relative import paths need explicit file extensions in ECMAScript imports when '--moduleResolution' is 'node16' or 'nodenext'. Did you mean '../test-utils.js'?
frontend/__tests__/sidebar-for-triage.test.tsx(13,10): error TS2614: Module '"#/*"' has no exported member 'Sidebar'. Did you mean to use 'import Sidebar from "#/*"' instead?
frontend/__tests__/ui/heading-and-cta.test.tsx(4,37): error TS2835: Relative import paths need explicit file extensions in ECMAScript imports when '--moduleResolution' is 'node16' or 'nodenext'. Did you mean '../../test-utils.js'?
frontend/__tests__/ui/heading-and-cta.test.tsx(8,10): error TS2614: Module '"#/*"' has no exported member 'SettingsModal'. Did you mean to use 'import SettingsModal from "#/*"' instead?
frontend/__tests__/ui/heading-and-cta.test.tsx(13,7): error TS17004: Cannot use JSX unless the '--jsx' flag is provided.
frontend/__tests__/ui/heading-and-cta.test.tsx(14,9): error TS17004: Cannot use JSX unless the '--jsx' flag is provided.
frontend/__tests__/ui/heading-and-cta.test.tsx(28,7): error TS17004: Cannot use JSX unless the '--jsx' flag is provided.
frontend/__tests__/ui/heading-and-cta.test.tsx(29,9): error TS17004: Cannot use JSX unless the '--jsx' flag is provided.
frontend/__tests__/ui/heading-and-cta.test.tsx(41,7): error TS17004: Cannot use JSX unless the '--jsx' flag is provided.
frontend/__tests__/ui/heading-and-cta.test.tsx(42,9): error TS17004: Cannot use JSX unless the '--jsx' flag is provided.
frontend/__tests__/utils/amount-is-valid.test.ts(1,28): error TS2305: Module '"vitest"' has no exported member 'test'.
frontend/__tests__/utils/amount-is-valid.test.ts(2,10): error TS2614: Module '"#/*"' has no exported member 'amountIsValid'. Did you mean to use 'import amountIsValid from "#/*"' instead?
frontend/__tests__/utils/browser-tab.test.ts(3,10): error TS2614: Module '"#/*"' has no exported member 'browserTab'. Did you mean to use 'import browserTab from "#/*"' instead?
frontend/__tests__/utils/check-hardcoded-strings.test.tsx(2,10): error TS2305: Module '"vitest"' has no exported member 'test'.
frontend/__tests__/utils/check-hardcoded-strings.test.tsx(3,10): error TS2614: Module '"#/*"' has no exported member 'InteractiveChatBox'. Did you mean to use 'import InteractiveChatBox from "#/*"' instead?
frontend/__tests__/utils/check-hardcoded-strings.test.tsx(4,10): error TS2614: Module '"#/*"' has no exported member 'ChatInput'. Did you mean to use 'import ChatInput from "#/*"' instead?
frontend/__tests__/utils/check-hardcoded-strings.test.tsx(15,7): error TS17004: Cannot use JSX unless the '--jsx' flag is provided.
frontend/__tests__/utils/check-hardcoded-strings.test.tsx(35,12): error TS17004: Cannot use JSX unless the '--jsx' flag is provided.
frontend/__tests__/utils/convert-raw-providers-to-list.test.ts(2,10): error TS2614: Module '"#/*"' has no exported member 'Provider'. Did you mean to use 'import Provider from "#/*"' instead?
frontend/__tests__/utils/convert-raw-providers-to-list.test.ts(3,10): error TS2614: Module '"#/*"' has no exported member 'convertRawProvidersToList'. Did you mean to use 'import convertRawProvidersToList from "#/*"' instead?
frontend/__tests__/utils/error-handler.test.ts(4,3): error TS2614: Module '"#/*"' has no exported member 'trackError'. Did you mean to use 'import trackError from "#/*"' instead?
frontend/__tests__/utils/error-handler.test.ts(5,3): error TS2614: Module '"#/*"' has no exported member 'showErrorToast'. Did you mean to use 'import showErrorToast from "#/*"' instead?
frontend/__tests__/utils/error-handler.test.ts(6,3): error TS2614: Module '"#/*"' has no exported member 'showChatError'. Did you mean to use 'import showChatError from "#/*"' instead?
frontend/__tests__/utils/error-handler.test.ts(39,22): error TS2339: Property 'captureException' does not exist on type 'typeof import("C:/Users/GIGABYTE/Desktop/Forge/frontend/node_modules/posthog-js/dist/module")'.
frontend/__tests__/utils/error-handler.test.ts(59,22): error TS2339: Property 'captureException' does not exist on type 'typeof import("C:/Users/GIGABYTE/Desktop/Forge/frontend/node_modules/posthog-js/dist/module")'.
frontend/__tests__/utils/error-handler.test.ts(81,22): error TS2339: Property 'captureException' does not exist on type 'typeof import("C:/Users/GIGABYTE/Desktop/Forge/frontend/node_modules/posthog-js/dist/module")'.
frontend/__tests__/utils/error-handler.test.ts(101,22): error TS2339: Property 'captureException' does not exist on type 'typeof import("C:/Users/GIGABYTE/Desktop/Forge/frontend/node_modules/posthog-js/dist/module")'.
frontend/__tests__/utils/error-handler.test.ts(118,22): error TS2339: Property 'captureException' does not exist on type 'typeof import("C:/Users/GIGABYTE/Desktop/Forge/frontend/node_modules/posthog-js/dist/module")'.
frontend/__tests__/utils/error-handler.test.ts(132,22): error TS2339: Property 'captureException' does not exist on type 'typeof import("C:/Users/GIGABYTE/Desktop/Forge/frontend/node_modules/posthog-js/dist/module")'.
frontend/__tests__/utils/error-handler.test.ts(150,22): error TS2339: Property 'captureException' does not exist on type 'typeof import("C:/Users/GIGABYTE/Desktop/Forge/frontend/node_modules/posthog-js/dist/module")'.
frontend/__tests__/utils/error-handler.test.ts(172,22): error TS2339: Property 'captureException' does not exist on type 'typeof import("C:/Users/GIGABYTE/Desktop/Forge/frontend/node_modules/posthog-js/dist/module")'.
frontend/__tests__/utils/error-handler.test.ts(180,22): error TS2339: Property 'handleStatusMessage' does not exist on type 'typeof import("#/*", { with: { "resolution-mode": "import" } })'.
frontend/__tests__/utils/extract-model-and-provider.test.ts(2,41): error TS2835: Relative import paths need explicit file extensions in ECMAScript imports when '--moduleResolution' is 'node16' or 'nodenext'. Did you mean '../../src/utils/extract-model-and-provider.js'?
frontend/__tests__/utils/extract-next-page-from-link.test.ts(1,18): error TS2305: Module '"vitest"' has no exported member 'test'.
frontend/__tests__/utils/extract-next-page-from-link.test.ts(2,10): error TS2614: Module '"#/*"' has no exported member 'extractNextPageFromLink'. Did you mean to use 'import extractNextPageFromLink from "#/*"' instead?
frontend/__tests__/utils/format-ms.test.ts(1,10): error TS2305: Module '"vitest"' has no exported member 'test'.
frontend/__tests__/utils/format-ms.test.ts(2,26): error TS2835: Relative import paths need explicit file extensions in ECMAScript imports when '--moduleResolution' is 'node16' or 'nodenext'. Did you mean '../../src/utils/format-ms.js'?
frontend/__tests__/utils/format-time-delta.test.ts(2,10): error TS2614: Module '"#/*"' has no exported member 'formatTimeDelta'. Did you mean to use 'import formatTimeDelta from "#/*"' instead?
frontend/__tests__/utils/group-suggested-tasks.test.ts(1,18): error TS2305: Module '"vitest"' has no exported member 'test'.
frontend/__tests__/utils/group-suggested-tasks.test.ts(3,3): error TS2614: Module '"#/*"' has no exported member 'SuggestedTask'. Did you mean to use 'import SuggestedTask from "#/*"' instead?
frontend/__tests__/utils/group-suggested-tasks.test.ts(4,3): error TS2614: Module '"#/*"' has no exported member 'SuggestedTaskGroup'. Did you mean to use 'import SuggestedTaskGroup from "#/*"' instead?
frontend/__tests__/utils/group-suggested-tasks.test.ts(6,10): error TS2614: Module '"#/*"' has no exported member 'groupSuggestedTasks'. Did you mean to use 'import groupSuggestedTasks from "#/*"' instead?
frontend/__tests__/utils/handle-capture-consent.test.ts(3,10): error TS2614: Module '"#/*"' has no exported member 'handleCaptureConsent'. Did you mean to use 'import handleCaptureConsent from "#/*"' instead?
frontend/__tests__/utils/has-advanced-settings-set.test.ts(1,32): error TS2305: Module '"vitest"' has no exported member 'test'.
frontend/__tests__/utils/has-advanced-settings-set.test.ts(2,10): error TS2614: Module '"#/*"' has no exported member 'hasAdvancedSettingsSet'. Did you mean to use 'import hasAdvancedSettingsSet from "#/*"' instead?
frontend/__tests__/utils/has-advanced-settings-set.test.ts(3,10): error TS2614: Module '"#/*"' has no exported member 'DEFAULT_SETTINGS'. Did you mean to use 'import DEFAULT_SETTINGS from "#/*"' instead?
frontend/__tests__/utils/i18n-test-utils.tsx(29,10): error TS17004: Cannot use JSX unless the '--jsx' flag is provided.
frontend/__tests__/utils/is-custom-model.test.ts(2,10): error TS2614: Module '"#/*"' has no exported member 'isCustomModel'. Did you mean to use 'import isCustomModel from "#/*"' instead?
frontend/__tests__/utils/is-number.test.ts(1,10): error TS2305: Module '"vitest"' has no exported member 'test'.
frontend/__tests__/utils/is-number.test.ts(2,26): error TS2835: Relative import paths need explicit file extensions in ECMAScript imports when '--moduleResolution' is 'node16' or 'nodenext'. Did you mean '../../src/utils/is-number.js'?
frontend/__tests__/utils/map-provider.test.ts(1,10): error TS2305: Module '"vitest"' has no exported member 'test'.
frontend/__tests__/utils/map-provider.test.ts(2,29): error TS2835: Relative import paths need explicit file extensions in ECMAScript imports when '--moduleResolution' is 'node16' or 'nodenext'. Did you mean '../../src/utils/map-provider.js'?
frontend/__tests__/utils/model-name-case-preservation.test.tsx(2,10): error TS2614: Module '"#/*"' has no exported member 'extractSettings'. Did you mean to use 'import extractSettings from "#/*"' instead?
frontend/__tests__/utils/organize-models-and-providers.test.ts(1,18): error TS2305: Module '"vitest"' has no exported member 'test'.
frontend/__tests__/utils/organize-models-and-providers.test.ts(2,44): error TS2835: Relative import paths need explicit file extensions in ECMAScript imports when '--moduleResolution' is 'node16' or 'nodenext'. Did you mean '../../src/utils/organize-models-and-providers.js'?
frontend/__tests__/utils/parse-github-url.test.ts(1,18): error TS2305: Module '"vitest"' has no exported member 'test'.
frontend/__tests__/utils/parse-github-url.test.ts(2,32): error TS2835: Relative import paths need explicit file extensions in ECMAScript imports when '--moduleResolution' is 'node16' or 'nodenext'. Did you mean '../../src/utils/parse-github-url.js'?
frontend/__tests__/utils/parse-terminal-output.test.ts(2,37): error TS2835: Relative import paths need explicit file extensions in ECMAScript imports when '--moduleResolution' is 'node16' or 'nodenext'. Did you mean '../../src/utils/parse-terminal-output.js'?
frontend/__tests__/utils/utils.test.ts(1,10): error TS2305: Module '"vitest"' has no exported member 'test'.
frontend/__tests__/utils/utils.test.ts(6,8): error TS2835: Relative import paths need explicit file extensions in ECMAScript imports when '--moduleResolution' is 'node16' or 'nodenext'. Did you mean '../../src/utils/utils.js'?
frontend/components/features/sidebar/sidebar.ts(4,10): error TS2614: Module '"#/*"' has no exported member 'Sidebar'. Did you mean to use 'import Sidebar from "#/*"' instead?
frontend/repro-react-router-plugin/src/main.tsx(6,5): error TS17004: Cannot use JSX unless the '--jsx' flag is provided.
frontend/repro-react-router-plugin/src/main.tsx(7,14): error TS17004: Cannot use JSX unless the '--jsx' flag is provided.
frontend/repro-react-router-plugin/src/main.tsx(14,5): error TS17004: Cannot use JSX unless the '--jsx' flag is provided.
frontend/repro-react-router-plugin/src/main.tsx(15,15): error TS17004: Cannot use JSX unless the '--jsx' flag is provided.
frontend/repro-react-router-plugin/src/main.tsx(22,5): error TS17004: Cannot use JSX unless the '--jsx' flag is provided.
frontend/repro-react-router-plugin/src/main.tsx(23,7): error TS17004: Cannot use JSX unless the '--jsx' flag is provided.
frontend/repro-react-router-plugin/src/main.tsx(24,9): error TS17004: Cannot use JSX unless the '--jsx' flag is provided.
frontend/repro-react-router-plugin/src/main.tsx(24,34): error TS17004: Cannot use JSX unless the '--jsx' flag is provided.
frontend/repro-react-router-plugin/src/main.tsx(25,9): error TS17004: Cannot use JSX unless the '--jsx' flag is provided.
frontend/repro-react-router-plugin/src/main.tsx(25,39): error TS17004: Cannot use JSX unless the '--jsx' flag is provided.
frontend/repro-react-router-plugin/src/main.tsx(31,53): error TS17004: Cannot use JSX unless the '--jsx' flag is provided.
frontend/src/api/analytics.ts(5,27): error TS2835: Relative import paths need explicit file extensions in ECMAScript imports when '--moduleResolution' is 'node16' or 'nodenext'. Did you mean './open-hands-axios.js'?
frontend/src/api/analytics.ts(6,15): error TS2614: Module '"#/*"' has no exported member 'AnalyticsDashboard'. Did you mean to use 'import AnalyticsDashboard from "#/*"' instead?
frontend/src/api/analytics.ts(6,35): error TS2614: Module '"#/*"' has no exported member 'AnalyticsPeriod'. Did you mean to use 'import AnalyticsPeriod from "#/*"' instead?
frontend/src/api/analytics.ts(6,52): error TS2614: Module '"#/*"' has no exported member 'ModelUsageStats'. Did you mean to use 'import ModelUsageStats from "#/*"' instead?
frontend/src/api/analytics.ts(6,69): error TS2614: Module '"#/*"' has no exported member 'CostBreakdown'. Did you mean to use 'import CostBreakdown from "#/*"' instead?
frontend/src/api/analytics.ts(6,84): error TS2614: Module '"#/*"' has no exported member 'AnalyticsSummary'. Did you mean to use 'import AnalyticsSummary from "#/*"' instead?
frontend/src/api/api-keys.ts(1,27): error TS2835: Relative import paths need explicit file extensions in ECMAScript imports when '--moduleResolution' is 'node16' or 'nodenext'. Did you mean './open-hands-axios.js'?
frontend/src/api/database-connections.ts(5,27): error TS2835: Relative import paths need explicit file extensions in ECMAScript imports when '--moduleResolution' is 'node16' or 'nodenext'. Did you mean './open-hands-axios.js'?
frontend/src/api/database-connections.ts(7,3): error TS2614: Module '"#/*"' has no exported member 'DatabaseConnection'. Did you mean to use 'import DatabaseConnection from "#/*"' instead?
frontend/src/api/database-connections.ts(8,3): error TS2614: Module '"#/*"' has no exported member 'TestConnectionRequest'. Did you mean to use 'import TestConnectionRequest from "#/*"' instead?
frontend/src/api/database-connections.ts(9,3): error TS2614: Module '"#/*"' has no exported member 'TestConnectionResponse'. Did you mean to use 'import TestConnectionResponse from "#/*"' instead?
frontend/src/api/database-connections.ts(10,3): error TS2614: Module '"#/*"' has no exported member 'SchemaInfo'. Did you mean to use 'import SchemaInfo from "#/*"' instead?
frontend/src/api/database-connections.ts(11,3): error TS2614: Module '"#/*"' has no exported member 'QueryRequest'. Did you mean to use 'import QueryRequest from "#/*"' instead?
frontend/src/api/database-connections.ts(12,3): error TS2614: Module '"#/*"' has no exported member 'QueryResponse'. Did you mean to use 'import QueryResponse from "#/*"' instead?
frontend/src/api/invariant-service.ts(1,27): error TS2835: Relative import paths need explicit file extensions in ECMAScript imports when '--moduleResolution' is 'node16' or 'nodenext'. Did you mean './open-hands-axios.js'?
frontend/src/api/knowledge-base.ts(6,3): error TS2614: Module '"#/*"' has no exported member 'KnowledgeBaseCollection'. Did you mean to use 'import KnowledgeBaseCollection from "#/*"' instead?
frontend/src/api/knowledge-base.ts(7,3): error TS2614: Module '"#/*"' has no exported member 'KnowledgeBaseDocument'. Did you mean to use 'import KnowledgeBaseDocument from "#/*"' instead?
frontend/src/api/knowledge-base.ts(8,3): error TS2614: Module '"#/*"' has no exported member 'KnowledgeBaseSearchResult'. Did you mean to use 'import KnowledgeBaseSearchResult from "#/*"' instead?
frontend/src/api/knowledge-base.ts(9,3): error TS2614: Module '"#/*"' has no exported member 'CreateCollectionRequest'. Did you mean to use 'import CreateCollectionRequest from "#/*"' instead?
frontend/src/api/knowledge-base.ts(10,3): error TS2614: Module '"#/*"' has no exported member 'UpdateCollectionRequest'. Did you mean to use 'import UpdateCollectionRequest from "#/*"' instead?
frontend/src/api/knowledge-base.ts(11,3): error TS2614: Module '"#/*"' has no exported member 'SearchRequest'. Did you mean to use 'import SearchRequest from "#/*"' instead?
frontend/src/api/knowledge-base.ts(12,3): error TS2614: Module '"#/*"' has no exported member 'KnowledgeBaseStats'. Did you mean to use 'import KnowledgeBaseStats from "#/*"' instead?
frontend/src/api/mcp-marketplace.ts(2,3): error TS2614: Module '"#/*"' has no exported member 'MCPMarketplaceItem'. Did you mean to use 'import MCPMarketplaceItem from "#/*"' instead?
frontend/src/api/mcp-marketplace.ts(3,3): error TS2614: Module '"#/*"' has no exported member 'MCPMarketplaceResponse'. Did you mean to use 'import MCPMarketplaceResponse from "#/*"' instead?
frontend/src/api/mcp-marketplace.ts(4,3): error TS2614: Module '"#/*"' has no exported member 'MCPMarketplaceFilters'. Did you mean to use 'import MCPMarketplaceFilters from "#/*"' instead?
frontend/src/api/mcp-marketplace.ts(5,3): error TS2614: Module '"#/*"' has no exported member 'MCPCategory'. Did you mean to use 'import MCPCategory from "#/*"' instead?
frontend/src/api/mcp-marketplace.ts(1328,26): error TS7006: Parameter 'tag' implicitly has an 'any' type.
frontend/src/api/mcp-marketplace.ts(1339,34): error TS7006: Parameter 'c' implicitly has an 'any' type.
frontend/src/api/mcp-marketplace.ts(1355,37): error TS7006: Parameter 'c' implicitly has an 'any' type.
frontend/src/api/memory.ts(5,27): error TS2835: Relative import paths need explicit file extensions in ECMAScript imports when '--moduleResolution' is 'node16' or 'nodenext'. Did you mean './open-hands-axios.js'?
frontend/src/api/memory.ts(7,3): error TS2614: Module '"#/*"' has no exported member 'Memory'. Did you mean to use 'import Memory from "#/*"' instead?
frontend/src/api/memory.ts(8,3): error TS2614: Module '"#/*"' has no exported member 'CreateMemoryRequest'. Did you mean to use 'import CreateMemoryRequest from "#/*"' instead?
frontend/src/api/memory.ts(9,3): error TS2614: Module '"#/*"' has no exported member 'UpdateMemoryRequest'. Did you mean to use 'import UpdateMemoryRequest from "#/*"' instead?
frontend/src/api/memory.ts(10,3): error TS2614: Module '"#/*"' has no exported member 'SearchMemoriesRequest'. Did you mean to use 'import SearchMemoriesRequest from "#/*"' instead?
frontend/src/api/memory.ts(11,3): error TS2614: Module '"#/*"' has no exported member 'MemoryStats'. Did you mean to use 'import MemoryStats from "#/*"' instead?
frontend/src/api/memory.ts(12,3): error TS2614: Module '"#/*"' has no exported member 'MemoryExport'. Did you mean to use 'import MemoryExport from "#/*"' instead?
frontend/src/api/open-hands-axios.ts(70,45): error TS2339: Property 'setCurrentAgentState' does not exist on type 'typeof import("#/*", { with: { "resolution-mode": "import" } })'.
frontend/src/api/open-hands-axios.ts(72,49): error TS2339: Property 'AgentState' does not exist on type 'typeof import("#/*", { with: { "resolution-mode": "import" } })'.
frontend/src/api/open-hands.ts(21,8): error TS2307: Cannot find module './open-hands.types' or its corresponding type declarations.
frontend/src/api/open-hands.ts(22,27): error TS2835: Relative import paths need explicit file extensions in ECMAScript imports when '--moduleResolution' is 'node16' or 'nodenext'. Did you mean './open-hands-axios.js'?
frontend/src/api/open-hands.ts(23,10): error TS2614: Module '"#/*"' has no exported member 'ApiSettings'. Did you mean to use 'import ApiSettings from "#/*"' instead?
frontend/src/api/open-hands.ts(23,23): error TS2614: Module '"#/*"' has no exported member 'PostApiSettings'. Did you mean to use 'import PostApiSettings from "#/*"' instead?
frontend/src/api/open-hands.ts(23,40): error TS2614: Module '"#/*"' has no exported member 'Provider'. Did you mean to use 'import Provider from "#/*"' instead?
frontend/src/api/open-hands.ts(25,3): error TS2614: Module '"#/*"' has no exported member 'GitUser'. Did you mean to use 'import GitUser from "#/*"' instead?
frontend/src/api/open-hands.ts(26,3): error TS2614: Module '"#/*"' has no exported member 'GitRepository'. Did you mean to use 'import GitRepository from "#/*"' instead?
frontend/src/api/open-hands.ts(27,3): error TS2614: Module '"#/*"' has no exported member 'PaginatedBranchesResponse'. Did you mean to use 'import PaginatedBranchesResponse from "#/*"' instead?
frontend/src/api/open-hands.ts(28,3): error TS2614: Module '"#/*"' has no exported member 'Branch'. Did you mean to use 'import Branch from "#/*"' instead?
frontend/src/api/open-hands.ts(30,10): error TS2614: Module '"#/*"' has no exported member 'SuggestedTask'. Did you mean to use 'import SuggestedTask from "#/*"' instead?
frontend/src/api/open-hands.ts(31,10): error TS2614: Module '"#/*"' has no exported member 'extractNextPageFromLink'. Did you mean to use 'import extractNextPageFromLink from "#/*"' instead?
frontend/src/api/open-hands.ts(32,10): error TS2614: Module '"#/*"' has no exported member 'RepositoryMicroagent'. Did you mean to use 'import RepositoryMicroagent from "#/*"' instead?
frontend/src/api/open-hands.ts(33,10): error TS2614: Module '"#/*"' has no exported member 'BatchFeedbackData'. Did you mean to use 'import BatchFeedbackData from "#/*"' instead?
frontend/src/api/open-hands.ts(34,10): error TS2614: Module '"#/*"' has no exported member 'SubscriptionAccess'. Did you mean to use 'import SubscriptionAccess from "#/*"' instead?
frontend/src/api/open-hands.ts(35,10): error TS2614: Module '"#/*"' has no exported member 'getAPIBase'. Did you mean to use 'import getAPIBase from "#/*"' instead?
frontend/src/api/open-hands.ts(35,22): error TS2614: Module '"#/*"' has no exported member 'APIVersion'. Did you mean to use 'import APIVersion from "#/*"' instead?
frontend/src/api/open-hands.ts(35,34): error TS2614: Module '"#/*"' has no exported member 'CURRENT_API_VERSION'. Did you mean to use 'import CURRENT_API_VERSION from "#/*"' instead?
frontend/src/api/open-hands.ts(793,19): error TS2339: Property 'setCurrentAgentState' does not exist on type 'typeof import("#/*", { with: { "resolution-mode": "import" } })'.
frontend/src/api/open-hands.ts(795,19): error TS2339: Property 'AgentState' does not exist on type 'typeof import("#/*", { with: { "resolution-mode": "import" } })'.
frontend/src/api/open-hands.ts(859,19): error TS2339: Property 'setCurrentAgentState' does not exist on type 'typeof import("#/*", { with: { "resolution-mode": "import" } })'.
frontend/src/api/open-hands.ts(861,19): error TS2339: Property 'AgentState' does not exist on type 'typeof import("#/*", { with: { "resolution-mode": "import" } })'.
frontend/src/api/open-hands.types.ts(1,10): error TS2614: Module '"#/*"' has no exported member 'ConversationStatus'. Did you mean to use 'import ConversationStatus from "#/*"' instead?
frontend/src/api/open-hands.types.ts(2,10): error TS2614: Module '"#/*"' has no exported member 'RuntimeStatus'. Did you mean to use 'import RuntimeStatus from "#/*"' instead?
frontend/src/api/open-hands.types.ts(3,10): error TS2614: Module '"#/*"' has no exported member 'Provider'. Did you mean to use 'import Provider from "#/*"' instead?
frontend/src/api/prompts.ts(6,3): error TS2614: Module '"#/*"' has no exported member 'CreatePromptRequest'. Did you mean to use 'import CreatePromptRequest from "#/*"' instead?
frontend/src/api/prompts.ts(7,3): error TS2614: Module '"#/*"' has no exported member 'PromptCategory'. Did you mean to use 'import PromptCategory from "#/*"' instead?
frontend/src/api/prompts.ts(8,3): error TS2614: Module '"#/*"' has no exported member 'PromptCollection'. Did you mean to use 'import PromptCollection from "#/*"' instead?
frontend/src/api/prompts.ts(9,3): error TS2614: Module '"#/*"' has no exported member 'PromptStats'. Did you mean to use 'import PromptStats from "#/*"' instead?
frontend/src/api/prompts.ts(10,3): error TS2614: Module '"#/*"' has no exported member 'PromptTemplate'. Did you mean to use 'import PromptTemplate from "#/*"' instead?
frontend/src/api/prompts.ts(11,3): error TS2614: Module '"#/*"' has no exported member 'RenderPromptRequest'. Did you mean to use 'import RenderPromptRequest from "#/*"' instead?
frontend/src/api/prompts.ts(12,3): error TS2614: Module '"#/*"' has no exported member 'RenderPromptResponse'. Did you mean to use 'import RenderPromptResponse from "#/*"' instead?
frontend/src/api/prompts.ts(13,3): error TS2614: Module '"#/*"' has no exported member 'SearchPromptsRequest'. Did you mean to use 'import SearchPromptsRequest from "#/*"' instead?
frontend/src/api/prompts.ts(14,3): error TS2614: Module '"#/*"' has no exported member 'UpdatePromptRequest'. Did you mean to use 'import UpdatePromptRequest from "#/*"' instead?
frontend/src/api/secrets-service.ts(1,27): error TS2835: Relative import paths need explicit file extensions in ECMAScript imports when '--moduleResolution' is 'node16' or 'nodenext'. Did you mean './open-hands-axios.js'?
frontend/src/api/secrets-service.ts(6,8): error TS2307: Cannot find module './secrets-service.types' or its corresponding type declarations.
frontend/src/api/secrets-service.ts(7,10): error TS2614: Module '"#/*"' has no exported member 'Provider'. Did you mean to use 'import Provider from "#/*"' instead?
frontend/src/api/secrets-service.ts(7,20): error TS2614: Module '"#/*"' has no exported member 'ProviderToken'. Did you mean to use 'import ProviderToken from "#/*"' instead?
frontend/src/api/secrets-service.types.ts(1,10): error TS2614: Module '"#/*"' has no exported member 'Provider'. Did you mean to use 'import Provider from "#/*"' instead?
frontend/src/api/secrets-service.types.ts(1,20): error TS2614: Module '"#/*"' has no exported member 'ProviderToken'. Did you mean to use 'import ProviderToken from "#/*"' instead?
frontend/src/api/snippets.ts(6,3): error TS2614: Module '"#/*"' has no exported member 'CodeSnippet'. Did you mean to use 'import CodeSnippet from "#/*"' instead?
frontend/src/api/snippets.ts(7,3): error TS2614: Module '"#/*"' has no exported member 'CreateSnippetRequest'. Did you mean to use 'import CreateSnippetRequest from "#/*"' instead?
frontend/src/api/snippets.ts(8,3): error TS2614: Module '"#/*"' has no exported member 'SearchSnippetsRequest'. Did you mean to use 'import SearchSnippetsRequest from "#/*"' instead?
frontend/src/api/snippets.ts(9,3): error TS2614: Module '"#/*"' has no exported member 'SnippetCategory'. Did you mean to use 'import SnippetCategory from "#/*"' instead?
frontend/src/api/snippets.ts(10,3): error TS2614: Module '"#/*"' has no exported member 'SnippetCollection'. Did you mean to use 'import SnippetCollection from "#/*"' instead?
frontend/src/api/snippets.ts(11,3): error TS2614: Module '"#/*"' has no exported member 'SnippetLanguage'. Did you mean to use 'import SnippetLanguage from "#/*"' instead?
frontend/src/api/snippets.ts(12,3): error TS2614: Module '"#/*"' has no exported member 'SnippetStats'. Did you mean to use 'import SnippetStats from "#/*"' instead?
frontend/src/api/snippets.ts(13,3): error TS2614: Module '"#/*"' has no exported member 'UpdateSnippetRequest'. Did you mean to use 'import UpdateSnippetRequest from "#/*"' instead?
frontend/src/api/suggestions-service/suggestions-service.api.ts(1,10): error TS2614: Module '"#/*"' has no exported member 'SuggestedTask'. Did you mean to use 'import SuggestedTask from "#/*"' instead?
frontend/src/api/suggestions-service/suggestions-service.api.ts(2,27): error TS2835: Relative import paths need explicit file extensions in ECMAScript imports when '--moduleResolution' is 'node16' or 'nodenext'. Did you mean '../open-hands-axios.js'?
frontend/src/assets/arrow.tsx(5,5): error TS17004: Cannot use JSX unless the '--jsx' flag is provided.
frontend/src/assets/arrow.tsx(13,7): error TS17004: Cannot use JSX unless the '--jsx' flag is provided.
frontend/src/assets/calendar.tsx(5,5): error TS17004: Cannot use JSX unless the '--jsx' flag is provided.
frontend/src/assets/calendar.tsx(13,7): error TS17004: Cannot use JSX unless the '--jsx' flag is provided.
frontend/src/assets/chevron-left.tsx(13,5): error TS17004: Cannot use JSX unless the '--jsx' flag is provided.
frontend/src/assets/chevron-left.tsx(20,7): error TS17004: Cannot use JSX unless the '--jsx' flag is provided.
frontend/src/assets/chevron-right.tsx(13,5): error TS17004: Cannot use JSX unless the '--jsx' flag is provided.
frontend/src/assets/chevron-right.tsx(20,7): error TS17004: Cannot use JSX unless the '--jsx' flag is provided.
frontend/src/assets/cog-tooth.tsx(5,5): error TS17004: Cannot use JSX unless the '--jsx' flag is provided.
frontend/src/assets/cog-tooth.tsx(12,7): error TS17004: Cannot use JSX unless the '--jsx' flag is provided.
frontend/src/assets/cog-tooth.tsx(17,7): error TS17004: Cannot use JSX unless the '--jsx' flag is provided.
frontend/src/assets/confirm.tsx(5,5): error TS17004: Cannot use JSX unless the '--jsx' flag is provided.
frontend/src/assets/confirm.tsx(13,7): error TS17004: Cannot use JSX unless the '--jsx' flag is provided.
frontend/src/assets/earth.tsx(5,5): error TS17004: Cannot use JSX unless the '--jsx' flag is provided.
frontend/src/assets/earth.tsx(13,7): error TS17004: Cannot use JSX unless the '--jsx' flag is provided.
frontend/src/assets/pause.tsx(5,5): error TS17004: Cannot use JSX unless the '--jsx' flag is provided.
frontend/src/assets/pause.tsx(13,7): error TS17004: Cannot use JSX unless the '--jsx' flag is provided.
frontend/src/assets/pencil.tsx(5,5): error TS17004: Cannot use JSX unless the '--jsx' flag is provided.
frontend/src/assets/pencil.tsx(13,7): error TS17004: Cannot use JSX unless the '--jsx' flag is provided.
frontend/src/assets/play.tsx(5,5): error TS17004: Cannot use JSX unless the '--jsx' flag is provided.
frontend/src/assets/play.tsx(13,7): error TS17004: Cannot use JSX unless the '--jsx' flag is provided.
frontend/src/assets/reject.tsx(5,5): error TS17004: Cannot use JSX unless the '--jsx' flag is provided.
frontend/src/assets/reject.tsx(13,7): error TS17004: Cannot use JSX unless the '--jsx' flag is provided.
frontend/src/assets/stop.tsx(5,5): error TS17004: Cannot use JSX unless the '--jsx' flag is provided.
frontend/src/assets/stop.tsx(13,7): error TS17004: Cannot use JSX unless the '--jsx' flag is provided.
frontend/src/components/AsyncFileIcon.tsx(6,8): error TS2835: Relative import paths need explicit file extensions in ECMAScript imports when '--moduleResolution' is 'node16' or 'nodenext'. Did you mean '../utils/file-icons.js'?
frontend/src/components/AsyncFileIcon.tsx(56,7): error TS17004: Cannot use JSX unless the '--jsx' flag is provided.
frontend/src/components/AsyncFileIcon.tsx(60,9): error TS17004: Cannot use JSX unless the '--jsx' flag is provided.
frontend/src/components/AsyncFileIcon.tsx(66,5): error TS17004: Cannot use JSX unless the '--jsx' flag is provided.
frontend/src/components/extension-icon-map.constant.tsx(12,7): error TS17004: Cannot use JSX unless the '--jsx' flag is provided.
frontend/src/components/extension-icon-map.constant.tsx(13,7): error TS17004: Cannot use JSX unless the '--jsx' flag is provided.
frontend/src/components/extension-icon-map.constant.tsx(14,7): error TS17004: Cannot use JSX unless the '--jsx' flag is provided.
frontend/src/components/extension-icon-map.constant.tsx(15,8): error TS17004: Cannot use JSX unless the '--jsx' flag is provided.
frontend/src/components/extension-icon-map.constant.tsx(16,9): error TS17004: Cannot use JSX unless the '--jsx' flag is provided.
frontend/src/components/extension-icon-map.constant.tsx(17,14): error TS17004: Cannot use JSX unless the '--jsx' flag is provided.
frontend/src/components/extension-icon-map.constant.tsx(18,9): error TS17004: Cannot use JSX unless the '--jsx' flag is provided.
frontend/src/components/extension-icon-map.constant.tsx(19,7): error TS17004: Cannot use JSX unless the '--jsx' flag is provided.
frontend/src/components/features/analytics/analytics-consent-form-modal.tsx(3,3): error TS2614: Module '"#/*"' has no exported member 'BaseModalTitle'. Did you mean to use 'import BaseModalTitle from "#/*"' instead?
frontend/src/components/features/analytics/analytics-consent-form-modal.tsx(4,3): error TS2614: Module '"#/*"' has no exported member 'BaseModalDescription'. Did you mean to use 'import BaseModalDescription from "#/*"' instead?
frontend/src/components/features/analytics/analytics-consent-form-modal.tsx(6,10): error TS2614: Module '"#/*"' has no exported member 'ModalBackdrop'. Did you mean to use 'import ModalBackdrop from "#/*"' instead?
frontend/src/components/features/analytics/analytics-consent-form-modal.tsx(7,10): error TS2614: Module '"#/*"' has no exported member 'ModalBody'. Did you mean to use 'import ModalBody from "#/*"' instead?
frontend/src/components/features/analytics/analytics-consent-form-modal.tsx(8,10): error TS2614: Module '"#/*"' has no exported member 'useSaveSettings'. Did you mean to use 'import useSaveSettings from "#/*"' instead?
frontend/src/components/features/analytics/analytics-consent-form-modal.tsx(9,10): error TS2614: Module '"#/*"' has no exported member 'handleCaptureConsent'. Did you mean to use 'import handleCaptureConsent from "#/*"' instead?
frontend/src/components/features/analytics/analytics-consent-form-modal.tsx(10,29): error TS2835: Relative import paths need explicit file extensions in ECMAScript imports when '--moduleResolution' is 'node16' or 'nodenext'. Did you mean '../settings/brand-button.js'?
frontend/src/components/features/analytics/analytics-consent-form-modal.tsx(11,10): error TS2614: Module '"#/*"' has no exported member 'I18nKey'. Did you mean to use 'import I18nKey from "#/*"' instead?
frontend/src/components/features/analytics/analytics-consent-form-modal.tsx(40,5): error TS17004: Cannot use JSX unless the '--jsx' flag is provided.
frontend/src/components/features/analytics/analytics-consent-form-modal.tsx(41,7): error TS17004: Cannot use JSX unless the '--jsx' flag is provided.
frontend/src/components/features/analytics/analytics-consent-form-modal.tsx(46,9): error TS17004: Cannot use JSX unless the '--jsx' flag is provided.
frontend/src/components/features/analytics/analytics-consent-form-modal.tsx(47,11): error TS17004: Cannot use JSX unless the '--jsx' flag is provided.
frontend/src/components/features/analytics/analytics-consent-form-modal.tsx(48,11): error TS17004: Cannot use JSX unless the '--jsx' flag is provided.
frontend/src/components/features/analytics/analytics-consent-form-modal.tsx(52,11): error TS17004: Cannot use JSX unless the '--jsx' flag is provided.
frontend/src/components/features/analytics/analytics-consent-form-modal.tsx(53,13): error TS17004: Cannot use JSX unless the '--jsx' flag is provided.
frontend/src/components/features/analytics/analytics-consent-form-modal.tsx(57,11): error TS17004: Cannot use JSX unless the '--jsx' flag is provided.
frontend/src/components/features/analytics/cost-chart.tsx(2,15): error TS2614: Module '"#/*"' has no exported member 'TimeSeriesDataPoint'. Did you mean to use 'import TimeSeriesDataPoint from "#/*"' instead?
frontend/src/components/features/analytics/cost-chart.tsx(12,7): error TS17004: Cannot use JSX unless the '--jsx' flag is provided.
frontend/src/components/features/analytics/cost-chart.tsx(13,9): error TS17004: Cannot use JSX unless the '--jsx' flag is provided.
frontend/src/components/features/analytics/cost-chart.tsx(14,9): error TS17004: Cannot use JSX unless the '--jsx' flag is provided.
frontend/src/components/features/analytics/cost-chart.tsx(24,5): error TS17004: Cannot use JSX unless the '--jsx' flag is provided.
frontend/src/components/features/analytics/cost-chart.tsx(25,7): error TS17004: Cannot use JSX unless the '--jsx' flag is provided.
frontend/src/components/features/analytics/cost-chart.tsx(27,7): error TS17004: Cannot use JSX unless the '--jsx' flag is provided.
frontend/src/components/features/analytics/cost-chart.tsx(29,9): error TS17004: Cannot use JSX unless the '--jsx' flag is provided.
frontend/src/components/features/analytics/cost-chart.tsx(30,11): error TS17004: Cannot use JSX unless the '--jsx' flag is provided.
frontend/src/components/features/analytics/cost-chart.tsx(31,11): error TS17004: Cannot use JSX unless the '--jsx' flag is provided.
frontend/src/components/features/analytics/cost-chart.tsx(32,11): error TS17004: Cannot use JSX unless the '--jsx' flag is provided.
frontend/src/components/features/analytics/cost-chart.tsx(36,9): error TS17004: Cannot use JSX unless the '--jsx' flag is provided.
frontend/src/components/features/analytics/cost-chart.tsx(42,15): error TS17004: Cannot use JSX unless the '--jsx' flag is provided.
frontend/src/components/features/analytics/cost-chart.tsx(47,17): error TS17004: Cannot use JSX unless the '--jsx' flag is provided.
frontend/src/components/features/analytics/cost-chart.tsx(57,17): error TS17004: Cannot use JSX unless the '--jsx' flag is provided.
frontend/src/components/features/analytics/cost-chart.tsx(58,19): error TS17004: Cannot use JSX unless the '--jsx' flag is provided.
frontend/src/components/features/analytics/cost-chart.tsx(59,21): error TS17004: Cannot use JSX unless the '--jsx' flag is provided.
frontend/src/components/features/analytics/cost-chart.tsx(60,21): error TS17004: Cannot use JSX unless the '--jsx' flag is provided.
frontend/src/components/features/analytics/cost-chart.tsx(69,9): error TS17004: Cannot use JSX unless the '--jsx' flag is provided.
frontend/src/components/features/analytics/cost-chart.tsx(70,11): error TS17004: Cannot use JSX unless the '--jsx' flag is provided.
frontend/src/components/features/analytics/cost-chart.tsx(72,13): error TS17004: Cannot use JSX unless the '--jsx' flag is provided.
frontend/src/components/features/analytics/cost-chart.tsx(74,11): error TS17004: Cannot use JSX unless the '--jsx' flag is provided.
frontend/src/components/features/analytics/model-usage-table.tsx(2,15): error TS2614: Module '"#/*"' has no exported member 'ModelUsageStats'. Did you mean to use 'import ModelUsageStats from "#/*"' instead?
frontend/src/components/features/analytics/model-usage-table.tsx(11,7): error TS17004: Cannot use JSX unless the '--jsx' flag is provided.
frontend/src/components/features/analytics/model-usage-table.tsx(12,9): error TS17004: Cannot use JSX unless the '--jsx' flag is provided.
frontend/src/components/features/analytics/model-usage-table.tsx(15,9): error TS17004: Cannot use JSX unless the '--jsx' flag is provided.
frontend/src/components/features/analytics/model-usage-table.tsx(24,5): error TS17004: Cannot use JSX unless the '--jsx' flag is provided.
frontend/src/components/features/analytics/model-usage-table.tsx(25,7): error TS17004: Cannot use JSX unless the '--jsx' flag is provided.
frontend/src/components/features/analytics/model-usage-table.tsx(29,7): error TS17004: Cannot use JSX unless the '--jsx' flag is provided.
frontend/src/components/features/analytics/model-usage-table.tsx(30,9): error TS17004: Cannot use JSX unless the '--jsx' flag is provided.
frontend/src/components/features/analytics/model-usage-table.tsx(31,11): error TS17004: Cannot use JSX unless the '--jsx' flag is provided.
frontend/src/components/features/analytics/model-usage-table.tsx(32,13): error TS17004: Cannot use JSX unless the '--jsx' flag is provided.
frontend/src/components/features/analytics/model-usage-table.tsx(33,15): error TS17004: Cannot use JSX unless the '--jsx' flag is provided.
frontend/src/components/features/analytics/model-usage-table.tsx(36,15): error TS17004: Cannot use JSX unless the '--jsx' flag is provided.
frontend/src/components/features/analytics/model-usage-table.tsx(39,15): error TS17004: Cannot use JSX unless the '--jsx' flag is provided.
frontend/src/components/features/analytics/model-usage-table.tsx(42,15): error TS17004: Cannot use JSX unless the '--jsx' flag is provided.
frontend/src/components/features/analytics/model-usage-table.tsx(45,15): error TS17004: Cannot use JSX unless the '--jsx' flag is provided.
frontend/src/components/features/analytics/model-usage-table.tsx(48,15): error TS17004: Cannot use JSX unless the '--jsx' flag is provided.
frontend/src/components/features/analytics/model-usage-table.tsx(53,11): error TS17004: Cannot use JSX unless the '--jsx' flag is provided.
frontend/src/components/features/analytics/model-usage-table.tsx(61,17): error TS17004: Cannot use JSX unless the '--jsx' flag is provided.
frontend/src/components/features/analytics/model-usage-table.tsx(65,19): error TS17004: Cannot use JSX unless the '--jsx' flag is provided.
frontend/src/components/features/analytics/model-usage-table.tsx(66,21): error TS17004: Cannot use JSX unless the '--jsx' flag is provided.
frontend/src/components/features/analytics/model-usage-table.tsx(68,25): error TS17004: Cannot use JSX unless the '--jsx' flag is provided.
frontend/src/components/features/analytics/model-usage-table.tsx(72,23): error TS17004: Cannot use JSX unless the '--jsx' flag is provided.
frontend/src/components/features/analytics/model-usage-table.tsx(77,19): error TS17004: Cannot use JSX unless the '--jsx' flag is provided.
frontend/src/components/features/analytics/model-usage-table.tsx(80,19): error TS17004: Cannot use JSX unless the '--jsx' flag is provided.
frontend/src/components/features/analytics/model-usage-table.tsx(81,21): error TS17004: Cannot use JSX unless the '--jsx' flag is provided.
frontend/src/components/features/analytics/model-usage-table.tsx(82,21): error TS17004: Cannot use JSX unless the '--jsx' flag is provided.
frontend/src/components/features/analytics/model-usage-table.tsx(86,19): error TS17004: Cannot use JSX unless the '--jsx' flag is provided.
frontend/src/components/features/analytics/model-usage-table.tsx(89,19): error TS17004: Cannot use JSX unless the '--jsx' flag is provided.
frontend/src/components/features/analytics/model-usage-table.tsx(90,21): error TS17004: Cannot use JSX unless the '--jsx' flag is provided.
frontend/src/components/features/analytics/model-usage-table.tsx(94,23): error TS17004: Cannot use JSX unless the '--jsx' flag is provided.
frontend/src/components/features/analytics/model-usage-table.tsx(99,19): error TS17004: Cannot use JSX unless the '--jsx' flag is provided.
frontend/src/components/features/analytics/model-usage-table.tsx(100,21): error TS17004: Cannot use JSX unless the '--jsx' flag is provided.
frontend/src/components/features/analytics/model-usage-table.tsx(108,11): error TS17004: Cannot use JSX unless the '--jsx' flag is provided.
frontend/src/components/features/analytics/model-usage-table.tsx(109,13): error TS17004: Cannot use JSX unless the '--jsx' flag is provided.
frontend/src/components/features/analytics/model-usage-table.tsx(110,15): error TS17004: Cannot use JSX unless the '--jsx' flag is provided.
frontend/src/components/features/analytics/model-usage-table.tsx(111,15): error TS17004: Cannot use JSX unless the '--jsx' flag is provided.
frontend/src/components/features/analytics/model-usage-table.tsx(114,15): error TS17004: Cannot use JSX unless the '--jsx' flag is provided.
frontend/src/components/features/analytics/model-usage-table.tsx(117,15): error TS17004: Cannot use JSX unless the '--jsx' flag is provided.
frontend/src/components/features/analytics/model-usage-table.tsx(118,15): error TS17004: Cannot use JSX unless the '--jsx' flag is provided.
frontend/src/components/features/analytics/model-usage-table.tsx(121,15): error TS17004: Cannot use JSX unless the '--jsx' flag is provided.
frontend/src/components/features/analytics/stat-card.tsx(19,5): error TS17004: Cannot use JSX unless the '--jsx' flag is provided.
frontend/src/components/features/analytics/stat-card.tsx(20,7): error TS17004: Cannot use JSX unless the '--jsx' flag is provided.
frontend/src/components/features/analytics/stat-card.tsx(21,9): error TS17004: Cannot use JSX unless the '--jsx' flag is provided.
frontend/src/components/features/analytics/stat-card.tsx(22,11): error TS17004: Cannot use JSX unless the '--jsx' flag is provided.
frontend/src/components/features/analytics/stat-card.tsx(25,11): error TS17004: Cannot use JSX unless the '--jsx' flag is provided.
frontend/src/components/features/analytics/stat-card.tsx(27,13): error TS17004: Cannot use JSX unless the '--jsx' flag is provided.
frontend/src/components/features/analytics/stat-card.tsx(34,7): error TS17004: Cannot use JSX unless the '--jsx' flag is provided.
frontend/src/components/features/analytics/stat-card.tsx(37,7): error TS17004: Cannot use JSX unless the '--jsx' flag is provided.
frontend/src/components/features/analytics/stat-card.tsx(39,9): error TS17004: Cannot use JSX unless the '--jsx' flag is provided.
frontend/src/components/features/beta/beta-wrapper.tsx(2,38): error TS2835: Relative import paths need explicit file extensions in ECMAScript imports when '--moduleResolution' is 'node16' or 'nodenext'. Did you mean './runtime-loading-screen.js'?
frontend/src/components/features/beta/beta-wrapper.tsx(3,32): error TS2835: Relative import paths need explicit file extensions in ECMAScript imports when '--moduleResolution' is 'node16' or 'nodenext'. Did you mean './inline-llm-setup.js'?
frontend/src/components/features/beta/beta-wrapper.tsx(4,10): error TS2614: Module '"#/*"' has no exported member 'useSettings'. Did you mean to use 'import useSettings from "#/*"' instead?
frontend/src/components/features/beta/beta-wrapper.tsx(5,10): error TS2614: Module '"#/*"' has no exported member 'useBackgroundRuntimeInit'. Did you mean to use 'import useBackgroundRuntimeInit from "#/*"' instead?
frontend/src/components/features/beta/beta-wrapper.tsx(30,12): error TS17004: Cannot use JSX unless the '--jsx' flag is provided.
frontend/src/components/features/beta/beta-wrapper.tsx(35,12): error TS17004: Cannot use JSX unless the '--jsx' flag is provided.
frontend/src/components/features/beta/beta-wrapper.tsx(40,12): error TS17004: Cannot use JSX unless the '--jsx' flag is provided.
frontend/src/components/features/beta/beta-wrapper.tsx(46,7): error TS17004: Cannot use JSX unless the '--jsx' flag is provided.
frontend/src/components/features/beta/beta-wrapper.tsx(47,9): error TS17004: Cannot use JSX unless the '--jsx' flag is provided.
frontend/src/components/features/beta/beta-wrapper.tsx(48,11): error TS17004: Cannot use JSX unless the '--jsx' flag is provided.
frontend/src/components/features/beta/beta-wrapper.tsx(49,13): error TS17004: Cannot use JSX unless the '--jsx' flag is provided.
frontend/src/components/features/beta/beta-wrapper.tsx(55,15): error TS17004: Cannot use JSX unless the '--jsx' flag is provided.
frontend/src/components/features/beta/beta-wrapper.tsx(63,11): error TS17004: Cannot use JSX unless the '--jsx' flag is provided.
frontend/src/components/features/beta/beta-wrapper.tsx(66,11): error TS17004: Cannot use JSX unless the '--jsx' flag is provided.
frontend/src/components/features/beta/beta-wrapper.tsx(69,11): error TS17004: Cannot use JSX unless the '--jsx' flag is provided.
frontend/src/components/features/beta/beta-wrapper.tsx(81,10): error TS17004: Cannot use JSX unless the '--jsx' flag is provided.
frontend/src/components/features/beta/inline-llm-setup.tsx(3,10): error TS2614: Module '"#/*"' has no exported member 'Button'. Did you mean to use 'import Button from "#/*"' instead?
frontend/src/components/features/beta/inline-llm-setup.tsx(4,10): error TS2614: Module '"#/*"' has no exported member 'Input'. Did you mean to use 'import Input from "#/*"' instead?
frontend/src/components/features/beta/inline-llm-setup.tsx(5,10): error TS2614: Module '"#/*"' has no exported member 'useSettings'. Did you mean to use 'import useSettings from "#/*"' instead?
frontend/src/components/features/beta/inline-llm-setup.tsx(6,10): error TS2614: Module '"#/*"' has no exported member 'useSaveSettings'. Did you mean to use 'import useSaveSettings from "#/*"' instead?
frontend/src/components/features/beta/inline-llm-setup.tsx(7,10): error TS2614: Module '"#/*"' has no exported member 'Card'. Did you mean to use 'import Card from "#/*"' instead?
frontend/src/components/features/beta/inline-llm-setup.tsx(7,16): error TS2614: Module '"#/*"' has no exported member 'CardContent'. Did you mean to use 'import CardContent from "#/*"' instead?
frontend/src/components/features/beta/inline-llm-setup.tsx(50,5): error TS17004: Cannot use JSX unless the '--jsx' flag is provided.
frontend/src/components/features/beta/inline-llm-setup.tsx(51,7): error TS17004: Cannot use JSX unless the '--jsx' flag is provided.
frontend/src/components/features/beta/inline-llm-setup.tsx(53,9): error TS17004: Cannot use JSX unless the '--jsx' flag is provided.
frontend/src/components/features/beta/inline-llm-setup.tsx(54,11): error TS17004: Cannot use JSX unless the '--jsx' flag is provided.
frontend/src/components/features/beta/inline-llm-setup.tsx(55,13): error TS17004: Cannot use JSX unless the '--jsx' flag is provided.
frontend/src/components/features/beta/inline-llm-setup.tsx(57,11): error TS17004: Cannot use JSX unless the '--jsx' flag is provided.
frontend/src/components/features/beta/inline-llm-setup.tsx(60,11): error TS17004: Cannot use JSX unless the '--jsx' flag is provided.
frontend/src/components/features/beta/inline-llm-setup.tsx(66,9): error TS17004: Cannot use JSX unless the '--jsx' flag is provided.
frontend/src/components/features/beta/inline-llm-setup.tsx(67,11): error TS17004: Cannot use JSX unless the '--jsx' flag is provided.
frontend/src/components/features/beta/inline-llm-setup.tsx(68,13): error TS17004: Cannot use JSX unless the '--jsx' flag is provided.
frontend/src/components/features/beta/inline-llm-setup.tsx(71,11): error TS17004: Cannot use JSX unless the '--jsx' flag is provided.
frontend/src/components/features/beta/inline-llm-setup.tsx(73,15): error TS17004: Cannot use JSX unless the '--jsx' flag is provided.
frontend/src/components/features/beta/inline-llm-setup.tsx(82,17): error TS17004: Cannot use JSX unless the '--jsx' flag is provided.
frontend/src/components/features/beta/inline-llm-setup.tsx(83,17): error TS17004: Cannot use JSX unless the '--jsx' flag is provided.
frontend/src/components/features/beta/inline-llm-setup.tsx(90,9): error TS17004: Cannot use JSX unless the '--jsx' flag is provided.
frontend/src/components/features/beta/inline-llm-setup.tsx(91,11): error TS17004: Cannot use JSX unless the '--jsx' flag is provided.
frontend/src/components/features/beta/inline-llm-setup.tsx(92,13): error TS17004: Cannot use JSX unless the '--jsx' flag is provided.
frontend/src/components/features/beta/inline-llm-setup.tsx(95,11): error TS17004: Cannot use JSX unless the '--jsx' flag is provided.
frontend/src/components/features/beta/inline-llm-setup.tsx(98,24): error TS7006: Parameter 'e' implicitly has an 'any' type.
frontend/src/components/features/beta/inline-llm-setup.tsx(102,11): error TS17004: Cannot use JSX unless the '--jsx' flag is provided.
frontend/src/components/features/beta/inline-llm-setup.tsx(105,15): error TS17004: Cannot use JSX unless the '--jsx' flag is provided.
frontend/src/components/features/beta/inline-llm-setup.tsx(115,15): error TS17004: Cannot use JSX unless the '--jsx' flag is provided.
frontend/src/components/features/beta/inline-llm-setup.tsx(128,9): error TS17004: Cannot use JSX unless the '--jsx' flag is provided.
frontend/src/components/features/beta/inline-llm-setup.tsx(129,11): error TS17004: Cannot use JSX unless the '--jsx' flag is provided.
frontend/src/components/features/beta/inline-llm-setup.tsx(130,16): error TS17004: Cannot use JSX unless the '--jsx' flag is provided.
frontend/src/components/features/beta/inline-llm-setup.tsx(135,9): error TS17004: Cannot use JSX unless the '--jsx' flag is provided.
frontend/src/components/features/beta/inline-llm-setup.tsx(136,11): error TS17004: Cannot use JSX unless the '--jsx' flag is provided.
frontend/src/components/features/beta/inline-llm-setup.tsx(146,9): error TS17004: Cannot use JSX unless the '--jsx' flag is provided.
frontend/src/components/features/beta/inline-llm-setup.tsx(147,11): error TS17004: Cannot use JSX unless the '--jsx' flag is provided.
frontend/src/components/features/beta/runtime-loading-screen.tsx(3,10): error TS2614: Module '"#/*"' has no exported member 'Card'. Did you mean to use 'import Card from "#/*"' instead?
frontend/src/components/features/beta/runtime-loading-screen.tsx(3,16): error TS2614: Module '"#/*"' has no exported member 'CardContent'. Did you mean to use 'import CardContent from "#/*"' instead?
frontend/src/components/features/beta/runtime-loading-screen.tsx(63,5): error TS17004: Cannot use JSX unless the '--jsx' flag is provided.
frontend/src/components/features/beta/runtime-loading-screen.tsx(64,7): error TS17004: Cannot use JSX unless the '--jsx' flag is provided.
frontend/src/components/features/beta/runtime-loading-screen.tsx(65,9): error TS17004: Cannot use JSX unless the '--jsx' flag is provided.
frontend/src/components/features/beta/runtime-loading-screen.tsx(67,11): error TS17004: Cannot use JSX unless the '--jsx' flag is provided.
frontend/src/components/features/beta/runtime-loading-screen.tsx(68,13): error TS17004: Cannot use JSX unless the '--jsx' flag is provided.
frontend/src/components/features/beta/runtime-loading-screen.tsx(69,15): error TS17004: Cannot use JSX unless the '--jsx' flag is provided.
frontend/src/components/features/beta/runtime-loading-screen.tsx(71,13): error TS17004: Cannot use JSX unless the '--jsx' flag is provided.
frontend/src/components/features/beta/runtime-loading-screen.tsx(74,13): error TS17004: Cannot use JSX unless the '--jsx' flag is provided.
frontend/src/components/features/beta/runtime-loading-screen.tsx(80,11): error TS17004: Cannot use JSX unless the '--jsx' flag is provided.
frontend/src/components/features/beta/runtime-loading-screen.tsx(81,13): error TS17004: Cannot use JSX unless the '--jsx' flag is provided.
frontend/src/components/features/beta/runtime-loading-screen.tsx(82,15): error TS17004: Cannot use JSX unless the '--jsx' flag is provided.
frontend/src/components/features/beta/runtime-loading-screen.tsx(87,13): error TS17004: Cannot use JSX unless the '--jsx' flag is provided.
frontend/src/components/features/beta/runtime-loading-screen.tsx(93,11): error TS17004: Cannot use JSX unless the '--jsx' flag is provided.
frontend/src/components/features/beta/runtime-loading-screen.tsx(95,15): error TS17004: Cannot use JSX unless the '--jsx' flag is provided.
frontend/src/components/features/beta/runtime-loading-screen.tsx(100,19): error TS17004: Cannot use JSX unless the '--jsx' flag is provided.
frontend/src/components/features/beta/runtime-loading-screen.tsx(102,19): error TS17004: Cannot use JSX unless the '--jsx' flag is provided.
frontend/src/components/features/beta/runtime-loading-screen.tsx(104,19): error TS17004: Cannot use JSX unless the '--jsx' flag is provided.
frontend/src/components/features/beta/runtime-loading-screen.tsx(106,17): error TS17004: Cannot use JSX unless the '--jsx' flag is provided.
frontend/src/components/features/beta/runtime-loading-screen.tsx(122,11): error TS17004: Cannot use JSX unless the '--jsx' flag is provided.
frontend/src/components/features/beta/runtime-loading-screen.tsx(123,13): error TS17004: Cannot use JSX unless the '--jsx' flag is provided.
frontend/src/components/features/browser/interactive-browser.tsx(11,10): error TS2614: Module '"#/*"' has no exported member 'RootState'. Did you mean to use 'import RootState from "#/*"' instead?
frontend/src/components/features/browser/interactive-browser.tsx(12,10): error TS2614: Module '"#/*"' has no exported member 'cn'. Did you mean to use 'import cn from "#/*"' instead?
frontend/src/components/features/browser/interactive-browser.tsx(168,5): error TS17004: Cannot use JSX unless the '--jsx' flag is provided.
frontend/src/components/features/browser/interactive-browser.tsx(175,7): error TS17004: Cannot use JSX unless the '--jsx' flag is provided.
frontend/src/components/features/browser/interactive-browser.tsx(177,9): error TS17004: Cannot use JSX unless the '--jsx' flag is provided.
frontend/src/components/features/browser/interactive-browser.tsx(179,11): error TS17004: Cannot use JSX unless the '--jsx' flag is provided.
frontend/src/components/features/browser/interactive-browser.tsx(180,13): error TS17004: Cannot use JSX unless the '--jsx' flag is provided.
frontend/src/components/features/browser/interactive-browser.tsx(181,13): error TS17004: Cannot use JSX unless the '--jsx' flag is provided.
frontend/src/components/features/browser/interactive-browser.tsx(190,11): error TS17004: Cannot use JSX unless the '--jsx' flag is provided.
frontend/src/components/features/browser/interactive-browser.tsx(192,13): error TS17004: Cannot use JSX unless the '--jsx' flag is provided.
frontend/src/components/features/browser/interactive-browser.tsx(204,15): error TS17004: Cannot use JSX unless the '--jsx' flag is provided.
frontend/src/components/features/browser/interactive-browser.tsx(210,13): error TS17004: Cannot use JSX unless the '--jsx' flag is provided.
frontend/src/components/features/browser/interactive-browser.tsx(222,15): error TS17004: Cannot use JSX unless the '--jsx' flag is provided.
frontend/src/components/features/browser/interactive-browser.tsx(226,13): error TS17004: Cannot use JSX unless the '--jsx' flag is provided.
frontend/src/components/features/browser/interactive-browser.tsx(233,17): error TS17004: Cannot use JSX unless the '--jsx' flag is provided.
frontend/src/components/features/browser/interactive-browser.tsx(235,17): error TS17004: Cannot use JSX unless the '--jsx' flag is provided.
frontend/src/components/features/browser/interactive-browser.tsx(243,11): error TS17004: Cannot use JSX unless the '--jsx' flag is provided.
frontend/src/components/features/browser/interactive-browser.tsx(244,13): error TS17004: Cannot use JSX unless the '--jsx' flag is provided.
frontend/src/components/features/browser/interactive-browser.tsx(245,15): error TS17004: Cannot use JSX unless the '--jsx' flag is provided.
frontend/src/components/features/browser/interactive-browser.tsx(246,17): error TS17004: Cannot use JSX unless the '--jsx' flag is provided.
frontend/src/components/features/browser/interactive-browser.tsx(247,17): error TS17004: Cannot use JSX unless the '--jsx' flag is provided.
frontend/src/components/features/browser/interactive-browser.tsx(256,15): error TS17004: Cannot use JSX unless the '--jsx' flag is provided.
frontend/src/components/features/browser/interactive-browser.tsx(268,7): error TS17004: Cannot use JSX unless the '--jsx' flag is provided.
frontend/src/components/features/browser/interactive-browser.tsx(270,11): error TS17004: Cannot use JSX unless the '--jsx' flag is provided.
frontend/src/components/features/browser/interactive-browser.tsx(271,13): error TS17004: Cannot use JSX unless the '--jsx' flag is provided.
frontend/src/components/features/browser/interactive-browser.tsx(272,13): error TS17004: Cannot use JSX unless the '--jsx' flag is provided.
frontend/src/components/features/browser/interactive-browser.tsx(275,13): error TS17004: Cannot use JSX unless the '--jsx' flag is provided.
frontend/src/components/features/browser/interactive-browser.tsx(281,11): error TS17004: Cannot use JSX unless the '--jsx' flag is provided.
frontend/src/components/features/browser/interactive-browser.tsx(283,15): error TS17004: Cannot use JSX unless the '--jsx' flag is provided.
frontend/src/components/features/browser/interactive-browser.tsx(284,17): error TS17004: Cannot use JSX unless the '--jsx' flag is provided.
frontend/src/components/features/browser/interactive-browser.tsx(285,19): error TS17004: Cannot use JSX unless the '--jsx' flag is provided.
frontend/src/components/features/browser/interactive-browser.tsx(286,19): error TS17004: Cannot use JSX unless the '--jsx' flag is provided.
frontend/src/components/features/browser/interactive-browser.tsx(290,13): error TS17004: Cannot use JSX unless the '--jsx' flag is provided.
frontend/src/components/features/chat/__tests__/ChatInterface.test.tsx(6,41): error TS2835: Relative import paths need explicit file extensions in ECMAScript imports when '--moduleResolution' is 'node16' or 'nodenext'. Did you mean '../chat-interface-refactored.js'?
frontend/src/components/features/chat/__tests__/ChatInterface.test.tsx(7,10): error TS2614: Module '"#/*"' has no exported member 'TaskProvider'. Did you mean to use 'import TaskProvider from "#/*"' instead?
frontend/src/components/features/chat/__tests__/ChatInterface.test.tsx(115,7): error TS17004: Cannot use JSX unless the '--jsx' flag is provided.
frontend/src/components/features/chat/__tests__/ChatInterface.test.tsx(116,9): error TS17004: Cannot use JSX unless the '--jsx' flag is provided.
frontend/src/components/features/chat/__tests__/ChatInterface.test.tsx(117,11): error TS17004: Cannot use JSX unless the '--jsx' flag is provided.
frontend/src/components/features/chat/__tests__/ChatInterface.test.tsx(126,25): error TS17004: Cannot use JSX unless the '--jsx' flag is provided.
frontend/src/components/features/chat/__tests__/ChatInterface.test.tsx(139,25): error TS17004: Cannot use JSX unless the '--jsx' flag is provided.
frontend/src/components/features/chat/__tests__/ChatInterface.test.tsx(145,25): error TS17004: Cannot use JSX unless the '--jsx' flag is provided.
frontend/src/components/features/chat/__tests__/ChatInterface.test.tsx(155,25): error TS17004: Cannot use JSX unless the '--jsx' flag is provided.
frontend/src/components/features/chat/__tests__/ChatInterface.test.tsx(179,25): error TS17004: Cannot use JSX unless the '--jsx' flag is provided.
frontend/src/components/features/chat/__tests__/ChatInterface.test.tsx(185,25): error TS17004: Cannot use JSX unless the '--jsx' flag is provided.
frontend/src/components/features/chat/__tests__/ChatInterface.test.tsx(194,25): error TS17004: Cannot use JSX unless the '--jsx' flag is provided.
frontend/src/components/features/chat/__tests__/ChatInterface.test.tsx(203,25): error TS17004: Cannot use JSX unless the '--jsx' flag is provided.
frontend/src/components/features/chat/__tests__/ChatInterface.test.tsx(212,25): error TS17004: Cannot use JSX unless the '--jsx' flag is provided.
frontend/src/components/features/chat/__tests__/ChatInterface.test.tsx(228,25): error TS17004: Cannot use JSX unless the '--jsx' flag is provided.
frontend/src/components/features/chat/__tests__/ChatInterface.test.tsx(241,25): error TS17004: Cannot use JSX unless the '--jsx' flag is provided.
frontend/src/components/features/chat/__tests__/streaming-thought.test.tsx(9,34): error TS2835: Relative import paths need explicit file extensions in ECMAScript imports when '--moduleResolution' is 'node16' or 'nodenext'. Did you mean '../streaming-thought.js'?
frontend/src/components/features/chat/__tests__/streaming-thought.test.tsx(11,3): error TS2614: Module '"#/*"' has no exported member 'startStream'. Did you mean to use 'import startStream from "#/*"' instead?
frontend/src/components/features/chat/__tests__/streaming-thought.test.tsx(12,3): error TS2614: Module '"#/*"' has no exported member 'appendStreamChunk'. Did you mean to use 'import appendStreamChunk from "#/*"' instead?
frontend/src/components/features/chat/__tests__/streaming-thought.test.tsx(13,3): error TS2614: Module '"#/*"' has no exported member 'completeStream'. Did you mean to use 'import completeStream from "#/*"' instead?
frontend/src/components/features/chat/__tests__/streaming-thought.test.tsx(44,19): error TS17004: Cannot use JSX unless the '--jsx' flag is provided.
frontend/src/components/features/chat/__tests__/streaming-thought.test.tsx(49,21): error TS17004: Cannot use JSX unless the '--jsx' flag is provided.
frontend/src/components/features/chat/__tests__/streaming-thought.test.tsx(61,21): error TS17004: Cannot use JSX unless the '--jsx' flag is provided.
frontend/src/components/features/chat/__tests__/streaming-thought.test.tsx(73,21): error TS17004: Cannot use JSX unless the '--jsx' flag is provided.
frontend/src/components/features/chat/__tests__/streaming-thought.test.tsx(86,21): error TS17004: Cannot use JSX unless the '--jsx' flag is provided.
frontend/src/components/features/chat/__tests__/streaming-thought.test.tsx(99,21): error TS17004: Cannot use JSX unless the '--jsx' flag is provided.
frontend/src/components/features/chat/__tests__/streaming-thought.test.tsx(111,21): error TS17004: Cannot use JSX unless the '--jsx' flag is provided.
frontend/src/components/features/chat/__tests__/streaming-thought.test.tsx(125,21): error TS17004: Cannot use JSX unless the '--jsx' flag is provided.
frontend/src/components/features/chat/__tests__/streaming-thought.test.tsx(141,21): error TS17004: Cannot use JSX unless the '--jsx' flag is provided.
frontend/src/components/features/chat/__tests__/streaming-thought.test.tsx(153,21): error TS17004: Cannot use JSX unless the '--jsx' flag is provided.
frontend/src/components/features/chat/__tests__/streaming-thought.test.tsx(182,21): error TS17004: Cannot use JSX unless the '--jsx' flag is provided.
frontend/src/components/features/chat/__tests__/streaming-thought.test.tsx(194,21): error TS17004: Cannot use JSX unless the '--jsx' flag is provided.
frontend/src/components/features/chat/__tests__/streaming-thought.test.tsx(210,21): error TS17004: Cannot use JSX unless the '--jsx' flag is provided.
frontend/src/components/features/chat/__tests__/streaming-thought.test.tsx(219,21): error TS17004: Cannot use JSX unless the '--jsx' flag is provided.
frontend/src/components/features/chat/__tests__/streaming-thought.test.tsx(245,21): error TS17004: Cannot use JSX unless the '--jsx' flag is provided.
frontend/src/components/features/chat/action-suggestions.tsx(4,10): error TS2614: Module '"#/*"' has no exported member 'SuggestionItem'. Did you mean to use 'import SuggestionItem from "#/*"' instead?
frontend/src/components/features/chat/action-suggestions.tsx(5,10): error TS2614: Module '"#/*"' has no exported member 'I18nKey'. Did you mean to use 'import I18nKey from "#/*"' instead?
frontend/src/components/features/chat/action-suggestions.tsx(6,10): error TS2614: Module '"#/*"' has no exported member 'useUserProviders'. Did you mean to use 'import useUserProviders from "#/*"' instead?
frontend/src/components/features/chat/action-suggestions.tsx(7,10): error TS2614: Module '"#/*"' has no exported member 'useActiveConversation'. Did you mean to use 'import useActiveConversation from "#/*"' instead?
frontend/src/components/features/chat/action-suggestions.tsx(50,5): error TS17004: Cannot use JSX unless the '--jsx' flag is provided.
frontend/src/components/features/chat/action-suggestions.tsx(52,9): error TS17004: Cannot use JSX unless the '--jsx' flag is provided.
frontend/src/components/features/chat/action-suggestions.tsx(54,13): error TS17004: Cannot use JSX unless the '--jsx' flag is provided.
frontend/src/components/features/chat/action-suggestions.tsx(55,15): error TS17004: Cannot use JSX unless the '--jsx' flag is provided.
frontend/src/components/features/chat/action-suggestions.tsx(60,27): error TS7006: Parameter 'value' implicitly has an 'any' type.
frontend/src/components/features/chat/action-suggestions.tsx(61,27): error TS2339: Property 'capture' does not exist on type 'typeof import("C:/Users/GIGABYTE/Desktop/Forge/frontend/node_modules/posthog-js/dist/module")'.
frontend/src/components/features/chat/action-suggestions.tsx(65,15): error TS17004: Cannot use JSX unless the '--jsx' flag is provided.
frontend/src/components/features/chat/action-suggestions.tsx(70,27): error TS7006: Parameter 'value' implicitly has an 'any' type.
frontend/src/components/features/chat/action-suggestions.tsx(71,27): error TS2339: Property 'capture' does not exist on type 'typeof import("C:/Users/GIGABYTE/Desktop/Forge/frontend/node_modules/posthog-js/dist/module")'.
frontend/src/components/features/chat/action-suggestions.tsx(78,13): error TS17004: Cannot use JSX unless the '--jsx' flag is provided.
frontend/src/components/features/chat/action-suggestions.tsx(83,25): error TS7006: Parameter 'value' implicitly has an 'any' type.
frontend/src/components/features/chat/action-suggestions.tsx(84,25): error TS2339: Property 'capture' does not exist on type 'typeof import("C:/Users/GIGABYTE/Desktop/Forge/frontend/node_modules/posthog-js/dist/module")'.
frontend/src/components/features/chat/action-summary.tsx(3,10): error TS2614: Module '"#/*"' has no exported member 'cn'. Did you mean to use 'import cn from "#/*"' instead?
frontend/src/components/features/chat/action-summary.tsx(4,10): error TS2614: Module '"#/*"' has no exported member 'TooltipButton'. Did you mean to use 'import TooltipButton from "#/*"' instead?
frontend/src/components/features/chat/action-summary.tsx(5,10): error TS2614: Module '"#/*"' has no exported member 'OpenHandsEvent'. Did you mean to use 'import OpenHandsEvent from "#/*"' instead?
frontend/src/components/features/chat/action-summary.tsx(6,10): error TS2614: Module '"#/*"' has no exported member 'isErrorObservation'. Did you mean to use 'import isErrorObservation from "#/*"' instead?
frontend/src/components/features/chat/action-summary.tsx(25,5): error TS17004: Cannot use JSX unless the '--jsx' flag is provided.
frontend/src/components/features/chat/action-summary.tsx(55,11): error TS17004: Cannot use JSX unless the '--jsx' flag is provided.
frontend/src/components/features/chat/action-summary.tsx(68,13): error TS17004: Cannot use JSX unless the '--jsx' flag is provided.
frontend/src/components/features/chat/action-summary.tsx(75,13): error TS17004: Cannot use JSX unless the '--jsx' flag is provided.
frontend/src/components/features/chat/agent-turn-message.tsx(2,10): error TS2614: Module '"#/*"' has no exported member 'cn'. Did you mean to use 'import cn from "#/*"' instead?
frontend/src/components/features/chat/agent-turn-message.tsx(3,30): error TS2835: Relative import paths need explicit file extensions in ECMAScript imports when '--moduleResolution' is 'node16' or 'nodenext'. Did you mean './event-message.js'?
frontend/src/components/features/chat/agent-turn-message.tsx(4,15): error TS2614: Module '"#/*"' has no exported member 'OpenHandsEvent'. Did you mean to use 'import OpenHandsEvent from "#/*"' instead?
frontend/src/components/features/chat/agent-turn-message.tsx(7,35): error TS2694: Namespace '"#/*"' has no exported member 'OpenHandsAction'.
frontend/src/components/features/chat/agent-turn-message.tsx(7,76): error TS2694: Namespace '"#/*"' has no exported member 'OpenHandsObservation'.
frontend/src/components/features/chat/agent-turn-message.tsx(36,5): error TS17004: Cannot use JSX unless the '--jsx' flag is provided.
frontend/src/components/features/chat/agent-turn-message.tsx(38,7): error TS17004: Cannot use JSX unless the '--jsx' flag is provided.
frontend/src/components/features/chat/agent-turn-message.tsx(42,9): error TS17004: Cannot use JSX unless the '--jsx' flag is provided.
frontend/src/components/features/chat/agent-turn-message.tsx(50,7): error TS17004: Cannot use JSX unless the '--jsx' flag is provided.
frontend/src/components/features/chat/agent-turn-message.tsx(56,13): error TS17004: Cannot use JSX unless the '--jsx' flag is provided.
frontend/src/components/features/chat/agent-turn-message.tsx(57,15): error TS17004: Cannot use JSX unless the '--jsx' flag is provided.
frontend/src/components/features/chat/chat-input.tsx(4,10): error TS2614: Module '"#/*"' has no exported member 'I18nKey'. Did you mean to use 'import I18nKey from "#/*"' instead?
frontend/src/components/features/chat/chat-input.tsx(5,10): error TS2614: Module '"#/*"' has no exported member 'cn'. Did you mean to use 'import cn from "#/*"' instead?
frontend/src/components/features/chat/chat-input.tsx(6,10): error TS2614: Module '"#/*"' has no exported member 'SubmitButton'. Did you mean to use 'import SubmitButton from "#/*"' instead?
frontend/src/components/features/chat/chat-input.tsx(7,10): error TS2614: Module '"#/*"' has no exported member 'StopButton'. Did you mean to use 'import StopButton from "#/*"' instead?
frontend/src/components/features/chat/chat-input.tsx(145,5): error TS17004: Cannot use JSX unless the '--jsx' flag is provided.
frontend/src/components/features/chat/chat-input.tsx(149,7): error TS17004: Cannot use JSX unless the '--jsx' flag is provided.
frontend/src/components/features/chat/chat-input.tsx(185,9): error TS17004: Cannot use JSX unless the '--jsx' flag is provided.
frontend/src/components/features/chat/chat-input.tsx(187,13): error TS17004: Cannot use JSX unless the '--jsx' flag is provided.
frontend/src/components/features/chat/chat-input.tsx(190,13): error TS17004: Cannot use JSX unless the '--jsx' flag is provided.
frontend/src/components/features/chat/chat-interface-demo.tsx(11,37): error TS2835: Relative import paths need explicit file extensions in ECMAScript imports when '--moduleResolution' is 'node16' or 'nodenext'. Did you mean './modern-chat-interface.js'?
frontend/src/components/features/chat/chat-interface-demo.tsx(12,10): error TS2614: Module '"#/*"' has no exported member 'Card'. Did you mean to use 'import Card from "#/*"' instead?
frontend/src/components/features/chat/chat-interface-demo.tsx(12,16): error TS2614: Module '"#/*"' has no exported member 'CardContent'. Did you mean to use 'import CardContent from "#/*"' instead?
frontend/src/components/features/chat/chat-interface-demo.tsx(12,29): error TS2614: Module '"#/*"' has no exported member 'CardHeader'. Did you mean to use 'import CardHeader from "#/*"' instead?
frontend/src/components/features/chat/chat-interface-demo.tsx(12,41): error TS2614: Module '"#/*"' has no exported member 'CardTitle'. Did you mean to use 'import CardTitle from "#/*"' instead?
frontend/src/components/features/chat/chat-interface-demo.tsx(13,10): error TS2614: Module '"#/*"' has no exported member 'Button'. Did you mean to use 'import Button from "#/*"' instead?
frontend/src/components/features/chat/chat-interface-demo.tsx(14,10): error TS2614: Module '"#/*"' has no exported member 'Badge'. Did you mean to use 'import Badge from "#/*"' instead?
frontend/src/components/features/chat/chat-interface-demo.tsx(115,5): error TS17004: Cannot use JSX unless the '--jsx' flag is provided.
frontend/src/components/features/chat/chat-interface-demo.tsx(116,7): error TS17004: Cannot use JSX unless the '--jsx' flag is provided.
frontend/src/components/features/chat/chat-interface-demo.tsx(118,9): error TS17004: Cannot use JSX unless the '--jsx' flag is provided.
frontend/src/components/features/chat/chat-interface-demo.tsx(119,11): error TS17004: Cannot use JSX unless the '--jsx' flag is provided.
frontend/src/components/features/chat/chat-interface-demo.tsx(120,13): error TS17004: Cannot use JSX unless the '--jsx' flag is provided.
frontend/src/components/features/chat/chat-interface-demo.tsx(121,15): error TS17004: Cannot use JSX unless the '--jsx' flag is provided.
frontend/src/components/features/chat/chat-interface-demo.tsx(123,13): error TS17004: Cannot use JSX unless the '--jsx' flag is provided.
frontend/src/components/features/chat/chat-interface-demo.tsx(127,11): error TS17004: Cannot use JSX unless the '--jsx' flag is provided.
frontend/src/components/features/chat/chat-interface-demo.tsx(135,9): error TS17004: Cannot use JSX unless the '--jsx' flag is provided.
frontend/src/components/features/chat/chat-interface-demo.tsx(136,11): error TS17004: Cannot use JSX unless the '--jsx' flag is provided.
frontend/src/components/features/chat/chat-interface-demo.tsx(137,13): error TS17004: Cannot use JSX unless the '--jsx' flag is provided.
frontend/src/components/features/chat/chat-interface-demo.tsx(138,15): error TS17004: Cannot use JSX unless the '--jsx' flag is provided.
frontend/src/components/features/chat/chat-interface-demo.tsx(139,17): error TS17004: Cannot use JSX unless the '--jsx' flag is provided.
frontend/src/components/features/chat/chat-interface-demo.tsx(141,15): error TS17004: Cannot use JSX unless the '--jsx' flag is provided.
frontend/src/components/features/chat/chat-interface-demo.tsx(145,13): error TS17004: Cannot use JSX unless the '--jsx' flag is provided.
frontend/src/components/features/chat/chat-interface-demo.tsx(146,15): error TS17004: Cannot use JSX unless the '--jsx' flag is provided.
frontend/src/components/features/chat/chat-interface-demo.tsx(153,11): error TS17004: Cannot use JSX unless the '--jsx' flag is provided.
frontend/src/components/features/chat/chat-interface-demo.tsx(154,13): error TS17004: Cannot use JSX unless the '--jsx' flag is provided.
frontend/src/components/features/chat/chat-interface-demo.tsx(155,15): error TS17004: Cannot use JSX unless the '--jsx' flag is provided.
frontend/src/components/features/chat/chat-interface-demo.tsx(156,17): error TS17004: Cannot use JSX unless the '--jsx' flag is provided.
frontend/src/components/features/chat/chat-interface-demo.tsx(158,15): error TS17004: Cannot use JSX unless the '--jsx' flag is provided.
frontend/src/components/features/chat/chat-interface-demo.tsx(162,13): error TS17004: Cannot use JSX unless the '--jsx' flag is provided.
frontend/src/components/features/chat/chat-interface-demo.tsx(163,15): error TS17004: Cannot use JSX unless the '--jsx' flag is provided.
frontend/src/components/features/chat/chat-interface-demo.tsx(169,11): error TS17004: Cannot use JSX unless the '--jsx' flag is provided.
frontend/src/components/features/chat/chat-interface-demo.tsx(170,13): error TS17004: Cannot use JSX unless the '--jsx' flag is provided.
frontend/src/components/features/chat/chat-interface-demo.tsx(171,15): error TS17004: Cannot use JSX unless the '--jsx' flag is provided.
frontend/src/components/features/chat/chat-interface-demo.tsx(172,17): error TS17004: Cannot use JSX unless the '--jsx' flag is provided.
frontend/src/components/features/chat/chat-interface-demo.tsx(174,15): error TS17004: Cannot use JSX unless the '--jsx' flag is provided.
frontend/src/components/features/chat/chat-interface-demo.tsx(178,13): error TS17004: Cannot use JSX unless the '--jsx' flag is provided.
frontend/src/components/features/chat/chat-interface-demo.tsx(179,15): error TS17004: Cannot use JSX unless the '--jsx' flag is provided.
frontend/src/components/features/chat/chat-interface-demo.tsx(185,11): error TS17004: Cannot use JSX unless the '--jsx' flag is provided.
frontend/src/components/features/chat/chat-interface-demo.tsx(186,13): error TS17004: Cannot use JSX unless the '--jsx' flag is provided.
frontend/src/components/features/chat/chat-interface-demo.tsx(187,15): error TS17004: Cannot use JSX unless the '--jsx' flag is provided.
frontend/src/components/features/chat/chat-interface-demo.tsx(188,17): error TS17004: Cannot use JSX unless the '--jsx' flag is provided.
frontend/src/components/features/chat/chat-interface-demo.tsx(190,15): error TS17004: Cannot use JSX unless the '--jsx' flag is provided.
frontend/src/components/features/chat/chat-interface-demo.tsx(194,13): error TS17004: Cannot use JSX unless the '--jsx' flag is provided.
frontend/src/components/features/chat/chat-interface-demo.tsx(195,15): error TS17004: Cannot use JSX unless the '--jsx' flag is provided.
frontend/src/components/features/chat/chat-interface-demo.tsx(203,9): error TS17004: Cannot use JSX unless the '--jsx' flag is provided.
frontend/src/components/features/chat/chat-interface-demo.tsx(204,11): error TS17004: Cannot use JSX unless the '--jsx' flag is provided.
frontend/src/components/features/chat/chat-interface-demo.tsx(205,13): error TS17004: Cannot use JSX unless the '--jsx' flag is provided.
frontend/src/components/features/chat/chat-interface-demo.tsx(206,15): error TS17004: Cannot use JSX unless the '--jsx' flag is provided.
frontend/src/components/features/chat/chat-interface-demo.tsx(207,17): error TS17004: Cannot use JSX unless the '--jsx' flag is provided.
frontend/src/components/features/chat/chat-interface-demo.tsx(210,15): error TS17004: Cannot use JSX unless the '--jsx' flag is provided.
frontend/src/components/features/chat/chat-interface-demo.tsx(211,17): error TS17004: Cannot use JSX unless the '--jsx' flag is provided.
frontend/src/components/features/chat/chat-interface-demo.tsx(212,19): error TS17004: Cannot use JSX unless the '--jsx' flag is provided.
frontend/src/components/features/chat/chat-interface-demo.tsx(215,17): error TS17004: Cannot use JSX unless the '--jsx' flag is provided.
frontend/src/components/features/chat/chat-interface-demo.tsx(226,11): error TS17004: Cannot use JSX unless the '--jsx' flag is provided.
frontend/src/components/features/chat/chat-interface-demo.tsx(227,13): error TS17004: Cannot use JSX unless the '--jsx' flag is provided.
frontend/src/components/features/chat/chat-interface-demo.tsx(228,15): error TS17004: Cannot use JSX unless the '--jsx' flag is provided.
frontend/src/components/features/chat/chat-interface-demo.tsx(245,9): error TS17004: Cannot use JSX unless the '--jsx' flag is provided.
frontend/src/components/features/chat/chat-interface-demo.tsx(246,11): error TS17004: Cannot use JSX unless the '--jsx' flag is provided.
frontend/src/components/features/chat/chat-interface-demo.tsx(249,11): error TS17004: Cannot use JSX unless the '--jsx' flag is provided.
frontend/src/components/features/chat/chat-interface-demo.tsx(254,11): error TS17004: Cannot use JSX unless the '--jsx' flag is provided.
frontend/src/components/features/chat/chat-interface-demo.tsx(255,13): error TS17004: Cannot use JSX unless the '--jsx' flag is provided.
frontend/src/components/features/chat/chat-interface-demo.tsx(257,15): error TS17004: Cannot use JSX unless the '--jsx' flag is provided.
frontend/src/components/features/chat/chat-interface-demo.tsx(259,13): error TS17004: Cannot use JSX unless the '--jsx' flag is provided.
frontend/src/components/features/chat/chat-interface-refactored.tsx(5,35): error TS2835: Relative import paths need explicit file extensions in ECMAScript imports when '--moduleResolution' is 'node16' or 'nodenext'. Did you mean '../trajectory/trajectory-actions.js'?
frontend/src/components/features/chat/chat-interface-refactored.tsx(6,10): error TS2614: Module '"#/*"' has no exported member 'AgentControlBar'. Did you mean to use 'import AgentControlBar from "#/*"' instead?
frontend/src/components/features/chat/chat-interface-refactored.tsx(7,10): error TS2614: Module '"#/*"' has no exported member 'AgentStatusBar'. Did you mean to use 'import AgentStatusBar from "#/*"' instead?
frontend/src/components/features/chat/chat-interface-refactored.tsx(8,36): error TS2835: Relative import paths need explicit file extensions in ECMAScript imports when '--moduleResolution' is 'node16' or 'nodenext'. Did you mean './interactive-chat-box.js'?
frontend/src/components/features/chat/chat-interface-refactored.tsx(9,10): error TS2614: Module '"#/*"' has no exported member 'isOpenHandsAction'. Did you mean to use 'import isOpenHandsAction from "#/*"' instead?
frontend/src/components/features/chat/chat-interface-refactored.tsx(9,29): error TS2614: Module '"#/*"' has no exported member 'isTaskTrackingObservation'. Did you mean to use 'import isTaskTrackingObservation from "#/*"' instead?
frontend/src/components/features/chat/chat-interface-refactored.tsx(10,31): error TS2835: Relative import paths need explicit file extensions in ECMAScript imports when '--moduleResolution' is 'node16' or 'nodenext'. Did you mean '../feedback/feedback-modal.js'?
frontend/src/components/features/chat/chat-interface-refactored.tsx(11,33): error TS2835: Relative import paths need explicit file extensions in ECMAScript imports when '--moduleResolution' is 'node16' or 'nodenext'. Did you mean './typing-indicator.js'?
frontend/src/components/features/chat/chat-interface-refactored.tsx(12,26): error TS2835: Relative import paths need explicit file extensions in ECMAScript imports when '--moduleResolution' is 'node16' or 'nodenext'. Did you mean './messages.js'?
frontend/src/components/features/chat/chat-interface-refactored.tsx(13,35): error TS2835: Relative import paths need explicit file extensions in ECMAScript imports when '--moduleResolution' is 'node16' or 'nodenext'. Did you mean './action-suggestions.js'?
frontend/src/components/features/chat/chat-interface-refactored.tsx(14,10): error TS2614: Module '"#/*"' has no exported member 'AgentState'. Did you mean to use 'import AgentState from "#/*"' instead?
frontend/src/components/features/chat/chat-interface-refactored.tsx(15,34): error TS2835: Relative import paths need explicit file extensions in ECMAScript imports when '--moduleResolution' is 'node16' or 'nodenext'. Did you mean './smart-suggestions.js'?
frontend/src/components/features/chat/chat-interface-refactored.tsx(16,40): error TS2835: Relative import paths need explicit file extensions in ECMAScript imports when '--moduleResolution' is 'node16' or 'nodenext'. Did you mean './keyboard-shortcuts-panel.js'?
frontend/src/components/features/chat/chat-interface-refactored.tsx(17,28): error TS2835: Relative import paths need explicit file extensions in ECMAScript imports when '--moduleResolution' is 'node16' or 'nodenext'. Did you mean './empty-state.js'?
frontend/src/components/features/chat/chat-interface-refactored.tsx(18,33): error TS2835: Relative import paths need explicit file extensions in ECMAScript imports when '--moduleResolution' is 'node16' or 'nodenext'. Did you mean './message-skeleton.js'?
frontend/src/components/features/chat/chat-interface-refactored.tsx(19,36): error TS2835: Relative import paths need explicit file extensions in ECMAScript imports when '--moduleResolution' is 'node16' or 'nodenext'. Did you mean './conversation-search.js'?
frontend/src/components/features/chat/chat-interface-refactored.tsx(20,39): error TS2835: Relative import paths need explicit file extensions in ECMAScript imports when '--moduleResolution' is 'node16' or 'nodenext'. Did you mean './conversation-bookmarks.js'?
frontend/src/components/features/chat/chat-interface-refactored.tsx(21,43): error TS2835: Relative import paths need explicit file extensions in ECMAScript imports when '--moduleResolution' is 'node16' or 'nodenext'. Did you mean './metasop/metasop-orchestration-panel.js'?
frontend/src/components/features/chat/chat-interface-refactored.tsx(22,36): error TS2835: Relative import paths need explicit file extensions in ECMAScript imports when '--moduleResolution' is 'node16' or 'nodenext'. Did you mean './metasop/orchestration-steps.js'?
frontend/src/components/features/chat/chat-interface-refactored.tsx(23,36): error TS2835: Relative import paths need explicit file extensions in ECMAScript imports when '--moduleResolution' is 'node16' or 'nodenext'. Did you mean './error-message-banner.js'?
frontend/src/components/features/chat/chat-interface-refactored.tsx(24,10): error TS2614: Module '"#/*"' has no exported member 'Button'. Did you mean to use 'import Button from "#/*"' instead?
frontend/src/components/features/chat/chat-interface-refactored.tsx(25,10): error TS2614: Module '"#/*"' has no exported member 'cn'. Did you mean to use 'import cn from "#/*"' instead?
frontend/src/components/features/chat/chat-interface-refactored.tsx(26,10): error TS2614: Module '"#/*"' has no exported member 'LoadingSpinner'. Did you mean to use 'import LoadingSpinner from "#/*"' instead?
frontend/src/components/features/chat/chat-interface-refactored.tsx(27,27): error TS2835: Relative import paths need explicit file extensions in ECMAScript imports when '--moduleResolution' is 'node16' or 'nodenext'. Did you mean '../task-panel/task-panel.js'?
frontend/src/components/features/chat/chat-interface-refactored.tsx(28,33): error TS2835: Relative import paths need explicit file extensions in ECMAScript imports when '--moduleResolution' is 'node16' or 'nodenext'. Did you mean './status-indicator.js'?
frontend/src/components/features/chat/chat-interface-refactored.tsx(31,39): error TS2835: Relative import paths need explicit file extensions in ECMAScript imports when '--moduleResolution' is 'node16' or 'nodenext'. Did you mean './hooks/use-chat-interface-state.js'?
frontend/src/components/features/chat/chat-interface-refactored.tsx(32,42): error TS2835: Relative import paths need explicit file extensions in ECMAScript imports when '--moduleResolution' is 'node16' or 'nodenext'. Did you mean './hooks/use-chat-keyboard-shortcuts.js'?
frontend/src/components/features/chat/chat-interface-refactored.tsx(33,40): error TS2835: Relative import paths need explicit file extensions in ECMAScript imports when '--moduleResolution' is 'node16' or 'nodenext'. Did you mean './hooks/use-chat-message-handlers.js'?
frontend/src/components/features/chat/chat-interface-refactored.tsx(34,40): error TS2835: Relative import paths need explicit file extensions in ECMAScript imports when '--moduleResolution' is 'node16' or 'nodenext'. Did you mean './hooks/use-chat-feedback-actions.js'?
frontend/src/components/features/chat/chat-interface-refactored.tsx(35,35): error TS2835: Relative import paths need explicit file extensions in ECMAScript imports when '--moduleResolution' is 'node16' or 'nodenext'. Did you mean './utils/use-filtered-events.js'?
frontend/src/components/features/chat/chat-interface-refactored.tsx(158,7): error TS17004: Cannot use JSX unless the '--jsx' flag is provided.
frontend/src/components/features/chat/chat-interface-refactored.tsx(159,9): error TS17004: Cannot use JSX unless the '--jsx' flag is provided.
frontend/src/components/features/chat/chat-interface-refactored.tsx(165,5): error TS17004: Cannot use JSX unless the '--jsx' flag is provided.
frontend/src/components/features/chat/chat-interface-refactored.tsx(167,7): error TS17004: Cannot use JSX unless the '--jsx' flag is provided.
frontend/src/components/features/chat/chat-interface-refactored.tsx(168,9): error TS17004: Cannot use JSX unless the '--jsx' flag is provided.
frontend/src/components/features/chat/chat-interface-refactored.tsx(169,11): error TS17004: Cannot use JSX unless the '--jsx' flag is provided.
frontend/src/components/features/chat/chat-interface-refactored.tsx(175,13): error TS17004: Cannot use JSX unless the '--jsx' flag is provided.
frontend/src/components/features/chat/chat-interface-refactored.tsx(179,11): error TS17004: Cannot use JSX unless the '--jsx' flag is provided.
frontend/src/components/features/chat/chat-interface-refactored.tsx(180,13): error TS17004: Cannot use JSX unless the '--jsx' flag is provided.
frontend/src/components/features/chat/chat-interface-refactored.tsx(186,15): error TS17004: Cannot use JSX unless the '--jsx' flag is provided.
frontend/src/components/features/chat/chat-interface-refactored.tsx(187,15): error TS17004: Cannot use JSX unless the '--jsx' flag is provided.
frontend/src/components/features/chat/chat-interface-refactored.tsx(192,13): error TS17004: Cannot use JSX unless the '--jsx' flag is provided.
frontend/src/components/features/chat/chat-interface-refactored.tsx(198,15): error TS17004: Cannot use JSX unless the '--jsx' flag is provided.
frontend/src/components/features/chat/chat-interface-refactored.tsx(199,15): error TS17004: Cannot use JSX unless the '--jsx' flag is provided.
frontend/src/components/features/chat/chat-interface-refactored.tsx(206,9): error TS17004: Cannot use JSX unless the '--jsx' flag is provided.
frontend/src/components/features/chat/chat-interface-refactored.tsx(207,11): error TS17004: Cannot use JSX unless the '--jsx' flag is provided.
frontend/src/components/features/chat/chat-interface-refactored.tsx(213,13): error TS17004: Cannot use JSX unless the '--jsx' flag is provided.
frontend/src/components/features/chat/chat-interface-refactored.tsx(214,13): error TS17004: Cannot use JSX unless the '--jsx' flag is provided.
frontend/src/components/features/chat/chat-interface-refactored.tsx(219,11): error TS17004: Cannot use JSX unless the '--jsx' flag is provided.
frontend/src/components/features/chat/chat-interface-refactored.tsx(225,33): error TS17004: Cannot use JSX unless the '--jsx' flag is provided.
frontend/src/components/features/chat/chat-interface-refactored.tsx(225,61): error TS17004: Cannot use JSX unless the '--jsx' flag is provided.
frontend/src/components/features/chat/chat-interface-refactored.tsx(231,7): error TS17004: Cannot use JSX unless the '--jsx' flag is provided.
frontend/src/components/features/chat/chat-interface-refactored.tsx(238,7): error TS17004: Cannot use JSX unless the '--jsx' flag is provided.
frontend/src/components/features/chat/chat-interface-refactored.tsx(241,13): error TS17004: Cannot use JSX unless the '--jsx' flag is provided.
frontend/src/components/features/chat/chat-interface-refactored.tsx(258,15): error TS17004: Cannot use JSX unless the '--jsx' flag is provided.
frontend/src/components/features/chat/chat-interface-refactored.tsx(264,9): error TS17004: Cannot use JSX unless the '--jsx' flag is provided.
frontend/src/components/features/chat/chat-interface-refactored.tsx(270,13): error TS17004: Cannot use JSX unless the '--jsx' flag is provided.
frontend/src/components/features/chat/chat-interface-refactored.tsx(272,13): error TS17004: Cannot use JSX unless the '--jsx' flag is provided.
frontend/src/components/features/chat/chat-interface-refactored.tsx(283,9): error TS17004: Cannot use JSX unless the '--jsx' flag is provided.
frontend/src/components/features/chat/chat-interface-refactored.tsx(284,11): error TS17004: Cannot use JSX unless the '--jsx' flag is provided.
frontend/src/components/features/chat/chat-interface-refactored.tsx(287,11): error TS17004: Cannot use JSX unless the '--jsx' flag is provided.
frontend/src/components/features/chat/chat-interface-refactored.tsx(294,9): error TS17004: Cannot use JSX unless the '--jsx' flag is provided.
frontend/src/components/features/chat/chat-interface-refactored.tsx(295,11): error TS17004: Cannot use JSX unless the '--jsx' flag is provided.
frontend/src/components/features/chat/chat-interface-refactored.tsx(315,9): error TS17004: Cannot use JSX unless the '--jsx' flag is provided.
frontend/src/components/features/chat/chat-interface-refactored.tsx(322,9): error TS17004: Cannot use JSX unless the '--jsx' flag is provided.
frontend/src/components/features/chat/chat-interface-refactored.tsx(336,9): error TS17004: Cannot use JSX unless the '--jsx' flag is provided.
frontend/src/components/features/chat/chat-interface-refactored.tsx(350,9): error TS17004: Cannot use JSX unless the '--jsx' flag is provided.
frontend/src/components/features/chat/chat-interface-refactored.tsx(357,9): error TS17004: Cannot use JSX unless the '--jsx' flag is provided.
frontend/src/components/features/chat/chat-interface-refactored.tsx(366,9): error TS17004: Cannot use JSX unless the '--jsx' flag is provided.
frontend/src/components/features/chat/chat-interface-refactored.tsx(374,9): error TS17004: Cannot use JSX unless the '--jsx' flag is provided.
frontend/src/components/features/chat/chat-interface.test.tsx(3,24): error TS2305: Module '"vitest"' has no exported member 'test'.
frontend/src/components/features/chat/chat-interface.test.tsx(5,31): error TS2835: Relative import paths need explicit file extensions in ECMAScript imports when '--moduleResolution' is 'node16' or 'nodenext'. Did you mean './chat-interface.js'?
frontend/src/components/features/chat/chat-interface.test.tsx(6,10): error TS2614: Module '"#/*"' has no exported member 'useWsClient'. Did you mean to use 'import useWsClient from "#/*"' instead?
frontend/src/components/features/chat/chat-interface.test.tsx(7,10): error TS2614: Module '"#/*"' has no exported member 'useOptimisticUserMessage'. Did you mean to use 'import useOptimisticUserMessage from "#/*"' instead?
frontend/src/components/features/chat/chat-interface.test.tsx(8,10): error TS2614: Module '"#/*"' has no exported member 'useWSErrorMessage'. Did you mean to use 'import useWSErrorMessage from "#/*"' instead?
frontend/src/components/features/chat/chat-interface.test.tsx(9,10): error TS2614: Module '"#/*"' has no exported member 'useConfig'. Did you mean to use 'import useConfig from "#/*"' instead?
frontend/src/components/features/chat/chat-interface.test.tsx(10,10): error TS2614: Module '"#/*"' has no exported member 'useGetTrajectory'. Did you mean to use 'import useGetTrajectory from "#/*"' instead?
frontend/src/components/features/chat/chat-interface.test.tsx(11,10): error TS2614: Module '"#/*"' has no exported member 'useUploadFiles'. Did you mean to use 'import useUploadFiles from "#/*"' instead?
frontend/src/components/features/chat/chat-interface.test.tsx(12,10): error TS2614: Module '"#/*"' has no exported member 'OpenHandsAction'. Did you mean to use 'import OpenHandsAction from "#/*"' instead?
frontend/src/components/features/chat/chat-interface.test.tsx(84,7): error TS17004: Cannot use JSX unless the '--jsx' flag is provided.
frontend/src/components/features/chat/chat-interface.test.tsx(95,27): error TS17004: Cannot use JSX unless the '--jsx' flag is provided.
frontend/src/components/features/chat/chat-interface.test.tsx(124,27): error TS17004: Cannot use JSX unless the '--jsx' flag is provided.
frontend/src/components/features/chat/chat-interface.test.tsx(152,27): error TS17004: Cannot use JSX unless the '--jsx' flag is provided.
frontend/src/components/features/chat/chat-interface.test.tsx(164,27): error TS17004: Cannot use JSX unless the '--jsx' flag is provided.
frontend/src/components/features/chat/chat-interface.tsx(7,10): error TS2614: Module '"#/*"' has no exported member 'I18nKey'. Did you mean to use 'import I18nKey from "#/*"' instead?
frontend/src/components/features/chat/chat-interface.tsx(8,10): error TS2614: Module '"#/*"' has no exported member 'convertImageToBase64'. Did you mean to use 'import convertImageToBase64 from "#/*"' instead?
frontend/src/components/features/chat/chat-interface.tsx(9,10): error TS2614: Module '"#/*"' has no exported member 'AgentControlBar'. Did you mean to use 'import AgentControlBar from "#/*"' instead?
frontend/src/components/features/chat/chat-interface.tsx(10,10): error TS2614: Module '"#/*"' has no exported member 'AgentStatusBar'. Did you mean to use 'import AgentStatusBar from "#/*"' instead?
frontend/src/components/features/chat/chat-interface.tsx(11,10): error TS2614: Module '"#/*"' has no exported member 'createChatMessage'. Did you mean to use 'import createChatMessage from "#/*"' instead?
frontend/src/components/features/chat/chat-interface.tsx(12,36): error TS2835: Relative import paths need explicit file extensions in ECMAScript imports when '--moduleResolution' is 'node16' or 'nodenext'. Did you mean './interactive-chat-box.js'?
frontend/src/components/features/chat/chat-interface.tsx(13,10): error TS2614: Module '"#/*"' has no exported member 'RootState'. Did you mean to use 'import RootState from "#/*"' instead?
frontend/src/components/features/chat/chat-interface.tsx(14,10): error TS2614: Module '"#/*"' has no exported member 'AgentState'. Did you mean to use 'import AgentState from "#/*"' instead?
frontend/src/components/features/chat/chat-interface.tsx(15,10): error TS2614: Module '"#/*"' has no exported member 'isOpenHandsAction'. Did you mean to use 'import isOpenHandsAction from "#/*"' instead?
frontend/src/components/features/chat/chat-interface.tsx(15,29): error TS2614: Module '"#/*"' has no exported member 'isTaskTrackingObservation'. Did you mean to use 'import isTaskTrackingObservation from "#/*"' instead?
frontend/src/components/features/chat/chat-interface.tsx(16,10): error TS2614: Module '"#/*"' has no exported member 'generateAgentStateChangeEvent'. Did you mean to use 'import generateAgentStateChangeEvent from "#/*"' instead?
frontend/src/components/features/chat/chat-interface.tsx(17,31): error TS2835: Relative import paths need explicit file extensions in ECMAScript imports when '--moduleResolution' is 'node16' or 'nodenext'. Did you mean '../feedback/feedback-modal.js'?
frontend/src/components/features/chat/chat-interface.tsx(18,10): error TS2614: Module '"#/*"' has no exported member 'useScrollToBottom'. Did you mean to use 'import useScrollToBottom from "#/*"' instead?
frontend/src/components/features/chat/chat-interface.tsx(19,33): error TS2835: Relative import paths need explicit file extensions in ECMAScript imports when '--moduleResolution' is 'node16' or 'nodenext'. Did you mean './typing-indicator.js'?
frontend/src/components/features/chat/chat-interface.tsx(20,10): error TS2614: Module '"#/*"' has no exported member 'useWsClient'. Did you mean to use 'import useWsClient from "#/*"' instead?
frontend/src/components/features/chat/chat-interface.tsx(21,26): error TS2835: Relative import paths need explicit file extensions in ECMAScript imports when '--moduleResolution' is 'node16' or 'nodenext'. Did you mean './messages.js'?
frontend/src/components/features/chat/chat-interface.tsx(23,35): error TS2835: Relative import paths need explicit file extensions in ECMAScript imports when '--moduleResolution' is 'node16' or 'nodenext'. Did you mean './action-suggestions.js'?
frontend/src/components/features/chat/chat-interface.tsx(24,34): error TS2835: Relative import paths need explicit file extensions in ECMAScript imports when '--moduleResolution' is 'node16' or 'nodenext'. Did you mean './smart-suggestions.js'?
frontend/src/components/features/chat/chat-interface.tsx(27,28): error TS2835: Relative import paths need explicit file extensions in ECMAScript imports when '--moduleResolution' is 'node16' or 'nodenext'. Did you mean './empty-state.js'?
frontend/src/components/features/chat/chat-interface.tsx(28,33): error TS2835: Relative import paths need explicit file extensions in ECMAScript imports when '--moduleResolution' is 'node16' or 'nodenext'. Did you mean './message-skeleton.js'?
frontend/src/components/features/chat/chat-interface.tsx(32,8): error TS2835: Relative import paths need explicit file extensions in ECMAScript imports when '--moduleResolution' is 'node16' or 'nodenext'. Did you mean './conversation-search.js'?
frontend/src/components/features/chat/chat-interface.tsx(35,10): error TS2614: Module '"#/*"' has no exported member 'ScrollProvider'. Did you mean to use 'import ScrollProvider from "#/*"' instead?
frontend/src/components/features/chat/chat-interface.tsx(43,10): error TS2614: Module '"#/*"' has no exported member 'useMetaSOPOrchestration'. Did you mean to use 'import useMetaSOPOrchestration from "#/*"' instead?
frontend/src/components/features/chat/chat-interface.tsx(45,10): error TS2614: Module '"#/*"' has no exported member 'ScrollToBottomButton'. Did you mean to use 'import ScrollToBottomButton from "#/*"' instead?
frontend/src/components/features/chat/chat-interface.tsx(46,10): error TS2614: Module '"#/*"' has no exported member 'useGetTrajectory'. Did you mean to use 'import useGetTrajectory from "#/*"' instead?
frontend/src/components/features/chat/chat-interface.tsx(47,10): error TS2614: Module '"#/*"' has no exported member 'downloadTrajectory'. Did you mean to use 'import downloadTrajectory from "#/*"' instead?
frontend/src/components/features/chat/chat-interface.tsx(48,10): error TS2614: Module '"#/*"' has no exported member 'displayErrorToast'. Did you mean to use 'import displayErrorToast from "#/*"' instead?
frontend/src/components/features/chat/chat-interface.tsx(49,10): error TS2614: Module '"#/*"' has no exported member 'useOptimisticUserMessage'. Did you mean to use 'import useOptimisticUserMessage from "#/*"' instead?
frontend/src/components/features/chat/chat-interface.tsx(50,10): error TS2614: Module '"#/*"' has no exported member 'useWSErrorMessage'. Did you mean to use 'import useWSErrorMessage from "#/*"' instead?
frontend/src/components/features/chat/chat-interface.tsx(51,36): error TS2835: Relative import paths need explicit file extensions in ECMAScript imports when '--moduleResolution' is 'node16' or 'nodenext'. Did you mean './error-message-banner.js'?
frontend/src/components/features/chat/chat-interface.tsx(52,35): error TS2835: Relative import paths need explicit file extensions in ECMAScript imports when '--moduleResolution' is 'node16' or 'nodenext'. Did you mean './event-content-helpers/should-render-event.js'?
frontend/src/components/features/chat/chat-interface.tsx(53,10): error TS2614: Module '"#/*"' has no exported member 'useUploadFiles'. Did you mean to use 'import useUploadFiles from "#/*"' instead?
frontend/src/components/features/chat/chat-interface.tsx(54,10): error TS2614: Module '"#/*"' has no exported member 'useConfig'. Did you mean to use 'import useConfig from "#/*"' instead?
frontend/src/components/features/chat/chat-interface.tsx(55,10): error TS2614: Module '"#/*"' has no exported member 'validateFiles'. Did you mean to use 'import validateFiles from "#/*"' instead?
frontend/src/components/features/chat/chat-interface.tsx(56,10): error TS2614: Module '"#/*"' has no exported member 'useActiveConversation'. Did you mean to use 'import useActiveConversation from "#/*"' instead?
frontend/src/components/features/chat/chat-interface.tsx(57,10): error TS2614: Module '"#/*"' has no exported member 'Button'. Did you mean to use 'import Button from "#/*"' instead?
frontend/src/components/features/chat/chat-interface.tsx(58,10): error TS2614: Module '"#/*"' has no exported member 'cn'. Did you mean to use 'import cn from "#/*"' instead?
frontend/src/components/features/chat/chat-interface.tsx(59,10): error TS2614: Module '"#/*"' has no exported member 'LoadingSpinner'. Did you mean to use 'import LoadingSpinner from "#/*"' instead?
frontend/src/components/features/chat/chat-interface.tsx(60,27): error TS2835: Relative import paths need explicit file extensions in ECMAScript imports when '--moduleResolution' is 'node16' or 'nodenext'. Did you mean '../task-panel/task-panel.js'?
frontend/src/components/features/chat/chat-interface.tsx(61,10): error TS2614: Module '"#/*"' has no exported member 'useTasks'. Did you mean to use 'import useTasks from "#/*"' instead?
frontend/src/components/features/chat/chat-interface.tsx(62,33): error TS2835: Relative import paths need explicit file extensions in ECMAScript imports when '--moduleResolution' is 'node16' or 'nodenext'. Did you mean './status-indicator.js'?
frontend/src/components/features/chat/chat-interface.tsx(228,10): error TS7006: Parameter 'event' implicitly has an 'any' type.
frontend/src/components/features/chat/chat-interface.tsx(253,15): error TS2339: Property 'capture' does not exist on type 'typeof import("C:/Users/GIGABYTE/Desktop/Forge/frontend/node_modules/posthog-js/dist/module")'.
frontend/src/components/features/chat/chat-interface.tsx(262,15): error TS2339: Property 'capture' does not exist on type 'typeof import("C:/Users/GIGABYTE/Desktop/Forge/frontend/node_modules/posthog-js/dist/module")'.
frontend/src/components/features/chat/chat-interface.tsx(287,27): error TS7006: Parameter 'f' implicitly has an 'any' type.
frontend/src/components/features/chat/chat-interface.tsx(349,13): error TS2339: Property 'capture' does not exist on type 'typeof import("C:/Users/GIGABYTE/Desktop/Forge/frontend/node_modules/posthog-js/dist/module")'.
frontend/src/components/features/chat/chat-interface.tsx(367,25): error TS7006: Parameter 'data' implicitly has an 'any' type.
frontend/src/components/features/chat/chat-interface.tsx(431,5): error TS17004: Cannot use JSX unless the '--jsx' flag is provided.
frontend/src/components/features/chat/chat-interface.tsx(432,7): error TS17004: Cannot use JSX unless the '--jsx' flag is provided.
frontend/src/components/features/chat/chat-interface.tsx(434,9): error TS17004: Cannot use JSX unless the '--jsx' flag is provided.
frontend/src/components/features/chat/chat-interface.tsx(443,11): error TS17004: Cannot use JSX unless the '--jsx' flag is provided.
frontend/src/components/features/chat/chat-interface.tsx(445,13): error TS17004: Cannot use JSX unless the '--jsx' flag is provided.
frontend/src/components/features/chat/chat-interface.tsx(446,15): error TS17004: Cannot use JSX unless the '--jsx' flag is provided.
frontend/src/components/features/chat/chat-interface.tsx(448,17): error TS17004: Cannot use JSX unless the '--jsx' flag is provided.
frontend/src/components/features/chat/chat-interface.tsx(450,19): error TS17004: Cannot use JSX unless the '--jsx' flag is provided.
frontend/src/components/features/chat/chat-interface.tsx(451,21): error TS17004: Cannot use JSX unless the '--jsx' flag is provided.
frontend/src/components/features/chat/chat-interface.tsx(459,23): error TS17004: Cannot use JSX unless the '--jsx' flag is provided.
frontend/src/components/features/chat/chat-interface.tsx(462,21): error TS17004: Cannot use JSX unless the '--jsx' flag is provided.
frontend/src/components/features/chat/chat-interface.tsx(463,23): error TS17004: Cannot use JSX unless the '--jsx' flag is provided.
frontend/src/components/features/chat/chat-interface.tsx(468,19): error TS17004: Cannot use JSX unless the '--jsx' flag is provided.
frontend/src/components/features/chat/chat-interface.tsx(469,21): error TS17004: Cannot use JSX unless the '--jsx' flag is provided.
frontend/src/components/features/chat/chat-interface.tsx(470,23): error TS17004: Cannot use JSX unless the '--jsx' flag is provided.
frontend/src/components/features/chat/chat-interface.tsx(475,19): error TS17004: Cannot use JSX unless the '--jsx' flag is provided.
frontend/src/components/features/chat/chat-interface.tsx(480,21): error TS17004: Cannot use JSX unless the '--jsx' flag is provided.
frontend/src/components/features/chat/chat-interface.tsx(511,21): error TS17004: Cannot use JSX unless the '--jsx' flag is provided.
frontend/src/components/features/chat/chat-interface.tsx(519,23): error TS17004: Cannot use JSX unless the '--jsx' flag is provided.
frontend/src/components/features/chat/chat-interface.tsx(526,19): error TS17004: Cannot use JSX unless the '--jsx' flag is provided.
frontend/src/components/features/chat/chat-interface.tsx(527,21): error TS17004: Cannot use JSX unless the '--jsx' flag is provided.
frontend/src/components/features/chat/chat-interface.tsx(528,23): error TS17004: Cannot use JSX unless the '--jsx' flag is provided.
frontend/src/components/features/chat/chat-interface.tsx(529,25): error TS17004: Cannot use JSX unless the '--jsx' flag is provided.
frontend/src/components/features/chat/chat-interface.tsx(532,25): error TS17004: Cannot use JSX unless the '--jsx' flag is provided.
frontend/src/components/features/chat/chat-interface.tsx(533,27): error TS17004: Cannot use JSX unless the '--jsx' flag is provided.
frontend/src/components/features/chat/chat-interface.tsx(546,11): error TS17004: Cannot use JSX unless the '--jsx' flag is provided.
frontend/src/components/features/chat/chat-interface.tsx(553,11): error TS17004: Cannot use JSX unless the '--jsx' flag is provided.
frontend/src/components/features/chat/chat-interface.tsx(561,15): error TS17004: Cannot use JSX unless the '--jsx' flag is provided.
frontend/src/components/features/chat/chat-interface.tsx(562,17): error TS17004: Cannot use JSX unless the '--jsx' flag is provided.
frontend/src/components/features/chat/chat-interface.tsx(567,15): error TS17004: Cannot use JSX unless the '--jsx' flag is provided.
frontend/src/components/features/chat/chat-interface.tsx(569,19): error TS17004: Cannot use JSX unless the '--jsx' flag is provided.
frontend/src/components/features/chat/chat-interface.tsx(570,21): error TS17004: Cannot use JSX unless the '--jsx' flag is provided.
frontend/src/components/features/chat/chat-interface.tsx(573,19): error TS17004: Cannot use JSX unless the '--jsx' flag is provided.
frontend/src/components/features/chat/chat-interface.tsx(590,17): error TS17004: Cannot use JSX unless the '--jsx' flag is provided.
frontend/src/components/features/chat/chat-interface.tsx(591,19): error TS17004: Cannot use JSX unless the '--jsx' flag is provided.
frontend/src/components/features/chat/chat-interface.tsx(592,21): error TS17004: Cannot use JSX unless the '--jsx' flag is provided.
frontend/src/components/features/chat/chat-interface.tsx(593,44): error TS7006: Parameter 'value' implicitly has an 'any' type.
frontend/src/components/features/chat/chat-interface.tsx(603,11): error TS17004: Cannot use JSX unless the '--jsx' flag is provided.
frontend/src/components/features/chat/chat-interface.tsx(605,13): error TS17004: Cannot use JSX unless the '--jsx' flag is provided.
frontend/src/components/features/chat/chat-interface.tsx(606,15): error TS17004: Cannot use JSX unless the '--jsx' flag is provided.
frontend/src/components/features/chat/chat-interface.tsx(608,17): error TS17004: Cannot use JSX unless the '--jsx' flag is provided.
frontend/src/components/features/chat/chat-interface.tsx(609,19): error TS17004: Cannot use JSX unless the '--jsx' flag is provided.
frontend/src/components/features/chat/chat-interface.tsx(611,23): error TS17004: Cannot use JSX unless the '--jsx' flag is provided.
frontend/src/components/features/chat/chat-interface.tsx(614,27): error TS17004: Cannot use JSX unless the '--jsx' flag is provided.
frontend/src/components/features/chat/chat-interface.tsx(622,38): error TS17004: Cannot use JSX unless the '--jsx' flag is provided.
frontend/src/components/features/chat/chat-interface.tsx(627,27): error TS17004: Cannot use JSX unless the '--jsx' flag is provided.
frontend/src/components/features/chat/chat-interface.tsx(635,19): error TS17004: Cannot use JSX unless the '--jsx' flag is provided.
frontend/src/components/features/chat/chat-interface.tsx(636,21): error TS17004: Cannot use JSX unless the '--jsx' flag is provided.
frontend/src/components/features/chat/chat-interface.tsx(637,23): error TS17004: Cannot use JSX unless the '--jsx' flag is provided.
frontend/src/components/features/chat/chat-interface.tsx(638,23): error TS17004: Cannot use JSX unless the '--jsx' flag is provided.
frontend/src/components/features/chat/chat-interface.tsx(647,19): error TS17004: Cannot use JSX unless the '--jsx' flag is provided.
frontend/src/components/features/chat/chat-interface.tsx(648,21): error TS17004: Cannot use JSX unless the '--jsx' flag is provided.
frontend/src/components/features/chat/chat-interface.tsx(656,21): error TS17004: Cannot use JSX unless the '--jsx' flag is provided.
frontend/src/components/features/chat/chat-interface.tsx(666,17): error TS17004: Cannot use JSX unless the '--jsx' flag is provided.
frontend/src/components/features/chat/chat-interface.tsx(692,9): error TS17004: Cannot use JSX unless the '--jsx' flag is provided.
frontend/src/components/features/chat/chat-interface.tsx(693,11): error TS17004: Cannot use JSX unless the '--jsx' flag is provided.
frontend/src/components/features/chat/chat-interface.tsx(704,7): error TS17004: Cannot use JSX unless the '--jsx' flag is provided.
frontend/src/components/features/chat/chat-interface.tsx(708,27): error TS7006: Parameter 'index' implicitly has an 'any' type.
frontend/src/components/features/chat/chat-message.tsx(6,22): error TS2835: Relative import paths need explicit file extensions in ECMAScript imports when '--moduleResolution' is 'node16' or 'nodenext'. Did you mean '../markdown/code.js'?
frontend/src/components/features/chat/chat-message.tsx(7,30): error TS2835: Relative import paths need explicit file extensions in ECMAScript imports when '--moduleResolution' is 'node16' or 'nodenext'. Did you mean '../markdown/enhanced-code.js'?
frontend/src/components/features/chat/chat-message.tsx(8,10): error TS2614: Module '"#/*"' has no exported member 'cn'. Did you mean to use 'import cn from "#/*"' instead?
frontend/src/components/features/chat/chat-message.tsx(9,24): error TS2835: Relative import paths need explicit file extensions in ECMAScript imports when '--moduleResolution' is 'node16' or 'nodenext'. Did you mean '../markdown/list.js'?
frontend/src/components/features/chat/chat-message.tsx(10,10): error TS2614: Module '"#/*"' has no exported member 'CopyToClipboardButton'. Did you mean to use 'import CopyToClipboardButton from "#/*"' instead?
frontend/src/components/features/chat/chat-message.tsx(11,24): error TS2835: Relative import paths need explicit file extensions in ECMAScript imports when '--moduleResolution' is 'node16' or 'nodenext'. Did you mean '../markdown/anchor.js'?
frontend/src/components/features/chat/chat-message.tsx(12,10): error TS2614: Module '"#/*"' has no exported member 'OpenHandsSourceType'. Did you mean to use 'import OpenHandsSourceType from "#/*"' instead?
frontend/src/components/features/chat/chat-message.tsx(13,27): error TS2835: Relative import paths need explicit file extensions in ECMAScript imports when '--moduleResolution' is 'node16' or 'nodenext'. Did you mean '../markdown/paragraph.js'?
frontend/src/components/features/chat/chat-message.tsx(14,10): error TS2614: Module '"#/*"' has no exported member 'TooltipButton'. Did you mean to use 'import TooltipButton from "#/*"' instead?
frontend/src/components/features/chat/chat-message.tsx(15,34): error TS2835: Relative import paths need explicit file extensions in ECMAScript imports when '--moduleResolution' is 'node16' or 'nodenext'. Did you mean './message-reactions.js'?
frontend/src/components/features/chat/chat-message.tsx(146,5): error TS17004: Cannot use JSX unless the '--jsx' flag is provided.
frontend/src/components/features/chat/chat-message.tsx(156,9): error TS17004: Cannot use JSX unless the '--jsx' flag is provided.
frontend/src/components/features/chat/chat-message.tsx(160,11): error TS17004: Cannot use JSX unless the '--jsx' flag is provided.
frontend/src/components/features/chat/chat-message.tsx(170,9): error TS17004: Cannot use JSX unless the '--jsx' flag is provided.
frontend/src/components/features/chat/chat-message.tsx(173,7): error TS17004: Cannot use JSX unless the '--jsx' flag is provided.
frontend/src/components/features/chat/chat-message.tsx(196,9): error TS17004: Cannot use JSX unless the '--jsx' flag is provided.
frontend/src/components/features/chat/chat-message.tsx(215,15): error TS17004: Cannot use JSX unless the '--jsx' flag is provided.
frontend/src/components/features/chat/chat-message.tsx(221,17): error TS17004: Cannot use JSX unless the '--jsx' flag is provided.
frontend/src/components/features/chat/chat-message.tsx(231,15): error TS17004: Cannot use JSX unless the '--jsx' flag is provided.
frontend/src/components/features/chat/chat-message.tsx(243,11): error TS17004: Cannot use JSX unless the '--jsx' flag is provided.
frontend/src/components/features/chat/chat-message.tsx(251,9): error TS17004: Cannot use JSX unless the '--jsx' flag is provided.
frontend/src/components/features/chat/chat-message.tsx(263,11): error TS17004: Cannot use JSX unless the '--jsx' flag is provided.
frontend/src/components/features/chat/chat-message.tsx(283,11): error TS17004: Cannot use JSX unless the '--jsx' flag is provided.
frontend/src/components/features/chat/chat-message.tsx(284,13): error TS17004: Cannot use JSX unless the '--jsx' flag is provided.
frontend/src/components/features/chat/chat-message.tsx(296,9): error TS17004: Cannot use JSX unless the '--jsx' flag is provided.
frontend/src/components/features/chat/chat-message.tsx(300,11): error TS17004: Cannot use JSX unless the '--jsx' flag is provided.
frontend/src/components/features/chat/chat-suggestions.tsx(2,10): error TS2614: Module '"#/*"' has no exported member 'Suggestions'. Did you mean to use 'import Suggestions from "#/*"' instead?
frontend/src/components/features/chat/chat-suggestions.tsx(3,10): error TS2614: Module '"#/*"' has no exported member 'I18nKey'. Did you mean to use 'import I18nKey from "#/*"' instead?
frontend/src/components/features/chat/chat-suggestions.tsx(5,10): error TS2614: Module '"#/*"' has no exported member 'SUGGESTIONS'. Did you mean to use 'import SUGGESTIONS from "#/*"' instead?
frontend/src/components/features/chat/chat-suggestions.tsx(15,5): error TS17004: Cannot use JSX unless the '--jsx' flag is provided.
frontend/src/components/features/chat/chat-suggestions.tsx(19,7): error TS17004: Cannot use JSX unless the '--jsx' flag is provided.
frontend/src/components/features/chat/chat-suggestions.tsx(20,9): error TS17004: Cannot use JSX unless the '--jsx' flag is provided.
frontend/src/components/features/chat/chat-suggestions.tsx(21,9): error TS17004: Cannot use JSX unless the '--jsx' flag is provided.
frontend/src/components/features/chat/chat-suggestions.tsx(25,7): error TS17004: Cannot use JSX unless the '--jsx' flag is provided.
frontend/src/components/features/chat/code-artifact.tsx(3,10): error TS2614: Module '"#/*"' has no exported member 'Card'. Did you mean to use 'import Card from "#/*"' instead?
frontend/src/components/features/chat/code-artifact.tsx(3,16): error TS2614: Module '"#/*"' has no exported member 'CardContent'. Did you mean to use 'import CardContent from "#/*"' instead?
frontend/src/components/features/chat/code-artifact.tsx(3,29): error TS2614: Module '"#/*"' has no exported member 'CardHeader'. Did you mean to use 'import CardHeader from "#/*"' instead?
frontend/src/components/features/chat/code-artifact.tsx(4,10): error TS2614: Module '"#/*"' has no exported member 'Button'. Did you mean to use 'import Button from "#/*"' instead?
frontend/src/components/features/chat/code-artifact.tsx(5,10): error TS2614: Module '"#/*"' has no exported member 'Badge'. Did you mean to use 'import Badge from "#/*"' instead?
frontend/src/components/features/chat/code-artifact.tsx(6,10): error TS2614: Module '"#/*"' has no exported member 'cn'. Did you mean to use 'import cn from "#/*"' instead?
frontend/src/components/features/chat/code-artifact.tsx(7,10): error TS2614: Module '"#/*"' has no exported member 'LazyMonaco'. Did you mean to use 'import LazyMonaco from "#/*"' instead?
frontend/src/components/features/chat/code-artifact.tsx(69,5): error TS17004: Cannot use JSX unless the '--jsx' flag is provided.
frontend/src/components/features/chat/code-artifact.tsx(79,7): error TS17004: Cannot use JSX unless the '--jsx' flag is provided.
frontend/src/components/features/chat/code-artifact.tsx(80,9): error TS17004: Cannot use JSX unless the '--jsx' flag is provided.
frontend/src/components/features/chat/code-artifact.tsx(82,11): error TS17004: Cannot use JSX unless the '--jsx' flag is provided.
frontend/src/components/features/chat/code-artifact.tsx(83,13): error TS17004: Cannot use JSX unless the '--jsx' flag is provided.
frontend/src/components/features/chat/code-artifact.tsx(84,13): error TS17004: Cannot use JSX unless the '--jsx' flag is provided.
frontend/src/components/features/chat/code-artifact.tsx(85,15): error TS17004: Cannot use JSX unless the '--jsx' flag is provided.
frontend/src/components/features/chat/code-artifact.tsx(88,15): error TS17004: Cannot use JSX unless the '--jsx' flag is provided.
frontend/src/components/features/chat/code-artifact.tsx(94,13): error TS17004: Cannot use JSX unless the '--jsx' flag is provided.
frontend/src/components/features/chat/code-artifact.tsx(106,11): error TS17004: Cannot use JSX unless the '--jsx' flag is provided.
frontend/src/components/features/chat/code-artifact.tsx(109,15): error TS17004: Cannot use JSX unless the '--jsx' flag is provided.
frontend/src/components/features/chat/code-artifact.tsx(117,19): error TS17004: Cannot use JSX unless the '--jsx' flag is provided.
frontend/src/components/features/chat/code-artifact.tsx(118,21): error TS17004: Cannot use JSX unless the '--jsx' flag is provided.
frontend/src/components/features/chat/code-artifact.tsx(122,19): error TS17004: Cannot use JSX unless the '--jsx' flag is provided.
frontend/src/components/features/chat/code-artifact.tsx(123,21): error TS17004: Cannot use JSX unless the '--jsx' flag is provided.
frontend/src/components/features/chat/code-artifact.tsx(131,13): error TS17004: Cannot use JSX unless the '--jsx' flag is provided.
frontend/src/components/features/chat/code-artifact.tsx(139,17): error TS17004: Cannot use JSX unless the '--jsx' flag is provided.
frontend/src/components/features/chat/code-artifact.tsx(140,19): error TS17004: Cannot use JSX unless the '--jsx' flag is provided.
frontend/src/components/features/chat/code-artifact.tsx(141,19): error TS17004: Cannot use JSX unless the '--jsx' flag is provided.
frontend/src/components/features/chat/code-artifact.tsx(144,17): error TS17004: Cannot use JSX unless the '--jsx' flag is provided.
frontend/src/components/features/chat/code-artifact.tsx(145,19): error TS17004: Cannot use JSX unless the '--jsx' flag is provided.
frontend/src/components/features/chat/code-artifact.tsx(153,15): error TS17004: Cannot use JSX unless the '--jsx' flag is provided.
frontend/src/components/features/chat/code-artifact.tsx(160,17): error TS17004: Cannot use JSX unless the '--jsx' flag is provided.
frontend/src/components/features/chat/code-artifact.tsx(170,9): error TS17004: Cannot use JSX unless the '--jsx' flag is provided.
frontend/src/components/features/chat/code-artifact.tsx(171,11): error TS17004: Cannot use JSX unless the '--jsx' flag is provided.
frontend/src/components/features/chat/code-artifact.tsx(172,13): error TS17004: Cannot use JSX unless the '--jsx' flag is provided.
frontend/src/components/features/chat/code-artifact.tsx(201,9): error TS17004: Cannot use JSX unless the '--jsx' flag is provided.
frontend/src/components/features/chat/code-artifact.tsx(202,11): error TS17004: Cannot use JSX unless the '--jsx' flag is provided.
frontend/src/components/features/chat/conversation-bookmarks.tsx(14,3): error TS2614: Module '"#/*"' has no exported member 'Dialog'. Did you mean to use 'import Dialog from "#/*"' instead?
frontend/src/components/features/chat/conversation-bookmarks.tsx(15,3): error TS2614: Module '"#/*"' has no exported member 'DialogContent'. Did you mean to use 'import DialogContent from "#/*"' instead?
frontend/src/components/features/chat/conversation-bookmarks.tsx(16,3): error TS2614: Module '"#/*"' has no exported member 'DialogHeader'. Did you mean to use 'import DialogHeader from "#/*"' instead?
frontend/src/components/features/chat/conversation-bookmarks.tsx(17,3): error TS2614: Module '"#/*"' has no exported member 'DialogTitle'. Did you mean to use 'import DialogTitle from "#/*"' instead?
frontend/src/components/features/chat/conversation-bookmarks.tsx(19,10): error TS2614: Module '"#/*"' has no exported member 'Button'. Did you mean to use 'import Button from "#/*"' instead?
frontend/src/components/features/chat/conversation-bookmarks.tsx(20,10): error TS2614: Module '"#/*"' has no exported member 'Badge'. Did you mean to use 'import Badge from "#/*"' instead?
frontend/src/components/features/chat/conversation-bookmarks.tsx(21,10): error TS2614: Module '"#/*"' has no exported member 'cn'. Did you mean to use 'import cn from "#/*"' instead?
frontend/src/components/features/chat/conversation-bookmarks.tsx(50,5): error TS17004: Cannot use JSX unless the '--jsx' flag is provided.
frontend/src/components/features/chat/conversation-bookmarks.tsx(50,42): error TS7006: Parameter 'open' implicitly has an 'any' type.
frontend/src/components/features/chat/conversation-bookmarks.tsx(51,7): error TS17004: Cannot use JSX unless the '--jsx' flag is provided.
frontend/src/components/features/chat/conversation-bookmarks.tsx(52,9): error TS17004: Cannot use JSX unless the '--jsx' flag is provided.
frontend/src/components/features/chat/conversation-bookmarks.tsx(53,11): error TS17004: Cannot use JSX unless the '--jsx' flag is provided.
frontend/src/components/features/chat/conversation-bookmarks.tsx(54,13): error TS17004: Cannot use JSX unless the '--jsx' flag is provided.
frontend/src/components/features/chat/conversation-bookmarks.tsx(56,13): error TS17004: Cannot use JSX unless the '--jsx' flag is provided.
frontend/src/components/features/chat/conversation-bookmarks.tsx(62,9): error TS17004: Cannot use JSX unless the '--jsx' flag is provided.
frontend/src/components/features/chat/conversation-bookmarks.tsx(64,13): error TS17004: Cannot use JSX unless the '--jsx' flag is provided.
frontend/src/components/features/chat/conversation-bookmarks.tsx(65,15): error TS17004: Cannot use JSX unless the '--jsx' flag is provided.
frontend/src/components/features/chat/conversation-bookmarks.tsx(66,15): error TS17004: Cannot use JSX unless the '--jsx' flag is provided.
frontend/src/components/features/chat/conversation-bookmarks.tsx(69,15): error TS17004: Cannot use JSX unless the '--jsx' flag is provided.
frontend/src/components/features/chat/conversation-bookmarks.tsx(77,13): error TS17004: Cannot use JSX unless the '--jsx' flag is provided.
frontend/src/components/features/chat/conversation-bookmarks.tsx(79,17): error TS17004: Cannot use JSX unless the '--jsx' flag is provided.
frontend/src/components/features/chat/conversation-bookmarks.tsx(90,19): error TS17004: Cannot use JSX unless the '--jsx' flag is provided.
frontend/src/components/features/chat/conversation-bookmarks.tsx(94,21): error TS17004: Cannot use JSX unless the '--jsx' flag is provided.
frontend/src/components/features/chat/conversation-bookmarks.tsx(96,23): error TS17004: Cannot use JSX unless the '--jsx' flag is provided.
frontend/src/components/features/chat/conversation-bookmarks.tsx(105,27): error TS17004: Cannot use JSX unless the '--jsx' flag is provided.
frontend/src/components/features/chat/conversation-bookmarks.tsx(107,27): error TS17004: Cannot use JSX unless the '--jsx' flag is provided.
frontend/src/components/features/chat/conversation-bookmarks.tsx(112,23): error TS17004: Cannot use JSX unless the '--jsx' flag is provided.
frontend/src/components/features/chat/conversation-bookmarks.tsx(113,25): error TS17004: Cannot use JSX unless the '--jsx' flag is provided.
frontend/src/components/features/chat/conversation-bookmarks.tsx(114,27): error TS17004: Cannot use JSX unless the '--jsx' flag is provided.
frontend/src/components/features/chat/conversation-bookmarks.tsx(117,27): error TS17004: Cannot use JSX unless the '--jsx' flag is provided.
frontend/src/components/features/chat/conversation-bookmarks.tsx(118,29): error TS17004: Cannot use JSX unless the '--jsx' flag is provided.
frontend/src/components/features/chat/conversation-bookmarks.tsx(119,29): error TS17004: Cannot use JSX unless the '--jsx' flag is provided.
frontend/src/components/features/chat/conversation-bookmarks.tsx(122,29): error TS17004: Cannot use JSX unless the '--jsx' flag is provided.
frontend/src/components/features/chat/conversation-bookmarks.tsx(126,31): error TS17004: Cannot use JSX unless the '--jsx' flag is provided.
frontend/src/components/features/chat/conversation-bookmarks.tsx(131,25): error TS17004: Cannot use JSX unless the '--jsx' flag is provided.
frontend/src/components/features/chat/conversation-bookmarks.tsx(137,23): error TS17004: Cannot use JSX unless the '--jsx' flag is provided.
frontend/src/components/features/chat/conversation-bookmarks.tsx(138,25): error TS17004: Cannot use JSX unless the '--jsx' flag is provided.
frontend/src/components/features/chat/conversation-bookmarks.tsx(145,21): error TS17004: Cannot use JSX unless the '--jsx' flag is provided.
frontend/src/components/features/chat/conversation-bookmarks.tsx(148,33): error TS7006: Parameter 'e' implicitly has an 'any' type.
frontend/src/components/features/chat/conversation-bookmarks.tsx(155,23): error TS17004: Cannot use JSX unless the '--jsx' flag is provided.
frontend/src/components/features/chat/conversation-bookmarks.tsx(165,9): error TS17004: Cannot use JSX unless the '--jsx' flag is provided.
frontend/src/components/features/chat/conversation-bookmarks.tsx(167,13): error TS17004: Cannot use JSX unless the '--jsx' flag is provided.
frontend/src/components/features/chat/conversation-bookmarks.tsx(271,5): error TS17004: Cannot use JSX unless the '--jsx' flag is provided.
frontend/src/components/features/chat/conversation-bookmarks.tsx(274,17): error TS7006: Parameter 'e' implicitly has an 'any' type.
frontend/src/components/features/chat/conversation-bookmarks.tsx(288,9): error TS17004: Cannot use JSX unless the '--jsx' flag is provided.
frontend/src/components/features/chat/conversation-bookmarks.tsx(290,9): error TS17004: Cannot use JSX unless the '--jsx' flag is provided.
frontend/src/components/features/chat/conversation-search.tsx(13,3): error TS2614: Module '"#/*"' has no exported member 'Dialog'. Did you mean to use 'import Dialog from "#/*"' instead?
frontend/src/components/features/chat/conversation-search.tsx(14,3): error TS2614: Module '"#/*"' has no exported member 'DialogContent'. Did you mean to use 'import DialogContent from "#/*"' instead?
frontend/src/components/features/chat/conversation-search.tsx(15,3): error TS2614: Module '"#/*"' has no exported member 'DialogHeader'. Did you mean to use 'import DialogHeader from "#/*"' instead?
frontend/src/components/features/chat/conversation-search.tsx(16,3): error TS2614: Module '"#/*"' has no exported member 'DialogTitle'. Did you mean to use 'import DialogTitle from "#/*"' instead?
frontend/src/components/features/chat/conversation-search.tsx(18,10): error TS2614: Module '"#/*"' has no exported member 'Button'. Did you mean to use 'import Button from "#/*"' instead?
frontend/src/components/features/chat/conversation-search.tsx(19,10): error TS2614: Module '"#/*"' has no exported member 'Badge'. Did you mean to use 'import Badge from "#/*"' instead?
frontend/src/components/features/chat/conversation-search.tsx(20,10): error TS2614: Module '"#/*"' has no exported member 'cn'. Did you mean to use 'import cn from "#/*"' instead?
frontend/src/components/features/chat/conversation-search.tsx(21,10): error TS2614: Module '"#/*"' has no exported member 'OpenHandsAction'. Did you mean to use 'import OpenHandsAction from "#/*"' instead?
frontend/src/components/features/chat/conversation-search.tsx(22,10): error TS2614: Module '"#/*"' has no exported member 'OpenHandsObservation'. Did you mean to use 'import OpenHandsObservation from "#/*"' instead?
frontend/src/components/features/chat/conversation-search.tsx(23,10): error TS2614: Module '"#/*"' has no exported member 'isUserMessage'. Did you mean to use 'import isUserMessage from "#/*"' instead?
frontend/src/components/features/chat/conversation-search.tsx(23,25): error TS2614: Module '"#/*"' has no exported member 'isAssistantMessage'. Did you mean to use 'import isAssistantMessage from "#/*"' instead?
frontend/src/components/features/chat/conversation-search.tsx(50,7): error TS17004: Cannot use JSX unless the '--jsx' flag is provided.
frontend/src/components/features/chat/conversation-search.tsx(169,5): error TS17004: Cannot use JSX unless the '--jsx' flag is provided.
frontend/src/components/features/chat/conversation-search.tsx(169,42): error TS7006: Parameter 'open' implicitly has an 'any' type.
frontend/src/components/features/chat/conversation-search.tsx(170,7): error TS17004: Cannot use JSX unless the '--jsx' flag is provided.
frontend/src/components/features/chat/conversation-search.tsx(171,9): error TS17004: Cannot use JSX unless the '--jsx' flag is provided.
frontend/src/components/features/chat/conversation-search.tsx(172,11): error TS17004: Cannot use JSX unless the '--jsx' flag is provided.
frontend/src/components/features/chat/conversation-search.tsx(173,13): error TS17004: Cannot use JSX unless the '--jsx' flag is provided.
frontend/src/components/features/chat/conversation-search.tsx(179,9): error TS17004: Cannot use JSX unless the '--jsx' flag is provided.
frontend/src/components/features/chat/conversation-search.tsx(180,11): error TS17004: Cannot use JSX unless the '--jsx' flag is provided.
frontend/src/components/features/chat/conversation-search.tsx(181,13): error TS17004: Cannot use JSX unless the '--jsx' flag is provided.
frontend/src/components/features/chat/conversation-search.tsx(182,13): error TS17004: Cannot use JSX unless the '--jsx' flag is provided.
frontend/src/components/features/chat/conversation-search.tsx(197,15): error TS17004: Cannot use JSX unless the '--jsx' flag is provided.
frontend/src/components/features/chat/conversation-search.tsx(201,17): error TS17004: Cannot use JSX unless the '--jsx' flag is provided.
frontend/src/components/features/chat/conversation-search.tsx(207,11): error TS17004: Cannot use JSX unless the '--jsx' flag is provided.
frontend/src/components/features/chat/conversation-search.tsx(208,13): error TS17004: Cannot use JSX unless the '--jsx' flag is provided.
frontend/src/components/features/chat/conversation-search.tsx(210,15): error TS17004: Cannot use JSX unless the '--jsx' flag is provided.
frontend/src/components/features/chat/conversation-search.tsx(222,43): error TS17004: Cannot use JSX unless the '--jsx' flag is provided.
frontend/src/components/features/chat/conversation-search.tsx(223,44): error TS17004: Cannot use JSX unless the '--jsx' flag is provided.
frontend/src/components/features/chat/conversation-search.tsx(225,19): error TS17004: Cannot use JSX unless the '--jsx' flag is provided.
frontend/src/components/features/chat/conversation-search.tsx(228,17): error TS17004: Cannot use JSX unless the '--jsx' flag is provided.
frontend/src/components/features/chat/conversation-search.tsx(240,9): error TS17004: Cannot use JSX unless the '--jsx' flag is provided.
frontend/src/components/features/chat/conversation-search.tsx(242,13): error TS17004: Cannot use JSX unless the '--jsx' flag is provided.
frontend/src/components/features/chat/conversation-search.tsx(243,15): error TS17004: Cannot use JSX unless the '--jsx' flag is provided.
frontend/src/components/features/chat/conversation-search.tsx(244,15): error TS17004: Cannot use JSX unless the '--jsx' flag is provided.
frontend/src/components/features/chat/conversation-search.tsx(247,15): error TS17004: Cannot use JSX unless the '--jsx' flag is provided.
frontend/src/components/features/chat/conversation-search.tsx(254,13): error TS17004: Cannot use JSX unless the '--jsx' flag is provided.
frontend/src/components/features/chat/conversation-search.tsx(255,15): error TS17004: Cannot use JSX unless the '--jsx' flag is provided.
frontend/src/components/features/chat/conversation-search.tsx(256,15): error TS17004: Cannot use JSX unless the '--jsx' flag is provided.
frontend/src/components/features/chat/conversation-search.tsx(259,15): error TS17004: Cannot use JSX unless the '--jsx' flag is provided.
frontend/src/components/features/chat/conversation-search.tsx(266,13): error TS17004: Cannot use JSX unless the '--jsx' flag is provided.
frontend/src/components/features/chat/conversation-search.tsx(267,15): error TS17004: Cannot use JSX unless the '--jsx' flag is provided.
frontend/src/components/features/chat/conversation-search.tsx(272,17): error TS17004: Cannot use JSX unless the '--jsx' flag is provided.
frontend/src/components/features/chat/conversation-search.tsx(282,19): error TS17004: Cannot use JSX unless the '--jsx' flag is provided.
frontend/src/components/features/chat/conversation-search.tsx(283,21): error TS17004: Cannot use JSX unless the '--jsx' flag is provided.
frontend/src/components/features/chat/conversation-search.tsx(292,25): error TS17004: Cannot use JSX unless the '--jsx' flag is provided.
frontend/src/components/features/chat/conversation-search.tsx(294,25): error TS17004: Cannot use JSX unless the '--jsx' flag is provided.
frontend/src/components/features/chat/conversation-search.tsx(297,21): error TS17004: Cannot use JSX unless the '--jsx' flag is provided.
frontend/src/components/features/chat/conversation-search.tsx(298,23): error TS17004: Cannot use JSX unless the '--jsx' flag is provided.
frontend/src/components/features/chat/conversation-search.tsx(299,25): error TS17004: Cannot use JSX unless the '--jsx' flag is provided.
frontend/src/components/features/chat/conversation-search.tsx(303,27): error TS17004: Cannot use JSX unless the '--jsx' flag is provided.
frontend/src/components/features/chat/conversation-search.tsx(304,29): error TS17004: Cannot use JSX unless the '--jsx' flag is provided.
frontend/src/components/features/chat/conversation-search.tsx(305,29): error TS17004: Cannot use JSX unless the '--jsx' flag is provided.
frontend/src/components/features/chat/conversation-search.tsx(309,23): error TS17004: Cannot use JSX unless the '--jsx' flag is provided.
frontend/src/components/features/chat/conversation-search.tsx(313,21): error TS17004: Cannot use JSX unless the '--jsx' flag is provided.
frontend/src/components/features/chat/conversation-search.tsx(322,9): error TS17004: Cannot use JSX unless the '--jsx' flag is provided.
frontend/src/components/features/chat/conversation-search.tsx(324,11): error TS17004: Cannot use JSX unless the '--jsx' flag is provided.
frontend/src/components/features/chat/empty-state.tsx(16,10): error TS2614: Module '"#/*"' has no exported member 'Card'. Did you mean to use 'import Card from "#/*"' instead?
frontend/src/components/features/chat/empty-state.tsx(17,10): error TS2614: Module '"#/*"' has no exported member 'Button'. Did you mean to use 'import Button from "#/*"' instead?
frontend/src/components/features/chat/empty-state.tsx(18,10): error TS2614: Module '"#/*"' has no exported member 'Badge'. Did you mean to use 'import Badge from "#/*"' instead?
frontend/src/components/features/chat/empty-state.tsx(19,10): error TS2614: Module '"#/*"' has no exported member 'cn'. Did you mean to use 'import cn from "#/*"' instead?
frontend/src/components/features/chat/empty-state.tsx(40,11): error TS17004: Cannot use JSX unless the '--jsx' flag is provided.
frontend/src/components/features/chat/empty-state.tsx(50,11): error TS17004: Cannot use JSX unless the '--jsx' flag is provided.
frontend/src/components/features/chat/empty-state.tsx(60,11): error TS17004: Cannot use JSX unless the '--jsx' flag is provided.
frontend/src/components/features/chat/empty-state.tsx(71,11): error TS17004: Cannot use JSX unless the '--jsx' flag is provided.
frontend/src/components/features/chat/empty-state.tsx(81,11): error TS17004: Cannot use JSX unless the '--jsx' flag is provided.
frontend/src/components/features/chat/empty-state.tsx(92,11): error TS17004: Cannot use JSX unless the '--jsx' flag is provided.
frontend/src/components/features/chat/empty-state.tsx(101,11): error TS17004: Cannot use JSX unless the '--jsx' flag is provided.
frontend/src/components/features/chat/empty-state.tsx(112,11): error TS17004: Cannot use JSX unless the '--jsx' flag is provided.
frontend/src/components/features/chat/empty-state.tsx(122,11): error TS17004: Cannot use JSX unless the '--jsx' flag is provided.
frontend/src/components/features/chat/empty-state.tsx(171,5): error TS17004: Cannot use JSX unless the '--jsx' flag is provided.
frontend/src/components/features/chat/empty-state.tsx(178,7): error TS17004: Cannot use JSX unless the '--jsx' flag is provided.
frontend/src/components/features/chat/empty-state.tsx(179,9): error TS17004: Cannot use JSX unless the '--jsx' flag is provided.
frontend/src/components/features/chat/empty-state.tsx(181,11): error TS17004: Cannot use JSX unless the '--jsx' flag is provided.
frontend/src/components/features/chat/empty-state.tsx(184,11): error TS17004: Cannot use JSX unless the '--jsx' flag is provided.
frontend/src/components/features/chat/empty-state.tsx(185,13): error TS17004: Cannot use JSX unless the '--jsx' flag is provided.
frontend/src/components/features/chat/empty-state.tsx(189,11): error TS17004: Cannot use JSX unless the '--jsx' flag is provided.
frontend/src/components/features/chat/empty-state.tsx(190,11): error TS17004: Cannot use JSX unless the '--jsx' flag is provided.
frontend/src/components/features/chat/empty-state.tsx(191,11): error TS17004: Cannot use JSX unless the '--jsx' flag is provided.
frontend/src/components/features/chat/empty-state.tsx(196,7): error TS17004: Cannot use JSX unless the '--jsx' flag is provided.
frontend/src/components/features/chat/empty-state.tsx(197,9): error TS17004: Cannot use JSX unless the '--jsx' flag is provided.
frontend/src/components/features/chat/empty-state.tsx(200,9): error TS17004: Cannot use JSX unless the '--jsx' flag is provided.
frontend/src/components/features/chat/empty-state.tsx(206,7): error TS17004: Cannot use JSX unless the '--jsx' flag is provided.
frontend/src/components/features/chat/empty-state.tsx(207,9): error TS17004: Cannot use JSX unless the '--jsx' flag is provided.
frontend/src/components/features/chat/empty-state.tsx(208,11): error TS17004: Cannot use JSX unless the '--jsx' flag is provided.
frontend/src/components/features/chat/empty-state.tsx(209,11): error TS17004: Cannot use JSX unless the '--jsx' flag is provided.
frontend/src/components/features/chat/empty-state.tsx(214,7): error TS17004: Cannot use JSX unless the '--jsx' flag is provided.
frontend/src/components/features/chat/empty-state.tsx(216,11): error TS17004: Cannot use JSX unless the '--jsx' flag is provided.
frontend/src/components/features/chat/empty-state.tsx(232,13): error TS17004: Cannot use JSX unless the '--jsx' flag is provided.
frontend/src/components/features/chat/empty-state.tsx(234,13): error TS17004: Cannot use JSX unless the '--jsx' flag is provided.
frontend/src/components/features/chat/empty-state.tsx(236,15): error TS17004: Cannot use JSX unless the '--jsx' flag is provided.
frontend/src/components/features/chat/empty-state.tsx(240,15): error TS17004: Cannot use JSX unless the '--jsx' flag is provided.
frontend/src/components/features/chat/empty-state.tsx(241,17): error TS17004: Cannot use JSX unless the '--jsx' flag is provided.
frontend/src/components/features/chat/empty-state.tsx(244,17): error TS17004: Cannot use JSX unless the '--jsx' flag is provided.
frontend/src/components/features/chat/empty-state.tsx(250,15): error TS17004: Cannot use JSX unless the '--jsx' flag is provided.
frontend/src/components/features/chat/empty-state.tsx(251,17): error TS17004: Cannot use JSX unless the '--jsx' flag is provided.
frontend/src/components/features/chat/empty-state.tsx(252,19): error TS17004: Cannot use JSX unless the '--jsx' flag is provided.
frontend/src/components/features/chat/empty-state.tsx(261,7): error TS17004: Cannot use JSX unless the '--jsx' flag is provided.
frontend/src/components/features/chat/empty-state.tsx(262,9): error TS17004: Cannot use JSX unless the '--jsx' flag is provided.
frontend/src/components/features/chat/empty-state.tsx(265,9): error TS17004: Cannot use JSX unless the '--jsx' flag is provided.
frontend/src/components/features/chat/empty-state.tsx(266,11): error TS17004: Cannot use JSX unless the '--jsx' flag is provided.
frontend/src/components/features/chat/empty-state.tsx(267,13): error TS17004: Cannot use JSX unless the '--jsx' flag is provided.
frontend/src/components/features/chat/empty-state.tsx(268,13): error TS17004: Cannot use JSX unless the '--jsx' flag is provided.
frontend/src/components/features/chat/empty-state.tsx(270,11): error TS17004: Cannot use JSX unless the '--jsx' flag is provided.
frontend/src/components/features/chat/empty-state.tsx(271,11): error TS17004: Cannot use JSX unless the '--jsx' flag is provided.
frontend/src/components/features/chat/empty-state.tsx(272,13): error TS17004: Cannot use JSX unless the '--jsx' flag is provided.
frontend/src/components/features/chat/empty-state.tsx(273,13): error TS17004: Cannot use JSX unless the '--jsx' flag is provided.
frontend/src/components/features/chat/error-message-banner.tsx(6,10): error TS2614: Module '"#/*"' has no exported member 'cn'. Did you mean to use 'import cn from "#/*"' instead?
frontend/src/components/features/chat/error-message-banner.tsx(7,10): error TS2614: Module '"#/*"' has no exported member 'ErrorBanner'. Did you mean to use 'import ErrorBanner from "#/*"' instead?
frontend/src/components/features/chat/error-message-banner.tsx(7,28): error TS2614: Module '"#/*"' has no exported member 'UserFriendlyErrorData'. Did you mean to use 'import UserFriendlyErrorData from "#/*"' instead?
frontend/src/components/features/chat/error-message-banner.tsx(8,10): error TS2614: Module '"#/*"' has no exported member 'extractUserFriendlyError'. Did you mean to use 'import extractUserFriendlyError from "#/*"' instead?
frontend/src/components/features/chat/error-message-banner.tsx(48,7): error TS17004: Cannot use JSX unless the '--jsx' flag is provided.
frontend/src/components/features/chat/error-message-banner.tsx(79,5): error TS17004: Cannot use JSX unless the '--jsx' flag is provided.
frontend/src/components/features/chat/error-message-banner.tsx(87,7): error TS17004: Cannot use JSX unless the '--jsx' flag is provided.
frontend/src/components/features/chat/error-message-banner.tsx(89,9): error TS17004: Cannot use JSX unless the '--jsx' flag is provided.
frontend/src/components/features/chat/error-message-banner.tsx(90,11): error TS17004: Cannot use JSX unless the '--jsx' flag is provided.
frontend/src/components/features/chat/error-message-banner.tsx(94,9): error TS17004: Cannot use JSX unless the '--jsx' flag is provided.
frontend/src/components/features/chat/error-message-banner.tsx(95,11): error TS17004: Cannot use JSX unless the '--jsx' flag is provided.
frontend/src/components/features/chat/error-message-banner.tsx(97,15): error TS17004: Cannot use JSX unless the '--jsx' flag is provided.
frontend/src/components/features/chat/error-message-banner.tsx(101,21): error TS17004: Cannot use JSX unless the '--jsx' flag is provided.
frontend/src/components/features/chat/error-message-banner.tsx(106,23): error TS17004: Cannot use JSX unless the '--jsx' flag is provided.
frontend/src/components/features/chat/error-message-banner.tsx(118,13): error TS17004: Cannot use JSX unless the '--jsx' flag is provided.
frontend/src/components/features/chat/error-message-banner.tsx(128,13): error TS17004: Cannot use JSX unless the '--jsx' flag is provided.
frontend/src/components/features/chat/error-message-banner.tsx(129,15): error TS17004: Cannot use JSX unless the '--jsx' flag is provided.
frontend/src/components/features/chat/error-message-banner.tsx(139,9): error TS17004: Cannot use JSX unless the '--jsx' flag is provided.
frontend/src/components/features/chat/error-message-banner.tsx(141,13): error TS17004: Cannot use JSX unless the '--jsx' flag is provided.
frontend/src/components/features/chat/error-message-banner.tsx(150,15): error TS17004: Cannot use JSX unless the '--jsx' flag is provided.
frontend/src/components/features/chat/error-message-banner.tsx(155,13): error TS17004: Cannot use JSX unless the '--jsx' flag is provided.
frontend/src/components/features/chat/error-message-banner.tsx(164,15): error TS17004: Cannot use JSX unless the '--jsx' flag is provided.
frontend/src/components/features/chat/error-message.tsx(6,22): error TS2835: Relative import paths need explicit file extensions in ECMAScript imports when '--moduleResolution' is 'node16' or 'nodenext'. Did you mean '../markdown/code.js'?
frontend/src/components/features/chat/error-message.tsx(7,24): error TS2835: Relative import paths need explicit file extensions in ECMAScript imports when '--moduleResolution' is 'node16' or 'nodenext'. Did you mean '../markdown/list.js'?
frontend/src/components/features/chat/error-message.tsx(11,10): error TS2614: Module '"#/*"' has no exported member 'UserFriendlyError'. Did you mean to use 'import UserFriendlyError from "#/*"' instead?
frontend/src/components/features/chat/error-message.tsx(11,34): error TS2614: Module '"#/*"' has no exported member 'UserFriendlyErrorData'. Did you mean to use 'import UserFriendlyErrorData from "#/*"' instead?
frontend/src/components/features/chat/error-message.tsx(12,10): error TS2614: Module '"#/*"' has no exported member 'extractUserFriendlyError'. Did you mean to use 'import extractUserFriendlyError from "#/*"' instead?
frontend/src/components/features/chat/error-message.tsx(12,36): error TS2614: Module '"#/*"' has no exported member 'formatClientError'. Did you mean to use 'import formatClientError from "#/*"' instead?
frontend/src/components/features/chat/error-message.tsx(13,10): error TS2614: Module '"#/*"' has no exported member 'useErrorActionHandler'. Did you mean to use 'import useErrorActionHandler from "#/*"' instead?
frontend/src/components/features/chat/error-message.tsx(33,7): error TS17004: Cannot use JSX unless the '--jsx' flag is provided.
frontend/src/components/features/chat/error-message.tsx(34,9): error TS17004: Cannot use JSX unless the '--jsx' flag is provided.
frontend/src/components/features/chat/error-message.tsx(36,22): error TS7006: Parameter 'action' implicitly has an 'any' type.
frontend/src/components/features/chat/error-message.tsx(50,5): error TS17004: Cannot use JSX unless the '--jsx' flag is provided.
frontend/src/components/features/chat/error-message.tsx(51,7): error TS17004: Cannot use JSX unless the '--jsx' flag is provided.
frontend/src/components/features/chat/error-message.tsx(53,9): error TS17004: Cannot use JSX unless the '--jsx' flag is provided.
frontend/src/components/features/chat/error-message.tsx(59,13): error TS17004: Cannot use JSX unless the '--jsx' flag is provided.
frontend/src/components/features/chat/error-message.tsx(61,13): error TS17004: Cannot use JSX unless the '--jsx' flag is provided.
frontend/src/components/features/chat/error-message.tsx(67,9): error TS17004: Cannot use JSX unless the '--jsx' flag is provided.
frontend/src/components/features/chat/event-content-helpers/get-action-content.ts(1,10): error TS2614: Module '"#/*"' has no exported member 'ActionSecurityRisk'. Did you mean to use 'import ActionSecurityRisk from "#/*"' instead?
frontend/src/components/features/chat/event-content-helpers/get-action-content.ts(3,3): error TS2614: Module '"#/*"' has no exported member 'FileWriteAction'. Did you mean to use 'import FileWriteAction from "#/*"' instead?
frontend/src/components/features/chat/event-content-helpers/get-action-content.ts(4,3): error TS2614: Module '"#/*"' has no exported member 'CommandAction'. Did you mean to use 'import CommandAction from "#/*"' instead?
frontend/src/components/features/chat/event-content-helpers/get-action-content.ts(5,3): error TS2614: Module '"#/*"' has no exported member 'IPythonAction'. Did you mean to use 'import IPythonAction from "#/*"' instead?
frontend/src/components/features/chat/event-content-helpers/get-action-content.ts(6,3): error TS2614: Module '"#/*"' has no exported member 'BrowseAction'. Did you mean to use 'import BrowseAction from "#/*"' instead?
frontend/src/components/features/chat/event-content-helpers/get-action-content.ts(7,3): error TS2614: Module '"#/*"' has no exported member 'BrowseInteractiveAction'. Did you mean to use 'import BrowseInteractiveAction from "#/*"' instead?
frontend/src/components/features/chat/event-content-helpers/get-action-content.ts(8,3): error TS2614: Module '"#/*"' has no exported member 'MCPAction'. Did you mean to use 'import MCPAction from "#/*"' instead?
frontend/src/components/features/chat/event-content-helpers/get-action-content.ts(9,3): error TS2614: Module '"#/*"' has no exported member 'ThinkAction'. Did you mean to use 'import ThinkAction from "#/*"' instead?
frontend/src/components/features/chat/event-content-helpers/get-action-content.ts(10,3): error TS2614: Module '"#/*"' has no exported member 'OpenHandsAction'. Did you mean to use 'import OpenHandsAction from "#/*"' instead?
frontend/src/components/features/chat/event-content-helpers/get-action-content.ts(11,3): error TS2614: Module '"#/*"' has no exported member 'FinishAction'. Did you mean to use 'import FinishAction from "#/*"' instead?
frontend/src/components/features/chat/event-content-helpers/get-action-content.ts(12,3): error TS2614: Module '"#/*"' has no exported member 'TaskTrackingAction'. Did you mean to use 'import TaskTrackingAction from "#/*"' instead?
frontend/src/components/features/chat/event-content-helpers/get-action-content.ts(14,60): error TS2835: Relative import paths need explicit file extensions in ECMAScript imports when '--moduleResolution' is 'node16' or 'nodenext'. Did you mean './shared.js'?
frontend/src/components/features/chat/event-content-helpers/get-action-content.ts(94,35): error TS7006: Parameter 'task' implicitly has an 'any' type.
frontend/src/components/features/chat/event-content-helpers/get-action-content.ts(94,41): error TS7006: Parameter 'index' implicitly has an 'any' type.
frontend/src/components/features/chat/event-content-helpers/get-action-content.ts(96,9): error TS7053: Element implicitly has an 'any' type because expression of type 'any' can't be used to index type '{ todo: string; in_progress: string; done: string; }'.
frontend/src/components/features/chat/event-content-helpers/get-event-content.ts(2,3): error TS2614: Module '"#/*"' has no exported member 'OpenHandsAction'. Did you mean to use 'import OpenHandsAction from "#/*"' instead?
frontend/src/components/features/chat/event-content-helpers/get-event-content.ts(3,3): error TS2614: Module '"#/*"' has no exported member 'OpenHandsObservation'. Did you mean to use 'import OpenHandsObservation from "#/*"' instead?
frontend/src/components/features/chat/event-content-helpers/get-event-content.ts(5,10): error TS2614: Module '"#/*"' has no exported member 'hasArgs'. Did you mean to use 'import hasArgs from "#/*"' instead?
frontend/src/components/features/chat/event-content-helpers/get-event-content.ts(5,19): error TS2614: Module '"#/*"' has no exported member 'isOpenHandsObservation'. Did you mean to use 'import isOpenHandsObservation from "#/*"' instead?
frontend/src/components/features/chat/event-content-helpers/get-observation-content.ts(2,3): error TS2614: Module '"#/*"' has no exported member 'ReadObservation'. Did you mean to use 'import ReadObservation from "#/*"' instead?
frontend/src/components/features/chat/event-content-helpers/get-observation-content.ts(3,3): error TS2614: Module '"#/*"' has no exported member 'CommandObservation'. Did you mean to use 'import CommandObservation from "#/*"' instead?
frontend/src/components/features/chat/event-content-helpers/get-observation-content.ts(4,3): error TS2614: Module '"#/*"' has no exported member 'IPythonObservation'. Did you mean to use 'import IPythonObservation from "#/*"' instead?
frontend/src/components/features/chat/event-content-helpers/get-observation-content.ts(5,3): error TS2614: Module '"#/*"' has no exported member 'EditObservation'. Did you mean to use 'import EditObservation from "#/*"' instead?
frontend/src/components/features/chat/event-content-helpers/get-observation-content.ts(6,3): error TS2614: Module '"#/*"' has no exported member 'BrowseObservation'. Did you mean to use 'import BrowseObservation from "#/*"' instead?
frontend/src/components/features/chat/event-content-helpers/get-observation-content.ts(7,3): error TS2614: Module '"#/*"' has no exported member 'OpenHandsObservation'. Did you mean to use 'import OpenHandsObservation from "#/*"' instead?
frontend/src/components/features/chat/event-content-helpers/get-observation-content.ts(8,3): error TS2614: Module '"#/*"' has no exported member 'RecallObservation'. Did you mean to use 'import RecallObservation from "#/*"' instead?
frontend/src/components/features/chat/event-content-helpers/get-observation-content.ts(9,3): error TS2614: Module '"#/*"' has no exported member 'TaskTrackingObservation'. Did you mean to use 'import TaskTrackingObservation from "#/*"' instead?
frontend/src/components/features/chat/event-content-helpers/get-observation-content.ts(11,38): error TS2835: Relative import paths need explicit file extensions in ECMAScript imports when '--moduleResolution' is 'node16' or 'nodenext'. Did you mean './get-observation-result.js'?
frontend/src/components/features/chat/event-content-helpers/get-observation-content.ts(12,60): error TS2835: Relative import paths need explicit file extensions in ECMAScript imports when '--moduleResolution' is 'node16' or 'nodenext'. Did you mean './shared.js'?
frontend/src/components/features/chat/event-content-helpers/get-observation-content.ts(111,23): error TS7006: Parameter 'task' implicitly has an 'any' type.
frontend/src/components/features/chat/event-content-helpers/get-observation-content.ts(111,29): error TS7006: Parameter 'index' implicitly has an 'any' type.
frontend/src/components/features/chat/event-content-helpers/get-observation-content.ts(113,9): error TS7053: Element implicitly has an 'any' type because expression of type 'any' can't be used to index type '{ todo: string; in_progress: string; done: string; }'.
frontend/src/components/features/chat/event-content-helpers/get-observation-result.ts(1,10): error TS2614: Module '"#/*"' has no exported member 'OpenHandsObservation'. Did you mean to use 'import OpenHandsObservation from "#/*"' instead?
frontend/src/components/features/chat/event-content-helpers/parse-message-from-event.ts(2,3): error TS2614: Module '"#/*"' has no exported member 'AssistantMessageAction'. Did you mean to use 'import AssistantMessageAction from "#/*"' instead?
frontend/src/components/features/chat/event-content-helpers/parse-message-from-event.ts(3,3): error TS2614: Module '"#/*"' has no exported member 'UserMessageAction'. Did you mean to use 'import UserMessageAction from "#/*"' instead?
frontend/src/components/features/chat/event-content-helpers/parse-message-from-event.ts(6,10): error TS2614: Module '"#/*"' has no exported member 'isUserMessage'. Did you mean to use 'import isUserMessage from "#/*"' instead?
frontend/src/components/features/chat/event-content-helpers/shared.ts(1,10): error TS2614: Module '"#/*"' has no exported member 'OpenHandsAction'. Did you mean to use 'import OpenHandsAction from "#/*"' instead?
frontend/src/components/features/chat/event-content-helpers/shared.ts(2,10): error TS2614: Module '"#/*"' has no exported member 'OpenHandsObservation'. Did you mean to use 'import OpenHandsObservation from "#/*"' instead?
frontend/src/components/features/chat/event-content-helpers/should-render-event.ts(1,10): error TS2614: Module '"#/*"' has no exported member 'OpenHandsAction'. Did you mean to use 'import OpenHandsAction from "#/*"' instead?
frontend/src/components/features/chat/event-content-helpers/should-render-event.ts(2,10): error TS2614: Module '"#/*"' has no exported member 'OpenHandsEventType'. Did you mean to use 'import OpenHandsEventType from "#/*"' instead?
frontend/src/components/features/chat/event-content-helpers/should-render-event.ts(4,3): error TS2614: Module '"#/*"' has no exported member 'isCommandAction'. Did you mean to use 'import isCommandAction from "#/*"' instead?
frontend/src/components/features/chat/event-content-helpers/should-render-event.ts(5,3): error TS2614: Module '"#/*"' has no exported member 'isCommandObservation'. Did you mean to use 'import isCommandObservation from "#/*"' instead?
frontend/src/components/features/chat/event-content-helpers/should-render-event.ts(6,3): error TS2614: Module '"#/*"' has no exported member 'isOpenHandsAction'. Did you mean to use 'import isOpenHandsAction from "#/*"' instead?
frontend/src/components/features/chat/event-content-helpers/should-render-event.ts(7,3): error TS2614: Module '"#/*"' has no exported member 'isOpenHandsObservation'. Did you mean to use 'import isOpenHandsObservation from "#/*"' instead?
frontend/src/components/features/chat/event-content-helpers/should-render-event.ts(9,10): error TS2614: Module '"#/*"' has no exported member 'OpenHandsObservation'. Did you mean to use 'import OpenHandsObservation from "#/*"' instead?
frontend/src/components/features/chat/event-message.tsx(3,10): error TS2614: Module '"#/*"' has no exported member 'ConfirmationButtons'. Did you mean to use 'import ConfirmationButtons from "#/*"' instead?
frontend/src/components/features/chat/event-message.tsx(4,10): error TS2614: Module '"#/*"' has no exported member 'OpenHandsAction'. Did you mean to use 'import OpenHandsAction from "#/*"' instead?
frontend/src/components/features/chat/event-message.tsx(6,3): error TS2614: Module '"#/*"' has no exported member 'isUserMessage'. Did you mean to use 'import isUserMessage from "#/*"' instead?
frontend/src/components/features/chat/event-message.tsx(7,3): error TS2614: Module '"#/*"' has no exported member 'isErrorObservation'. Did you mean to use 'import isErrorObservation from "#/*"' instead?
frontend/src/components/features/chat/event-message.tsx(8,3): error TS2614: Module '"#/*"' has no exported member 'isAssistantMessage'. Did you mean to use 'import isAssistantMessage from "#/*"' instead?
frontend/src/components/features/chat/event-message.tsx(9,3): error TS2614: Module '"#/*"' has no exported member 'isOpenHandsAction'. Did you mean to use 'import isOpenHandsAction from "#/*"' instead?
frontend/src/components/features/chat/event-message.tsx(10,3): error TS2614: Module '"#/*"' has no exported member 'isOpenHandsObservation'. Did you mean to use 'import isOpenHandsObservation from "#/*"' instead?
frontend/src/components/features/chat/event-message.tsx(11,3): error TS2614: Module '"#/*"' has no exported member 'isFinishAction'. Did you mean to use 'import isFinishAction from "#/*"' instead?
frontend/src/components/features/chat/event-message.tsx(12,3): error TS2614: Module '"#/*"' has no exported member 'isRejectObservation'. Did you mean to use 'import isRejectObservation from "#/*"' instead?
frontend/src/components/features/chat/event-message.tsx(13,3): error TS2614: Module '"#/*"' has no exported member 'isMcpObservation'. Did you mean to use 'import isMcpObservation from "#/*"' instead?
frontend/src/components/features/chat/event-message.tsx(14,3): error TS2614: Module '"#/*"' has no exported member 'isTaskTrackingObservation'. Did you mean to use 'import isTaskTrackingObservation from "#/*"' instead?
frontend/src/components/features/chat/event-message.tsx(15,3): error TS2614: Module '"#/*"' has no exported member 'isFileWriteAction'. Did you mean to use 'import isFileWriteAction from "#/*"' instead?
frontend/src/components/features/chat/event-message.tsx(16,3): error TS2614: Module '"#/*"' has no exported member 'isFileEditAction'. Did you mean to use 'import isFileEditAction from "#/*"' instead?
frontend/src/components/features/chat/event-message.tsx(17,3): error TS2614: Module '"#/*"' has no exported member 'isStreamingChunkAction'. Did you mean to use 'import isStreamingChunkAction from "#/*"' instead?
frontend/src/components/features/chat/event-message.tsx(18,3): error TS2614: Module '"#/*"' has no exported member 'hasArgs'. Did you mean to use 'import hasArgs from "#/*"' instead?
frontend/src/components/features/chat/event-message.tsx(19,3): error TS2614: Module '"#/*"' has no exported member 'hasExtras'. Did you mean to use 'import hasExtras from "#/*"' instead?
frontend/src/components/features/chat/event-message.tsx(21,10): error TS2614: Module '"#/*"' has no exported member 'OpenHandsObservation'. Did you mean to use 'import OpenHandsObservation from "#/*"' instead?
frontend/src/components/features/chat/event-message.tsx(22,31): error TS2835: Relative import paths need explicit file extensions in ECMAScript imports when '--moduleResolution' is 'node16' or 'nodenext'. Did you mean '../images/image-carousel.js'?
frontend/src/components/features/chat/event-message.tsx(23,29): error TS2835: Relative import paths need explicit file extensions in ECMAScript imports when '--moduleResolution' is 'node16' or 'nodenext'. Did you mean './chat-message.js'?
frontend/src/components/features/chat/event-message.tsx(24,30): error TS2835: Relative import paths need explicit file extensions in ECMAScript imports when '--moduleResolution' is 'node16' or 'nodenext'. Did you mean './error-message.js'?
frontend/src/components/features/chat/event-message.tsx(25,39): error TS2835: Relative import paths need explicit file extensions in ECMAScript imports when '--moduleResolution' is 'node16' or 'nodenext'. Did you mean './mcp-observation-content.js'?
frontend/src/components/features/chat/event-message.tsx(26,48): error TS2835: Relative import paths need explicit file extensions in ECMAScript imports when '--moduleResolution' is 'node16' or 'nodenext'. Did you mean './task-tracking-observation-content.js'?
frontend/src/components/features/chat/event-message.tsx(27,38): error TS2835: Relative import paths need explicit file extensions in ECMAScript imports when '--moduleResolution' is 'node16' or 'nodenext'. Did you mean './event-content-helpers/get-observation-result.js'?
frontend/src/components/features/chat/event-message.tsx(28,33): error TS2835: Relative import paths need explicit file extensions in ECMAScript imports when '--moduleResolution' is 'node16' or 'nodenext'. Did you mean './event-content-helpers/get-event-content.js'?
frontend/src/components/features/chat/event-message.tsx(29,37): error TS2835: Relative import paths need explicit file extensions in ECMAScript imports when '--moduleResolution' is 'node16' or 'nodenext'. Did you mean './generic-event-message.js'?
frontend/src/components/features/chat/event-message.tsx(30,10): error TS2614: Module '"#/*"' has no exported member 'MicroagentStatus'. Did you mean to use 'import MicroagentStatus from "#/*"' instead?
frontend/src/components/features/chat/event-message.tsx(31,43): error TS2835: Relative import paths need explicit file extensions in ECMAScript imports when '--moduleResolution' is 'node16' or 'nodenext'. Did you mean './microagent/microagent-status-indicator.js'?
frontend/src/components/features/chat/event-message.tsx(32,26): error TS2835: Relative import paths need explicit file extensions in ECMAScript imports when '--moduleResolution' is 'node16' or 'nodenext'. Did you mean '../files/file-list.js'?
frontend/src/components/features/chat/event-message.tsx(33,39): error TS2835: Relative import paths need explicit file extensions in ECMAScript imports when '--moduleResolution' is 'node16' or 'nodenext'. Did you mean './event-content-helpers/parse-message-from-event.js'?
frontend/src/components/features/chat/event-message.tsx(34,29): error TS2835: Relative import paths need explicit file extensions in ECMAScript imports when '--moduleResolution' is 'node16' or 'nodenext'. Did you mean '../feedback/likert-scale.js'?
frontend/src/components/features/chat/event-message.tsx(35,10): error TS2614: Module '"#/*"' has no exported member 'useWsClient'. Did you mean to use 'import useWsClient from "#/*"' instead?
frontend/src/components/features/chat/event-message.tsx(36,35): error TS2835: Relative import paths need explicit file extensions in ECMAScript imports when '--moduleResolution' is 'node16' or 'nodenext'. Did you mean '../terminal/streaming-terminal.js'?
frontend/src/components/features/chat/event-message.tsx(37,34): error TS2835: Relative import paths need explicit file extensions in ECMAScript imports when '--moduleResolution' is 'node16' or 'nodenext'. Did you mean './streaming-thought.js'?
frontend/src/components/features/chat/event-message.tsx(38,30): error TS2835: Relative import paths need explicit file extensions in ECMAScript imports when '--moduleResolution' is 'node16' or 'nodenext'. Did you mean './code-artifact.js'?
frontend/src/components/features/chat/event-message.tsx(39,39): error TS2835: Relative import paths need explicit file extensions in ECMAScript imports when '--moduleResolution' is 'node16' or 'nodenext'. Did you mean './streaming-code-artifact.js'?
frontend/src/components/features/chat/event-message.tsx(41,10): error TS2614: Module '"#/*"' has no exported member 'useConfig'. Did you mean to use 'import useConfig from "#/*"' instead?
frontend/src/components/features/chat/event-message.tsx(42,10): error TS2614: Module '"#/*"' has no exported member 'useFeedbackExists'. Did you mean to use 'import useFeedbackExists from "#/*"' instead?
frontend/src/components/features/chat/event-message.tsx(44,10): error TS2614: Module '"#/*"' has no exported member 'RootState'. Did you mean to use 'import RootState from "#/*"' instead?
frontend/src/components/features/chat/event-message.tsx(45,10): error TS2614: Module '"#/*"' has no exported member 'AgentState'. Did you mean to use 'import AgentState from "#/*"' instead?
frontend/src/components/features/chat/event-message.tsx(283,7): error TS17004: Cannot use JSX unless the '--jsx' flag is provided.
frontend/src/components/features/chat/event-message.tsx(294,7): error TS17004: Cannot use JSX unless the '--jsx' flag is provided.
frontend/src/components/features/chat/event-message.tsx(295,9): error TS17004: Cannot use JSX unless the '--jsx' flag is provided.
frontend/src/components/features/chat/event-message.tsx(300,11): error TS17004: Cannot use JSX unless the '--jsx' flag is provided.
frontend/src/components/features/chat/event-message.tsx(314,9): error TS17004: Cannot use JSX unless the '--jsx' flag is provided.
frontend/src/components/features/chat/event-message.tsx(315,11): error TS17004: Cannot use JSX unless the '--jsx' flag is provided.
frontend/src/components/features/chat/event-message.tsx(325,13): error TS17004: Cannot use JSX unless the '--jsx' flag is provided.
frontend/src/components/features/chat/event-message.tsx(335,7): error TS17004: Cannot use JSX unless the '--jsx' flag is provided.
frontend/src/components/features/chat/event-message.tsx(349,7): error TS17004: Cannot use JSX unless the '--jsx' flag is provided.
frontend/src/components/features/chat/event-message.tsx(351,11): error TS17004: Cannot use JSX unless the '--jsx' flag is provided.
frontend/src/components/features/chat/event-message.tsx(357,11): error TS17004: Cannot use JSX unless the '--jsx' flag is provided.
frontend/src/components/features/chat/event-message.tsx(369,11): error TS17004: Cannot use JSX unless the '--jsx' flag is provided.
frontend/src/components/features/chat/event-message.tsx(380,11): error TS17004: Cannot use JSX unless the '--jsx' flag is provided.
frontend/src/components/features/chat/event-message.tsx(405,7): error TS17004: Cannot use JSX unless the '--jsx' flag is provided.
frontend/src/components/features/chat/event-message.tsx(407,11): error TS17004: Cannot use JSX unless the '--jsx' flag is provided.
frontend/src/components/features/chat/event-message.tsx(413,11): error TS17004: Cannot use JSX unless the '--jsx' flag is provided.
frontend/src/components/features/chat/event-message.tsx(425,11): error TS17004: Cannot use JSX unless the '--jsx' flag is provided.
frontend/src/components/features/chat/event-message.tsx(436,11): error TS17004: Cannot use JSX unless the '--jsx' flag is provided.
frontend/src/components/features/chat/event-message.tsx(449,7): error TS17004: Cannot use JSX unless the '--jsx' flag is provided.
frontend/src/components/features/chat/event-message.tsx(463,7): error TS17004: Cannot use JSX unless the '--jsx' flag is provided.
frontend/src/components/features/chat/event-message.tsx(464,9): error TS17004: Cannot use JSX unless the '--jsx' flag is provided.
frontend/src/components/features/chat/event-message.tsx(474,11): error TS17004: Cannot use JSX unless the '--jsx' flag is provided.
frontend/src/components/features/chat/event-message.tsx(503,7): error TS17004: Cannot use JSX unless the '--jsx' flag is provided.
frontend/src/components/features/chat/event-message.tsx(504,9): error TS17004: Cannot use JSX unless the '--jsx' flag is provided.
frontend/src/components/features/chat/event-message.tsx(516,13): error TS17004: Cannot use JSX unless the '--jsx' flag is provided.
frontend/src/components/features/chat/event-message.tsx(519,13): error TS17004: Cannot use JSX unless the '--jsx' flag is provided.
frontend/src/components/features/chat/event-message.tsx(521,45): error TS17004: Cannot use JSX unless the '--jsx' flag is provided.
frontend/src/components/features/chat/event-message.tsx(524,11): error TS17004: Cannot use JSX unless the '--jsx' flag is provided.
frontend/src/components/features/chat/event-message.tsx(539,7): error TS17004: Cannot use JSX unless the '--jsx' flag is provided.
frontend/src/components/features/chat/event-message.tsx(540,9): error TS17004: Cannot use JSX unless the '--jsx' flag is provided.
frontend/src/components/features/chat/event-message.tsx(567,7): error TS17004: Cannot use JSX unless the '--jsx' flag is provided.
frontend/src/components/features/chat/event-message.tsx(568,9): error TS17004: Cannot use JSX unless the '--jsx' flag is provided.
frontend/src/components/features/chat/event-message.tsx(570,20): error TS17004: Cannot use JSX unless the '--jsx' flag is provided.
frontend/src/components/features/chat/event-message.tsx(573,43): error TS17004: Cannot use JSX unless the '--jsx' flag is provided.
frontend/src/components/features/chat/event-message.tsx(581,12): error TS17004: Cannot use JSX unless the '--jsx' flag is provided.
frontend/src/components/features/chat/event-message.tsx(592,7): error TS17004: Cannot use JSX unless the '--jsx' flag is provided.
frontend/src/components/features/chat/event-message.tsx(593,9): error TS17004: Cannot use JSX unless the '--jsx' flag is provided.
frontend/src/components/features/chat/event-message.tsx(599,43): error TS17004: Cannot use JSX unless the '--jsx' flag is provided.
frontend/src/components/features/chat/event-message.tsx(606,5): error TS17004: Cannot use JSX unless the '--jsx' flag is provided.
frontend/src/components/features/chat/event-message.tsx(611,11): error TS17004: Cannot use JSX unless the '--jsx' flag is provided.
frontend/src/components/features/chat/event-message.tsx(639,11): error TS17004: Cannot use JSX unless the '--jsx' flag is provided.
frontend/src/components/features/chat/event-message.tsx(651,41): error TS17004: Cannot use JSX unless the '--jsx' flag is provided.
frontend/src/components/features/chat/expandable-message.tsx(8,10): error TS2614: Module '"#/*"' has no exported member 'useConfig'. Did you mean to use 'import useConfig from "#/*"' instead?
frontend/src/components/features/chat/expandable-message.tsx(9,10): error TS2614: Module '"#/*"' has no exported member 'I18nKey'. Did you mean to use 'import I18nKey from "#/*"' instead?
frontend/src/components/features/chat/expandable-message.tsx(14,10): error TS2614: Module '"#/*"' has no exported member 'OpenHandsAction'. Did you mean to use 'import OpenHandsAction from "#/*"' instead?
frontend/src/components/features/chat/expandable-message.tsx(15,10): error TS2614: Module '"#/*"' has no exported member 'OpenHandsObservation'. Did you mean to use 'import OpenHandsObservation from "#/*"' instead?
frontend/src/components/features/chat/expandable-message.tsx(16,10): error TS2614: Module '"#/*"' has no exported member 'cn'. Did you mean to use 'import cn from "#/*"' instead?
frontend/src/components/features/chat/expandable-message.tsx(17,22): error TS2835: Relative import paths need explicit file extensions in ECMAScript imports when '--moduleResolution' is 'node16' or 'nodenext'. Did you mean '../markdown/code.js'?
frontend/src/components/features/chat/expandable-message.tsx(18,24): error TS2835: Relative import paths need explicit file extensions in ECMAScript imports when '--moduleResolution' is 'node16' or 'nodenext'. Did you mean '../markdown/list.js'?
frontend/src/components/features/chat/expandable-message.tsx(19,27): error TS2835: Relative import paths need explicit file extensions in ECMAScript imports when '--moduleResolution' is 'node16' or 'nodenext'. Did you mean '../markdown/paragraph.js'?
frontend/src/components/features/chat/expandable-message.tsx(20,31): error TS2835: Relative import paths need explicit file extensions in ECMAScript imports when '--moduleResolution' is 'node16' or 'nodenext'. Did you mean './mono-component.js'?
frontend/src/components/features/chat/expandable-message.tsx(21,31): error TS2835: Relative import paths need explicit file extensions in ECMAScript imports when '--moduleResolution' is 'node16' or 'nodenext'. Did you mean './path-component.js'?
frontend/src/components/features/chat/expandable-message.tsx(111,7): error TS17004: Cannot use JSX unless the '--jsx' flag is provided.
frontend/src/components/features/chat/expandable-message.tsx(115,9): error TS17004: Cannot use JSX unless the '--jsx' flag is provided.
frontend/src/components/features/chat/expandable-message.tsx(116,11): error TS17004: Cannot use JSX unless the '--jsx' flag is provided.
frontend/src/components/features/chat/expandable-message.tsx(119,11): error TS17004: Cannot use JSX unless the '--jsx' flag is provided.
frontend/src/components/features/chat/expandable-message.tsx(131,5): error TS17004: Cannot use JSX unless the '--jsx' flag is provided.
frontend/src/components/features/chat/expandable-message.tsx(137,7): error TS17004: Cannot use JSX unless the '--jsx' flag is provided.
frontend/src/components/features/chat/expandable-message.tsx(138,9): error TS17004: Cannot use JSX unless the '--jsx' flag is provided.
frontend/src/components/features/chat/expandable-message.tsx(139,11): error TS17004: Cannot use JSX unless the '--jsx' flag is provided.
frontend/src/components/features/chat/expandable-message.tsx(146,15): error TS17004: Cannot use JSX unless the '--jsx' flag is provided.
frontend/src/components/features/chat/expandable-message.tsx(150,25): error TS17004: Cannot use JSX unless the '--jsx' flag is provided.
frontend/src/components/features/chat/expandable-message.tsx(151,25): error TS17004: Cannot use JSX unless the '--jsx' flag is provided.
frontend/src/components/features/chat/expandable-message.tsx(152,24): error TS17004: Cannot use JSX unless the '--jsx' flag is provided.
frontend/src/components/features/chat/expandable-message.tsx(158,13): error TS17004: Cannot use JSX unless the '--jsx' flag is provided.
frontend/src/components/features/chat/expandable-message.tsx(164,17): error TS17004: Cannot use JSX unless the '--jsx' flag is provided.
frontend/src/components/features/chat/expandable-message.tsx(171,17): error TS17004: Cannot use JSX unless the '--jsx' flag is provided.
frontend/src/components/features/chat/expandable-message.tsx(181,13): error TS17004: Cannot use JSX unless the '--jsx' flag is provided.
frontend/src/components/features/chat/expandable-message.tsx(183,17): error TS17004: Cannot use JSX unless the '--jsx' flag is provided.
frontend/src/components/features/chat/expandable-message.tsx(188,17): error TS17004: Cannot use JSX unless the '--jsx' flag is provided.
frontend/src/components/features/chat/expandable-message.tsx(197,11): error TS17004: Cannot use JSX unless the '--jsx' flag is provided.
frontend/src/components/features/chat/expandable-message.tsx(198,13): error TS17004: Cannot use JSX unless the '--jsx' flag is provided.
frontend/src/components/features/chat/generic-event-message.tsx(2,34): error TS2835: Relative import paths need explicit file extensions in ECMAScript imports when '--moduleResolution' is 'node16' or 'nodenext'. Did you mean './success-indicator.js'?
frontend/src/components/features/chat/generic-event-message.tsx(3,41): error TS2835: Relative import paths need explicit file extensions in ECMAScript imports when '--moduleResolution' is 'node16' or 'nodenext'. Did you mean './event-content-helpers/get-observation-result.js'?
frontend/src/components/features/chat/generic-event-message.tsx(21,5): error TS17004: Cannot use JSX unless the '--jsx' flag is provided.
frontend/src/components/features/chat/generic-event-message.tsx(23,7): error TS17004: Cannot use JSX unless the '--jsx' flag is provided.
frontend/src/components/features/chat/generic-event-message.tsx(27,9): error TS17004: Cannot use JSX unless the '--jsx' flag is provided.
frontend/src/components/features/chat/generic-event-message.tsx(28,23): error TS17004: Cannot use JSX unless the '--jsx' flag is provided.
frontend/src/components/features/chat/generic-event-message.tsx(29,11): error TS17004: Cannot use JSX unless the '--jsx' flag is provided.
frontend/src/components/features/chat/generic-event-message.tsx(31,9): error TS17004: Cannot use JSX unless the '--jsx' flag is provided.
frontend/src/components/features/chat/generic-event-message.tsx(37,11): error TS17004: Cannot use JSX unless the '--jsx' flag is provided.
frontend/src/components/features/chat/generic-event-message.tsx(48,9): error TS17004: Cannot use JSX unless the '--jsx' flag is provided.
frontend/src/components/features/chat/generic-event-message.tsx(50,13): error TS17004: Cannot use JSX unless the '--jsx' flag is provided.
frontend/src/components/features/chat/hooks/use-chat-feedback-actions.ts(4,10): error TS2614: Module '"#/*"' has no exported member 'displayErrorToast'. Did you mean to use 'import displayErrorToast from "#/*"' instead?
frontend/src/components/features/chat/hooks/use-chat-feedback-actions.ts(5,10): error TS2614: Module '"#/*"' has no exported member 'I18nKey'. Did you mean to use 'import I18nKey from "#/*"' instead?
frontend/src/components/features/chat/hooks/use-chat-feedback-actions.ts(6,10): error TS2614: Module '"#/*"' has no exported member 'getTrajectory'. Did you mean to use 'import getTrajectory from "#/*"' instead?
frontend/src/components/features/chat/hooks/use-chat-feedback-actions.ts(7,10): error TS2614: Module '"#/*"' has no exported member 'downloadTrajectory'. Did you mean to use 'import downloadTrajectory from "#/*"' instead?
frontend/src/components/features/chat/hooks/use-chat-interface-state.ts(5,10): error TS2614: Module '"#/*"' has no exported member 'RootState'. Did you mean to use 'import RootState from "#/*"' instead?
frontend/src/components/features/chat/hooks/use-chat-interface-state.ts(6,10): error TS2614: Module '"#/*"' has no exported member 'AgentState'. Did you mean to use 'import AgentState from "#/*"' instead?
frontend/src/components/features/chat/hooks/use-chat-interface-state.ts(7,10): error TS2614: Module '"#/*"' has no exported member 'useOptimisticUserMessage'. Did you mean to use 'import useOptimisticUserMessage from "#/*"' instead?
frontend/src/components/features/chat/hooks/use-chat-interface-state.ts(8,10): error TS2614: Module '"#/*"' has no exported member 'useWsClient'. Did you mean to use 'import useWsClient from "#/*"' instead?
frontend/src/components/features/chat/hooks/use-chat-interface-state.ts(9,10): error TS2614: Module '"#/*"' has no exported member 'useTasks'. Did you mean to use 'import useTasks from "#/*"' instead?
frontend/src/components/features/chat/hooks/use-chat-interface-state.ts(10,10): error TS2614: Module '"#/*"' has no exported member 'useScrollToBottom'. Did you mean to use 'import useScrollToBottom from "#/*"' instead?
frontend/src/components/features/chat/hooks/use-chat-interface-state.ts(11,10): error TS2614: Module '"#/*"' has no exported member 'useConfig'. Did you mean to use 'import useConfig from "#/*"' instead?
frontend/src/components/features/chat/hooks/use-chat-interface-state.ts(12,10): error TS2614: Module '"#/*"' has no exported member 'useActiveConversation'. Did you mean to use 'import useActiveConversation from "#/*"' instead?
frontend/src/components/features/chat/hooks/use-chat-interface-state.ts(13,10): error TS2614: Module '"#/*"' has no exported member 'useWSErrorMessage'. Did you mean to use 'import useWSErrorMessage from "#/*"' instead?
frontend/src/components/features/chat/hooks/use-chat-interface-state.ts(15,39): error TS2835: Relative import paths need explicit file extensions in ECMAScript imports when '--moduleResolution' is 'node16' or 'nodenext'. Did you mean './use-conversation-search.js'?
frontend/src/components/features/chat/hooks/use-chat-interface-state.ts(16,42): error TS2835: Relative import paths need explicit file extensions in ECMAScript imports when '--moduleResolution' is 'node16' or 'nodenext'. Did you mean './use-conversation-bookmarks.js'?
frontend/src/components/features/chat/hooks/use-chat-interface-state.ts(17,38): error TS2835: Relative import paths need explicit file extensions in ECMAScript imports when '--moduleResolution' is 'node16' or 'nodenext'. Did you mean './use-keyboard-shortcuts.js'?
frontend/src/components/features/chat/hooks/use-chat-interface-state.ts(18,10): error TS2614: Module '"#/*"' has no exported member 'useMetaSOPOrchestration'. Did you mean to use 'import useMetaSOPOrchestration from "#/*"' instead?
frontend/src/components/features/chat/hooks/use-chat-interface-state.ts(19,10): error TS2614: Module '"#/*"' has no exported member 'useUploadFiles'. Did you mean to use 'import useUploadFiles from "#/*"' instead?
frontend/src/components/features/chat/hooks/use-chat-keyboard-shortcuts.ts(2,38): error TS2835: Relative import paths need explicit file extensions in ECMAScript imports when '--moduleResolution' is 'node16' or 'nodenext'. Did you mean '../keyboard-shortcuts-panel.js'?
frontend/src/components/features/chat/hooks/use-chat-keyboard-shortcuts.ts(3,39): error TS2835: Relative import paths need explicit file extensions in ECMAScript imports when '--moduleResolution' is 'node16' or 'nodenext'. Did you mean './use-conversation-search.js'?
frontend/src/components/features/chat/hooks/use-chat-keyboard-shortcuts.ts(4,42): error TS2835: Relative import paths need explicit file extensions in ECMAScript imports when '--moduleResolution' is 'node16' or 'nodenext'. Did you mean './use-conversation-bookmarks.js'?
frontend/src/components/features/chat/hooks/use-chat-message-handlers.ts(4,10): error TS2614: Module '"#/*"' has no exported member 'AgentState'. Did you mean to use 'import AgentState from "#/*"' instead?
frontend/src/components/features/chat/hooks/use-chat-message-handlers.ts(5,10): error TS2614: Module '"#/*"' has no exported member 'generateAgentStateChangeEvent'. Did you mean to use 'import generateAgentStateChangeEvent from "#/*"' instead?
frontend/src/components/features/chat/hooks/use-chat-message-handlers.ts(6,10): error TS2614: Module '"#/*"' has no exported member 'displayErrorToast'. Did you mean to use 'import displayErrorToast from "#/*"' instead?
frontend/src/components/features/chat/hooks/use-chat-message-handlers.ts(7,10): error TS2614: Module '"#/*"' has no exported member 'I18nKey'. Did you mean to use 'import I18nKey from "#/*"' instead?
frontend/src/components/features/chat/hooks/use-chat-message-handlers.ts(8,15): error TS2614: Module '"#/*"' has no exported member 'FileUploadSuccessResponse'. Did you mean to use 'import FileUploadSuccessResponse from "#/*"' instead?
frontend/src/components/features/chat/hooks/use-chat-message-handlers.ts(9,10): error TS2614: Module '"#/*"' has no exported member 'createChatMessage'. Did you mean to use 'import createChatMessage from "#/*"' instead?
frontend/src/components/features/chat/hooks/use-chat-message-handlers.ts(10,10): error TS2614: Module '"#/*"' has no exported member 'validateFiles'. Did you mean to use 'import validateFiles from "#/*"' instead?
frontend/src/components/features/chat/hooks/use-chat-message-handlers.ts(11,10): error TS2614: Module '"#/*"' has no exported member 'convertImageToBase64'. Did you mean to use 'import convertImageToBase64 from "#/*"' instead?
frontend/src/components/features/chat/interactive-chat-box.tsx(4,27): error TS2835: Relative import paths need explicit file extensions in ECMAScript imports when '--moduleResolution' is 'node16' or 'nodenext'. Did you mean './chat-input.js'?
frontend/src/components/features/chat/interactive-chat-box.tsx(5,10): error TS2614: Module '"#/*"' has no exported member 'cn'. Did you mean to use 'import cn from "#/*"' instead?
frontend/src/components/features/chat/interactive-chat-box.tsx(6,31): error TS2835: Relative import paths need explicit file extensions in ECMAScript imports when '--moduleResolution' is 'node16' or 'nodenext'. Did you mean '../images/image-carousel.js'?
frontend/src/components/features/chat/interactive-chat-box.tsx(7,34): error TS2835: Relative import paths need explicit file extensions in ECMAScript imports when '--moduleResolution' is 'node16' or 'nodenext'. Did you mean '../images/upload-image-input.js'?
frontend/src/components/features/chat/interactive-chat-box.tsx(8,26): error TS2835: Relative import paths need explicit file extensions in ECMAScript imports when '--moduleResolution' is 'node16' or 'nodenext'. Did you mean '../files/file-list.js'?
frontend/src/components/features/chat/interactive-chat-box.tsx(9,34): error TS2835: Relative import paths need explicit file extensions in ECMAScript imports when '--moduleResolution' is 'node16' or 'nodenext'. Did you mean '../files/file-preview-modal.js'?
frontend/src/components/features/chat/interactive-chat-box.tsx(10,10): error TS2614: Module '"#/*"' has no exported member 'isFileImage'. Did you mean to use 'import isFileImage from "#/*"' instead?
frontend/src/components/features/chat/interactive-chat-box.tsx(11,10): error TS2614: Module '"#/*"' has no exported member 'validateFiles'. Did you mean to use 'import validateFiles from "#/*"' instead?
frontend/src/components/features/chat/interactive-chat-box.tsx(12,10): error TS2614: Module '"#/*"' has no exported member 'Card'. Did you mean to use 'import Card from "#/*"' instead?
frontend/src/components/features/chat/interactive-chat-box.tsx(12,16): error TS2614: Module '"#/*"' has no exported member 'CardContent'. Did you mean to use 'import CardContent from "#/*"' instead?
frontend/src/components/features/chat/interactive-chat-box.tsx(13,10): error TS2614: Module '"#/*"' has no exported member 'Button'. Did you mean to use 'import Button from "#/*"' instead?
frontend/src/components/features/chat/interactive-chat-box.tsx(14,10): error TS2614: Module '"#/*"' has no exported member 'Badge'. Did you mean to use 'import Badge from "#/*"' instead?
frontend/src/components/features/chat/interactive-chat-box.tsx(16,3): error TS2614: Module '"#/*"' has no exported member 'displaySuccessToast'. Did you mean to use 'import displaySuccessToast from "#/*"' instead?
frontend/src/components/features/chat/interactive-chat-box.tsx(17,3): error TS2614: Module '"#/*"' has no exported member 'displayErrorToast'. Did you mean to use 'import displayErrorToast from "#/*"' instead?
frontend/src/components/features/chat/interactive-chat-box.tsx(19,38): error TS2835: Relative import paths need explicit file extensions in ECMAScript imports when '--moduleResolution' is 'node16' or 'nodenext'. Did you mean '../controls/autonomy-mode-selector.js'?
frontend/src/components/features/chat/interactive-chat-box.tsx(20,10): error TS2614: Module '"#/*"' has no exported member 'useAutonomyMode'. Did you mean to use 'import useAutonomyMode from "#/*"' instead?
frontend/src/components/features/chat/interactive-chat-box.tsx(160,5): error TS17004: Cannot use JSX unless the '--jsx' flag is provided.
frontend/src/components/features/chat/interactive-chat-box.tsx(169,9): error TS17004: Cannot use JSX unless the '--jsx' flag is provided.
frontend/src/components/features/chat/interactive-chat-box.tsx(170,11): error TS17004: Cannot use JSX unless the '--jsx' flag is provided.
frontend/src/components/features/chat/interactive-chat-box.tsx(171,13): error TS17004: Cannot use JSX unless the '--jsx' flag is provided.
frontend/src/components/features/chat/interactive-chat-box.tsx(172,13): error TS17004: Cannot use JSX unless the '--jsx' flag is provided.
frontend/src/components/features/chat/interactive-chat-box.tsx(175,13): error TS17004: Cannot use JSX unless the '--jsx' flag is provided.
frontend/src/components/features/chat/interactive-chat-box.tsx(184,9): error TS17004: Cannot use JSX unless the '--jsx' flag is provided.
frontend/src/components/features/chat/interactive-chat-box.tsx(185,11): error TS17004: Cannot use JSX unless the '--jsx' flag is provided.
frontend/src/components/features/chat/interactive-chat-box.tsx(186,13): error TS17004: Cannot use JSX unless the '--jsx' flag is provided.
frontend/src/components/features/chat/interactive-chat-box.tsx(187,15): error TS17004: Cannot use JSX unless the '--jsx' flag is provided.
frontend/src/components/features/chat/interactive-chat-box.tsx(190,15): error TS17004: Cannot use JSX unless the '--jsx' flag is provided.
frontend/src/components/features/chat/interactive-chat-box.tsx(197,17): error TS17004: Cannot use JSX unless the '--jsx' flag is provided.
frontend/src/components/features/chat/interactive-chat-box.tsx(201,13): error TS17004: Cannot use JSX unless the '--jsx' flag is provided.
frontend/src/components/features/chat/interactive-chat-box.tsx(202,15): error TS17004: Cannot use JSX unless the '--jsx' flag is provided.
frontend/src/components/features/chat/interactive-chat-box.tsx(203,17): error TS17004: Cannot use JSX unless the '--jsx' flag is provided.
frontend/src/components/features/chat/interactive-chat-box.tsx(206,15): error TS17004: Cannot use JSX unless the '--jsx' flag is provided.
frontend/src/components/features/chat/interactive-chat-box.tsx(207,17): error TS17004: Cannot use JSX unless the '--jsx' flag is provided.
frontend/src/components/features/chat/interactive-chat-box.tsx(208,17): error TS17004: Cannot use JSX unless the '--jsx' flag is provided.
frontend/src/components/features/chat/interactive-chat-box.tsx(209,17): error TS17004: Cannot use JSX unless the '--jsx' flag is provided.
frontend/src/components/features/chat/interactive-chat-box.tsx(210,17): error TS17004: Cannot use JSX unless the '--jsx' flag is provided.
frontend/src/components/features/chat/interactive-chat-box.tsx(219,9): error TS17004: Cannot use JSX unless the '--jsx' flag is provided.
frontend/src/components/features/chat/interactive-chat-box.tsx(220,11): error TS17004: Cannot use JSX unless the '--jsx' flag is provided.
frontend/src/components/features/chat/interactive-chat-box.tsx(221,13): error TS17004: Cannot use JSX unless the '--jsx' flag is provided.
frontend/src/components/features/chat/interactive-chat-box.tsx(222,15): error TS17004: Cannot use JSX unless the '--jsx' flag is provided.
frontend/src/components/features/chat/interactive-chat-box.tsx(223,17): error TS17004: Cannot use JSX unless the '--jsx' flag is provided.
frontend/src/components/features/chat/interactive-chat-box.tsx(224,17): error TS17004: Cannot use JSX unless the '--jsx' flag is provided.
frontend/src/components/features/chat/interactive-chat-box.tsx(228,15): error TS17004: Cannot use JSX unless the '--jsx' flag is provided.
frontend/src/components/features/chat/interactive-chat-box.tsx(235,17): error TS17004: Cannot use JSX unless the '--jsx' flag is provided.
frontend/src/components/features/chat/interactive-chat-box.tsx(238,13): error TS17004: Cannot use JSX unless the '--jsx' flag is provided.
frontend/src/components/features/chat/interactive-chat-box.tsx(249,9): error TS17004: Cannot use JSX unless the '--jsx' flag is provided.
frontend/src/components/features/chat/interactive-chat-box.tsx(250,11): error TS17004: Cannot use JSX unless the '--jsx' flag is provided.
frontend/src/components/features/chat/interactive-chat-box.tsx(251,13): error TS17004: Cannot use JSX unless the '--jsx' flag is provided.
frontend/src/components/features/chat/interactive-chat-box.tsx(252,15): error TS17004: Cannot use JSX unless the '--jsx' flag is provided.
frontend/src/components/features/chat/interactive-chat-box.tsx(253,17): error TS17004: Cannot use JSX unless the '--jsx' flag is provided.
frontend/src/components/features/chat/interactive-chat-box.tsx(254,17): error TS17004: Cannot use JSX unless the '--jsx' flag is provided.
frontend/src/components/features/chat/interactive-chat-box.tsx(258,15): error TS17004: Cannot use JSX unless the '--jsx' flag is provided.
frontend/src/components/features/chat/interactive-chat-box.tsx(265,17): error TS17004: Cannot use JSX unless the '--jsx' flag is provided.
frontend/src/components/features/chat/interactive-chat-box.tsx(268,13): error TS17004: Cannot use JSX unless the '--jsx' flag is provided.
frontend/src/components/features/chat/interactive-chat-box.tsx(277,7): error TS17004: Cannot use JSX unless the '--jsx' flag is provided.
frontend/src/components/features/chat/interactive-chat-box.tsx(278,9): error TS17004: Cannot use JSX unless the '--jsx' flag is provided.
frontend/src/components/features/chat/interactive-chat-box.tsx(282,11): error TS17004: Cannot use JSX unless the '--jsx' flag is provided.
frontend/src/components/features/chat/interactive-chat-box.tsx(294,13): error TS17004: Cannot use JSX unless the '--jsx' flag is provided.
frontend/src/components/features/chat/interactive-chat-box.tsx(296,15): error TS17004: Cannot use JSX unless the '--jsx' flag is provided.
frontend/src/components/features/chat/interactive-chat-box.tsx(306,11): error TS17004: Cannot use JSX unless the '--jsx' flag is provided.
frontend/src/components/features/chat/interactive-chat-box.tsx(307,13): error TS17004: Cannot use JSX unless the '--jsx' flag is provided.
frontend/src/components/features/chat/interactive-chat-box.tsx(328,7): error TS17004: Cannot use JSX unless the '--jsx' flag is provided.
frontend/src/components/features/chat/keyboard-shortcuts-panel.tsx(14,3): error TS2614: Module '"#/*"' has no exported member 'Dialog'. Did you mean to use 'import Dialog from "#/*"' instead?
frontend/src/components/features/chat/keyboard-shortcuts-panel.tsx(15,3): error TS2614: Module '"#/*"' has no exported member 'DialogContent'. Did you mean to use 'import DialogContent from "#/*"' instead?
frontend/src/components/features/chat/keyboard-shortcuts-panel.tsx(16,3): error TS2614: Module '"#/*"' has no exported member 'DialogHeader'. Did you mean to use 'import DialogHeader from "#/*"' instead?
frontend/src/components/features/chat/keyboard-shortcuts-panel.tsx(17,3): error TS2614: Module '"#/*"' has no exported member 'DialogTitle'. Did you mean to use 'import DialogTitle from "#/*"' instead?
frontend/src/components/features/chat/keyboard-shortcuts-panel.tsx(19,10): error TS2614: Module '"#/*"' has no exported member 'Card'. Did you mean to use 'import Card from "#/*"' instead?
frontend/src/components/features/chat/keyboard-shortcuts-panel.tsx(20,10): error TS2614: Module '"#/*"' has no exported member 'Badge'. Did you mean to use 'import Badge from "#/*"' instead?
frontend/src/components/features/chat/keyboard-shortcuts-panel.tsx(21,10): error TS2614: Module '"#/*"' has no exported member 'cn'. Did you mean to use 'import cn from "#/*"' instead?
frontend/src/components/features/chat/keyboard-shortcuts-panel.tsx(43,11): error TS17004: Cannot use JSX unless the '--jsx' flag is provided.
frontend/src/components/features/chat/keyboard-shortcuts-panel.tsx(50,11): error TS17004: Cannot use JSX unless the '--jsx' flag is provided.
frontend/src/components/features/chat/keyboard-shortcuts-panel.tsx(71,11): error TS17004: Cannot use JSX unless the '--jsx' flag is provided.
frontend/src/components/features/chat/keyboard-shortcuts-panel.tsx(78,11): error TS17004: Cannot use JSX unless the '--jsx' flag is provided.
frontend/src/components/features/chat/keyboard-shortcuts-panel.tsx(85,11): error TS17004: Cannot use JSX unless the '--jsx' flag is provided.
frontend/src/components/features/chat/keyboard-shortcuts-panel.tsx(92,11): error TS17004: Cannot use JSX unless the '--jsx' flag is provided.
frontend/src/components/features/chat/keyboard-shortcuts-panel.tsx(101,11): error TS17004: Cannot use JSX unless the '--jsx' flag is provided.
frontend/src/components/features/chat/keyboard-shortcuts-panel.tsx(114,11): error TS17004: Cannot use JSX unless the '--jsx' flag is provided.
frontend/src/components/features/chat/keyboard-shortcuts-panel.tsx(123,11): error TS17004: Cannot use JSX unless the '--jsx' flag is provided.
frontend/src/components/features/chat/keyboard-shortcuts-panel.tsx(130,11): error TS17004: Cannot use JSX unless the '--jsx' flag is provided.
frontend/src/components/features/chat/keyboard-shortcuts-panel.tsx(139,5): error TS17004: Cannot use JSX unless the '--jsx' flag is provided.
frontend/src/components/features/chat/keyboard-shortcuts-panel.tsx(150,5): error TS17004: Cannot use JSX unless the '--jsx' flag is provided.
frontend/src/components/features/chat/keyboard-shortcuts-panel.tsx(151,7): error TS17004: Cannot use JSX unless the '--jsx' flag is provided.
frontend/src/components/features/chat/keyboard-shortcuts-panel.tsx(153,11): error TS17004: Cannot use JSX unless the '--jsx' flag is provided.
frontend/src/components/features/chat/keyboard-shortcuts-panel.tsx(155,9): error TS17004: Cannot use JSX unless the '--jsx' flag is provided.
frontend/src/components/features/chat/keyboard-shortcuts-panel.tsx(159,7): error TS17004: Cannot use JSX unless the '--jsx' flag is provided.
frontend/src/components/features/chat/keyboard-shortcuts-panel.tsx(161,11): error TS17004: Cannot use JSX unless the '--jsx' flag is provided.
frontend/src/components/features/chat/keyboard-shortcuts-panel.tsx(163,15): error TS17004: Cannot use JSX unless the '--jsx' flag is provided.
frontend/src/components/features/chat/keyboard-shortcuts-panel.tsx(165,13): error TS17004: Cannot use JSX unless the '--jsx' flag is provided.
frontend/src/components/features/chat/keyboard-shortcuts-panel.tsx(218,5): error TS17004: Cannot use JSX unless the '--jsx' flag is provided.
frontend/src/components/features/chat/keyboard-shortcuts-panel.tsx(218,42): error TS7006: Parameter 'open' implicitly has an 'any' type.
frontend/src/components/features/chat/keyboard-shortcuts-panel.tsx(219,7): error TS17004: Cannot use JSX unless the '--jsx' flag is provided.
frontend/src/components/features/chat/keyboard-shortcuts-panel.tsx(220,9): error TS17004: Cannot use JSX unless the '--jsx' flag is provided.
frontend/src/components/features/chat/keyboard-shortcuts-panel.tsx(221,11): error TS17004: Cannot use JSX unless the '--jsx' flag is provided.
frontend/src/components/features/chat/keyboard-shortcuts-panel.tsx(222,13): error TS17004: Cannot use JSX unless the '--jsx' flag is provided.
frontend/src/components/features/chat/keyboard-shortcuts-panel.tsx(228,9): error TS17004: Cannot use JSX unless the '--jsx' flag is provided.
frontend/src/components/features/chat/keyboard-shortcuts-panel.tsx(229,11): error TS17004: Cannot use JSX unless the '--jsx' flag is provided.
frontend/src/components/features/chat/keyboard-shortcuts-panel.tsx(230,11): error TS17004: Cannot use JSX unless the '--jsx' flag is provided.
frontend/src/components/features/chat/keyboard-shortcuts-panel.tsx(246,9): error TS17004: Cannot use JSX unless the '--jsx' flag is provided.
frontend/src/components/features/chat/keyboard-shortcuts-panel.tsx(251,15): error TS17004: Cannot use JSX unless the '--jsx' flag is provided.
frontend/src/components/features/chat/keyboard-shortcuts-panel.tsx(252,17): error TS17004: Cannot use JSX unless the '--jsx' flag is provided.
frontend/src/components/features/chat/keyboard-shortcuts-panel.tsx(255,17): error TS17004: Cannot use JSX unless the '--jsx' flag is provided.
frontend/src/components/features/chat/keyboard-shortcuts-panel.tsx(256,19): error TS17004: Cannot use JSX unless the '--jsx' flag is provided.
frontend/src/components/features/chat/keyboard-shortcuts-panel.tsx(258,23): error TS17004: Cannot use JSX unless the '--jsx' flag is provided.
frontend/src/components/features/chat/keyboard-shortcuts-panel.tsx(267,13): error TS17004: Cannot use JSX unless the '--jsx' flag is provided.
frontend/src/components/features/chat/keyboard-shortcuts-panel.tsx(268,15): error TS17004: Cannot use JSX unless the '--jsx' flag is provided.
frontend/src/components/features/chat/keyboard-shortcuts-panel.tsx(269,15): error TS17004: Cannot use JSX unless the '--jsx' flag is provided.
frontend/src/components/features/chat/keyboard-shortcuts-panel.tsx(275,9): error TS17004: Cannot use JSX unless the '--jsx' flag is provided.
frontend/src/components/features/chat/keyboard-shortcuts-panel.tsx(276,17): error TS17004: Cannot use JSX unless the '--jsx' flag is provided.
frontend/src/components/features/chat/mcp-observation-content.tsx(4,10): error TS2614: Module '"#/*"' has no exported member 'MCPObservation'. Did you mean to use 'import MCPObservation from "#/*"' instead?
frontend/src/components/features/chat/mcp-observation-content.tsx(5,10): error TS2614: Module '"#/*"' has no exported member 'hasExtras'. Did you mean to use 'import hasExtras from "#/*"' instead?
frontend/src/components/features/chat/mcp-observation-content.tsx(6,10): error TS2614: Module '"#/*"' has no exported member 'JSON_VIEW_THEME'. Did you mean to use 'import JSON_VIEW_THEME from "#/*"' instead?
frontend/src/components/features/chat/mcp-observation-content.tsx(30,5): error TS17004: Cannot use JSX unless the '--jsx' flag is provided.
frontend/src/components/features/chat/mcp-observation-content.tsx(33,9): error TS17004: Cannot use JSX unless the '--jsx' flag is provided.
frontend/src/components/features/chat/mcp-observation-content.tsx(34,11): error TS17004: Cannot use JSX unless the '--jsx' flag is provided.
frontend/src/components/features/chat/mcp-observation-content.tsx(35,13): error TS17004: Cannot use JSX unless the '--jsx' flag is provided.
frontend/src/components/features/chat/mcp-observation-content.tsx(39,11): error TS17004: Cannot use JSX unless the '--jsx' flag is provided.
frontend/src/components/features/chat/mcp-observation-content.tsx(40,13): error TS17004: Cannot use JSX unless the '--jsx' flag is provided.
frontend/src/components/features/chat/mcp-observation-content.tsx(40,14): error TS2604: JSX element type 'ReactJsonView' does not have any construct or call signatures.
frontend/src/components/features/chat/mcp-observation-content.tsx(40,14): error TS2786: 'ReactJsonView' cannot be used as a JSX component.
  Its type 'typeof import("C:/Users/GIGABYTE/Desktop/Forge/frontend/node_modules/@microlink/react-json-view/index")' is not a valid JSX element type.
frontend/src/components/features/chat/mcp-observation-content.tsx(52,7): error TS17004: Cannot use JSX unless the '--jsx' flag is provided.
frontend/src/components/features/chat/mcp-observation-content.tsx(53,9): error TS17004: Cannot use JSX unless the '--jsx' flag is provided.
frontend/src/components/features/chat/mcp-observation-content.tsx(54,11): error TS17004: Cannot use JSX unless the '--jsx' flag is provided.
frontend/src/components/features/chat/mcp-observation-content.tsx(58,9): error TS17004: Cannot use JSX unless the '--jsx' flag is provided.
frontend/src/components/features/chat/mcp-observation-content.tsx(60,13): error TS17004: Cannot use JSX unless the '--jsx' flag is provided.
frontend/src/components/features/chat/mcp-observation-content.tsx(60,14): error TS2604: JSX element type 'ReactJsonView' does not have any construct or call signatures.
frontend/src/components/features/chat/mcp-observation-content.tsx(60,14): error TS2786: 'ReactJsonView' cannot be used as a JSX component.
  Its type 'typeof import("C:/Users/GIGABYTE/Desktop/Forge/frontend/node_modules/@microlink/react-json-view/index")' is not a valid JSX element type.
frontend/src/components/features/chat/mcp-observation-content.tsx(68,13): error TS17004: Cannot use JSX unless the '--jsx' flag is provided.
frontend/src/components/features/chat/message-reactions.tsx(3,10): error TS2614: Module '"#/*"' has no exported member 'Button'. Did you mean to use 'import Button from "#/*"' instead?
frontend/src/components/features/chat/message-reactions.tsx(4,10): error TS2614: Module '"#/*"' has no exported member 'cn'. Did you mean to use 'import cn from "#/*"' instead?
frontend/src/components/features/chat/message-reactions.tsx(27,11): error TS17004: Cannot use JSX unless the '--jsx' flag is provided.
frontend/src/components/features/chat/message-reactions.tsx(33,11): error TS17004: Cannot use JSX unless the '--jsx' flag is provided.
frontend/src/components/features/chat/message-reactions.tsx(39,11): error TS17004: Cannot use JSX unless the '--jsx' flag is provided.
frontend/src/components/features/chat/message-reactions.tsx(45,11): error TS17004: Cannot use JSX unless the '--jsx' flag is provided.
frontend/src/components/features/chat/message-reactions.tsx(86,5): error TS17004: Cannot use JSX unless the '--jsx' flag is provided.
frontend/src/components/features/chat/message-reactions.tsx(98,11): error TS17004: Cannot use JSX unless the '--jsx' flag is provided.
frontend/src/components/features/chat/message-reactions.tsx(114,13): error TS17004: Cannot use JSX unless the '--jsx' flag is provided.
frontend/src/components/features/chat/message-reactions.tsx(116,15): error TS17004: Cannot use JSX unless the '--jsx' flag is provided.
frontend/src/components/features/chat/message-reactions.tsx(130,9): error TS17004: Cannot use JSX unless the '--jsx' flag is provided.
frontend/src/components/features/chat/message-reactions.tsx(131,11): error TS17004: Cannot use JSX unless the '--jsx' flag is provided.
frontend/src/components/features/chat/message-reactions.tsx(144,13): error TS17004: Cannot use JSX unless the '--jsx' flag is provided.
frontend/src/components/features/chat/message-reactions.tsx(149,13): error TS17004: Cannot use JSX unless the '--jsx' flag is provided.
frontend/src/components/features/chat/message-reactions.tsx(158,17): error TS17004: Cannot use JSX unless the '--jsx' flag is provided.
frontend/src/components/features/chat/message-reactions.tsx(170,19): error TS17004: Cannot use JSX unless the '--jsx' flag is provided.
frontend/src/components/features/chat/message-skeleton.tsx(2,10): error TS2614: Module '"#/*"' has no exported member 'cn'. Did you mean to use 'import cn from "#/*"' instead?
frontend/src/components/features/chat/message-skeleton.tsx(14,5): error TS17004: Cannot use JSX unless the '--jsx' flag is provided.
frontend/src/components/features/chat/message-skeleton.tsx(16,9): error TS17004: Cannot use JSX unless the '--jsx' flag is provided.
frontend/src/components/features/chat/message-skeleton.tsx(24,11): error TS17004: Cannot use JSX unless the '--jsx' flag is provided.
frontend/src/components/features/chat/message-skeleton.tsx(25,13): error TS17004: Cannot use JSX unless the '--jsx' flag is provided.
frontend/src/components/features/chat/message-skeleton.tsx(29,11): error TS17004: Cannot use JSX unless the '--jsx' flag is provided.
frontend/src/components/features/chat/message-skeleton.tsx(31,13): error TS17004: Cannot use JSX unless the '--jsx' flag is provided.
frontend/src/components/features/chat/message-skeleton.tsx(34,13): error TS17004: Cannot use JSX unless the '--jsx' flag is provided.
frontend/src/components/features/chat/message-skeleton.tsx(35,15): error TS17004: Cannot use JSX unless the '--jsx' flag is provided.
frontend/src/components/features/chat/message-skeleton.tsx(39,15): error TS17004: Cannot use JSX unless the '--jsx' flag is provided.
frontend/src/components/features/chat/message-skeleton.tsx(44,17): error TS17004: Cannot use JSX unless the '--jsx' flag is provided.
frontend/src/components/features/chat/message-skeleton.tsx(45,19): error TS17004: Cannot use JSX unless the '--jsx' flag is provided.
frontend/src/components/features/chat/message-skeleton.tsx(49,19): error TS17004: Cannot use JSX unless the '--jsx' flag is provided.
frontend/src/components/features/chat/message-skeleton.tsx(59,15): error TS17004: Cannot use JSX unless the '--jsx' flag is provided.
frontend/src/components/features/chat/message-skeleton.tsx(60,17): error TS17004: Cannot use JSX unless the '--jsx' flag is provided.
frontend/src/components/features/chat/message-skeleton.tsx(61,17): error TS17004: Cannot use JSX unless the '--jsx' flag is provided.
frontend/src/components/features/chat/message-skeleton.tsx(65,17): error TS17004: Cannot use JSX unless the '--jsx' flag is provided.
frontend/src/components/features/chat/message-skeleton.tsx(84,5): error TS17004: Cannot use JSX unless the '--jsx' flag is provided.
frontend/src/components/features/chat/message-skeleton.tsx(86,7): error TS17004: Cannot use JSX unless the '--jsx' flag is provided.
frontend/src/components/features/chat/message-skeleton.tsx(87,9): error TS17004: Cannot use JSX unless the '--jsx' flag is provided.
frontend/src/components/features/chat/message-skeleton.tsx(88,11): error TS17004: Cannot use JSX unless the '--jsx' flag is provided.
frontend/src/components/features/chat/message-skeleton.tsx(93,7): error TS17004: Cannot use JSX unless the '--jsx' flag is provided.
frontend/src/components/features/chat/message-skeleton.tsx(94,9): error TS17004: Cannot use JSX unless the '--jsx' flag is provided.
frontend/src/components/features/chat/message-skeleton.tsx(95,11): error TS17004: Cannot use JSX unless the '--jsx' flag is provided.
frontend/src/components/features/chat/message-skeleton.tsx(99,11): error TS17004: Cannot use JSX unless the '--jsx' flag is provided.
frontend/src/components/features/chat/message-skeleton.tsx(103,11): error TS17004: Cannot use JSX unless the '--jsx' flag is provided.
frontend/src/components/features/chat/message-thread-indicator.tsx(3,10): error TS2614: Module '"#/*"' has no exported member 'cn'. Did you mean to use 'import cn from "#/*"' instead?
frontend/src/components/features/chat/message-thread-indicator.tsx(4,10): error TS2614: Module '"#/*"' has no exported member 'Button'. Did you mean to use 'import Button from "#/*"' instead?
frontend/src/components/features/chat/message-thread-indicator.tsx(29,5): error TS17004: Cannot use JSX unless the '--jsx' flag is provided.
frontend/src/components/features/chat/message-thread-indicator.tsx(31,7): error TS17004: Cannot use JSX unless the '--jsx' flag is provided.
frontend/src/components/features/chat/message-thread-indicator.tsx(41,9): error TS17004: Cannot use JSX unless the '--jsx' flag is provided.
frontend/src/components/features/chat/message-thread-indicator.tsx(42,11): error TS17004: Cannot use JSX unless the '--jsx' flag is provided.
frontend/src/components/features/chat/message-thread-indicator.tsx(43,13): error TS17004: Cannot use JSX unless the '--jsx' flag is provided.
frontend/src/components/features/chat/message-thread-indicator.tsx(44,13): error TS17004: Cannot use JSX unless the '--jsx' flag is provided.
frontend/src/components/features/chat/message-thread-indicator.tsx(51,13): error TS17004: Cannot use JSX unless the '--jsx' flag is provided.
frontend/src/components/features/chat/message-thread-indicator.tsx(59,17): error TS17004: Cannot use JSX unless the '--jsx' flag is provided.
frontend/src/components/features/chat/message-thread-indicator.tsx(60,19): error TS17004: Cannot use JSX unless the '--jsx' flag is provided.
frontend/src/components/features/chat/message-thread-indicator.tsx(64,17): error TS17004: Cannot use JSX unless the '--jsx' flag is provided.
frontend/src/components/features/chat/message-thread-indicator.tsx(65,19): error TS17004: Cannot use JSX unless the '--jsx' flag is provided.
frontend/src/components/features/chat/message-thread-indicator.tsx(75,7): error TS17004: Cannot use JSX unless the '--jsx' flag is provided.
frontend/src/components/features/chat/messages.tsx(4,10): error TS2614: Module '"#/*"' has no exported member 'OpenHandsAction'. Did you mean to use 'import OpenHandsAction from "#/*"' instead?
frontend/src/components/features/chat/messages.tsx(5,10): error TS2614: Module '"#/*"' has no exported member 'OpenHandsObservation'. Did you mean to use 'import OpenHandsObservation from "#/*"' instead?
frontend/src/components/features/chat/messages.tsx(7,3): error TS2614: Module '"#/*"' has no exported member 'isOpenHandsAction'. Did you mean to use 'import isOpenHandsAction from "#/*"' instead?
frontend/src/components/features/chat/messages.tsx(8,3): error TS2614: Module '"#/*"' has no exported member 'isOpenHandsObservation'. Did you mean to use 'import isOpenHandsObservation from "#/*"' instead?
frontend/src/components/features/chat/messages.tsx(9,3): error TS2614: Module '"#/*"' has no exported member 'isOpenHandsEvent'. Did you mean to use 'import isOpenHandsEvent from "#/*"' instead?
frontend/src/components/features/chat/messages.tsx(10,3): error TS2614: Module '"#/*"' has no exported member 'isAgentStateChangeObservation'. Did you mean to use 'import isAgentStateChangeObservation from "#/*"' instead?
frontend/src/components/features/chat/messages.tsx(11,3): error TS2614: Module '"#/*"' has no exported member 'isFinishAction'. Did you mean to use 'import isFinishAction from "#/*"' instead?
frontend/src/components/features/chat/messages.tsx(12,3): error TS2614: Module '"#/*"' has no exported member 'isUserMessage'. Did you mean to use 'import isUserMessage from "#/*"' instead?
frontend/src/components/features/chat/messages.tsx(13,3): error TS2614: Module '"#/*"' has no exported member 'isAssistantMessage'. Did you mean to use 'import isAssistantMessage from "#/*"' instead?
frontend/src/components/features/chat/messages.tsx(14,3): error TS2614: Module '"#/*"' has no exported member 'hasExtras'. Did you mean to use 'import hasExtras from "#/*"' instead?
frontend/src/components/features/chat/messages.tsx(15,3): error TS2614: Module '"#/*"' has no exported member 'hasArgs'. Did you mean to use 'import hasArgs from "#/*"' instead?
frontend/src/components/features/chat/messages.tsx(17,10): error TS2614: Module '"#/*"' has no exported member 'groupMessagesIntoTurns'. Did you mean to use 'import groupMessagesIntoTurns from "#/*"' instead?
frontend/src/components/features/chat/messages.tsx(18,10): error TS2614: Module '"#/*"' has no exported member 'coalesceMessages'. Did you mean to use 'import coalesceMessages from "#/*"' instead?
frontend/src/components/features/chat/messages.tsx(18,28): error TS2614: Module '"#/*"' has no exported member 'getEventSpacing'. Did you mean to use 'import getEventSpacing from "#/*"' instead?
frontend/src/components/features/chat/messages.tsx(19,10): error TS2614: Module '"#/*"' has no exported member 'shouldRenderEvent'. Did you mean to use 'import shouldRenderEvent from "#/*"' instead?
frontend/src/components/features/chat/messages.tsx(20,30): error TS2835: Relative import paths need explicit file extensions in ECMAScript imports when '--moduleResolution' is 'node16' or 'nodenext'. Did you mean './event-message.js'?
frontend/src/components/features/chat/messages.tsx(21,29): error TS2835: Relative import paths need explicit file extensions in ECMAScript imports when '--moduleResolution' is 'node16' or 'nodenext'. Did you mean './chat-message.js'?
frontend/src/components/features/chat/messages.tsx(22,31): error TS2835: Relative import paths need explicit file extensions in ECMAScript imports when '--moduleResolution' is 'node16' or 'nodenext'. Did you mean './action-summary.js'?
frontend/src/components/features/chat/messages.tsx(23,10): error TS2614: Module '"#/*"' has no exported member 'useOptimisticUserMessage'. Did you mean to use 'import useOptimisticUserMessage from "#/*"' instead?
frontend/src/components/features/chat/messages.tsx(24,39): error TS2835: Relative import paths need explicit file extensions in ECMAScript imports when '--moduleResolution' is 'node16' or 'nodenext'. Did you mean './microagent/launch-microagent-modal.js'?
frontend/src/components/features/chat/messages.tsx(25,10): error TS2614: Module '"#/*"' has no exported member 'useUserConversation'. Did you mean to use 'import useUserConversation from "#/*"' instead?
frontend/src/components/features/chat/messages.tsx(26,10): error TS2614: Module '"#/*"' has no exported member 'useConversationId'. Did you mean to use 'import useConversationId from "#/*"' instead?
frontend/src/components/features/chat/messages.tsx(27,10): error TS2614: Module '"#/*"' has no exported member 'useCreateConversationAndSubscribeMultiple'. Did you mean to use 'import useCreateConversationAndSubscribeMultiple from "#/*"' instead?
frontend/src/components/features/chat/messages.tsx(29,3): error TS2614: Module '"#/*"' has no exported member 'MicroagentStatus'. Did you mean to use 'import MicroagentStatus from "#/*"' instead?
frontend/src/components/features/chat/messages.tsx(30,3): error TS2614: Module '"#/*"' has no exported member 'EventMicroagentStatus'. Did you mean to use 'import EventMicroagentStatus from "#/*"' instead?
frontend/src/components/features/chat/messages.tsx(32,10): error TS2614: Module '"#/*"' has no exported member 'AgentState'. Did you mean to use 'import AgentState from "#/*"' instead?
frontend/src/components/features/chat/messages.tsx(33,10): error TS2614: Module '"#/*"' has no exported member 'getFirstPRUrl'. Did you mean to use 'import getFirstPRUrl from "#/*"' instead?
frontend/src/components/features/chat/messages.tsx(35,10): error TS2614: Module '"#/*"' has no exported member 'cn'. Did you mean to use 'import cn from "#/*"' instead?
frontend/src/components/features/chat/messages.tsx(309,40): error TS7006: Parameter 'turnItem' implicitly has an 'any' type.
frontend/src/components/features/chat/messages.tsx(309,50): error TS7006: Parameter 'i' implicitly has an 'any' type.
frontend/src/components/features/chat/messages.tsx(332,7): error TS17004: Cannot use JSX unless the '--jsx' flag is provided.
frontend/src/components/features/chat/messages.tsx(333,21): error TS7006: Parameter 'turn' implicitly has an 'any' type.
frontend/src/components/features/chat/messages.tsx(333,27): error TS7006: Parameter 'turnIndex' implicitly has an 'any' type.
frontend/src/components/features/chat/messages.tsx(345,15): error TS17004: Cannot use JSX unless the '--jsx' flag is provided.
frontend/src/components/features/chat/messages.tsx(353,17): error TS17004: Cannot use JSX unless the '--jsx' flag is provided.
frontend/src/components/features/chat/messages.tsx(371,40): error TS7006: Parameter 'e' implicitly has an 'any' type.
frontend/src/components/features/chat/messages.tsx(375,13): error TS17004: Cannot use JSX unless the '--jsx' flag is provided.
frontend/src/components/features/chat/messages.tsx(383,15): error TS17004: Cannot use JSX unless the '--jsx' flag is provided.
frontend/src/components/features/chat/messages.tsx(387,17): error TS17004: Cannot use JSX unless the '--jsx' flag is provided.
frontend/src/components/features/chat/messages.tsx(395,15): error TS17004: Cannot use JSX unless the '--jsx' flag is provided.
frontend/src/components/features/chat/messages.tsx(399,61): error TS7006: Parameter 'event' implicitly has an 'any' type.
frontend/src/components/features/chat/messages.tsx(403,43): error TS7006: Parameter 'event' implicitly has an 'any' type.
frontend/src/components/features/chat/messages.tsx(421,31): error TS7006: Parameter 'e' implicitly has an 'any' type.
frontend/src/components/features/chat/messages.tsx(452,25): error TS17004: Cannot use JSX unless the '--jsx' flag is provided.
frontend/src/components/features/chat/messages.tsx(456,27): error TS17004: Cannot use JSX unless the '--jsx' flag is provided.
frontend/src/components/features/chat/messages.tsx(472,48): error TS7006: Parameter 'event' implicitly has an 'any' type.
frontend/src/components/features/chat/messages.tsx(472,55): error TS7006: Parameter 'eventIndex' implicitly has an 'any' type.
frontend/src/components/features/chat/messages.tsx(481,27): error TS17004: Cannot use JSX unless the '--jsx' flag is provided.
frontend/src/components/features/chat/messages.tsx(485,29): error TS17004: Cannot use JSX unless the '--jsx' flag is provided.
frontend/src/components/features/chat/messages.tsx(491,87): error TS2345: Argument of type 'string | number' is not assignable to parameter of type 'number'.
  Type 'string' is not assignable to type 'number'.
frontend/src/components/features/chat/messages.tsx(492,103): error TS2345: Argument of type 'string | number' is not assignable to parameter of type 'number'.
  Type 'string' is not assignable to type 'number'.
frontend/src/components/features/chat/messages.tsx(493,85): error TS2345: Argument of type 'string | number' is not assignable to parameter of type 'number'.
  Type 'string' is not assignable to type 'number'.
frontend/src/components/features/chat/messages.tsx(499,43): error TS17004: Cannot use JSX unless the '--jsx' flag is provided.
frontend/src/components/features/chat/messages.tsx(527,19): error TS17004: Cannot use JSX unless the '--jsx' flag is provided.
frontend/src/components/features/chat/messages.tsx(528,48): error TS7006: Parameter 'e' implicitly has an 'any' type.
frontend/src/components/features/chat/messages.tsx(537,11): error TS17004: Cannot use JSX unless the '--jsx' flag is provided.
frontend/src/components/features/chat/messages.tsx(548,13): error TS17004: Cannot use JSX unless the '--jsx' flag is provided.
frontend/src/components/features/chat/metasop/metasop-orchestration-panel.tsx(19,5): error TS17004: Cannot use JSX unless the '--jsx' flag is provided.
frontend/src/components/features/chat/metasop/metasop-orchestration-panel.tsx(20,7): error TS17004: Cannot use JSX unless the '--jsx' flag is provided.
frontend/src/components/features/chat/metasop/metasop-orchestration-panel.tsx(21,9): error TS17004: Cannot use JSX unless the '--jsx' flag is provided.
frontend/src/components/features/chat/metasop/metasop-orchestration-panel.tsx(27,9): error TS17004: Cannot use JSX unless the '--jsx' flag is provided.
frontend/src/components/features/chat/metasop/metasop-orchestration-panel.tsx(28,9): error TS17004: Cannot use JSX unless the '--jsx' flag is provided.
frontend/src/components/features/chat/metasop/orchestration-steps.tsx(15,5): error TS17004: Cannot use JSX unless the '--jsx' flag is provided.
frontend/src/components/features/chat/metasop/orchestration-steps.tsx(16,7): error TS17004: Cannot use JSX unless the '--jsx' flag is provided.
frontend/src/components/features/chat/metasop/orchestration-steps.tsx(17,7): error TS17004: Cannot use JSX unless the '--jsx' flag is provided.
frontend/src/components/features/chat/metasop/orchestration-steps.tsx(21,13): error TS17004: Cannot use JSX unless the '--jsx' flag is provided.
frontend/src/components/features/chat/microagent/launch-microagent-modal.tsx(4,10): error TS2614: Module '"#/*"' has no exported member 'ModalBackdrop'. Did you mean to use 'import ModalBackdrop from "#/*"' instead?
frontend/src/components/features/chat/microagent/launch-microagent-modal.tsx(5,10): error TS2614: Module '"#/*"' has no exported member 'ModalBody'. Did you mean to use 'import ModalBody from "#/*"' instead?
frontend/src/components/features/chat/microagent/launch-microagent-modal.tsx(6,29): error TS2835: Relative import paths need explicit file extensions in ECMAScript imports when '--moduleResolution' is 'node16' or 'nodenext'. Did you mean '../../settings/brand-button.js'?
frontend/src/components/features/chat/microagent/launch-microagent-modal.tsx(7,39): error TS2835: Relative import paths need explicit file extensions in ECMAScript imports when '--moduleResolution' is 'node16' or 'nodenext'. Did you mean '../../settings/settings-dropdown-input.js'?
frontend/src/components/features/chat/microagent/launch-microagent-modal.tsx(8,10): error TS2614: Module '"#/*"' has no exported member 'BadgeInput'. Did you mean to use 'import BadgeInput from "#/*"' instead?
frontend/src/components/features/chat/microagent/launch-microagent-modal.tsx(9,10): error TS2614: Module '"#/*"' has no exported member 'cn'. Did you mean to use 'import cn from "#/*"' instead?
frontend/src/components/features/chat/microagent/launch-microagent-modal.tsx(11,10): error TS2614: Module '"#/*"' has no exported member 'useMicroagentPrompt'. Did you mean to use 'import useMicroagentPrompt from "#/*"' instead?
frontend/src/components/features/chat/microagent/launch-microagent-modal.tsx(12,10): error TS2614: Module '"#/*"' has no exported member 'useHandleRuntimeActive'. Did you mean to use 'import useHandleRuntimeActive from "#/*"' instead?
frontend/src/components/features/chat/microagent/launch-microagent-modal.tsx(13,39): error TS2835: Relative import paths need explicit file extensions in ECMAScript imports when '--moduleResolution' is 'node16' or 'nodenext'. Did you mean './loading-microagent-body.js'?
frontend/src/components/features/chat/microagent/launch-microagent-modal.tsx(14,43): error TS2835: Relative import paths need explicit file extensions in ECMAScript imports when '--moduleResolution' is 'node16' or 'nodenext'. Did you mean './loading-microagent-textarea.js'?
frontend/src/components/features/chat/microagent/launch-microagent-modal.tsx(15,10): error TS2614: Module '"#/*"' has no exported member 'useGetMicroagents'. Did you mean to use 'import useGetMicroagents from "#/*"' instead?
frontend/src/components/features/chat/microagent/launch-microagent-modal.tsx(58,5): error TS17004: Cannot use JSX unless the '--jsx' flag is provided.
frontend/src/components/features/chat/microagent/launch-microagent-modal.tsx(59,26): error TS17004: Cannot use JSX unless the '--jsx' flag is provided.
frontend/src/components/features/chat/microagent/launch-microagent-modal.tsx(61,9): error TS17004: Cannot use JSX unless the '--jsx' flag is provided.
frontend/src/components/features/chat/microagent/launch-microagent-modal.tsx(62,11): error TS17004: Cannot use JSX unless the '--jsx' flag is provided.
frontend/src/components/features/chat/microagent/launch-microagent-modal.tsx(63,13): error TS17004: Cannot use JSX unless the '--jsx' flag is provided.
frontend/src/components/features/chat/microagent/launch-microagent-modal.tsx(65,15): error TS17004: Cannot use JSX unless the '--jsx' flag is provided.
frontend/src/components/features/chat/microagent/launch-microagent-modal.tsx(70,17): error TS17004: Cannot use JSX unless the '--jsx' flag is provided.
frontend/src/components/features/chat/microagent/launch-microagent-modal.tsx(74,13): error TS17004: Cannot use JSX unless the '--jsx' flag is provided.
frontend/src/components/features/chat/microagent/launch-microagent-modal.tsx(75,15): error TS17004: Cannot use JSX unless the '--jsx' flag is provided.
frontend/src/components/features/chat/microagent/launch-microagent-modal.tsx(79,11): error TS17004: Cannot use JSX unless the '--jsx' flag is provided.
frontend/src/components/features/chat/microagent/launch-microagent-modal.tsx(83,11): error TS17004: Cannot use JSX unless the '--jsx' flag is provided.
frontend/src/components/features/chat/microagent/launch-microagent-modal.tsx(88,13): error TS17004: Cannot use JSX unless the '--jsx' flag is provided.
frontend/src/components/features/chat/microagent/launch-microagent-modal.tsx(93,35): error TS17004: Cannot use JSX unless the '--jsx' flag is provided.
frontend/src/components/features/chat/microagent/launch-microagent-modal.tsx(95,17): error TS17004: Cannot use JSX unless the '--jsx' flag is provided.
frontend/src/components/features/chat/microagent/launch-microagent-modal.tsx(110,13): error TS17004: Cannot use JSX unless the '--jsx' flag is provided.
frontend/src/components/features/chat/microagent/launch-microagent-modal.tsx(119,35): error TS7006: Parameter 'item' implicitly has an 'any' type.
frontend/src/components/features/chat/microagent/launch-microagent-modal.tsx(126,13): error TS17004: Cannot use JSX unless the '--jsx' flag is provided.
frontend/src/components/features/chat/microagent/launch-microagent-modal.tsx(130,15): error TS17004: Cannot use JSX unless the '--jsx' flag is provided.
frontend/src/components/features/chat/microagent/launch-microagent-modal.tsx(132,17): error TS17004: Cannot use JSX unless the '--jsx' flag is provided.
frontend/src/components/features/chat/microagent/launch-microagent-modal.tsx(137,19): error TS17004: Cannot use JSX unless the '--jsx' flag is provided.
frontend/src/components/features/chat/microagent/launch-microagent-modal.tsx(140,15): error TS17004: Cannot use JSX unless the '--jsx' flag is provided.
frontend/src/components/features/chat/microagent/launch-microagent-modal.tsx(148,13): error TS17004: Cannot use JSX unless the '--jsx' flag is provided.
frontend/src/components/features/chat/microagent/launch-microagent-modal.tsx(149,15): error TS17004: Cannot use JSX unless the '--jsx' flag is provided.
frontend/src/components/features/chat/microagent/launch-microagent-modal.tsx(152,15): error TS17004: Cannot use JSX unless the '--jsx' flag is provided.
frontend/src/components/features/chat/microagent/loading-microagent-body.tsx(3,10): error TS2614: Module '"#/*"' has no exported member 'ModalBody'. Did you mean to use 'import ModalBody from "#/*"' instead?
frontend/src/components/features/chat/microagent/loading-microagent-body.tsx(8,5): error TS17004: Cannot use JSX unless the '--jsx' flag is provided.
frontend/src/components/features/chat/microagent/loading-microagent-body.tsx(9,7): error TS17004: Cannot use JSX unless the '--jsx' flag is provided.
frontend/src/components/features/chat/microagent/loading-microagent-body.tsx(12,7): error TS17004: Cannot use JSX unless the '--jsx' flag is provided.
frontend/src/components/features/chat/microagent/loading-microagent-body.tsx(13,7): error TS17004: Cannot use JSX unless the '--jsx' flag is provided.
frontend/src/components/features/chat/microagent/loading-microagent-textarea.tsx(2,10): error TS2614: Module '"#/*"' has no exported member 'cn'. Did you mean to use 'import cn from "#/*"' instead?
frontend/src/components/features/chat/microagent/loading-microagent-textarea.tsx(8,5): error TS17004: Cannot use JSX unless the '--jsx' flag is provided.
frontend/src/components/features/chat/microagent/microagent-status-indicator.tsx(4,10): error TS2614: Module '"#/*"' has no exported member 'MicroagentStatus'. Did you mean to use 'import MicroagentStatus from "#/*"' instead?
frontend/src/components/features/chat/microagent/microagent-status-indicator.tsx(5,34): error TS2835: Relative import paths need explicit file extensions in ECMAScript imports when '--moduleResolution' is 'node16' or 'nodenext'. Did you mean '../success-indicator.js'?
frontend/src/components/features/chat/microagent/microagent-status-indicator.tsx(41,16): error TS17004: Cannot use JSX unless the '--jsx' flag is provided.
frontend/src/components/features/chat/microagent/microagent-status-indicator.tsx(43,16): error TS17004: Cannot use JSX unless the '--jsx' flag is provided.
frontend/src/components/features/chat/microagent/microagent-status-indicator.tsx(45,16): error TS17004: Cannot use JSX unless the '--jsx' flag is provided.
frontend/src/components/features/chat/microagent/microagent-status-indicator.tsx(47,16): error TS17004: Cannot use JSX unless the '--jsx' flag is provided.
frontend/src/components/features/chat/microagent/microagent-status-indicator.tsx(60,9): error TS17004: Cannot use JSX unless the '--jsx' flag is provided.
frontend/src/components/features/chat/microagent/microagent-status-indicator.tsx(73,9): error TS17004: Cannot use JSX unless the '--jsx' flag is provided.
frontend/src/components/features/chat/microagent/microagent-status-indicator.tsx(84,12): error TS17004: Cannot use JSX unless the '--jsx' flag is provided.
frontend/src/components/features/chat/microagent/microagent-status-indicator.tsx(88,5): error TS17004: Cannot use JSX unless the '--jsx' flag is provided.
frontend/src/components/features/chat/microagent/microagent-status-toast.tsx(4,10): error TS2614: Module '"#/*"' has no exported member 'TOAST_OPTIONS'. Did you mean to use 'import TOAST_OPTIONS from "#/*"' instead?
frontend/src/components/features/chat/microagent/microagent-status-toast.tsx(6,34): error TS2835: Relative import paths need explicit file extensions in ECMAScript imports when '--moduleResolution' is 'node16' or 'nodenext'. Did you mean '../success-indicator.js'?
frontend/src/components/features/chat/microagent/microagent-status-toast.tsx(24,5): error TS17004: Cannot use JSX unless the '--jsx' flag is provided.
frontend/src/components/features/chat/microagent/microagent-status-toast.tsx(25,7): error TS17004: Cannot use JSX unless the '--jsx' flag is provided.
frontend/src/components/features/chat/microagent/microagent-status-toast.tsx(26,7): error TS17004: Cannot use JSX unless the '--jsx' flag is provided.
frontend/src/components/features/chat/microagent/microagent-status-toast.tsx(28,9): error TS17004: Cannot use JSX unless the '--jsx' flag is provided.
frontend/src/components/features/chat/microagent/microagent-status-toast.tsx(29,9): error TS17004: Cannot use JSX unless the '--jsx' flag is provided.
frontend/src/components/features/chat/microagent/microagent-status-toast.tsx(38,7): error TS17004: Cannot use JSX unless the '--jsx' flag is provided.
frontend/src/components/features/chat/microagent/microagent-status-toast.tsx(39,9): error TS17004: Cannot use JSX unless the '--jsx' flag is provided.
frontend/src/components/features/chat/microagent/microagent-status-toast.tsx(51,5): error TS17004: Cannot use JSX unless the '--jsx' flag is provided.
frontend/src/components/features/chat/microagent/microagent-status-toast.tsx(52,7): error TS17004: Cannot use JSX unless the '--jsx' flag is provided.
frontend/src/components/features/chat/microagent/microagent-status-toast.tsx(53,7): error TS17004: Cannot use JSX unless the '--jsx' flag is provided.
frontend/src/components/features/chat/microagent/microagent-status-toast.tsx(55,9): error TS17004: Cannot use JSX unless the '--jsx' flag is provided.
frontend/src/components/features/chat/microagent/microagent-status-toast.tsx(56,9): error TS17004: Cannot use JSX unless the '--jsx' flag is provided.
frontend/src/components/features/chat/microagent/microagent-status-toast.tsx(65,7): error TS17004: Cannot use JSX unless the '--jsx' flag is provided.
frontend/src/components/features/chat/microagent/microagent-status-toast.tsx(66,9): error TS17004: Cannot use JSX unless the '--jsx' flag is provided.
frontend/src/components/features/chat/microagent/microagent-status-toast.tsx(83,5): error TS17004: Cannot use JSX unless the '--jsx' flag is provided.
frontend/src/components/features/chat/microagent/microagent-status-toast.tsx(84,7): error TS17004: Cannot use JSX unless the '--jsx' flag is provided.
frontend/src/components/features/chat/microagent/microagent-status-toast.tsx(85,7): error TS17004: Cannot use JSX unless the '--jsx' flag is provided.
frontend/src/components/features/chat/microagent/microagent-status-toast.tsx(87,9): error TS17004: Cannot use JSX unless the '--jsx' flag is provided.
frontend/src/components/features/chat/microagent/microagent-status-toast.tsx(88,9): error TS17004: Cannot use JSX unless the '--jsx' flag is provided.
frontend/src/components/features/chat/microagent/microagent-status-toast.tsx(97,7): error TS17004: Cannot use JSX unless the '--jsx' flag is provided.
frontend/src/components/features/chat/microagent/microagent-status-toast.tsx(98,9): error TS17004: Cannot use JSX unless the '--jsx' flag is provided.
frontend/src/components/features/chat/microagent/microagent-status-toast.tsx(122,5): error TS17004: Cannot use JSX unless the '--jsx' flag is provided.
frontend/src/components/features/chat/microagent/microagent-status-toast.tsx(123,7): error TS17004: Cannot use JSX unless the '--jsx' flag is provided.
frontend/src/components/features/chat/microagent/microagent-status-toast.tsx(124,7): error TS17004: Cannot use JSX unless the '--jsx' flag is provided.
frontend/src/components/features/chat/microagent/microagent-status-toast.tsx(125,7): error TS17004: Cannot use JSX unless the '--jsx' flag is provided.
frontend/src/components/features/chat/microagent/microagent-status-toast.tsx(126,9): error TS17004: Cannot use JSX unless the '--jsx' flag is provided.
frontend/src/components/features/chat/microagent/microagent-status-toast.tsx(135,7): error TS17004: Cannot use JSX unless the '--jsx' flag is provided.
frontend/src/components/features/chat/microagent/microagent-status-toast.tsx(150,7): error TS17004: Cannot use JSX unless the '--jsx' flag is provided.
frontend/src/components/features/chat/microagent/microagent-status-toast.tsx(168,7): error TS17004: Cannot use JSX unless the '--jsx' flag is provided.
frontend/src/components/features/chat/microagent/microagent-status-toast.tsx(183,7): error TS17004: Cannot use JSX unless the '--jsx' flag is provided.
frontend/src/components/features/chat/modern-chat-input.tsx(4,10): error TS2614: Module '"#/*"' has no exported member 'I18nKey'. Did you mean to use 'import I18nKey from "#/*"' instead?
frontend/src/components/features/chat/modern-chat-input.tsx(5,10): error TS2614: Module '"#/*"' has no exported member 'cn'. Did you mean to use 'import cn from "#/*"' instead?
frontend/src/components/features/chat/modern-chat-input.tsx(6,10): error TS2614: Module '"#/*"' has no exported member 'Button'. Did you mean to use 'import Button from "#/*"' instead?
frontend/src/components/features/chat/modern-chat-input.tsx(7,10): error TS2614: Module '"#/*"' has no exported member 'Card'. Did you mean to use 'import Card from "#/*"' instead?
frontend/src/components/features/chat/modern-chat-input.tsx(7,16): error TS2614: Module '"#/*"' has no exported member 'CardContent'. Did you mean to use 'import CardContent from "#/*"' instead?
frontend/src/components/features/chat/modern-chat-input.tsx(190,5): error TS17004: Cannot use JSX unless the '--jsx' flag is provided.
frontend/src/components/features/chat/modern-chat-input.tsx(193,9): error TS17004: Cannot use JSX unless the '--jsx' flag is provided.
frontend/src/components/features/chat/modern-chat-input.tsx(197,15): error TS17004: Cannot use JSX unless the '--jsx' flag is provided.
frontend/src/components/features/chat/modern-chat-input.tsx(204,17): error TS17004: Cannot use JSX unless the '--jsx' flag is provided.
frontend/src/components/features/chat/modern-chat-input.tsx(205,17): error TS17004: Cannot use JSX unless the '--jsx' flag is provided.
frontend/src/components/features/chat/modern-chat-input.tsx(213,7): error TS17004: Cannot use JSX unless the '--jsx' flag is provided.
frontend/src/components/features/chat/modern-chat-input.tsx(223,9): error TS17004: Cannot use JSX unless the '--jsx' flag is provided.
frontend/src/components/features/chat/modern-chat-input.tsx(224,11): error TS17004: Cannot use JSX unless the '--jsx' flag is provided.
frontend/src/components/features/chat/modern-chat-input.tsx(227,9): error TS17004: Cannot use JSX unless the '--jsx' flag is provided.
frontend/src/components/features/chat/modern-chat-input.tsx(228,11): error TS17004: Cannot use JSX unless the '--jsx' flag is provided.
frontend/src/components/features/chat/modern-chat-input.tsx(230,13): error TS17004: Cannot use JSX unless the '--jsx' flag is provided.
frontend/src/components/features/chat/modern-chat-input.tsx(231,15): error TS17004: Cannot use JSX unless the '--jsx' flag is provided.
frontend/src/components/features/chat/modern-chat-input.tsx(237,17): error TS17004: Cannot use JSX unless the '--jsx' flag is provided.
frontend/src/components/features/chat/modern-chat-input.tsx(242,13): error TS17004: Cannot use JSX unless the '--jsx' flag is provided.
frontend/src/components/features/chat/modern-chat-input.tsx(243,15): error TS17004: Cannot use JSX unless the '--jsx' flag is provided.
frontend/src/components/features/chat/modern-chat-input.tsx(244,17): error TS17004: Cannot use JSX unless the '--jsx' flag is provided.
frontend/src/components/features/chat/modern-chat-input.tsx(282,19): error TS17004: Cannot use JSX unless the '--jsx' flag is provided.
frontend/src/components/features/chat/modern-chat-input.tsx(283,21): error TS17004: Cannot use JSX unless the '--jsx' flag is provided.
frontend/src/components/features/chat/modern-chat-input.tsx(284,21): error TS17004: Cannot use JSX unless the '--jsx' flag is provided.
frontend/src/components/features/chat/modern-chat-input.tsx(285,21): error TS17004: Cannot use JSX unless the '--jsx' flag is provided.
frontend/src/components/features/chat/modern-chat-input.tsx(293,15): error TS17004: Cannot use JSX unless the '--jsx' flag is provided.
frontend/src/components/features/chat/modern-chat-input.tsx(295,19): error TS17004: Cannot use JSX unless the '--jsx' flag is provided.
frontend/src/components/features/chat/modern-chat-input.tsx(310,23): error TS17004: Cannot use JSX unless the '--jsx' flag is provided.
frontend/src/components/features/chat/modern-chat-input.tsx(312,23): error TS17004: Cannot use JSX unless the '--jsx' flag is provided.
frontend/src/components/features/chat/modern-chat-input.tsx(317,19): error TS17004: Cannot use JSX unless the '--jsx' flag is provided.
frontend/src/components/features/chat/modern-chat-input.tsx(330,21): error TS17004: Cannot use JSX unless the '--jsx' flag is provided.
frontend/src/components/features/chat/modern-chat-input.tsx(339,13): error TS17004: Cannot use JSX unless the '--jsx' flag is provided.
frontend/src/components/features/chat/modern-chat-input.tsx(340,15): error TS17004: Cannot use JSX unless the '--jsx' flag is provided.
frontend/src/components/features/chat/modern-chat-input.tsx(341,17): error TS17004: Cannot use JSX unless the '--jsx' flag is provided.
frontend/src/components/features/chat/modern-chat-input.tsx(342,17): error TS17004: Cannot use JSX unless the '--jsx' flag is provided.
frontend/src/components/features/chat/modern-chat-interface.tsx(4,10): error TS2614: Module '"#/*"' has no exported member 'cn'. Did you mean to use 'import cn from "#/*"' instead?
frontend/src/components/features/chat/modern-chat-interface.tsx(5,10): error TS2614: Module '"#/*"' has no exported member 'Button'. Did you mean to use 'import Button from "#/*"' instead?
frontend/src/components/features/chat/modern-chat-interface.tsx(6,10): error TS2614: Module '"#/*"' has no exported member 'ScrollArea'. Did you mean to use 'import ScrollArea from "#/*"' instead?
frontend/src/components/features/chat/modern-chat-interface.tsx(7,33): error TS2835: Relative import paths need explicit file extensions in ECMAScript imports when '--moduleResolution' is 'node16' or 'nodenext'. Did you mean './modern-chat-input.js'?
frontend/src/components/features/chat/modern-chat-interface.tsx(8,35): error TS2835: Relative import paths need explicit file extensions in ECMAScript imports when '--moduleResolution' is 'node16' or 'nodenext'. Did you mean './modern-chat-message.js'?
frontend/src/components/features/chat/modern-chat-interface.tsx(89,5): error TS17004: Cannot use JSX unless the '--jsx' flag is provided.
frontend/src/components/features/chat/modern-chat-interface.tsx(97,9): error TS17004: Cannot use JSX unless the '--jsx' flag is provided.
frontend/src/components/features/chat/modern-chat-interface.tsx(99,11): error TS17004: Cannot use JSX unless the '--jsx' flag is provided.
frontend/src/components/features/chat/modern-chat-interface.tsx(102,11): error TS17004: Cannot use JSX unless the '--jsx' flag is provided.
frontend/src/components/features/chat/modern-chat-interface.tsx(103,13): error TS17004: Cannot use JSX unless the '--jsx' flag is provided.
frontend/src/components/features/chat/modern-chat-interface.tsx(104,15): error TS17004: Cannot use JSX unless the '--jsx' flag is provided.
frontend/src/components/features/chat/modern-chat-interface.tsx(105,17): error TS17004: Cannot use JSX unless the '--jsx' flag is provided.
frontend/src/components/features/chat/modern-chat-interface.tsx(106,19): error TS17004: Cannot use JSX unless the '--jsx' flag is provided.
frontend/src/components/features/chat/modern-chat-interface.tsx(107,21): error TS17004: Cannot use JSX unless the '--jsx' flag is provided.
frontend/src/components/features/chat/modern-chat-interface.tsx(109,19): error TS17004: Cannot use JSX unless the '--jsx' flag is provided.
frontend/src/components/features/chat/modern-chat-interface.tsx(110,21): error TS17004: Cannot use JSX unless the '--jsx' flag is provided.
frontend/src/components/features/chat/modern-chat-interface.tsx(113,21): error TS17004: Cannot use JSX unless the '--jsx' flag is provided.
frontend/src/components/features/chat/modern-chat-interface.tsx(117,17): error TS17004: Cannot use JSX unless the '--jsx' flag is provided.
frontend/src/components/features/chat/modern-chat-interface.tsx(118,19): error TS17004: Cannot use JSX unless the '--jsx' flag is provided.
frontend/src/components/features/chat/modern-chat-interface.tsx(124,21): error TS17004: Cannot use JSX unless the '--jsx' flag is provided.
frontend/src/components/features/chat/modern-chat-interface.tsx(126,19): error TS17004: Cannot use JSX unless the '--jsx' flag is provided.
frontend/src/components/features/chat/modern-chat-interface.tsx(132,21): error TS17004: Cannot use JSX unless the '--jsx' flag is provided.
frontend/src/components/features/chat/modern-chat-interface.tsx(134,19): error TS17004: Cannot use JSX unless the '--jsx' flag is provided.
frontend/src/components/features/chat/modern-chat-interface.tsx(140,21): error TS17004: Cannot use JSX unless the '--jsx' flag is provided.
frontend/src/components/features/chat/modern-chat-interface.tsx(142,19): error TS17004: Cannot use JSX unless the '--jsx' flag is provided.
frontend/src/components/features/chat/modern-chat-interface.tsx(147,21): error TS17004: Cannot use JSX unless the '--jsx' flag is provided.
frontend/src/components/features/chat/modern-chat-interface.tsx(157,7): error TS17004: Cannot use JSX unless the '--jsx' flag is provided.
frontend/src/components/features/chat/modern-chat-interface.tsx(159,9): error TS17004: Cannot use JSX unless the '--jsx' flag is provided.
frontend/src/components/features/chat/modern-chat-interface.tsx(160,11): error TS17004: Cannot use JSX unless the '--jsx' flag is provided.
frontend/src/components/features/chat/modern-chat-interface.tsx(161,11): error TS17004: Cannot use JSX unless the '--jsx' flag is provided.
frontend/src/components/features/chat/modern-chat-interface.tsx(164,9): error TS17004: Cannot use JSX unless the '--jsx' flag is provided.
frontend/src/components/features/chat/modern-chat-interface.tsx(165,11): error TS17004: Cannot use JSX unless the '--jsx' flag is provided.
frontend/src/components/features/chat/modern-chat-interface.tsx(167,15): error TS17004: Cannot use JSX unless the '--jsx' flag is provided.
frontend/src/components/features/chat/modern-chat-interface.tsx(168,17): error TS17004: Cannot use JSX unless the '--jsx' flag is provided.
frontend/src/components/features/chat/modern-chat-interface.tsx(169,19): error TS17004: Cannot use JSX unless the '--jsx' flag is provided.
frontend/src/components/features/chat/modern-chat-interface.tsx(171,17): error TS17004: Cannot use JSX unless the '--jsx' flag is provided.
frontend/src/components/features/chat/modern-chat-interface.tsx(174,17): error TS17004: Cannot use JSX unless the '--jsx' flag is provided.
frontend/src/components/features/chat/modern-chat-interface.tsx(181,17): error TS17004: Cannot use JSX unless the '--jsx' flag is provided.
frontend/src/components/features/chat/modern-chat-interface.tsx(197,15): error TS17004: Cannot use JSX unless the '--jsx' flag is provided.
frontend/src/components/features/chat/modern-chat-interface.tsx(206,13): error TS17004: Cannot use JSX unless the '--jsx' flag is provided.
frontend/src/components/features/chat/modern-chat-interface.tsx(212,7): error TS17004: Cannot use JSX unless the '--jsx' flag is provided.
frontend/src/components/features/chat/modern-chat-interface.tsx(214,9): error TS17004: Cannot use JSX unless the '--jsx' flag is provided.
frontend/src/components/features/chat/modern-chat-interface.tsx(217,9): error TS17004: Cannot use JSX unless the '--jsx' flag is provided.
frontend/src/components/features/chat/modern-chat-interface.tsx(218,11): error TS17004: Cannot use JSX unless the '--jsx' flag is provided.
frontend/src/components/features/chat/modern-chat-interface.tsx(219,13): error TS17004: Cannot use JSX unless the '--jsx' flag is provided.
frontend/src/components/features/chat/modern-chat-message.tsx(14,10): error TS2614: Module '"#/*"' has no exported member 'cn'. Did you mean to use 'import cn from "#/*"' instead?
frontend/src/components/features/chat/modern-chat-message.tsx(15,10): error TS2614: Module '"#/*"' has no exported member 'Card'. Did you mean to use 'import Card from "#/*"' instead?
frontend/src/components/features/chat/modern-chat-message.tsx(15,16): error TS2614: Module '"#/*"' has no exported member 'CardContent'. Did you mean to use 'import CardContent from "#/*"' instead?
frontend/src/components/features/chat/modern-chat-message.tsx(16,10): error TS2614: Module '"#/*"' has no exported member 'Avatar'. Did you mean to use 'import Avatar from "#/*"' instead?
frontend/src/components/features/chat/modern-chat-message.tsx(16,18): error TS2614: Module '"#/*"' has no exported member 'AvatarFallback'. Did you mean to use 'import AvatarFallback from "#/*"' instead?
frontend/src/components/features/chat/modern-chat-message.tsx(17,10): error TS2614: Module '"#/*"' has no exported member 'Button'. Did you mean to use 'import Button from "#/*"' instead?
frontend/src/components/features/chat/modern-chat-message.tsx(54,16): error TS17004: Cannot use JSX unless the '--jsx' flag is provided.
frontend/src/components/features/chat/modern-chat-message.tsx(56,16): error TS17004: Cannot use JSX unless the '--jsx' flag is provided.
frontend/src/components/features/chat/modern-chat-message.tsx(58,16): error TS17004: Cannot use JSX unless the '--jsx' flag is provided.
frontend/src/components/features/chat/modern-chat-message.tsx(60,16): error TS17004: Cannot use JSX unless the '--jsx' flag is provided.
frontend/src/components/features/chat/modern-chat-message.tsx(67,24): error TS17004: Cannot use JSX unless the '--jsx' flag is provided.
frontend/src/components/features/chat/modern-chat-message.tsx(68,29): error TS17004: Cannot use JSX unless the '--jsx' flag is provided.
frontend/src/components/features/chat/modern-chat-message.tsx(69,12): error TS17004: Cannot use JSX unless the '--jsx' flag is provided.
frontend/src/components/features/chat/modern-chat-message.tsx(94,7): error TS17004: Cannot use JSX unless the '--jsx' flag is provided.
frontend/src/components/features/chat/modern-chat-message.tsx(95,9): error TS17004: Cannot use JSX unless the '--jsx' flag is provided.
frontend/src/components/features/chat/modern-chat-message.tsx(96,11): error TS17004: Cannot use JSX unless the '--jsx' flag is provided.
frontend/src/components/features/chat/modern-chat-message.tsx(100,9): error TS17004: Cannot use JSX unless the '--jsx' flag is provided.
frontend/src/components/features/chat/modern-chat-message.tsx(101,11): error TS17004: Cannot use JSX unless the '--jsx' flag is provided.
frontend/src/components/features/chat/modern-chat-message.tsx(102,13): error TS17004: Cannot use JSX unless the '--jsx' flag is provided.
frontend/src/components/features/chat/modern-chat-message.tsx(103,15): error TS17004: Cannot use JSX unless the '--jsx' flag is provided.
frontend/src/components/features/chat/modern-chat-message.tsx(106,15): error TS17004: Cannot use JSX unless the '--jsx' flag is provided.
frontend/src/components/features/chat/modern-chat-message.tsx(107,17): error TS17004: Cannot use JSX unless the '--jsx' flag is provided.
frontend/src/components/features/chat/modern-chat-message.tsx(108,17): error TS17004: Cannot use JSX unless the '--jsx' flag is provided.
frontend/src/components/features/chat/modern-chat-message.tsx(109,17): error TS17004: Cannot use JSX unless the '--jsx' flag is provided.
frontend/src/components/features/chat/modern-chat-message.tsx(119,5): error TS17004: Cannot use JSX unless the '--jsx' flag is provided.
frontend/src/components/features/chat/modern-chat-message.tsx(121,7): error TS17004: Cannot use JSX unless the '--jsx' flag is provided.
frontend/src/components/features/chat/modern-chat-message.tsx(122,9): error TS17004: Cannot use JSX unless the '--jsx' flag is provided.
frontend/src/components/features/chat/modern-chat-message.tsx(128,7): error TS17004: Cannot use JSX unless the '--jsx' flag is provided.
frontend/src/components/features/chat/modern-chat-message.tsx(130,9): error TS17004: Cannot use JSX unless the '--jsx' flag is provided.
frontend/src/components/features/chat/modern-chat-message.tsx(131,11): error TS17004: Cannot use JSX unless the '--jsx' flag is provided.
frontend/src/components/features/chat/modern-chat-message.tsx(135,13): error TS17004: Cannot use JSX unless the '--jsx' flag is provided.
frontend/src/components/features/chat/modern-chat-message.tsx(136,15): error TS17004: Cannot use JSX unless the '--jsx' flag is provided.
frontend/src/components/features/chat/modern-chat-message.tsx(146,9): error TS17004: Cannot use JSX unless the '--jsx' flag is provided.
frontend/src/components/features/chat/modern-chat-message.tsx(160,11): error TS17004: Cannot use JSX unless the '--jsx' flag is provided.
frontend/src/components/features/chat/modern-chat-message.tsx(161,13): error TS17004: Cannot use JSX unless the '--jsx' flag is provided.
frontend/src/components/features/chat/modern-chat-message.tsx(174,11): error TS17004: Cannot use JSX unless the '--jsx' flag is provided.
frontend/src/components/features/chat/modern-chat-message.tsx(176,13): error TS17004: Cannot use JSX unless the '--jsx' flag is provided.
frontend/src/components/features/chat/modern-chat-message.tsx(177,15): error TS17004: Cannot use JSX unless the '--jsx' flag is provided.
frontend/src/components/features/chat/modern-chat-message.tsx(184,15): error TS17004: Cannot use JSX unless the '--jsx' flag is provided.
frontend/src/components/features/chat/modern-chat-message.tsx(185,17): error TS17004: Cannot use JSX unless the '--jsx' flag is provided.
frontend/src/components/features/chat/modern-chat-message.tsx(186,19): error TS17004: Cannot use JSX unless the '--jsx' flag is provided.
frontend/src/components/features/chat/modern-chat-message.tsx(192,21): error TS17004: Cannot use JSX unless the '--jsx' flag is provided.
frontend/src/components/features/chat/modern-chat-message.tsx(196,21): error TS17004: Cannot use JSX unless the '--jsx' flag is provided.
frontend/src/components/features/chat/modern-chat-message.tsx(197,23): error TS17004: Cannot use JSX unless the '--jsx' flag is provided.
frontend/src/components/features/chat/modern-chat-message.tsx(203,25): error TS17004: Cannot use JSX unless the '--jsx' flag is provided.
frontend/src/components/features/chat/modern-chat-message.tsx(205,23): error TS17004: Cannot use JSX unless the '--jsx' flag is provided.
frontend/src/components/features/chat/modern-chat-message.tsx(211,25): error TS17004: Cannot use JSX unless the '--jsx' flag is provided.
frontend/src/components/features/chat/modern-chat-message.tsx(216,19): error TS17004: Cannot use JSX unless the '--jsx' flag is provided.
frontend/src/components/features/chat/modern-chat-message.tsx(221,21): error TS17004: Cannot use JSX unless the '--jsx' flag is provided.
frontend/src/components/features/chat/mono-component.tsx(27,11): error TS17004: Cannot use JSX unless the '--jsx' flag is provided.
frontend/src/components/features/chat/mono-component.tsx(40,9): error TS17004: Cannot use JSX unless the '--jsx' flag is provided.
frontend/src/components/features/chat/mono-component.tsx(46,12): error TS17004: Cannot use JSX unless the '--jsx' flag is provided.
frontend/src/components/features/chat/mono-component.tsx(50,12): error TS17004: Cannot use JSX unless the '--jsx' flag is provided.
frontend/src/components/features/chat/mono-component.tsx(53,10): error TS17004: Cannot use JSX unless the '--jsx' flag is provided.
frontend/src/components/features/chat/path-component.tsx(69,9): error TS17004: Cannot use JSX unless the '--jsx' flag is provided.
frontend/src/components/features/chat/path-component.tsx(77,9): error TS17004: Cannot use JSX unless the '--jsx' flag is provided.
frontend/src/components/features/chat/path-component.tsx(100,9): error TS17004: Cannot use JSX unless the '--jsx' flag is provided.
frontend/src/components/features/chat/path-component.tsx(106,12): error TS17004: Cannot use JSX unless the '--jsx' flag is provided.
frontend/src/components/features/chat/path-component.tsx(110,12): error TS17004: Cannot use JSX unless the '--jsx' flag is provided.
frontend/src/components/features/chat/path-component.tsx(113,10): error TS17004: Cannot use JSX unless the '--jsx' flag is provided.
frontend/src/components/features/chat/smart-suggestions.tsx(19,10): error TS2614: Module '"#/*"' has no exported member 'Button'. Did you mean to use 'import Button from "#/*"' instead?
frontend/src/components/features/chat/smart-suggestions.tsx(20,10): error TS2614: Module '"#/*"' has no exported member 'Card'. Did you mean to use 'import Card from "#/*"' instead?
frontend/src/components/features/chat/smart-suggestions.tsx(21,10): error TS2614: Module '"#/*"' has no exported member 'cn'. Did you mean to use 'import cn from "#/*"' instead?
frontend/src/components/features/chat/smart-suggestions.tsx(22,10): error TS2614: Module '"#/*"' has no exported member 'OpenHandsEvent'. Did you mean to use 'import OpenHandsEvent from "#/*"' instead?
frontend/src/components/features/chat/smart-suggestions.tsx(23,10): error TS2614: Module '"#/*"' has no exported member 'isOpenHandsAction'. Did you mean to use 'import isOpenHandsAction from "#/*"' instead?
frontend/src/components/features/chat/smart-suggestions.tsx(48,11): error TS17004: Cannot use JSX unless the '--jsx' flag is provided.
frontend/src/components/features/chat/smart-suggestions.tsx(55,11): error TS17004: Cannot use JSX unless the '--jsx' flag is provided.
frontend/src/components/features/chat/smart-suggestions.tsx(62,11): error TS17004: Cannot use JSX unless the '--jsx' flag is provided.
frontend/src/components/features/chat/smart-suggestions.tsx(69,11): error TS17004: Cannot use JSX unless the '--jsx' flag is provided.
frontend/src/components/features/chat/smart-suggestions.tsx(79,11): error TS17004: Cannot use JSX unless the '--jsx' flag is provided.
frontend/src/components/features/chat/smart-suggestions.tsx(86,11): error TS17004: Cannot use JSX unless the '--jsx' flag is provided.
frontend/src/components/features/chat/smart-suggestions.tsx(93,11): error TS17004: Cannot use JSX unless the '--jsx' flag is provided.
frontend/src/components/features/chat/smart-suggestions.tsx(103,11): error TS17004: Cannot use JSX unless the '--jsx' flag is provided.
frontend/src/components/features/chat/smart-suggestions.tsx(110,11): error TS17004: Cannot use JSX unless the '--jsx' flag is provided.
frontend/src/components/features/chat/smart-suggestions.tsx(117,11): error TS17004: Cannot use JSX unless the '--jsx' flag is provided.
frontend/src/components/features/chat/smart-suggestions.tsx(127,11): error TS17004: Cannot use JSX unless the '--jsx' flag is provided.
frontend/src/components/features/chat/smart-suggestions.tsx(134,11): error TS17004: Cannot use JSX unless the '--jsx' flag is provided.
frontend/src/components/features/chat/smart-suggestions.tsx(141,11): error TS17004: Cannot use JSX unless the '--jsx' flag is provided.
frontend/src/components/features/chat/smart-suggestions.tsx(148,11): error TS17004: Cannot use JSX unless the '--jsx' flag is provided.
frontend/src/components/features/chat/smart-suggestions.tsx(169,15): error TS17004: Cannot use JSX unless the '--jsx' flag is provided.
frontend/src/components/features/chat/smart-suggestions.tsx(176,15): error TS17004: Cannot use JSX unless the '--jsx' flag is provided.
frontend/src/components/features/chat/smart-suggestions.tsx(183,15): error TS17004: Cannot use JSX unless the '--jsx' flag is provided.
frontend/src/components/features/chat/smart-suggestions.tsx(196,15): error TS17004: Cannot use JSX unless the '--jsx' flag is provided.
frontend/src/components/features/chat/smart-suggestions.tsx(203,15): error TS17004: Cannot use JSX unless the '--jsx' flag is provided.
frontend/src/components/features/chat/smart-suggestions.tsx(210,15): error TS17004: Cannot use JSX unless the '--jsx' flag is provided.
frontend/src/components/features/chat/smart-suggestions.tsx(224,15): error TS17004: Cannot use JSX unless the '--jsx' flag is provided.
frontend/src/components/features/chat/smart-suggestions.tsx(231,15): error TS17004: Cannot use JSX unless the '--jsx' flag is provided.
frontend/src/components/features/chat/smart-suggestions.tsx(238,15): error TS17004: Cannot use JSX unless the '--jsx' flag is provided.
frontend/src/components/features/chat/smart-suggestions.tsx(251,15): error TS17004: Cannot use JSX unless the '--jsx' flag is provided.
frontend/src/components/features/chat/smart-suggestions.tsx(258,15): error TS17004: Cannot use JSX unless the '--jsx' flag is provided.
frontend/src/components/features/chat/smart-suggestions.tsx(265,15): error TS17004: Cannot use JSX unless the '--jsx' flag is provided.
frontend/src/components/features/chat/smart-suggestions.tsx(313,5): error TS17004: Cannot use JSX unless the '--jsx' flag is provided.
frontend/src/components/features/chat/smart-suggestions.tsx(319,7): error TS17004: Cannot use JSX unless the '--jsx' flag is provided.
frontend/src/components/features/chat/smart-suggestions.tsx(320,9): error TS17004: Cannot use JSX unless the '--jsx' flag is provided.
frontend/src/components/features/chat/smart-suggestions.tsx(321,11): error TS17004: Cannot use JSX unless the '--jsx' flag is provided.
frontend/src/components/features/chat/smart-suggestions.tsx(322,11): error TS17004: Cannot use JSX unless the '--jsx' flag is provided.
frontend/src/components/features/chat/smart-suggestions.tsx(324,9): error TS17004: Cannot use JSX unless the '--jsx' flag is provided.
frontend/src/components/features/chat/smart-suggestions.tsx(334,7): error TS17004: Cannot use JSX unless the '--jsx' flag is provided.
frontend/src/components/features/chat/smart-suggestions.tsx(336,11): error TS17004: Cannot use JSX unless the '--jsx' flag is provided.
frontend/src/components/features/chat/smart-suggestions.tsx(352,13): error TS17004: Cannot use JSX unless the '--jsx' flag is provided.
frontend/src/components/features/chat/smart-suggestions.tsx(353,15): error TS17004: Cannot use JSX unless the '--jsx' flag is provided.
frontend/src/components/features/chat/smart-suggestions.tsx(356,15): error TS17004: Cannot use JSX unless the '--jsx' flag is provided.
frontend/src/components/features/chat/status-indicator.tsx(3,10): error TS2614: Module '"#/*"' has no exported member 'cn'. Did you mean to use 'import cn from "#/*"' instead?
frontend/src/components/features/chat/status-indicator.tsx(13,11): error TS17004: Cannot use JSX unless the '--jsx' flag is provided.
frontend/src/components/features/chat/status-indicator.tsx(18,11): error TS17004: Cannot use JSX unless the '--jsx' flag is provided.
frontend/src/components/features/chat/status-indicator.tsx(23,11): error TS17004: Cannot use JSX unless the '--jsx' flag is provided.
frontend/src/components/features/chat/status-indicator.tsx(28,11): error TS17004: Cannot use JSX unless the '--jsx' flag is provided.
frontend/src/components/features/chat/status-indicator.tsx(33,11): error TS17004: Cannot use JSX unless the '--jsx' flag is provided.
frontend/src/components/features/chat/status-indicator.tsx(38,11): error TS17004: Cannot use JSX unless the '--jsx' flag is provided.
frontend/src/components/features/chat/status-indicator.tsx(43,11): error TS17004: Cannot use JSX unless the '--jsx' flag is provided.
frontend/src/components/features/chat/status-indicator.tsx(48,11): error TS17004: Cannot use JSX unless the '--jsx' flag is provided.
frontend/src/components/features/chat/status-indicator.tsx(53,11): error TS17004: Cannot use JSX unless the '--jsx' flag is provided.
frontend/src/components/features/chat/status-indicator.tsx(71,5): error TS17004: Cannot use JSX unless the '--jsx' flag is provided.
frontend/src/components/features/chat/status-indicator.tsx(77,7): error TS17004: Cannot use JSX unless the '--jsx' flag is provided.
frontend/src/components/features/chat/status-indicator.tsx(80,7): error TS17004: Cannot use JSX unless the '--jsx' flag is provided.
frontend/src/components/features/chat/streaming-chat-message.tsx(6,31): error TS2835: Relative import paths need explicit file extensions in ECMAScript imports when '--moduleResolution' is 'node16' or 'nodenext'. Did you mean '../markdown/streaming-code.js'?
frontend/src/components/features/chat/streaming-chat-message.tsx(7,10): error TS2614: Module '"#/*"' has no exported member 'cn'. Did you mean to use 'import cn from "#/*"' instead?
frontend/src/components/features/chat/streaming-chat-message.tsx(8,24): error TS2835: Relative import paths need explicit file extensions in ECMAScript imports when '--moduleResolution' is 'node16' or 'nodenext'. Did you mean '../markdown/list.js'?
frontend/src/components/features/chat/streaming-chat-message.tsx(9,10): error TS2614: Module '"#/*"' has no exported member 'CopyToClipboardButton'. Did you mean to use 'import CopyToClipboardButton from "#/*"' instead?
frontend/src/components/features/chat/streaming-chat-message.tsx(10,24): error TS2835: Relative import paths need explicit file extensions in ECMAScript imports when '--moduleResolution' is 'node16' or 'nodenext'. Did you mean '../markdown/anchor.js'?
frontend/src/components/features/chat/streaming-chat-message.tsx(11,10): error TS2614: Module '"#/*"' has no exported member 'OpenHandsSourceType'. Did you mean to use 'import OpenHandsSourceType from "#/*"' instead?
frontend/src/components/features/chat/streaming-chat-message.tsx(12,27): error TS2835: Relative import paths need explicit file extensions in ECMAScript imports when '--moduleResolution' is 'node16' or 'nodenext'. Did you mean '../markdown/paragraph.js'?
frontend/src/components/features/chat/streaming-chat-message.tsx(13,10): error TS2614: Module '"#/*"' has no exported member 'TooltipButton'. Did you mean to use 'import TooltipButton from "#/*"' instead?
frontend/src/components/features/chat/streaming-chat-message.tsx(124,9): error TS17004: Cannot use JSX unless the '--jsx' flag is provided.
frontend/src/components/features/chat/streaming-chat-message.tsx(125,11): error TS17004: Cannot use JSX unless the '--jsx' flag is provided.
frontend/src/components/features/chat/streaming-chat-message.tsx(135,7): error TS17004: Cannot use JSX unless the '--jsx' flag is provided.
frontend/src/components/features/chat/streaming-chat-message.tsx(136,9): error TS17004: Cannot use JSX unless the '--jsx' flag is provided.
frontend/src/components/features/chat/streaming-chat-message.tsx(146,5): error TS17004: Cannot use JSX unless the '--jsx' flag is provided.
frontend/src/components/features/chat/streaming-chat-message.tsx(160,7): error TS17004: Cannot use JSX unless the '--jsx' flag is provided.
frontend/src/components/features/chat/streaming-chat-message.tsx(161,9): error TS17004: Cannot use JSX unless the '--jsx' flag is provided.
frontend/src/components/features/chat/streaming-chat-message.tsx(162,11): error TS17004: Cannot use JSX unless the '--jsx' flag is provided.
frontend/src/components/features/chat/streaming-chat-message.tsx(163,13): error TS17004: Cannot use JSX unless the '--jsx' flag is provided.
frontend/src/components/features/chat/streaming-chat-message.tsx(167,15): error TS17004: Cannot use JSX unless the '--jsx' flag is provided.
frontend/src/components/features/chat/streaming-chat-message.tsx(168,17): error TS17004: Cannot use JSX unless the '--jsx' flag is provided.
frontend/src/components/features/chat/streaming-chat-message.tsx(169,17): error TS17004: Cannot use JSX unless the '--jsx' flag is provided.
frontend/src/components/features/chat/streaming-chat-message.tsx(170,17): error TS17004: Cannot use JSX unless the '--jsx' flag is provided.
frontend/src/components/features/chat/streaming-chat-message.tsx(175,11): error TS17004: Cannot use JSX unless the '--jsx' flag is provided.
frontend/src/components/features/chat/streaming-chat-message.tsx(178,15): error TS17004: Cannot use JSX unless the '--jsx' flag is provided.
frontend/src/components/features/chat/streaming-chat-message.tsx(182,21): error TS17004: Cannot use JSX unless the '--jsx' flag is provided.
frontend/src/components/features/chat/streaming-chat-message.tsx(191,21): error TS17004: Cannot use JSX unless the '--jsx' flag is provided.
frontend/src/components/features/chat/streaming-chat-message.tsx(206,13): error TS17004: Cannot use JSX unless the '--jsx' flag is provided.
frontend/src/components/features/chat/streaming-chat-message.tsx(215,9): error TS17004: Cannot use JSX unless the '--jsx' flag is provided.
frontend/src/components/features/chat/streaming-chat-message.tsx(226,11): error TS17004: Cannot use JSX unless the '--jsx' flag is provided.
frontend/src/components/features/chat/streaming-chat-message.tsx(254,13): error TS17004: Cannot use JSX unless the '--jsx' flag is provided.
frontend/src/components/features/chat/streaming-chat-message.tsx(260,11): error TS17004: Cannot use JSX unless the '--jsx' flag is provided.
frontend/src/components/features/chat/streaming-chat-message.tsx(262,15): error TS17004: Cannot use JSX unless the '--jsx' flag is provided.
frontend/src/components/features/chat/streaming-chat-message.tsx(272,17): error TS17004: Cannot use JSX unless the '--jsx' flag is provided.
frontend/src/components/features/chat/streaming-chat-message.tsx(273,17): error TS17004: Cannot use JSX unless the '--jsx' flag is provided.
frontend/src/components/features/chat/streaming-chat-message.tsx(280,22): error TS17004: Cannot use JSX unless the '--jsx' flag is provided.
frontend/src/components/features/chat/streaming-code-artifact.tsx(3,10): error TS2614: Module '"#/*"' has no exported member 'Card'. Did you mean to use 'import Card from "#/*"' instead?
frontend/src/components/features/chat/streaming-code-artifact.tsx(3,16): error TS2614: Module '"#/*"' has no exported member 'CardContent'. Did you mean to use 'import CardContent from "#/*"' instead?
frontend/src/components/features/chat/streaming-code-artifact.tsx(3,29): error TS2614: Module '"#/*"' has no exported member 'CardHeader'. Did you mean to use 'import CardHeader from "#/*"' instead?
frontend/src/components/features/chat/streaming-code-artifact.tsx(4,10): error TS2614: Module '"#/*"' has no exported member 'Button'. Did you mean to use 'import Button from "#/*"' instead?
frontend/src/components/features/chat/streaming-code-artifact.tsx(5,10): error TS2614: Module '"#/*"' has no exported member 'Badge'. Did you mean to use 'import Badge from "#/*"' instead?
frontend/src/components/features/chat/streaming-code-artifact.tsx(6,10): error TS2614: Module '"#/*"' has no exported member 'cn'. Did you mean to use 'import cn from "#/*"' instead?
frontend/src/components/features/chat/streaming-code-artifact.tsx(7,10): error TS2614: Module '"#/*"' has no exported member 'LazyMonaco'. Did you mean to use 'import LazyMonaco from "#/*"' instead?
frontend/src/components/features/chat/streaming-code-artifact.tsx(104,5): error TS17004: Cannot use JSX unless the '--jsx' flag is provided.
frontend/src/components/features/chat/streaming-code-artifact.tsx(115,7): error TS17004: Cannot use JSX unless the '--jsx' flag is provided.
frontend/src/components/features/chat/streaming-code-artifact.tsx(116,9): error TS17004: Cannot use JSX unless the '--jsx' flag is provided.
frontend/src/components/features/chat/streaming-code-artifact.tsx(118,11): error TS17004: Cannot use JSX unless the '--jsx' flag is provided.
frontend/src/components/features/chat/streaming-code-artifact.tsx(119,13): error TS17004: Cannot use JSX unless the '--jsx' flag is provided.
frontend/src/components/features/chat/streaming-code-artifact.tsx(123,13): error TS17004: Cannot use JSX unless the '--jsx' flag is provided.
frontend/src/components/features/chat/streaming-code-artifact.tsx(124,15): error TS17004: Cannot use JSX unless the '--jsx' flag is provided.
frontend/src/components/features/chat/streaming-code-artifact.tsx(127,15): error TS17004: Cannot use JSX unless the '--jsx' flag is provided.
frontend/src/components/features/chat/streaming-code-artifact.tsx(134,13): error TS17004: Cannot use JSX unless the '--jsx' flag is provided.
frontend/src/components/features/chat/streaming-code-artifact.tsx(147,11): error TS17004: Cannot use JSX unless the '--jsx' flag is provided.
frontend/src/components/features/chat/streaming-code-artifact.tsx(150,15): error TS17004: Cannot use JSX unless the '--jsx' flag is provided.
frontend/src/components/features/chat/streaming-code-artifact.tsx(158,19): error TS17004: Cannot use JSX unless the '--jsx' flag is provided.
frontend/src/components/features/chat/streaming-code-artifact.tsx(159,21): error TS17004: Cannot use JSX unless the '--jsx' flag is provided.
frontend/src/components/features/chat/streaming-code-artifact.tsx(163,19): error TS17004: Cannot use JSX unless the '--jsx' flag is provided.
frontend/src/components/features/chat/streaming-code-artifact.tsx(164,21): error TS17004: Cannot use JSX unless the '--jsx' flag is provided.
frontend/src/components/features/chat/streaming-code-artifact.tsx(172,13): error TS17004: Cannot use JSX unless the '--jsx' flag is provided.
frontend/src/components/features/chat/streaming-code-artifact.tsx(180,17): error TS17004: Cannot use JSX unless the '--jsx' flag is provided.
frontend/src/components/features/chat/streaming-code-artifact.tsx(181,19): error TS17004: Cannot use JSX unless the '--jsx' flag is provided.
frontend/src/components/features/chat/streaming-code-artifact.tsx(182,19): error TS17004: Cannot use JSX unless the '--jsx' flag is provided.
frontend/src/components/features/chat/streaming-code-artifact.tsx(185,17): error TS17004: Cannot use JSX unless the '--jsx' flag is provided.
frontend/src/components/features/chat/streaming-code-artifact.tsx(186,19): error TS17004: Cannot use JSX unless the '--jsx' flag is provided.
frontend/src/components/features/chat/streaming-code-artifact.tsx(194,15): error TS17004: Cannot use JSX unless the '--jsx' flag is provided.
frontend/src/components/features/chat/streaming-code-artifact.tsx(201,17): error TS17004: Cannot use JSX unless the '--jsx' flag is provided.
frontend/src/components/features/chat/streaming-code-artifact.tsx(210,11): error TS17004: Cannot use JSX unless the '--jsx' flag is provided.
frontend/src/components/features/chat/streaming-code-artifact.tsx(211,13): error TS17004: Cannot use JSX unless the '--jsx' flag is provided.
frontend/src/components/features/chat/streaming-code-artifact.tsx(212,15): error TS17004: Cannot use JSX unless the '--jsx' flag is provided.
frontend/src/components/features/chat/streaming-code-artifact.tsx(217,13): error TS17004: Cannot use JSX unless the '--jsx' flag is provided.
frontend/src/components/features/chat/streaming-code-artifact.tsx(226,9): error TS17004: Cannot use JSX unless the '--jsx' flag is provided.
frontend/src/components/features/chat/streaming-code-artifact.tsx(227,11): error TS17004: Cannot use JSX unless the '--jsx' flag is provided.
frontend/src/components/features/chat/streaming-code-artifact.tsx(228,13): error TS17004: Cannot use JSX unless the '--jsx' flag is provided.
frontend/src/components/features/chat/streaming-code-artifact.tsx(253,15): error TS17004: Cannot use JSX unless the '--jsx' flag is provided.
frontend/src/components/features/chat/streaming-code-artifact.tsx(254,17): error TS17004: Cannot use JSX unless the '--jsx' flag is provided.
frontend/src/components/features/chat/streaming-code-artifact.tsx(263,9): error TS17004: Cannot use JSX unless the '--jsx' flag is provided.
frontend/src/components/features/chat/streaming-code-artifact.tsx(264,11): error TS17004: Cannot use JSX unless the '--jsx' flag is provided.
frontend/src/components/features/chat/streaming-controls.tsx(3,10): error TS2614: Module '"#/*"' has no exported member 'Button'. Did you mean to use 'import Button from "#/*"' instead?
frontend/src/components/features/chat/streaming-controls.tsx(4,10): error TS2614: Module '"#/*"' has no exported member 'Card'. Did you mean to use 'import Card from "#/*"' instead?
frontend/src/components/features/chat/streaming-controls.tsx(4,16): error TS2614: Module '"#/*"' has no exported member 'CardContent'. Did you mean to use 'import CardContent from "#/*"' instead?
frontend/src/components/features/chat/streaming-controls.tsx(4,29): error TS2614: Module '"#/*"' has no exported member 'CardHeader'. Did you mean to use 'import CardHeader from "#/*"' instead?
frontend/src/components/features/chat/streaming-controls.tsx(4,41): error TS2614: Module '"#/*"' has no exported member 'CardTitle'. Did you mean to use 'import CardTitle from "#/*"' instead?
frontend/src/components/features/chat/streaming-controls.tsx(5,10): error TS2614: Module '"#/*"' has no exported member 'Slider'. Did you mean to use 'import Slider from "#/*"' instead?
frontend/src/components/features/chat/streaming-controls.tsx(6,10): error TS2614: Module '"#/*"' has no exported member 'Switch'. Did you mean to use 'import Switch from "#/*"' instead?
frontend/src/components/features/chat/streaming-controls.tsx(7,10): error TS2614: Module '"#/*"' has no exported member 'cn'. Did you mean to use 'import cn from "#/*"' instead?
frontend/src/components/features/chat/streaming-controls.tsx(55,5): error TS17004: Cannot use JSX unless the '--jsx' flag is provided.
frontend/src/components/features/chat/streaming-controls.tsx(56,7): error TS17004: Cannot use JSX unless the '--jsx' flag is provided.
frontend/src/components/features/chat/streaming-controls.tsx(57,9): error TS17004: Cannot use JSX unless the '--jsx' flag is provided.
frontend/src/components/features/chat/streaming-controls.tsx(58,11): error TS17004: Cannot use JSX unless the '--jsx' flag is provided.
frontend/src/components/features/chat/streaming-controls.tsx(59,13): error TS17004: Cannot use JSX unless the '--jsx' flag is provided.
frontend/src/components/features/chat/streaming-controls.tsx(62,11): error TS17004: Cannot use JSX unless the '--jsx' flag is provided.
frontend/src/components/features/chat/streaming-controls.tsx(68,13): error TS17004: Cannot use JSX unless the '--jsx' flag is provided.
frontend/src/components/features/chat/streaming-controls.tsx(73,7): error TS17004: Cannot use JSX unless the '--jsx' flag is provided.
frontend/src/components/features/chat/streaming-controls.tsx(75,9): error TS17004: Cannot use JSX unless the '--jsx' flag is provided.
frontend/src/components/features/chat/streaming-controls.tsx(76,11): error TS17004: Cannot use JSX unless the '--jsx' flag is provided.
frontend/src/components/features/chat/streaming-controls.tsx(77,13): error TS17004: Cannot use JSX unless the '--jsx' flag is provided.
frontend/src/components/features/chat/streaming-controls.tsx(78,13): error TS17004: Cannot use JSX unless the '--jsx' flag is provided.
frontend/src/components/features/chat/streaming-controls.tsx(80,11): error TS17004: Cannot use JSX unless the '--jsx' flag is provided.
frontend/src/components/features/chat/streaming-controls.tsx(88,11): error TS17004: Cannot use JSX unless the '--jsx' flag is provided.
frontend/src/components/features/chat/streaming-controls.tsx(89,13): error TS17004: Cannot use JSX unless the '--jsx' flag is provided.
frontend/src/components/features/chat/streaming-controls.tsx(96,15): error TS17004: Cannot use JSX unless the '--jsx' flag is provided.
frontend/src/components/features/chat/streaming-controls.tsx(99,13): error TS17004: Cannot use JSX unless the '--jsx' flag is provided.
frontend/src/components/features/chat/streaming-controls.tsx(106,15): error TS17004: Cannot use JSX unless the '--jsx' flag is provided.
frontend/src/components/features/chat/streaming-controls.tsx(109,13): error TS17004: Cannot use JSX unless the '--jsx' flag is provided.
frontend/src/components/features/chat/streaming-controls.tsx(115,15): error TS17004: Cannot use JSX unless the '--jsx' flag is provided.
frontend/src/components/features/chat/streaming-controls.tsx(123,11): error TS17004: Cannot use JSX unless the '--jsx' flag is provided.
frontend/src/components/features/chat/streaming-controls.tsx(125,13): error TS17004: Cannot use JSX unless the '--jsx' flag is provided.
frontend/src/components/features/chat/streaming-controls.tsx(126,15): error TS17004: Cannot use JSX unless the '--jsx' flag is provided.
frontend/src/components/features/chat/streaming-controls.tsx(127,17): error TS17004: Cannot use JSX unless the '--jsx' flag is provided.
frontend/src/components/features/chat/streaming-controls.tsx(128,19): error TS17004: Cannot use JSX unless the '--jsx' flag is provided.
frontend/src/components/features/chat/streaming-controls.tsx(129,19): error TS17004: Cannot use JSX unless the '--jsx' flag is provided.
frontend/src/components/features/chat/streaming-controls.tsx(131,17): error TS17004: Cannot use JSX unless the '--jsx' flag is provided.
frontend/src/components/features/chat/streaming-controls.tsx(136,15): error TS17004: Cannot use JSX unless the '--jsx' flag is provided.
frontend/src/components/features/chat/streaming-controls.tsx(144,15): error TS17004: Cannot use JSX unless the '--jsx' flag is provided.
frontend/src/components/features/chat/streaming-controls.tsx(145,17): error TS17004: Cannot use JSX unless the '--jsx' flag is provided.
frontend/src/components/features/chat/streaming-controls.tsx(146,17): error TS17004: Cannot use JSX unless the '--jsx' flag is provided.
frontend/src/components/features/chat/streaming-controls.tsx(151,13): error TS17004: Cannot use JSX unless the '--jsx' flag is provided.
frontend/src/components/features/chat/streaming-controls.tsx(152,15): error TS17004: Cannot use JSX unless the '--jsx' flag is provided.
frontend/src/components/features/chat/streaming-controls.tsx(153,17): error TS17004: Cannot use JSX unless the '--jsx' flag is provided.
frontend/src/components/features/chat/streaming-controls.tsx(154,19): error TS17004: Cannot use JSX unless the '--jsx' flag is provided.
frontend/src/components/features/chat/streaming-controls.tsx(155,19): error TS17004: Cannot use JSX unless the '--jsx' flag is provided.
frontend/src/components/features/chat/streaming-controls.tsx(157,17): error TS17004: Cannot use JSX unless the '--jsx' flag is provided.
frontend/src/components/features/chat/streaming-controls.tsx(161,15): error TS17004: Cannot use JSX unless the '--jsx' flag is provided.
frontend/src/components/features/chat/streaming-controls.tsx(169,15): error TS17004: Cannot use JSX unless the '--jsx' flag is provided.
frontend/src/components/features/chat/streaming-controls.tsx(170,17): error TS17004: Cannot use JSX unless the '--jsx' flag is provided.
frontend/src/components/features/chat/streaming-controls.tsx(171,17): error TS17004: Cannot use JSX unless the '--jsx' flag is provided.
frontend/src/components/features/chat/streaming-controls.tsx(176,13): error TS17004: Cannot use JSX unless the '--jsx' flag is provided.
frontend/src/components/features/chat/streaming-controls.tsx(177,15): error TS17004: Cannot use JSX unless the '--jsx' flag is provided.
frontend/src/components/features/chat/streaming-controls.tsx(178,15): error TS17004: Cannot use JSX unless the '--jsx' flag is provided.
frontend/src/components/features/chat/streaming-controls.tsx(179,17): error TS17004: Cannot use JSX unless the '--jsx' flag is provided.
frontend/src/components/features/chat/streaming-controls.tsx(180,17): error TS17004: Cannot use JSX unless the '--jsx' flag is provided.
frontend/src/components/features/chat/streaming-controls.tsx(206,5): error TS17004: Cannot use JSX unless the '--jsx' flag is provided.
frontend/src/components/features/chat/streaming-controls.tsx(212,7): error TS17004: Cannot use JSX unless the '--jsx' flag is provided.
frontend/src/components/features/chat/streaming-controls.tsx(213,9): error TS17004: Cannot use JSX unless the '--jsx' flag is provided.
frontend/src/components/features/chat/streaming-controls.tsx(214,9): error TS17004: Cannot use JSX unless the '--jsx' flag is provided.
frontend/src/components/features/chat/streaming-controls.tsx(218,9): error TS17004: Cannot use JSX unless the '--jsx' flag is provided.
frontend/src/components/features/chat/streaming-controls.tsx(219,11): error TS17004: Cannot use JSX unless the '--jsx' flag is provided.
frontend/src/components/features/chat/streaming-controls.tsx(220,13): error TS17004: Cannot use JSX unless the '--jsx' flag is provided.
frontend/src/components/features/chat/streaming-controls.tsx(228,7): error TS17004: Cannot use JSX unless the '--jsx' flag is provided.
frontend/src/components/features/chat/streaming-demo.tsx(3,10): error TS2614: Module '"#/*"' has no exported member 'Button'. Did you mean to use 'import Button from "#/*"' instead?
frontend/src/components/features/chat/streaming-demo.tsx(4,10): error TS2614: Module '"#/*"' has no exported member 'Card'. Did you mean to use 'import Card from "#/*"' instead?
frontend/src/components/features/chat/streaming-demo.tsx(4,16): error TS2614: Module '"#/*"' has no exported member 'CardContent'. Did you mean to use 'import CardContent from "#/*"' instead?
frontend/src/components/features/chat/streaming-demo.tsx(4,29): error TS2614: Module '"#/*"' has no exported member 'CardHeader'. Did you mean to use 'import CardHeader from "#/*"' instead?
frontend/src/components/features/chat/streaming-demo.tsx(4,41): error TS2614: Module '"#/*"' has no exported member 'CardTitle'. Did you mean to use 'import CardTitle from "#/*"' instead?
frontend/src/components/features/chat/streaming-demo.tsx(5,38): error TS2835: Relative import paths need explicit file extensions in ECMAScript imports when '--moduleResolution' is 'node16' or 'nodenext'. Did you mean './streaming-chat-message.js'?
frontend/src/components/features/chat/streaming-demo.tsx(6,35): error TS2835: Relative import paths need explicit file extensions in ECMAScript imports when '--moduleResolution' is 'node16' or 'nodenext'. Did you mean './streaming-controls.js'?
frontend/src/components/features/chat/streaming-demo.tsx(7,51): error TS2835: Relative import paths need explicit file extensions in ECMAScript imports when '--moduleResolution' is 'node16' or 'nodenext'. Did you mean './streaming-transition.js'?
frontend/src/components/features/chat/streaming-demo.tsx(8,10): error TS2614: Module '"#/*"' has no exported member 'useStreaming'. Did you mean to use 'import useStreaming from "#/*"' instead?
frontend/src/components/features/chat/streaming-demo.tsx(55,5): error TS17004: Cannot use JSX unless the '--jsx' flag is provided.
frontend/src/components/features/chat/streaming-demo.tsx(56,7): error TS17004: Cannot use JSX unless the '--jsx' flag is provided.
frontend/src/components/features/chat/streaming-demo.tsx(57,9): error TS17004: Cannot use JSX unless the '--jsx' flag is provided.
frontend/src/components/features/chat/streaming-demo.tsx(58,11): error TS17004: Cannot use JSX unless the '--jsx' flag is provided.
frontend/src/components/features/chat/streaming-demo.tsx(59,13): error TS17004: Cannot use JSX unless the '--jsx' flag is provided.
frontend/src/components/features/chat/streaming-demo.tsx(60,15): error TS17004: Cannot use JSX unless the '--jsx' flag is provided.
frontend/src/components/features/chat/streaming-demo.tsx(63,13): error TS17004: Cannot use JSX unless the '--jsx' flag is provided.
frontend/src/components/features/chat/streaming-demo.tsx(68,11): error TS17004: Cannot use JSX unless the '--jsx' flag is provided.
frontend/src/components/features/chat/streaming-demo.tsx(70,13): error TS17004: Cannot use JSX unless the '--jsx' flag is provided.
frontend/src/components/features/chat/streaming-demo.tsx(83,13): error TS17004: Cannot use JSX unless the '--jsx' flag is provided.
frontend/src/components/features/chat/streaming-demo.tsx(84,15): error TS17004: Cannot use JSX unless the '--jsx' flag is provided.
frontend/src/components/features/chat/streaming-demo.tsx(89,17): error TS17004: Cannot use JSX unless the '--jsx' flag is provided.
frontend/src/components/features/chat/streaming-demo.tsx(92,15): error TS17004: Cannot use JSX unless the '--jsx' flag is provided.
frontend/src/components/features/chat/streaming-demo.tsx(103,15): error TS17004: Cannot use JSX unless the '--jsx' flag is provided.
frontend/src/components/features/chat/streaming-demo.tsx(105,17): error TS17004: Cannot use JSX unless the '--jsx' flag is provided.
frontend/src/components/features/chat/streaming-demo.tsx(112,17): error TS17004: Cannot use JSX unless the '--jsx' flag is provided.
frontend/src/components/features/chat/streaming-demo.tsx(118,36): error TS7006: Parameter 'code' implicitly has an 'any' type.
frontend/src/components/features/chat/streaming-demo.tsx(119,31): error TS7006: Parameter 'code' implicitly has an 'any' type.
frontend/src/components/features/chat/streaming-demo.tsx(119,37): error TS7006: Parameter 'language' implicitly has an 'any' type.
frontend/src/components/features/chat/streaming-demo.tsx(125,21): error TS17004: Cannot use JSX unless the '--jsx' flag is provided.
frontend/src/components/features/chat/streaming-demo.tsx(126,23): error TS17004: Cannot use JSX unless the '--jsx' flag is provided.
frontend/src/components/features/chat/streaming-demo.tsx(127,25): error TS17004: Cannot use JSX unless the '--jsx' flag is provided.
frontend/src/components/features/chat/streaming-demo.tsx(128,27): error TS17004: Cannot use JSX unless the '--jsx' flag is provided.
frontend/src/components/features/chat/streaming-demo.tsx(129,27): error TS17004: Cannot use JSX unless the '--jsx' flag is provided.
frontend/src/components/features/chat/streaming-demo.tsx(133,25): error TS17004: Cannot use JSX unless the '--jsx' flag is provided.
frontend/src/components/features/chat/streaming-demo.tsx(134,27): error TS17004: Cannot use JSX unless the '--jsx' flag is provided.
frontend/src/components/features/chat/streaming-demo.tsx(143,19): error TS17004: Cannot use JSX unless the '--jsx' flag is provided.
frontend/src/components/features/chat/streaming-demo.tsx(144,21): error TS17004: Cannot use JSX unless the '--jsx' flag is provided.
frontend/src/components/features/chat/streaming-demo.tsx(145,23): error TS17004: Cannot use JSX unless the '--jsx' flag is provided.
frontend/src/components/features/chat/streaming-demo.tsx(146,25): error TS17004: Cannot use JSX unless the '--jsx' flag is provided.
frontend/src/components/features/chat/streaming-demo.tsx(147,25): error TS17004: Cannot use JSX unless the '--jsx' flag is provided.
frontend/src/components/features/chat/streaming-demo.tsx(158,13): error TS17004: Cannot use JSX unless the '--jsx' flag is provided.
frontend/src/components/features/chat/streaming-demo.tsx(159,15): error TS17004: Cannot use JSX unless the '--jsx' flag is provided.
frontend/src/components/features/chat/streaming-demo.tsx(160,17): error TS17004: Cannot use JSX unless the '--jsx' flag is provided.
frontend/src/components/features/chat/streaming-demo.tsx(161,19): error TS17004: Cannot use JSX unless the '--jsx' flag is provided.
frontend/src/components/features/chat/streaming-demo.tsx(163,17): error TS17004: Cannot use JSX unless the '--jsx' flag is provided.
frontend/src/components/features/chat/streaming-demo.tsx(164,19): error TS17004: Cannot use JSX unless the '--jsx' flag is provided.
frontend/src/components/features/chat/streaming-demo.tsx(165,21): error TS17004: Cannot use JSX unless the '--jsx' flag is provided.
frontend/src/components/features/chat/streaming-demo.tsx(166,23): error TS17004: Cannot use JSX unless the '--jsx' flag is provided.
frontend/src/components/features/chat/streaming-demo.tsx(169,21): error TS17004: Cannot use JSX unless the '--jsx' flag is provided.
frontend/src/components/features/chat/streaming-demo.tsx(170,23): error TS17004: Cannot use JSX unless the '--jsx' flag is provided.
frontend/src/components/features/chat/streaming-demo.tsx(173,21): error TS17004: Cannot use JSX unless the '--jsx' flag is provided.
frontend/src/components/features/chat/streaming-demo.tsx(174,23): error TS17004: Cannot use JSX unless the '--jsx' flag is provided.
frontend/src/components/features/chat/streaming-demo.tsx(177,21): error TS17004: Cannot use JSX unless the '--jsx' flag is provided.
frontend/src/components/features/chat/streaming-demo.tsx(178,23): error TS17004: Cannot use JSX unless the '--jsx' flag is provided.
frontend/src/components/features/chat/streaming-demo.tsx(181,21): error TS17004: Cannot use JSX unless the '--jsx' flag is provided.
frontend/src/components/features/chat/streaming-demo.tsx(182,23): error TS17004: Cannot use JSX unless the '--jsx' flag is provided.
frontend/src/components/features/chat/streaming-demo.tsx(185,21): error TS17004: Cannot use JSX unless the '--jsx' flag is provided.
frontend/src/components/features/chat/streaming-demo.tsx(186,23): error TS17004: Cannot use JSX unless the '--jsx' flag is provided.
frontend/src/components/features/chat/streaming-thought.tsx(4,10): error TS2614: Module '"#/*"' has no exported member 'RootState'. Did you mean to use 'import RootState from "#/*"' instead?
frontend/src/components/features/chat/streaming-thought.tsx(5,10): error TS2614: Module '"#/*"' has no exported member 'selectIsStreaming'. Did you mean to use 'import selectIsStreaming from "#/*"' instead?
frontend/src/components/features/chat/streaming-thought.tsx(5,29): error TS2614: Module '"#/*"' has no exported member 'selectStreamingEnabled'. Did you mean to use 'import selectStreamingEnabled from "#/*"' instead?
frontend/src/components/features/chat/streaming-thought.tsx(5,53): error TS2614: Module '"#/*"' has no exported member 'selectStreamContent'. Did you mean to use 'import selectStreamContent from "#/*"' instead?
frontend/src/components/features/chat/streaming-thought.tsx(6,10): error TS2614: Module '"#/*"' has no exported member 'cn'. Did you mean to use 'import cn from "#/*"' instead?
frontend/src/components/features/chat/streaming-thought.tsx(105,5): error TS17004: Cannot use JSX unless the '--jsx' flag is provided.
frontend/src/components/features/chat/streaming-thought.tsx(109,7): error TS17004: Cannot use JSX unless the '--jsx' flag is provided.
frontend/src/components/features/chat/streaming-thought.tsx(112,9): error TS17004: Cannot use JSX unless the '--jsx' flag is provided.
frontend/src/components/features/chat/streaming-thought.tsx(113,11): error TS17004: Cannot use JSX unless the '--jsx' flag is provided.
frontend/src/components/features/chat/streaming-thought.tsx(120,9): error TS17004: Cannot use JSX unless the '--jsx' flag is provided.
frontend/src/components/features/chat/streaming-thought.tsx(121,11): error TS17004: Cannot use JSX unless the '--jsx' flag is provided.
frontend/src/components/features/chat/streaming-thought.tsx(125,15): error TS17004: Cannot use JSX unless the '--jsx' flag is provided.
frontend/src/components/features/chat/streaming-thought.tsx(132,11): error TS17004: Cannot use JSX unless the '--jsx' flag is provided.
frontend/src/components/features/chat/streaming-thought.tsx(133,13): error TS17004: Cannot use JSX unless the '--jsx' flag is provided.
frontend/src/components/features/chat/streaming-thought.tsx(134,13): error TS17004: Cannot use JSX unless the '--jsx' flag is provided.
frontend/src/components/features/chat/streaming-thought.tsx(135,13): error TS17004: Cannot use JSX unless the '--jsx' flag is provided.
frontend/src/components/features/chat/streaming-thought.tsx(142,9): error TS17004: Cannot use JSX unless the '--jsx' flag is provided.
frontend/src/components/features/chat/streaming-thought.tsx(143,11): error TS17004: Cannot use JSX unless the '--jsx' flag is provided.
frontend/src/components/features/chat/streaming-thought.tsx(159,5): error TS17004: Cannot use JSX unless the '--jsx' flag is provided.
frontend/src/components/features/chat/streaming-thought.tsx(161,7): error TS17004: Cannot use JSX unless the '--jsx' flag is provided.
frontend/src/components/features/chat/streaming-thought.tsx(164,7): error TS17004: Cannot use JSX unless the '--jsx' flag is provided.
frontend/src/components/features/chat/streaming-thought.tsx(169,7): error TS17004: Cannot use JSX unless the '--jsx' flag is provided.
frontend/src/components/features/chat/streaming-thought.tsx(170,9): error TS17004: Cannot use JSX unless the '--jsx' flag is provided.
frontend/src/components/features/chat/streaming-thought.tsx(171,9): error TS17004: Cannot use JSX unless the '--jsx' flag is provided.
frontend/src/components/features/chat/streaming-thought.tsx(172,9): error TS17004: Cannot use JSX unless the '--jsx' flag is provided.
frontend/src/components/features/chat/streaming-transition.tsx(2,10): error TS2614: Module '"#/*"' has no exported member 'cn'. Did you mean to use 'import cn from "#/*"' instead?
frontend/src/components/features/chat/streaming-transition.tsx(40,5): error TS17004: Cannot use JSX unless the '--jsx' flag is provided.
frontend/src/components/features/chat/streaming-transition.tsx(90,5): error TS17004: Cannot use JSX unless the '--jsx' flag is provided.
frontend/src/components/features/chat/streaming-transition.tsx(131,5): error TS17004: Cannot use JSX unless the '--jsx' flag is provided.
frontend/src/components/features/chat/streaming-transition.tsx(160,5): error TS17004: Cannot use JSX unless the '--jsx' flag is provided.
frontend/src/components/features/chat/streaming-transition.tsx(162,9): error TS17004: Cannot use JSX unless the '--jsx' flag is provided.
frontend/src/components/features/chat/streaming-transition.tsx(216,5): error TS17004: Cannot use JSX unless the '--jsx' flag is provided.
frontend/src/components/features/chat/streaming-transition.tsx(218,7): error TS17004: Cannot use JSX unless the '--jsx' flag is provided.
frontend/src/components/features/chat/streaming-transition.tsx(246,5): error TS17004: Cannot use JSX unless the '--jsx' flag is provided.
frontend/src/components/features/chat/streaming-transition.tsx(248,9): error TS17004: Cannot use JSX unless the '--jsx' flag is provided.
frontend/src/components/features/chat/streaming-transition.tsx(249,11): error TS17004: Cannot use JSX unless the '--jsx' flag is provided.
frontend/src/components/features/chat/streaming-transition.tsx(251,13): error TS17004: Cannot use JSX unless the '--jsx' flag is provided.
frontend/src/components/features/chat/streaming-transition.tsx(255,7): error TS17004: Cannot use JSX unless the '--jsx' flag is provided.
frontend/src/components/features/chat/streaming-transition.tsx(256,9): error TS17004: Cannot use JSX unless the '--jsx' flag is provided.
frontend/src/components/features/chat/streaming-typing-indicator.tsx(2,10): error TS2614: Module '"#/*"' has no exported member 'cn'. Did you mean to use 'import cn from "#/*"' instead?
frontend/src/components/features/chat/streaming-typing-indicator.tsx(20,5): error TS17004: Cannot use JSX unless the '--jsx' flag is provided.
frontend/src/components/features/chat/streaming-typing-indicator.tsx(21,7): error TS17004: Cannot use JSX unless the '--jsx' flag is provided.
frontend/src/components/features/chat/streaming-typing-indicator.tsx(22,7): error TS17004: Cannot use JSX unless the '--jsx' flag is provided.
frontend/src/components/features/chat/streaming-typing-indicator.tsx(23,7): error TS17004: Cannot use JSX unless the '--jsx' flag is provided.
frontend/src/components/features/chat/streaming-typing-indicator.tsx(28,5): error TS17004: Cannot use JSX unless the '--jsx' flag is provided.
frontend/src/components/features/chat/streaming-typing-indicator.tsx(29,7): error TS17004: Cannot use JSX unless the '--jsx' flag is provided.
frontend/src/components/features/chat/streaming-typing-indicator.tsx(30,7): error TS17004: Cannot use JSX unless the '--jsx' flag is provided.
frontend/src/components/features/chat/streaming-typing-indicator.tsx(31,9): error TS17004: Cannot use JSX unless the '--jsx' flag is provided.
frontend/src/components/features/chat/streaming-typing-indicator.tsx(32,9): error TS17004: Cannot use JSX unless the '--jsx' flag is provided.
frontend/src/components/features/chat/streaming-typing-indicator.tsx(33,9): error TS17004: Cannot use JSX unless the '--jsx' flag is provided.
frontend/src/components/features/chat/streaming-typing-indicator.tsx(39,5): error TS17004: Cannot use JSX unless the '--jsx' flag is provided.
frontend/src/components/features/chat/streaming-typing-indicator.tsx(40,7): error TS17004: Cannot use JSX unless the '--jsx' flag is provided.
frontend/src/components/features/chat/streaming-typing-indicator.tsx(41,7): error TS17004: Cannot use JSX unless the '--jsx' flag is provided.
frontend/src/components/features/chat/streaming-typing-indicator.tsx(46,5): error TS17004: Cannot use JSX unless the '--jsx' flag is provided.
frontend/src/components/features/chat/streaming-typing-indicator.tsx(71,5): error TS17004: Cannot use JSX unless the '--jsx' flag is provided.
frontend/src/components/features/chat/streaming-typing-indicator.tsx(77,7): error TS17004: Cannot use JSX unless the '--jsx' flag is provided.
frontend/src/components/features/chat/streaming-typing-indicator.tsx(78,9): error TS17004: Cannot use JSX unless the '--jsx' flag is provided.
frontend/src/components/features/chat/streaming-typing-indicator.tsx(79,9): error TS17004: Cannot use JSX unless the '--jsx' flag is provided.
frontend/src/components/features/chat/streaming-typing-indicator.tsx(83,7): error TS17004: Cannot use JSX unless the '--jsx' flag is provided.
frontend/src/components/features/chat/streaming-typing-indicator.tsx(84,9): error TS17004: Cannot use JSX unless the '--jsx' flag is provided.
frontend/src/components/features/chat/streaming-typing-indicator.tsx(107,5): error TS17004: Cannot use JSX unless the '--jsx' flag is provided.
frontend/src/components/features/chat/streaming-typing-indicator.tsx(113,7): error TS17004: Cannot use JSX unless the '--jsx' flag is provided.
frontend/src/components/features/chat/streaming-typing-indicator.tsx(114,9): error TS17004: Cannot use JSX unless the '--jsx' flag is provided.
frontend/src/components/features/chat/streaming-typing-indicator.tsx(115,11): error TS17004: Cannot use JSX unless the '--jsx' flag is provided.
frontend/src/components/features/chat/streaming-typing-indicator.tsx(116,13): error TS17004: Cannot use JSX unless the '--jsx' flag is provided.
frontend/src/components/features/chat/streaming-typing-indicator.tsx(118,11): error TS17004: Cannot use JSX unless the '--jsx' flag is provided.
frontend/src/components/features/chat/streaming-typing-indicator.tsx(120,9): error TS17004: Cannot use JSX unless the '--jsx' flag is provided.
frontend/src/components/features/chat/streaming-typing-indicator.tsx(121,11): error TS17004: Cannot use JSX unless the '--jsx' flag is provided.
frontend/src/components/features/chat/streaming-typing-indicator.tsx(123,13): error TS17004: Cannot use JSX unless the '--jsx' flag is provided.
frontend/src/components/features/chat/streaming-typing-indicator.tsx(124,15): error TS17004: Cannot use JSX unless the '--jsx' flag is provided.
frontend/src/components/features/chat/streaming-typing-indicator.tsx(129,7): error TS17004: Cannot use JSX unless the '--jsx' flag is provided.
frontend/src/components/features/chat/streaming-typing-indicator.tsx(130,9): error TS17004: Cannot use JSX unless the '--jsx' flag is provided.
frontend/src/components/features/chat/success-indicator.tsx(4,41): error TS2835: Relative import paths need explicit file extensions in ECMAScript imports when '--moduleResolution' is 'node16' or 'nodenext'. Did you mean './event-content-helpers/get-observation-result.js'?
frontend/src/components/features/chat/success-indicator.tsx(12,5): error TS17004: Cannot use JSX unless the '--jsx' flag is provided.
frontend/src/components/features/chat/success-indicator.tsx(14,9): error TS17004: Cannot use JSX unless the '--jsx' flag is provided.
frontend/src/components/features/chat/success-indicator.tsx(21,9): error TS17004: Cannot use JSX unless the '--jsx' flag is provided.
frontend/src/components/features/chat/success-indicator.tsx(28,9): error TS17004: Cannot use JSX unless the '--jsx' flag is provided.
frontend/src/components/features/chat/task-tracking-observation-content.tsx(2,10): error TS2614: Module '"#/*"' has no exported member 'TaskTrackingObservation'. Did you mean to use 'import TaskTrackingObservation from "#/*"' instead?
frontend/src/components/features/chat/task-tracking-observation-content.tsx(3,10): error TS2614: Module '"#/*"' has no exported member 'useTasks'. Did you mean to use 'import useTasks from "#/*"' instead?
frontend/src/components/features/chat/task-tracking-observation-content.tsx(4,33): error TS2835: Relative import paths need explicit file extensions in ECMAScript imports when '--moduleResolution' is 'node16' or 'nodenext'. Did you mean './status-indicator.js'?
frontend/src/components/features/chat/task-tracking-observation-content.tsx(24,52): error TS7006: Parameter 'it' implicitly has an 'any' type.
frontend/src/components/features/chat/typing-indicator.tsx(2,10): error TS2614: Module '"#/*"' has no exported member 'cn'. Did you mean to use 'import cn from "#/*"' instead?
frontend/src/components/features/chat/typing-indicator.tsx(12,11): error TS17004: Cannot use JSX unless the '--jsx' flag is provided.
frontend/src/components/features/chat/typing-indicator.tsx(17,11): error TS17004: Cannot use JSX unless the '--jsx' flag is provided.
frontend/src/components/features/chat/typing-indicator.tsx(22,11): error TS17004: Cannot use JSX unless the '--jsx' flag is provided.
frontend/src/components/features/chat/typing-indicator.tsx(27,11): error TS17004: Cannot use JSX unless the '--jsx' flag is provided.
frontend/src/components/features/chat/typing-indicator.tsx(32,11): error TS17004: Cannot use JSX unless the '--jsx' flag is provided.
frontend/src/components/features/chat/typing-indicator.tsx(37,11): error TS17004: Cannot use JSX unless the '--jsx' flag is provided.
frontend/src/components/features/chat/typing-indicator.tsx(42,11): error TS17004: Cannot use JSX unless the '--jsx' flag is provided.
frontend/src/components/features/chat/typing-indicator.tsx(47,11): error TS17004: Cannot use JSX unless the '--jsx' flag is provided.
frontend/src/components/features/chat/typing-indicator.tsx(56,5): error TS17004: Cannot use JSX unless the '--jsx' flag is provided.
frontend/src/components/features/chat/typing-indicator.tsx(58,7): error TS17004: Cannot use JSX unless the '--jsx' flag is provided.
frontend/src/components/features/chat/typing-indicator.tsx(63,7): error TS17004: Cannot use JSX unless the '--jsx' flag is provided.
frontend/src/components/features/chat/typing-indicator.tsx(68,7): error TS17004: Cannot use JSX unless the '--jsx' flag is provided.
frontend/src/components/features/chat/typing-indicator.tsx(69,9): error TS17004: Cannot use JSX unless the '--jsx' flag is provided.
frontend/src/components/features/chat/typing-indicator.tsx(73,9): error TS17004: Cannot use JSX unless the '--jsx' flag is provided.
frontend/src/components/features/chat/typing-indicator.tsx(77,9): error TS17004: Cannot use JSX unless the '--jsx' flag is provided.
frontend/src/components/features/chat/utils/use-filtered-events.ts(2,35): error TS2835: Relative import paths need explicit file extensions in ECMAScript imports when '--moduleResolution' is 'node16' or 'nodenext'. Did you mean '../event-content-helpers/should-render-event.js'?
frontend/src/components/features/chat/utils/use-filtered-events.ts(3,15): error TS2614: Module '"#/*"' has no exported member 'OpenHandsAction'. Did you mean to use 'import OpenHandsAction from "#/*"' instead?
frontend/src/components/features/chat/utils/use-filtered-events.ts(4,15): error TS2614: Module '"#/*"' has no exported member 'OpenHandsObservation'. Did you mean to use 'import OpenHandsObservation from "#/*"' instead?
frontend/src/components/features/context-menu/account-settings-context-menu.tsx(3,29): error TS2835: Relative import paths need explicit file extensions in ECMAScript imports when '--moduleResolution' is 'node16' or 'nodenext'. Did you mean './context-menu.js'?
frontend/src/components/features/context-menu/account-settings-context-menu.tsx(4,37): error TS2835: Relative import paths need explicit file extensions in ECMAScript imports when '--moduleResolution' is 'node16' or 'nodenext'. Did you mean './context-menu-list-item.js'?
frontend/src/components/features/context-menu/account-settings-context-menu.tsx(5,10): error TS2614: Module '"#/*"' has no exported member 'useClickOutsideElement'. Did you mean to use 'import useClickOutsideElement from "#/*"' instead?
frontend/src/components/features/context-menu/account-settings-context-menu.tsx(6,10): error TS2614: Module '"#/*"' has no exported member 'I18nKey'. Did you mean to use 'import I18nKey from "#/*"' instead?
frontend/src/components/features/context-menu/account-settings-context-menu.tsx(7,37): error TS2835: Relative import paths need explicit file extensions in ECMAScript imports when '--moduleResolution' is 'node16' or 'nodenext'. Did you mean './context-menu-icon-text.js'?
frontend/src/components/features/context-menu/account-settings-context-menu.tsx(22,5): error TS17004: Cannot use JSX unless the '--jsx' flag is provided.
frontend/src/components/features/context-menu/account-settings-context-menu.tsx(27,7): error TS17004: Cannot use JSX unless the '--jsx' flag is provided.
frontend/src/components/features/context-menu/account-settings-context-menu.tsx(28,9): error TS17004: Cannot use JSX unless the '--jsx' flag is provided.
frontend/src/components/features/context-menu/context-menu-icon-text.tsx(1,10): error TS2614: Module '"#/*"' has no exported member 'cn'. Did you mean to use 'import cn from "#/*"' instead?
frontend/src/components/features/context-menu/context-menu-icon-text.tsx(17,5): error TS17004: Cannot use JSX unless the '--jsx' flag is provided.
frontend/src/components/features/context-menu/context-menu-icon-text.tsx(18,7): error TS17004: Cannot use JSX unless the '--jsx' flag is provided.
frontend/src/components/features/context-menu/context-menu-icon-text.tsx(24,7): error TS17004: Cannot use JSX unless the '--jsx' flag is provided.
frontend/src/components/features/context-menu/context-menu-list-item.tsx(1,10): error TS2614: Module '"#/*"' has no exported member 'cn'. Did you mean to use 'import cn from "#/*"' instead?
frontend/src/components/features/context-menu/context-menu-list-item.tsx(16,5): error TS17004: Cannot use JSX unless the '--jsx' flag is provided.
frontend/src/components/features/context-menu/context-menu-separator.tsx(3,5): error TS17004: Cannot use JSX unless the '--jsx' flag is provided.
frontend/src/components/features/context-menu/context-menu.tsx(2,10): error TS2614: Module '"#/*"' has no exported member 'cn'. Did you mean to use 'import cn from "#/*"' instead?
frontend/src/components/features/context-menu/context-menu.tsx(18,5): error TS17004: Cannot use JSX unless the '--jsx' flag is provided.
frontend/src/components/features/controls/__tests__/autonomy-mode-selector.test.tsx(4,52): error TS2835: Relative import paths need explicit file extensions in ECMAScript imports when '--moduleResolution' is 'node16' or 'nodenext'. Did you mean '../autonomy-mode-selector.js'?
frontend/src/components/features/controls/__tests__/autonomy-mode-selector.test.tsx(14,19): error TS17004: Cannot use JSX unless the '--jsx' flag is provided.
frontend/src/components/features/controls/__tests__/autonomy-mode-selector.test.tsx(19,7): error TS17004: Cannot use JSX unless the '--jsx' flag is provided.
frontend/src/components/features/controls/__tests__/autonomy-mode-selector.test.tsx(30,7): error TS17004: Cannot use JSX unless the '--jsx' flag is provided.
frontend/src/components/features/controls/__tests__/autonomy-mode-selector.test.tsx(46,7): error TS17004: Cannot use JSX unless the '--jsx' flag is provided.
frontend/src/components/features/controls/__tests__/autonomy-mode-selector.test.tsx(65,7): error TS17004: Cannot use JSX unless the '--jsx' flag is provided.
frontend/src/components/features/controls/__tests__/autonomy-mode-selector.test.tsx(90,7): error TS17004: Cannot use JSX unless the '--jsx' flag is provided.
frontend/src/components/features/controls/__tests__/autonomy-mode-selector.test.tsx(108,7): error TS17004: Cannot use JSX unless the '--jsx' flag is provided.
frontend/src/components/features/controls/agent-control-bar.tsx(3,10): error TS2614: Module '"#/*"' has no exported member 'I18nKey'. Did you mean to use 'import I18nKey from "#/*"' instead?
frontend/src/components/features/controls/agent-control-bar.tsx(6,10): error TS2614: Module '"#/*"' has no exported member 'generateAgentStateChangeEvent'. Did you mean to use 'import generateAgentStateChangeEvent from "#/*"' instead?
frontend/src/components/features/controls/agent-control-bar.tsx(7,10): error TS2614: Module '"#/*"' has no exported member 'RootState'. Did you mean to use 'import RootState from "#/*"' instead?
frontend/src/components/features/controls/agent-control-bar.tsx(8,10): error TS2614: Module '"#/*"' has no exported member 'AgentState'. Did you mean to use 'import AgentState from "#/*"' instead?
frontend/src/components/features/controls/agent-control-bar.tsx(9,10): error TS2614: Module '"#/*"' has no exported member 'useWsClient'. Did you mean to use 'import useWsClient from "#/*"' instead?
frontend/src/components/features/controls/agent-control-bar.tsx(10,10): error TS2614: Module '"#/*"' has no exported member 'IGNORE_TASK_STATE_MAP'. Did you mean to use 'import IGNORE_TASK_STATE_MAP from "#/*"' instead?
frontend/src/components/features/controls/agent-control-bar.tsx(11,10): error TS2614: Module '"#/*"' has no exported member 'ActionButton'. Did you mean to use 'import ActionButton from "#/*"' instead?
frontend/src/components/features/controls/agent-control-bar.tsx(25,5): error TS17004: Cannot use JSX unless the '--jsx' flag is provided.
frontend/src/components/features/controls/agent-control-bar.tsx(27,7): error TS17004: Cannot use JSX unless the '--jsx' flag is provided.
frontend/src/components/features/controls/agent-control-bar.tsx(44,48): error TS17004: Cannot use JSX unless the '--jsx' flag is provided.
frontend/src/components/features/controls/agent-control-bar.tsx(44,63): error TS17004: Cannot use JSX unless the '--jsx' flag is provided.
frontend/src/components/features/controls/agent-status-bar.tsx(4,10): error TS2614: Module '"#/*"' has no exported member 'showErrorToast'. Did you mean to use 'import showErrorToast from "#/*"' instead?
frontend/src/components/features/controls/agent-status-bar.tsx(5,10): error TS2614: Module '"#/*"' has no exported member 'RootState'. Did you mean to use 'import RootState from "#/*"' instead?
frontend/src/components/features/controls/agent-status-bar.tsx(6,10): error TS2614: Module '"#/*"' has no exported member 'AgentState'. Did you mean to use 'import AgentState from "#/*"' instead?
frontend/src/components/features/controls/agent-status-bar.tsx(7,10): error TS2614: Module '"#/*"' has no exported member 'useWsClient'. Did you mean to use 'import useWsClient from "#/*"' instead?
frontend/src/components/features/controls/agent-status-bar.tsx(8,10): error TS2614: Module '"#/*"' has no exported member 'useNotification'. Did you mean to use 'import useNotification from "#/*"' instead?
frontend/src/components/features/controls/agent-status-bar.tsx(9,10): error TS2614: Module '"#/*"' has no exported member 'browserTab'. Did you mean to use 'import browserTab from "#/*"' instead?
frontend/src/components/features/controls/agent-status-bar.tsx(10,10): error TS2614: Module '"#/*"' has no exported member 'useActiveConversation'. Did you mean to use 'import useActiveConversation from "#/*"' instead?
frontend/src/components/features/controls/agent-status-bar.tsx(11,10): error TS2614: Module '"#/*"' has no exported member 'getIndicatorColor'. Did you mean to use 'import getIndicatorColor from "#/*"' instead?
frontend/src/components/features/controls/agent-status-bar.tsx(11,29): error TS2614: Module '"#/*"' has no exported member 'getStatusCode'. Did you mean to use 'import getStatusCode from "#/*"' instead?
frontend/src/components/features/controls/agent-status-bar.tsx(96,5): error TS17004: Cannot use JSX unless the '--jsx' flag is provided.
frontend/src/components/features/controls/agent-status-bar.tsx(97,7): error TS17004: Cannot use JSX unless the '--jsx' flag is provided.
frontend/src/components/features/controls/agent-status-bar.tsx(98,9): error TS17004: Cannot use JSX unless the '--jsx' flag is provided.
frontend/src/components/features/controls/agent-status-bar.tsx(105,9): error TS17004: Cannot use JSX unless the '--jsx' flag is provided.
frontend/src/components/features/controls/autonomy-mode-demo.tsx(2,38): error TS2835: Relative import paths need explicit file extensions in ECMAScript imports when '--moduleResolution' is 'node16' or 'nodenext'. Did you mean './autonomy-mode-selector.js'?
frontend/src/components/features/controls/autonomy-mode-demo.tsx(3,30): error TS2835: Relative import paths need explicit file extensions in ECMAScript imports when '--moduleResolution' is 'node16' or 'nodenext'. Did you mean './autonomy-mode-selector.js'?
frontend/src/components/features/controls/autonomy-mode-demo.tsx(18,5): error TS17004: Cannot use JSX unless the '--jsx' flag is provided.
frontend/src/components/features/controls/autonomy-mode-demo.tsx(19,7): error TS17004: Cannot use JSX unless the '--jsx' flag is provided.
frontend/src/components/features/controls/autonomy-mode-demo.tsx(20,9): error TS17004: Cannot use JSX unless the '--jsx' flag is provided.
frontend/src/components/features/controls/autonomy-mode-demo.tsx(23,9): error TS17004: Cannot use JSX unless the '--jsx' flag is provided.
frontend/src/components/features/controls/autonomy-mode-demo.tsx(28,7): error TS17004: Cannot use JSX unless the '--jsx' flag is provided.
frontend/src/components/features/controls/autonomy-mode-demo.tsx(29,9): error TS17004: Cannot use JSX unless the '--jsx' flag is provided.
frontend/src/components/features/controls/autonomy-mode-demo.tsx(34,9): error TS17004: Cannot use JSX unless the '--jsx' flag is provided.
frontend/src/components/features/controls/autonomy-mode-demo.tsx(35,25): error TS17004: Cannot use JSX unless the '--jsx' flag is provided.
frontend/src/components/features/controls/autonomy-mode-demo.tsx(39,7): error TS17004: Cannot use JSX unless the '--jsx' flag is provided.
frontend/src/components/features/controls/autonomy-mode-demo.tsx(40,9): error TS17004: Cannot use JSX unless the '--jsx' flag is provided.
frontend/src/components/features/controls/autonomy-mode-demo.tsx(43,9): error TS17004: Cannot use JSX unless the '--jsx' flag is provided.
frontend/src/components/features/controls/autonomy-mode-demo.tsx(44,11): error TS17004: Cannot use JSX unless the '--jsx' flag is provided.
frontend/src/components/features/controls/autonomy-mode-demo.tsx(44,17): error TS17004: Cannot use JSX unless the '--jsx' flag is provided.
frontend/src/components/features/controls/autonomy-mode-demo.tsx(45,11): error TS17004: Cannot use JSX unless the '--jsx' flag is provided.
frontend/src/components/features/controls/autonomy-mode-demo.tsx(45,17): error TS17004: Cannot use JSX unless the '--jsx' flag is provided.
frontend/src/components/features/controls/autonomy-mode-demo.tsx(46,11): error TS17004: Cannot use JSX unless the '--jsx' flag is provided.
frontend/src/components/features/controls/autonomy-mode-demo.tsx(46,17): error TS17004: Cannot use JSX unless the '--jsx' flag is provided.
frontend/src/components/features/controls/autonomy-mode-selector.tsx(4,10): error TS2614: Module '"#/*"' has no exported member 'Button'. Did you mean to use 'import Button from "#/*"' instead?
frontend/src/components/features/controls/autonomy-mode-selector.tsx(5,10): error TS2614: Module '"#/*"' has no exported member 'cn'. Did you mean to use 'import cn from "#/*"' instead?
frontend/src/components/features/controls/autonomy-mode-selector.tsx(119,5): error TS17004: Cannot use JSX unless the '--jsx' flag is provided.
frontend/src/components/features/controls/autonomy-mode-selector.tsx(121,7): error TS17004: Cannot use JSX unless the '--jsx' flag is provided.
frontend/src/components/features/controls/autonomy-mode-selector.tsx(124,19): error TS7006: Parameter 'e' implicitly has an 'any' type.
frontend/src/components/features/controls/autonomy-mode-selector.tsx(140,9): error TS17004: Cannot use JSX unless the '--jsx' flag is provided.
frontend/src/components/features/controls/autonomy-mode-selector.tsx(147,9): error TS17004: Cannot use JSX unless the '--jsx' flag is provided.
frontend/src/components/features/controls/autonomy-mode-selector.tsx(148,9): error TS17004: Cannot use JSX unless the '--jsx' flag is provided.
frontend/src/components/features/controls/autonomy-mode-selector.tsx(153,9): error TS17004: Cannot use JSX unless the '--jsx' flag is provided.
frontend/src/components/features/controls/autonomy-mode-selector.tsx(154,11): error TS17004: Cannot use JSX unless the '--jsx' flag is provided.
frontend/src/components/features/controls/autonomy-mode-selector.tsx(160,9): error TS17004: Cannot use JSX unless the '--jsx' flag is provided.
frontend/src/components/features/controls/autonomy-mode-selector.tsx(169,11): error TS17004: Cannot use JSX unless the '--jsx' flag is provided.
frontend/src/components/features/controls/autonomy-mode-selector.tsx(170,15): error TS17004: Cannot use JSX unless the '--jsx' flag is provided.
frontend/src/components/features/controls/autonomy-mode-selector.tsx(171,17): error TS17004: Cannot use JSX unless the '--jsx' flag is provided.
frontend/src/components/features/controls/autonomy-mode-selector.tsx(172,19): error TS17004: Cannot use JSX unless the '--jsx' flag is provided.
frontend/src/components/features/controls/autonomy-mode-selector.tsx(173,19): error TS17004: Cannot use JSX unless the '--jsx' flag is provided.
frontend/src/components/features/controls/autonomy-mode-selector.tsx(184,19): error TS17004: Cannot use JSX unless the '--jsx' flag is provided.
frontend/src/components/features/controls/autonomy-mode-selector.tsx(194,21): error TS17004: Cannot use JSX unless the '--jsx' flag is provided.
frontend/src/components/features/controls/autonomy-mode-selector.tsx(195,21): error TS17004: Cannot use JSX unless the '--jsx' flag is provided.
frontend/src/components/features/controls/autonomy-mode-selector.tsx(196,23): error TS17004: Cannot use JSX unless the '--jsx' flag is provided.
frontend/src/components/features/controls/autonomy-mode-selector.tsx(199,23): error TS17004: Cannot use JSX unless the '--jsx' flag is provided.
frontend/src/components/features/controls/autonomy-mode-selector.tsx(204,23): error TS17004: Cannot use JSX unless the '--jsx' flag is provided.
frontend/src/components/features/controls/controls.tsx(2,33): error TS2835: Relative import paths need explicit file extensions in ECMAScript imports when '--moduleResolution' is 'node16' or 'nodenext'. Did you mean './agent-control-bar.js'?
frontend/src/components/features/controls/controls.tsx(3,32): error TS2835: Relative import paths need explicit file extensions in ECMAScript imports when '--moduleResolution' is 'node16' or 'nodenext'. Did you mean './agent-status-bar.js'?
frontend/src/components/features/controls/controls.tsx(4,30): error TS2835: Relative import paths need explicit file extensions in ECMAScript imports when '--moduleResolution' is 'node16' or 'nodenext'. Did you mean './security-lock.js'?
frontend/src/components/features/controls/controls.tsx(5,10): error TS2614: Module '"#/*"' has no exported member 'useActiveConversation'. Did you mean to use 'import useActiveConversation from "#/*"' instead?
frontend/src/components/features/controls/controls.tsx(6,34): error TS2835: Relative import paths need explicit file extensions in ECMAScript imports when '--moduleResolution' is 'node16' or 'nodenext'. Did you mean '../conversation-panel/conversation-card.js'?
frontend/src/components/features/controls/controls.tsx(7,10): error TS2614: Module '"#/*"' has no exported member 'Provider'. Did you mean to use 'import Provider from "#/*"' instead?
frontend/src/components/features/controls/controls.tsx(18,5): error TS17004: Cannot use JSX unless the '--jsx' flag is provided.
frontend/src/components/features/controls/controls.tsx(19,7): error TS17004: Cannot use JSX unless the '--jsx' flag is provided.
frontend/src/components/features/controls/controls.tsx(20,9): error TS17004: Cannot use JSX unless the '--jsx' flag is provided.
frontend/src/components/features/controls/controls.tsx(21,9): error TS17004: Cannot use JSX unless the '--jsx' flag is provided.
frontend/src/components/features/controls/controls.tsx(23,30): error TS17004: Cannot use JSX unless the '--jsx' flag is provided.
frontend/src/components/features/controls/controls.tsx(26,7): error TS17004: Cannot use JSX unless the '--jsx' flag is provided.
frontend/src/components/features/controls/security-lock.tsx(5,10): error TS2614: Module '"#/*"' has no exported member 'I18nKey'. Did you mean to use 'import I18nKey from "#/*"' instead?
frontend/src/components/features/controls/security-lock.tsx(11,5): error TS17004: Cannot use JSX unless the '--jsx' flag is provided.
frontend/src/components/features/controls/security-lock.tsx(13,9): error TS17004: Cannot use JSX unless the '--jsx' flag is provided.
frontend/src/components/features/controls/security-lock.tsx(19,7): error TS17004: Cannot use JSX unless the '--jsx' flag is provided.
frontend/src/components/features/controls/security-lock.tsx(24,9): error TS17004: Cannot use JSX unless the '--jsx' flag is provided.
frontend/src/components/features/conversation-panel/budget-display.tsx(3,10): error TS2614: Module '"#/*"' has no exported member 'I18nKey'. Did you mean to use 'import I18nKey from "#/*"' instead?
frontend/src/components/features/conversation-panel/budget-display.tsx(4,35): error TS2835: Relative import paths need explicit file extensions in ECMAScript imports when '--moduleResolution' is 'node16' or 'nodenext'. Did you mean './budget-progress-bar.js'?
frontend/src/components/features/conversation-panel/budget-display.tsx(5,33): error TS2835: Relative import paths need explicit file extensions in ECMAScript imports when '--moduleResolution' is 'node16' or 'nodenext'. Did you mean './budget-usage-text.js'?
frontend/src/components/features/conversation-panel/budget-display.tsx(21,5): error TS17004: Cannot use JSX unless the '--jsx' flag is provided.
frontend/src/components/features/conversation-panel/budget-display.tsx(23,9): error TS17004: Cannot use JSX unless the '--jsx' flag is provided.
frontend/src/components/features/conversation-panel/budget-display.tsx(24,11): error TS17004: Cannot use JSX unless the '--jsx' flag is provided.
frontend/src/components/features/conversation-panel/budget-display.tsx(25,11): error TS17004: Cannot use JSX unless the '--jsx' flag is provided.
frontend/src/components/features/conversation-panel/budget-display.tsx(28,9): error TS17004: Cannot use JSX unless the '--jsx' flag is provided.
frontend/src/components/features/conversation-panel/budget-progress-bar.tsx(16,5): error TS17004: Cannot use JSX unless the '--jsx' flag is provided.
frontend/src/components/features/conversation-panel/budget-progress-bar.tsx(17,7): error TS17004: Cannot use JSX unless the '--jsx' flag is provided.
frontend/src/components/features/conversation-panel/budget-usage-text.tsx(3,10): error TS2614: Module '"#/*"' has no exported member 'I18nKey'. Did you mean to use 'import I18nKey from "#/*"' instead?
frontend/src/components/features/conversation-panel/budget-usage-text.tsx(18,5): error TS17004: Cannot use JSX unless the '--jsx' flag is provided.
frontend/src/components/features/conversation-panel/budget-usage-text.tsx(19,7): error TS17004: Cannot use JSX unless the '--jsx' flag is provided.
frontend/src/components/features/conversation-panel/confirm-delete-modal.tsx(3,10): error TS2614: Module '"#/*"' has no exported member 'ModalBackdrop'. Did you mean to use 'import ModalBackdrop from "#/*"' instead?
frontend/src/components/features/conversation-panel/confirm-delete-modal.tsx(4,10): error TS2614: Module '"#/*"' has no exported member 'ModalBody'. Did you mean to use 'import ModalBody from "#/*"' instead?
frontend/src/components/features/conversation-panel/confirm-delete-modal.tsx(5,10): error TS2614: Module '"#/*"' has no exported member 'I18nKey'. Did you mean to use 'import I18nKey from "#/*"' instead?
frontend/src/components/features/conversation-panel/confirm-delete-modal.tsx(20,5): error TS17004: Cannot use JSX unless the '--jsx' flag is provided.
frontend/src/components/features/conversation-panel/confirm-delete-modal.tsx(21,7): error TS17004: Cannot use JSX unless the '--jsx' flag is provided.
frontend/src/components/features/conversation-panel/confirm-delete-modal.tsx(22,9): error TS17004: Cannot use JSX unless the '--jsx' flag is provided.
frontend/src/components/features/conversation-panel/confirm-delete-modal.tsx(23,11): error TS17004: Cannot use JSX unless the '--jsx' flag is provided.
frontend/src/components/features/conversation-panel/confirm-delete-modal.tsx(24,13): error TS17004: Cannot use JSX unless the '--jsx' flag is provided.
frontend/src/components/features/conversation-panel/confirm-delete-modal.tsx(29,15): error TS17004: Cannot use JSX unless the '--jsx' flag is provided.
frontend/src/components/features/conversation-panel/confirm-delete-modal.tsx(34,15): error TS17004: Cannot use JSX unless the '--jsx' flag is provided.
frontend/src/components/features/conversation-panel/confirm-delete-modal.tsx(42,9): error TS17004: Cannot use JSX unless the '--jsx' flag is provided.
frontend/src/components/features/conversation-panel/confirm-delete-modal.tsx(47,9): error TS17004: Cannot use JSX unless the '--jsx' flag is provided.
frontend/src/components/features/conversation-panel/confirm-delete-modal.tsx(48,11): error TS17004: Cannot use JSX unless the '--jsx' flag is provided.
frontend/src/components/features/conversation-panel/confirm-delete-modal.tsx(68,5): error TS17004: Cannot use JSX unless the '--jsx' flag is provided.
frontend/src/components/features/conversation-panel/confirm-delete-modal.tsx(69,7): error TS17004: Cannot use JSX unless the '--jsx' flag is provided.
frontend/src/components/features/conversation-panel/confirm-delete-modal.tsx(70,9): error TS17004: Cannot use JSX unless the '--jsx' flag is provided.
frontend/src/components/features/conversation-panel/confirm-delete-modal.tsx(71,11): error TS17004: Cannot use JSX unless the '--jsx' flag is provided.
frontend/src/components/features/conversation-panel/confirm-delete-modal.tsx(75,11): error TS17004: Cannot use JSX unless the '--jsx' flag is provided.
frontend/src/components/features/conversation-panel/confirm-delete-modal.tsx(76,13): error TS17004: Cannot use JSX unless the '--jsx' flag is provided.
frontend/src/components/features/conversation-panel/confirm-delete-modal.tsx(77,15): error TS17004: Cannot use JSX unless the '--jsx' flag is provided.
frontend/src/components/features/conversation-panel/confirm-delete-modal.tsx(87,15): error TS17004: Cannot use JSX unless the '--jsx' flag is provided.
frontend/src/components/features/conversation-panel/confirm-stop-modal.tsx(3,3): error TS2614: Module '"#/*"' has no exported member 'BaseModalDescription'. Did you mean to use 'import BaseModalDescription from "#/*"' instead?
frontend/src/components/features/conversation-panel/confirm-stop-modal.tsx(4,3): error TS2614: Module '"#/*"' has no exported member 'BaseModalTitle'. Did you mean to use 'import BaseModalTitle from "#/*"' instead?
frontend/src/components/features/conversation-panel/confirm-stop-modal.tsx(6,10): error TS2614: Module '"#/*"' has no exported member 'ModalBackdrop'. Did you mean to use 'import ModalBackdrop from "#/*"' instead?
frontend/src/components/features/conversation-panel/confirm-stop-modal.tsx(7,10): error TS2614: Module '"#/*"' has no exported member 'ModalBody'. Did you mean to use 'import ModalBody from "#/*"' instead?
frontend/src/components/features/conversation-panel/confirm-stop-modal.tsx(8,29): error TS2835: Relative import paths need explicit file extensions in ECMAScript imports when '--moduleResolution' is 'node16' or 'nodenext'. Did you mean '../settings/brand-button.js'?
frontend/src/components/features/conversation-panel/confirm-stop-modal.tsx(9,10): error TS2614: Module '"#/*"' has no exported member 'I18nKey'. Did you mean to use 'import I18nKey from "#/*"' instead?
frontend/src/components/features/conversation-panel/confirm-stop-modal.tsx(23,5): error TS17004: Cannot use JSX unless the '--jsx' flag is provided.
frontend/src/components/features/conversation-panel/confirm-stop-modal.tsx(24,7): error TS17004: Cannot use JSX unless the '--jsx' flag is provided.
frontend/src/components/features/conversation-panel/confirm-stop-modal.tsx(25,9): error TS17004: Cannot use JSX unless the '--jsx' flag is provided.
frontend/src/components/features/conversation-panel/confirm-stop-modal.tsx(26,11): error TS17004: Cannot use JSX unless the '--jsx' flag is provided.
frontend/src/components/features/conversation-panel/confirm-stop-modal.tsx(27,11): error TS17004: Cannot use JSX unless the '--jsx' flag is provided.
frontend/src/components/features/conversation-panel/confirm-stop-modal.tsx(31,9): error TS17004: Cannot use JSX unless the '--jsx' flag is provided.
frontend/src/components/features/conversation-panel/confirm-stop-modal.tsx(35,11): error TS17004: Cannot use JSX unless the '--jsx' flag is provided.
frontend/src/components/features/conversation-panel/confirm-stop-modal.tsx(44,11): error TS17004: Cannot use JSX unless the '--jsx' flag is provided.
frontend/src/components/features/conversation-panel/conversation-card-context-menu.tsx(11,10): error TS2614: Module '"#/*"' has no exported member 'useClickOutsideElement'. Did you mean to use 'import useClickOutsideElement from "#/*"' instead?
frontend/src/components/features/conversation-panel/conversation-card-context-menu.tsx(12,10): error TS2614: Module '"#/*"' has no exported member 'cn'. Did you mean to use 'import cn from "#/*"' instead?
frontend/src/components/features/conversation-panel/conversation-card-context-menu.tsx(13,29): error TS2835: Relative import paths need explicit file extensions in ECMAScript imports when '--moduleResolution' is 'node16' or 'nodenext'. Did you mean '../context-menu/context-menu.js'?
frontend/src/components/features/conversation-panel/conversation-card-context-menu.tsx(14,37): error TS2835: Relative import paths need explicit file extensions in ECMAScript imports when '--moduleResolution' is 'node16' or 'nodenext'. Did you mean '../context-menu/context-menu-list-item.js'?
frontend/src/components/features/conversation-panel/conversation-card-context-menu.tsx(15,38): error TS2835: Relative import paths need explicit file extensions in ECMAScript imports when '--moduleResolution' is 'node16' or 'nodenext'. Did you mean '../context-menu/context-menu-separator.js'?
frontend/src/components/features/conversation-panel/conversation-card-context-menu.tsx(16,10): error TS2614: Module '"#/*"' has no exported member 'I18nKey'. Did you mean to use 'import I18nKey from "#/*"' instead?
frontend/src/components/features/conversation-panel/conversation-card-context-menu.tsx(17,37): error TS2835: Relative import paths need explicit file extensions in ECMAScript imports when '--moduleResolution' is 'node16' or 'nodenext'. Did you mean '../context-menu/context-menu-icon-text.js'?
frontend/src/components/features/conversation-panel/conversation-card-context-menu.tsx(52,5): error TS17004: Cannot use JSX unless the '--jsx' flag is provided.
frontend/src/components/features/conversation-panel/conversation-card-context-menu.tsx(62,9): error TS17004: Cannot use JSX unless the '--jsx' flag is provided.
frontend/src/components/features/conversation-panel/conversation-card-context-menu.tsx(63,11): error TS17004: Cannot use JSX unless the '--jsx' flag is provided.
frontend/src/components/features/conversation-panel/conversation-card-context-menu.tsx(71,9): error TS17004: Cannot use JSX unless the '--jsx' flag is provided.
frontend/src/components/features/conversation-panel/conversation-card-context-menu.tsx(75,9): error TS17004: Cannot use JSX unless the '--jsx' flag is provided.
frontend/src/components/features/conversation-panel/conversation-card-context-menu.tsx(79,11): error TS17004: Cannot use JSX unless the '--jsx' flag is provided.
frontend/src/components/features/conversation-panel/conversation-card-context-menu.tsx(87,9): error TS17004: Cannot use JSX unless the '--jsx' flag is provided.
frontend/src/components/features/conversation-panel/conversation-card-context-menu.tsx(91,9): error TS17004: Cannot use JSX unless the '--jsx' flag is provided.
frontend/src/components/features/conversation-panel/conversation-card-context-menu.tsx(95,11): error TS17004: Cannot use JSX unless the '--jsx' flag is provided.
frontend/src/components/features/conversation-panel/conversation-card-context-menu.tsx(103,9): error TS17004: Cannot use JSX unless the '--jsx' flag is provided.
frontend/src/components/features/conversation-panel/conversation-card-context-menu.tsx(107,11): error TS17004: Cannot use JSX unless the '--jsx' flag is provided.
frontend/src/components/features/conversation-panel/conversation-card-context-menu.tsx(114,47): error TS17004: Cannot use JSX unless the '--jsx' flag is provided.
frontend/src/components/features/conversation-panel/conversation-card-context-menu.tsx(117,9): error TS17004: Cannot use JSX unless the '--jsx' flag is provided.
frontend/src/components/features/conversation-panel/conversation-card-context-menu.tsx(121,11): error TS17004: Cannot use JSX unless the '--jsx' flag is provided.
frontend/src/components/features/conversation-panel/conversation-card-context-menu.tsx(128,33): error TS17004: Cannot use JSX unless the '--jsx' flag is provided.
frontend/src/components/features/conversation-panel/conversation-card-context-menu.tsx(131,9): error TS17004: Cannot use JSX unless the '--jsx' flag is provided.
frontend/src/components/features/conversation-panel/conversation-card-context-menu.tsx(132,11): error TS17004: Cannot use JSX unless the '--jsx' flag is provided.
frontend/src/components/features/conversation-panel/conversation-card-context-menu.tsx(137,9): error TS17004: Cannot use JSX unless the '--jsx' flag is provided.
frontend/src/components/features/conversation-panel/conversation-card-context-menu.tsx(138,11): error TS17004: Cannot use JSX unless the '--jsx' flag is provided.
frontend/src/components/features/conversation-panel/conversation-card.tsx(8,38): error TS2835: Relative import paths need explicit file extensions in ECMAScript imports when '--moduleResolution' is 'node16' or 'nodenext'. Did you mean './conversation-repo-link.js'?
frontend/src/components/features/conversation-panel/conversation-card.tsx(9,44): error TS2835: Relative import paths need explicit file extensions in ECMAScript imports when '--moduleResolution' is 'node16' or 'nodenext'. Did you mean './conversation-state-indicator.js'?
frontend/src/components/features/conversation-panel/conversation-card.tsx(10,32): error TS2835: Relative import paths need explicit file extensions in ECMAScript imports when '--moduleResolution' is 'node16' or 'nodenext'. Did you mean './ellipsis-button.js'?
frontend/src/components/features/conversation-panel/conversation-card.tsx(11,45): error TS2835: Relative import paths need explicit file extensions in ECMAScript imports when '--moduleResolution' is 'node16' or 'nodenext'. Did you mean './conversation-card-context-menu.js'?
frontend/src/components/features/conversation-panel/conversation-card.tsx(12,36): error TS2835: Relative import paths need explicit file extensions in ECMAScript imports when '--moduleResolution' is 'node16' or 'nodenext'. Did you mean './system-message-modal.js'?
frontend/src/components/features/conversation-panel/conversation-card.tsx(13,34): error TS2835: Relative import paths need explicit file extensions in ECMAScript imports when '--moduleResolution' is 'node16' or 'nodenext'. Did you mean './microagents-modal.js'?
frontend/src/components/features/conversation-panel/conversation-card.tsx(14,31): error TS2835: Relative import paths need explicit file extensions in ECMAScript imports when '--moduleResolution' is 'node16' or 'nodenext'. Did you mean './budget-display.js'?
frontend/src/components/features/conversation-panel/conversation-card.tsx(15,10): error TS2614: Module '"#/*"' has no exported member 'cn'. Did you mean to use 'import cn from "#/*"' instead?
frontend/src/components/features/conversation-panel/conversation-card.tsx(16,27): error TS2835: Relative import paths need explicit file extensions in ECMAScript imports when '--moduleResolution' is 'node16' or 'nodenext'. Did you mean '../../shared/modals/base-modal/base-modal.js'?
frontend/src/components/features/conversation-panel/conversation-card.tsx(17,10): error TS2614: Module '"#/*"' has no exported member 'RootState'. Did you mean to use 'import RootState from "#/*"' instead?
frontend/src/components/features/conversation-panel/conversation-card.tsx(18,10): error TS2614: Module '"#/*"' has no exported member 'I18nKey'. Did you mean to use 'import I18nKey from "#/*"' instead?
frontend/src/components/features/conversation-panel/conversation-card.tsx(19,10): error TS2614: Module '"#/*"' has no exported member 'transformVSCodeUrl'. Did you mean to use 'import transformVSCodeUrl from "#/*"' instead?
frontend/src/components/features/conversation-panel/conversation-card.tsx(21,10): error TS2614: Module '"#/*"' has no exported member 'useWsClient'. Did you mean to use 'import useWsClient from "#/*"' instead?
frontend/src/components/features/conversation-panel/conversation-card.tsx(22,10): error TS2614: Module '"#/*"' has no exported member 'isSystemMessage'. Did you mean to use 'import isSystemMessage from "#/*"' instead?
frontend/src/components/features/conversation-panel/conversation-card.tsx(23,10): error TS2614: Module '"#/*"' has no exported member 'ConversationStatus'. Did you mean to use 'import ConversationStatus from "#/*"' instead?
frontend/src/components/features/conversation-panel/conversation-card.tsx(24,10): error TS2614: Module '"#/*"' has no exported member 'RepositorySelection'. Did you mean to use 'import RepositorySelection from "#/*"' instead?
frontend/src/components/features/conversation-panel/conversation-card.tsx(131,13): error TS2339: Property 'capture' does not exist on type 'typeof import("C:/Users/GIGABYTE/Desktop/Forge/frontend/node_modules/posthog-js/dist/module")'.
frontend/src/components/features/conversation-panel/conversation-card.tsx(184,5): error TS17004: Cannot use JSX unless the '--jsx' flag is provided.
frontend/src/components/features/conversation-panel/conversation-card.tsx(185,7): error TS17004: Cannot use JSX unless the '--jsx' flag is provided.
frontend/src/components/features/conversation-panel/conversation-card.tsx(202,9): error TS17004: Cannot use JSX unless the '--jsx' flag is provided.
frontend/src/components/features/conversation-panel/conversation-card.tsx(203,11): error TS17004: Cannot use JSX unless the '--jsx' flag is provided.
frontend/src/components/features/conversation-panel/conversation-card.tsx(205,15): error TS17004: Cannot use JSX unless the '--jsx' flag is provided.
frontend/src/components/features/conversation-panel/conversation-card.tsx(213,15): error TS17004: Cannot use JSX unless the '--jsx' flag is provided.
frontend/src/components/features/conversation-panel/conversation-card.tsx(225,15): error TS17004: Cannot use JSX unless the '--jsx' flag is provided.
frontend/src/components/features/conversation-panel/conversation-card.tsx(226,17): error TS17004: Cannot use JSX unless the '--jsx' flag is provided.
frontend/src/components/features/conversation-panel/conversation-card.tsx(233,17): error TS17004: Cannot use JSX unless the '--jsx' flag is provided.
frontend/src/components/features/conversation-panel/conversation-card.tsx(238,11): error TS17004: Cannot use JSX unless the '--jsx' flag is provided.
frontend/src/components/features/conversation-panel/conversation-card.tsx(239,13): error TS17004: Cannot use JSX unless the '--jsx' flag is provided.
frontend/src/components/features/conversation-panel/conversation-card.tsx(243,15): error TS17004: Cannot use JSX unless the '--jsx' flag is provided.
frontend/src/components/features/conversation-panel/conversation-card.tsx(244,17): error TS17004: Cannot use JSX unless the '--jsx' flag is provided.
frontend/src/components/features/conversation-panel/conversation-card.tsx(245,29): error TS7006: Parameter 'event' implicitly has an 'any' type.
frontend/src/components/features/conversation-panel/conversation-card.tsx(253,13): error TS17004: Cannot use JSX unless the '--jsx' flag is provided.
frontend/src/components/features/conversation-panel/conversation-card.tsx(255,17): error TS17004: Cannot use JSX unless the '--jsx' flag is provided.
frontend/src/components/features/conversation-panel/conversation-card.tsx(287,9): error TS17004: Cannot use JSX unless the '--jsx' flag is provided.
frontend/src/components/features/conversation-panel/conversation-card.tsx(294,13): error TS17004: Cannot use JSX unless the '--jsx' flag is provided.
frontend/src/components/features/conversation-panel/conversation-card.tsx(300,13): error TS17004: Cannot use JSX unless the '--jsx' flag is provided.
frontend/src/components/features/conversation-panel/conversation-card.tsx(301,15): error TS17004: Cannot use JSX unless the '--jsx' flag is provided.
frontend/src/components/features/conversation-panel/conversation-card.tsx(302,15): error TS17004: Cannot use JSX unless the '--jsx' flag is provided.
frontend/src/components/features/conversation-panel/conversation-card.tsx(304,17): error TS17004: Cannot use JSX unless the '--jsx' flag is provided.
frontend/src/components/features/conversation-panel/conversation-card.tsx(308,17): error TS17004: Cannot use JSX unless the '--jsx' flag is provided.
frontend/src/components/features/conversation-panel/conversation-card.tsx(310,19): error TS17004: Cannot use JSX unless the '--jsx' flag is provided.
frontend/src/components/features/conversation-panel/conversation-card.tsx(319,7): error TS17004: Cannot use JSX unless the '--jsx' flag is provided.
frontend/src/components/features/conversation-panel/conversation-card.tsx(325,9): error TS17004: Cannot use JSX unless the '--jsx' flag is provided.
frontend/src/components/features/conversation-panel/conversation-card.tsx(327,13): error TS17004: Cannot use JSX unless the '--jsx' flag is provided.
frontend/src/components/features/conversation-panel/conversation-card.tsx(328,15): error TS17004: Cannot use JSX unless the '--jsx' flag is provided.
frontend/src/components/features/conversation-panel/conversation-card.tsx(330,19): error TS17004: Cannot use JSX unless the '--jsx' flag is provided.
frontend/src/components/features/conversation-panel/conversation-card.tsx(331,21): error TS17004: Cannot use JSX unless the '--jsx' flag is provided.
frontend/src/components/features/conversation-panel/conversation-card.tsx(334,21): error TS17004: Cannot use JSX unless the '--jsx' flag is provided.
frontend/src/components/features/conversation-panel/conversation-card.tsx(339,17): error TS17004: Cannot use JSX unless the '--jsx' flag is provided.
frontend/src/components/features/conversation-panel/conversation-card.tsx(345,19): error TS17004: Cannot use JSX unless the '--jsx' flag is provided.
frontend/src/components/features/conversation-panel/conversation-card.tsx(346,21): error TS17004: Cannot use JSX unless the '--jsx' flag is provided.
frontend/src/components/features/conversation-panel/conversation-card.tsx(347,23): error TS17004: Cannot use JSX unless the '--jsx' flag is provided.
frontend/src/components/features/conversation-panel/conversation-card.tsx(350,23): error TS17004: Cannot use JSX unless the '--jsx' flag is provided.
frontend/src/components/features/conversation-panel/conversation-card.tsx(351,25): error TS17004: Cannot use JSX unless the '--jsx' flag is provided.
frontend/src/components/features/conversation-panel/conversation-card.tsx(355,21): error TS17004: Cannot use JSX unless the '--jsx' flag is provided.
frontend/src/components/features/conversation-panel/conversation-card.tsx(356,23): error TS17004: Cannot use JSX unless the '--jsx' flag is provided.
frontend/src/components/features/conversation-panel/conversation-card.tsx(359,23): error TS17004: Cannot use JSX unless the '--jsx' flag is provided.
frontend/src/components/features/conversation-panel/conversation-card.tsx(360,25): error TS17004: Cannot use JSX unless the '--jsx' flag is provided.
frontend/src/components/features/conversation-panel/conversation-card.tsx(362,23): error TS17004: Cannot use JSX unless the '--jsx' flag is provided.
frontend/src/components/features/conversation-panel/conversation-card.tsx(365,23): error TS17004: Cannot use JSX unless the '--jsx' flag is provided.
frontend/src/components/features/conversation-panel/conversation-card.tsx(366,25): error TS17004: Cannot use JSX unless the '--jsx' flag is provided.
frontend/src/components/features/conversation-panel/conversation-card.tsx(372,21): error TS17004: Cannot use JSX unless the '--jsx' flag is provided.
frontend/src/components/features/conversation-panel/conversation-card.tsx(373,23): error TS17004: Cannot use JSX unless the '--jsx' flag is provided.
frontend/src/components/features/conversation-panel/conversation-card.tsx(376,23): error TS17004: Cannot use JSX unless the '--jsx' flag is provided.
frontend/src/components/features/conversation-panel/conversation-card.tsx(377,25): error TS17004: Cannot use JSX unless the '--jsx' flag is provided.
frontend/src/components/features/conversation-panel/conversation-card.tsx(381,21): error TS17004: Cannot use JSX unless the '--jsx' flag is provided.
frontend/src/components/features/conversation-panel/conversation-card.tsx(382,23): error TS17004: Cannot use JSX unless the '--jsx' flag is provided.
frontend/src/components/features/conversation-panel/conversation-card.tsx(385,23): error TS17004: Cannot use JSX unless the '--jsx' flag is provided.
frontend/src/components/features/conversation-panel/conversation-card.tsx(386,25): error TS17004: Cannot use JSX unless the '--jsx' flag is provided.
frontend/src/components/features/conversation-panel/conversation-card.tsx(395,21): error TS17004: Cannot use JSX unless the '--jsx' flag is provided.
frontend/src/components/features/conversation-panel/conversation-card.tsx(396,23): error TS17004: Cannot use JSX unless the '--jsx' flag is provided.
frontend/src/components/features/conversation-panel/conversation-card.tsx(397,25): error TS17004: Cannot use JSX unless the '--jsx' flag is provided.
frontend/src/components/features/conversation-panel/conversation-card.tsx(401,23): error TS17004: Cannot use JSX unless the '--jsx' flag is provided.
frontend/src/components/features/conversation-panel/conversation-card.tsx(402,25): error TS17004: Cannot use JSX unless the '--jsx' flag is provided.
frontend/src/components/features/conversation-panel/conversation-card.tsx(409,23): error TS17004: Cannot use JSX unless the '--jsx' flag is provided.
frontend/src/components/features/conversation-panel/conversation-card.tsx(410,25): error TS17004: Cannot use JSX unless the '--jsx' flag is provided.
frontend/src/components/features/conversation-panel/conversation-card.tsx(411,27): error TS17004: Cannot use JSX unless the '--jsx' flag is provided.
frontend/src/components/features/conversation-panel/conversation-card.tsx(413,27): error TS17004: Cannot use JSX unless the '--jsx' flag is provided.
frontend/src/components/features/conversation-panel/conversation-card.tsx(431,13): error TS17004: Cannot use JSX unless the '--jsx' flag is provided.
frontend/src/components/features/conversation-panel/conversation-card.tsx(432,15): error TS17004: Cannot use JSX unless the '--jsx' flag is provided.
frontend/src/components/features/conversation-panel/conversation-card.tsx(440,7): error TS17004: Cannot use JSX unless the '--jsx' flag is provided.
frontend/src/components/features/conversation-panel/conversation-card.tsx(447,9): error TS17004: Cannot use JSX unless the '--jsx' flag is provided.
frontend/src/components/features/conversation-panel/conversation-panel-wrapper.tsx(34,5): error TS17004: Cannot use JSX unless the '--jsx' flag is provided.
frontend/src/components/features/conversation-panel/conversation-panel-wrapper.tsx(41,7): error TS17004: Cannot use JSX unless the '--jsx' flag is provided.
frontend/src/components/features/conversation-panel/conversation-panel.tsx(4,10): error TS2614: Module '"#/*"' has no exported member 'I18nKey'. Did you mean to use 'import I18nKey from "#/*"' instead?
frontend/src/components/features/conversation-panel/conversation-panel.tsx(5,34): error TS2835: Relative import paths need explicit file extensions in ECMAScript imports when '--moduleResolution' is 'node16' or 'nodenext'. Did you mean './conversation-card.js'?
frontend/src/components/features/conversation-panel/conversation-panel.tsx(6,10): error TS2614: Module '"#/*"' has no exported member 'usePaginatedConversations'. Did you mean to use 'import usePaginatedConversations from "#/*"' instead?
frontend/src/components/features/conversation-panel/conversation-panel.tsx(7,10): error TS2614: Module '"#/*"' has no exported member 'useInfiniteScroll'. Did you mean to use 'import useInfiniteScroll from "#/*"' instead?
frontend/src/components/features/conversation-panel/conversation-panel.tsx(8,10): error TS2614: Module '"#/*"' has no exported member 'useDeleteConversation'. Did you mean to use 'import useDeleteConversation from "#/*"' instead?
frontend/src/components/features/conversation-panel/conversation-panel.tsx(9,10): error TS2614: Module '"#/*"' has no exported member 'useStopConversation'. Did you mean to use 'import useStopConversation from "#/*"' instead?
frontend/src/components/features/conversation-panel/conversation-panel.tsx(10,36): error TS2835: Relative import paths need explicit file extensions in ECMAScript imports when '--moduleResolution' is 'node16' or 'nodenext'. Did you mean './confirm-delete-modal.js'?
frontend/src/components/features/conversation-panel/conversation-panel.tsx(11,34): error TS2835: Relative import paths need explicit file extensions in ECMAScript imports when '--moduleResolution' is 'node16' or 'nodenext'. Did you mean './confirm-stop-modal.js'?
frontend/src/components/features/conversation-panel/conversation-panel.tsx(12,10): error TS2614: Module '"#/*"' has no exported member 'LoadingSpinner'. Did you mean to use 'import LoadingSpinner from "#/*"' instead?
frontend/src/components/features/conversation-panel/conversation-panel.tsx(13,39): error TS2835: Relative import paths need explicit file extensions in ECMAScript imports when '--moduleResolution' is 'node16' or 'nodenext'. Did you mean './exit-conversation-modal.js'?
frontend/src/components/features/conversation-panel/conversation-panel.tsx(14,10): error TS2614: Module '"#/*"' has no exported member 'useClickOutsideElement'. Did you mean to use 'import useClickOutsideElement from "#/*"' instead?
frontend/src/components/features/conversation-panel/conversation-panel.tsx(15,10): error TS2614: Module '"#/*"' has no exported member 'Provider'. Did you mean to use 'import Provider from "#/*"' instead?
frontend/src/components/features/conversation-panel/conversation-panel.tsx(16,10): error TS2614: Module '"#/*"' has no exported member 'useUpdateConversation'. Did you mean to use 'import useUpdateConversation from "#/*"' instead?
frontend/src/components/features/conversation-panel/conversation-panel.tsx(17,10): error TS2614: Module '"#/*"' has no exported member 'displaySuccessToast'. Did you mean to use 'import displaySuccessToast from "#/*"' instead?
frontend/src/components/features/conversation-panel/conversation-panel.tsx(62,46): error TS7006: Parameter 'page' implicitly has an 'any' type.
frontend/src/components/features/conversation-panel/conversation-panel.tsx(131,5): error TS17004: Cannot use JSX unless the '--jsx' flag is provided.
frontend/src/components/features/conversation-panel/conversation-panel.tsx(142,9): error TS17004: Cannot use JSX unless the '--jsx' flag is provided.
frontend/src/components/features/conversation-panel/conversation-panel.tsx(143,11): error TS17004: Cannot use JSX unless the '--jsx' flag is provided.
frontend/src/components/features/conversation-panel/conversation-panel.tsx(147,9): error TS17004: Cannot use JSX unless the '--jsx' flag is provided.
frontend/src/components/features/conversation-panel/conversation-panel.tsx(148,11): error TS17004: Cannot use JSX unless the '--jsx' flag is provided.
frontend/src/components/features/conversation-panel/conversation-panel.tsx(149,13): error TS17004: Cannot use JSX unless the '--jsx' flag is provided.
frontend/src/components/features/conversation-panel/conversation-panel.tsx(150,15): error TS17004: Cannot use JSX unless the '--jsx' flag is provided.
frontend/src/components/features/conversation-panel/conversation-panel.tsx(151,17): error TS17004: Cannot use JSX unless the '--jsx' flag is provided.
frontend/src/components/features/conversation-panel/conversation-panel.tsx(153,15): error TS17004: Cannot use JSX unless the '--jsx' flag is provided.
frontend/src/components/features/conversation-panel/conversation-panel.tsx(155,13): error TS17004: Cannot use JSX unless the '--jsx' flag is provided.
frontend/src/components/features/conversation-panel/conversation-panel.tsx(160,9): error TS17004: Cannot use JSX unless the '--jsx' flag is provided.
frontend/src/components/features/conversation-panel/conversation-panel.tsx(161,11): error TS17004: Cannot use JSX unless the '--jsx' flag is provided.
frontend/src/components/features/conversation-panel/conversation-panel.tsx(162,13): error TS17004: Cannot use JSX unless the '--jsx' flag is provided.
frontend/src/components/features/conversation-panel/conversation-panel.tsx(163,15): error TS17004: Cannot use JSX unless the '--jsx' flag is provided.
frontend/src/components/features/conversation-panel/conversation-panel.tsx(164,17): error TS17004: Cannot use JSX unless the '--jsx' flag is provided.
frontend/src/components/features/conversation-panel/conversation-panel.tsx(166,15): error TS17004: Cannot use JSX unless the '--jsx' flag is provided.
frontend/src/components/features/conversation-panel/conversation-panel.tsx(167,17): error TS17004: Cannot use JSX unless the '--jsx' flag is provided.
frontend/src/components/features/conversation-panel/conversation-panel.tsx(170,17): error TS17004: Cannot use JSX unless the '--jsx' flag is provided.
frontend/src/components/features/conversation-panel/conversation-panel.tsx(178,28): error TS7006: Parameter 'project' implicitly has an 'any' type.
frontend/src/components/features/conversation-panel/conversation-panel.tsx(179,9): error TS17004: Cannot use JSX unless the '--jsx' flag is provided.
frontend/src/components/features/conversation-panel/conversation-panel.tsx(185,13): error TS17004: Cannot use JSX unless the '--jsx' flag is provided.
frontend/src/components/features/conversation-panel/conversation-panel.tsx(189,31): error TS7006: Parameter 'title' implicitly has an 'any' type.
frontend/src/components/features/conversation-panel/conversation-panel.tsx(203,37): error TS7006: Parameter 'isOpen' implicitly has an 'any' type.
frontend/src/components/features/conversation-panel/conversation-panel.tsx(218,11): error TS17004: Cannot use JSX unless the '--jsx' flag is provided.
frontend/src/components/features/conversation-panel/conversation-panel.tsx(219,13): error TS17004: Cannot use JSX unless the '--jsx' flag is provided.
frontend/src/components/features/conversation-panel/conversation-panel.tsx(231,9): error TS17004: Cannot use JSX unless the '--jsx' flag is provided.
frontend/src/components/features/conversation-panel/conversation-panel.tsx(232,11): error TS17004: Cannot use JSX unless the '--jsx' flag is provided.
frontend/src/components/features/conversation-panel/conversation-panel.tsx(237,9): error TS17004: Cannot use JSX unless the '--jsx' flag is provided.
frontend/src/components/features/conversation-panel/conversation-panel.tsx(247,9): error TS17004: Cannot use JSX unless the '--jsx' flag is provided.
frontend/src/components/features/conversation-panel/conversation-panel.tsx(257,9): error TS17004: Cannot use JSX unless the '--jsx' flag is provided.
frontend/src/components/features/conversation-panel/conversation-repo-link.tsx(2,10): error TS2614: Module '"#/*"' has no exported member 'RepositorySelection'. Did you mean to use 'import RepositorySelection from "#/*"' instead?
frontend/src/components/features/conversation-panel/conversation-repo-link.tsx(15,7): error TS17004: Cannot use JSX unless the '--jsx' flag is provided.
frontend/src/components/features/conversation-panel/conversation-repo-link.tsx(25,5): error TS17004: Cannot use JSX unless the '--jsx' flag is provided.
frontend/src/components/features/conversation-panel/conversation-repo-link.tsx(26,56): error TS17004: Cannot use JSX unless the '--jsx' flag is provided.
frontend/src/components/features/conversation-panel/conversation-repo-link.tsx(27,56): error TS17004: Cannot use JSX unless the '--jsx' flag is provided.
frontend/src/components/features/conversation-panel/conversation-repo-link.tsx(28,59): error TS17004: Cannot use JSX unless the '--jsx' flag is provided.
frontend/src/components/features/conversation-panel/conversation-repo-link.tsx(30,7): error TS17004: Cannot use JSX unless the '--jsx' flag is provided.
frontend/src/components/features/conversation-panel/conversation-repo-link.tsx(36,7): error TS17004: Cannot use JSX unless the '--jsx' flag is provided.
frontend/src/components/features/conversation-panel/conversation-state-indicator.tsx(1,10): error TS2614: Module '"#/*"' has no exported member 'ConversationStatus'. Did you mean to use 'import ConversationStatus from "#/*"' instead?
frontend/src/components/features/conversation-panel/conversation-state-indicator.tsx(28,5): error TS17004: Cannot use JSX unless the '--jsx' flag is provided.
frontend/src/components/features/conversation-panel/conversation-state-indicator.tsx(29,7): error TS17004: Cannot use JSX unless the '--jsx' flag is provided.
frontend/src/components/features/conversation-panel/ellipsis-button.tsx(9,5): error TS17004: Cannot use JSX unless the '--jsx' flag is provided.
frontend/src/components/features/conversation-panel/ellipsis-button.tsx(15,7): error TS17004: Cannot use JSX unless the '--jsx' flag is provided.
frontend/src/components/features/conversation-panel/exit-conversation-modal.tsx(2,10): error TS2614: Module '"#/*"' has no exported member 'ModalBackdrop'. Did you mean to use 'import ModalBackdrop from "#/*"' instead?
frontend/src/components/features/conversation-panel/exit-conversation-modal.tsx(3,10): error TS2614: Module '"#/*"' has no exported member 'ModalBody'. Did you mean to use 'import ModalBody from "#/*"' instead?
frontend/src/components/features/conversation-panel/exit-conversation-modal.tsx(4,10): error TS2614: Module '"#/*"' has no exported member 'ModalButton'. Did you mean to use 'import ModalButton from "#/*"' instead?
frontend/src/components/features/conversation-panel/exit-conversation-modal.tsx(5,10): error TS2614: Module '"#/*"' has no exported member 'BaseModalTitle'. Did you mean to use 'import BaseModalTitle from "#/*"' instead?
frontend/src/components/features/conversation-panel/exit-conversation-modal.tsx(6,10): error TS2614: Module '"#/*"' has no exported member 'I18nKey'. Did you mean to use 'import I18nKey from "#/*"' instead?
frontend/src/components/features/conversation-panel/exit-conversation-modal.tsx(20,5): error TS17004: Cannot use JSX unless the '--jsx' flag is provided.
frontend/src/components/features/conversation-panel/exit-conversation-modal.tsx(21,7): error TS17004: Cannot use JSX unless the '--jsx' flag is provided.
frontend/src/components/features/conversation-panel/exit-conversation-modal.tsx(22,9): error TS17004: Cannot use JSX unless the '--jsx' flag is provided.
frontend/src/components/features/conversation-panel/exit-conversation-modal.tsx(23,9): error TS17004: Cannot use JSX unless the '--jsx' flag is provided.
frontend/src/components/features/conversation-panel/exit-conversation-modal.tsx(24,11): error TS17004: Cannot use JSX unless the '--jsx' flag is provided.
frontend/src/components/features/conversation-panel/exit-conversation-modal.tsx(29,11): error TS17004: Cannot use JSX unless the '--jsx' flag is provided.
frontend/src/components/features/conversation-panel/microagents-modal.tsx(5,10): error TS2614: Module '"#/*"' has no exported member 'BaseModalTitle'. Did you mean to use 'import BaseModalTitle from "#/*"' instead?
frontend/src/components/features/conversation-panel/microagents-modal.tsx(6,10): error TS2614: Module '"#/*"' has no exported member 'ModalBackdrop'. Did you mean to use 'import ModalBackdrop from "#/*"' instead?
frontend/src/components/features/conversation-panel/microagents-modal.tsx(7,10): error TS2614: Module '"#/*"' has no exported member 'ModalBody'. Did you mean to use 'import ModalBody from "#/*"' instead?
frontend/src/components/features/conversation-panel/microagents-modal.tsx(8,10): error TS2614: Module '"#/*"' has no exported member 'I18nKey'. Did you mean to use 'import I18nKey from "#/*"' instead?
frontend/src/components/features/conversation-panel/microagents-modal.tsx(9,10): error TS2614: Module '"#/*"' has no exported member 'useConversationMicroagents'. Did you mean to use 'import useConversationMicroagents from "#/*"' instead?
frontend/src/components/features/conversation-panel/microagents-modal.tsx(10,10): error TS2614: Module '"#/*"' has no exported member 'RootState'. Did you mean to use 'import RootState from "#/*"' instead?
frontend/src/components/features/conversation-panel/microagents-modal.tsx(11,10): error TS2614: Module '"#/*"' has no exported member 'AgentState'. Did you mean to use 'import AgentState from "#/*"' instead?
frontend/src/components/features/conversation-panel/microagents-modal.tsx(12,29): error TS2835: Relative import paths need explicit file extensions in ECMAScript imports when '--moduleResolution' is 'node16' or 'nodenext'. Did you mean '../settings/brand-button.js'?
frontend/src/components/features/conversation-panel/microagents-modal.tsx(44,5): error TS17004: Cannot use JSX unless the '--jsx' flag is provided.
frontend/src/components/features/conversation-panel/microagents-modal.tsx(45,7): error TS17004: Cannot use JSX unless the '--jsx' flag is provided.
frontend/src/components/features/conversation-panel/microagents-modal.tsx(50,9): error TS17004: Cannot use JSX unless the '--jsx' flag is provided.
frontend/src/components/features/conversation-panel/microagents-modal.tsx(51,11): error TS17004: Cannot use JSX unless the '--jsx' flag is provided.
frontend/src/components/features/conversation-panel/microagents-modal.tsx(52,13): error TS17004: Cannot use JSX unless the '--jsx' flag is provided.
frontend/src/components/features/conversation-panel/microagents-modal.tsx(54,15): error TS17004: Cannot use JSX unless the '--jsx' flag is provided.
frontend/src/components/features/conversation-panel/microagents-modal.tsx(62,17): error TS17004: Cannot use JSX unless the '--jsx' flag is provided.
frontend/src/components/features/conversation-panel/microagents-modal.tsx(73,11): error TS17004: Cannot use JSX unless the '--jsx' flag is provided.
frontend/src/components/features/conversation-panel/microagents-modal.tsx(78,9): error TS17004: Cannot use JSX unless the '--jsx' flag is provided.
frontend/src/components/features/conversation-panel/microagents-modal.tsx(80,13): error TS17004: Cannot use JSX unless the '--jsx' flag is provided.
frontend/src/components/features/conversation-panel/microagents-modal.tsx(86,13): error TS17004: Cannot use JSX unless the '--jsx' flag is provided.
frontend/src/components/features/conversation-panel/microagents-modal.tsx(87,15): error TS17004: Cannot use JSX unless the '--jsx' flag is provided.
frontend/src/components/features/conversation-panel/microagents-modal.tsx(94,15): error TS17004: Cannot use JSX unless the '--jsx' flag is provided.
frontend/src/components/features/conversation-panel/microagents-modal.tsx(95,17): error TS17004: Cannot use JSX unless the '--jsx' flag is provided.
frontend/src/components/features/conversation-panel/microagents-modal.tsx(107,15): error TS17004: Cannot use JSX unless the '--jsx' flag is provided.
frontend/src/components/features/conversation-panel/microagents-modal.tsx(108,35): error TS7006: Parameter 'agent' implicitly has an 'any' type.
frontend/src/components/features/conversation-panel/microagents-modal.tsx(112,21): error TS17004: Cannot use JSX unless the '--jsx' flag is provided.
frontend/src/components/features/conversation-panel/microagents-modal.tsx(116,23): error TS17004: Cannot use JSX unless the '--jsx' flag is provided.
frontend/src/components/features/conversation-panel/microagents-modal.tsx(121,25): error TS17004: Cannot use JSX unless the '--jsx' flag is provided.
frontend/src/components/features/conversation-panel/microagents-modal.tsx(122,27): error TS17004: Cannot use JSX unless the '--jsx' flag is provided.
frontend/src/components/features/conversation-panel/microagents-modal.tsx(126,25): error TS17004: Cannot use JSX unless the '--jsx' flag is provided.
frontend/src/components/features/conversation-panel/microagents-modal.tsx(127,27): error TS17004: Cannot use JSX unless the '--jsx' flag is provided.
frontend/src/components/features/conversation-panel/microagents-modal.tsx(130,27): error TS17004: Cannot use JSX unless the '--jsx' flag is provided.
frontend/src/components/features/conversation-panel/microagents-modal.tsx(132,31): error TS17004: Cannot use JSX unless the '--jsx' flag is provided.
frontend/src/components/features/conversation-panel/microagents-modal.tsx(134,31): error TS17004: Cannot use JSX unless the '--jsx' flag is provided.
frontend/src/components/features/conversation-panel/microagents-modal.tsx(141,25): error TS17004: Cannot use JSX unless the '--jsx' flag is provided.
frontend/src/components/features/conversation-panel/microagents-modal.tsx(143,29): error TS17004: Cannot use JSX unless the '--jsx' flag is provided.
frontend/src/components/features/conversation-panel/microagents-modal.tsx(144,31): error TS17004: Cannot use JSX unless the '--jsx' flag is provided.
frontend/src/components/features/conversation-panel/microagents-modal.tsx(147,31): error TS17004: Cannot use JSX unless the '--jsx' flag is provided.
frontend/src/components/features/conversation-panel/microagents-modal.tsx(148,54): error TS7006: Parameter 'trigger' implicitly has an 'any' type.
frontend/src/components/features/conversation-panel/microagents-modal.tsx(149,35): error TS17004: Cannot use JSX unless the '--jsx' flag is provided.
frontend/src/components/features/conversation-panel/microagents-modal.tsx(160,27): error TS17004: Cannot use JSX unless the '--jsx' flag is provided.
frontend/src/components/features/conversation-panel/microagents-modal.tsx(161,29): error TS17004: Cannot use JSX unless the '--jsx' flag is provided.
frontend/src/components/features/conversation-panel/microagents-modal.tsx(164,29): error TS17004: Cannot use JSX unless the '--jsx' flag is provided.
frontend/src/components/features/conversation-panel/microagents-modal.tsx(165,31): error TS17004: Cannot use JSX unless the '--jsx' flag is provided.
frontend/src/components/features/conversation-panel/system-message-modal.tsx(5,10): error TS2614: Module '"#/*"' has no exported member 'BaseModalTitle'. Did you mean to use 'import BaseModalTitle from "#/*"' instead?
frontend/src/components/features/conversation-panel/system-message-modal.tsx(6,10): error TS2614: Module '"#/*"' has no exported member 'ModalBackdrop'. Did you mean to use 'import ModalBackdrop from "#/*"' instead?
frontend/src/components/features/conversation-panel/system-message-modal.tsx(7,10): error TS2614: Module '"#/*"' has no exported member 'ModalBody'. Did you mean to use 'import ModalBody from "#/*"' instead?
frontend/src/components/features/conversation-panel/system-message-modal.tsx(8,10): error TS2614: Module '"#/*"' has no exported member 'cn'. Did you mean to use 'import cn from "#/*"' instead?
frontend/src/components/features/conversation-panel/system-message-modal.tsx(9,10): error TS2614: Module '"#/*"' has no exported member 'JSON_VIEW_THEME'. Did you mean to use 'import JSON_VIEW_THEME from "#/*"' instead?
frontend/src/components/features/conversation-panel/system-message-modal.tsx(60,7): error TS17004: Cannot use JSX unless the '--jsx' flag is provided.
frontend/src/components/features/conversation-panel/system-message-modal.tsx(61,9): error TS17004: Cannot use JSX unless the '--jsx' flag is provided.
frontend/src/components/features/conversation-panel/system-message-modal.tsx(65,11): error TS17004: Cannot use JSX unless the '--jsx' flag is provided.
frontend/src/components/features/conversation-panel/system-message-modal.tsx(66,13): error TS17004: Cannot use JSX unless the '--jsx' flag is provided.
frontend/src/components/features/conversation-panel/system-message-modal.tsx(67,13): error TS17004: Cannot use JSX unless the '--jsx' flag is provided.
frontend/src/components/features/conversation-panel/system-message-modal.tsx(69,17): error TS17004: Cannot use JSX unless the '--jsx' flag is provided.
frontend/src/components/features/conversation-panel/system-message-modal.tsx(70,19): error TS17004: Cannot use JSX unless the '--jsx' flag is provided.
frontend/src/components/features/conversation-panel/system-message-modal.tsx(73,19): error TS17004: Cannot use JSX unless the '--jsx' flag is provided.
frontend/src/components/features/conversation-panel/system-message-modal.tsx(79,17): error TS17004: Cannot use JSX unless the '--jsx' flag is provided.
frontend/src/components/features/conversation-panel/system-message-modal.tsx(80,19): error TS17004: Cannot use JSX unless the '--jsx' flag is provided.
frontend/src/components/features/conversation-panel/system-message-modal.tsx(83,19): error TS17004: Cannot use JSX unless the '--jsx' flag is provided.
frontend/src/components/features/conversation-panel/system-message-modal.tsx(91,11): error TS17004: Cannot use JSX unless the '--jsx' flag is provided.
frontend/src/components/features/conversation-panel/system-message-modal.tsx(92,13): error TS17004: Cannot use JSX unless the '--jsx' flag is provided.
frontend/src/components/features/conversation-panel/system-message-modal.tsx(93,15): error TS17004: Cannot use JSX unless the '--jsx' flag is provided.
frontend/src/components/features/conversation-panel/system-message-modal.tsx(106,17): error TS17004: Cannot use JSX unless the '--jsx' flag is provided.
frontend/src/components/features/conversation-panel/system-message-modal.tsx(121,13): error TS17004: Cannot use JSX unless the '--jsx' flag is provided.
frontend/src/components/features/conversation-panel/system-message-modal.tsx(123,17): error TS17004: Cannot use JSX unless the '--jsx' flag is provided.
frontend/src/components/features/conversation-panel/system-message-modal.tsx(131,19): error TS17004: Cannot use JSX unless the '--jsx' flag is provided.
frontend/src/components/features/conversation-panel/system-message-modal.tsx(158,25): error TS17004: Cannot use JSX unless the '--jsx' flag is provided.
frontend/src/components/features/conversation-panel/system-message-modal.tsx(162,27): error TS17004: Cannot use JSX unless the '--jsx' flag is provided.
frontend/src/components/features/conversation-panel/system-message-modal.tsx(167,29): error TS17004: Cannot use JSX unless the '--jsx' flag is provided.
frontend/src/components/features/conversation-panel/system-message-modal.tsx(168,31): error TS17004: Cannot use JSX unless the '--jsx' flag is provided.
frontend/src/components/features/conversation-panel/system-message-modal.tsx(172,29): error TS17004: Cannot use JSX unless the '--jsx' flag is provided.
frontend/src/components/features/conversation-panel/system-message-modal.tsx(174,33): error TS17004: Cannot use JSX unless the '--jsx' flag is provided.
frontend/src/components/features/conversation-panel/system-message-modal.tsx(176,33): error TS17004: Cannot use JSX unless the '--jsx' flag is provided.
frontend/src/components/features/conversation-panel/system-message-modal.tsx(182,29): error TS17004: Cannot use JSX unless the '--jsx' flag is provided.
frontend/src/components/features/conversation-panel/system-message-modal.tsx(183,31): error TS17004: Cannot use JSX unless the '--jsx' flag is provided.
frontend/src/components/features/conversation-panel/system-message-modal.tsx(184,33): error TS17004: Cannot use JSX unless the '--jsx' flag is provided.
frontend/src/components/features/conversation-panel/system-message-modal.tsx(191,33): error TS17004: Cannot use JSX unless the '--jsx' flag is provided.
frontend/src/components/features/conversation-panel/system-message-modal.tsx(192,35): error TS17004: Cannot use JSX unless the '--jsx' flag is provided.
frontend/src/components/features/conversation-panel/system-message-modal.tsx(195,35): error TS17004: Cannot use JSX unless the '--jsx' flag is provided.
frontend/src/components/features/conversation-panel/system-message-modal.tsx(196,37): error TS17004: Cannot use JSX unless the '--jsx' flag is provided.
frontend/src/components/features/conversation-panel/system-message-modal.tsx(196,38): error TS2604: JSX element type 'ReactJsonView' does not have any construct or call signatures.
frontend/src/components/features/conversation-panel/system-message-modal.tsx(196,38): error TS2786: 'ReactJsonView' cannot be used as a JSX component.
  Its type 'typeof import("C:/Users/GIGABYTE/Desktop/Forge/frontend/node_modules/@microlink/react-json-view/index")' is not a valid JSX element type.
frontend/src/components/features/conversation-panel/system-message-modal.tsx(214,19): error TS17004: Cannot use JSX unless the '--jsx' flag is provided.
frontend/src/components/features/conversation-panel/system-message-modal.tsx(215,21): error TS17004: Cannot use JSX unless the '--jsx' flag is provided.
frontend/src/components/features/conversation/conversation-tabs.tsx(5,10): error TS2614: Module '"#/*"' has no exported member 'Container'. Did you mean to use 'import Container from "#/*"' instead?
frontend/src/components/features/conversation/conversation-tabs.tsx(6,10): error TS2614: Module '"#/*"' has no exported member 'I18nKey'. Did you mean to use 'import I18nKey from "#/*"' instead?
frontend/src/components/features/conversation/conversation-tabs.tsx(7,10): error TS2614: Module '"#/*"' has no exported member 'useRuntimeIsReady'. Did you mean to use 'import useRuntimeIsReady from "#/*"' instead?
frontend/src/components/features/conversation/conversation-tabs.tsx(8,10): error TS2614: Module '"#/*"' has no exported member 'TabContent'. Did you mean to use 'import TabContent from "#/*"' instead?
frontend/src/components/features/conversation/conversation-tabs.tsx(9,10): error TS2614: Module '"#/*"' has no exported member 'transformVSCodeUrl'. Did you mean to use 'import transformVSCodeUrl from "#/*"' instead?
frontend/src/components/features/conversation/conversation-tabs.tsx(10,10): error TS2614: Module '"#/*"' has no exported member 'useConversationId'. Did you mean to use 'import useConversationId from "#/*"' instead?
frontend/src/components/features/conversation/conversation-tabs.tsx(23,5): error TS17004: Cannot use JSX unless the '--jsx' flag is provided.
frontend/src/components/features/conversation/conversation-tabs.tsx(30,17): error TS17004: Cannot use JSX unless the '--jsx' flag is provided.
frontend/src/components/features/conversation/conversation-tabs.tsx(36,17): error TS17004: Cannot use JSX unless the '--jsx' flag is provided.
frontend/src/components/features/conversation/conversation-tabs.tsx(42,13): error TS17004: Cannot use JSX unless the '--jsx' flag is provided.
frontend/src/components/features/conversation/conversation-tabs.tsx(47,17): error TS17004: Cannot use JSX unless the '--jsx' flag is provided.
frontend/src/components/features/conversation/conversation-tabs.tsx(52,7): error TS17004: Cannot use JSX unless the '--jsx' flag is provided.
frontend/src/components/features/conversation/conversation-tabs.tsx(53,9): error TS17004: Cannot use JSX unless the '--jsx' flag is provided.
frontend/src/components/features/database-browser/query-editor.tsx(3,10): error TS2614: Module '"#/*"' has no exported member 'LazyMonaco'. Did you mean to use 'import LazyMonaco from "#/*"' instead?
frontend/src/components/features/database-browser/query-editor.tsx(4,10): error TS2614: Module '"#/*"' has no exported member 'BrandButton'. Did you mean to use 'import BrandButton from "#/*"' instead?
frontend/src/components/features/database-browser/query-editor.tsx(30,5): error TS17004: Cannot use JSX unless the '--jsx' flag is provided.
frontend/src/components/features/database-browser/query-editor.tsx(32,7): error TS17004: Cannot use JSX unless the '--jsx' flag is provided.
frontend/src/components/features/database-browser/query-editor.tsx(33,9): error TS17004: Cannot use JSX unless the '--jsx' flag is provided.
frontend/src/components/features/database-browser/query-editor.tsx(34,11): error TS17004: Cannot use JSX unless the '--jsx' flag is provided.
frontend/src/components/features/database-browser/query-editor.tsx(35,11): error TS17004: Cannot use JSX unless the '--jsx' flag is provided.
frontend/src/components/features/database-browser/query-editor.tsx(36,11): error TS17004: Cannot use JSX unless the '--jsx' flag is provided.
frontend/src/components/features/database-browser/query-editor.tsx(38,9): error TS17004: Cannot use JSX unless the '--jsx' flag is provided.
frontend/src/components/features/database-browser/query-editor.tsx(47,13): error TS17004: Cannot use JSX unless the '--jsx' flag is provided.
frontend/src/components/features/database-browser/query-editor.tsx(48,15): error TS17004: Cannot use JSX unless the '--jsx' flag is provided.
frontend/src/components/features/database-browser/query-editor.tsx(52,13): error TS17004: Cannot use JSX unless the '--jsx' flag is provided.
frontend/src/components/features/database-browser/query-editor.tsx(53,15): error TS17004: Cannot use JSX unless the '--jsx' flag is provided.
frontend/src/components/features/database-browser/query-editor.tsx(61,7): error TS17004: Cannot use JSX unless the '--jsx' flag is provided.
frontend/src/components/features/database-browser/query-editor.tsx(62,9): error TS17004: Cannot use JSX unless the '--jsx' flag is provided.
frontend/src/components/features/database-browser/query-results.tsx(16,7): error TS17004: Cannot use JSX unless the '--jsx' flag is provided.
frontend/src/components/features/database-browser/query-results.tsx(17,9): error TS17004: Cannot use JSX unless the '--jsx' flag is provided.
frontend/src/components/features/database-browser/query-results.tsx(18,11): error TS17004: Cannot use JSX unless the '--jsx' flag is provided.
frontend/src/components/features/database-browser/query-results.tsx(19,11): error TS17004: Cannot use JSX unless the '--jsx' flag is provided.
frontend/src/components/features/database-browser/query-results.tsx(27,7): error TS17004: Cannot use JSX unless the '--jsx' flag is provided.
frontend/src/components/features/database-browser/query-results.tsx(28,9): error TS17004: Cannot use JSX unless the '--jsx' flag is provided.
frontend/src/components/features/database-browser/query-results.tsx(29,11): error TS17004: Cannot use JSX unless the '--jsx' flag is provided.
frontend/src/components/features/database-browser/query-results.tsx(30,11): error TS17004: Cannot use JSX unless the '--jsx' flag is provided.
frontend/src/components/features/database-browser/query-results.tsx(38,7): error TS17004: Cannot use JSX unless the '--jsx' flag is provided.
frontend/src/components/features/database-browser/query-results.tsx(39,9): error TS17004: Cannot use JSX unless the '--jsx' flag is provided.
frontend/src/components/features/database-browser/query-results.tsx(51,7): error TS17004: Cannot use JSX unless the '--jsx' flag is provided.
frontend/src/components/features/database-browser/query-results.tsx(52,9): error TS17004: Cannot use JSX unless the '--jsx' flag is provided.
frontend/src/components/features/database-browser/query-results.tsx(53,11): error TS17004: Cannot use JSX unless the '--jsx' flag is provided.
frontend/src/components/features/database-browser/query-results.tsx(54,11): error TS17004: Cannot use JSX unless the '--jsx' flag is provided.
frontend/src/components/features/database-browser/query-results.tsx(63,7): error TS17004: Cannot use JSX unless the '--jsx' flag is provided.
frontend/src/components/features/database-browser/query-results.tsx(64,9): error TS17004: Cannot use JSX unless the '--jsx' flag is provided.
frontend/src/components/features/database-browser/query-results.tsx(65,11): error TS17004: Cannot use JSX unless the '--jsx' flag is provided.
frontend/src/components/features/database-browser/query-results.tsx(66,11): error TS17004: Cannot use JSX unless the '--jsx' flag is provided.
frontend/src/components/features/database-browser/query-results.tsx(68,15): error TS17004: Cannot use JSX unless the '--jsx' flag is provided.
frontend/src/components/features/database-browser/query-results.tsx(69,17): error TS17004: Cannot use JSX unless the '--jsx' flag is provided.
frontend/src/components/features/database-browser/query-results.tsx(70,17): error TS17004: Cannot use JSX unless the '--jsx' flag is provided.
frontend/src/components/features/database-browser/query-results.tsx(74,15): error TS17004: Cannot use JSX unless the '--jsx' flag is provided.
frontend/src/components/features/database-browser/query-results.tsx(75,17): error TS17004: Cannot use JSX unless the '--jsx' flag is provided.
frontend/src/components/features/database-browser/query-results.tsx(76,17): error TS17004: Cannot use JSX unless the '--jsx' flag is provided.
frontend/src/components/features/database-browser/query-results.tsx(89,5): error TS17004: Cannot use JSX unless the '--jsx' flag is provided.
frontend/src/components/features/database-browser/query-results.tsx(91,7): error TS17004: Cannot use JSX unless the '--jsx' flag is provided.
frontend/src/components/features/database-browser/query-results.tsx(92,9): error TS17004: Cannot use JSX unless the '--jsx' flag is provided.
frontend/src/components/features/database-browser/query-results.tsx(93,11): error TS17004: Cannot use JSX unless the '--jsx' flag is provided.
frontend/src/components/features/database-browser/query-results.tsx(94,13): error TS17004: Cannot use JSX unless the '--jsx' flag is provided.
frontend/src/components/features/database-browser/query-results.tsx(95,13): error TS17004: Cannot use JSX unless the '--jsx' flag is provided.
frontend/src/components/features/database-browser/query-results.tsx(98,13): error TS17004: Cannot use JSX unless the '--jsx' flag is provided.
frontend/src/components/features/database-browser/query-results.tsx(99,15): error TS17004: Cannot use JSX unless the '--jsx' flag is provided.
frontend/src/components/features/database-browser/query-results.tsx(100,15): error TS17004: Cannot use JSX unless the '--jsx' flag is provided.
frontend/src/components/features/database-browser/query-results.tsx(104,9): error TS17004: Cannot use JSX unless the '--jsx' flag is provided.
frontend/src/components/features/database-browser/query-results.tsx(124,11): error TS17004: Cannot use JSX unless the '--jsx' flag is provided.
frontend/src/components/features/database-browser/query-results.tsx(130,7): error TS17004: Cannot use JSX unless the '--jsx' flag is provided.
frontend/src/components/features/database-browser/query-results.tsx(131,9): error TS17004: Cannot use JSX unless the '--jsx' flag is provided.
frontend/src/components/features/database-browser/query-results.tsx(132,11): error TS17004: Cannot use JSX unless the '--jsx' flag is provided.
frontend/src/components/features/database-browser/query-results.tsx(133,13): error TS17004: Cannot use JSX unless the '--jsx' flag is provided.
frontend/src/components/features/database-browser/query-results.tsx(135,17): error TS17004: Cannot use JSX unless the '--jsx' flag is provided.
frontend/src/components/features/database-browser/query-results.tsx(144,11): error TS17004: Cannot use JSX unless the '--jsx' flag is provided.
frontend/src/components/features/database-browser/query-results.tsx(146,15): error TS17004: Cannot use JSX unless the '--jsx' flag is provided.
frontend/src/components/features/database-browser/query-results.tsx(151,19): error TS17004: Cannot use JSX unless the '--jsx' flag is provided.
frontend/src/components/features/database-browser/schema-browser.tsx(11,10): error TS2614: Module '"#/*"' has no exported member 'useDatabaseSchema'. Did you mean to use 'import useDatabaseSchema from "#/*"' instead?
frontend/src/components/features/database-browser/schema-browser.tsx(12,15): error TS2614: Module '"#/*"' has no exported member 'DatabaseConnection'. Did you mean to use 'import DatabaseConnection from "#/*"' instead?
frontend/src/components/features/database-browser/schema-browser.tsx(38,7): error TS17004: Cannot use JSX unless the '--jsx' flag is provided.
frontend/src/components/features/database-browser/schema-browser.tsx(39,9): error TS17004: Cannot use JSX unless the '--jsx' flag is provided.
frontend/src/components/features/database-browser/schema-browser.tsx(46,7): error TS17004: Cannot use JSX unless the '--jsx' flag is provided.
frontend/src/components/features/database-browser/schema-browser.tsx(47,9): error TS17004: Cannot use JSX unless the '--jsx' flag is provided.
frontend/src/components/features/database-browser/schema-browser.tsx(48,9): error TS17004: Cannot use JSX unless the '--jsx' flag is provided.
frontend/src/components/features/database-browser/schema-browser.tsx(56,7): error TS17004: Cannot use JSX unless the '--jsx' flag is provided.
frontend/src/components/features/database-browser/schema-browser.tsx(57,9): error TS17004: Cannot use JSX unless the '--jsx' flag is provided.
frontend/src/components/features/database-browser/schema-browser.tsx(58,11): error TS17004: Cannot use JSX unless the '--jsx' flag is provided.
frontend/src/components/features/database-browser/schema-browser.tsx(62,11): error TS17004: Cannot use JSX unless the '--jsx' flag is provided.
frontend/src/components/features/database-browser/schema-browser.tsx(64,13): error TS17004: Cannot use JSX unless the '--jsx' flag is provided.
frontend/src/components/features/database-browser/schema-browser.tsx(73,17): error TS17004: Cannot use JSX unless the '--jsx' flag is provided.
frontend/src/components/features/database-browser/schema-browser.tsx(75,17): error TS17004: Cannot use JSX unless the '--jsx' flag is provided.
frontend/src/components/features/database-browser/schema-browser.tsx(77,15): error TS17004: Cannot use JSX unless the '--jsx' flag is provided.
frontend/src/components/features/database-browser/schema-browser.tsx(78,15): error TS17004: Cannot use JSX unless the '--jsx' flag is provided.
frontend/src/components/features/database-browser/schema-browser.tsx(82,17): error TS17004: Cannot use JSX unless the '--jsx' flag is provided.
frontend/src/components/features/database-browser/schema-browser.tsx(90,15): error TS17004: Cannot use JSX unless the '--jsx' flag is provided.
frontend/src/components/features/database-browser/schema-browser.tsx(92,19): error TS17004: Cannot use JSX unless the '--jsx' flag is provided.
frontend/src/components/features/database-browser/schema-browser.tsx(96,21): error TS17004: Cannot use JSX unless the '--jsx' flag is provided.
frontend/src/components/features/database-browser/schema-browser.tsx(103,21): error TS17004: Cannot use JSX unless the '--jsx' flag is provided.
frontend/src/components/features/database-browser/schema-browser.tsx(106,21): error TS17004: Cannot use JSX unless the '--jsx' flag is provided.
frontend/src/components/features/database-browser/schema-browser.tsx(110,23): error TS17004: Cannot use JSX unless the '--jsx' flag is provided.
frontend/src/components/features/database-browser/schema-browser.tsx(113,23): error TS17004: Cannot use JSX unless the '--jsx' flag is provided.
frontend/src/components/features/database-browser/schema-browser.tsx(128,7): error TS17004: Cannot use JSX unless the '--jsx' flag is provided.
frontend/src/components/features/database-browser/schema-browser.tsx(129,9): error TS17004: Cannot use JSX unless the '--jsx' flag is provided.
frontend/src/components/features/database-browser/schema-browser.tsx(130,11): error TS17004: Cannot use JSX unless the '--jsx' flag is provided.
frontend/src/components/features/database-browser/schema-browser.tsx(134,11): error TS17004: Cannot use JSX unless the '--jsx' flag is provided.
frontend/src/components/features/database-browser/schema-browser.tsx(140,13): error TS17004: Cannot use JSX unless the '--jsx' flag is provided.
frontend/src/components/features/database-browser/schema-browser.tsx(141,13): error TS17004: Cannot use JSX unless the '--jsx' flag is provided.
frontend/src/components/features/database-browser/schema-browser.tsx(145,15): error TS17004: Cannot use JSX unless the '--jsx' flag is provided.
frontend/src/components/features/database-browser/schema-browser.tsx(158,7): error TS17004: Cannot use JSX unless the '--jsx' flag is provided.
frontend/src/components/features/database-browser/schema-browser.tsx(159,9): error TS17004: Cannot use JSX unless the '--jsx' flag is provided.
frontend/src/components/features/database-browser/schema-browser.tsx(160,11): error TS17004: Cannot use JSX unless the '--jsx' flag is provided.
frontend/src/components/features/database-browser/schema-browser.tsx(164,11): error TS17004: Cannot use JSX unless the '--jsx' flag is provided.
frontend/src/components/features/database-browser/schema-browser.tsx(170,13): error TS17004: Cannot use JSX unless the '--jsx' flag is provided.
frontend/src/components/features/database-browser/schema-browser.tsx(171,13): error TS17004: Cannot use JSX unless the '--jsx' flag is provided.
frontend/src/components/features/database-browser/schema-browser.tsx(174,13): error TS17004: Cannot use JSX unless the '--jsx' flag is provided.
frontend/src/components/features/database-browser/schema-browser.tsx(184,5): error TS17004: Cannot use JSX unless the '--jsx' flag is provided.
frontend/src/components/features/diff-viewer/extension-icon.tsx(22,5): error TS17004: Cannot use JSX unless the '--jsx' flag is provided.
frontend/src/components/features/diff-viewer/extension-icon.tsx(23,7): error TS17004: Cannot use JSX unless the '--jsx' flag is provided.
frontend/src/components/features/diff-viewer/extension-icon.tsx(24,9): error TS17004: Cannot use JSX unless the '--jsx' flag is provided.
frontend/src/components/features/diff-viewer/extension-icon.tsx(26,16): error TS17004: Cannot use JSX unless the '--jsx' flag is provided.
frontend/src/components/features/diff-viewer/file-diff-viewer.tsx(5,10): error TS2614: Module '"#/*"' has no exported member 'GitChangeStatus'. Did you mean to use 'import GitChangeStatus from "#/*"' instead?
frontend/src/components/features/diff-viewer/file-diff-viewer.tsx(6,10): error TS2614: Module '"#/*"' has no exported member 'getLanguageFromPath'. Did you mean to use 'import getLanguageFromPath from "#/*"' instead?
frontend/src/components/features/diff-viewer/file-diff-viewer.tsx(7,10): error TS2614: Module '"#/*"' has no exported member 'cn'. Did you mean to use 'import cn from "#/*"' instead?
frontend/src/components/features/diff-viewer/file-diff-viewer.tsx(8,10): error TS2614: Module '"#/*"' has no exported member 'useGitDiff'. Did you mean to use 'import useGitDiff from "#/*"' instead?
frontend/src/components/features/diff-viewer/file-diff-viewer.tsx(18,5): error TS17004: Cannot use JSX unless the '--jsx' flag is provided.
frontend/src/components/features/diff-viewer/file-diff-viewer.tsx(19,7): error TS17004: Cannot use JSX unless the '--jsx' flag is provided.
frontend/src/components/features/diff-viewer/file-diff-viewer.tsx(134,5): error TS17004: Cannot use JSX unless the '--jsx' flag is provided.
frontend/src/components/features/diff-viewer/file-diff-viewer.tsx(139,7): error TS17004: Cannot use JSX unless the '--jsx' flag is provided.
frontend/src/components/features/diff-viewer/file-diff-viewer.tsx(140,9): error TS17004: Cannot use JSX unless the '--jsx' flag is provided.
frontend/src/components/features/diff-viewer/file-diff-viewer.tsx(141,11): error TS17004: Cannot use JSX unless the '--jsx' flag is provided.
frontend/src/components/features/diff-viewer/file-diff-viewer.tsx(146,11): error TS17004: Cannot use JSX unless the '--jsx' flag is provided.
frontend/src/components/features/diff-viewer/file-diff-viewer.tsx(147,13): error TS17004: Cannot use JSX unless the '--jsx' flag is provided.
frontend/src/components/features/diff-viewer/file-diff-viewer.tsx(153,11): error TS17004: Cannot use JSX unless the '--jsx' flag is provided.
frontend/src/components/features/diff-viewer/file-diff-viewer.tsx(155,15): error TS17004: Cannot use JSX unless the '--jsx' flag is provided.
frontend/src/components/features/diff-viewer/file-diff-viewer.tsx(157,19): error TS17004: Cannot use JSX unless the '--jsx' flag is provided.
frontend/src/components/features/diff-viewer/file-diff-viewer.tsx(159,17): error TS17004: Cannot use JSX unless the '--jsx' flag is provided.
frontend/src/components/features/diff-viewer/file-diff-viewer.tsx(175,9): error TS17004: Cannot use JSX unless the '--jsx' flag is provided.
frontend/src/components/features/diff-viewer/file-diff-viewer.tsx(177,13): error TS17004: Cannot use JSX unless the '--jsx' flag is provided.
frontend/src/components/features/diff-viewer/file-diff-viewer.tsx(178,15): error TS17004: Cannot use JSX unless the '--jsx' flag is provided.
frontend/src/components/features/diff-viewer/file-diff-viewer.tsx(182,11): error TS17004: Cannot use JSX unless the '--jsx' flag is provided.
frontend/src/components/features/diff-viewer/file-diff-viewer.tsx(188,15): error TS17004: Cannot use JSX unless the '--jsx' flag is provided.
frontend/src/components/features/diff-viewer/file-diff-viewer.tsx(190,15): error TS17004: Cannot use JSX unless the '--jsx' flag is provided.
frontend/src/components/features/diff-viewer/file-diff-viewer.tsx(197,7): error TS17004: Cannot use JSX unless the '--jsx' flag is provided.
frontend/src/components/features/diff-viewer/file-diff-viewer.tsx(199,11): error TS17004: Cannot use JSX unless the '--jsx' flag is provided.
frontend/src/components/features/diff-viewer/file-diff-viewer.tsx(200,13): error TS17004: Cannot use JSX unless the '--jsx' flag is provided.
frontend/src/components/features/diff-viewer/file-diff-viewer.tsx(204,11): error TS17004: Cannot use JSX unless the '--jsx' flag is provided.
frontend/src/components/features/diff-viewer/file-tree.tsx(179,11): error TS17004: Cannot use JSX unless the '--jsx' flag is provided.
frontend/src/components/features/diff-viewer/file-tree.tsx(190,13): error TS17004: Cannot use JSX unless the '--jsx' flag is provided.
frontend/src/components/features/diff-viewer/file-tree.tsx(191,15): error TS17004: Cannot use JSX unless the '--jsx' flag is provided.
frontend/src/components/features/diff-viewer/file-tree.tsx(193,13): error TS17004: Cannot use JSX unless the '--jsx' flag is provided.
frontend/src/components/features/diff-viewer/file-tree.tsx(201,13): error TS17004: Cannot use JSX unless the '--jsx' flag is provided.
frontend/src/components/features/diff-viewer/file-tree.tsx(214,9): error TS17004: Cannot use JSX unless the '--jsx' flag is provided.
frontend/src/components/features/diff-viewer/file-tree.tsx(215,11): error TS17004: Cannot use JSX unless the '--jsx' flag is provided.
frontend/src/components/features/diff-viewer/file-tree.tsx(221,13): error TS17004: Cannot use JSX unless the '--jsx' flag is provided.
frontend/src/components/features/diff-viewer/file-tree.tsx(228,15): error TS17004: Cannot use JSX unless the '--jsx' flag is provided.
frontend/src/components/features/diff-viewer/file-tree.tsx(230,15): error TS17004: Cannot use JSX unless the '--jsx' flag is provided.
frontend/src/components/features/diff-viewer/file-tree.tsx(232,13): error TS17004: Cannot use JSX unless the '--jsx' flag is provided.
frontend/src/components/features/diff-viewer/file-tree.tsx(236,11): error TS17004: Cannot use JSX unless the '--jsx' flag is provided.
frontend/src/components/features/diff-viewer/file-tree.tsx(259,5): error TS17004: Cannot use JSX unless the '--jsx' flag is provided.
frontend/src/components/features/diff-viewer/streaming-file-viewer.tsx(5,10): error TS2614: Module '"#/*"' has no exported member 'cn'. Did you mean to use 'import cn from "#/*"' instead?
frontend/src/components/features/diff-viewer/streaming-file-viewer.tsx(6,10): error TS2614: Module '"#/*"' has no exported member 'getLanguageFromPath'. Did you mean to use 'import getLanguageFromPath from "#/*"' instead?
frontend/src/components/features/diff-viewer/streaming-file-viewer.tsx(79,5): error TS17004: Cannot use JSX unless the '--jsx' flag is provided.
frontend/src/components/features/diff-viewer/streaming-file-viewer.tsx(81,7): error TS17004: Cannot use JSX unless the '--jsx' flag is provided.
frontend/src/components/features/diff-viewer/streaming-file-viewer.tsx(82,9): error TS17004: Cannot use JSX unless the '--jsx' flag is provided.
frontend/src/components/features/diff-viewer/streaming-file-viewer.tsx(83,11): error TS17004: Cannot use JSX unless the '--jsx' flag is provided.
frontend/src/components/features/diff-viewer/streaming-file-viewer.tsx(84,13): error TS17004: Cannot use JSX unless the '--jsx' flag is provided.
frontend/src/components/features/diff-viewer/streaming-file-viewer.tsx(85,13): error TS17004: Cannot use JSX unless the '--jsx' flag is provided.
frontend/src/components/features/diff-viewer/streaming-file-viewer.tsx(89,15): error TS17004: Cannot use JSX unless the '--jsx' flag is provided.
frontend/src/components/features/diff-viewer/streaming-file-viewer.tsx(90,17): error TS17004: Cannot use JSX unless the '--jsx' flag is provided.
frontend/src/components/features/diff-viewer/streaming-file-viewer.tsx(91,17): error TS17004: Cannot use JSX unless the '--jsx' flag is provided.
frontend/src/components/features/diff-viewer/streaming-file-viewer.tsx(97,11): error TS17004: Cannot use JSX unless the '--jsx' flag is provided.
frontend/src/components/features/diff-viewer/streaming-file-viewer.tsx(98,13): error TS17004: Cannot use JSX unless the '--jsx' flag is provided.
frontend/src/components/features/diff-viewer/streaming-file-viewer.tsx(101,13): error TS17004: Cannot use JSX unless the '--jsx' flag is provided.
frontend/src/components/features/diff-viewer/streaming-file-viewer.tsx(107,17): error TS17004: Cannot use JSX unless the '--jsx' flag is provided.
frontend/src/components/features/diff-viewer/streaming-file-viewer.tsx(109,17): error TS17004: Cannot use JSX unless the '--jsx' flag is provided.
frontend/src/components/features/diff-viewer/streaming-file-viewer.tsx(119,9): error TS17004: Cannot use JSX unless the '--jsx' flag is provided.
frontend/src/components/features/diff-viewer/streaming-file-viewer.tsx(120,11): error TS17004: Cannot use JSX unless the '--jsx' flag is provided.
frontend/src/components/features/diff-viewer/streaming-file-viewer.tsx(121,13): error TS17004: Cannot use JSX unless the '--jsx' flag is provided.
frontend/src/components/features/diff-viewer/streaming-file-viewer.tsx(122,13): error TS17004: Cannot use JSX unless the '--jsx' flag is provided.
frontend/src/components/features/diff-viewer/streaming-file-viewer.tsx(130,7): error TS17004: Cannot use JSX unless the '--jsx' flag is provided.
frontend/src/components/features/diff-viewer/streaming-file-viewer.tsx(131,9): error TS17004: Cannot use JSX unless the '--jsx' flag is provided.
frontend/src/components/features/feedback/feedback-form.tsx(4,10): error TS2614: Module '"#/*"' has no exported member 'I18nKey'. Did you mean to use 'import I18nKey from "#/*"' instead?
frontend/src/components/features/feedback/feedback-form.tsx(5,10): error TS2614: Module '"#/*"' has no exported member 'Feedback'. Did you mean to use 'import Feedback from "#/*"' instead?
frontend/src/components/features/feedback/feedback-form.tsx(6,10): error TS2614: Module '"#/*"' has no exported member 'useSubmitFeedback'. Did you mean to use 'import useSubmitFeedback from "#/*"' instead?
frontend/src/components/features/feedback/feedback-form.tsx(7,29): error TS2835: Relative import paths need explicit file extensions in ECMAScript imports when '--moduleResolution' is 'node16' or 'nodenext'. Did you mean '../settings/brand-button.js'?
frontend/src/components/features/feedback/feedback-form.tsx(38,7): error TS17004: Cannot use JSX unless the '--jsx' flag is provided.
frontend/src/components/features/feedback/feedback-form.tsx(39,9): error TS17004: Cannot use JSX unless the '--jsx' flag is provided.
frontend/src/components/features/feedback/feedback-form.tsx(40,9): error TS17004: Cannot use JSX unless the '--jsx' flag is provided.
frontend/src/components/features/feedback/feedback-form.tsx(50,9): error TS17004: Cannot use JSX unless the '--jsx' flag is provided.
frontend/src/components/features/feedback/feedback-form.tsx(52,11): error TS17004: Cannot use JSX unless the '--jsx' flag is provided.
frontend/src/components/features/feedback/feedback-form.tsx(83,21): error TS7006: Parameter 'data' implicitly has an 'any' type.
frontend/src/components/features/feedback/feedback-form.tsx(94,5): error TS17004: Cannot use JSX unless the '--jsx' flag is provided.
frontend/src/components/features/feedback/feedback-form.tsx(95,7): error TS17004: Cannot use JSX unless the '--jsx' flag is provided.
frontend/src/components/features/feedback/feedback-form.tsx(96,9): error TS17004: Cannot use JSX unless the '--jsx' flag is provided.
frontend/src/components/features/feedback/feedback-form.tsx(99,9): error TS17004: Cannot use JSX unless the '--jsx' flag is provided.
frontend/src/components/features/feedback/feedback-form.tsx(108,7): error TS17004: Cannot use JSX unless the '--jsx' flag is provided.
frontend/src/components/features/feedback/feedback-form.tsx(109,9): error TS17004: Cannot use JSX unless the '--jsx' flag is provided.
frontend/src/components/features/feedback/feedback-form.tsx(110,11): error TS17004: Cannot use JSX unless the '--jsx' flag is provided.
frontend/src/components/features/feedback/feedback-form.tsx(118,9): error TS17004: Cannot use JSX unless the '--jsx' flag is provided.
frontend/src/components/features/feedback/feedback-form.tsx(119,11): error TS17004: Cannot use JSX unless the '--jsx' flag is provided.
frontend/src/components/features/feedback/feedback-form.tsx(124,7): error TS17004: Cannot use JSX unless the '--jsx' flag is provided.
frontend/src/components/features/feedback/feedback-form.tsx(125,9): error TS17004: Cannot use JSX unless the '--jsx' flag is provided.
frontend/src/components/features/feedback/feedback-form.tsx(135,9): error TS17004: Cannot use JSX unless the '--jsx' flag is provided.
frontend/src/components/features/feedback/feedback-form.tsx(146,9): error TS17004: Cannot use JSX unless the '--jsx' flag is provided.
frontend/src/components/features/feedback/feedback-modal.tsx(2,10): error TS2614: Module '"#/*"' has no exported member 'I18nKey'. Did you mean to use 'import I18nKey from "#/*"' instead?
frontend/src/components/features/feedback/feedback-modal.tsx(4,3): error TS2614: Module '"#/*"' has no exported member 'BaseModalTitle'. Did you mean to use 'import BaseModalTitle from "#/*"' instead?
frontend/src/components/features/feedback/feedback-modal.tsx(5,3): error TS2614: Module '"#/*"' has no exported member 'BaseModalDescription'. Did you mean to use 'import BaseModalDescription from "#/*"' instead?
frontend/src/components/features/feedback/feedback-modal.tsx(7,10): error TS2614: Module '"#/*"' has no exported member 'ModalBackdrop'. Did you mean to use 'import ModalBackdrop from "#/*"' instead?
frontend/src/components/features/feedback/feedback-modal.tsx(8,10): error TS2614: Module '"#/*"' has no exported member 'ModalBody'. Did you mean to use 'import ModalBody from "#/*"' instead?
frontend/src/components/features/feedback/feedback-modal.tsx(9,30): error TS2835: Relative import paths need explicit file extensions in ECMAScript imports when '--moduleResolution' is 'node16' or 'nodenext'. Did you mean './feedback-form.js'?
frontend/src/components/features/feedback/feedback-modal.tsx(28,5): error TS17004: Cannot use JSX unless the '--jsx' flag is provided.
frontend/src/components/features/feedback/feedback-modal.tsx(29,7): error TS17004: Cannot use JSX unless the '--jsx' flag is provided.
frontend/src/components/features/feedback/feedback-modal.tsx(30,9): error TS17004: Cannot use JSX unless the '--jsx' flag is provided.
frontend/src/components/features/feedback/feedback-modal.tsx(31,9): error TS17004: Cannot use JSX unless the '--jsx' flag is provided.
frontend/src/components/features/feedback/feedback-modal.tsx(32,9): error TS17004: Cannot use JSX unless the '--jsx' flag is provided.
frontend/src/components/features/feedback/likert-scale.tsx(4,10): error TS2614: Module '"#/*"' has no exported member 'cn'. Did you mean to use 'import cn from "#/*"' instead?
frontend/src/components/features/feedback/likert-scale.tsx(5,10): error TS2614: Module '"#/*"' has no exported member 'I18nKey'. Did you mean to use 'import I18nKey from "#/*"' instead?
frontend/src/components/features/feedback/likert-scale.tsx(6,10): error TS2614: Module '"#/*"' has no exported member 'useSubmitConversationFeedback'. Did you mean to use 'import useSubmitConversationFeedback from "#/*"' instead?
frontend/src/components/features/feedback/likert-scale.tsx(7,10): error TS2614: Module '"#/*"' has no exported member 'ScrollContext'. Did you mean to use 'import ScrollContext from "#/*"' instead?
frontend/src/components/features/feedback/likert-scale.tsx(54,41): error TS2339: Property 'scrollDomToBottom' does not exist on type '{}'.
frontend/src/components/features/feedback/likert-scale.tsx(55,37): error TS2339: Property 'autoScroll' does not exist on type '{}'.
frontend/src/components/features/feedback/likert-scale.tsx(197,5): error TS17004: Cannot use JSX unless the '--jsx' flag is provided.
frontend/src/components/features/feedback/likert-scale.tsx(198,7): error TS17004: Cannot use JSX unless the '--jsx' flag is provided.
frontend/src/components/features/feedback/likert-scale.tsx(203,7): error TS17004: Cannot use JSX unless the '--jsx' flag is provided.
frontend/src/components/features/feedback/likert-scale.tsx(204,9): error TS17004: Cannot use JSX unless the '--jsx' flag is provided.
frontend/src/components/features/feedback/likert-scale.tsx(206,13): error TS17004: Cannot use JSX unless the '--jsx' flag is provided.
frontend/src/components/features/feedback/likert-scale.tsx(214,15): error TS17004: Cannot use JSX unless the '--jsx' flag is provided.
frontend/src/components/features/feedback/likert-scale.tsx(222,15): error TS17004: Cannot use JSX unless the '--jsx' flag is provided.
frontend/src/components/features/feedback/likert-scale.tsx(230,9): error TS17004: Cannot use JSX unless the '--jsx' flag is provided.
frontend/src/components/features/feedback/likert-scale.tsx(231,11): error TS17004: Cannot use JSX unless the '--jsx' flag is provided.
frontend/src/components/features/feedback/likert-scale.tsx(235,13): error TS17004: Cannot use JSX unless the '--jsx' flag is provided.
frontend/src/components/features/feedback/likert-scale.tsx(241,11): error TS17004: Cannot use JSX unless the '--jsx' flag is provided.
frontend/src/components/features/feedback/likert-scale.tsx(243,15): error TS17004: Cannot use JSX unless the '--jsx' flag is provided.
frontend/src/components/features/file-explorer/__tests__/file-explorer.test.tsx(3,30): error TS2835: Relative import paths need explicit file extensions in ECMAScript imports when '--moduleResolution' is 'node16' or 'nodenext'. Did you mean '../file-explorer.js'?
frontend/src/components/features/file-explorer/__tests__/file-explorer.test.tsx(27,7): error TS17004: Cannot use JSX unless the '--jsx' flag is provided.
frontend/src/components/features/file-explorer/__tests__/file-explorer.test.tsx(41,7): error TS17004: Cannot use JSX unless the '--jsx' flag is provided.
frontend/src/components/features/file-explorer/file-explorer.tsx(19,10): error TS2614: Module '"#/*"' has no exported member 'Button'. Did you mean to use 'import Button from "#/*"' instead?
frontend/src/components/features/file-explorer/file-explorer.tsx(20,10): error TS2614: Module '"#/*"' has no exported member 'Input'. Did you mean to use 'import Input from "#/*"' instead?
frontend/src/components/features/file-explorer/file-explorer.tsx(21,10): error TS2614: Module '"#/*"' has no exported member 'Badge'. Did you mean to use 'import Badge from "#/*"' instead?
frontend/src/components/features/file-explorer/file-explorer.tsx(23,3): error TS2614: Module '"#/*"' has no exported member 'DropdownMenu'. Did you mean to use 'import DropdownMenu from "#/*"' instead?
frontend/src/components/features/file-explorer/file-explorer.tsx(24,3): error TS2614: Module '"#/*"' has no exported member 'DropdownMenuContent'. Did you mean to use 'import DropdownMenuContent from "#/*"' instead?
frontend/src/components/features/file-explorer/file-explorer.tsx(25,3): error TS2614: Module '"#/*"' has no exported member 'DropdownMenuItem'. Did you mean to use 'import DropdownMenuItem from "#/*"' instead?
frontend/src/components/features/file-explorer/file-explorer.tsx(26,3): error TS2614: Module '"#/*"' has no exported member 'DropdownMenuSeparator'. Did you mean to use 'import DropdownMenuSeparator from "#/*"' instead?
frontend/src/components/features/file-explorer/file-explorer.tsx(27,3): error TS2614: Module '"#/*"' has no exported member 'DropdownMenuTrigger'. Did you mean to use 'import DropdownMenuTrigger from "#/*"' instead?
frontend/src/components/features/file-explorer/file-explorer.tsx(29,10): error TS2614: Module '"#/*"' has no exported member 'cn'. Did you mean to use 'import cn from "#/*"' instead?
frontend/src/components/features/file-explorer/file-explorer.tsx(31,10): error TS2614: Module '"#/*"' has no exported member 'FileIcon'. Did you mean to use 'import FileIcon from "#/*"' instead?
frontend/src/components/features/file-explorer/file-explorer.tsx(239,7): error TS17004: Cannot use JSX unless the '--jsx' flag is provided.
frontend/src/components/features/file-explorer/file-explorer.tsx(240,9): error TS17004: Cannot use JSX unless the '--jsx' flag is provided.
frontend/src/components/features/file-explorer/file-explorer.tsx(258,13): error TS17004: Cannot use JSX unless the '--jsx' flag is provided.
frontend/src/components/features/file-explorer/file-explorer.tsx(260,17): error TS17004: Cannot use JSX unless the '--jsx' flag is provided.
frontend/src/components/features/file-explorer/file-explorer.tsx(262,17): error TS17004: Cannot use JSX unless the '--jsx' flag is provided.
frontend/src/components/features/file-explorer/file-explorer.tsx(268,11): error TS17004: Cannot use JSX unless the '--jsx' flag is provided.
frontend/src/components/features/file-explorer/file-explorer.tsx(271,17): error TS17004: Cannot use JSX unless the '--jsx' flag is provided.
frontend/src/components/features/file-explorer/file-explorer.tsx(273,17): error TS17004: Cannot use JSX unless the '--jsx' flag is provided.
frontend/src/components/features/file-explorer/file-explorer.tsx(276,15): error TS17004: Cannot use JSX unless the '--jsx' flag is provided.
frontend/src/components/features/file-explorer/file-explorer.tsx(285,11): error TS17004: Cannot use JSX unless the '--jsx' flag is provided.
frontend/src/components/features/file-explorer/file-explorer.tsx(294,13): error TS17004: Cannot use JSX unless the '--jsx' flag is provided.
frontend/src/components/features/file-explorer/file-explorer.tsx(304,13): error TS17004: Cannot use JSX unless the '--jsx' flag is provided.
frontend/src/components/features/file-explorer/file-explorer.tsx(305,15): error TS17004: Cannot use JSX unless the '--jsx' flag is provided.
frontend/src/components/features/file-explorer/file-explorer.tsx(306,17): error TS17004: Cannot use JSX unless the '--jsx' flag is provided.
frontend/src/components/features/file-explorer/file-explorer.tsx(310,29): error TS7006: Parameter 'e' implicitly has an 'any' type.
frontend/src/components/features/file-explorer/file-explorer.tsx(312,19): error TS17004: Cannot use JSX unless the '--jsx' flag is provided.
frontend/src/components/features/file-explorer/file-explorer.tsx(315,15): error TS17004: Cannot use JSX unless the '--jsx' flag is provided.
frontend/src/components/features/file-explorer/file-explorer.tsx(316,17): error TS17004: Cannot use JSX unless the '--jsx' flag is provided.
frontend/src/components/features/file-explorer/file-explorer.tsx(317,19): error TS17004: Cannot use JSX unless the '--jsx' flag is provided.
frontend/src/components/features/file-explorer/file-explorer.tsx(321,19): error TS17004: Cannot use JSX unless the '--jsx' flag is provided.
frontend/src/components/features/file-explorer/file-explorer.tsx(322,21): error TS17004: Cannot use JSX unless the '--jsx' flag is provided.
frontend/src/components/features/file-explorer/file-explorer.tsx(323,23): error TS17004: Cannot use JSX unless the '--jsx' flag is provided.
frontend/src/components/features/file-explorer/file-explorer.tsx(326,21): error TS17004: Cannot use JSX unless the '--jsx' flag is provided.
frontend/src/components/features/file-explorer/file-explorer.tsx(327,23): error TS17004: Cannot use JSX unless the '--jsx' flag is provided.
frontend/src/components/features/file-explorer/file-explorer.tsx(332,17): error TS17004: Cannot use JSX unless the '--jsx' flag is provided.
frontend/src/components/features/file-explorer/file-explorer.tsx(333,17): error TS17004: Cannot use JSX unless the '--jsx' flag is provided.
frontend/src/components/features/file-explorer/file-explorer.tsx(337,19): error TS17004: Cannot use JSX unless the '--jsx' flag is provided.
frontend/src/components/features/file-explorer/file-explorer.tsx(347,11): error TS17004: Cannot use JSX unless the '--jsx' flag is provided.
frontend/src/components/features/file-explorer/file-explorer.tsx(358,7): error TS17004: Cannot use JSX unless the '--jsx' flag is provided.
frontend/src/components/features/file-explorer/file-explorer.tsx(359,9): error TS17004: Cannot use JSX unless the '--jsx' flag is provided.
frontend/src/components/features/file-explorer/file-explorer.tsx(360,11): error TS17004: Cannot use JSX unless the '--jsx' flag is provided.
frontend/src/components/features/file-explorer/file-explorer.tsx(367,5): error TS17004: Cannot use JSX unless the '--jsx' flag is provided.
frontend/src/components/features/file-explorer/file-explorer.tsx(369,7): error TS17004: Cannot use JSX unless the '--jsx' flag is provided.
frontend/src/components/features/file-explorer/file-explorer.tsx(370,9): error TS17004: Cannot use JSX unless the '--jsx' flag is provided.
frontend/src/components/features/file-explorer/file-explorer.tsx(371,11): error TS17004: Cannot use JSX unless the '--jsx' flag is provided.
frontend/src/components/features/file-explorer/file-explorer.tsx(372,11): error TS17004: Cannot use JSX unless the '--jsx' flag is provided.
frontend/src/components/features/file-explorer/file-explorer.tsx(377,9): error TS17004: Cannot use JSX unless the '--jsx' flag is provided.
frontend/src/components/features/file-explorer/file-explorer.tsx(378,11): error TS17004: Cannot use JSX unless the '--jsx' flag is provided.
frontend/src/components/features/file-explorer/file-explorer.tsx(385,13): error TS17004: Cannot use JSX unless the '--jsx' flag is provided.
frontend/src/components/features/file-explorer/file-explorer.tsx(392,9): error TS17004: Cannot use JSX unless the '--jsx' flag is provided.
frontend/src/components/features/file-explorer/file-explorer.tsx(393,11): error TS17004: Cannot use JSX unless the '--jsx' flag is provided.
frontend/src/components/features/file-explorer/file-explorer.tsx(394,13): error TS17004: Cannot use JSX unless the '--jsx' flag is provided.
frontend/src/components/features/file-explorer/file-explorer.tsx(395,13): error TS17004: Cannot use JSX unless the '--jsx' flag is provided.
frontend/src/components/features/file-explorer/file-explorer.tsx(398,26): error TS7006: Parameter 'e' implicitly has an 'any' type.
frontend/src/components/features/file-explorer/file-explorer.tsx(406,7): error TS17004: Cannot use JSX unless the '--jsx' flag is provided.
frontend/src/components/features/file-explorer/file-explorer.tsx(408,11): error TS17004: Cannot use JSX unless the '--jsx' flag is provided.
frontend/src/components/features/file-explorer/file-explorer.tsx(409,13): error TS17004: Cannot use JSX unless the '--jsx' flag is provided.
frontend/src/components/features/file-explorer/file-explorer.tsx(412,11): error TS17004: Cannot use JSX unless the '--jsx' flag is provided.
frontend/src/components/features/file-explorer/file-explorer.tsx(413,13): error TS17004: Cannot use JSX unless the '--jsx' flag is provided.
frontend/src/components/features/file-explorer/file-explorer.tsx(414,13): error TS17004: Cannot use JSX unless the '--jsx' flag is provided.
frontend/src/components/features/file-explorer/file-explorer.tsx(416,15): error TS17004: Cannot use JSX unless the '--jsx' flag is provided.
frontend/src/components/features/file-explorer/file-explorer.tsx(420,11): error TS17004: Cannot use JSX unless the '--jsx' flag is provided.
frontend/src/components/features/file-explorer/file-management-panel.tsx(13,10): error TS2614: Module '"#/*"' has no exported member 'Button'. Did you mean to use 'import Button from "#/*"' instead?
frontend/src/components/features/file-explorer/file-management-panel.tsx(14,10): error TS2614: Module '"#/*"' has no exported member 'Badge'. Did you mean to use 'import Badge from "#/*"' instead?
frontend/src/components/features/file-explorer/file-management-panel.tsx(15,10): error TS2614: Module '"#/*"' has no exported member 'cn'. Did you mean to use 'import cn from "#/*"' instead?
frontend/src/components/features/file-explorer/file-management-panel.tsx(16,30): error TS2835: Relative import paths need explicit file extensions in ECMAScript imports when '--moduleResolution' is 'node16' or 'nodenext'. Did you mean './file-explorer.js'?
frontend/src/components/features/file-explorer/file-management-panel.tsx(17,28): error TS2835: Relative import paths need explicit file extensions in ECMAScript imports when '--moduleResolution' is 'node16' or 'nodenext'. Did you mean './file-viewer.js'?
frontend/src/components/features/file-explorer/file-management-panel.tsx(98,7): error TS17004: Cannot use JSX unless the '--jsx' flag is provided.
frontend/src/components/features/file-explorer/file-management-panel.tsx(108,9): error TS17004: Cannot use JSX unless the '--jsx' flag is provided.
frontend/src/components/features/file-explorer/file-management-panel.tsx(114,5): error TS17004: Cannot use JSX unless the '--jsx' flag is provided.
frontend/src/components/features/file-explorer/file-management-panel.tsx(120,7): error TS17004: Cannot use JSX unless the '--jsx' flag is provided.
frontend/src/components/features/file-explorer/file-management-panel.tsx(121,9): error TS17004: Cannot use JSX unless the '--jsx' flag is provided.
frontend/src/components/features/file-explorer/file-management-panel.tsx(122,11): error TS17004: Cannot use JSX unless the '--jsx' flag is provided.
frontend/src/components/features/file-explorer/file-management-panel.tsx(123,11): error TS17004: Cannot use JSX unless the '--jsx' flag is provided.
frontend/src/components/features/file-explorer/file-management-panel.tsx(124,11): error TS17004: Cannot use JSX unless the '--jsx' flag is provided.
frontend/src/components/features/file-explorer/file-management-panel.tsx(129,9): error TS17004: Cannot use JSX unless the '--jsx' flag is provided.
frontend/src/components/features/file-explorer/file-management-panel.tsx(131,11): error TS17004: Cannot use JSX unless the '--jsx' flag is provided.
frontend/src/components/features/file-explorer/file-management-panel.tsx(132,13): error TS17004: Cannot use JSX unless the '--jsx' flag is provided.
frontend/src/components/features/file-explorer/file-management-panel.tsx(138,15): error TS17004: Cannot use JSX unless the '--jsx' flag is provided.
frontend/src/components/features/file-explorer/file-management-panel.tsx(140,13): error TS17004: Cannot use JSX unless the '--jsx' flag is provided.
frontend/src/components/features/file-explorer/file-management-panel.tsx(146,15): error TS17004: Cannot use JSX unless the '--jsx' flag is provided.
frontend/src/components/features/file-explorer/file-management-panel.tsx(148,13): error TS17004: Cannot use JSX unless the '--jsx' flag is provided.
frontend/src/components/features/file-explorer/file-management-panel.tsx(155,15): error TS17004: Cannot use JSX unless the '--jsx' flag is provided.
frontend/src/components/features/file-explorer/file-management-panel.tsx(160,11): error TS17004: Cannot use JSX unless the '--jsx' flag is provided.
frontend/src/components/features/file-explorer/file-management-panel.tsx(166,13): error TS17004: Cannot use JSX unless the '--jsx' flag is provided.
frontend/src/components/features/file-explorer/file-management-panel.tsx(172,7): error TS17004: Cannot use JSX unless the '--jsx' flag is provided.
frontend/src/components/features/file-explorer/file-management-panel.tsx(175,11): error TS17004: Cannot use JSX unless the '--jsx' flag is provided.
frontend/src/components/features/file-explorer/file-management-panel.tsx(176,13): error TS17004: Cannot use JSX unless the '--jsx' flag is provided.
frontend/src/components/features/file-explorer/file-management-panel.tsx(191,11): error TS17004: Cannot use JSX unless the '--jsx' flag is provided.
frontend/src/components/features/file-explorer/file-management-panel.tsx(192,13): error TS17004: Cannot use JSX unless the '--jsx' flag is provided.
frontend/src/components/features/file-explorer/file-management-panel.tsx(193,15): error TS17004: Cannot use JSX unless the '--jsx' flag is provided.
frontend/src/components/features/file-explorer/file-management-panel.tsx(204,13): error TS17004: Cannot use JSX unless the '--jsx' flag is provided.
frontend/src/components/features/file-explorer/file-management-panel.tsx(206,17): error TS17004: Cannot use JSX unless the '--jsx' flag is provided.
frontend/src/components/features/file-explorer/file-management-panel.tsx(214,17): error TS17004: Cannot use JSX unless the '--jsx' flag is provided.
frontend/src/components/features/file-explorer/file-management-panel.tsx(215,19): error TS17004: Cannot use JSX unless the '--jsx' flag is provided.
frontend/src/components/features/file-explorer/file-management-panel.tsx(216,21): error TS17004: Cannot use JSX unless the '--jsx' flag is provided.
frontend/src/components/features/file-explorer/file-management-panel.tsx(217,21): error TS17004: Cannot use JSX unless the '--jsx' flag is provided.
frontend/src/components/features/file-explorer/file-management-panel.tsx(218,21): error TS17004: Cannot use JSX unless the '--jsx' flag is provided.
frontend/src/components/features/file-explorer/file-management-panel.tsx(228,11): error TS17004: Cannot use JSX unless the '--jsx' flag is provided.
frontend/src/components/features/file-explorer/file-management-panel.tsx(230,15): error TS17004: Cannot use JSX unless the '--jsx' flag is provided.
frontend/src/components/features/file-explorer/file-management-panel.tsx(238,15): error TS17004: Cannot use JSX unless the '--jsx' flag is provided.
frontend/src/components/features/file-explorer/file-management-panel.tsx(239,17): error TS17004: Cannot use JSX unless the '--jsx' flag is provided.
frontend/src/components/features/file-explorer/file-management-panel.tsx(240,19): error TS17004: Cannot use JSX unless the '--jsx' flag is provided.
frontend/src/components/features/file-explorer/file-management-panel.tsx(241,19): error TS17004: Cannot use JSX unless the '--jsx' flag is provided.
frontend/src/components/features/file-explorer/file-management-panel.tsx(242,19): error TS17004: Cannot use JSX unless the '--jsx' flag is provided.
frontend/src/components/features/file-explorer/file-management-panel.tsx(252,9): error TS17004: Cannot use JSX unless the '--jsx' flag is provided.
frontend/src/components/features/file-explorer/file-management-panel.tsx(253,11): error TS17004: Cannot use JSX unless the '--jsx' flag is provided.
frontend/src/components/features/file-explorer/file-management-panel.tsx(254,13): error TS17004: Cannot use JSX unless the '--jsx' flag is provided.
frontend/src/components/features/file-explorer/file-management-panel.tsx(256,11): error TS17004: Cannot use JSX unless the '--jsx' flag is provided.
frontend/src/components/features/file-explorer/file-management-panel.tsx(262,17): error TS17004: Cannot use JSX unless the '--jsx' flag is provided.
frontend/src/components/features/file-explorer/file-management-panel.tsx(272,19): error TS17004: Cannot use JSX unless the '--jsx' flag is provided.
frontend/src/components/features/file-explorer/file-viewer.tsx(14,10): error TS2614: Module '"#/*"' has no exported member 'Button'. Did you mean to use 'import Button from "#/*"' instead?
frontend/src/components/features/file-explorer/file-viewer.tsx(15,10): error TS2614: Module '"#/*"' has no exported member 'Badge'. Did you mean to use 'import Badge from "#/*"' instead?
frontend/src/components/features/file-explorer/file-viewer.tsx(16,10): error TS2614: Module '"#/*"' has no exported member 'Textarea'. Did you mean to use 'import Textarea from "#/*"' instead?
frontend/src/components/features/file-explorer/file-viewer.tsx(17,10): error TS2614: Module '"#/*"' has no exported member 'cn'. Did you mean to use 'import cn from "#/*"' instead?
frontend/src/components/features/file-explorer/file-viewer.tsx(18,10): error TS2614: Module '"#/*"' has no exported member 'LazyMonaco'. Did you mean to use 'import LazyMonaco from "#/*"' instead?
frontend/src/components/features/file-explorer/file-viewer.tsx(19,10): error TS2614: Module '"#/*"' has no exported member 'useFileOperations'. Did you mean to use 'import useFileOperations from "#/*"' instead?
frontend/src/components/features/file-explorer/file-viewer.tsx(194,7): error TS17004: Cannot use JSX unless the '--jsx' flag is provided.
frontend/src/components/features/file-explorer/file-viewer.tsx(198,9): error TS17004: Cannot use JSX unless the '--jsx' flag is provided.
frontend/src/components/features/file-explorer/file-viewer.tsx(199,11): error TS17004: Cannot use JSX unless the '--jsx' flag is provided.
frontend/src/components/features/file-explorer/file-viewer.tsx(210,5): error TS17004: Cannot use JSX unless the '--jsx' flag is provided.
frontend/src/components/features/file-explorer/file-viewer.tsx(216,7): error TS17004: Cannot use JSX unless the '--jsx' flag is provided.
frontend/src/components/features/file-explorer/file-viewer.tsx(217,9): error TS17004: Cannot use JSX unless the '--jsx' flag is provided.
frontend/src/components/features/file-explorer/file-viewer.tsx(218,11): error TS17004: Cannot use JSX unless the '--jsx' flag is provided.
frontend/src/components/features/file-explorer/file-viewer.tsx(219,13): error TS17004: Cannot use JSX unless the '--jsx' flag is provided.
frontend/src/components/features/file-explorer/file-viewer.tsx(220,13): error TS17004: Cannot use JSX unless the '--jsx' flag is provided.
frontend/src/components/features/file-explorer/file-viewer.tsx(225,11): error TS17004: Cannot use JSX unless the '--jsx' flag is provided.
frontend/src/components/features/file-explorer/file-viewer.tsx(229,11): error TS17004: Cannot use JSX unless the '--jsx' flag is provided.
frontend/src/components/features/file-explorer/file-viewer.tsx(234,9): error TS17004: Cannot use JSX unless the '--jsx' flag is provided.
frontend/src/components/features/file-explorer/file-viewer.tsx(236,11): error TS17004: Cannot use JSX unless the '--jsx' flag is provided.
frontend/src/components/features/file-explorer/file-viewer.tsx(243,15): error TS17004: Cannot use JSX unless the '--jsx' flag is provided.
frontend/src/components/features/file-explorer/file-viewer.tsx(244,17): error TS17004: Cannot use JSX unless the '--jsx' flag is provided.
frontend/src/components/features/file-explorer/file-viewer.tsx(247,15): error TS17004: Cannot use JSX unless the '--jsx' flag is provided.
frontend/src/components/features/file-explorer/file-viewer.tsx(248,17): error TS17004: Cannot use JSX unless the '--jsx' flag is provided.
frontend/src/components/features/file-explorer/file-viewer.tsx(255,11): error TS17004: Cannot use JSX unless the '--jsx' flag is provided.
frontend/src/components/features/file-explorer/file-viewer.tsx(261,13): error TS17004: Cannot use JSX unless the '--jsx' flag is provided.
frontend/src/components/features/file-explorer/file-viewer.tsx(267,13): error TS17004: Cannot use JSX unless the '--jsx' flag is provided.
frontend/src/components/features/file-explorer/file-viewer.tsx(273,15): error TS17004: Cannot use JSX unless the '--jsx' flag is provided.
frontend/src/components/features/file-explorer/file-viewer.tsx(280,13): error TS17004: Cannot use JSX unless the '--jsx' flag is provided.
frontend/src/components/features/file-explorer/file-viewer.tsx(281,15): error TS17004: Cannot use JSX unless the '--jsx' flag is provided.
frontend/src/components/features/file-explorer/file-viewer.tsx(287,17): error TS17004: Cannot use JSX unless the '--jsx' flag is provided.
frontend/src/components/features/file-explorer/file-viewer.tsx(290,15): error TS17004: Cannot use JSX unless the '--jsx' flag is provided.
frontend/src/components/features/file-explorer/file-viewer.tsx(302,11): error TS17004: Cannot use JSX unless the '--jsx' flag is provided.
frontend/src/components/features/file-explorer/file-viewer.tsx(309,15): error TS17004: Cannot use JSX unless the '--jsx' flag is provided.
frontend/src/components/features/file-explorer/file-viewer.tsx(311,15): error TS17004: Cannot use JSX unless the '--jsx' flag is provided.
frontend/src/components/features/file-explorer/file-viewer.tsx(317,13): error TS17004: Cannot use JSX unless the '--jsx' flag is provided.
frontend/src/components/features/file-explorer/file-viewer.tsx(323,15): error TS17004: Cannot use JSX unless the '--jsx' flag is provided.
frontend/src/components/features/file-explorer/file-viewer.tsx(330,7): error TS17004: Cannot use JSX unless the '--jsx' flag is provided.
frontend/src/components/features/file-explorer/file-viewer.tsx(332,11): error TS17004: Cannot use JSX unless the '--jsx' flag is provided.
frontend/src/components/features/file-explorer/file-viewer.tsx(333,13): error TS17004: Cannot use JSX unless the '--jsx' flag is provided.
frontend/src/components/features/file-explorer/file-viewer.tsx(336,11): error TS17004: Cannot use JSX unless the '--jsx' flag is provided.
frontend/src/components/features/file-explorer/file-viewer.tsx(337,13): error TS17004: Cannot use JSX unless the '--jsx' flag is provided.
frontend/src/components/features/file-explorer/file-viewer.tsx(338,15): error TS17004: Cannot use JSX unless the '--jsx' flag is provided.
frontend/src/components/features/file-explorer/file-viewer.tsx(339,15): error TS17004: Cannot use JSX unless the '--jsx' flag is provided.
frontend/src/components/features/file-explorer/file-viewer.tsx(340,15): error TS17004: Cannot use JSX unless the '--jsx' flag is provided.
frontend/src/components/features/file-explorer/file-viewer.tsx(344,11): error TS17004: Cannot use JSX unless the '--jsx' flag is provided.
frontend/src/components/features/file-explorer/file-viewer.tsx(345,13): error TS17004: Cannot use JSX unless the '--jsx' flag is provided.
frontend/src/components/features/file-explorer/file-viewer.tsx(346,15): error TS17004: Cannot use JSX unless the '--jsx' flag is provided.
frontend/src/components/features/file-explorer/file-viewer.tsx(348,28): error TS7006: Parameter 'e' implicitly has an 'any' type.
frontend/src/components/features/file-explorer/file-viewer.tsx(355,11): error TS17004: Cannot use JSX unless the '--jsx' flag is provided.
frontend/src/components/features/file-explorer/file-viewer.tsx(356,13): error TS17004: Cannot use JSX unless the '--jsx' flag is provided.
frontend/src/components/features/files/file-item.tsx(2,10): error TS2614: Module '"#/*"' has no exported member 'RemoveButton'. Did you mean to use 'import RemoveButton from "#/*"' instead?
frontend/src/components/features/files/file-item.tsx(11,5): error TS17004: Cannot use JSX unless the '--jsx' flag is provided.
frontend/src/components/features/files/file-item.tsx(15,7): error TS17004: Cannot use JSX unless the '--jsx' flag is provided.
frontend/src/components/features/files/file-item.tsx(16,7): error TS17004: Cannot use JSX unless the '--jsx' flag is provided.
frontend/src/components/features/files/file-item.tsx(17,20): error TS17004: Cannot use JSX unless the '--jsx' flag is provided.
frontend/src/components/features/files/file-list.tsx(2,10): error TS2614: Module '"#/*"' has no exported member 'cn'. Did you mean to use 'import cn from "#/*"' instead?
frontend/src/components/features/files/file-list.tsx(3,26): error TS2835: Relative import paths need explicit file extensions in ECMAScript imports when '--moduleResolution' is 'node16' or 'nodenext'. Did you mean './file-item.js'?
frontend/src/components/features/files/file-list.tsx(12,5): error TS17004: Cannot use JSX unless the '--jsx' flag is provided.
frontend/src/components/features/files/file-list.tsx(17,9): error TS17004: Cannot use JSX unless the '--jsx' flag is provided.
frontend/src/components/features/files/file-preview-modal.tsx(11,3): error TS2614: Module '"#/*"' has no exported member 'Dialog'. Did you mean to use 'import Dialog from "#/*"' instead?
frontend/src/components/features/files/file-preview-modal.tsx(12,3): error TS2614: Module '"#/*"' has no exported member 'DialogContent'. Did you mean to use 'import DialogContent from "#/*"' instead?
frontend/src/components/features/files/file-preview-modal.tsx(13,3): error TS2614: Module '"#/*"' has no exported member 'DialogHeader'. Did you mean to use 'import DialogHeader from "#/*"' instead?
frontend/src/components/features/files/file-preview-modal.tsx(14,3): error TS2614: Module '"#/*"' has no exported member 'DialogTitle'. Did you mean to use 'import DialogTitle from "#/*"' instead?
frontend/src/components/features/files/file-preview-modal.tsx(15,3): error TS2614: Module '"#/*"' has no exported member 'DialogFooter'. Did you mean to use 'import DialogFooter from "#/*"' instead?
frontend/src/components/features/files/file-preview-modal.tsx(17,10): error TS2614: Module '"#/*"' has no exported member 'Button'. Did you mean to use 'import Button from "#/*"' instead?
frontend/src/components/features/files/file-preview-modal.tsx(18,10): error TS2614: Module '"#/*"' has no exported member 'cn'. Did you mean to use 'import cn from "#/*"' instead?
frontend/src/components/features/files/file-preview-modal.tsx(19,10): error TS2614: Module '"#/*"' has no exported member 'Badge'. Did you mean to use 'import Badge from "#/*"' instead?
frontend/src/components/features/files/file-preview-modal.tsx(29,45): error TS17004: Cannot use JSX unless the '--jsx' flag is provided.
frontend/src/components/features/files/file-preview-modal.tsx(30,44): error TS17004: Cannot use JSX unless the '--jsx' flag is provided.
frontend/src/components/features/files/file-preview-modal.tsx(36,12): error TS17004: Cannot use JSX unless the '--jsx' flag is provided.
frontend/src/components/features/files/file-preview-modal.tsx(42,12): error TS17004: Cannot use JSX unless the '--jsx' flag is provided.
frontend/src/components/features/files/file-preview-modal.tsx(43,10): error TS17004: Cannot use JSX unless the '--jsx' flag is provided.
frontend/src/components/features/files/file-preview-modal.tsx(95,5): error TS17004: Cannot use JSX unless the '--jsx' flag is provided.
frontend/src/components/features/files/file-preview-modal.tsx(95,42): error TS7006: Parameter 'open' implicitly has an 'any' type.
frontend/src/components/features/files/file-preview-modal.tsx(96,7): error TS17004: Cannot use JSX unless the '--jsx' flag is provided.
frontend/src/components/features/files/file-preview-modal.tsx(97,9): error TS17004: Cannot use JSX unless the '--jsx' flag is provided.
frontend/src/components/features/files/file-preview-modal.tsx(98,11): error TS17004: Cannot use JSX unless the '--jsx' flag is provided.
frontend/src/components/features/files/file-preview-modal.tsx(99,13): error TS17004: Cannot use JSX unless the '--jsx' flag is provided.
frontend/src/components/features/files/file-preview-modal.tsx(101,13): error TS17004: Cannot use JSX unless the '--jsx' flag is provided.
frontend/src/components/features/files/file-preview-modal.tsx(108,9): error TS17004: Cannot use JSX unless the '--jsx' flag is provided.
frontend/src/components/features/files/file-preview-modal.tsx(111,13): error TS17004: Cannot use JSX unless the '--jsx' flag is provided.
frontend/src/components/features/files/file-preview-modal.tsx(112,15): error TS17004: Cannot use JSX unless the '--jsx' flag is provided.
frontend/src/components/features/files/file-preview-modal.tsx(115,15): error TS17004: Cannot use JSX unless the '--jsx' flag is provided.
frontend/src/components/features/files/file-preview-modal.tsx(122,23): error TS17004: Cannot use JSX unless the '--jsx' flag is provided.
frontend/src/components/features/files/file-preview-modal.tsx(127,27): error TS17004: Cannot use JSX unless the '--jsx' flag is provided.
frontend/src/components/features/files/file-preview-modal.tsx(133,25): error TS17004: Cannot use JSX unless the '--jsx' flag is provided.
frontend/src/components/features/files/file-preview-modal.tsx(139,27): error TS17004: Cannot use JSX unless the '--jsx' flag is provided.
frontend/src/components/features/files/file-preview-modal.tsx(141,25): error TS17004: Cannot use JSX unless the '--jsx' flag is provided.
frontend/src/components/features/files/file-preview-modal.tsx(142,27): error TS17004: Cannot use JSX unless the '--jsx' flag is provided.
frontend/src/components/features/files/file-preview-modal.tsx(145,27): error TS17004: Cannot use JSX unless the '--jsx' flag is provided.
frontend/src/components/features/files/file-preview-modal.tsx(158,13): error TS17004: Cannot use JSX unless the '--jsx' flag is provided.
frontend/src/components/features/files/file-preview-modal.tsx(159,15): error TS17004: Cannot use JSX unless the '--jsx' flag is provided.
frontend/src/components/features/files/file-preview-modal.tsx(162,15): error TS17004: Cannot use JSX unless the '--jsx' flag is provided.
frontend/src/components/features/files/file-preview-modal.tsx(168,23): error TS17004: Cannot use JSX unless the '--jsx' flag is provided.
frontend/src/components/features/files/file-preview-modal.tsx(175,25): error TS17004: Cannot use JSX unless the '--jsx' flag is provided.
frontend/src/components/features/files/file-preview-modal.tsx(178,25): error TS17004: Cannot use JSX unless the '--jsx' flag is provided.
frontend/src/components/features/files/file-preview-modal.tsx(179,27): error TS17004: Cannot use JSX unless the '--jsx' flag is provided.
frontend/src/components/features/files/file-preview-modal.tsx(182,27): error TS17004: Cannot use JSX unless the '--jsx' flag is provided.
frontend/src/components/features/files/file-preview-modal.tsx(187,25): error TS17004: Cannot use JSX unless the '--jsx' flag is provided.
frontend/src/components/features/files/file-preview-modal.tsx(193,27): error TS17004: Cannot use JSX unless the '--jsx' flag is provided.
frontend/src/components/features/files/file-preview-modal.tsx(203,9): error TS17004: Cannot use JSX unless the '--jsx' flag is provided.
frontend/src/components/features/files/file-preview-modal.tsx(204,11): error TS17004: Cannot use JSX unless the '--jsx' flag is provided.
frontend/src/components/features/files/file-preview-modal.tsx(207,11): error TS17004: Cannot use JSX unless the '--jsx' flag is provided.
frontend/src/components/features/files/file-preview-modal.tsx(208,13): error TS17004: Cannot use JSX unless the '--jsx' flag is provided.
frontend/src/components/features/files/file-preview-modal.tsx(211,13): error TS17004: Cannot use JSX unless the '--jsx' flag is provided.
frontend/src/components/features/guards/email-verification-guard.tsx(3,10): error TS2614: Module '"#/*"' has no exported member 'useSettings'. Did you mean to use 'import useSettings from "#/*"' instead?
frontend/src/components/features/home/connect-to-provider-message.tsx(3,10): error TS2614: Module '"#/*"' has no exported member 'BrandButton'. Did you mean to use 'import BrandButton from "#/*"' instead?
frontend/src/components/features/home/connect-to-provider-message.tsx(4,10): error TS2614: Module '"#/*"' has no exported member 'useSettings'. Did you mean to use 'import useSettings from "#/*"' instead?
frontend/src/components/features/home/connect-to-provider-message.tsx(11,5): error TS17004: Cannot use JSX unless the '--jsx' flag is provided.
frontend/src/components/features/home/connect-to-provider-message.tsx(12,7): error TS17004: Cannot use JSX unless the '--jsx' flag is provided.
frontend/src/components/features/home/connect-to-provider-message.tsx(13,7): error TS17004: Cannot use JSX unless the '--jsx' flag is provided.
frontend/src/components/features/home/connect-to-provider-message.tsx(17,9): error TS17004: Cannot use JSX unless the '--jsx' flag is provided.
frontend/src/components/features/home/git-branch-dropdown/branch-dropdown-menu.tsx(6,10): error TS2614: Module '"#/*"' has no exported member 'Branch'. Did you mean to use 'import Branch from "#/*"' instead?
frontend/src/components/features/home/git-branch-dropdown/branch-dropdown-menu.tsx(7,30): error TS2835: Relative import paths need explicit file extensions in ECMAScript imports when '--moduleResolution' is 'node16' or 'nodenext'. Did you mean '../shared/dropdown-item.js'?
frontend/src/components/features/home/git-branch-dropdown/branch-dropdown-menu.tsx(8,49): error TS2834: Relative import paths need explicit file extensions in ECMAScript imports when '--moduleResolution' is 'node16' or 'nodenext'. Consider adding an extension to the import path.
frontend/src/components/features/home/git-branch-dropdown/branch-dropdown-menu.tsx(46,5): error TS17004: Cannot use JSX unless the '--jsx' flag is provided.
frontend/src/components/features/home/git-branch-dropdown/branch-dropdown-menu.tsx(53,24): error TS7006: Parameter 'branchItem' implicitly has an 'any' type.
frontend/src/components/features/home/git-branch-dropdown/branch-dropdown-menu.tsx(54,20): error TS7006: Parameter 'branchItem' implicitly has an 'any' type.
frontend/src/components/features/home/git-branch-dropdown/branch-dropdown-menu.tsx(59,5): error TS17004: Cannot use JSX unless the '--jsx' flag is provided.
frontend/src/components/features/home/git-branch-dropdown/branch-dropdown-menu.tsx(60,7): error TS17004: Cannot use JSX unless the '--jsx' flag is provided.
frontend/src/components/features/home/git-branch-dropdown/branch-dropdown-menu.tsx(70,5): error TS17004: Cannot use JSX unless the '--jsx' flag is provided.
frontend/src/components/features/home/git-branch-dropdown/branch-dropdown-menu.tsx(71,7): error TS17004: Cannot use JSX unless the '--jsx' flag is provided.
frontend/src/components/features/home/git-branch-dropdown/git-branch-dropdown.tsx(9,10): error TS2614: Module '"#/*"' has no exported member 'Branch'. Did you mean to use 'import Branch from "#/*"' instead?
frontend/src/components/features/home/git-branch-dropdown/git-branch-dropdown.tsx(10,10): error TS2614: Module '"#/*"' has no exported member 'Provider'. Did you mean to use 'import Provider from "#/*"' instead?
frontend/src/components/features/home/git-branch-dropdown/git-branch-dropdown.tsx(11,10): error TS2614: Module '"#/*"' has no exported member 'useDebounce'. Did you mean to use 'import useDebounce from "#/*"' instead?
frontend/src/components/features/home/git-branch-dropdown/git-branch-dropdown.tsx(12,10): error TS2614: Module '"#/*"' has no exported member 'cn'. Did you mean to use 'import cn from "#/*"' instead?
frontend/src/components/features/home/git-branch-dropdown/git-branch-dropdown.tsx(13,10): error TS2614: Module '"#/*"' has no exported member 'useBranchData'. Did you mean to use 'import useBranchData from "#/*"' instead?
frontend/src/components/features/home/git-branch-dropdown/git-branch-dropdown.tsx(14,32): error TS2835: Relative import paths need explicit file extensions in ECMAScript imports when '--moduleResolution' is 'node16' or 'nodenext'. Did you mean '../shared/loading-spinner.js'?
frontend/src/components/features/home/git-branch-dropdown/git-branch-dropdown.tsx(15,29): error TS2835: Relative import paths need explicit file extensions in ECMAScript imports when '--moduleResolution' is 'node16' or 'nodenext'. Did you mean '../shared/clear-button.js'?
frontend/src/components/features/home/git-branch-dropdown/git-branch-dropdown.tsx(16,30): error TS2835: Relative import paths need explicit file extensions in ECMAScript imports when '--moduleResolution' is 'node16' or 'nodenext'. Did you mean '../shared/toggle-button.js'?
frontend/src/components/features/home/git-branch-dropdown/git-branch-dropdown.tsx(17,30): error TS2835: Relative import paths need explicit file extensions in ECMAScript imports when '--moduleResolution' is 'node16' or 'nodenext'. Did you mean '../shared/error-message.js'?
frontend/src/components/features/home/git-branch-dropdown/git-branch-dropdown.tsx(18,36): error TS2835: Relative import paths need explicit file extensions in ECMAScript imports when '--moduleResolution' is 'node16' or 'nodenext'. Did you mean './branch-dropdown-menu.js'?
frontend/src/components/features/home/git-branch-dropdown/git-branch-dropdown.tsx(154,10): error TS7006: Parameter 'branch' implicitly has an 'any' type.
frontend/src/components/features/home/git-branch-dropdown/git-branch-dropdown.tsx(188,5): error TS17004: Cannot use JSX unless the '--jsx' flag is provided.
frontend/src/components/features/home/git-branch-dropdown/git-branch-dropdown.tsx(189,7): error TS17004: Cannot use JSX unless the '--jsx' flag is provided.
frontend/src/components/features/home/git-branch-dropdown/git-branch-dropdown.tsx(190,9): error TS17004: Cannot use JSX unless the '--jsx' flag is provided.
frontend/src/components/features/home/git-branch-dropdown/git-branch-dropdown.tsx(206,9): error TS17004: Cannot use JSX unless the '--jsx' flag is provided.
frontend/src/components/features/home/git-branch-dropdown/git-branch-dropdown.tsx(208,13): error TS17004: Cannot use JSX unless the '--jsx' flag is provided.
frontend/src/components/features/home/git-branch-dropdown/git-branch-dropdown.tsx(211,11): error TS17004: Cannot use JSX unless the '--jsx' flag is provided.
frontend/src/components/features/home/git-branch-dropdown/git-branch-dropdown.tsx(218,28): error TS17004: Cannot use JSX unless the '--jsx' flag is provided.
frontend/src/components/features/home/git-branch-dropdown/git-branch-dropdown.tsx(221,7): error TS17004: Cannot use JSX unless the '--jsx' flag is provided.
frontend/src/components/features/home/git-branch-dropdown/git-branch-dropdown.tsx(233,7): error TS17004: Cannot use JSX unless the '--jsx' flag is provided.
frontend/src/components/features/home/git-branch-dropdown/index.ts(1,35): error TS2835: Relative import paths need explicit file extensions in ECMAScript imports when '--moduleResolution' is 'node16' or 'nodenext'. Did you mean './git-branch-dropdown.js'?
frontend/src/components/features/home/git-branch-dropdown/index.ts(2,36): error TS2835: Relative import paths need explicit file extensions in ECMAScript imports when '--moduleResolution' is 'node16' or 'nodenext'. Did you mean './branch-dropdown-menu.js'?
frontend/src/components/features/home/git-branch-dropdown/index.ts(3,45): error TS2835: Relative import paths need explicit file extensions in ECMAScript imports when '--moduleResolution' is 'node16' or 'nodenext'. Did you mean './git-branch-dropdown.js'?
frontend/src/components/features/home/git-provider-dropdown/git-provider-dropdown.tsx(3,10): error TS2614: Module '"#/*"' has no exported member 'Provider'. Did you mean to use 'import Provider from "#/*"' instead?
frontend/src/components/features/home/git-provider-dropdown/git-provider-dropdown.tsx(4,10): error TS2614: Module '"#/*"' has no exported member 'cn'. Did you mean to use 'import cn from "#/*"' instead?
frontend/src/components/features/home/git-provider-dropdown/git-provider-dropdown.tsx(5,30): error TS2835: Relative import paths need explicit file extensions in ECMAScript imports when '--moduleResolution' is 'node16' or 'nodenext'. Did you mean '../shared/dropdown-item.js'?
frontend/src/components/features/home/git-provider-dropdown/git-provider-dropdown.tsx(6,37): error TS2835: Relative import paths need explicit file extensions in ECMAScript imports when '--moduleResolution' is 'node16' or 'nodenext'. Did you mean '../shared/generic-dropdown-menu.js'?
frontend/src/components/features/home/git-provider-dropdown/git-provider-dropdown.tsx(7,30): error TS2835: Relative import paths need explicit file extensions in ECMAScript imports when '--moduleResolution' is 'node16' or 'nodenext'. Did you mean '../shared/toggle-button.js'?
frontend/src/components/features/home/git-provider-dropdown/git-provider-dropdown.tsx(8,32): error TS2835: Relative import paths need explicit file extensions in ECMAScript imports when '--moduleResolution' is 'node16' or 'nodenext'. Did you mean '../shared/loading-spinner.js'?
frontend/src/components/features/home/git-provider-dropdown/git-provider-dropdown.tsx(9,30): error TS2835: Relative import paths need explicit file extensions in ECMAScript imports when '--moduleResolution' is 'node16' or 'nodenext'. Did you mean '../shared/error-message.js'?
frontend/src/components/features/home/git-provider-dropdown/git-provider-dropdown.tsx(10,28): error TS2835: Relative import paths need explicit file extensions in ECMAScript imports when '--moduleResolution' is 'node16' or 'nodenext'. Did you mean '../shared/empty-state.js'?
frontend/src/components/features/home/git-provider-dropdown/git-provider-dropdown.tsx(130,5): error TS17004: Cannot use JSX unless the '--jsx' flag is provided.
frontend/src/components/features/home/git-provider-dropdown/git-provider-dropdown.tsx(138,20): error TS7006: Parameter 'provider' implicitly has an 'any' type.
frontend/src/components/features/home/git-provider-dropdown/git-provider-dropdown.tsx(143,5): error TS17004: Cannot use JSX unless the '--jsx' flag is provided.
frontend/src/components/features/home/git-provider-dropdown/git-provider-dropdown.tsx(152,5): error TS17004: Cannot use JSX unless the '--jsx' flag is provided.
frontend/src/components/features/home/git-provider-dropdown/git-provider-dropdown.tsx(153,7): error TS17004: Cannot use JSX unless the '--jsx' flag is provided.
frontend/src/components/features/home/git-provider-dropdown/git-provider-dropdown.tsx(154,9): error TS17004: Cannot use JSX unless the '--jsx' flag is provided.
frontend/src/components/features/home/git-provider-dropdown/git-provider-dropdown.tsx(171,9): error TS17004: Cannot use JSX unless the '--jsx' flag is provided.
frontend/src/components/features/home/git-provider-dropdown/git-provider-dropdown.tsx(172,11): error TS17004: Cannot use JSX unless the '--jsx' flag is provided.
frontend/src/components/features/home/git-provider-dropdown/git-provider-dropdown.tsx(179,23): error TS17004: Cannot use JSX unless the '--jsx' flag is provided.
frontend/src/components/features/home/git-provider-dropdown/git-provider-dropdown.tsx(182,7): error TS17004: Cannot use JSX unless the '--jsx' flag is provided.
frontend/src/components/features/home/git-provider-dropdown/git-provider-dropdown.tsx(194,7): error TS17004: Cannot use JSX unless the '--jsx' flag is provided.
frontend/src/components/features/home/git-provider-dropdown/index.ts(1,37): error TS2835: Relative import paths need explicit file extensions in ECMAScript imports when '--moduleResolution' is 'node16' or 'nodenext'. Did you mean './git-provider-dropdown.js'?
frontend/src/components/features/home/git-provider-dropdown/index.ts(2,47): error TS2835: Relative import paths need explicit file extensions in ECMAScript imports when '--moduleResolution' is 'node16' or 'nodenext'. Did you mean './git-provider-dropdown.js'?
frontend/src/components/features/home/git-repo-dropdown/dropdown-menu.tsx(6,10): error TS2614: Module '"#/*"' has no exported member 'GitRepository'. Did you mean to use 'import GitRepository from "#/*"' instead?
frontend/src/components/features/home/git-repo-dropdown/dropdown-menu.tsx(7,30): error TS2835: Relative import paths need explicit file extensions in ECMAScript imports when '--moduleResolution' is 'node16' or 'nodenext'. Did you mean '../shared/dropdown-item.js'?
frontend/src/components/features/home/git-repo-dropdown/dropdown-menu.tsx(8,49): error TS2834: Relative import paths need explicit file extensions in ECMAScript imports when '--moduleResolution' is 'node16' or 'nodenext'. Consider adding an extension to the import path.
frontend/src/components/features/home/git-repo-dropdown/dropdown-menu.tsx(46,5): error TS17004: Cannot use JSX unless the '--jsx' flag is provided.
frontend/src/components/features/home/git-repo-dropdown/dropdown-menu.tsx(53,24): error TS7006: Parameter 'repo' implicitly has an 'any' type.
frontend/src/components/features/home/git-repo-dropdown/dropdown-menu.tsx(54,20): error TS7006: Parameter 'repo' implicitly has an 'any' type.
frontend/src/components/features/home/git-repo-dropdown/dropdown-menu.tsx(59,5): error TS17004: Cannot use JSX unless the '--jsx' flag is provided.
frontend/src/components/features/home/git-repo-dropdown/dropdown-menu.tsx(63,5): error TS17004: Cannot use JSX unless the '--jsx' flag is provided.
frontend/src/components/features/home/git-repo-dropdown/dropdown-menu.tsx(64,7): error TS17004: Cannot use JSX unless the '--jsx' flag is provided.
frontend/src/components/features/home/git-repo-dropdown/git-repo-dropdown.tsx(9,10): error TS2614: Module '"#/*"' has no exported member 'Provider'. Did you mean to use 'import Provider from "#/*"' instead?
frontend/src/components/features/home/git-repo-dropdown/git-repo-dropdown.tsx(10,10): error TS2614: Module '"#/*"' has no exported member 'GitRepository'. Did you mean to use 'import GitRepository from "#/*"' instead?
frontend/src/components/features/home/git-repo-dropdown/git-repo-dropdown.tsx(11,10): error TS2614: Module '"#/*"' has no exported member 'useDebounce'. Did you mean to use 'import useDebounce from "#/*"' instead?
frontend/src/components/features/home/git-repo-dropdown/git-repo-dropdown.tsx(12,10): error TS2614: Module '"#/*"' has no exported member 'cn'. Did you mean to use 'import cn from "#/*"' instead?
frontend/src/components/features/home/git-repo-dropdown/git-repo-dropdown.tsx(13,32): error TS2835: Relative import paths need explicit file extensions in ECMAScript imports when '--moduleResolution' is 'node16' or 'nodenext'. Did you mean '../shared/loading-spinner.js'?
frontend/src/components/features/home/git-repo-dropdown/git-repo-dropdown.tsx(14,29): error TS2835: Relative import paths need explicit file extensions in ECMAScript imports when '--moduleResolution' is 'node16' or 'nodenext'. Did you mean '../shared/clear-button.js'?
frontend/src/components/features/home/git-repo-dropdown/git-repo-dropdown.tsx(15,30): error TS2835: Relative import paths need explicit file extensions in ECMAScript imports when '--moduleResolution' is 'node16' or 'nodenext'. Did you mean '../shared/toggle-button.js'?
frontend/src/components/features/home/git-repo-dropdown/git-repo-dropdown.tsx(16,30): error TS2835: Relative import paths need explicit file extensions in ECMAScript imports when '--moduleResolution' is 'node16' or 'nodenext'. Did you mean '../shared/error-message.js'?
frontend/src/components/features/home/git-repo-dropdown/git-repo-dropdown.tsx(17,30): error TS2835: Relative import paths need explicit file extensions in ECMAScript imports when '--moduleResolution' is 'node16' or 'nodenext'. Did you mean './use-url-search.js'?
frontend/src/components/features/home/git-repo-dropdown/git-repo-dropdown.tsx(18,35): error TS2835: Relative import paths need explicit file extensions in ECMAScript imports when '--moduleResolution' is 'node16' or 'nodenext'. Did you mean './use-repository-data.js'?
frontend/src/components/features/home/git-repo-dropdown/git-repo-dropdown.tsx(19,30): error TS2835: Relative import paths need explicit file extensions in ECMAScript imports when '--moduleResolution' is 'node16' or 'nodenext'. Did you mean './dropdown-menu.js'?
frontend/src/components/features/home/git-repo-dropdown/git-repo-dropdown.tsx(102,33): error TS7006: Parameter 'repo' implicitly has an 'any' type.
frontend/src/components/features/home/git-repo-dropdown/git-repo-dropdown.tsx(193,5): error TS17004: Cannot use JSX unless the '--jsx' flag is provided.
frontend/src/components/features/home/git-repo-dropdown/git-repo-dropdown.tsx(194,7): error TS17004: Cannot use JSX unless the '--jsx' flag is provided.
frontend/src/components/features/home/git-repo-dropdown/git-repo-dropdown.tsx(195,9): error TS17004: Cannot use JSX unless the '--jsx' flag is provided.
frontend/src/components/features/home/git-repo-dropdown/git-repo-dropdown.tsx(211,9): error TS17004: Cannot use JSX unless the '--jsx' flag is provided.
frontend/src/components/features/home/git-repo-dropdown/git-repo-dropdown.tsx(213,13): error TS17004: Cannot use JSX unless the '--jsx' flag is provided.
frontend/src/components/features/home/git-repo-dropdown/git-repo-dropdown.tsx(216,11): error TS17004: Cannot use JSX unless the '--jsx' flag is provided.
frontend/src/components/features/home/git-repo-dropdown/git-repo-dropdown.tsx(224,11): error TS17004: Cannot use JSX unless the '--jsx' flag is provided.
frontend/src/components/features/home/git-repo-dropdown/git-repo-dropdown.tsx(228,7): error TS17004: Cannot use JSX unless the '--jsx' flag is provided.
frontend/src/components/features/home/git-repo-dropdown/git-repo-dropdown.tsx(240,7): error TS17004: Cannot use JSX unless the '--jsx' flag is provided.
frontend/src/components/features/home/git-repo-dropdown/index.tsx(2,33): error TS2835: Relative import paths need explicit file extensions in ECMAScript imports when '--moduleResolution' is 'node16' or 'nodenext'. Did you mean './git-repo-dropdown.js'?
frontend/src/components/features/home/git-repo-dropdown/index.tsx(3,43): error TS2835: Relative import paths need explicit file extensions in ECMAScript imports when '--moduleResolution' is 'node16' or 'nodenext'. Did you mean './git-repo-dropdown.js'?
frontend/src/components/features/home/git-repo-dropdown/index.tsx(6,30): error TS2835: Relative import paths need explicit file extensions in ECMAScript imports when '--moduleResolution' is 'node16' or 'nodenext'. Did you mean './dropdown-menu.js'?
frontend/src/components/features/home/git-repo-dropdown/index.tsx(9,30): error TS2835: Relative import paths need explicit file extensions in ECMAScript imports when '--moduleResolution' is 'node16' or 'nodenext'. Did you mean './use-url-search.js'?
frontend/src/components/features/home/git-repo-dropdown/index.tsx(10,35): error TS2835: Relative import paths need explicit file extensions in ECMAScript imports when '--moduleResolution' is 'node16' or 'nodenext'. Did you mean './use-repository-data.js'?
frontend/src/components/features/home/git-repo-dropdown/use-repository-data.tsx(2,10): error TS2614: Module '"#/*"' has no exported member 'Provider'. Did you mean to use 'import Provider from "#/*"' instead?
frontend/src/components/features/home/git-repo-dropdown/use-repository-data.tsx(3,10): error TS2614: Module '"#/*"' has no exported member 'GitRepository'. Did you mean to use 'import GitRepository from "#/*"' instead?
frontend/src/components/features/home/git-repo-dropdown/use-repository-data.tsx(4,10): error TS2614: Module '"#/*"' has no exported member 'useGitRepositories'. Did you mean to use 'import useGitRepositories from "#/*"' instead?
frontend/src/components/features/home/git-repo-dropdown/use-repository-data.tsx(5,10): error TS2614: Module '"#/*"' has no exported member 'useSearchRepositories'. Did you mean to use 'import useSearchRepositories from "#/*"' instead?
frontend/src/components/features/home/git-repo-dropdown/use-repository-data.tsx(34,37): error TS7006: Parameter 'page' implicitly has an 'any' type.
frontend/src/components/features/home/git-repo-dropdown/use-url-search.tsx(2,10): error TS2614: Module '"#/*"' has no exported member 'Provider'. Did you mean to use 'import Provider from "#/*"' instead?
frontend/src/components/features/home/git-repo-dropdown/use-url-search.tsx(3,10): error TS2614: Module '"#/*"' has no exported member 'GitRepository'. Did you mean to use 'import GitRepository from "#/*"' instead?
frontend/src/components/features/home/repo-connector.tsx(3,42): error TS2835: Relative import paths need explicit file extensions in ECMAScript imports when '--moduleResolution' is 'node16' or 'nodenext'. Did you mean './connect-to-provider-message.js'?
frontend/src/components/features/home/repo-connector.tsx(4,41): error TS2835: Relative import paths need explicit file extensions in ECMAScript imports when '--moduleResolution' is 'node16' or 'nodenext'. Did you mean './repo-selection-form.js'?
frontend/src/components/features/home/repo-connector.tsx(5,10): error TS2614: Module '"#/*"' has no exported member 'useConfig'. Did you mean to use 'import useConfig from "#/*"' instead?
frontend/src/components/features/home/repo-connector.tsx(6,35): error TS2835: Relative import paths need explicit file extensions in ECMAScript imports when '--moduleResolution' is 'node16' or 'nodenext'. Did you mean './repo-provider-links.js'?
frontend/src/components/features/home/repo-connector.tsx(7,10): error TS2614: Module '"#/*"' has no exported member 'useUserProviders'. Did you mean to use 'import useUserProviders from "#/*"' instead?
frontend/src/components/features/home/repo-connector.tsx(8,10): error TS2614: Module '"#/*"' has no exported member 'GitRepository'. Did you mean to use 'import GitRepository from "#/*"' instead?
frontend/src/components/features/home/repo-connector.tsx(9,10): error TS2614: Module '"#/*"' has no exported member 'TooltipButton'. Did you mean to use 'import TooltipButton from "#/*"' instead?
frontend/src/components/features/home/repo-connector.tsx(24,5): error TS17004: Cannot use JSX unless the '--jsx' flag is provided.
frontend/src/components/features/home/repo-connector.tsx(28,7): error TS17004: Cannot use JSX unless the '--jsx' flag is provided.
frontend/src/components/features/home/repo-connector.tsx(29,9): error TS17004: Cannot use JSX unless the '--jsx' flag is provided.
frontend/src/components/features/home/repo-connector.tsx(30,9): error TS17004: Cannot use JSX unless the '--jsx' flag is provided.
frontend/src/components/features/home/repo-connector.tsx(38,11): error TS17004: Cannot use JSX unless the '--jsx' flag is provided.
frontend/src/components/features/home/repo-connector.tsx(42,28): error TS17004: Cannot use JSX unless the '--jsx' flag is provided.
frontend/src/components/features/home/repo-connector.tsx(44,9): error TS17004: Cannot use JSX unless the '--jsx' flag is provided.
frontend/src/components/features/home/repo-connector.tsx(47,37): error TS17004: Cannot use JSX unless the '--jsx' flag is provided.
frontend/src/components/features/home/repo-provider-links.tsx(2,10): error TS2614: Module '"#/*"' has no exported member 'useConfig'. Did you mean to use 'import useConfig from "#/*"' instead?
frontend/src/components/features/home/repo-provider-links.tsx(3,10): error TS2614: Module '"#/*"' has no exported member 'I18nKey'. Did you mean to use 'import I18nKey from "#/*"' instead?
frontend/src/components/features/home/repo-provider-links.tsx(4,10): error TS2614: Module '"#/*"' has no exported member 'useUserProviders'. Did you mean to use 'import useUserProviders from "#/*"' instead?
frontend/src/components/features/home/repo-provider-links.tsx(18,5): error TS17004: Cannot use JSX unless the '--jsx' flag is provided.
frontend/src/components/features/home/repo-provider-links.tsx(20,9): error TS17004: Cannot use JSX unless the '--jsx' flag is provided.
frontend/src/components/features/home/repo-selection-form.tsx(4,10): error TS2614: Module '"#/*"' has no exported member 'useCreateConversation'. Did you mean to use 'import useCreateConversation from "#/*"' instead?
frontend/src/components/features/home/repo-selection-form.tsx(6,10): error TS2614: Module '"#/*"' has no exported member 'useIsCreatingConversation'. Did you mean to use 'import useIsCreatingConversation from "#/*"' instead?
frontend/src/components/features/home/repo-selection-form.tsx(7,10): error TS2614: Module '"#/*"' has no exported member 'Branch'. Did you mean to use 'import Branch from "#/*"' instead?
frontend/src/components/features/home/repo-selection-form.tsx(7,18): error TS2614: Module '"#/*"' has no exported member 'GitRepository'. Did you mean to use 'import GitRepository from "#/*"' instead?
frontend/src/components/features/home/repo-selection-form.tsx(8,29): error TS2835: Relative import paths need explicit file extensions in ECMAScript imports when '--moduleResolution' is 'node16' or 'nodenext'. Did you mean '../settings/brand-button.js'?
frontend/src/components/features/home/repo-selection-form.tsx(9,10): error TS2614: Module '"#/*"' has no exported member 'useUserProviders'. Did you mean to use 'import useUserProviders from "#/*"' instead?
frontend/src/components/features/home/repo-selection-form.tsx(10,10): error TS2614: Module '"#/*"' has no exported member 'Provider'. Did you mean to use 'import Provider from "#/*"' instead?
frontend/src/components/features/home/repo-selection-form.tsx(11,37): error TS2834: Relative import paths need explicit file extensions in ECMAScript imports when '--moduleResolution' is 'node16' or 'nodenext'. Consider adding an extension to the import path.
frontend/src/components/features/home/repo-selection-form.tsx(12,35): error TS2834: Relative import paths need explicit file extensions in ECMAScript imports when '--moduleResolution' is 'node16' or 'nodenext'. Consider adding an extension to the import path.
frontend/src/components/features/home/repo-selection-form.tsx(13,33): error TS2834: Relative import paths need explicit file extensions in ECMAScript imports when '--moduleResolution' is 'node16' or 'nodenext'. Consider adding an extension to the import path.
frontend/src/components/features/home/repo-selection-form.tsx(72,7): error TS17004: Cannot use JSX unless the '--jsx' flag is provided.
frontend/src/components/features/home/repo-selection-form.tsx(96,7): error TS17004: Cannot use JSX unless the '--jsx' flag is provided.
frontend/src/components/features/home/repo-selection-form.tsx(111,7): error TS17004: Cannot use JSX unless the '--jsx' flag is provided.
frontend/src/components/features/home/repo-selection-form.tsx(125,5): error TS17004: Cannot use JSX unless the '--jsx' flag is provided.
frontend/src/components/features/home/repo-selection-form.tsx(130,7): error TS17004: Cannot use JSX unless the '--jsx' flag is provided.
frontend/src/components/features/home/repo-selection-form.tsx(150,27): error TS7006: Parameter 'data' implicitly has an 'any' type.
frontend/src/components/features/home/repository-selection/branch-dropdown.tsx(3,39): error TS2835: Relative import paths need explicit file extensions in ECMAScript imports when '--moduleResolution' is 'node16' or 'nodenext'. Did you mean '../../settings/settings-dropdown-input.js'?
frontend/src/components/features/home/repository-selection/branch-dropdown.tsx(4,10): error TS2614: Module '"#/*"' has no exported member 'I18nKey'. Did you mean to use 'import I18nKey from "#/*"' instead?
frontend/src/components/features/home/repository-selection/branch-dropdown.tsx(5,10): error TS2614: Module '"#/*"' has no exported member 'cn'. Did you mean to use 'import cn from "#/*"' instead?
frontend/src/components/features/home/repository-selection/branch-dropdown.tsx(29,5): error TS17004: Cannot use JSX unless the '--jsx' flag is provided.
frontend/src/components/features/home/repository-selection/branch-error-state.tsx(2,10): error TS2614: Module '"#/*"' has no exported member 'cn'. Did you mean to use 'import cn from "#/*"' instead?
frontend/src/components/features/home/repository-selection/branch-error-state.tsx(11,5): error TS17004: Cannot use JSX unless the '--jsx' flag is provided.
frontend/src/components/features/home/repository-selection/branch-error-state.tsx(18,7): error TS17004: Cannot use JSX unless the '--jsx' flag is provided.
frontend/src/components/features/home/repository-selection/branch-loading-state.tsx(3,10): error TS2614: Module '"#/*"' has no exported member 'cn'. Did you mean to use 'import cn from "#/*"' instead?
frontend/src/components/features/home/repository-selection/branch-loading-state.tsx(14,5): error TS17004: Cannot use JSX unless the '--jsx' flag is provided.
frontend/src/components/features/home/repository-selection/branch-loading-state.tsx(21,7): error TS17004: Cannot use JSX unless the '--jsx' flag is provided.
frontend/src/components/features/home/repository-selection/branch-loading-state.tsx(22,7): error TS17004: Cannot use JSX unless the '--jsx' flag is provided.
frontend/src/components/features/home/repository-selection/index.ts(1,10): error TS2614: Module '"#/*"' has no exported member 'BranchDropdown'. Did you mean to use 'import BranchDropdown from "#/*"' instead?
frontend/src/components/features/home/repository-selection/index.ts(2,10): error TS2614: Module '"#/*"' has no exported member 'BranchLoadingState'. Did you mean to use 'import BranchLoadingState from "#/*"' instead?
frontend/src/components/features/home/repository-selection/index.ts(3,10): error TS2614: Module '"#/*"' has no exported member 'BranchErrorState'. Did you mean to use 'import BranchErrorState from "#/*"' instead?
frontend/src/components/features/home/shared/clear-button.tsx(2,10): error TS2614: Module '"#/*"' has no exported member 'cn'. Did you mean to use 'import cn from "#/*"' instead?
frontend/src/components/features/home/shared/clear-button.tsx(16,5): error TS17004: Cannot use JSX unless the '--jsx' flag is provided.
frontend/src/components/features/home/shared/clear-button.tsx(30,7): error TS17004: Cannot use JSX unless the '--jsx' flag is provided.
frontend/src/components/features/home/shared/clear-button.tsx(36,9): error TS17004: Cannot use JSX unless the '--jsx' flag is provided.
frontend/src/components/features/home/shared/dropdown-item.tsx(3,10): error TS2614: Module '"#/*"' has no exported member 'cn'. Did you mean to use 'import cn from "#/*"' instead?
frontend/src/components/features/home/shared/dropdown-item.tsx(43,5): error TS17004: Cannot use JSX unless the '--jsx' flag is provided.
frontend/src/components/features/home/shared/dropdown-item.tsx(44,7): error TS17004: Cannot use JSX unless the '--jsx' flag is provided.
frontend/src/components/features/home/shared/empty-state.tsx(17,5): error TS17004: Cannot use JSX unless the '--jsx' flag is provided.
frontend/src/components/features/home/shared/error-message.tsx(19,5): error TS17004: Cannot use JSX unless the '--jsx' flag is provided.
frontend/src/components/features/home/shared/generic-dropdown-menu.tsx(6,10): error TS2614: Module '"#/*"' has no exported member 'cn'. Did you mean to use 'import cn from "#/*"' instead?
frontend/src/components/features/home/shared/generic-dropdown-menu.tsx(75,5): error TS17004: Cannot use JSX unless the '--jsx' flag is provided.
frontend/src/components/features/home/shared/index.ts(1,37): error TS2835: Relative import paths need explicit file extensions in ECMAScript imports when '--moduleResolution' is 'node16' or 'nodenext'. Did you mean './generic-dropdown-menu.js'?
frontend/src/components/features/home/shared/index.ts(2,28): error TS2835: Relative import paths need explicit file extensions in ECMAScript imports when '--moduleResolution' is 'node16' or 'nodenext'. Did you mean './empty-state.js'?
frontend/src/components/features/home/shared/index.ts(3,30): error TS2835: Relative import paths need explicit file extensions in ECMAScript imports when '--moduleResolution' is 'node16' or 'nodenext'. Did you mean './error-message.js'?
frontend/src/components/features/home/shared/index.ts(4,32): error TS2835: Relative import paths need explicit file extensions in ECMAScript imports when '--moduleResolution' is 'node16' or 'nodenext'. Did you mean './loading-spinner.js'?
frontend/src/components/features/home/shared/index.ts(5,29): error TS2835: Relative import paths need explicit file extensions in ECMAScript imports when '--moduleResolution' is 'node16' or 'nodenext'. Did you mean './clear-button.js'?
frontend/src/components/features/home/shared/index.ts(6,30): error TS2835: Relative import paths need explicit file extensions in ECMAScript imports when '--moduleResolution' is 'node16' or 'nodenext'. Did you mean './toggle-button.js'?
frontend/src/components/features/home/shared/index.ts(7,47): error TS2835: Relative import paths need explicit file extensions in ECMAScript imports when '--moduleResolution' is 'node16' or 'nodenext'. Did you mean './generic-dropdown-menu.js'?
frontend/src/components/features/home/shared/loading-spinner.tsx(2,10): error TS2614: Module '"#/*"' has no exported member 'cn'. Did you mean to use 'import cn from "#/*"' instead?
frontend/src/components/features/home/shared/loading-spinner.tsx(14,5): error TS17004: Cannot use JSX unless the '--jsx' flag is provided.
frontend/src/components/features/home/shared/loading-spinner.tsx(20,7): error TS17004: Cannot use JSX unless the '--jsx' flag is provided.
frontend/src/components/features/home/shared/toggle-button.tsx(2,10): error TS2614: Module '"#/*"' has no exported member 'cn'. Did you mean to use 'import cn from "#/*"' instead?
frontend/src/components/features/home/shared/toggle-button.tsx(18,5): error TS17004: Cannot use JSX unless the '--jsx' flag is provided.
frontend/src/components/features/home/shared/toggle-button.tsx(30,7): error TS17004: Cannot use JSX unless the '--jsx' flag is provided.
frontend/src/components/features/home/shared/toggle-button.tsx(36,9): error TS17004: Cannot use JSX unless the '--jsx' flag is provided.
frontend/src/components/features/home/tasks/task-card.tsx(3,31): error TS2307: Cannot find module './task.types' or its corresponding type declarations.
frontend/src/components/features/home/tasks/task-card.tsx(4,10): error TS2614: Module '"#/*"' has no exported member 'useIsCreatingConversation'. Did you mean to use 'import useIsCreatingConversation from "#/*"' instead?
frontend/src/components/features/home/tasks/task-card.tsx(5,10): error TS2614: Module '"#/*"' has no exported member 'useCreateConversation'. Did you mean to use 'import useCreateConversation from "#/*"' instead?
frontend/src/components/features/home/tasks/task-card.tsx(6,10): error TS2614: Module '"#/*"' has no exported member 'cn'. Did you mean to use 'import cn from "#/*"' instead?
frontend/src/components/features/home/tasks/task-card.tsx(7,33): error TS2835: Relative import paths need explicit file extensions in ECMAScript imports when '--moduleResolution' is 'node16' or 'nodenext'. Did you mean './task-issue-number.js'?
frontend/src/components/features/home/tasks/task-card.tsx(8,10): error TS2614: Module '"#/*"' has no exported member 'useOptimisticUserMessage'. Did you mean to use 'import useOptimisticUserMessage from "#/*"' instead?
frontend/src/components/features/home/tasks/task-card.tsx(42,21): error TS7006: Parameter 'data' implicitly has an 'any' type.
frontend/src/components/features/home/tasks/task-card.tsx(65,5): error TS17004: Cannot use JSX unless the '--jsx' flag is provided.
frontend/src/components/features/home/tasks/task-card.tsx(66,7): error TS17004: Cannot use JSX unless the '--jsx' flag is provided.
frontend/src/components/features/home/tasks/task-card.tsx(68,7): error TS17004: Cannot use JSX unless the '--jsx' flag is provided.
frontend/src/components/features/home/tasks/task-card.tsx(69,9): error TS17004: Cannot use JSX unless the '--jsx' flag is provided.
frontend/src/components/features/home/tasks/task-card.tsx(70,9): error TS17004: Cannot use JSX unless the '--jsx' flag is provided.
frontend/src/components/features/home/tasks/task-card.tsx(73,7): error TS17004: Cannot use JSX unless the '--jsx' flag is provided.
frontend/src/components/features/home/tasks/task-group.tsx(2,26): error TS2835: Relative import paths need explicit file extensions in ECMAScript imports when '--moduleResolution' is 'node16' or 'nodenext'. Did you mean './task-card.js'?
frontend/src/components/features/home/tasks/task-group.tsx(3,31): error TS2835: Relative import paths need explicit file extensions in ECMAScript imports when '--moduleResolution' is 'node16' or 'nodenext'. Did you mean './task-item-title.js'?
frontend/src/components/features/home/tasks/task-group.tsx(4,31): error TS2307: Cannot find module './task.types' or its corresponding type declarations.
frontend/src/components/features/home/tasks/task-group.tsx(15,5): error TS17004: Cannot use JSX unless the '--jsx' flag is provided.
frontend/src/components/features/home/tasks/task-group.tsx(16,7): error TS17004: Cannot use JSX unless the '--jsx' flag is provided.
frontend/src/components/features/home/tasks/task-group.tsx(17,38): error TS17004: Cannot use JSX unless the '--jsx' flag is provided.
frontend/src/components/features/home/tasks/task-group.tsx(18,38): error TS17004: Cannot use JSX unless the '--jsx' flag is provided.
frontend/src/components/features/home/tasks/task-group.tsx(19,41): error TS17004: Cannot use JSX unless the '--jsx' flag is provided.
frontend/src/components/features/home/tasks/task-group.tsx(20,9): error TS17004: Cannot use JSX unless the '--jsx' flag is provided.
frontend/src/components/features/home/tasks/task-group.tsx(23,7): error TS17004: Cannot use JSX unless the '--jsx' flag is provided.
frontend/src/components/features/home/tasks/task-group.tsx(25,11): error TS17004: Cannot use JSX unless the '--jsx' flag is provided.
frontend/src/components/features/home/tasks/task-issue-number.tsx(8,5): error TS17004: Cannot use JSX unless the '--jsx' flag is provided.
frontend/src/components/features/home/tasks/task-issue-number.tsx(14,8): error TS17004: Cannot use JSX unless the '--jsx' flag is provided.
frontend/src/components/features/home/tasks/task-item-title.tsx(3,5): error TS17004: Cannot use JSX unless the '--jsx' flag is provided.
frontend/src/components/features/home/tasks/task-item-title.tsx(4,7): error TS17004: Cannot use JSX unless the '--jsx' flag is provided.
frontend/src/components/features/home/tasks/task-suggestions-skeleton.tsx(2,10): error TS2614: Module '"#/*"' has no exported member 'cn'. Did you mean to use 'import cn from "#/*"' instead?
frontend/src/components/features/home/tasks/task-suggestions-skeleton.tsx(23,5): error TS17004: Cannot use JSX unless the '--jsx' flag is provided.
frontend/src/components/features/home/tasks/task-suggestions-skeleton.tsx(24,7): error TS17004: Cannot use JSX unless the '--jsx' flag is provided.
frontend/src/components/features/home/tasks/task-suggestions-skeleton.tsx(26,7): error TS17004: Cannot use JSX unless the '--jsx' flag is provided.
frontend/src/components/features/home/tasks/task-suggestions-skeleton.tsx(27,9): error TS17004: Cannot use JSX unless the '--jsx' flag is provided.
frontend/src/components/features/home/tasks/task-suggestions-skeleton.tsx(28,9): error TS17004: Cannot use JSX unless the '--jsx' flag is provided.
frontend/src/components/features/home/tasks/task-suggestions-skeleton.tsx(31,7): error TS17004: Cannot use JSX unless the '--jsx' flag is provided.
frontend/src/components/features/home/tasks/task-suggestions-skeleton.tsx(49,5): error TS17004: Cannot use JSX unless the '--jsx' flag is provided.
frontend/src/components/features/home/tasks/task-suggestions-skeleton.tsx(50,7): error TS17004: Cannot use JSX unless the '--jsx' flag is provided.
frontend/src/components/features/home/tasks/task-suggestions-skeleton.tsx(51,9): error TS17004: Cannot use JSX unless the '--jsx' flag is provided.
frontend/src/components/features/home/tasks/task-suggestions-skeleton.tsx(54,7): error TS17004: Cannot use JSX unless the '--jsx' flag is provided.
frontend/src/components/features/home/tasks/task-suggestions-skeleton.tsx(56,11): error TS17004: Cannot use JSX unless the '--jsx' flag is provided.
frontend/src/components/features/home/tasks/task-suggestions-skeleton.tsx(72,5): error TS17004: Cannot use JSX unless the '--jsx' flag is provided.
frontend/src/components/features/home/tasks/task-suggestions-skeleton.tsx(74,9): error TS17004: Cannot use JSX unless the '--jsx' flag is provided.
frontend/src/components/features/home/tasks/task-suggestions.tsx(3,27): error TS2835: Relative import paths need explicit file extensions in ECMAScript imports when '--moduleResolution' is 'node16' or 'nodenext'. Did you mean './task-group.js'?
frontend/src/components/features/home/tasks/task-suggestions.tsx(4,10): error TS2614: Module '"#/*"' has no exported member 'useSuggestedTasks'. Did you mean to use 'import useSuggestedTasks from "#/*"' instead?
frontend/src/components/features/home/tasks/task-suggestions.tsx(5,41): error TS2835: Relative import paths need explicit file extensions in ECMAScript imports when '--moduleResolution' is 'node16' or 'nodenext'. Did you mean './task-suggestions-skeleton.js'?
frontend/src/components/features/home/tasks/task-suggestions.tsx(6,10): error TS2614: Module '"#/*"' has no exported member 'cn'. Did you mean to use 'import cn from "#/*"' instead?
frontend/src/components/features/home/tasks/task-suggestions.tsx(7,10): error TS2614: Module '"#/*"' has no exported member 'I18nKey'. Did you mean to use 'import I18nKey from "#/*"' instead?
frontend/src/components/features/home/tasks/task-suggestions.tsx(8,10): error TS2614: Module '"#/*"' has no exported member 'TooltipButton'. Did you mean to use 'import TooltipButton from "#/*"' instead?
frontend/src/components/features/home/tasks/task-suggestions.tsx(9,10): error TS2614: Module '"#/*"' has no exported member 'GitRepository'. Did you mean to use 'import GitRepository from "#/*"' instead?
frontend/src/components/features/home/tasks/task-suggestions.tsx(21,10): error TS7006: Parameter 'element' implicitly has an 'any' type.
frontend/src/components/features/home/tasks/task-suggestions.tsx(24,14): error TS7006: Parameter 'task' implicitly has an 'any' type.
frontend/src/components/features/home/tasks/task-suggestions.tsx(32,5): error TS17004: Cannot use JSX unless the '--jsx' flag is provided.
frontend/src/components/features/home/tasks/task-suggestions.tsx(36,7): error TS17004: Cannot use JSX unless the '--jsx' flag is provided.
frontend/src/components/features/home/tasks/task-suggestions.tsx(37,9): error TS17004: Cannot use JSX unless the '--jsx' flag is provided.
frontend/src/components/features/home/tasks/task-suggestions.tsx(38,9): error TS17004: Cannot use JSX unless the '--jsx' flag is provided.
frontend/src/components/features/home/tasks/task-suggestions.tsx(46,11): error TS17004: Cannot use JSX unless the '--jsx' flag is provided.
frontend/src/components/features/home/tasks/task-suggestions.tsx(50,7): error TS17004: Cannot use JSX unless the '--jsx' flag is provided.
frontend/src/components/features/home/tasks/task-suggestions.tsx(51,23): error TS17004: Cannot use JSX unless the '--jsx' flag is provided.
frontend/src/components/features/home/tasks/task-suggestions.tsx(53,11): error TS17004: Cannot use JSX unless the '--jsx' flag is provided.
frontend/src/components/features/home/tasks/task-suggestions.tsx(55,31): error TS7006: Parameter 'taskGroup' implicitly has an 'any' type.
frontend/src/components/features/home/tasks/task-suggestions.tsx(56,11): error TS17004: Cannot use JSX unless the '--jsx' flag is provided.
frontend/src/components/features/home/tasks/task.types.ts(1,10): error TS2614: Module '"#/*"' has no exported member 'Provider'. Did you mean to use 'import Provider from "#/*"' instead?
frontend/src/components/features/images/attach-image-label.tsx(2,10): error TS2614: Module '"#/*"' has no exported member 'I18nKey'. Did you mean to use 'import I18nKey from "#/*"' instead?
frontend/src/components/features/images/attach-image-label.tsx(8,5): error TS17004: Cannot use JSX unless the '--jsx' flag is provided.
frontend/src/components/features/images/attach-image-label.tsx(9,7): error TS17004: Cannot use JSX unless the '--jsx' flag is provided.
frontend/src/components/features/images/image-carousel.tsx(2,10): error TS2614: Module '"#/*"' has no exported member 'ChevronLeft'. Did you mean to use 'import ChevronLeft from "#/*"' instead?
frontend/src/components/features/images/image-carousel.tsx(3,10): error TS2614: Module '"#/*"' has no exported member 'ChevronRight'. Did you mean to use 'import ChevronRight from "#/*"' instead?
frontend/src/components/features/images/image-carousel.tsx(4,30): error TS2835: Relative import paths need explicit file extensions in ECMAScript imports when '--moduleResolution' is 'node16' or 'nodenext'. Did you mean './image-preview.js'?
frontend/src/components/features/images/image-carousel.tsx(5,10): error TS2614: Module '"#/*"' has no exported member 'cn'. Did you mean to use 'import cn from "#/*"' instead?
frontend/src/components/features/images/image-carousel.tsx(43,5): error TS17004: Cannot use JSX unless the '--jsx' flag is provided.
frontend/src/components/features/images/image-carousel.tsx(45,9): error TS17004: Cannot use JSX unless the '--jsx' flag is provided.
frontend/src/components/features/images/image-carousel.tsx(46,11): error TS17004: Cannot use JSX unless the '--jsx' flag is provided.
frontend/src/components/features/images/image-carousel.tsx(49,7): error TS17004: Cannot use JSX unless the '--jsx' flag is provided.
frontend/src/components/features/images/image-carousel.tsx(59,11): error TS17004: Cannot use JSX unless the '--jsx' flag is provided.
frontend/src/components/features/images/image-carousel.tsx(68,9): error TS17004: Cannot use JSX unless the '--jsx' flag is provided.
frontend/src/components/features/images/image-carousel.tsx(69,11): error TS17004: Cannot use JSX unless the '--jsx' flag is provided.
frontend/src/components/features/images/image-preview.tsx(1,10): error TS2614: Module '"#/*"' has no exported member 'RemoveButton'. Did you mean to use 'import RemoveButton from "#/*"' instead?
frontend/src/components/features/images/image-preview.tsx(2,27): error TS2835: Relative import paths need explicit file extensions in ECMAScript imports when '--moduleResolution' is 'node16' or 'nodenext'. Did you mean './thumbnail.js'?
frontend/src/components/features/images/image-preview.tsx(16,5): error TS17004: Cannot use JSX unless the '--jsx' flag is provided.
frontend/src/components/features/images/image-preview.tsx(17,7): error TS17004: Cannot use JSX unless the '--jsx' flag is provided.
frontend/src/components/features/images/image-preview.tsx(19,9): error TS17004: Cannot use JSX unless the '--jsx' flag is provided.
frontend/src/components/features/images/thumbnail.tsx(1,10): error TS2614: Module '"#/*"' has no exported member 'cn'. Did you mean to use 'import cn from "#/*"' instead?
frontend/src/components/features/images/thumbnail.tsx(10,5): error TS17004: Cannot use JSX unless the '--jsx' flag is provided.
frontend/src/components/features/images/upload-image-input.tsx(16,5): error TS17004: Cannot use JSX unless the '--jsx' flag is provided.
frontend/src/components/features/images/upload-image-input.tsx(17,17): error TS17004: Cannot use JSX unless the '--jsx' flag is provided.
frontend/src/components/features/images/upload-image-input.tsx(18,7): error TS17004: Cannot use JSX unless the '--jsx' flag is provided.
frontend/src/components/features/jupyter/jupyter-cell-input.tsx(10,5): error TS17004: Cannot use JSX unless the '--jsx' flag is provided.
frontend/src/components/features/jupyter/jupyter-cell-input.tsx(11,7): error TS17004: Cannot use JSX unless the '--jsx' flag is provided.
frontend/src/components/features/jupyter/jupyter-cell-input.tsx(12,7): error TS17004: Cannot use JSX unless the '--jsx' flag is provided.
frontend/src/components/features/jupyter/jupyter-cell-input.tsx(16,9): error TS17004: Cannot use JSX unless the '--jsx' flag is provided.
frontend/src/components/features/jupyter/jupyter-cell-output.tsx(5,10): error TS2614: Module '"#/*"' has no exported member 'I18nKey'. Did you mean to use 'import I18nKey from "#/*"' instead?
frontend/src/components/features/jupyter/jupyter-cell-output.tsx(6,10): error TS2614: Module '"#/*"' has no exported member 'JupyterLine'. Did you mean to use 'import JupyterLine from "#/*"' instead?
frontend/src/components/features/jupyter/jupyter-cell-output.tsx(7,27): error TS2835: Relative import paths need explicit file extensions in ECMAScript imports when '--moduleResolution' is 'node16' or 'nodenext'. Did you mean '../markdown/paragraph.js'?
frontend/src/components/features/jupyter/jupyter-cell-output.tsx(16,5): error TS17004: Cannot use JSX unless the '--jsx' flag is provided.
frontend/src/components/features/jupyter/jupyter-cell-output.tsx(17,7): error TS17004: Cannot use JSX unless the '--jsx' flag is provided.
frontend/src/components/features/jupyter/jupyter-cell-output.tsx(20,7): error TS17004: Cannot use JSX unless the '--jsx' flag is provided.
frontend/src/components/features/jupyter/jupyter-cell-output.tsx(32,15): error TS17004: Cannot use JSX unless the '--jsx' flag is provided.
frontend/src/components/features/jupyter/jupyter-cell-output.tsx(35,17): error TS17004: Cannot use JSX unless the '--jsx' flag is provided.
frontend/src/components/features/jupyter/jupyter-cell-output.tsx(47,13): error TS17004: Cannot use JSX unless the '--jsx' flag is provided.
frontend/src/components/features/jupyter/jupyter-cell-output.tsx(48,15): error TS17004: Cannot use JSX unless the '--jsx' flag is provided.
frontend/src/components/features/jupyter/jupyter-cell.tsx(2,10): error TS2614: Module '"#/*"' has no exported member 'Cell'. Did you mean to use 'import Cell from "#/*"' instead?
frontend/src/components/features/jupyter/jupyter-cell.tsx(3,10): error TS2614: Module '"#/*"' has no exported member 'JupyterLine'. Did you mean to use 'import JupyterLine from "#/*"' instead?
frontend/src/components/features/jupyter/jupyter-cell.tsx(3,23): error TS2614: Module '"#/*"' has no exported member 'parseCellContent'. Did you mean to use 'import parseCellContent from "#/*"' instead?
frontend/src/components/features/jupyter/jupyter-cell.tsx(4,35): error TS2835: Relative import paths need explicit file extensions in ECMAScript imports when '--moduleResolution' is 'node16' or 'nodenext'. Did you mean './jupyter-cell-input.js'?
frontend/src/components/features/jupyter/jupyter-cell.tsx(5,35): error TS2835: Relative import paths need explicit file extensions in ECMAScript imports when '--moduleResolution' is 'node16' or 'nodenext'. Did you mean './jupyter-cell-output.js'?
frontend/src/components/features/jupyter/jupyter-cell.tsx(19,12): error TS17004: Cannot use JSX unless the '--jsx' flag is provided.
frontend/src/components/features/jupyter/jupyter-cell.tsx(22,10): error TS17004: Cannot use JSX unless the '--jsx' flag is provided.
frontend/src/components/features/jupyter/jupyter.tsx(4,10): error TS2614: Module '"#/*"' has no exported member 'RootState'. Did you mean to use 'import RootState from "#/*"' instead?
frontend/src/components/features/jupyter/jupyter.tsx(5,10): error TS2614: Module '"#/*"' has no exported member 'useScrollToBottom'. Did you mean to use 'import useScrollToBottom from "#/*"' instead?
frontend/src/components/features/jupyter/jupyter.tsx(6,29): error TS2835: Relative import paths need explicit file extensions in ECMAScript imports when '--moduleResolution' is 'node16' or 'nodenext'. Did you mean './jupyter-cell.js'?
frontend/src/components/features/jupyter/jupyter.tsx(7,10): error TS2614: Module '"#/*"' has no exported member 'ScrollToBottomButton'. Did you mean to use 'import ScrollToBottomButton from "#/*"' instead?
frontend/src/components/features/jupyter/jupyter.tsx(8,10): error TS2614: Module '"#/*"' has no exported member 'useRuntimeIsReady'. Did you mean to use 'import useRuntimeIsReady from "#/*"' instead?
frontend/src/components/features/jupyter/jupyter.tsx(29,5): error TS17004: Cannot use JSX unless the '--jsx' flag is provided.
frontend/src/components/features/jupyter/jupyter.tsx(31,9): error TS17004: Cannot use JSX unless the '--jsx' flag is provided.
frontend/src/components/features/jupyter/jupyter.tsx(36,9): error TS17004: Cannot use JSX unless the '--jsx' flag is provided.
frontend/src/components/features/jupyter/jupyter.tsx(37,11): error TS17004: Cannot use JSX unless the '--jsx' flag is provided.
frontend/src/components/features/jupyter/jupyter.tsx(43,25): error TS7006: Parameter 'cell' implicitly has an 'any' type.
frontend/src/components/features/jupyter/jupyter.tsx(43,31): error TS7006: Parameter 'index' implicitly has an 'any' type.
frontend/src/components/features/jupyter/jupyter.tsx(44,15): error TS17004: Cannot use JSX unless the '--jsx' flag is provided.
frontend/src/components/features/jupyter/jupyter.tsx(51,13): error TS17004: Cannot use JSX unless the '--jsx' flag is provided.
frontend/src/components/features/jupyter/jupyter.tsx(52,15): error TS17004: Cannot use JSX unless the '--jsx' flag is provided.
frontend/src/components/features/knowledge-base/kb-collection-card.tsx(3,10): error TS2614: Module '"#/*"' has no exported member 'Card'. Did you mean to use 'import Card from "#/*"' instead?
frontend/src/components/features/knowledge-base/kb-collection-card.tsx(3,16): error TS2614: Module '"#/*"' has no exported member 'CardContent'. Did you mean to use 'import CardContent from "#/*"' instead?
frontend/src/components/features/knowledge-base/kb-collection-card.tsx(4,10): error TS2614: Module '"#/*"' has no exported member 'Button'. Did you mean to use 'import Button from "#/*"' instead?
frontend/src/components/features/knowledge-base/kb-collection-card.tsx(5,15): error TS2614: Module '"#/*"' has no exported member 'KnowledgeBaseCollection'. Did you mean to use 'import KnowledgeBaseCollection from "#/*"' instead?
frontend/src/components/features/knowledge-base/kb-collection-card.tsx(32,5): error TS17004: Cannot use JSX unless the '--jsx' flag is provided.
frontend/src/components/features/knowledge-base/kb-collection-card.tsx(33,7): error TS17004: Cannot use JSX unless the '--jsx' flag is provided.
frontend/src/components/features/knowledge-base/kb-collection-card.tsx(34,9): error TS17004: Cannot use JSX unless the '--jsx' flag is provided.
frontend/src/components/features/knowledge-base/kb-collection-card.tsx(35,11): error TS17004: Cannot use JSX unless the '--jsx' flag is provided.
frontend/src/components/features/knowledge-base/kb-collection-card.tsx(36,13): error TS17004: Cannot use JSX unless the '--jsx' flag is provided.
frontend/src/components/features/knowledge-base/kb-collection-card.tsx(40,15): error TS17004: Cannot use JSX unless the '--jsx' flag is provided.
frontend/src/components/features/knowledge-base/kb-collection-card.tsx(45,11): error TS17004: Cannot use JSX unless the '--jsx' flag is provided.
frontend/src/components/features/knowledge-base/kb-collection-card.tsx(47,15): error TS17004: Cannot use JSX unless the '--jsx' flag is provided.
frontend/src/components/features/knowledge-base/kb-collection-card.tsx(53,17): error TS17004: Cannot use JSX unless the '--jsx' flag is provided.
frontend/src/components/features/knowledge-base/kb-collection-card.tsx(57,15): error TS17004: Cannot use JSX unless the '--jsx' flag is provided.
frontend/src/components/features/knowledge-base/kb-collection-card.tsx(64,17): error TS17004: Cannot use JSX unless the '--jsx' flag is provided.
frontend/src/components/features/knowledge-base/kb-collection-card.tsx(70,9): error TS17004: Cannot use JSX unless the '--jsx' flag is provided.
frontend/src/components/features/knowledge-base/kb-collection-card.tsx(71,11): error TS17004: Cannot use JSX unless the '--jsx' flag is provided.
frontend/src/components/features/knowledge-base/kb-collection-card.tsx(72,13): error TS17004: Cannot use JSX unless the '--jsx' flag is provided.
frontend/src/components/features/knowledge-base/kb-collection-card.tsx(73,13): error TS17004: Cannot use JSX unless the '--jsx' flag is provided.
frontend/src/components/features/knowledge-base/kb-collection-card.tsx(77,11): error TS17004: Cannot use JSX unless the '--jsx' flag is provided.
frontend/src/components/features/knowledge-base/kb-collection-card.tsx(82,9): error TS17004: Cannot use JSX unless the '--jsx' flag is provided.
frontend/src/components/features/knowledge-base/kb-collection-card.tsx(83,11): error TS17004: Cannot use JSX unless the '--jsx' flag is provided.
frontend/src/components/features/knowledge-base/kb-collection-card.tsx(84,11): error TS17004: Cannot use JSX unless the '--jsx' flag is provided.
frontend/src/components/features/knowledge-base/kb-collection-card.tsx(87,9): error TS17004: Cannot use JSX unless the '--jsx' flag is provided.
frontend/src/components/features/knowledge-base/kb-collection-card.tsx(89,13): error TS17004: Cannot use JSX unless the '--jsx' flag is provided.
frontend/src/components/features/knowledge-base/kb-collection-card.tsx(95,15): error TS17004: Cannot use JSX unless the '--jsx' flag is provided.
frontend/src/components/features/knowledge-base/kb-collection-card.tsx(100,13): error TS17004: Cannot use JSX unless the '--jsx' flag is provided.
frontend/src/components/features/knowledge-base/kb-collection-card.tsx(105,15): error TS17004: Cannot use JSX unless the '--jsx' flag is provided.
frontend/src/components/features/knowledge-base/kb-create-collection-modal.tsx(3,10): error TS2614: Module '"#/*"' has no exported member 'Button'. Did you mean to use 'import Button from "#/*"' instead?
frontend/src/components/features/knowledge-base/kb-create-collection-modal.tsx(4,10): error TS2614: Module '"#/*"' has no exported member 'Input'. Did you mean to use 'import Input from "#/*"' instead?
frontend/src/components/features/knowledge-base/kb-create-collection-modal.tsx(5,10): error TS2614: Module '"#/*"' has no exported member 'Textarea'. Did you mean to use 'import Textarea from "#/*"' instead?
frontend/src/components/features/knowledge-base/kb-create-collection-modal.tsx(6,10): error TS2614: Module '"#/*"' has no exported member 'ModalBackdrop'. Did you mean to use 'import ModalBackdrop from "#/*"' instead?
frontend/src/components/features/knowledge-base/kb-create-collection-modal.tsx(7,10): error TS2614: Module '"#/*"' has no exported member 'useCreateCollection'. Did you mean to use 'import useCreateCollection from "#/*"' instead?
frontend/src/components/features/knowledge-base/kb-create-collection-modal.tsx(38,5): error TS17004: Cannot use JSX unless the '--jsx' flag is provided.
frontend/src/components/features/knowledge-base/kb-create-collection-modal.tsx(39,7): error TS17004: Cannot use JSX unless the '--jsx' flag is provided.
frontend/src/components/features/knowledge-base/kb-create-collection-modal.tsx(41,9): error TS17004: Cannot use JSX unless the '--jsx' flag is provided.
frontend/src/components/features/knowledge-base/kb-create-collection-modal.tsx(42,11): error TS17004: Cannot use JSX unless the '--jsx' flag is provided.
frontend/src/components/features/knowledge-base/kb-create-collection-modal.tsx(45,11): error TS17004: Cannot use JSX unless the '--jsx' flag is provided.
frontend/src/components/features/knowledge-base/kb-create-collection-modal.tsx(50,13): error TS17004: Cannot use JSX unless the '--jsx' flag is provided.
frontend/src/components/features/knowledge-base/kb-create-collection-modal.tsx(55,9): error TS17004: Cannot use JSX unless the '--jsx' flag is provided.
frontend/src/components/features/knowledge-base/kb-create-collection-modal.tsx(56,11): error TS17004: Cannot use JSX unless the '--jsx' flag is provided.
frontend/src/components/features/knowledge-base/kb-create-collection-modal.tsx(57,13): error TS17004: Cannot use JSX unless the '--jsx' flag is provided.
frontend/src/components/features/knowledge-base/kb-create-collection-modal.tsx(60,13): error TS17004: Cannot use JSX unless the '--jsx' flag is provided.
frontend/src/components/features/knowledge-base/kb-create-collection-modal.tsx(64,26): error TS7006: Parameter 'e' implicitly has an 'any' type.
frontend/src/components/features/knowledge-base/kb-create-collection-modal.tsx(72,11): error TS17004: Cannot use JSX unless the '--jsx' flag is provided.
frontend/src/components/features/knowledge-base/kb-create-collection-modal.tsx(73,13): error TS17004: Cannot use JSX unless the '--jsx' flag is provided.
frontend/src/components/features/knowledge-base/kb-create-collection-modal.tsx(76,13): error TS17004: Cannot use JSX unless the '--jsx' flag is provided.
frontend/src/components/features/knowledge-base/kb-create-collection-modal.tsx(79,26): error TS7006: Parameter 'e' implicitly has an 'any' type.
frontend/src/components/features/knowledge-base/kb-create-collection-modal.tsx(87,11): error TS17004: Cannot use JSX unless the '--jsx' flag is provided.
frontend/src/components/features/knowledge-base/kb-create-collection-modal.tsx(88,13): error TS17004: Cannot use JSX unless the '--jsx' flag is provided.
frontend/src/components/features/knowledge-base/kb-create-collection-modal.tsx(97,13): error TS17004: Cannot use JSX unless the '--jsx' flag is provided.
frontend/src/components/features/knowledge-base/kb-document-upload.tsx(3,10): error TS2614: Module '"#/*"' has no exported member 'Button'. Did you mean to use 'import Button from "#/*"' instead?
frontend/src/components/features/knowledge-base/kb-document-upload.tsx(4,10): error TS2614: Module '"#/*"' has no exported member 'ModalBackdrop'. Did you mean to use 'import ModalBackdrop from "#/*"' instead?
frontend/src/components/features/knowledge-base/kb-document-upload.tsx(5,10): error TS2614: Module '"#/*"' has no exported member 'useUploadDocument'. Did you mean to use 'import useUploadDocument from "#/*"' instead?
frontend/src/components/features/knowledge-base/kb-document-upload.tsx(89,5): error TS17004: Cannot use JSX unless the '--jsx' flag is provided.
frontend/src/components/features/knowledge-base/kb-document-upload.tsx(90,7): error TS17004: Cannot use JSX unless the '--jsx' flag is provided.
frontend/src/components/features/knowledge-base/kb-document-upload.tsx(92,9): error TS17004: Cannot use JSX unless the '--jsx' flag is provided.
frontend/src/components/features/knowledge-base/kb-document-upload.tsx(93,11): error TS17004: Cannot use JSX unless the '--jsx' flag is provided.
frontend/src/components/features/knowledge-base/kb-document-upload.tsx(94,13): error TS17004: Cannot use JSX unless the '--jsx' flag is provided.
frontend/src/components/features/knowledge-base/kb-document-upload.tsx(97,13): error TS17004: Cannot use JSX unless the '--jsx' flag is provided.
frontend/src/components/features/knowledge-base/kb-document-upload.tsx(101,11): error TS17004: Cannot use JSX unless the '--jsx' flag is provided.
frontend/src/components/features/knowledge-base/kb-document-upload.tsx(106,13): error TS17004: Cannot use JSX unless the '--jsx' flag is provided.
frontend/src/components/features/knowledge-base/kb-document-upload.tsx(111,9): error TS17004: Cannot use JSX unless the '--jsx' flag is provided.
frontend/src/components/features/knowledge-base/kb-document-upload.tsx(121,11): error TS17004: Cannot use JSX unless the '--jsx' flag is provided.
frontend/src/components/features/knowledge-base/kb-document-upload.tsx(123,13): error TS17004: Cannot use JSX unless the '--jsx' flag is provided.
frontend/src/components/features/knowledge-base/kb-document-upload.tsx(124,15): error TS17004: Cannot use JSX unless the '--jsx' flag is provided.
frontend/src/components/features/knowledge-base/kb-document-upload.tsx(125,15): error TS17004: Cannot use JSX unless the '--jsx' flag is provided.
frontend/src/components/features/knowledge-base/kb-document-upload.tsx(128,15): error TS17004: Cannot use JSX unless the '--jsx' flag is provided.
frontend/src/components/features/knowledge-base/kb-document-upload.tsx(133,13): error TS17004: Cannot use JSX unless the '--jsx' flag is provided.
frontend/src/components/features/knowledge-base/kb-document-upload.tsx(134,15): error TS17004: Cannot use JSX unless the '--jsx' flag is provided.
frontend/src/components/features/knowledge-base/kb-document-upload.tsx(137,15): error TS17004: Cannot use JSX unless the '--jsx' flag is provided.
frontend/src/components/features/knowledge-base/kb-document-upload.tsx(142,11): error TS17004: Cannot use JSX unless the '--jsx' flag is provided.
frontend/src/components/features/knowledge-base/kb-document-upload.tsx(153,11): error TS17004: Cannot use JSX unless the '--jsx' flag is provided.
frontend/src/components/features/knowledge-base/kb-document-upload.tsx(154,13): error TS17004: Cannot use JSX unless the '--jsx' flag is provided.
frontend/src/components/features/knowledge-base/kb-document-upload.tsx(155,13): error TS17004: Cannot use JSX unless the '--jsx' flag is provided.
frontend/src/components/features/knowledge-base/kb-document-upload.tsx(160,9): error TS17004: Cannot use JSX unless the '--jsx' flag is provided.
frontend/src/components/features/knowledge-base/kb-document-upload.tsx(161,11): error TS17004: Cannot use JSX unless the '--jsx' flag is provided.
frontend/src/components/features/knowledge-base/kb-document-upload.tsx(170,11): error TS17004: Cannot use JSX unless the '--jsx' flag is provided.
frontend/src/components/features/knowledge-base/knowledge-base-manager.tsx(3,10): error TS2614: Module '"#/*"' has no exported member 'Button'. Did you mean to use 'import Button from "#/*"' instead?
frontend/src/components/features/knowledge-base/knowledge-base-manager.tsx(4,10): error TS2614: Module '"#/*"' has no exported member 'Input'. Did you mean to use 'import Input from "#/*"' instead?
frontend/src/components/features/knowledge-base/knowledge-base-manager.tsx(5,10): error TS2614: Module '"#/*"' has no exported member 'LoadingSpinner'. Did you mean to use 'import LoadingSpinner from "#/*"' instead?
frontend/src/components/features/knowledge-base/knowledge-base-manager.tsx(6,34): error TS2835: Relative import paths need explicit file extensions in ECMAScript imports when '--moduleResolution' is 'node16' or 'nodenext'. Did you mean './kb-collection-card.js'?
frontend/src/components/features/knowledge-base/knowledge-base-manager.tsx(7,41): error TS2835: Relative import paths need explicit file extensions in ECMAScript imports when '--moduleResolution' is 'node16' or 'nodenext'. Did you mean './kb-create-collection-modal.js'?
frontend/src/components/features/knowledge-base/knowledge-base-manager.tsx(8,34): error TS2835: Relative import paths need explicit file extensions in ECMAScript imports when '--moduleResolution' is 'node16' or 'nodenext'. Did you mean './kb-document-upload.js'?
frontend/src/components/features/knowledge-base/knowledge-base-manager.tsx(10,3): error TS2614: Module '"#/*"' has no exported member 'useKnowledgeBaseCollections'. Did you mean to use 'import useKnowledgeBaseCollections from "#/*"' instead?
frontend/src/components/features/knowledge-base/knowledge-base-manager.tsx(11,3): error TS2614: Module '"#/*"' has no exported member 'useKnowledgeBaseStats'. Did you mean to use 'import useKnowledgeBaseStats from "#/*"' instead?
frontend/src/components/features/knowledge-base/knowledge-base-manager.tsx(13,10): error TS2614: Module '"#/*"' has no exported member 'useDeleteCollection'. Did you mean to use 'import useDeleteCollection from "#/*"' instead?
frontend/src/components/features/knowledge-base/knowledge-base-manager.tsx(37,52): error TS7006: Parameter 'collection' implicitly has an 'any' type.
frontend/src/components/features/knowledge-base/knowledge-base-manager.tsx(43,5): error TS17004: Cannot use JSX unless the '--jsx' flag is provided.
frontend/src/components/features/knowledge-base/knowledge-base-manager.tsx(45,7): error TS17004: Cannot use JSX unless the '--jsx' flag is provided.
frontend/src/components/features/knowledge-base/knowledge-base-manager.tsx(46,9): error TS17004: Cannot use JSX unless the '--jsx' flag is provided.
frontend/src/components/features/knowledge-base/knowledge-base-manager.tsx(47,11): error TS17004: Cannot use JSX unless the '--jsx' flag is provided.
frontend/src/components/features/knowledge-base/knowledge-base-manager.tsx(48,13): error TS17004: Cannot use JSX unless the '--jsx' flag is provided.
frontend/src/components/features/knowledge-base/knowledge-base-manager.tsx(49,13): error TS17004: Cannot use JSX unless the '--jsx' flag is provided.
frontend/src/components/features/knowledge-base/knowledge-base-manager.tsx(50,15): error TS17004: Cannot use JSX unless the '--jsx' flag is provided.
frontend/src/components/features/knowledge-base/knowledge-base-manager.tsx(53,15): error TS17004: Cannot use JSX unless the '--jsx' flag is provided.
frontend/src/components/features/knowledge-base/knowledge-base-manager.tsx(58,11): error TS17004: Cannot use JSX unless the '--jsx' flag is provided.
frontend/src/components/features/knowledge-base/knowledge-base-manager.tsx(59,13): error TS17004: Cannot use JSX unless the '--jsx' flag is provided.
frontend/src/components/features/knowledge-base/knowledge-base-manager.tsx(66,11): error TS17004: Cannot use JSX unless the '--jsx' flag is provided.
frontend/src/components/features/knowledge-base/knowledge-base-manager.tsx(67,13): error TS17004: Cannot use JSX unless the '--jsx' flag is provided.
frontend/src/components/features/knowledge-base/knowledge-base-manager.tsx(68,15): error TS17004: Cannot use JSX unless the '--jsx' flag is provided.
frontend/src/components/features/knowledge-base/knowledge-base-manager.tsx(71,15): error TS17004: Cannot use JSX unless the '--jsx' flag is provided.
frontend/src/components/features/knowledge-base/knowledge-base-manager.tsx(73,13): error TS17004: Cannot use JSX unless the '--jsx' flag is provided.
frontend/src/components/features/knowledge-base/knowledge-base-manager.tsx(74,15): error TS17004: Cannot use JSX unless the '--jsx' flag is provided.
frontend/src/components/features/knowledge-base/knowledge-base-manager.tsx(77,15): error TS17004: Cannot use JSX unless the '--jsx' flag is provided.
frontend/src/components/features/knowledge-base/knowledge-base-manager.tsx(79,13): error TS17004: Cannot use JSX unless the '--jsx' flag is provided.
frontend/src/components/features/knowledge-base/knowledge-base-manager.tsx(80,15): error TS17004: Cannot use JSX unless the '--jsx' flag is provided.
frontend/src/components/features/knowledge-base/knowledge-base-manager.tsx(83,15): error TS17004: Cannot use JSX unless the '--jsx' flag is provided.
frontend/src/components/features/knowledge-base/knowledge-base-manager.tsx(85,13): error TS17004: Cannot use JSX unless the '--jsx' flag is provided.
frontend/src/components/features/knowledge-base/knowledge-base-manager.tsx(86,15): error TS17004: Cannot use JSX unless the '--jsx' flag is provided.
frontend/src/components/features/knowledge-base/knowledge-base-manager.tsx(89,15): error TS17004: Cannot use JSX unless the '--jsx' flag is provided.
frontend/src/components/features/knowledge-base/knowledge-base-manager.tsx(95,9): error TS17004: Cannot use JSX unless the '--jsx' flag is provided.
frontend/src/components/features/knowledge-base/knowledge-base-manager.tsx(96,11): error TS17004: Cannot use JSX unless the '--jsx' flag is provided.
frontend/src/components/features/knowledge-base/knowledge-base-manager.tsx(97,13): error TS17004: Cannot use JSX unless the '--jsx' flag is provided.
frontend/src/components/features/knowledge-base/knowledge-base-manager.tsx(98,13): error TS17004: Cannot use JSX unless the '--jsx' flag is provided.
frontend/src/components/features/knowledge-base/knowledge-base-manager.tsx(102,26): error TS7006: Parameter 'e' implicitly has an 'any' type.
frontend/src/components/features/knowledge-base/knowledge-base-manager.tsx(110,7): error TS17004: Cannot use JSX unless the '--jsx' flag is provided.
frontend/src/components/features/knowledge-base/knowledge-base-manager.tsx(112,13): error TS17004: Cannot use JSX unless the '--jsx' flag is provided.
frontend/src/components/features/knowledge-base/knowledge-base-manager.tsx(113,13): error TS17004: Cannot use JSX unless the '--jsx' flag is provided.
frontend/src/components/features/knowledge-base/knowledge-base-manager.tsx(116,11): error TS17004: Cannot use JSX unless the '--jsx' flag is provided.
frontend/src/components/features/knowledge-base/knowledge-base-manager.tsx(117,13): error TS17004: Cannot use JSX unless the '--jsx' flag is provided.
frontend/src/components/features/knowledge-base/knowledge-base-manager.tsx(118,15): error TS17004: Cannot use JSX unless the '--jsx' flag is provided.
frontend/src/components/features/knowledge-base/knowledge-base-manager.tsx(120,13): error TS17004: Cannot use JSX unless the '--jsx' flag is provided.
frontend/src/components/features/knowledge-base/knowledge-base-manager.tsx(123,13): error TS17004: Cannot use JSX unless the '--jsx' flag is provided.
frontend/src/components/features/knowledge-base/knowledge-base-manager.tsx(128,11): error TS17004: Cannot use JSX unless the '--jsx' flag is provided.
frontend/src/components/features/knowledge-base/knowledge-base-manager.tsx(129,13): error TS17004: Cannot use JSX unless the '--jsx' flag is provided.
frontend/src/components/features/knowledge-base/knowledge-base-manager.tsx(130,15): error TS17004: Cannot use JSX unless the '--jsx' flag is provided.
frontend/src/components/features/knowledge-base/knowledge-base-manager.tsx(132,13): error TS17004: Cannot use JSX unless the '--jsx' flag is provided.
frontend/src/components/features/knowledge-base/knowledge-base-manager.tsx(135,13): error TS17004: Cannot use JSX unless the '--jsx' flag is provided.
frontend/src/components/features/knowledge-base/knowledge-base-manager.tsx(141,15): error TS17004: Cannot use JSX unless the '--jsx' flag is provided.
frontend/src/components/features/knowledge-base/knowledge-base-manager.tsx(142,17): error TS17004: Cannot use JSX unless the '--jsx' flag is provided.
frontend/src/components/features/knowledge-base/knowledge-base-manager.tsx(148,11): error TS17004: Cannot use JSX unless the '--jsx' flag is provided.
frontend/src/components/features/knowledge-base/knowledge-base-manager.tsx(149,39): error TS7006: Parameter 'collection' implicitly has an 'any' type.
frontend/src/components/features/knowledge-base/knowledge-base-manager.tsx(150,15): error TS17004: Cannot use JSX unless the '--jsx' flag is provided.
frontend/src/components/features/knowledge-base/knowledge-base-manager.tsx(154,36): error TS7006: Parameter 'id' implicitly has an 'any' type.
frontend/src/components/features/knowledge-base/knowledge-base-manager.tsx(163,9): error TS17004: Cannot use JSX unless the '--jsx' flag is provided.
frontend/src/components/features/knowledge-base/knowledge-base-manager.tsx(167,9): error TS17004: Cannot use JSX unless the '--jsx' flag is provided.
frontend/src/components/features/maintenance/maintenance-banner.tsx(8,10): error TS2614: Module '"#/*"' has no exported member 'cn'. Did you mean to use 'import cn from "#/*"' instead?
frontend/src/components/features/maintenance/maintenance-banner.tsx(62,5): error TS17004: Cannot use JSX unless the '--jsx' flag is provided.
frontend/src/components/features/maintenance/maintenance-banner.tsx(69,7): error TS17004: Cannot use JSX unless the '--jsx' flag is provided.
frontend/src/components/features/maintenance/maintenance-banner.tsx(70,9): error TS17004: Cannot use JSX unless the '--jsx' flag is provided.
frontend/src/components/features/maintenance/maintenance-banner.tsx(71,11): error TS17004: Cannot use JSX unless the '--jsx' flag is provided.
frontend/src/components/features/maintenance/maintenance-banner.tsx(73,9): error TS17004: Cannot use JSX unless the '--jsx' flag is provided.
frontend/src/components/features/maintenance/maintenance-banner.tsx(74,11): error TS17004: Cannot use JSX unless the '--jsx' flag is provided.
frontend/src/components/features/maintenance/maintenance-banner.tsx(80,17): error TS17004: Cannot use JSX unless the '--jsx' flag is provided.
frontend/src/components/features/maintenance/maintenance-banner.tsx(97,7): error TS17004: Cannot use JSX unless the '--jsx' flag is provided.
frontend/src/components/features/maintenance/maintenance-banner.tsx(113,9): error TS17004: Cannot use JSX unless the '--jsx' flag is provided.
frontend/src/components/features/markdown/anchor.tsx(11,5): error TS17004: Cannot use JSX unless the '--jsx' flag is provided.
frontend/src/components/features/markdown/code.tsx(6,10): error TS2614: Module '"#/*"' has no exported member 'cn'. Did you mean to use 'import cn from "#/*"' instead?
frontend/src/components/features/markdown/code.tsx(7,10): error TS2614: Module '"#/*"' has no exported member 'MermaidDiagramViewer'. Did you mean to use 'import MermaidDiagramViewer from "#/*"' instead?
frontend/src/components/features/markdown/code.tsx(28,5): error TS17004: Cannot use JSX unless the '--jsx' flag is provided.
frontend/src/components/features/markdown/code.tsx(42,9): error TS17004: Cannot use JSX unless the '--jsx' flag is provided.
frontend/src/components/features/markdown/code.tsx(44,9): error TS17004: Cannot use JSX unless the '--jsx' flag is provided.
frontend/src/components/features/markdown/code.tsx(66,7): error TS17004: Cannot use JSX unless the '--jsx' flag is provided.
frontend/src/components/features/markdown/code.tsx(67,9): error TS17004: Cannot use JSX unless the '--jsx' flag is provided.
frontend/src/components/features/markdown/code.tsx(84,9): error TS17004: Cannot use JSX unless the '--jsx' flag is provided.
frontend/src/components/features/markdown/code.tsx(100,7): error TS17004: Cannot use JSX unless the '--jsx' flag is provided.
frontend/src/components/features/markdown/code.tsx(101,9): error TS17004: Cannot use JSX unless the '--jsx' flag is provided.
frontend/src/components/features/markdown/code.tsx(102,9): error TS17004: Cannot use JSX unless the '--jsx' flag is provided.
frontend/src/components/features/markdown/code.tsx(113,11): error TS17004: Cannot use JSX unless the '--jsx' flag is provided.
frontend/src/components/features/markdown/code.tsx(120,5): error TS17004: Cannot use JSX unless the '--jsx' flag is provided.
frontend/src/components/features/markdown/code.tsx(121,7): error TS17004: Cannot use JSX unless the '--jsx' flag is provided.
frontend/src/components/features/markdown/code.tsx(122,7): error TS17004: Cannot use JSX unless the '--jsx' flag is provided.
frontend/src/components/features/markdown/enhanced-code.tsx(6,10): error TS2614: Module '"#/*"' has no exported member 'Button'. Did you mean to use 'import Button from "#/*"' instead?
frontend/src/components/features/markdown/enhanced-code.tsx(7,10): error TS2614: Module '"#/*"' has no exported member 'cn'. Did you mean to use 'import cn from "#/*"' instead?
frontend/src/components/features/markdown/enhanced-code.tsx(9,3): error TS2614: Module '"#/*"' has no exported member 'displaySuccessToast'. Did you mean to use 'import displaySuccessToast from "#/*"' instead?
frontend/src/components/features/markdown/enhanced-code.tsx(10,3): error TS2614: Module '"#/*"' has no exported member 'displayErrorToast'. Did you mean to use 'import displayErrorToast from "#/*"' instead?
frontend/src/components/features/markdown/enhanced-code.tsx(107,5): error TS17004: Cannot use JSX unless the '--jsx' flag is provided.
frontend/src/components/features/markdown/enhanced-code.tsx(116,7): error TS17004: Cannot use JSX unless the '--jsx' flag is provided.
frontend/src/components/features/markdown/enhanced-code.tsx(124,11): error TS17004: Cannot use JSX unless the '--jsx' flag is provided.
frontend/src/components/features/markdown/enhanced-code.tsx(126,11): error TS17004: Cannot use JSX unless the '--jsx' flag is provided.
frontend/src/components/features/markdown/enhanced-code.tsx(132,9): error TS17004: Cannot use JSX unless the '--jsx' flag is provided.
frontend/src/components/features/markdown/enhanced-code.tsx(139,11): error TS17004: Cannot use JSX unless the '--jsx' flag is provided.
frontend/src/components/features/markdown/enhanced-code.tsx(144,7): error TS17004: Cannot use JSX unless the '--jsx' flag is provided.
frontend/src/components/features/markdown/enhanced-code.tsx(151,9): error TS17004: Cannot use JSX unless the '--jsx' flag is provided.
frontend/src/components/features/markdown/enhanced-code.tsx(156,9): error TS17004: Cannot use JSX unless the '--jsx' flag is provided.
frontend/src/components/features/markdown/enhanced-code.tsx(163,11): error TS17004: Cannot use JSX unless the '--jsx' flag is provided.
frontend/src/components/features/markdown/enhanced-code.tsx(169,9): error TS17004: Cannot use JSX unless the '--jsx' flag is provided.
frontend/src/components/features/markdown/enhanced-code.tsx(179,11): error TS17004: Cannot use JSX unless the '--jsx' flag is provided.
frontend/src/components/features/markdown/enhanced-code.tsx(207,11): error TS17004: Cannot use JSX unless the '--jsx' flag is provided.
frontend/src/components/features/markdown/enhanced-code.tsx(223,9): error TS17004: Cannot use JSX unless the '--jsx' flag is provided.
frontend/src/components/features/markdown/enhanced-code.tsx(224,11): error TS17004: Cannot use JSX unless the '--jsx' flag is provided.
frontend/src/components/features/markdown/enhanced-code.tsx(229,11): error TS17004: Cannot use JSX unless the '--jsx' flag is provided.
frontend/src/components/features/markdown/enhanced-code.tsx(240,13): error TS17004: Cannot use JSX unless the '--jsx' flag is provided.
frontend/src/components/features/markdown/enhanced-code.tsx(249,7): error TS17004: Cannot use JSX unless the '--jsx' flag is provided.
frontend/src/components/features/markdown/enhanced-code.tsx(252,11): error TS17004: Cannot use JSX unless the '--jsx' flag is provided.
frontend/src/components/features/markdown/enhanced-code.tsx(253,13): error TS17004: Cannot use JSX unless the '--jsx' flag is provided.
frontend/src/components/features/markdown/enhanced-code.tsx(259,9): error TS17004: Cannot use JSX unless the '--jsx' flag is provided.
frontend/src/components/features/markdown/enhanced-code.tsx(267,9): error TS17004: Cannot use JSX unless the '--jsx' flag is provided.
frontend/src/components/features/markdown/enhanced-code.tsx(268,11): error TS17004: Cannot use JSX unless the '--jsx' flag is provided.
frontend/src/components/features/markdown/enhanced-code.tsx(284,22): error TS2835: Relative import paths need explicit file extensions in ECMAScript imports when '--moduleResolution' is 'node16' or 'nodenext'. Did you mean './code.js'?
frontend/src/components/features/markdown/list.tsx(10,10): error TS17004: Cannot use JSX unless the '--jsx' flag is provided.
frontend/src/components/features/markdown/list.tsx(21,5): error TS17004: Cannot use JSX unless the '--jsx' flag is provided.
frontend/src/components/features/markdown/paragraph.tsx(10,10): error TS17004: Cannot use JSX unless the '--jsx' flag is provided.
frontend/src/components/features/markdown/streaming-code.tsx(6,10): error TS2614: Module '"#/*"' has no exported member 'Button'. Did you mean to use 'import Button from "#/*"' instead?
frontend/src/components/features/markdown/streaming-code.tsx(7,10): error TS2614: Module '"#/*"' has no exported member 'cn'. Did you mean to use 'import cn from "#/*"' instead?
frontend/src/components/features/markdown/streaming-code.tsx(9,3): error TS2614: Module '"#/*"' has no exported member 'displaySuccessToast'. Did you mean to use 'import displaySuccessToast from "#/*"' instead?
frontend/src/components/features/markdown/streaming-code.tsx(10,3): error TS2614: Module '"#/*"' has no exported member 'displayErrorToast'. Did you mean to use 'import displayErrorToast from "#/*"' instead?
frontend/src/components/features/markdown/streaming-code.tsx(116,5): error TS17004: Cannot use JSX unless the '--jsx' flag is provided.
frontend/src/components/features/markdown/streaming-code.tsx(125,7): error TS17004: Cannot use JSX unless the '--jsx' flag is provided.
frontend/src/components/features/markdown/streaming-code.tsx(133,11): error TS17004: Cannot use JSX unless the '--jsx' flag is provided.
frontend/src/components/features/markdown/streaming-code.tsx(135,11): error TS17004: Cannot use JSX unless the '--jsx' flag is provided.
frontend/src/components/features/markdown/streaming-code.tsx(141,9): error TS17004: Cannot use JSX unless the '--jsx' flag is provided.
frontend/src/components/features/markdown/streaming-code.tsx(148,11): error TS17004: Cannot use JSX unless the '--jsx' flag is provided.
frontend/src/components/features/markdown/streaming-code.tsx(153,7): error TS17004: Cannot use JSX unless the '--jsx' flag is provided.
frontend/src/components/features/markdown/streaming-code.tsx(160,9): error TS17004: Cannot use JSX unless the '--jsx' flag is provided.
frontend/src/components/features/markdown/streaming-code.tsx(165,9): error TS17004: Cannot use JSX unless the '--jsx' flag is provided.
frontend/src/components/features/markdown/streaming-code.tsx(172,11): error TS17004: Cannot use JSX unless the '--jsx' flag is provided.
frontend/src/components/features/markdown/streaming-code.tsx(181,5): error TS17004: Cannot use JSX unless the '--jsx' flag is provided.
frontend/src/components/features/markdown/streaming-code.tsx(252,9): error TS17004: Cannot use JSX unless the '--jsx' flag is provided.
frontend/src/components/features/markdown/streaming-code.tsx(262,27): error TS17004: Cannot use JSX unless the '--jsx' flag is provided.
frontend/src/components/features/markdown/streaming-code.tsx(268,7): error TS17004: Cannot use JSX unless the '--jsx' flag is provided.
frontend/src/components/features/markdown/streaming-code.tsx(270,11): error TS17004: Cannot use JSX unless the '--jsx' flag is provided.
frontend/src/components/features/markdown/streaming-code.tsx(277,9): error TS17004: Cannot use JSX unless the '--jsx' flag is provided.
frontend/src/components/features/markdown/streaming-code.tsx(288,11): error TS17004: Cannot use JSX unless the '--jsx' flag is provided.
frontend/src/components/features/markdown/streaming-code.tsx(290,29): error TS17004: Cannot use JSX unless the '--jsx' flag is provided.
frontend/src/components/features/markdown/streaming-code.tsx(298,5): error TS17004: Cannot use JSX unless the '--jsx' flag is provided.
frontend/src/components/features/markdown/streaming-code.tsx(300,9): error TS17004: Cannot use JSX unless the '--jsx' flag is provided.
frontend/src/components/features/markdown/streaming-code.tsx(307,7): error TS17004: Cannot use JSX unless the '--jsx' flag is provided.
frontend/src/components/features/markdown/streaming-code.tsx(308,9): error TS17004: Cannot use JSX unless the '--jsx' flag is provided.
frontend/src/components/features/markdown/streaming-code.tsx(339,7): error TS17004: Cannot use JSX unless the '--jsx' flag is provided.
frontend/src/components/features/memory/__tests__/memory-card.test.tsx(5,28): error TS2835: Relative import paths need explicit file extensions in ECMAScript imports when '--moduleResolution' is 'node16' or 'nodenext'. Did you mean '../memory-card.js'?
frontend/src/components/features/memory/__tests__/memory-card.test.tsx(6,15): error TS2614: Module '"#/*"' has no exported member 'Memory'. Did you mean to use 'import Memory from "#/*"' instead?
frontend/src/components/features/memory/__tests__/memory-card.test.tsx(10,15): error TS17004: Cannot use JSX unless the '--jsx' flag is provided.
frontend/src/components/features/memory/__tests__/memory-card.test.tsx(11,17): error TS17004: Cannot use JSX unless the '--jsx' flag is provided.
frontend/src/components/features/memory/__tests__/memory-card.test.tsx(12,23): error TS17004: Cannot use JSX unless the '--jsx' flag is provided.
frontend/src/components/features/memory/__tests__/memory-card.test.tsx(13,20): error TS17004: Cannot use JSX unless the '--jsx' flag is provided.
frontend/src/components/features/memory/__tests__/memory-card.test.tsx(14,18): error TS17004: Cannot use JSX unless the '--jsx' flag is provided.
frontend/src/components/features/memory/__tests__/memory-card.test.tsx(15,20): error TS17004: Cannot use JSX unless the '--jsx' flag is provided.
frontend/src/components/features/memory/__tests__/memory-card.test.tsx(41,12): error TS17004: Cannot use JSX unless the '--jsx' flag is provided.
frontend/src/components/features/memory/__tests__/memory-card.test.tsx(48,12): error TS17004: Cannot use JSX unless the '--jsx' flag is provided.
frontend/src/components/features/memory/__tests__/memory-card.test.tsx(56,12): error TS17004: Cannot use JSX unless the '--jsx' flag is provided.
frontend/src/components/features/memory/__tests__/memory-card.test.tsx(63,12): error TS17004: Cannot use JSX unless the '--jsx' flag is provided.
frontend/src/components/features/memory/__tests__/memory-card.test.tsx(70,12): error TS17004: Cannot use JSX unless the '--jsx' flag is provided.
frontend/src/components/features/memory/__tests__/memory-card.test.tsx(76,28): error TS2339: Property 'setup' does not exist on type 'typeof import("C:/Users/GIGABYTE/Desktop/Forge/frontend/node_modules/@testing-library/user-event/dist/types/index")'.
frontend/src/components/features/memory/__tests__/memory-card.test.tsx(77,12): error TS17004: Cannot use JSX unless the '--jsx' flag is provided.
frontend/src/components/features/memory/__tests__/memory-card.test.tsx(86,28): error TS2339: Property 'setup' does not exist on type 'typeof import("C:/Users/GIGABYTE/Desktop/Forge/frontend/node_modules/@testing-library/user-event/dist/types/index")'.
frontend/src/components/features/memory/__tests__/memory-card.test.tsx(87,12): error TS17004: Cannot use JSX unless the '--jsx' flag is provided.
frontend/src/components/features/memory/__tests__/memory-card.test.tsx(99,34): error TS17004: Cannot use JSX unless the '--jsx' flag is provided.
frontend/src/components/features/memory/__tests__/memory-card.test.tsx(112,12): error TS17004: Cannot use JSX unless the '--jsx' flag is provided.
frontend/src/components/features/memory/__tests__/memory-card.test.tsx(120,12): error TS17004: Cannot use JSX unless the '--jsx' flag is provided.
frontend/src/components/features/memory/memory-card.tsx(2,15): error TS2614: Module '"#/*"' has no exported member 'Memory'. Did you mean to use 'import Memory from "#/*"' instead?
frontend/src/components/features/memory/memory-card.tsx(67,5): error TS17004: Cannot use JSX unless the '--jsx' flag is provided.
frontend/src/components/features/memory/memory-card.tsx(69,7): error TS17004: Cannot use JSX unless the '--jsx' flag is provided.
frontend/src/components/features/memory/memory-card.tsx(70,9): error TS17004: Cannot use JSX unless the '--jsx' flag is provided.
frontend/src/components/features/memory/memory-card.tsx(71,11): error TS17004: Cannot use JSX unless the '--jsx' flag is provided.
frontend/src/components/features/memory/memory-card.tsx(74,11): error TS17004: Cannot use JSX unless the '--jsx' flag is provided.
frontend/src/components/features/memory/memory-card.tsx(75,13): error TS17004: Cannot use JSX unless the '--jsx' flag is provided.
frontend/src/components/features/memory/memory-card.tsx(78,13): error TS17004: Cannot use JSX unless the '--jsx' flag is provided.
frontend/src/components/features/memory/memory-card.tsx(79,15): error TS17004: Cannot use JSX unless the '--jsx' flag is provided.
frontend/src/components/features/memory/memory-card.tsx(84,15): error TS17004: Cannot use JSX unless the '--jsx' flag is provided.
frontend/src/components/features/memory/memory-card.tsx(91,17): error TS17004: Cannot use JSX unless the '--jsx' flag is provided.
frontend/src/components/features/memory/memory-card.tsx(98,9): error TS17004: Cannot use JSX unless the '--jsx' flag is provided.
frontend/src/components/features/memory/memory-card.tsx(99,11): error TS17004: Cannot use JSX unless the '--jsx' flag is provided.
frontend/src/components/features/memory/memory-card.tsx(105,13): error TS17004: Cannot use JSX unless the '--jsx' flag is provided.
frontend/src/components/features/memory/memory-card.tsx(107,11): error TS17004: Cannot use JSX unless the '--jsx' flag is provided.
frontend/src/components/features/memory/memory-card.tsx(113,13): error TS17004: Cannot use JSX unless the '--jsx' flag is provided.
frontend/src/components/features/memory/memory-card.tsx(119,7): error TS17004: Cannot use JSX unless the '--jsx' flag is provided.
frontend/src/components/features/memory/memory-card.tsx(125,9): error TS17004: Cannot use JSX unless the '--jsx' flag is provided.
frontend/src/components/features/memory/memory-card.tsx(126,29): error TS7006: Parameter 'tag' implicitly has an 'any' type.
frontend/src/components/features/memory/memory-card.tsx(127,13): error TS17004: Cannot use JSX unless the '--jsx' flag is provided.
frontend/src/components/features/memory/memory-card.tsx(131,15): error TS17004: Cannot use JSX unless the '--jsx' flag is provided.
frontend/src/components/features/memory/memory-card.tsx(139,7): error TS17004: Cannot use JSX unless the '--jsx' flag is provided.
frontend/src/components/features/memory/memory-card.tsx(140,9): error TS17004: Cannot use JSX unless the '--jsx' flag is provided.
frontend/src/components/features/memory/memory-card.tsx(141,11): error TS17004: Cannot use JSX unless the '--jsx' flag is provided.
frontend/src/components/features/memory/memory-card.tsx(142,11): error TS17004: Cannot use JSX unless the '--jsx' flag is provided.
frontend/src/components/features/memory/memory-card.tsx(145,11): error TS17004: Cannot use JSX unless the '--jsx' flag is provided.
frontend/src/components/features/memory/memory-card.tsx(146,13): error TS17004: Cannot use JSX unless the '--jsx' flag is provided.
frontend/src/components/features/memory/memory-card.tsx(147,13): error TS17004: Cannot use JSX unless the '--jsx' flag is provided.
frontend/src/components/features/memory/memory-form-modal.tsx(3,10): error TS2614: Module '"#/*"' has no exported member 'BrandButton'. Did you mean to use 'import BrandButton from "#/*"' instead?
frontend/src/components/features/memory/memory-form-modal.tsx(4,15): error TS2614: Module '"#/*"' has no exported member 'Memory'. Did you mean to use 'import Memory from "#/*"' instead?
frontend/src/components/features/memory/memory-form-modal.tsx(4,23): error TS2614: Module '"#/*"' has no exported member 'MemoryCategory'. Did you mean to use 'import MemoryCategory from "#/*"' instead?
frontend/src/components/features/memory/memory-form-modal.tsx(4,39): error TS2614: Module '"#/*"' has no exported member 'MemoryImportance'. Did you mean to use 'import MemoryImportance from "#/*"' instead?
frontend/src/components/features/memory/memory-form-modal.tsx(61,5): error TS17004: Cannot use JSX unless the '--jsx' flag is provided.
frontend/src/components/features/memory/memory-form-modal.tsx(63,7): error TS17004: Cannot use JSX unless the '--jsx' flag is provided.
frontend/src/components/features/memory/memory-form-modal.tsx(68,9): error TS17004: Cannot use JSX unless the '--jsx' flag is provided.
frontend/src/components/features/memory/memory-form-modal.tsx(74,11): error TS17004: Cannot use JSX unless the '--jsx' flag is provided.
frontend/src/components/features/memory/memory-form-modal.tsx(75,13): error TS17004: Cannot use JSX unless the '--jsx' flag is provided.
frontend/src/components/features/memory/memory-form-modal.tsx(76,15): error TS17004: Cannot use JSX unless the '--jsx' flag is provided.
frontend/src/components/features/memory/memory-form-modal.tsx(77,15): error TS17004: Cannot use JSX unless the '--jsx' flag is provided.
frontend/src/components/features/memory/memory-form-modal.tsx(81,13): error TS17004: Cannot use JSX unless the '--jsx' flag is provided.
frontend/src/components/features/memory/memory-form-modal.tsx(86,15): error TS17004: Cannot use JSX unless the '--jsx' flag is provided.
frontend/src/components/features/memory/memory-form-modal.tsx(91,11): error TS17004: Cannot use JSX unless the '--jsx' flag is provided.
frontend/src/components/features/memory/memory-form-modal.tsx(93,13): error TS17004: Cannot use JSX unless the '--jsx' flag is provided.
frontend/src/components/features/memory/memory-form-modal.tsx(94,15): error TS17004: Cannot use JSX unless the '--jsx' flag is provided.
frontend/src/components/features/memory/memory-form-modal.tsx(97,15): error TS17004: Cannot use JSX unless the '--jsx' flag is provided.
frontend/src/components/features/memory/memory-form-modal.tsx(108,13): error TS17004: Cannot use JSX unless the '--jsx' flag is provided.
frontend/src/components/features/memory/memory-form-modal.tsx(109,15): error TS17004: Cannot use JSX unless the '--jsx' flag is provided.
frontend/src/components/features/memory/memory-form-modal.tsx(112,15): error TS17004: Cannot use JSX unless the '--jsx' flag is provided.
frontend/src/components/features/memory/memory-form-modal.tsx(122,13): error TS17004: Cannot use JSX unless the '--jsx' flag is provided.
frontend/src/components/features/memory/memory-form-modal.tsx(123,15): error TS17004: Cannot use JSX unless the '--jsx' flag is provided.
frontend/src/components/features/memory/memory-form-modal.tsx(124,17): error TS17004: Cannot use JSX unless the '--jsx' flag is provided.
frontend/src/components/features/memory/memory-form-modal.tsx(127,17): error TS17004: Cannot use JSX unless the '--jsx' flag is provided.
frontend/src/components/features/memory/memory-form-modal.tsx(132,19): error TS17004: Cannot use JSX unless the '--jsx' flag is provided.
frontend/src/components/features/memory/memory-form-modal.tsx(133,19): error TS17004: Cannot use JSX unless the '--jsx' flag is provided.
frontend/src/components/features/memory/memory-form-modal.tsx(134,19): error TS17004: Cannot use JSX unless the '--jsx' flag is provided.
frontend/src/components/features/memory/memory-form-modal.tsx(135,19): error TS17004: Cannot use JSX unless the '--jsx' flag is provided.
frontend/src/components/features/memory/memory-form-modal.tsx(136,19): error TS17004: Cannot use JSX unless the '--jsx' flag is provided.
frontend/src/components/features/memory/memory-form-modal.tsx(139,15): error TS17004: Cannot use JSX unless the '--jsx' flag is provided.
frontend/src/components/features/memory/memory-form-modal.tsx(140,17): error TS17004: Cannot use JSX unless the '--jsx' flag is provided.
frontend/src/components/features/memory/memory-form-modal.tsx(143,17): error TS17004: Cannot use JSX unless the '--jsx' flag is provided.
frontend/src/components/features/memory/memory-form-modal.tsx(150,19): error TS17004: Cannot use JSX unless the '--jsx' flag is provided.
frontend/src/components/features/memory/memory-form-modal.tsx(151,19): error TS17004: Cannot use JSX unless the '--jsx' flag is provided.
frontend/src/components/features/memory/memory-form-modal.tsx(152,19): error TS17004: Cannot use JSX unless the '--jsx' flag is provided.
frontend/src/components/features/memory/memory-form-modal.tsx(158,13): error TS17004: Cannot use JSX unless the '--jsx' flag is provided.
frontend/src/components/features/memory/memory-form-modal.tsx(159,15): error TS17004: Cannot use JSX unless the '--jsx' flag is provided.
frontend/src/components/features/memory/memory-form-modal.tsx(162,15): error TS17004: Cannot use JSX unless the '--jsx' flag is provided.
frontend/src/components/features/memory/memory-form-modal.tsx(163,17): error TS17004: Cannot use JSX unless the '--jsx' flag is provided.
frontend/src/components/features/memory/memory-form-modal.tsx(176,17): error TS17004: Cannot use JSX unless the '--jsx' flag is provided.
frontend/src/components/features/memory/memory-form-modal.tsx(187,17): error TS17004: Cannot use JSX unless the '--jsx' flag is provided.
frontend/src/components/features/memory/memory-form-modal.tsx(189,21): error TS17004: Cannot use JSX unless the '--jsx' flag is provided.
frontend/src/components/features/memory/memory-form-modal.tsx(193,23): error TS17004: Cannot use JSX unless the '--jsx' flag is provided.
frontend/src/components/features/memory/memory-form-modal.tsx(195,23): error TS17004: Cannot use JSX unless the '--jsx' flag is provided.
frontend/src/components/features/memory/memory-form-modal.tsx(210,11): error TS17004: Cannot use JSX unless the '--jsx' flag is provided.
frontend/src/components/features/memory/memory-form-modal.tsx(211,13): error TS17004: Cannot use JSX unless the '--jsx' flag is provided.
frontend/src/components/features/memory/memory-form-modal.tsx(219,13): error TS17004: Cannot use JSX unless the '--jsx' flag is provided.
frontend/src/components/features/microagent-management/microagent-management-accordion-title.tsx(1,10): error TS2614: Module '"#/*"' has no exported member 'GitProviderIcon'. Did you mean to use 'import GitProviderIcon from "#/*"' instead?
frontend/src/components/features/microagent-management/microagent-management-accordion-title.tsx(2,10): error TS2614: Module '"#/*"' has no exported member 'GitRepository'. Did you mean to use 'import GitRepository from "#/*"' instead?
frontend/src/components/features/microagent-management/microagent-management-accordion-title.tsx(3,57): error TS2835: Relative import paths need explicit file extensions in ECMAScript imports when '--moduleResolution' is 'node16' or 'nodenext'. Did you mean './microagent-management-add-microagent-button.js'?
frontend/src/components/features/microagent-management/microagent-management-accordion-title.tsx(4,10): error TS2614: Module '"#/*"' has no exported member 'TooltipButton'. Did you mean to use 'import TooltipButton from "#/*"' instead?
frontend/src/components/features/microagent-management/microagent-management-accordion-title.tsx(14,5): error TS17004: Cannot use JSX unless the '--jsx' flag is provided.
frontend/src/components/features/microagent-management/microagent-management-accordion-title.tsx(15,7): error TS17004: Cannot use JSX unless the '--jsx' flag is provided.
frontend/src/components/features/microagent-management/microagent-management-accordion-title.tsx(16,9): error TS17004: Cannot use JSX unless the '--jsx' flag is provided.
frontend/src/components/features/microagent-management/microagent-management-accordion-title.tsx(17,9): error TS17004: Cannot use JSX unless the '--jsx' flag is provided.
frontend/src/components/features/microagent-management/microagent-management-accordion-title.tsx(24,11): error TS17004: Cannot use JSX unless the '--jsx' flag is provided.
frontend/src/components/features/microagent-management/microagent-management-accordion-title.tsx(27,7): error TS17004: Cannot use JSX unless the '--jsx' flag is provided.
frontend/src/components/features/microagent-management/microagent-management-add-microagent-button.tsx(3,10): error TS2614: Module '"#/*"' has no exported member 'I18nKey'. Did you mean to use 'import I18nKey from "#/*"' instead?
frontend/src/components/features/microagent-management/microagent-management-add-microagent-button.tsx(5,3): error TS2614: Module '"#/*"' has no exported member 'setAddMicroagentModalVisible'. Did you mean to use 'import setAddMicroagentModalVisible from "#/*"' instead?
frontend/src/components/features/microagent-management/microagent-management-add-microagent-button.tsx(6,3): error TS2614: Module '"#/*"' has no exported member 'setSelectedRepository'. Did you mean to use 'import setSelectedRepository from "#/*"' instead?
frontend/src/components/features/microagent-management/microagent-management-add-microagent-button.tsx(8,10): error TS2614: Module '"#/*"' has no exported member 'RootState'. Did you mean to use 'import RootState from "#/*"' instead?
frontend/src/components/features/microagent-management/microagent-management-add-microagent-button.tsx(9,10): error TS2614: Module '"#/*"' has no exported member 'GitRepository'. Did you mean to use 'import GitRepository from "#/*"' instead?
frontend/src/components/features/microagent-management/microagent-management-add-microagent-button.tsx(44,5): error TS17004: Cannot use JSX unless the '--jsx' flag is provided.
frontend/src/components/features/microagent-management/microagent-management-add-microagent-button.tsx(52,7): error TS17004: Cannot use JSX unless the '--jsx' flag is provided.
frontend/src/components/features/microagent-management/microagent-management-content.tsx(4,45): error TS2835: Relative import paths need explicit file extensions in ECMAScript imports when '--moduleResolution' is 'node16' or 'nodenext'. Did you mean './microagent-management-sidebar.js'?
frontend/src/components/features/microagent-management/microagent-management-content.tsx(5,42): error TS2835: Relative import paths need explicit file extensions in ECMAScript imports when '--moduleResolution' is 'node16' or 'nodenext'. Did you mean './microagent-management-main.js'?
frontend/src/components/features/microagent-management/microagent-management-content.tsx(6,59): error TS2835: Relative import paths need explicit file extensions in ECMAScript imports when '--moduleResolution' is 'node16' or 'nodenext'. Did you mean './microagent-management-upsert-microagent-modal.js'?
frontend/src/components/features/microagent-management/microagent-management-content.tsx(7,10): error TS2614: Module '"#/*"' has no exported member 'RootState'. Did you mean to use 'import RootState from "#/*"' instead?
frontend/src/components/features/microagent-management/microagent-management-content.tsx(9,3): error TS2614: Module '"#/*"' has no exported member 'setAddMicroagentModalVisible'. Did you mean to use 'import setAddMicroagentModalVisible from "#/*"' instead?
frontend/src/components/features/microagent-management/microagent-management-content.tsx(10,3): error TS2614: Module '"#/*"' has no exported member 'setUpdateMicroagentModalVisible'. Did you mean to use 'import setUpdateMicroagentModalVisible from "#/*"' instead?
frontend/src/components/features/microagent-management/microagent-management-content.tsx(11,3): error TS2614: Module '"#/*"' has no exported member 'setLearnThisRepoModalVisible'. Did you mean to use 'import setLearnThisRepoModalVisible from "#/*"' instead?
frontend/src/components/features/microagent-management/microagent-management-content.tsx(13,10): error TS2614: Module '"#/*"' has no exported member 'useCreateConversationAndSubscribeMultiple'. Did you mean to use 'import useCreateConversationAndSubscribeMultiple from "#/*"' instead?
frontend/src/components/features/microagent-management/microagent-management-content.tsx(15,3): error TS2614: Module '"#/*"' has no exported member 'LearnThisRepoFormData'. Did you mean to use 'import LearnThisRepoFormData from "#/*"' instead?
frontend/src/components/features/microagent-management/microagent-management-content.tsx(16,3): error TS2614: Module '"#/*"' has no exported member 'MicroagentFormData'. Did you mean to use 'import MicroagentFormData from "#/*"' instead?
frontend/src/components/features/microagent-management/microagent-management-content.tsx(18,10): error TS2614: Module '"#/*"' has no exported member 'AgentState'. Did you mean to use 'import AgentState from "#/*"' instead?
frontend/src/components/features/microagent-management/microagent-management-content.tsx(19,10): error TS2614: Module '"#/*"' has no exported member 'getPR'. Did you mean to use 'import getPR from "#/*"' instead?
frontend/src/components/features/microagent-management/microagent-management-content.tsx(19,17): error TS2614: Module '"#/*"' has no exported member 'getProviderName'. Did you mean to use 'import getProviderName from "#/*"' instead?
frontend/src/components/features/microagent-management/microagent-management-content.tsx(19,34): error TS2614: Module '"#/*"' has no exported member 'getPRShort'. Did you mean to use 'import getPRShort from "#/*"' instead?
frontend/src/components/features/microagent-management/microagent-management-content.tsx(21,3): error TS2614: Module '"#/*"' has no exported member 'isOpenHandsEvent'. Did you mean to use 'import isOpenHandsEvent from "#/*"' instead?
frontend/src/components/features/microagent-management/microagent-management-content.tsx(22,3): error TS2614: Module '"#/*"' has no exported member 'isAgentStateChangeObservation'. Did you mean to use 'import isAgentStateChangeObservation from "#/*"' instead?
frontend/src/components/features/microagent-management/microagent-management-content.tsx(23,3): error TS2614: Module '"#/*"' has no exported member 'isFinishAction'. Did you mean to use 'import isFinishAction from "#/*"' instead?
frontend/src/components/features/microagent-management/microagent-management-content.tsx(25,10): error TS2614: Module '"#/*"' has no exported member 'GitRepository'. Did you mean to use 'import GitRepository from "#/*"' instead?
frontend/src/components/features/microagent-management/microagent-management-content.tsx(26,10): error TS2614: Module '"#/*"' has no exported member 'queryClient'. Did you mean to use 'import queryClient from "#/*"' instead?
frontend/src/components/features/microagent-management/microagent-management-content.tsx(27,10): error TS2614: Module '"#/*"' has no exported member 'Provider'. Did you mean to use 'import Provider from "#/*"' instead?
frontend/src/components/features/microagent-management/microagent-management-content.tsx(28,56): error TS2835: Relative import paths need explicit file extensions in ECMAScript imports when '--moduleResolution' is 'node16' or 'nodenext'. Did you mean './microagent-management-learn-this-repo-modal.js'?
frontend/src/components/features/microagent-management/microagent-management-content.tsx(30,3): error TS2614: Module '"#/*"' has no exported member 'displaySuccessToast'. Did you mean to use 'import displaySuccessToast from "#/*"' instead?
frontend/src/components/features/microagent-management/microagent-management-content.tsx(31,3): error TS2614: Module '"#/*"' has no exported member 'displayErrorToast'. Did you mean to use 'import displayErrorToast from "#/*"' instead?
frontend/src/components/features/microagent-management/microagent-management-content.tsx(33,10): error TS2614: Module '"#/*"' has no exported member 'getFirstPRUrl'. Did you mean to use 'import getFirstPRUrl from "#/*"' instead?
frontend/src/components/features/microagent-management/microagent-management-content.tsx(34,10): error TS2614: Module '"#/*"' has no exported member 'I18nKey'. Did you mean to use 'import I18nKey from "#/*"' instead?
frontend/src/components/features/microagent-management/microagent-management-content.tsx(35,10): error TS2614: Module '"#/*"' has no exported member 'useUserProviders'. Did you mean to use 'import useUserProviders from "#/*"' instead?
frontend/src/components/features/microagent-management/microagent-management-content.tsx(47,3): error TS18046: 'evt' is of type 'unknown'.
frontend/src/components/features/microagent-management/microagent-management-content.tsx(166,9): error TS18046: 'socketEvent' is of type 'unknown'.
frontend/src/components/features/microagent-management/microagent-management-content.tsx(175,37): error TS18046: 'socketEvent' is of type 'unknown'.
frontend/src/components/features/microagent-management/microagent-management-content.tsx(301,5): error TS17004: Cannot use JSX unless the '--jsx' flag is provided.
frontend/src/components/features/microagent-management/microagent-management-content.tsx(303,9): error TS17004: Cannot use JSX unless the '--jsx' flag is provided.
frontend/src/components/features/microagent-management/microagent-management-content.tsx(304,23): error TS7006: Parameter 'formData' implicitly has an 'any' type.
frontend/src/components/features/microagent-management/microagent-management-content.tsx(315,9): error TS17004: Cannot use JSX unless the '--jsx' flag is provided.
frontend/src/components/features/microagent-management/microagent-management-content.tsx(328,7): error TS17004: Cannot use JSX unless the '--jsx' flag is provided.
frontend/src/components/features/microagent-management/microagent-management-content.tsx(329,9): error TS17004: Cannot use JSX unless the '--jsx' flag is provided.
frontend/src/components/features/microagent-management/microagent-management-content.tsx(331,13): error TS17004: Cannot use JSX unless the '--jsx' flag is provided.
frontend/src/components/features/microagent-management/microagent-management-content.tsx(337,9): error TS17004: Cannot use JSX unless the '--jsx' flag is provided.
frontend/src/components/features/microagent-management/microagent-management-content.tsx(338,11): error TS17004: Cannot use JSX unless the '--jsx' flag is provided.
frontend/src/components/features/microagent-management/microagent-management-content.tsx(346,5): error TS17004: Cannot use JSX unless the '--jsx' flag is provided.
frontend/src/components/features/microagent-management/microagent-management-content.tsx(347,27): error TS17004: Cannot use JSX unless the '--jsx' flag is provided.
frontend/src/components/features/microagent-management/microagent-management-content.tsx(348,7): error TS17004: Cannot use JSX unless the '--jsx' flag is provided.
frontend/src/components/features/microagent-management/microagent-management-content.tsx(349,9): error TS17004: Cannot use JSX unless the '--jsx' flag is provided.
frontend/src/components/features/microagent-management/microagent-management-conversation-stopped.tsx(3,10): error TS2614: Module '"#/*"' has no exported member 'RootState'. Did you mean to use 'import RootState from "#/*"' instead?
frontend/src/components/features/microagent-management/microagent-management-conversation-stopped.tsx(4,10): error TS2614: Module '"#/*"' has no exported member 'I18nKey'. Did you mean to use 'import I18nKey from "#/*"' instead?
frontend/src/components/features/microagent-management/microagent-management-conversation-stopped.tsx(5,29): error TS2835: Relative import paths need explicit file extensions in ECMAScript imports when '--moduleResolution' is 'node16' or 'nodenext'. Did you mean '../settings/brand-button.js'?
frontend/src/components/features/microagent-management/microagent-management-conversation-stopped.tsx(6,10): error TS2614: Module '"#/*"' has no exported member 'Loader'. Did you mean to use 'import Loader from "#/*"' instead?
frontend/src/components/features/microagent-management/microagent-management-conversation-stopped.tsx(24,5): error TS17004: Cannot use JSX unless the '--jsx' flag is provided.
frontend/src/components/features/microagent-management/microagent-management-conversation-stopped.tsx(25,7): error TS17004: Cannot use JSX unless the '--jsx' flag is provided.
frontend/src/components/features/microagent-management/microagent-management-conversation-stopped.tsx(28,7): error TS17004: Cannot use JSX unless the '--jsx' flag is provided.
frontend/src/components/features/microagent-management/microagent-management-conversation-stopped.tsx(29,7): error TS17004: Cannot use JSX unless the '--jsx' flag is provided.
frontend/src/components/features/microagent-management/microagent-management-conversation-stopped.tsx(34,9): error TS17004: Cannot use JSX unless the '--jsx' flag is provided.
frontend/src/components/features/microagent-management/microagent-management-default.tsx(2,10): error TS2614: Module '"#/*"' has no exported member 'I18nKey'. Did you mean to use 'import I18nKey from "#/*"' instead?
frontend/src/components/features/microagent-management/microagent-management-default.tsx(8,5): error TS17004: Cannot use JSX unless the '--jsx' flag is provided.
frontend/src/components/features/microagent-management/microagent-management-default.tsx(9,7): error TS17004: Cannot use JSX unless the '--jsx' flag is provided.
frontend/src/components/features/microagent-management/microagent-management-default.tsx(12,7): error TS17004: Cannot use JSX unless the '--jsx' flag is provided.
frontend/src/components/features/microagent-management/microagent-management-error.tsx(3,10): error TS2614: Module '"#/*"' has no exported member 'RootState'. Did you mean to use 'import RootState from "#/*"' instead?
frontend/src/components/features/microagent-management/microagent-management-error.tsx(4,10): error TS2614: Module '"#/*"' has no exported member 'I18nKey'. Did you mean to use 'import I18nKey from "#/*"' instead?
frontend/src/components/features/microagent-management/microagent-management-error.tsx(5,29): error TS2835: Relative import paths need explicit file extensions in ECMAScript imports when '--moduleResolution' is 'node16' or 'nodenext'. Did you mean '../settings/brand-button.js'?
frontend/src/components/features/microagent-management/microagent-management-error.tsx(6,10): error TS2614: Module '"#/*"' has no exported member 'Loader'. Did you mean to use 'import Loader from "#/*"' instead?
frontend/src/components/features/microagent-management/microagent-management-error.tsx(24,5): error TS17004: Cannot use JSX unless the '--jsx' flag is provided.
frontend/src/components/features/microagent-management/microagent-management-error.tsx(25,7): error TS17004: Cannot use JSX unless the '--jsx' flag is provided.
frontend/src/components/features/microagent-management/microagent-management-error.tsx(28,7): error TS17004: Cannot use JSX unless the '--jsx' flag is provided.
frontend/src/components/features/microagent-management/microagent-management-error.tsx(29,7): error TS17004: Cannot use JSX unless the '--jsx' flag is provided.
frontend/src/components/features/microagent-management/microagent-management-error.tsx(34,9): error TS17004: Cannot use JSX unless the '--jsx' flag is provided.
frontend/src/components/features/microagent-management/microagent-management-learn-this-repo-modal.tsx(5,10): error TS2614: Module '"#/*"' has no exported member 'ModalBackdrop'. Did you mean to use 'import ModalBackdrop from "#/*"' instead?
frontend/src/components/features/microagent-management/microagent-management-learn-this-repo-modal.tsx(6,10): error TS2614: Module '"#/*"' has no exported member 'ModalBody'. Did you mean to use 'import ModalBody from "#/*"' instead?
frontend/src/components/features/microagent-management/microagent-management-learn-this-repo-modal.tsx(7,29): error TS2835: Relative import paths need explicit file extensions in ECMAScript imports when '--moduleResolution' is 'node16' or 'nodenext'. Did you mean '../settings/brand-button.js'?
frontend/src/components/features/microagent-management/microagent-management-learn-this-repo-modal.tsx(8,10): error TS2614: Module '"#/*"' has no exported member 'I18nKey'. Did you mean to use 'import I18nKey from "#/*"' instead?
frontend/src/components/features/microagent-management/microagent-management-learn-this-repo-modal.tsx(9,10): error TS2614: Module '"#/*"' has no exported member 'RootState'. Did you mean to use 'import RootState from "#/*"' instead?
frontend/src/components/features/microagent-management/microagent-management-learn-this-repo-modal.tsx(11,10): error TS2614: Module '"#/*"' has no exported member 'cn'. Did you mean to use 'import cn from "#/*"' instead?
frontend/src/components/features/microagent-management/microagent-management-learn-this-repo-modal.tsx(11,14): error TS2614: Module '"#/*"' has no exported member 'getRepoMdCreatePrompt'. Did you mean to use 'import getRepoMdCreatePrompt from "#/*"' instead?
frontend/src/components/features/microagent-management/microagent-management-learn-this-repo-modal.tsx(12,10): error TS2614: Module '"#/*"' has no exported member 'LearnThisRepoFormData'. Did you mean to use 'import LearnThisRepoFormData from "#/*"' instead?
frontend/src/components/features/microagent-management/microagent-management-learn-this-repo-modal.tsx(58,5): error TS17004: Cannot use JSX unless the '--jsx' flag is provided.
frontend/src/components/features/microagent-management/microagent-management-learn-this-repo-modal.tsx(59,7): error TS17004: Cannot use JSX unless the '--jsx' flag is provided.
frontend/src/components/features/microagent-management/microagent-management-learn-this-repo-modal.tsx(63,9): error TS17004: Cannot use JSX unless the '--jsx' flag is provided.
frontend/src/components/features/microagent-management/microagent-management-learn-this-repo-modal.tsx(64,11): error TS17004: Cannot use JSX unless the '--jsx' flag is provided.
frontend/src/components/features/microagent-management/microagent-management-learn-this-repo-modal.tsx(65,13): error TS17004: Cannot use JSX unless the '--jsx' flag is provided.
frontend/src/components/features/microagent-management/microagent-management-learn-this-repo-modal.tsx(66,15): error TS17004: Cannot use JSX unless the '--jsx' flag is provided.
frontend/src/components/features/microagent-management/microagent-management-learn-this-repo-modal.tsx(72,15): error TS17004: Cannot use JSX unless the '--jsx' flag is provided.
frontend/src/components/features/microagent-management/microagent-management-learn-this-repo-modal.tsx(78,17): error TS17004: Cannot use JSX unless the '--jsx' flag is provided.
frontend/src/components/features/microagent-management/microagent-management-learn-this-repo-modal.tsx(81,13): error TS17004: Cannot use JSX unless the '--jsx' flag is provided.
frontend/src/components/features/microagent-management/microagent-management-learn-this-repo-modal.tsx(87,15): error TS17004: Cannot use JSX unless the '--jsx' flag is provided.
frontend/src/components/features/microagent-management/microagent-management-learn-this-repo-modal.tsx(90,11): error TS17004: Cannot use JSX unless the '--jsx' flag is provided.
frontend/src/components/features/microagent-management/microagent-management-learn-this-repo-modal.tsx(97,9): error TS17004: Cannot use JSX unless the '--jsx' flag is provided.
frontend/src/components/features/microagent-management/microagent-management-learn-this-repo-modal.tsx(102,11): error TS17004: Cannot use JSX unless the '--jsx' flag is provided.
frontend/src/components/features/microagent-management/microagent-management-learn-this-repo-modal.tsx(109,13): error TS17004: Cannot use JSX unless the '--jsx' flag is provided.
frontend/src/components/features/microagent-management/microagent-management-learn-this-repo-modal.tsx(126,9): error TS17004: Cannot use JSX unless the '--jsx' flag is provided.
frontend/src/components/features/microagent-management/microagent-management-learn-this-repo-modal.tsx(131,11): error TS17004: Cannot use JSX unless the '--jsx' flag is provided.
frontend/src/components/features/microagent-management/microagent-management-learn-this-repo-modal.tsx(139,11): error TS17004: Cannot use JSX unless the '--jsx' flag is provided.
frontend/src/components/features/microagent-management/microagent-management-learn-this-repo.tsx(3,10): error TS2614: Module '"#/*"' has no exported member 'I18nKey'. Did you mean to use 'import I18nKey from "#/*"' instead?
frontend/src/components/features/microagent-management/microagent-management-learn-this-repo.tsx(5,3): error TS2614: Module '"#/*"' has no exported member 'setLearnThisRepoModalVisible'. Did you mean to use 'import setLearnThisRepoModalVisible from "#/*"' instead?
frontend/src/components/features/microagent-management/microagent-management-learn-this-repo.tsx(6,3): error TS2614: Module '"#/*"' has no exported member 'setSelectedRepository'. Did you mean to use 'import setSelectedRepository from "#/*"' instead?
frontend/src/components/features/microagent-management/microagent-management-learn-this-repo.tsx(8,10): error TS2614: Module '"#/*"' has no exported member 'GitRepository'. Did you mean to use 'import GitRepository from "#/*"' instead?
frontend/src/components/features/microagent-management/microagent-management-learn-this-repo.tsx(26,5): error TS17004: Cannot use JSX unless the '--jsx' flag is provided.
frontend/src/components/features/microagent-management/microagent-management-learn-this-repo.tsx(31,7): error TS17004: Cannot use JSX unless the '--jsx' flag is provided.
frontend/src/components/features/microagent-management/microagent-management-main.tsx(2,10): error TS2614: Module '"#/*"' has no exported member 'RootState'. Did you mean to use 'import RootState from "#/*"' instead?
frontend/src/components/features/microagent-management/microagent-management-main.tsx(3,45): error TS2835: Relative import paths need explicit file extensions in ECMAScript imports when '--moduleResolution' is 'node16' or 'nodenext'. Did you mean './microagent-management-default.js'?
frontend/src/components/features/microagent-management/microagent-management-main.tsx(4,47): error TS2835: Relative import paths need explicit file extensions in ECMAScript imports when '--moduleResolution' is 'node16' or 'nodenext'. Did you mean './microagent-management-opening-pr.js'?
frontend/src/components/features/microagent-management/microagent-management-main.tsx(5,46): error TS2835: Relative import paths need explicit file extensions in ECMAScript imports when '--moduleResolution' is 'node16' or 'nodenext'. Did you mean './microagent-management-review-pr.js'?
frontend/src/components/features/microagent-management/microagent-management-main.tsx(6,52): error TS2835: Relative import paths need explicit file extensions in ECMAScript imports when '--moduleResolution' is 'node16' or 'nodenext'. Did you mean './microagent-management-view-microagent.js'?
frontend/src/components/features/microagent-management/microagent-management-main.tsx(7,43): error TS2835: Relative import paths need explicit file extensions in ECMAScript imports when '--moduleResolution' is 'node16' or 'nodenext'. Did you mean './microagent-management-error.js'?
frontend/src/components/features/microagent-management/microagent-management-main.tsx(8,57): error TS2835: Relative import paths need explicit file extensions in ECMAScript imports when '--moduleResolution' is 'node16' or 'nodenext'. Did you mean './microagent-management-conversation-stopped.js'?
frontend/src/components/features/microagent-management/microagent-management-main.tsx(18,12): error TS17004: Cannot use JSX unless the '--jsx' flag is provided.
frontend/src/components/features/microagent-management/microagent-management-main.tsx(23,14): error TS17004: Cannot use JSX unless the '--jsx' flag is provided.
frontend/src/components/features/microagent-management/microagent-management-main.tsx(34,14): error TS17004: Cannot use JSX unless the '--jsx' flag is provided.
frontend/src/components/features/microagent-management/microagent-management-main.tsx(38,14): error TS17004: Cannot use JSX unless the '--jsx' flag is provided.
frontend/src/components/features/microagent-management/microagent-management-main.tsx(45,14): error TS17004: Cannot use JSX unless the '--jsx' flag is provided.
frontend/src/components/features/microagent-management/microagent-management-main.tsx(48,12): error TS17004: Cannot use JSX unless the '--jsx' flag is provided.
frontend/src/components/features/microagent-management/microagent-management-main.tsx(51,10): error TS17004: Cannot use JSX unless the '--jsx' flag is provided.
frontend/src/components/features/microagent-management/microagent-management-microagent-card.tsx(4,10): error TS2614: Module '"#/*"' has no exported member 'I18nKey'. Did you mean to use 'import I18nKey from "#/*"' instead?
frontend/src/components/features/microagent-management/microagent-management-microagent-card.tsx(5,10): error TS2614: Module '"#/*"' has no exported member 'RepositoryMicroagent'. Did you mean to use 'import RepositoryMicroagent from "#/*"' instead?
frontend/src/components/features/microagent-management/microagent-management-microagent-card.tsx(6,10): error TS2614: Module '"#/*"' has no exported member 'Conversation'. Did you mean to use 'import Conversation from "#/*"' instead?
frontend/src/components/features/microagent-management/microagent-management-microagent-card.tsx(8,3): error TS2614: Module '"#/*"' has no exported member 'setSelectedMicroagentItem'. Did you mean to use 'import setSelectedMicroagentItem from "#/*"' instead?
frontend/src/components/features/microagent-management/microagent-management-microagent-card.tsx(9,3): error TS2614: Module '"#/*"' has no exported member 'setSelectedRepository'. Did you mean to use 'import setSelectedRepository from "#/*"' instead?
frontend/src/components/features/microagent-management/microagent-management-microagent-card.tsx(11,10): error TS2614: Module '"#/*"' has no exported member 'RootState'. Did you mean to use 'import RootState from "#/*"' instead?
frontend/src/components/features/microagent-management/microagent-management-microagent-card.tsx(12,10): error TS2614: Module '"#/*"' has no exported member 'cn'. Did you mean to use 'import cn from "#/*"' instead?
frontend/src/components/features/microagent-management/microagent-management-microagent-card.tsx(13,10): error TS2614: Module '"#/*"' has no exported member 'GitRepository'. Did you mean to use 'import GitRepository from "#/*"' instead?
frontend/src/components/features/microagent-management/microagent-management-microagent-card.tsx(103,5): error TS17004: Cannot use JSX unless the '--jsx' flag is provided.
frontend/src/components/features/microagent-management/microagent-management-microagent-card.tsx(110,7): error TS17004: Cannot use JSX unless the '--jsx' flag is provided.
frontend/src/components/features/microagent-management/microagent-management-microagent-card.tsx(112,11): error TS17004: Cannot use JSX unless the '--jsx' flag is provided.
frontend/src/components/features/microagent-management/microagent-management-microagent-card.tsx(116,9): error TS17004: Cannot use JSX unless the '--jsx' flag is provided.
frontend/src/components/features/microagent-management/microagent-management-microagent-card.tsx(118,11): error TS17004: Cannot use JSX unless the '--jsx' flag is provided.
frontend/src/components/features/microagent-management/microagent-management-no-repositories.tsx(13,5): error TS17004: Cannot use JSX unless the '--jsx' flag is provided.
frontend/src/components/features/microagent-management/microagent-management-no-repositories.tsx(14,7): error TS17004: Cannot use JSX unless the '--jsx' flag is provided.
frontend/src/components/features/microagent-management/microagent-management-no-repositories.tsx(15,9): error TS17004: Cannot use JSX unless the '--jsx' flag is provided.
frontend/src/components/features/microagent-management/microagent-management-no-repositories.tsx(16,9): error TS17004: Cannot use JSX unless the '--jsx' flag is provided.
frontend/src/components/features/microagent-management/microagent-management-no-repositories.tsx(17,11): error TS17004: Cannot use JSX unless the '--jsx' flag is provided.
frontend/src/components/features/microagent-management/microagent-management-opening-pr.tsx(3,10): error TS2614: Module '"#/*"' has no exported member 'RootState'. Did you mean to use 'import RootState from "#/*"' instead?
frontend/src/components/features/microagent-management/microagent-management-opening-pr.tsx(4,10): error TS2614: Module '"#/*"' has no exported member 'I18nKey'. Did you mean to use 'import I18nKey from "#/*"' instead?
frontend/src/components/features/microagent-management/microagent-management-opening-pr.tsx(5,29): error TS2835: Relative import paths need explicit file extensions in ECMAScript imports when '--moduleResolution' is 'node16' or 'nodenext'. Did you mean '../settings/brand-button.js'?
frontend/src/components/features/microagent-management/microagent-management-opening-pr.tsx(6,10): error TS2614: Module '"#/*"' has no exported member 'Loader'. Did you mean to use 'import Loader from "#/*"' instead?
frontend/src/components/features/microagent-management/microagent-management-opening-pr.tsx(24,5): error TS17004: Cannot use JSX unless the '--jsx' flag is provided.
frontend/src/components/features/microagent-management/microagent-management-opening-pr.tsx(25,7): error TS17004: Cannot use JSX unless the '--jsx' flag is provided.
frontend/src/components/features/microagent-management/microagent-management-opening-pr.tsx(28,7): error TS17004: Cannot use JSX unless the '--jsx' flag is provided.
frontend/src/components/features/microagent-management/microagent-management-opening-pr.tsx(31,7): error TS17004: Cannot use JSX unless the '--jsx' flag is provided.
frontend/src/components/features/microagent-management/microagent-management-opening-pr.tsx(32,7): error TS17004: Cannot use JSX unless the '--jsx' flag is provided.
frontend/src/components/features/microagent-management/microagent-management-opening-pr.tsx(37,9): error TS17004: Cannot use JSX unless the '--jsx' flag is provided.
frontend/src/components/features/microagent-management/microagent-management-repo-microagents.tsx(5,52): error TS2835: Relative import paths need explicit file extensions in ECMAScript imports when '--moduleResolution' is 'node16' or 'nodenext'. Did you mean './microagent-management-microagent-card.js'?
frontend/src/components/features/microagent-management/microagent-management-repo-microagents.tsx(6,51): error TS2835: Relative import paths need explicit file extensions in ECMAScript imports when '--moduleResolution' is 'node16' or 'nodenext'. Did you mean './microagent-management-learn-this-repo.js'?
frontend/src/components/features/microagent-management/microagent-management-repo-microagents.tsx(7,10): error TS2614: Module '"#/*"' has no exported member 'useRepositoryMicroagents'. Did you mean to use 'import useRepositoryMicroagents from "#/*"' instead?
frontend/src/components/features/microagent-management/microagent-management-repo-microagents.tsx(8,10): error TS2614: Module '"#/*"' has no exported member 'useMicroagentManagementConversations'. Did you mean to use 'import useMicroagentManagementConversations from "#/*"' instead?
frontend/src/components/features/microagent-management/microagent-management-repo-microagents.tsx(9,10): error TS2614: Module '"#/*"' has no exported member 'GitRepository'. Did you mean to use 'import GitRepository from "#/*"' instead?
frontend/src/components/features/microagent-management/microagent-management-repo-microagents.tsx(10,10): error TS2614: Module '"#/*"' has no exported member 'RootState'. Did you mean to use 'import RootState from "#/*"' instead?
frontend/src/components/features/microagent-management/microagent-management-repo-microagents.tsx(11,10): error TS2614: Module '"#/*"' has no exported member 'setSelectedMicroagentItem'. Did you mean to use 'import setSelectedMicroagentItem from "#/*"' instead?
frontend/src/components/features/microagent-management/microagent-management-repo-microagents.tsx(12,10): error TS2614: Module '"#/*"' has no exported member 'cn'. Did you mean to use 'import cn from "#/*"' instead?
frontend/src/components/features/microagent-management/microagent-management-repo-microagents.tsx(13,10): error TS2614: Module '"#/*"' has no exported member 'I18nKey'. Did you mean to use 'import I18nKey from "#/*"' instead?
frontend/src/components/features/microagent-management/microagent-management-repo-microagents.tsx(59,10): error TS7006: Parameter 'conversation' implicitly has an 'any' type.
frontend/src/components/features/microagent-management/microagent-management-repo-microagents.tsx(93,7): error TS17004: Cannot use JSX unless the '--jsx' flag is provided.
frontend/src/components/features/microagent-management/microagent-management-repo-microagents.tsx(94,9): error TS17004: Cannot use JSX unless the '--jsx' flag is provided.
frontend/src/components/features/microagent-management/microagent-management-repo-microagents.tsx(102,7): error TS17004: Cannot use JSX unless the '--jsx' flag is provided.
frontend/src/components/features/microagent-management/microagent-management-repo-microagents.tsx(103,9): error TS17004: Cannot use JSX unless the '--jsx' flag is provided.
frontend/src/components/features/microagent-management/microagent-management-repo-microagents.tsx(115,5): error TS17004: Cannot use JSX unless the '--jsx' flag is provided.
frontend/src/components/features/microagent-management/microagent-management-repo-microagents.tsx(117,9): error TS17004: Cannot use JSX unless the '--jsx' flag is provided.
frontend/src/components/features/microagent-management/microagent-management-repo-microagents.tsx(121,9): error TS17004: Cannot use JSX unless the '--jsx' flag is provided.
frontend/src/components/features/microagent-management/microagent-management-repo-microagents.tsx(122,11): error TS17004: Cannot use JSX unless the '--jsx' flag is provided.
frontend/src/components/features/microagent-management/microagent-management-repo-microagents.tsx(125,30): error TS7006: Parameter 'microagent' implicitly has an 'any' type.
frontend/src/components/features/microagent-management/microagent-management-repo-microagents.tsx(126,13): error TS17004: Cannot use JSX unless the '--jsx' flag is provided.
frontend/src/components/features/microagent-management/microagent-management-repo-microagents.tsx(127,15): error TS17004: Cannot use JSX unless the '--jsx' flag is provided.
frontend/src/components/features/microagent-management/microagent-management-repo-microagents.tsx(138,9): error TS17004: Cannot use JSX unless the '--jsx' flag is provided.
frontend/src/components/features/microagent-management/microagent-management-repo-microagents.tsx(139,11): error TS17004: Cannot use JSX unless the '--jsx' flag is provided.
frontend/src/components/features/microagent-management/microagent-management-repo-microagents.tsx(142,32): error TS7006: Parameter 'conversation' implicitly has an 'any' type.
frontend/src/components/features/microagent-management/microagent-management-repo-microagents.tsx(143,13): error TS17004: Cannot use JSX unless the '--jsx' flag is provided.
frontend/src/components/features/microagent-management/microagent-management-repo-microagents.tsx(144,15): error TS17004: Cannot use JSX unless the '--jsx' flag is provided.
frontend/src/components/features/microagent-management/microagent-management-repositories.tsx(3,53): error TS2835: Relative import paths need explicit file extensions in ECMAScript imports when '--moduleResolution' is 'node16' or 'nodenext'. Did you mean './microagent-management-repo-microagents.js'?
frontend/src/components/features/microagent-management/microagent-management-repositories.tsx(4,10): error TS2614: Module '"#/*"' has no exported member 'GitRepository'. Did you mean to use 'import GitRepository from "#/*"' instead?
frontend/src/components/features/microagent-management/microagent-management-repositories.tsx(5,10): error TS2614: Module '"#/*"' has no exported member 'TabType'. Did you mean to use 'import TabType from "#/*"' instead?
frontend/src/components/features/microagent-management/microagent-management-repositories.tsx(6,52): error TS2835: Relative import paths need explicit file extensions in ECMAScript imports when '--moduleResolution' is 'node16' or 'nodenext'. Did you mean './microagent-management-no-repositories.js'?
frontend/src/components/features/microagent-management/microagent-management-repositories.tsx(7,10): error TS2614: Module '"#/*"' has no exported member 'I18nKey'. Did you mean to use 'import I18nKey from "#/*"' instead?
frontend/src/components/features/microagent-management/microagent-management-repositories.tsx(8,10): error TS2614: Module '"#/*"' has no exported member 'DOCUMENTATION_URL'. Did you mean to use 'import DOCUMENTATION_URL from "#/*"' instead?
frontend/src/components/features/microagent-management/microagent-management-repositories.tsx(9,52): error TS2835: Relative import paths need explicit file extensions in ECMAScript imports when '--moduleResolution' is 'node16' or 'nodenext'. Did you mean './microagent-management-accordion-title.js'?
frontend/src/components/features/microagent-management/microagent-management-repositories.tsx(29,7): error TS17004: Cannot use JSX unless the '--jsx' flag is provided.
frontend/src/components/features/microagent-management/microagent-management-repositories.tsx(30,9): error TS17004: Cannot use JSX unless the '--jsx' flag is provided.
frontend/src/components/features/microagent-management/microagent-management-repositories.tsx(31,9): error TS17004: Cannot use JSX unless the '--jsx' flag is provided.
frontend/src/components/features/microagent-management/microagent-management-repositories.tsx(41,9): error TS17004: Cannot use JSX unless the '--jsx' flag is provided.
frontend/src/components/features/microagent-management/microagent-management-repositories.tsx(51,9): error TS17004: Cannot use JSX unless the '--jsx' flag is provided.
frontend/src/components/features/microagent-management/microagent-management-repositories.tsx(59,9): error TS17004: Cannot use JSX unless the '--jsx' flag is provided.
frontend/src/components/features/microagent-management/microagent-management-repositories.tsx(72,5): error TS17004: Cannot use JSX unless the '--jsx' flag is provided.
frontend/src/components/features/microagent-management/microagent-management-repositories.tsx(74,7): error TS17004: Cannot use JSX unless the '--jsx' flag is provided.
frontend/src/components/features/microagent-management/microagent-management-repositories.tsx(86,11): error TS17004: Cannot use JSX unless the '--jsx' flag is provided.
frontend/src/components/features/microagent-management/microagent-management-repositories.tsx(90,15): error TS17004: Cannot use JSX unless the '--jsx' flag is provided.
frontend/src/components/features/microagent-management/microagent-management-repositories.tsx(93,13): error TS17004: Cannot use JSX unless the '--jsx' flag is provided.
frontend/src/components/features/microagent-management/microagent-management-review-pr.tsx(3,10): error TS2614: Module '"#/*"' has no exported member 'I18nKey'. Did you mean to use 'import I18nKey from "#/*"' instead?
frontend/src/components/features/microagent-management/microagent-management-review-pr.tsx(4,29): error TS2835: Relative import paths need explicit file extensions in ECMAScript imports when '--moduleResolution' is 'node16' or 'nodenext'. Did you mean '../settings/brand-button.js'?
frontend/src/components/features/microagent-management/microagent-management-review-pr.tsx(5,10): error TS2614: Module '"#/*"' has no exported member 'getProviderName'. Did you mean to use 'import getProviderName from "#/*"' instead?
frontend/src/components/features/microagent-management/microagent-management-review-pr.tsx(5,27): error TS2614: Module '"#/*"' has no exported member 'constructPullRequestUrl'. Did you mean to use 'import constructPullRequestUrl from "#/*"' instead?
frontend/src/components/features/microagent-management/microagent-management-review-pr.tsx(6,10): error TS2614: Module '"#/*"' has no exported member 'Provider'. Did you mean to use 'import Provider from "#/*"' instead?
frontend/src/components/features/microagent-management/microagent-management-review-pr.tsx(7,10): error TS2614: Module '"#/*"' has no exported member 'RootState'. Did you mean to use 'import RootState from "#/*"' instead?
frontend/src/components/features/microagent-management/microagent-management-review-pr.tsx(30,5): error TS17004: Cannot use JSX unless the '--jsx' flag is provided.
frontend/src/components/features/microagent-management/microagent-management-review-pr.tsx(31,7): error TS17004: Cannot use JSX unless the '--jsx' flag is provided.
frontend/src/components/features/microagent-management/microagent-management-review-pr.tsx(34,7): error TS17004: Cannot use JSX unless the '--jsx' flag is provided.
frontend/src/components/features/microagent-management/microagent-management-review-pr.tsx(35,9): error TS17004: Cannot use JSX unless the '--jsx' flag is provided.
frontend/src/components/features/microagent-management/microagent-management-review-pr.tsx(40,11): error TS17004: Cannot use JSX unless the '--jsx' flag is provided.
frontend/src/components/features/microagent-management/microagent-management-review-pr.tsx(48,9): error TS17004: Cannot use JSX unless the '--jsx' flag is provided.
frontend/src/components/features/microagent-management/microagent-management-review-pr.tsx(61,11): error TS17004: Cannot use JSX unless the '--jsx' flag is provided.
frontend/src/components/features/microagent-management/microagent-management-sidebar-header.tsx(2,10): error TS2614: Module '"#/*"' has no exported member 'I18nKey'. Did you mean to use 'import I18nKey from "#/*"' instead?
frontend/src/components/features/microagent-management/microagent-management-sidebar-header.tsx(4,10): error TS2614: Module '"#/*"' has no exported member 'DOCUMENTATION_URL'. Did you mean to use 'import DOCUMENTATION_URL from "#/*"' instead?
frontend/src/components/features/microagent-management/microagent-management-sidebar-header.tsx(10,5): error TS17004: Cannot use JSX unless the '--jsx' flag is provided.
frontend/src/components/features/microagent-management/microagent-management-sidebar-header.tsx(11,7): error TS17004: Cannot use JSX unless the '--jsx' flag is provided.
frontend/src/components/features/microagent-management/microagent-management-sidebar-header.tsx(14,7): error TS17004: Cannot use JSX unless the '--jsx' flag is provided.
frontend/src/components/features/microagent-management/microagent-management-sidebar-header.tsx(16,9): error TS17004: Cannot use JSX unless the '--jsx' flag is provided.
frontend/src/components/features/microagent-management/microagent-management-sidebar-header.tsx(21,11): error TS17004: Cannot use JSX unless the '--jsx' flag is provided.
frontend/src/components/features/microagent-management/microagent-management-sidebar-tabs.tsx(4,50): error TS2835: Relative import paths need explicit file extensions in ECMAScript imports when '--moduleResolution' is 'node16' or 'nodenext'. Did you mean './microagent-management-repositories.js'?
frontend/src/components/features/microagent-management/microagent-management-sidebar-tabs.tsx(5,10): error TS2614: Module '"#/*"' has no exported member 'I18nKey'. Did you mean to use 'import I18nKey from "#/*"' instead?
frontend/src/components/features/microagent-management/microagent-management-sidebar-tabs.tsx(6,10): error TS2614: Module '"#/*"' has no exported member 'RootState'. Did you mean to use 'import RootState from "#/*"' instead?
frontend/src/components/features/microagent-management/microagent-management-sidebar-tabs.tsx(21,5): error TS17004: Cannot use JSX unless the '--jsx' flag is provided.
frontend/src/components/features/microagent-management/microagent-management-sidebar-tabs.tsx(22,7): error TS17004: Cannot use JSX unless the '--jsx' flag is provided.
frontend/src/components/features/microagent-management/microagent-management-sidebar-tabs.tsx(34,9): error TS17004: Cannot use JSX unless the '--jsx' flag is provided.
frontend/src/components/features/microagent-management/microagent-management-sidebar-tabs.tsx(35,11): error TS17004: Cannot use JSX unless the '--jsx' flag is provided.
frontend/src/components/features/microagent-management/microagent-management-sidebar-tabs.tsx(41,9): error TS17004: Cannot use JSX unless the '--jsx' flag is provided.
frontend/src/components/features/microagent-management/microagent-management-sidebar-tabs.tsx(42,11): error TS17004: Cannot use JSX unless the '--jsx' flag is provided.
frontend/src/components/features/microagent-management/microagent-management-sidebar-tabs.tsx(48,9): error TS17004: Cannot use JSX unless the '--jsx' flag is provided.
frontend/src/components/features/microagent-management/microagent-management-sidebar-tabs.tsx(49,11): error TS17004: Cannot use JSX unless the '--jsx' flag is provided.
frontend/src/components/features/microagent-management/microagent-management-sidebar.tsx(5,51): error TS2835: Relative import paths need explicit file extensions in ECMAScript imports when '--moduleResolution' is 'node16' or 'nodenext'. Did you mean './microagent-management-sidebar-header.js'?
frontend/src/components/features/microagent-management/microagent-management-sidebar.tsx(6,49): error TS2835: Relative import paths need explicit file extensions in ECMAScript imports when '--moduleResolution' is 'node16' or 'nodenext'. Did you mean './microagent-management-sidebar-tabs.js'?
frontend/src/components/features/microagent-management/microagent-management-sidebar.tsx(7,10): error TS2614: Module '"#/*"' has no exported member 'useGitRepositories'. Did you mean to use 'import useGitRepositories from "#/*"' instead?
frontend/src/components/features/microagent-management/microagent-management-sidebar.tsx(8,10): error TS2614: Module '"#/*"' has no exported member 'useSearchRepositories'. Did you mean to use 'import useSearchRepositories from "#/*"' instead?
frontend/src/components/features/microagent-management/microagent-management-sidebar.tsx(9,10): error TS2614: Module '"#/*"' has no exported member 'GitProviderDropdown'. Did you mean to use 'import GitProviderDropdown from "#/*"' instead?
frontend/src/components/features/microagent-management/microagent-management-sidebar.tsx(11,3): error TS2614: Module '"#/*"' has no exported member 'setPersonalRepositories'. Did you mean to use 'import setPersonalRepositories from "#/*"' instead?
frontend/src/components/features/microagent-management/microagent-management-sidebar.tsx(12,3): error TS2614: Module '"#/*"' has no exported member 'setOrganizationRepositories'. Did you mean to use 'import setOrganizationRepositories from "#/*"' instead?
frontend/src/components/features/microagent-management/microagent-management-sidebar.tsx(13,3): error TS2614: Module '"#/*"' has no exported member 'setRepositories'. Did you mean to use 'import setRepositories from "#/*"' instead?
frontend/src/components/features/microagent-management/microagent-management-sidebar.tsx(15,10): error TS2614: Module '"#/*"' has no exported member 'GitRepository'. Did you mean to use 'import GitRepository from "#/*"' instead?
frontend/src/components/features/microagent-management/microagent-management-sidebar.tsx(16,10): error TS2614: Module '"#/*"' has no exported member 'Provider'. Did you mean to use 'import Provider from "#/*"' instead?
frontend/src/components/features/microagent-management/microagent-management-sidebar.tsx(17,10): error TS2614: Module '"#/*"' has no exported member 'cn'. Did you mean to use 'import cn from "#/*"' instead?
frontend/src/components/features/microagent-management/microagent-management-sidebar.tsx(18,10): error TS2614: Module '"#/*"' has no exported member 'sanitizeQuery'. Did you mean to use 'import sanitizeQuery from "#/*"' instead?
frontend/src/components/features/microagent-management/microagent-management-sidebar.tsx(19,10): error TS2614: Module '"#/*"' has no exported member 'I18nKey'. Did you mean to use 'import I18nKey from "#/*"' instead?
frontend/src/components/features/microagent-management/microagent-management-sidebar.tsx(20,10): error TS2614: Module '"#/*"' has no exported member 'useDebounce'. Did you mean to use 'import useDebounce from "#/*"' instead?
frontend/src/components/features/microagent-management/microagent-management-sidebar.tsx(84,57): error TS7006: Parameter 'page' implicitly has an 'any' type.
frontend/src/components/features/microagent-management/microagent-management-sidebar.tsx(147,5): error TS17004: Cannot use JSX unless the '--jsx' flag is provided.
frontend/src/components/features/microagent-management/microagent-management-sidebar.tsx(154,7): error TS17004: Cannot use JSX unless the '--jsx' flag is provided.
frontend/src/components/features/microagent-management/microagent-management-sidebar.tsx(158,9): error TS17004: Cannot use JSX unless the '--jsx' flag is provided.
frontend/src/components/features/microagent-management/microagent-management-sidebar.tsx(159,11): error TS17004: Cannot use JSX unless the '--jsx' flag is provided.
frontend/src/components/features/microagent-management/microagent-management-sidebar.tsx(170,7): error TS17004: Cannot use JSX unless the '--jsx' flag is provided.
frontend/src/components/features/microagent-management/microagent-management-sidebar.tsx(171,9): error TS17004: Cannot use JSX unless the '--jsx' flag is provided.
frontend/src/components/features/microagent-management/microagent-management-sidebar.tsx(174,9): error TS17004: Cannot use JSX unless the '--jsx' flag is provided.
frontend/src/components/features/microagent-management/microagent-management-sidebar.tsx(175,11): error TS17004: Cannot use JSX unless the '--jsx' flag is provided.
frontend/src/components/features/microagent-management/microagent-management-sidebar.tsx(191,13): error TS17004: Cannot use JSX unless the '--jsx' flag is provided.
frontend/src/components/features/microagent-management/microagent-management-sidebar.tsx(192,15): error TS17004: Cannot use JSX unless the '--jsx' flag is provided.
frontend/src/components/features/microagent-management/microagent-management-sidebar.tsx(199,9): error TS17004: Cannot use JSX unless the '--jsx' flag is provided.
frontend/src/components/features/microagent-management/microagent-management-sidebar.tsx(200,11): error TS17004: Cannot use JSX unless the '--jsx' flag is provided.
frontend/src/components/features/microagent-management/microagent-management-sidebar.tsx(201,11): error TS17004: Cannot use JSX unless the '--jsx' flag is provided.
frontend/src/components/features/microagent-management/microagent-management-sidebar.tsx(206,9): error TS17004: Cannot use JSX unless the '--jsx' flag is provided.
frontend/src/components/features/microagent-management/microagent-management-sidebar.tsx(207,11): error TS17004: Cannot use JSX unless the '--jsx' flag is provided.
frontend/src/components/features/microagent-management/microagent-management-sidebar.tsx(211,13): error TS17004: Cannot use JSX unless the '--jsx' flag is provided.
frontend/src/components/features/microagent-management/microagent-management-sidebar.tsx(212,15): error TS17004: Cannot use JSX unless the '--jsx' flag is provided.
frontend/src/components/features/microagent-management/microagent-management-sidebar.tsx(213,15): error TS17004: Cannot use JSX unless the '--jsx' flag is provided.
frontend/src/components/features/microagent-management/microagent-management-upsert-microagent-modal.tsx(5,10): error TS2614: Module '"#/*"' has no exported member 'ModalBackdrop'. Did you mean to use 'import ModalBackdrop from "#/*"' instead?
frontend/src/components/features/microagent-management/microagent-management-upsert-microagent-modal.tsx(6,10): error TS2614: Module '"#/*"' has no exported member 'ModalBody'. Did you mean to use 'import ModalBody from "#/*"' instead?
frontend/src/components/features/microagent-management/microagent-management-upsert-microagent-modal.tsx(7,29): error TS2835: Relative import paths need explicit file extensions in ECMAScript imports when '--moduleResolution' is 'node16' or 'nodenext'. Did you mean '../settings/brand-button.js'?
frontend/src/components/features/microagent-management/microagent-management-upsert-microagent-modal.tsx(8,10): error TS2614: Module '"#/*"' has no exported member 'I18nKey'. Did you mean to use 'import I18nKey from "#/*"' instead?
frontend/src/components/features/microagent-management/microagent-management-upsert-microagent-modal.tsx(9,10): error TS2614: Module '"#/*"' has no exported member 'RootState'. Did you mean to use 'import RootState from "#/*"' instead?
frontend/src/components/features/microagent-management/microagent-management-upsert-microagent-modal.tsx(11,10): error TS2614: Module '"#/*"' has no exported member 'cn'. Did you mean to use 'import cn from "#/*"' instead?
frontend/src/components/features/microagent-management/microagent-management-upsert-microagent-modal.tsx(11,14): error TS2614: Module '"#/*"' has no exported member 'extractRepositoryInfo'. Did you mean to use 'import extractRepositoryInfo from "#/*"' instead?
frontend/src/components/features/microagent-management/microagent-management-upsert-microagent-modal.tsx(12,10): error TS2614: Module '"#/*"' has no exported member 'BadgeInput'. Did you mean to use 'import BadgeInput from "#/*"' instead?
frontend/src/components/features/microagent-management/microagent-management-upsert-microagent-modal.tsx(13,10): error TS2614: Module '"#/*"' has no exported member 'MicroagentFormData'. Did you mean to use 'import MicroagentFormData from "#/*"' instead?
frontend/src/components/features/microagent-management/microagent-management-upsert-microagent-modal.tsx(14,10): error TS2614: Module '"#/*"' has no exported member 'GitRepository'. Did you mean to use 'import GitRepository from "#/*"' instead?
frontend/src/components/features/microagent-management/microagent-management-upsert-microagent-modal.tsx(15,10): error TS2614: Module '"#/*"' has no exported member 'useRepositoryMicroagentContent'. Did you mean to use 'import useRepositoryMicroagentContent from "#/*"' instead?
frontend/src/components/features/microagent-management/microagent-management-upsert-microagent-modal.tsx(110,5): error TS17004: Cannot use JSX unless the '--jsx' flag is provided.
frontend/src/components/features/microagent-management/microagent-management-upsert-microagent-modal.tsx(111,7): error TS17004: Cannot use JSX unless the '--jsx' flag is provided.
frontend/src/components/features/microagent-management/microagent-management-upsert-microagent-modal.tsx(112,9): error TS17004: Cannot use JSX unless the '--jsx' flag is provided.
frontend/src/components/features/microagent-management/microagent-management-upsert-microagent-modal.tsx(113,11): error TS17004: Cannot use JSX unless the '--jsx' flag is provided.
frontend/src/components/features/microagent-management/microagent-management-upsert-microagent-modal.tsx(114,13): error TS17004: Cannot use JSX unless the '--jsx' flag is provided.
frontend/src/components/features/microagent-management/microagent-management-upsert-microagent-modal.tsx(115,15): error TS17004: Cannot use JSX unless the '--jsx' flag is provided.
frontend/src/components/features/microagent-management/microagent-management-upsert-microagent-modal.tsx(116,15): error TS17004: Cannot use JSX unless the '--jsx' flag is provided.
frontend/src/components/features/microagent-management/microagent-management-upsert-microagent-modal.tsx(121,17): error TS17004: Cannot use JSX unless the '--jsx' flag is provided.
frontend/src/components/features/microagent-management/microagent-management-upsert-microagent-modal.tsx(124,13): error TS17004: Cannot use JSX unless the '--jsx' flag is provided.
frontend/src/components/features/microagent-management/microagent-management-upsert-microagent-modal.tsx(125,15): error TS17004: Cannot use JSX unless the '--jsx' flag is provided.
frontend/src/components/features/microagent-management/microagent-management-upsert-microagent-modal.tsx(128,11): error TS17004: Cannot use JSX unless the '--jsx' flag is provided.
frontend/src/components/features/microagent-management/microagent-management-upsert-microagent-modal.tsx(132,9): error TS17004: Cannot use JSX unless the '--jsx' flag is provided.
frontend/src/components/features/microagent-management/microagent-management-upsert-microagent-modal.tsx(137,11): error TS17004: Cannot use JSX unless the '--jsx' flag is provided.
frontend/src/components/features/microagent-management/microagent-management-upsert-microagent-modal.tsx(142,13): error TS17004: Cannot use JSX unless the '--jsx' flag is provided.
frontend/src/components/features/microagent-management/microagent-management-upsert-microagent-modal.tsx(156,11): error TS17004: Cannot use JSX unless the '--jsx' flag is provided.
frontend/src/components/features/microagent-management/microagent-management-upsert-microagent-modal.tsx(160,13): error TS17004: Cannot use JSX unless the '--jsx' flag is provided.
frontend/src/components/features/microagent-management/microagent-management-upsert-microagent-modal.tsx(162,15): error TS17004: Cannot use JSX unless the '--jsx' flag is provided.
frontend/src/components/features/microagent-management/microagent-management-upsert-microagent-modal.tsx(167,17): error TS17004: Cannot use JSX unless the '--jsx' flag is provided.
frontend/src/components/features/microagent-management/microagent-management-upsert-microagent-modal.tsx(170,13): error TS17004: Cannot use JSX unless the '--jsx' flag is provided.
frontend/src/components/features/microagent-management/microagent-management-upsert-microagent-modal.tsx(176,13): error TS17004: Cannot use JSX unless the '--jsx' flag is provided.
frontend/src/components/features/microagent-management/microagent-management-upsert-microagent-modal.tsx(183,9): error TS17004: Cannot use JSX unless the '--jsx' flag is provided.
frontend/src/components/features/microagent-management/microagent-management-upsert-microagent-modal.tsx(187,11): error TS17004: Cannot use JSX unless the '--jsx' flag is provided.
frontend/src/components/features/microagent-management/microagent-management-upsert-microagent-modal.tsx(195,11): error TS17004: Cannot use JSX unless the '--jsx' flag is provided.
frontend/src/components/features/microagent-management/microagent-management-view-microagent-content.tsx(7,22): error TS2835: Relative import paths need explicit file extensions in ECMAScript imports when '--moduleResolution' is 'node16' or 'nodenext'. Did you mean '../markdown/code.js'?
frontend/src/components/features/microagent-management/microagent-management-view-microagent-content.tsx(8,24): error TS2835: Relative import paths need explicit file extensions in ECMAScript imports when '--moduleResolution' is 'node16' or 'nodenext'. Did you mean '../markdown/list.js'?
frontend/src/components/features/microagent-management/microagent-management-view-microagent-content.tsx(9,27): error TS2835: Relative import paths need explicit file extensions in ECMAScript imports when '--moduleResolution' is 'node16' or 'nodenext'. Did you mean '../markdown/paragraph.js'?
frontend/src/components/features/microagent-management/microagent-management-view-microagent-content.tsx(10,24): error TS2835: Relative import paths need explicit file extensions in ECMAScript imports when '--moduleResolution' is 'node16' or 'nodenext'. Did you mean '../markdown/anchor.js'?
frontend/src/components/features/microagent-management/microagent-management-view-microagent-content.tsx(11,10): error TS2614: Module '"#/*"' has no exported member 'RootState'. Did you mean to use 'import RootState from "#/*"' instead?
frontend/src/components/features/microagent-management/microagent-management-view-microagent-content.tsx(12,10): error TS2614: Module '"#/*"' has no exported member 'useRepositoryMicroagentContent'. Did you mean to use 'import useRepositoryMicroagentContent from "#/*"' instead?
frontend/src/components/features/microagent-management/microagent-management-view-microagent-content.tsx(13,10): error TS2614: Module '"#/*"' has no exported member 'I18nKey'. Did you mean to use 'import I18nKey from "#/*"' instead?
frontend/src/components/features/microagent-management/microagent-management-view-microagent-content.tsx(14,10): error TS2614: Module '"#/*"' has no exported member 'extractRepositoryInfo'. Did you mean to use 'import extractRepositoryInfo from "#/*"' instead?
frontend/src/components/features/microagent-management/microagent-management-view-microagent-content.tsx(42,5): error TS17004: Cannot use JSX unless the '--jsx' flag is provided.
frontend/src/components/features/microagent-management/microagent-management-view-microagent-content.tsx(44,9): error TS17004: Cannot use JSX unless the '--jsx' flag is provided.
frontend/src/components/features/microagent-management/microagent-management-view-microagent-content.tsx(45,11): error TS17004: Cannot use JSX unless the '--jsx' flag is provided.
frontend/src/components/features/microagent-management/microagent-management-view-microagent-content.tsx(49,9): error TS17004: Cannot use JSX unless the '--jsx' flag is provided.
frontend/src/components/features/microagent-management/microagent-management-view-microagent-content.tsx(54,9): error TS17004: Cannot use JSX unless the '--jsx' flag is provided.
frontend/src/components/features/microagent-management/microagent-management-view-microagent-header.tsx(3,10): error TS2614: Module '"#/*"' has no exported member 'RootState'. Did you mean to use 'import RootState from "#/*"' instead?
frontend/src/components/features/microagent-management/microagent-management-view-microagent-header.tsx(4,29): error TS2835: Relative import paths need explicit file extensions in ECMAScript imports when '--moduleResolution' is 'node16' or 'nodenext'. Did you mean '../settings/brand-button.js'?
frontend/src/components/features/microagent-management/microagent-management-view-microagent-header.tsx(5,10): error TS2614: Module '"#/*"' has no exported member 'getProviderName'. Did you mean to use 'import getProviderName from "#/*"' instead?
frontend/src/components/features/microagent-management/microagent-management-view-microagent-header.tsx(5,27): error TS2614: Module '"#/*"' has no exported member 'constructMicroagentUrl'. Did you mean to use 'import constructMicroagentUrl from "#/*"' instead?
frontend/src/components/features/microagent-management/microagent-management-view-microagent-header.tsx(6,10): error TS2614: Module '"#/*"' has no exported member 'I18nKey'. Did you mean to use 'import I18nKey from "#/*"' instead?
frontend/src/components/features/microagent-management/microagent-management-view-microagent-header.tsx(7,10): error TS2614: Module '"#/*"' has no exported member 'setUpdateMicroagentModalVisible'. Did you mean to use 'import setUpdateMicroagentModalVisible from "#/*"' instead?
frontend/src/components/features/microagent-management/microagent-management-view-microagent-header.tsx(35,5): error TS17004: Cannot use JSX unless the '--jsx' flag is provided.
frontend/src/components/features/microagent-management/microagent-management-view-microagent-header.tsx(36,7): error TS17004: Cannot use JSX unless the '--jsx' flag is provided.
frontend/src/components/features/microagent-management/microagent-management-view-microagent-header.tsx(39,7): error TS17004: Cannot use JSX unless the '--jsx' flag is provided.
frontend/src/components/features/microagent-management/microagent-management-view-microagent-header.tsx(40,9): error TS17004: Cannot use JSX unless the '--jsx' flag is provided.
frontend/src/components/features/microagent-management/microagent-management-view-microagent-header.tsx(41,11): error TS17004: Cannot use JSX unless the '--jsx' flag is provided.
frontend/src/components/features/microagent-management/microagent-management-view-microagent-header.tsx(52,9): error TS17004: Cannot use JSX unless the '--jsx' flag is provided.
frontend/src/components/features/microagent-management/microagent-management-view-microagent.tsx(2,10): error TS2614: Module '"#/*"' has no exported member 'RootState'. Did you mean to use 'import RootState from "#/*"' instead?
frontend/src/components/features/microagent-management/microagent-management-view-microagent.tsx(3,58): error TS2835: Relative import paths need explicit file extensions in ECMAScript imports when '--moduleResolution' is 'node16' or 'nodenext'. Did you mean './microagent-management-view-microagent-header.js'?
frontend/src/components/features/microagent-management/microagent-management-view-microagent.tsx(4,59): error TS2835: Relative import paths need explicit file extensions in ECMAScript imports when '--moduleResolution' is 'node16' or 'nodenext'. Did you mean './microagent-management-view-microagent-content.js'?
frontend/src/components/features/microagent-management/microagent-management-view-microagent.tsx(18,5): error TS17004: Cannot use JSX unless the '--jsx' flag is provided.
frontend/src/components/features/microagent-management/microagent-management-view-microagent.tsx(19,7): error TS17004: Cannot use JSX unless the '--jsx' flag is provided.
frontend/src/components/features/microagent-management/microagent-management-view-microagent.tsx(20,7): error TS17004: Cannot use JSX unless the '--jsx' flag is provided.
frontend/src/components/features/microagent-management/microagent-management-view-microagent.tsx(23,7): error TS17004: Cannot use JSX unless the '--jsx' flag is provided.
frontend/src/components/features/microagent-management/microagent-management-view-microagent.tsx(26,7): error TS17004: Cannot use JSX unless the '--jsx' flag is provided.
frontend/src/components/features/microagent-management/microagent-management-view-microagent.tsx(27,9): error TS17004: Cannot use JSX unless the '--jsx' flag is provided.
frontend/src/components/features/monitoring/animated-alert-banner.tsx(67,5): error TS17004: Cannot use JSX unless the '--jsx' flag is provided.
frontend/src/components/features/monitoring/animated-alert-banner.tsx(73,11): error TS17004: Cannot use JSX unless the '--jsx' flag is provided.
frontend/src/components/features/monitoring/animated-alert-banner.tsx(78,13): error TS17004: Cannot use JSX unless the '--jsx' flag is provided.
frontend/src/components/features/monitoring/animated-alert-banner.tsx(83,13): error TS17004: Cannot use JSX unless the '--jsx' flag is provided.
frontend/src/components/features/monitoring/animated-alert-banner.tsx(88,13): error TS17004: Cannot use JSX unless the '--jsx' flag is provided.
frontend/src/components/features/monitoring/animated-alert-banner.tsx(90,15): error TS17004: Cannot use JSX unless the '--jsx' flag is provided.
frontend/src/components/features/monitoring/animated-alert-banner.tsx(91,17): error TS17004: Cannot use JSX unless the '--jsx' flag is provided.
frontend/src/components/features/monitoring/animated-alert-banner.tsx(95,15): error TS17004: Cannot use JSX unless the '--jsx' flag is provided.
frontend/src/components/features/monitoring/animated-alert-banner.tsx(96,17): error TS17004: Cannot use JSX unless the '--jsx' flag is provided.
frontend/src/components/features/monitoring/animated-alert-banner.tsx(97,19): error TS17004: Cannot use JSX unless the '--jsx' flag is provided.
frontend/src/components/features/monitoring/animated-alert-banner.tsx(100,19): error TS17004: Cannot use JSX unless the '--jsx' flag is provided.
frontend/src/components/features/monitoring/animated-alert-banner.tsx(104,17): error TS17004: Cannot use JSX unless the '--jsx' flag is provided.
frontend/src/components/features/monitoring/animated-alert-banner.tsx(109,17): error TS17004: Cannot use JSX unless the '--jsx' flag is provided.
frontend/src/components/features/monitoring/animated-alert-banner.tsx(114,19): error TS17004: Cannot use JSX unless the '--jsx' flag is provided.
frontend/src/components/features/monitoring/animated-alert-banner.tsx(121,15): error TS17004: Cannot use JSX unless the '--jsx' flag is provided.
frontend/src/components/features/monitoring/autonomous-monitor.tsx(4,34): error TS2835: Relative import paths need explicit file extensions in ECMAScript imports when '--moduleResolution' is 'node16' or 'nodenext'. Did you mean './safety-score-gauge.js'?
frontend/src/components/features/monitoring/autonomous-monitor.tsx(5,32): error TS2835: Relative import paths need explicit file extensions in ECMAScript imports when '--moduleResolution' is 'node16' or 'nodenext'. Did you mean './risk-level-chart.js'?
frontend/src/components/features/monitoring/autonomous-monitor.tsx(6,37): error TS2835: Relative import paths need explicit file extensions in ECMAScript imports when '--moduleResolution' is 'node16' or 'nodenext'. Did you mean './command-blocking-card.js'?
frontend/src/components/features/monitoring/autonomous-monitor.tsx(7,37): error TS2835: Relative import paths need explicit file extensions in ECMAScript imports when '--moduleResolution' is 'node16' or 'nodenext'. Did you mean './animated-alert-banner.js'?
frontend/src/components/features/monitoring/autonomous-monitor.tsx(8,36): error TS2835: Relative import paths need explicit file extensions in ECMAScript imports when '--moduleResolution' is 'node16' or 'nodenext'. Did you mean './enhanced-audit-trail.js'?
frontend/src/components/features/monitoring/autonomous-monitor.tsx(9,34): error TS2835: Relative import paths need explicit file extensions in ECMAScript imports when '--moduleResolution' is 'node16' or 'nodenext'. Did you mean './live-metrics-cards.js'?
frontend/src/components/features/monitoring/autonomous-monitor.tsx(181,7): error TS17004: Cannot use JSX unless the '--jsx' flag is provided.
frontend/src/components/features/monitoring/autonomous-monitor.tsx(182,9): error TS17004: Cannot use JSX unless the '--jsx' flag is provided.
frontend/src/components/features/monitoring/autonomous-monitor.tsx(189,7): error TS17004: Cannot use JSX unless the '--jsx' flag is provided.
frontend/src/components/features/monitoring/autonomous-monitor.tsx(190,9): error TS17004: Cannot use JSX unless the '--jsx' flag is provided.
frontend/src/components/features/monitoring/autonomous-monitor.tsx(243,5): error TS17004: Cannot use JSX unless the '--jsx' flag is provided.
frontend/src/components/features/monitoring/autonomous-monitor.tsx(245,7): error TS17004: Cannot use JSX unless the '--jsx' flag is provided.
frontend/src/components/features/monitoring/autonomous-monitor.tsx(246,9): error TS17004: Cannot use JSX unless the '--jsx' flag is provided.
frontend/src/components/features/monitoring/autonomous-monitor.tsx(247,11): error TS17004: Cannot use JSX unless the '--jsx' flag is provided.
frontend/src/components/features/monitoring/autonomous-monitor.tsx(248,13): error TS17004: Cannot use JSX unless the '--jsx' flag is provided.
frontend/src/components/features/monitoring/autonomous-monitor.tsx(250,11): error TS17004: Cannot use JSX unless the '--jsx' flag is provided.
frontend/src/components/features/monitoring/autonomous-monitor.tsx(251,13): error TS17004: Cannot use JSX unless the '--jsx' flag is provided.
frontend/src/components/features/monitoring/autonomous-monitor.tsx(254,13): error TS17004: Cannot use JSX unless the '--jsx' flag is provided.
frontend/src/components/features/monitoring/autonomous-monitor.tsx(259,9): error TS17004: Cannot use JSX unless the '--jsx' flag is provided.
frontend/src/components/features/monitoring/autonomous-monitor.tsx(261,13): error TS17004: Cannot use JSX unless the '--jsx' flag is provided.
frontend/src/components/features/monitoring/autonomous-monitor.tsx(265,15): error TS17004: Cannot use JSX unless the '--jsx' flag is provided.
frontend/src/components/features/monitoring/autonomous-monitor.tsx(269,13): error TS17004: Cannot use JSX unless the '--jsx' flag is provided.
frontend/src/components/features/monitoring/autonomous-monitor.tsx(273,15): error TS17004: Cannot use JSX unless the '--jsx' flag is provided.
frontend/src/components/features/monitoring/autonomous-monitor.tsx(277,11): error TS17004: Cannot use JSX unless the '--jsx' flag is provided.
frontend/src/components/features/monitoring/autonomous-monitor.tsx(281,13): error TS17004: Cannot use JSX unless the '--jsx' flag is provided.
frontend/src/components/features/monitoring/autonomous-monitor.tsx(288,7): error TS17004: Cannot use JSX unless the '--jsx' flag is provided.
frontend/src/components/features/monitoring/autonomous-monitor.tsx(291,7): error TS17004: Cannot use JSX unless the '--jsx' flag is provided.
frontend/src/components/features/monitoring/autonomous-monitor.tsx(293,9): error TS17004: Cannot use JSX unless the '--jsx' flag is provided.
frontend/src/components/features/monitoring/autonomous-monitor.tsx(294,11): error TS17004: Cannot use JSX unless the '--jsx' flag is provided.
frontend/src/components/features/monitoring/autonomous-monitor.tsx(298,9): error TS17004: Cannot use JSX unless the '--jsx' flag is provided.
frontend/src/components/features/monitoring/autonomous-monitor.tsx(299,11): error TS17004: Cannot use JSX unless the '--jsx' flag is provided.
frontend/src/components/features/monitoring/autonomous-monitor.tsx(304,7): error TS17004: Cannot use JSX unless the '--jsx' flag is provided.
frontend/src/components/features/monitoring/autonomous-monitor.tsx(306,9): error TS17004: Cannot use JSX unless the '--jsx' flag is provided.
frontend/src/components/features/monitoring/autonomous-monitor.tsx(307,11): error TS17004: Cannot use JSX unless the '--jsx' flag is provided.
frontend/src/components/features/monitoring/autonomous-monitor.tsx(308,13): error TS17004: Cannot use JSX unless the '--jsx' flag is provided.
frontend/src/components/features/monitoring/autonomous-monitor.tsx(312,13): error TS17004: Cannot use JSX unless the '--jsx' flag is provided.
frontend/src/components/features/monitoring/autonomous-monitor.tsx(314,13): error TS17004: Cannot use JSX unless the '--jsx' flag is provided.
frontend/src/components/features/monitoring/autonomous-monitor.tsx(321,9): error TS17004: Cannot use JSX unless the '--jsx' flag is provided.
frontend/src/components/features/monitoring/autonomous-monitor.tsx(322,11): error TS17004: Cannot use JSX unless the '--jsx' flag is provided.
frontend/src/components/features/monitoring/autonomous-monitor.tsx(327,7): error TS17004: Cannot use JSX unless the '--jsx' flag is provided.
frontend/src/components/features/monitoring/autonomous-monitor.tsx(328,9): error TS17004: Cannot use JSX unless the '--jsx' flag is provided.
frontend/src/components/features/monitoring/autonomous-monitor.tsx(329,11): error TS17004: Cannot use JSX unless the '--jsx' flag is provided.
frontend/src/components/features/monitoring/autonomous-monitor.tsx(332,9): error TS17004: Cannot use JSX unless the '--jsx' flag is provided.
frontend/src/components/features/monitoring/autonomous-monitor.tsx(336,7): error TS17004: Cannot use JSX unless the '--jsx' flag is provided.
frontend/src/components/features/monitoring/autonomous-monitor.tsx(337,9): error TS17004: Cannot use JSX unless the '--jsx' flag is provided.
frontend/src/components/features/monitoring/autonomous-monitor.tsx(338,11): error TS17004: Cannot use JSX unless the '--jsx' flag is provided.
frontend/src/components/features/monitoring/autonomous-monitor.tsx(339,11): error TS17004: Cannot use JSX unless the '--jsx' flag is provided.
frontend/src/components/features/monitoring/autonomous-monitor.tsx(341,9): error TS17004: Cannot use JSX unless the '--jsx' flag is provided.
frontend/src/components/features/monitoring/autonomous-monitor.tsx(342,11): error TS17004: Cannot use JSX unless the '--jsx' flag is provided.
frontend/src/components/features/monitoring/autonomous-monitor.tsx(343,11): error TS17004: Cannot use JSX unless the '--jsx' flag is provided.
frontend/src/components/features/monitoring/autonomous-monitor.tsx(347,9): error TS17004: Cannot use JSX unless the '--jsx' flag is provided.
frontend/src/components/features/monitoring/autonomous-monitor.tsx(348,11): error TS17004: Cannot use JSX unless the '--jsx' flag is provided.
frontend/src/components/features/monitoring/autonomous-monitor.tsx(349,11): error TS17004: Cannot use JSX unless the '--jsx' flag is provided.
frontend/src/components/features/monitoring/autonomous-monitor.tsx(361,9): error TS17004: Cannot use JSX unless the '--jsx' flag is provided.
frontend/src/components/features/monitoring/autonomous-monitor.tsx(362,11): error TS17004: Cannot use JSX unless the '--jsx' flag is provided.
frontend/src/components/features/monitoring/autonomous-monitor.tsx(363,11): error TS17004: Cannot use JSX unless the '--jsx' flag is provided.
frontend/src/components/features/monitoring/command-blocking-card.tsx(24,7): error TS17004: Cannot use JSX unless the '--jsx' flag is provided.
frontend/src/components/features/monitoring/command-blocking-card.tsx(27,9): error TS17004: Cannot use JSX unless the '--jsx' flag is provided.
frontend/src/components/features/monitoring/command-blocking-card.tsx(28,11): error TS17004: Cannot use JSX unless the '--jsx' flag is provided.
frontend/src/components/features/monitoring/command-blocking-card.tsx(29,11): error TS17004: Cannot use JSX unless the '--jsx' flag is provided.
frontend/src/components/features/monitoring/command-blocking-card.tsx(36,5): error TS17004: Cannot use JSX unless the '--jsx' flag is provided.
frontend/src/components/features/monitoring/command-blocking-card.tsx(37,7): error TS17004: Cannot use JSX unless the '--jsx' flag is provided.
frontend/src/components/features/monitoring/command-blocking-card.tsx(38,9): error TS17004: Cannot use JSX unless the '--jsx' flag is provided.
frontend/src/components/features/monitoring/command-blocking-card.tsx(39,9): error TS17004: Cannot use JSX unless the '--jsx' flag is provided.
frontend/src/components/features/monitoring/command-blocking-card.tsx(44,7): error TS17004: Cannot use JSX unless the '--jsx' flag is provided.
frontend/src/components/features/monitoring/command-blocking-card.tsx(46,11): error TS17004: Cannot use JSX unless the '--jsx' flag is provided.
frontend/src/components/features/monitoring/command-blocking-card.tsx(51,13): error TS17004: Cannot use JSX unless the '--jsx' flag is provided.
frontend/src/components/features/monitoring/command-blocking-card.tsx(52,15): error TS17004: Cannot use JSX unless the '--jsx' flag is provided.
frontend/src/components/features/monitoring/command-blocking-card.tsx(53,17): error TS17004: Cannot use JSX unless the '--jsx' flag is provided.
frontend/src/components/features/monitoring/command-blocking-card.tsx(54,17): error TS17004: Cannot use JSX unless the '--jsx' flag is provided.
frontend/src/components/features/monitoring/command-blocking-card.tsx(64,15): error TS17004: Cannot use JSX unless the '--jsx' flag is provided.
frontend/src/components/features/monitoring/command-blocking-card.tsx(70,13): error TS17004: Cannot use JSX unless the '--jsx' flag is provided.
frontend/src/components/features/monitoring/command-blocking-card.tsx(71,15): error TS17004: Cannot use JSX unless the '--jsx' flag is provided.
frontend/src/components/features/monitoring/command-blocking-card.tsx(72,15): error TS17004: Cannot use JSX unless the '--jsx' flag is provided.
frontend/src/components/features/monitoring/command-blocking-card.tsx(78,13): error TS17004: Cannot use JSX unless the '--jsx' flag is provided.
frontend/src/components/features/monitoring/command-blocking-card.tsx(79,15): error TS17004: Cannot use JSX unless the '--jsx' flag is provided.
frontend/src/components/features/monitoring/command-blocking-card.tsx(80,15): error TS17004: Cannot use JSX unless the '--jsx' flag is provided.
frontend/src/components/features/monitoring/command-blocking-card.tsx(85,15): error TS17004: Cannot use JSX unless the '--jsx' flag is provided.
frontend/src/components/features/monitoring/command-blocking-card.tsx(86,17): error TS17004: Cannot use JSX unless the '--jsx' flag is provided.
frontend/src/components/features/monitoring/command-blocking-card.tsx(87,17): error TS17004: Cannot use JSX unless the '--jsx' flag is provided.
frontend/src/components/features/monitoring/command-blocking-card.tsx(89,21): error TS17004: Cannot use JSX unless the '--jsx' flag is provided.
frontend/src/components/features/monitoring/enhanced-audit-trail.tsx(72,7): error TS17004: Cannot use JSX unless the '--jsx' flag is provided.
frontend/src/components/features/monitoring/enhanced-audit-trail.tsx(79,5): error TS17004: Cannot use JSX unless the '--jsx' flag is provided.
frontend/src/components/features/monitoring/enhanced-audit-trail.tsx(87,11): error TS17004: Cannot use JSX unless the '--jsx' flag is provided.
frontend/src/components/features/monitoring/enhanced-audit-trail.tsx(94,13): error TS17004: Cannot use JSX unless the '--jsx' flag is provided.
frontend/src/components/features/monitoring/enhanced-audit-trail.tsx(99,15): error TS17004: Cannot use JSX unless the '--jsx' flag is provided.
frontend/src/components/features/monitoring/enhanced-audit-trail.tsx(101,19): error TS17004: Cannot use JSX unless the '--jsx' flag is provided.
frontend/src/components/features/monitoring/enhanced-audit-trail.tsx(103,19): error TS17004: Cannot use JSX unless the '--jsx' flag is provided.
frontend/src/components/features/monitoring/enhanced-audit-trail.tsx(108,15): error TS17004: Cannot use JSX unless the '--jsx' flag is provided.
frontend/src/components/features/monitoring/enhanced-audit-trail.tsx(109,17): error TS17004: Cannot use JSX unless the '--jsx' flag is provided.
frontend/src/components/features/monitoring/enhanced-audit-trail.tsx(115,15): error TS17004: Cannot use JSX unless the '--jsx' flag is provided.
frontend/src/components/features/monitoring/enhanced-audit-trail.tsx(116,17): error TS17004: Cannot use JSX unless the '--jsx' flag is provided.
frontend/src/components/features/monitoring/enhanced-audit-trail.tsx(122,15): error TS17004: Cannot use JSX unless the '--jsx' flag is provided.
frontend/src/components/features/monitoring/enhanced-audit-trail.tsx(123,17): error TS17004: Cannot use JSX unless the '--jsx' flag is provided.
frontend/src/components/features/monitoring/enhanced-audit-trail.tsx(126,19): error TS17004: Cannot use JSX unless the '--jsx' flag is provided.
frontend/src/components/features/monitoring/enhanced-audit-trail.tsx(132,15): error TS17004: Cannot use JSX unless the '--jsx' flag is provided.
frontend/src/components/features/monitoring/enhanced-audit-trail.tsx(133,17): error TS17004: Cannot use JSX unless the '--jsx' flag is provided.
frontend/src/components/features/monitoring/enhanced-audit-trail.tsx(145,15): error TS17004: Cannot use JSX unless the '--jsx' flag is provided.
frontend/src/components/features/monitoring/enhanced-audit-trail.tsx(146,17): error TS17004: Cannot use JSX unless the '--jsx' flag is provided.
frontend/src/components/features/monitoring/enhanced-audit-trail.tsx(154,15): error TS17004: Cannot use JSX unless the '--jsx' flag is provided.
frontend/src/components/features/monitoring/enhanced-audit-trail.tsx(156,17): error TS17004: Cannot use JSX unless the '--jsx' flag is provided.
frontend/src/components/features/monitoring/enhanced-audit-trail.tsx(157,19): error TS17004: Cannot use JSX unless the '--jsx' flag is provided.
frontend/src/components/features/monitoring/enhanced-audit-trail.tsx(160,19): error TS17004: Cannot use JSX unless the '--jsx' flag is provided.
frontend/src/components/features/monitoring/enhanced-audit-trail.tsx(161,21): error TS17004: Cannot use JSX unless the '--jsx' flag is provided.
frontend/src/components/features/monitoring/enhanced-audit-trail.tsx(167,19): error TS17004: Cannot use JSX unless the '--jsx' flag is provided.
frontend/src/components/features/monitoring/enhanced-audit-trail.tsx(168,21): error TS17004: Cannot use JSX unless the '--jsx' flag is provided.
frontend/src/components/features/monitoring/enhanced-audit-trail.tsx(171,21): error TS17004: Cannot use JSX unless the '--jsx' flag is provided.
frontend/src/components/features/monitoring/enhanced-audit-trail.tsx(172,23): error TS17004: Cannot use JSX unless the '--jsx' flag is provided.
frontend/src/components/features/monitoring/enhanced-audit-trail.tsx(181,19): error TS17004: Cannot use JSX unless the '--jsx' flag is provided.
frontend/src/components/features/monitoring/enhanced-audit-trail.tsx(182,21): error TS17004: Cannot use JSX unless the '--jsx' flag is provided.
frontend/src/components/features/monitoring/enhanced-audit-trail.tsx(185,21): error TS17004: Cannot use JSX unless the '--jsx' flag is provided.
frontend/src/components/features/monitoring/enhanced-audit-trail.tsx(187,25): error TS17004: Cannot use JSX unless the '--jsx' flag is provided.
frontend/src/components/features/monitoring/enhanced-audit-trail.tsx(199,17): error TS17004: Cannot use JSX unless the '--jsx' flag is provided.
frontend/src/components/features/monitoring/enhanced-audit-trail.tsx(200,19): error TS17004: Cannot use JSX unless the '--jsx' flag is provided.
frontend/src/components/features/monitoring/enhanced-audit-trail.tsx(201,19): error TS17004: Cannot use JSX unless the '--jsx' flag is provided.
frontend/src/components/features/monitoring/enhanced-audit-trail.tsx(202,19): error TS17004: Cannot use JSX unless the '--jsx' flag is provided.
frontend/src/components/features/monitoring/live-metrics-cards.tsx(84,5): error TS17004: Cannot use JSX unless the '--jsx' flag is provided.
frontend/src/components/features/monitoring/live-metrics-cards.tsx(93,11): error TS17004: Cannot use JSX unless the '--jsx' flag is provided.
frontend/src/components/features/monitoring/live-metrics-cards.tsx(98,13): error TS17004: Cannot use JSX unless the '--jsx' flag is provided.
frontend/src/components/features/monitoring/live-metrics-cards.tsx(101,13): error TS17004: Cannot use JSX unless the '--jsx' flag is provided.
frontend/src/components/features/monitoring/live-metrics-cards.tsx(102,15): error TS17004: Cannot use JSX unless the '--jsx' flag is provided.
frontend/src/components/features/monitoring/live-metrics-cards.tsx(103,17): error TS17004: Cannot use JSX unless the '--jsx' flag is provided.
frontend/src/components/features/monitoring/live-metrics-cards.tsx(105,19): error TS17004: Cannot use JSX unless the '--jsx' flag is provided.
frontend/src/components/features/monitoring/live-metrics-cards.tsx(108,19): error TS17004: Cannot use JSX unless the '--jsx' flag is provided.
frontend/src/components/features/monitoring/live-metrics-cards.tsx(111,19): error TS17004: Cannot use JSX unless the '--jsx' flag is provided.
frontend/src/components/features/monitoring/live-metrics-cards.tsx(115,15): error TS17004: Cannot use JSX unless the '--jsx' flag is provided.
frontend/src/components/features/monitoring/live-metrics-cards.tsx(119,15): error TS17004: Cannot use JSX unless the '--jsx' flag is provided.
frontend/src/components/features/monitoring/live-metrics-cards.tsx(125,13): error TS17004: Cannot use JSX unless the '--jsx' flag is provided.
frontend/src/components/features/monitoring/risk-level-chart.tsx(165,5): error TS17004: Cannot use JSX unless the '--jsx' flag is provided.
frontend/src/components/features/monitoring/risk-level-chart.tsx(166,7): error TS17004: Cannot use JSX unless the '--jsx' flag is provided.
frontend/src/components/features/monitoring/risk-level-chart.tsx(173,7): error TS17004: Cannot use JSX unless the '--jsx' flag is provided.
frontend/src/components/features/monitoring/risk-level-chart.tsx(174,9): error TS17004: Cannot use JSX unless the '--jsx' flag is provided.
frontend/src/components/features/monitoring/risk-level-chart.tsx(175,11): error TS17004: Cannot use JSX unless the '--jsx' flag is provided.
frontend/src/components/features/monitoring/risk-level-chart.tsx(176,11): error TS17004: Cannot use JSX unless the '--jsx' flag is provided.
frontend/src/components/features/monitoring/risk-level-chart.tsx(178,9): error TS17004: Cannot use JSX unless the '--jsx' flag is provided.
frontend/src/components/features/monitoring/risk-level-chart.tsx(179,11): error TS17004: Cannot use JSX unless the '--jsx' flag is provided.
frontend/src/components/features/monitoring/risk-level-chart.tsx(180,11): error TS17004: Cannot use JSX unless the '--jsx' flag is provided.
frontend/src/components/features/monitoring/risk-level-chart.tsx(182,9): error TS17004: Cannot use JSX unless the '--jsx' flag is provided.
frontend/src/components/features/monitoring/risk-level-chart.tsx(183,11): error TS17004: Cannot use JSX unless the '--jsx' flag is provided.
frontend/src/components/features/monitoring/risk-level-chart.tsx(184,11): error TS17004: Cannot use JSX unless the '--jsx' flag is provided.
frontend/src/components/features/monitoring/safety-score-gauge.tsx(48,5): error TS17004: Cannot use JSX unless the '--jsx' flag is provided.
frontend/src/components/features/monitoring/safety-score-gauge.tsx(49,7): error TS17004: Cannot use JSX unless the '--jsx' flag is provided.
frontend/src/components/features/monitoring/safety-score-gauge.tsx(50,9): error TS17004: Cannot use JSX unless the '--jsx' flag is provided.
frontend/src/components/features/monitoring/safety-score-gauge.tsx(56,11): error TS17004: Cannot use JSX unless the '--jsx' flag is provided.
frontend/src/components/features/monitoring/safety-score-gauge.tsx(67,11): error TS17004: Cannot use JSX unless the '--jsx' flag is provided.
frontend/src/components/features/monitoring/safety-score-gauge.tsx(85,9): error TS17004: Cannot use JSX unless the '--jsx' flag is provided.
frontend/src/components/features/monitoring/safety-score-gauge.tsx(86,11): error TS17004: Cannot use JSX unless the '--jsx' flag is provided.
frontend/src/components/features/monitoring/safety-score-gauge.tsx(89,11): error TS17004: Cannot use JSX unless the '--jsx' flag is provided.
frontend/src/components/features/monitoring/safety-score-gauge.tsx(94,7): error TS17004: Cannot use JSX unless the '--jsx' flag is provided.
frontend/src/components/features/orchestration/clean-visualizations.tsx(38,3): error TS2614: Module '"#/*"' has no exported member 'ParsedArtifact'. Did you mean to use 'import ParsedArtifact from "#/*"' instead?
frontend/src/components/features/orchestration/clean-visualizations.tsx(39,3): error TS2614: Module '"#/*"' has no exported member 'PMSpecArtifact'. Did you mean to use 'import PMSpecArtifact from "#/*"' instead?
frontend/src/components/features/orchestration/clean-visualizations.tsx(40,3): error TS2614: Module '"#/*"' has no exported member 'ArchitectSpecArtifact'. Did you mean to use 'import ArchitectSpecArtifact from "#/*"' instead?
frontend/src/components/features/orchestration/clean-visualizations.tsx(41,3): error TS2614: Module '"#/*"' has no exported member 'EngineerSpecArtifact'. Did you mean to use 'import EngineerSpecArtifact from "#/*"' instead?
frontend/src/components/features/orchestration/clean-visualizations.tsx(42,3): error TS2614: Module '"#/*"' has no exported member 'QASpecArtifact'. Did you mean to use 'import QASpecArtifact from "#/*"' instead?
frontend/src/components/features/orchestration/clean-visualizations.tsx(43,3): error TS2614: Module '"#/*"' has no exported member 'UserStory'. Did you mean to use 'import UserStory from "#/*"' instead?
frontend/src/components/features/orchestration/clean-visualizations.tsx(44,3): error TS2614: Module '"#/*"' has no exported member 'AcceptanceCriteria'. Did you mean to use 'import AcceptanceCriteria from "#/*"' instead?
frontend/src/components/features/orchestration/clean-visualizations.tsx(45,3): error TS2614: Module '"#/*"' has no exported member 'FileNode'. Did you mean to use 'import FileNode from "#/*"' instead?
frontend/src/components/features/orchestration/clean-visualizations.tsx(46,3): error TS2614: Module '"#/*"' has no exported member 'ImplementationStep'. Did you mean to use 'import ImplementationStep from "#/*"' instead?
frontend/src/components/features/orchestration/clean-visualizations.tsx(47,3): error TS2614: Module '"#/*"' has no exported member 'TestScenario'. Did you mean to use 'import TestScenario from "#/*"' instead?
frontend/src/components/features/orchestration/clean-visualizations.tsx(48,3): error TS2614: Module '"#/*"' has no exported member 'VisualizationProps'. Did you mean to use 'import VisualizationProps from "#/*"' instead?
frontend/src/components/features/orchestration/clean-visualizations.tsx(63,7): error TS17004: Cannot use JSX unless the '--jsx' flag is provided.
frontend/src/components/features/orchestration/clean-visualizations.tsx(64,9): error TS17004: Cannot use JSX unless the '--jsx' flag is provided.
frontend/src/components/features/orchestration/clean-visualizations.tsx(65,9): error TS17004: Cannot use JSX unless the '--jsx' flag is provided.
frontend/src/components/features/orchestration/clean-visualizations.tsx(73,9): error TS17004: Cannot use JSX unless the '--jsx' flag is provided.
frontend/src/components/features/orchestration/clean-visualizations.tsx(82,9): error TS17004: Cannot use JSX unless the '--jsx' flag is provided.
frontend/src/components/features/orchestration/clean-visualizations.tsx(91,9): error TS17004: Cannot use JSX unless the '--jsx' flag is provided.
frontend/src/components/features/orchestration/clean-visualizations.tsx(100,9): error TS17004: Cannot use JSX unless the '--jsx' flag is provided.
frontend/src/components/features/orchestration/clean-visualizations.tsx(109,9): error TS17004: Cannot use JSX unless the '--jsx' flag is provided.
frontend/src/components/features/orchestration/clean-visualizations.tsx(110,11): error TS17004: Cannot use JSX unless the '--jsx' flag is provided.
frontend/src/components/features/orchestration/clean-visualizations.tsx(140,7): error TS17004: Cannot use JSX unless the '--jsx' flag is provided.
frontend/src/components/features/orchestration/clean-visualizations.tsx(141,9): error TS17004: Cannot use JSX unless the '--jsx' flag is provided.
frontend/src/components/features/orchestration/clean-visualizations.tsx(142,9): error TS17004: Cannot use JSX unless the '--jsx' flag is provided.
frontend/src/components/features/orchestration/clean-visualizations.tsx(148,5): error TS17004: Cannot use JSX unless the '--jsx' flag is provided.
frontend/src/components/features/orchestration/clean-visualizations.tsx(150,7): error TS17004: Cannot use JSX unless the '--jsx' flag is provided.
frontend/src/components/features/orchestration/clean-visualizations.tsx(151,9): error TS17004: Cannot use JSX unless the '--jsx' flag is provided.
frontend/src/components/features/orchestration/clean-visualizations.tsx(152,9): error TS17004: Cannot use JSX unless the '--jsx' flag is provided.
frontend/src/components/features/orchestration/clean-visualizations.tsx(153,9): error TS17004: Cannot use JSX unless the '--jsx' flag is provided.
frontend/src/components/features/orchestration/clean-visualizations.tsx(156,7): error TS17004: Cannot use JSX unless the '--jsx' flag is provided.
frontend/src/components/features/orchestration/clean-visualizations.tsx(159,11): error TS17004: Cannot use JSX unless the '--jsx' flag is provided.
frontend/src/components/features/orchestration/clean-visualizations.tsx(160,13): error TS17004: Cannot use JSX unless the '--jsx' flag is provided.
frontend/src/components/features/orchestration/clean-visualizations.tsx(161,15): error TS17004: Cannot use JSX unless the '--jsx' flag is provided.
frontend/src/components/features/orchestration/clean-visualizations.tsx(164,35): error TS7006: Parameter 'epic' implicitly has an 'any' type.
frontend/src/components/features/orchestration/clean-visualizations.tsx(164,41): error TS7006: Parameter 'index' implicitly has an 'any' type.
frontend/src/components/features/orchestration/clean-visualizations.tsx(165,15): error TS17004: Cannot use JSX unless the '--jsx' flag is provided.
frontend/src/components/features/orchestration/clean-visualizations.tsx(172,17): error TS17004: Cannot use JSX unless the '--jsx' flag is provided.
frontend/src/components/features/orchestration/clean-visualizations.tsx(173,19): error TS17004: Cannot use JSX unless the '--jsx' flag is provided.
frontend/src/components/features/orchestration/clean-visualizations.tsx(174,21): error TS17004: Cannot use JSX unless the '--jsx' flag is provided.
frontend/src/components/features/orchestration/clean-visualizations.tsx(176,23): error TS17004: Cannot use JSX unless the '--jsx' flag is provided.
frontend/src/components/features/orchestration/clean-visualizations.tsx(179,23): error TS17004: Cannot use JSX unless the '--jsx' flag is provided.
frontend/src/components/features/orchestration/clean-visualizations.tsx(192,11): error TS17004: Cannot use JSX unless the '--jsx' flag is provided.
frontend/src/components/features/orchestration/clean-visualizations.tsx(193,13): error TS17004: Cannot use JSX unless the '--jsx' flag is provided.
frontend/src/components/features/orchestration/clean-visualizations.tsx(194,15): error TS17004: Cannot use JSX unless the '--jsx' flag is provided.
frontend/src/components/features/orchestration/clean-visualizations.tsx(197,42): error TS7006: Parameter 'story' implicitly has an 'any' type.
frontend/src/components/features/orchestration/clean-visualizations.tsx(197,49): error TS7006: Parameter 'index' implicitly has an 'any' type.
frontend/src/components/features/orchestration/clean-visualizations.tsx(198,15): error TS17004: Cannot use JSX unless the '--jsx' flag is provided.
frontend/src/components/features/orchestration/clean-visualizations.tsx(211,11): error TS17004: Cannot use JSX unless the '--jsx' flag is provided.
frontend/src/components/features/orchestration/clean-visualizations.tsx(212,13): error TS17004: Cannot use JSX unless the '--jsx' flag is provided.
frontend/src/components/features/orchestration/clean-visualizations.tsx(213,15): error TS17004: Cannot use JSX unless the '--jsx' flag is provided.
frontend/src/components/features/orchestration/clean-visualizations.tsx(216,49): error TS7006: Parameter 'criteria' implicitly has an 'any' type.
frontend/src/components/features/orchestration/clean-visualizations.tsx(216,59): error TS7006: Parameter 'index' implicitly has an 'any' type.
frontend/src/components/features/orchestration/clean-visualizations.tsx(217,15): error TS17004: Cannot use JSX unless the '--jsx' flag is provided.
frontend/src/components/features/orchestration/clean-visualizations.tsx(229,11): error TS17004: Cannot use JSX unless the '--jsx' flag is provided.
frontend/src/components/features/orchestration/clean-visualizations.tsx(230,13): error TS17004: Cannot use JSX unless the '--jsx' flag is provided.
frontend/src/components/features/orchestration/clean-visualizations.tsx(231,15): error TS17004: Cannot use JSX unless the '--jsx' flag is provided.
frontend/src/components/features/orchestration/clean-visualizations.tsx(234,45): error TS7006: Parameter 'metric' implicitly has an 'any' type.
frontend/src/components/features/orchestration/clean-visualizations.tsx(234,53): error TS7006: Parameter 'index' implicitly has an 'any' type.
frontend/src/components/features/orchestration/clean-visualizations.tsx(235,15): error TS17004: Cannot use JSX unless the '--jsx' flag is provided.
frontend/src/components/features/orchestration/clean-visualizations.tsx(242,17): error TS17004: Cannot use JSX unless the '--jsx' flag is provided.
frontend/src/components/features/orchestration/clean-visualizations.tsx(243,19): error TS17004: Cannot use JSX unless the '--jsx' flag is provided.
frontend/src/components/features/orchestration/clean-visualizations.tsx(245,21): error TS17004: Cannot use JSX unless the '--jsx' flag is provided.
frontend/src/components/features/orchestration/clean-visualizations.tsx(249,19): error TS17004: Cannot use JSX unless the '--jsx' flag is provided.
frontend/src/components/features/orchestration/clean-visualizations.tsx(280,7): error TS7053: Element implicitly has an 'any' type because expression of type 'any' can't be used to index type '{ critical: string; high: string; medium: string; low: string; }'.
frontend/src/components/features/orchestration/clean-visualizations.tsx(284,5): error TS17004: Cannot use JSX unless the '--jsx' flag is provided.
frontend/src/components/features/orchestration/clean-visualizations.tsx(291,7): error TS17004: Cannot use JSX unless the '--jsx' flag is provided.
frontend/src/components/features/orchestration/clean-visualizations.tsx(292,9): error TS17004: Cannot use JSX unless the '--jsx' flag is provided.
frontend/src/components/features/orchestration/clean-visualizations.tsx(294,11): error TS17004: Cannot use JSX unless the '--jsx' flag is provided.
frontend/src/components/features/orchestration/clean-visualizations.tsx(302,9): error TS17004: Cannot use JSX unless the '--jsx' flag is provided.
frontend/src/components/features/orchestration/clean-visualizations.tsx(303,26): error TS17004: Cannot use JSX unless the '--jsx' flag is provided.
frontend/src/components/features/orchestration/clean-visualizations.tsx(303,29): error TS17004: Cannot use JSX unless the '--jsx' flag is provided.
frontend/src/components/features/orchestration/clean-visualizations.tsx(304,28): error TS17004: Cannot use JSX unless the '--jsx' flag is provided.
frontend/src/components/features/orchestration/clean-visualizations.tsx(304,31): error TS17004: Cannot use JSX unless the '--jsx' flag is provided.
frontend/src/components/features/orchestration/clean-visualizations.tsx(305,29): error TS17004: Cannot use JSX unless the '--jsx' flag is provided.
frontend/src/components/features/orchestration/clean-visualizations.tsx(305,32): error TS17004: Cannot use JSX unless the '--jsx' flag is provided.
frontend/src/components/features/orchestration/clean-visualizations.tsx(311,9): error TS17004: Cannot use JSX unless the '--jsx' flag is provided.
frontend/src/components/features/orchestration/clean-visualizations.tsx(317,7): error TS17004: Cannot use JSX unless the '--jsx' flag is provided.
frontend/src/components/features/orchestration/clean-visualizations.tsx(319,11): error TS17004: Cannot use JSX unless the '--jsx' flag is provided.
frontend/src/components/features/orchestration/clean-visualizations.tsx(320,13): error TS17004: Cannot use JSX unless the '--jsx' flag is provided.
frontend/src/components/features/orchestration/clean-visualizations.tsx(325,11): error TS17004: Cannot use JSX unless the '--jsx' flag is provided.
frontend/src/components/features/orchestration/clean-visualizations.tsx(326,13): error TS17004: Cannot use JSX unless the '--jsx' flag is provided.
frontend/src/components/features/orchestration/clean-visualizations.tsx(331,11): error TS17004: Cannot use JSX unless the '--jsx' flag is provided.
frontend/src/components/features/orchestration/clean-visualizations.tsx(332,30): error TS7006: Parameter 'tag' implicitly has an 'any' type.
frontend/src/components/features/orchestration/clean-visualizations.tsx(332,35): error TS7006: Parameter 'i' implicitly has an 'any' type.
frontend/src/components/features/orchestration/clean-visualizations.tsx(333,15): error TS17004: Cannot use JSX unless the '--jsx' flag is provided.
frontend/src/components/features/orchestration/clean-visualizations.tsx(357,5): error TS17004: Cannot use JSX unless the '--jsx' flag is provided.
frontend/src/components/features/orchestration/clean-visualizations.tsx(365,7): error TS17004: Cannot use JSX unless the '--jsx' flag is provided.
frontend/src/components/features/orchestration/clean-visualizations.tsx(366,9): error TS17004: Cannot use JSX unless the '--jsx' flag is provided.
frontend/src/components/features/orchestration/clean-visualizations.tsx(371,13): error TS17004: Cannot use JSX unless the '--jsx' flag is provided.
frontend/src/components/features/orchestration/clean-visualizations.tsx(373,13): error TS17004: Cannot use JSX unless the '--jsx' flag is provided.
frontend/src/components/features/orchestration/clean-visualizations.tsx(376,9): error TS17004: Cannot use JSX unless the '--jsx' flag is provided.
frontend/src/components/features/orchestration/clean-visualizations.tsx(377,11): error TS17004: Cannot use JSX unless the '--jsx' flag is provided.
frontend/src/components/features/orchestration/clean-visualizations.tsx(383,13): error TS17004: Cannot use JSX unless the '--jsx' flag is provided.
frontend/src/components/features/orchestration/clean-visualizations.tsx(384,34): error TS17004: Cannot use JSX unless the '--jsx' flag is provided.
frontend/src/components/features/orchestration/clean-visualizations.tsx(384,37): error TS17004: Cannot use JSX unless the '--jsx' flag is provided.
frontend/src/components/features/orchestration/clean-visualizations.tsx(385,33): error TS17004: Cannot use JSX unless the '--jsx' flag is provided.
frontend/src/components/features/orchestration/clean-visualizations.tsx(385,36): error TS17004: Cannot use JSX unless the '--jsx' flag is provided.
frontend/src/components/features/orchestration/clean-visualizations.tsx(386,33): error TS17004: Cannot use JSX unless the '--jsx' flag is provided.
frontend/src/components/features/orchestration/clean-visualizations.tsx(386,36): error TS17004: Cannot use JSX unless the '--jsx' flag is provided.
frontend/src/components/features/orchestration/clean-visualizations.tsx(391,13): error TS17004: Cannot use JSX unless the '--jsx' flag is provided.
frontend/src/components/features/orchestration/clean-visualizations.tsx(424,7): error TS17004: Cannot use JSX unless the '--jsx' flag is provided.
frontend/src/components/features/orchestration/clean-visualizations.tsx(425,9): error TS17004: Cannot use JSX unless the '--jsx' flag is provided.
frontend/src/components/features/orchestration/clean-visualizations.tsx(426,9): error TS17004: Cannot use JSX unless the '--jsx' flag is provided.
frontend/src/components/features/orchestration/clean-visualizations.tsx(432,5): error TS17004: Cannot use JSX unless the '--jsx' flag is provided.
frontend/src/components/features/orchestration/clean-visualizations.tsx(434,7): error TS17004: Cannot use JSX unless the '--jsx' flag is provided.
frontend/src/components/features/orchestration/clean-visualizations.tsx(435,9): error TS17004: Cannot use JSX unless the '--jsx' flag is provided.
frontend/src/components/features/orchestration/clean-visualizations.tsx(436,9): error TS17004: Cannot use JSX unless the '--jsx' flag is provided.
frontend/src/components/features/orchestration/clean-visualizations.tsx(437,9): error TS17004: Cannot use JSX unless the '--jsx' flag is provided.
frontend/src/components/features/orchestration/clean-visualizations.tsx(440,7): error TS17004: Cannot use JSX unless the '--jsx' flag is provided.
frontend/src/components/features/orchestration/clean-visualizations.tsx(443,11): error TS17004: Cannot use JSX unless the '--jsx' flag is provided.
frontend/src/components/features/orchestration/clean-visualizations.tsx(444,13): error TS17004: Cannot use JSX unless the '--jsx' flag is provided.
frontend/src/components/features/orchestration/clean-visualizations.tsx(445,15): error TS17004: Cannot use JSX unless the '--jsx' flag is provided.
frontend/src/components/features/orchestration/clean-visualizations.tsx(448,13): error TS17004: Cannot use JSX unless the '--jsx' flag is provided.
frontend/src/components/features/orchestration/clean-visualizations.tsx(449,63): error TS7006: Parameter 'component' implicitly has an 'any' type.
frontend/src/components/features/orchestration/clean-visualizations.tsx(449,74): error TS7006: Parameter 'index' implicitly has an 'any' type.
frontend/src/components/features/orchestration/clean-visualizations.tsx(450,17): error TS17004: Cannot use JSX unless the '--jsx' flag is provided.
frontend/src/components/features/orchestration/clean-visualizations.tsx(457,19): error TS17004: Cannot use JSX unless the '--jsx' flag is provided.
frontend/src/components/features/orchestration/clean-visualizations.tsx(458,21): error TS17004: Cannot use JSX unless the '--jsx' flag is provided.
frontend/src/components/features/orchestration/clean-visualizations.tsx(459,23): error TS17004: Cannot use JSX unless the '--jsx' flag is provided.
frontend/src/components/features/orchestration/clean-visualizations.tsx(460,25): error TS17004: Cannot use JSX unless the '--jsx' flag is provided.
frontend/src/components/features/orchestration/clean-visualizations.tsx(461,25): error TS17004: Cannot use JSX unless the '--jsx' flag is provided.
frontend/src/components/features/orchestration/clean-visualizations.tsx(466,25): error TS17004: Cannot use JSX unless the '--jsx' flag is provided.
frontend/src/components/features/orchestration/clean-visualizations.tsx(469,25): error TS17004: Cannot use JSX unless the '--jsx' flag is provided.
frontend/src/components/features/orchestration/clean-visualizations.tsx(470,56): error TS7006: Parameter 'tech' implicitly has an 'any' type.
frontend/src/components/features/orchestration/clean-visualizations.tsx(470,62): error TS7006: Parameter 'i' implicitly has an 'any' type.
frontend/src/components/features/orchestration/clean-visualizations.tsx(471,29): error TS17004: Cannot use JSX unless the '--jsx' flag is provided.
frontend/src/components/features/orchestration/clean-visualizations.tsx(487,11): error TS17004: Cannot use JSX unless the '--jsx' flag is provided.
frontend/src/components/features/orchestration/clean-visualizations.tsx(488,13): error TS17004: Cannot use JSX unless the '--jsx' flag is provided.
frontend/src/components/features/orchestration/clean-visualizations.tsx(489,15): error TS17004: Cannot use JSX unless the '--jsx' flag is provided.
frontend/src/components/features/orchestration/clean-visualizations.tsx(492,43): error TS7006: Parameter 'endpoint' implicitly has an 'any' type.
frontend/src/components/features/orchestration/clean-visualizations.tsx(492,53): error TS7006: Parameter 'index' implicitly has an 'any' type.
frontend/src/components/features/orchestration/clean-visualizations.tsx(493,15): error TS17004: Cannot use JSX unless the '--jsx' flag is provided.
frontend/src/components/features/orchestration/clean-visualizations.tsx(500,17): error TS17004: Cannot use JSX unless the '--jsx' flag is provided.
frontend/src/components/features/orchestration/clean-visualizations.tsx(501,19): error TS17004: Cannot use JSX unless the '--jsx' flag is provided.
frontend/src/components/features/orchestration/clean-visualizations.tsx(504,19): error TS17004: Cannot use JSX unless the '--jsx' flag is provided.
frontend/src/components/features/orchestration/clean-visualizations.tsx(506,21): error TS17004: Cannot use JSX unless the '--jsx' flag is provided.
frontend/src/components/features/orchestration/clean-visualizations.tsx(510,19): error TS17004: Cannot use JSX unless the '--jsx' flag is provided.
frontend/src/components/features/orchestration/clean-visualizations.tsx(519,11): error TS17004: Cannot use JSX unless the '--jsx' flag is provided.
frontend/src/components/features/orchestration/clean-visualizations.tsx(520,13): error TS17004: Cannot use JSX unless the '--jsx' flag is provided.
frontend/src/components/features/orchestration/clean-visualizations.tsx(521,15): error TS17004: Cannot use JSX unless the '--jsx' flag is provided.
frontend/src/components/features/orchestration/clean-visualizations.tsx(524,45): error TS7006: Parameter 'schema' implicitly has an 'any' type.
frontend/src/components/features/orchestration/clean-visualizations.tsx(524,53): error TS7006: Parameter 'index' implicitly has an 'any' type.
frontend/src/components/features/orchestration/clean-visualizations.tsx(525,15): error TS17004: Cannot use JSX unless the '--jsx' flag is provided.
frontend/src/components/features/orchestration/clean-visualizations.tsx(532,17): error TS17004: Cannot use JSX unless the '--jsx' flag is provided.
frontend/src/components/features/orchestration/clean-visualizations.tsx(534,19): error TS17004: Cannot use JSX unless the '--jsx' flag is provided.
frontend/src/components/features/orchestration/clean-visualizations.tsx(535,54): error TS7006: Parameter 'col' implicitly has an 'any' type.
frontend/src/components/features/orchestration/clean-visualizations.tsx(535,59): error TS7006: Parameter 'i' implicitly has an 'any' type.
frontend/src/components/features/orchestration/clean-visualizations.tsx(536,23): error TS17004: Cannot use JSX unless the '--jsx' flag is provided.
frontend/src/components/features/orchestration/clean-visualizations.tsx(537,25): error TS17004: Cannot use JSX unless the '--jsx' flag is provided.
frontend/src/components/features/orchestration/clean-visualizations.tsx(538,25): error TS17004: Cannot use JSX unless the '--jsx' flag is provided.
frontend/src/components/features/orchestration/clean-visualizations.tsx(542,23): error TS17004: Cannot use JSX unless the '--jsx' flag is provided.
frontend/src/components/features/orchestration/clean-visualizations.tsx(553,11): error TS17004: Cannot use JSX unless the '--jsx' flag is provided.
frontend/src/components/features/orchestration/clean-visualizations.tsx(554,13): error TS17004: Cannot use JSX unless the '--jsx' flag is provided.
frontend/src/components/features/orchestration/clean-visualizations.tsx(555,15): error TS17004: Cannot use JSX unless the '--jsx' flag is provided.
frontend/src/components/features/orchestration/clean-visualizations.tsx(558,49): error TS7006: Parameter 'decision' implicitly has an 'any' type.
frontend/src/components/features/orchestration/clean-visualizations.tsx(558,59): error TS7006: Parameter 'index' implicitly has an 'any' type.
frontend/src/components/features/orchestration/clean-visualizations.tsx(559,15): error TS17004: Cannot use JSX unless the '--jsx' flag is provided.
frontend/src/components/features/orchestration/clean-visualizations.tsx(566,17): error TS17004: Cannot use JSX unless the '--jsx' flag is provided.
frontend/src/components/features/orchestration/clean-visualizations.tsx(567,19): error TS17004: Cannot use JSX unless the '--jsx' flag is provided.
frontend/src/components/features/orchestration/clean-visualizations.tsx(569,21): error TS17004: Cannot use JSX unless the '--jsx' flag is provided.
frontend/src/components/features/orchestration/clean-visualizations.tsx(575,19): error TS17004: Cannot use JSX unless the '--jsx' flag is provided.
frontend/src/components/features/orchestration/clean-visualizations.tsx(578,19): error TS17004: Cannot use JSX unless the '--jsx' flag is provided.
frontend/src/components/features/orchestration/clean-visualizations.tsx(579,21): error TS17004: Cannot use JSX unless the '--jsx' flag is provided.
frontend/src/components/features/orchestration/clean-visualizations.tsx(580,21): error TS17004: Cannot use JSX unless the '--jsx' flag is provided.
frontend/src/components/features/orchestration/clean-visualizations.tsx(581,51): error TS7006: Parameter 'alt' implicitly has an 'any' type.
frontend/src/components/features/orchestration/clean-visualizations.tsx(581,56): error TS7006: Parameter 'i' implicitly has an 'any' type.
frontend/src/components/features/orchestration/clean-visualizations.tsx(582,25): error TS17004: Cannot use JSX unless the '--jsx' flag is provided.
frontend/src/components/features/orchestration/clean-visualizations.tsx(594,11): error TS17004: Cannot use JSX unless the '--jsx' flag is provided.
frontend/src/components/features/orchestration/clean-visualizations.tsx(595,13): error TS17004: Cannot use JSX unless the '--jsx' flag is provided.
frontend/src/components/features/orchestration/clean-visualizations.tsx(596,15): error TS17004: Cannot use JSX unless the '--jsx' flag is provided.
frontend/src/components/features/orchestration/clean-visualizations.tsx(599,13): error TS17004: Cannot use JSX unless the '--jsx' flag is provided.
frontend/src/components/features/orchestration/clean-visualizations.tsx(601,17): error TS17004: Cannot use JSX unless the '--jsx' flag is provided.
frontend/src/components/features/orchestration/clean-visualizations.tsx(608,19): error TS17004: Cannot use JSX unless the '--jsx' flag is provided.
frontend/src/components/features/orchestration/clean-visualizations.tsx(609,19): error TS17004: Cannot use JSX unless the '--jsx' flag is provided.
frontend/src/components/features/orchestration/clean-visualizations.tsx(609,69): error TS2322: Type 'unknown' is not assignable to type 'ReactI18NextChildren | Iterable<ReactI18NextChildren>'.
frontend/src/components/features/orchestration/clean-visualizations.tsx(664,7): error TS17004: Cannot use JSX unless the '--jsx' flag is provided.
frontend/src/components/features/orchestration/clean-visualizations.tsx(665,9): error TS17004: Cannot use JSX unless the '--jsx' flag is provided.
frontend/src/components/features/orchestration/clean-visualizations.tsx(666,9): error TS17004: Cannot use JSX unless the '--jsx' flag is provided.
frontend/src/components/features/orchestration/clean-visualizations.tsx(672,5): error TS17004: Cannot use JSX unless the '--jsx' flag is provided.
frontend/src/components/features/orchestration/clean-visualizations.tsx(674,7): error TS17004: Cannot use JSX unless the '--jsx' flag is provided.
frontend/src/components/features/orchestration/clean-visualizations.tsx(675,9): error TS17004: Cannot use JSX unless the '--jsx' flag is provided.
frontend/src/components/features/orchestration/clean-visualizations.tsx(676,9): error TS17004: Cannot use JSX unless the '--jsx' flag is provided.
frontend/src/components/features/orchestration/clean-visualizations.tsx(677,9): error TS17004: Cannot use JSX unless the '--jsx' flag is provided.
frontend/src/components/features/orchestration/clean-visualizations.tsx(680,7): error TS17004: Cannot use JSX unless the '--jsx' flag is provided.
frontend/src/components/features/orchestration/clean-visualizations.tsx(683,11): error TS17004: Cannot use JSX unless the '--jsx' flag is provided.
frontend/src/components/features/orchestration/clean-visualizations.tsx(684,13): error TS17004: Cannot use JSX unless the '--jsx' flag is provided.
frontend/src/components/features/orchestration/clean-visualizations.tsx(685,15): error TS17004: Cannot use JSX unless the '--jsx' flag is provided.
frontend/src/components/features/orchestration/clean-visualizations.tsx(688,13): error TS17004: Cannot use JSX unless the '--jsx' flag is provided.
frontend/src/components/features/orchestration/clean-visualizations.tsx(689,46): error TS7006: Parameter 'node' implicitly has an 'any' type.
frontend/src/components/features/orchestration/clean-visualizations.tsx(689,52): error TS7006: Parameter 'index' implicitly has an 'any' type.
frontend/src/components/features/orchestration/clean-visualizations.tsx(690,17): error TS17004: Cannot use JSX unless the '--jsx' flag is provided.
frontend/src/components/features/orchestration/clean-visualizations.tsx(704,11): error TS17004: Cannot use JSX unless the '--jsx' flag is provided.
frontend/src/components/features/orchestration/clean-visualizations.tsx(705,13): error TS17004: Cannot use JSX unless the '--jsx' flag is provided.
frontend/src/components/features/orchestration/clean-visualizations.tsx(706,15): error TS17004: Cannot use JSX unless the '--jsx' flag is provided.
frontend/src/components/features/orchestration/clean-visualizations.tsx(709,49): error TS7006: Parameter 'step' implicitly has an 'any' type.
frontend/src/components/features/orchestration/clean-visualizations.tsx(709,55): error TS7006: Parameter 'index' implicitly has an 'any' type.
frontend/src/components/features/orchestration/clean-visualizations.tsx(710,15): error TS17004: Cannot use JSX unless the '--jsx' flag is provided.
frontend/src/components/features/orchestration/clean-visualizations.tsx(722,11): error TS17004: Cannot use JSX unless the '--jsx' flag is provided.
frontend/src/components/features/orchestration/clean-visualizations.tsx(723,13): error TS17004: Cannot use JSX unless the '--jsx' flag is provided.
frontend/src/components/features/orchestration/clean-visualizations.tsx(724,15): error TS17004: Cannot use JSX unless the '--jsx' flag is provided.
frontend/src/components/features/orchestration/clean-visualizations.tsx(727,13): error TS17004: Cannot use JSX unless the '--jsx' flag is provided.
frontend/src/components/features/orchestration/clean-visualizations.tsx(728,44): error TS7006: Parameter 'dep' implicitly has an 'any' type.
frontend/src/components/features/orchestration/clean-visualizations.tsx(728,49): error TS7006: Parameter 'index' implicitly has an 'any' type.
frontend/src/components/features/orchestration/clean-visualizations.tsx(729,17): error TS17004: Cannot use JSX unless the '--jsx' flag is provided.
frontend/src/components/features/orchestration/clean-visualizations.tsx(738,19): error TS17004: Cannot use JSX unless the '--jsx' flag is provided.
frontend/src/components/features/orchestration/clean-visualizations.tsx(739,21): error TS17004: Cannot use JSX unless the '--jsx' flag is provided.
frontend/src/components/features/orchestration/clean-visualizations.tsx(741,23): error TS17004: Cannot use JSX unless the '--jsx' flag is provided.
frontend/src/components/features/orchestration/clean-visualizations.tsx(745,21): error TS17004: Cannot use JSX unless the '--jsx' flag is provided.
frontend/src/components/features/orchestration/clean-visualizations.tsx(748,21): error TS17004: Cannot use JSX unless the '--jsx' flag is provided.
frontend/src/components/features/orchestration/clean-visualizations.tsx(758,11): error TS17004: Cannot use JSX unless the '--jsx' flag is provided.
frontend/src/components/features/orchestration/clean-visualizations.tsx(759,13): error TS17004: Cannot use JSX unless the '--jsx' flag is provided.
frontend/src/components/features/orchestration/clean-visualizations.tsx(760,15): error TS17004: Cannot use JSX unless the '--jsx' flag is provided.
frontend/src/components/features/orchestration/clean-visualizations.tsx(764,15): error TS17004: Cannot use JSX unless the '--jsx' flag is provided.
frontend/src/components/features/orchestration/clean-visualizations.tsx(765,17): error TS17004: Cannot use JSX unless the '--jsx' flag is provided.
frontend/src/components/features/orchestration/clean-visualizations.tsx(766,47): error TS7006: Parameter 'cmd' implicitly has an 'any' type.
frontend/src/components/features/orchestration/clean-visualizations.tsx(766,52): error TS7006: Parameter 'i' implicitly has an 'any' type.
frontend/src/components/features/orchestration/clean-visualizations.tsx(767,19): error TS17004: Cannot use JSX unless the '--jsx' flag is provided.
frontend/src/components/features/orchestration/clean-visualizations.tsx(768,21): error TS17004: Cannot use JSX unless the '--jsx' flag is provided.
frontend/src/components/features/orchestration/clean-visualizations.tsx(774,15): error TS17004: Cannot use JSX unless the '--jsx' flag is provided.
frontend/src/components/features/orchestration/clean-visualizations.tsx(775,17): error TS17004: Cannot use JSX unless the '--jsx' flag is provided.
frontend/src/components/features/orchestration/clean-visualizations.tsx(776,45): error TS7006: Parameter 'cmd' implicitly has an 'any' type.
frontend/src/components/features/orchestration/clean-visualizations.tsx(776,50): error TS7006: Parameter 'i' implicitly has an 'any' type.
frontend/src/components/features/orchestration/clean-visualizations.tsx(777,19): error TS17004: Cannot use JSX unless the '--jsx' flag is provided.
frontend/src/components/features/orchestration/clean-visualizations.tsx(778,21): error TS17004: Cannot use JSX unless the '--jsx' flag is provided.
frontend/src/components/features/orchestration/clean-visualizations.tsx(784,15): error TS17004: Cannot use JSX unless the '--jsx' flag is provided.
frontend/src/components/features/orchestration/clean-visualizations.tsx(785,17): error TS17004: Cannot use JSX unless the '--jsx' flag is provided.
frontend/src/components/features/orchestration/clean-visualizations.tsx(786,46): error TS7006: Parameter 'cmd' implicitly has an 'any' type.
frontend/src/components/features/orchestration/clean-visualizations.tsx(786,51): error TS7006: Parameter 'i' implicitly has an 'any' type.
frontend/src/components/features/orchestration/clean-visualizations.tsx(787,19): error TS17004: Cannot use JSX unless the '--jsx' flag is provided.
frontend/src/components/features/orchestration/clean-visualizations.tsx(788,21): error TS17004: Cannot use JSX unless the '--jsx' flag is provided.
frontend/src/components/features/orchestration/clean-visualizations.tsx(798,11): error TS17004: Cannot use JSX unless the '--jsx' flag is provided.
frontend/src/components/features/orchestration/clean-visualizations.tsx(799,13): error TS17004: Cannot use JSX unless the '--jsx' flag is provided.
frontend/src/components/features/orchestration/clean-visualizations.tsx(800,13): error TS17004: Cannot use JSX unless the '--jsx' flag is provided.
frontend/src/components/features/orchestration/clean-visualizations.tsx(824,5): error TS17004: Cannot use JSX unless the '--jsx' flag is provided.
frontend/src/components/features/orchestration/clean-visualizations.tsx(831,7): error TS17004: Cannot use JSX unless the '--jsx' flag is provided.
frontend/src/components/features/orchestration/clean-visualizations.tsx(836,11): error TS17004: Cannot use JSX unless the '--jsx' flag is provided.
frontend/src/components/features/orchestration/clean-visualizations.tsx(838,15): error TS17004: Cannot use JSX unless the '--jsx' flag is provided.
frontend/src/components/features/orchestration/clean-visualizations.tsx(840,15): error TS17004: Cannot use JSX unless the '--jsx' flag is provided.
frontend/src/components/features/orchestration/clean-visualizations.tsx(843,15): error TS17004: Cannot use JSX unless the '--jsx' flag is provided.
frontend/src/components/features/orchestration/clean-visualizations.tsx(845,15): error TS17004: Cannot use JSX unless the '--jsx' flag is provided.
frontend/src/components/features/orchestration/clean-visualizations.tsx(849,11): error TS17004: Cannot use JSX unless the '--jsx' flag is provided.
frontend/src/components/features/orchestration/clean-visualizations.tsx(850,13): error TS17004: Cannot use JSX unless the '--jsx' flag is provided.
frontend/src/components/features/orchestration/clean-visualizations.tsx(851,13): error TS17004: Cannot use JSX unless the '--jsx' flag is provided.
frontend/src/components/features/orchestration/clean-visualizations.tsx(854,9): error TS17004: Cannot use JSX unless the '--jsx' flag is provided.
frontend/src/components/features/orchestration/clean-visualizations.tsx(858,11): error TS17004: Cannot use JSX unless the '--jsx' flag is provided.
frontend/src/components/features/orchestration/clean-visualizations.tsx(865,9): error TS17004: Cannot use JSX unless the '--jsx' flag is provided.
frontend/src/components/features/orchestration/clean-visualizations.tsx(866,31): error TS7006: Parameter 'child' implicitly has an 'any' type.
frontend/src/components/features/orchestration/clean-visualizations.tsx(866,38): error TS7006: Parameter 'i' implicitly has an 'any' type.
frontend/src/components/features/orchestration/clean-visualizations.tsx(867,13): error TS17004: Cannot use JSX unless the '--jsx' flag is provided.
frontend/src/components/features/orchestration/clean-visualizations.tsx(894,5): error TS17004: Cannot use JSX unless the '--jsx' flag is provided.
frontend/src/components/features/orchestration/clean-visualizations.tsx(902,7): error TS17004: Cannot use JSX unless the '--jsx' flag is provided.
frontend/src/components/features/orchestration/clean-visualizations.tsx(903,9): error TS17004: Cannot use JSX unless the '--jsx' flag is provided.
frontend/src/components/features/orchestration/clean-visualizations.tsx(908,13): error TS17004: Cannot use JSX unless the '--jsx' flag is provided.
frontend/src/components/features/orchestration/clean-visualizations.tsx(910,13): error TS17004: Cannot use JSX unless the '--jsx' flag is provided.
frontend/src/components/features/orchestration/clean-visualizations.tsx(913,9): error TS17004: Cannot use JSX unless the '--jsx' flag is provided.
frontend/src/components/features/orchestration/clean-visualizations.tsx(914,11): error TS17004: Cannot use JSX unless the '--jsx' flag is provided.
frontend/src/components/features/orchestration/clean-visualizations.tsx(915,13): error TS17004: Cannot use JSX unless the '--jsx' flag is provided.
frontend/src/components/features/orchestration/clean-visualizations.tsx(919,15): error TS17004: Cannot use JSX unless the '--jsx' flag is provided.
frontend/src/components/features/orchestration/clean-visualizations.tsx(920,17): error TS17004: Cannot use JSX unless the '--jsx' flag is provided.
frontend/src/components/features/orchestration/clean-visualizations.tsx(925,11): error TS17004: Cannot use JSX unless the '--jsx' flag is provided.
frontend/src/components/features/orchestration/clean-visualizations.tsx(929,13): error TS17004: Cannot use JSX unless the '--jsx' flag is provided.
frontend/src/components/features/orchestration/clean-visualizations.tsx(934,13): error TS17004: Cannot use JSX unless the '--jsx' flag is provided.
frontend/src/components/features/orchestration/clean-visualizations.tsx(936,17): error TS17004: Cannot use JSX unless the '--jsx' flag is provided.
frontend/src/components/features/orchestration/clean-visualizations.tsx(937,19): error TS17004: Cannot use JSX unless the '--jsx' flag is provided.
frontend/src/components/features/orchestration/clean-visualizations.tsx(938,19): error TS17004: Cannot use JSX unless the '--jsx' flag is provided.
frontend/src/components/features/orchestration/clean-visualizations.tsx(939,48): error TS7006: Parameter 'file' implicitly has an 'any' type.
frontend/src/components/features/orchestration/clean-visualizations.tsx(939,54): error TS7006: Parameter 'i' implicitly has an 'any' type.
frontend/src/components/features/orchestration/clean-visualizations.tsx(940,23): error TS17004: Cannot use JSX unless the '--jsx' flag is provided.
frontend/src/components/features/orchestration/clean-visualizations.tsx(946,17): error TS17004: Cannot use JSX unless the '--jsx' flag is provided.
frontend/src/components/features/orchestration/clean-visualizations.tsx(947,19): error TS17004: Cannot use JSX unless the '--jsx' flag is provided.
frontend/src/components/features/orchestration/clean-visualizations.tsx(948,19): error TS17004: Cannot use JSX unless the '--jsx' flag is provided.
frontend/src/components/features/orchestration/clean-visualizations.tsx(949,48): error TS7006: Parameter 'file' implicitly has an 'any' type.
frontend/src/components/features/orchestration/clean-visualizations.tsx(949,54): error TS7006: Parameter 'i' implicitly has an 'any' type.
frontend/src/components/features/orchestration/clean-visualizations.tsx(950,23): error TS17004: Cannot use JSX unless the '--jsx' flag is provided.
frontend/src/components/features/orchestration/clean-visualizations.tsx(960,13): error TS17004: Cannot use JSX unless the '--jsx' flag is provided.
frontend/src/components/features/orchestration/clean-visualizations.tsx(961,15): error TS17004: Cannot use JSX unless the '--jsx' flag is provided.
frontend/src/components/features/orchestration/clean-visualizations.tsx(962,35): error TS7006: Parameter 'cmd' implicitly has an 'any' type.
frontend/src/components/features/orchestration/clean-visualizations.tsx(962,40): error TS7006: Parameter 'i' implicitly has an 'any' type.
frontend/src/components/features/orchestration/clean-visualizations.tsx(963,17): error TS17004: Cannot use JSX unless the '--jsx' flag is provided.
frontend/src/components/features/orchestration/clean-visualizations.tsx(964,19): error TS17004: Cannot use JSX unless the '--jsx' flag is provided.
frontend/src/components/features/orchestration/clean-visualizations.tsx(1000,7): error TS17004: Cannot use JSX unless the '--jsx' flag is provided.
frontend/src/components/features/orchestration/clean-visualizations.tsx(1001,9): error TS17004: Cannot use JSX unless the '--jsx' flag is provided.
frontend/src/components/features/orchestration/clean-visualizations.tsx(1002,9): error TS17004: Cannot use JSX unless the '--jsx' flag is provided.
frontend/src/components/features/orchestration/clean-visualizations.tsx(1012,5): error TS17004: Cannot use JSX unless the '--jsx' flag is provided.
frontend/src/components/features/orchestration/clean-visualizations.tsx(1014,7): error TS17004: Cannot use JSX unless the '--jsx' flag is provided.
frontend/src/components/features/orchestration/clean-visualizations.tsx(1015,9): error TS17004: Cannot use JSX unless the '--jsx' flag is provided.
frontend/src/components/features/orchestration/clean-visualizations.tsx(1016,9): error TS17004: Cannot use JSX unless the '--jsx' flag is provided.
frontend/src/components/features/orchestration/clean-visualizations.tsx(1017,9): error TS17004: Cannot use JSX unless the '--jsx' flag is provided.
frontend/src/components/features/orchestration/clean-visualizations.tsx(1020,7): error TS17004: Cannot use JSX unless the '--jsx' flag is provided.
frontend/src/components/features/orchestration/clean-visualizations.tsx(1023,11): error TS17004: Cannot use JSX unless the '--jsx' flag is provided.
frontend/src/components/features/orchestration/clean-visualizations.tsx(1024,13): error TS17004: Cannot use JSX unless the '--jsx' flag is provided.
frontend/src/components/features/orchestration/clean-visualizations.tsx(1025,13): error TS17004: Cannot use JSX unless the '--jsx' flag is provided.
frontend/src/components/features/orchestration/clean-visualizations.tsx(1026,15): error TS17004: Cannot use JSX unless the '--jsx' flag is provided.
frontend/src/components/features/orchestration/clean-visualizations.tsx(1031,17): error TS17004: Cannot use JSX unless the '--jsx' flag is provided.
frontend/src/components/features/orchestration/clean-visualizations.tsx(1032,17): error TS17004: Cannot use JSX unless the '--jsx' flag is provided.
frontend/src/components/features/orchestration/clean-visualizations.tsx(1034,15): error TS17004: Cannot use JSX unless the '--jsx' flag is provided.
frontend/src/components/features/orchestration/clean-visualizations.tsx(1040,17): error TS17004: Cannot use JSX unless the '--jsx' flag is provided.
frontend/src/components/features/orchestration/clean-visualizations.tsx(1041,17): error TS17004: Cannot use JSX unless the '--jsx' flag is provided.
frontend/src/components/features/orchestration/clean-visualizations.tsx(1043,15): error TS17004: Cannot use JSX unless the '--jsx' flag is provided.
frontend/src/components/features/orchestration/clean-visualizations.tsx(1049,17): error TS17004: Cannot use JSX unless the '--jsx' flag is provided.
frontend/src/components/features/orchestration/clean-visualizations.tsx(1050,17): error TS17004: Cannot use JSX unless the '--jsx' flag is provided.
frontend/src/components/features/orchestration/clean-visualizations.tsx(1052,15): error TS17004: Cannot use JSX unless the '--jsx' flag is provided.
frontend/src/components/features/orchestration/clean-visualizations.tsx(1058,17): error TS17004: Cannot use JSX unless the '--jsx' flag is provided.
frontend/src/components/features/orchestration/clean-visualizations.tsx(1059,17): error TS17004: Cannot use JSX unless the '--jsx' flag is provided.
frontend/src/components/features/orchestration/clean-visualizations.tsx(1067,11): error TS17004: Cannot use JSX unless the '--jsx' flag is provided.
frontend/src/components/features/orchestration/clean-visualizations.tsx(1068,13): error TS17004: Cannot use JSX unless the '--jsx' flag is provided.
frontend/src/components/features/orchestration/clean-visualizations.tsx(1069,15): error TS17004: Cannot use JSX unless the '--jsx' flag is provided.
frontend/src/components/features/orchestration/clean-visualizations.tsx(1072,13): error TS17004: Cannot use JSX unless the '--jsx' flag is provided.
frontend/src/components/features/orchestration/clean-visualizations.tsx(1074,17): error TS17004: Cannot use JSX unless the '--jsx' flag is provided.
frontend/src/components/features/orchestration/clean-visualizations.tsx(1080,19): error TS17004: Cannot use JSX unless the '--jsx' flag is provided.
frontend/src/components/features/orchestration/clean-visualizations.tsx(1081,21): error TS17004: Cannot use JSX unless the '--jsx' flag is provided.
frontend/src/components/features/orchestration/clean-visualizations.tsx(1082,21): error TS17004: Cannot use JSX unless the '--jsx' flag is provided.
frontend/src/components/features/orchestration/clean-visualizations.tsx(1082,70): error TS2322: Type 'unknown' is not assignable to type 'string | number | bigint | boolean | ReactElement<unknown, string | JSXElementConstructor<any>> | Iterable<ReactNode> | ReactPortal | Promise<...> | null | undefined'.
frontend/src/components/features/orchestration/clean-visualizations.tsx(1084,19): error TS17004: Cannot use JSX unless the '--jsx' flag is provided.
frontend/src/components/features/orchestration/clean-visualizations.tsx(1085,21): error TS17004: Cannot use JSX unless the '--jsx' flag is provided.
frontend/src/components/features/orchestration/clean-visualizations.tsx(1098,11): error TS17004: Cannot use JSX unless the '--jsx' flag is provided.
frontend/src/components/features/orchestration/clean-visualizations.tsx(1099,13): error TS17004: Cannot use JSX unless the '--jsx' flag is provided.
frontend/src/components/features/orchestration/clean-visualizations.tsx(1100,15): error TS17004: Cannot use JSX unless the '--jsx' flag is provided.
frontend/src/components/features/orchestration/clean-visualizations.tsx(1103,57): error TS7006: Parameter 'scenario' implicitly has an 'any' type.
frontend/src/components/features/orchestration/clean-visualizations.tsx(1103,67): error TS7006: Parameter 'index' implicitly has an 'any' type.
frontend/src/components/features/orchestration/clean-visualizations.tsx(1104,15): error TS17004: Cannot use JSX unless the '--jsx' flag is provided.
frontend/src/components/features/orchestration/clean-visualizations.tsx(1112,15): error TS17004: Cannot use JSX unless the '--jsx' flag is provided.
frontend/src/components/features/orchestration/clean-visualizations.tsx(1121,11): error TS17004: Cannot use JSX unless the '--jsx' flag is provided.
frontend/src/components/features/orchestration/clean-visualizations.tsx(1122,13): error TS17004: Cannot use JSX unless the '--jsx' flag is provided.
frontend/src/components/features/orchestration/clean-visualizations.tsx(1123,15): error TS17004: Cannot use JSX unless the '--jsx' flag is provided.
frontend/src/components/features/orchestration/clean-visualizations.tsx(1126,47): error TS7006: Parameter 'finding' implicitly has an 'any' type.
frontend/src/components/features/orchestration/clean-visualizations.tsx(1126,56): error TS7006: Parameter 'index' implicitly has an 'any' type.
frontend/src/components/features/orchestration/clean-visualizations.tsx(1127,15): error TS17004: Cannot use JSX unless the '--jsx' flag is provided.
frontend/src/components/features/orchestration/clean-visualizations.tsx(1134,17): error TS17004: Cannot use JSX unless the '--jsx' flag is provided.
frontend/src/components/features/orchestration/clean-visualizations.tsx(1135,19): error TS17004: Cannot use JSX unless the '--jsx' flag is provided.
frontend/src/components/features/orchestration/clean-visualizations.tsx(1136,19): error TS17004: Cannot use JSX unless the '--jsx' flag is provided.
frontend/src/components/features/orchestration/clean-visualizations.tsx(1141,19): error TS17004: Cannot use JSX unless the '--jsx' flag is provided.
frontend/src/components/features/orchestration/clean-visualizations.tsx(1144,19): error TS17004: Cannot use JSX unless the '--jsx' flag is provided.
frontend/src/components/features/orchestration/clean-visualizations.tsx(1150,19): error TS17004: Cannot use JSX unless the '--jsx' flag is provided.
frontend/src/components/features/orchestration/clean-visualizations.tsx(1151,21): error TS17004: Cannot use JSX unless the '--jsx' flag is provided.
frontend/src/components/features/orchestration/clean-visualizations.tsx(1152,21): error TS17004: Cannot use JSX unless the '--jsx' flag is provided.
frontend/src/components/features/orchestration/clean-visualizations.tsx(1162,11): error TS17004: Cannot use JSX unless the '--jsx' flag is provided.
frontend/src/components/features/orchestration/clean-visualizations.tsx(1167,13): error TS17004: Cannot use JSX unless the '--jsx' flag is provided.
frontend/src/components/features/orchestration/clean-visualizations.tsx(1168,13): error TS17004: Cannot use JSX unless the '--jsx' flag is provided.
frontend/src/components/features/orchestration/clean-visualizations.tsx(1174,11): error TS17004: Cannot use JSX unless the '--jsx' flag is provided.
frontend/src/components/features/orchestration/clean-visualizations.tsx(1175,13): error TS17004: Cannot use JSX unless the '--jsx' flag is provided.
frontend/src/components/features/orchestration/clean-visualizations.tsx(1176,15): error TS17004: Cannot use JSX unless the '--jsx' flag is provided.
frontend/src/components/features/orchestration/clean-visualizations.tsx(1179,13): error TS17004: Cannot use JSX unless the '--jsx' flag is provided.
frontend/src/components/features/orchestration/clean-visualizations.tsx(1181,17): error TS17004: Cannot use JSX unless the '--jsx' flag is provided.
frontend/src/components/features/orchestration/clean-visualizations.tsx(1187,19): error TS17004: Cannot use JSX unless the '--jsx' flag is provided.
frontend/src/components/features/orchestration/clean-visualizations.tsx(1190,19): error TS17004: Cannot use JSX unless the '--jsx' flag is provided.
frontend/src/components/features/orchestration/clean-visualizations.tsx(1190,75): error TS2322: Type 'unknown' is not assignable to type 'ReactI18NextChildren | Iterable<ReactI18NextChildren>'.
frontend/src/components/features/orchestration/clean-visualizations.tsx(1199,11): error TS17004: Cannot use JSX unless the '--jsx' flag is provided.
frontend/src/components/features/orchestration/clean-visualizations.tsx(1204,13): error TS17004: Cannot use JSX unless the '--jsx' flag is provided.
frontend/src/components/features/orchestration/clean-visualizations.tsx(1206,17): error TS17004: Cannot use JSX unless the '--jsx' flag is provided.
frontend/src/components/features/orchestration/clean-visualizations.tsx(1208,17): error TS17004: Cannot use JSX unless the '--jsx' flag is provided.
frontend/src/components/features/orchestration/clean-visualizations.tsx(1210,15): error TS17004: Cannot use JSX unless the '--jsx' flag is provided.
frontend/src/components/features/orchestration/clean-visualizations.tsx(1219,11): error TS17004: Cannot use JSX unless the '--jsx' flag is provided.
frontend/src/components/features/orchestration/clean-visualizations.tsx(1224,13): error TS17004: Cannot use JSX unless the '--jsx' flag is provided.
frontend/src/components/features/orchestration/clean-visualizations.tsx(1225,13): error TS17004: Cannot use JSX unless the '--jsx' flag is provided.
frontend/src/components/features/orchestration/clean-visualizations.tsx(1244,13): error TS17004: Cannot use JSX unless the '--jsx' flag is provided.
frontend/src/components/features/orchestration/clean-visualizations.tsx(1245,13): error TS17004: Cannot use JSX unless the '--jsx' flag is provided.
frontend/src/components/features/orchestration/clean-visualizations.tsx(1246,14): error TS17004: Cannot use JSX unless the '--jsx' flag is provided.
frontend/src/components/features/orchestration/clean-visualizations.tsx(1247,14): error TS17004: Cannot use JSX unless the '--jsx' flag is provided.
frontend/src/components/features/orchestration/clean-visualizations.tsx(1260,5): error TS17004: Cannot use JSX unless the '--jsx' flag is provided.
frontend/src/components/features/orchestration/clean-visualizations.tsx(1264,43): error TS7053: Element implicitly has an 'any' type because expression of type 'any' can't be used to index type '{ passed: string; failed: string; skipped: string; pending: string; }'.
frontend/src/components/features/orchestration/clean-visualizations.tsx(1266,7): error TS17004: Cannot use JSX unless the '--jsx' flag is provided.
frontend/src/components/features/orchestration/clean-visualizations.tsx(1267,9): error TS17004: Cannot use JSX unless the '--jsx' flag is provided.
frontend/src/components/features/orchestration/clean-visualizations.tsx(1267,34): error TS7053: Element implicitly has an 'any' type because expression of type 'any' can't be used to index type '{ passed: Element; failed: Element; skipped: Element; pending: Element; }'.
frontend/src/components/features/orchestration/clean-visualizations.tsx(1268,9): error TS17004: Cannot use JSX unless the '--jsx' flag is provided.
frontend/src/components/features/orchestration/clean-visualizations.tsx(1269,11): error TS17004: Cannot use JSX unless the '--jsx' flag is provided.
frontend/src/components/features/orchestration/clean-visualizations.tsx(1270,13): error TS17004: Cannot use JSX unless the '--jsx' flag is provided.
frontend/src/components/features/orchestration/clean-visualizations.tsx(1271,13): error TS17004: Cannot use JSX unless the '--jsx' flag is provided.
frontend/src/components/features/orchestration/clean-visualizations.tsx(1273,17): error TS17004: Cannot use JSX unless the '--jsx' flag is provided.
frontend/src/components/features/orchestration/clean-visualizations.tsx(1278,17): error TS17004: Cannot use JSX unless the '--jsx' flag is provided.
frontend/src/components/features/orchestration/clean-visualizations.tsx(1286,13): error TS17004: Cannot use JSX unless the '--jsx' flag is provided.
frontend/src/components/features/orchestration/clean-visualizations.tsx(1290,13): error TS17004: Cannot use JSX unless the '--jsx' flag is provided.
frontend/src/components/features/orchestration/clean-visualizations.tsx(1291,35): error TS7006: Parameter 'tag' implicitly has an 'any' type.
frontend/src/components/features/orchestration/clean-visualizations.tsx(1291,40): error TS7006: Parameter 'i' implicitly has an 'any' type.
frontend/src/components/features/orchestration/clean-visualizations.tsx(1292,17): error TS17004: Cannot use JSX unless the '--jsx' flag is provided.
frontend/src/components/features/orchestration/mermaid-diagram-viewer.tsx(5,3): error TS2614: Module '"#/*"' has no exported member 'exportDiagramAsSVG'. Did you mean to use 'import exportDiagramAsSVG from "#/*"' instead?
frontend/src/components/features/orchestration/mermaid-diagram-viewer.tsx(6,3): error TS2614: Module '"#/*"' has no exported member 'exportDiagramAsPNG'. Did you mean to use 'import exportDiagramAsPNG from "#/*"' instead?
frontend/src/components/features/orchestration/mermaid-diagram-viewer.tsx(7,3): error TS2614: Module '"#/*"' has no exported member 'copyMermaidSource'. Did you mean to use 'import copyMermaidSource from "#/*"' instead?
frontend/src/components/features/orchestration/mermaid-diagram-viewer.tsx(8,3): error TS2614: Module '"#/*"' has no exported member 'downloadMermaidSource'. Did you mean to use 'import downloadMermaidSource from "#/*"' instead?
frontend/src/components/features/orchestration/mermaid-diagram-viewer.tsx(264,7): error TS17004: Cannot use JSX unless the '--jsx' flag is provided.
frontend/src/components/features/orchestration/mermaid-diagram-viewer.tsx(274,7): error TS17004: Cannot use JSX unless the '--jsx' flag is provided.
frontend/src/components/features/orchestration/mermaid-diagram-viewer.tsx(277,9): error TS17004: Cannot use JSX unless the '--jsx' flag is provided.
frontend/src/components/features/orchestration/mermaid-diagram-viewer.tsx(283,11): error TS17004: Cannot use JSX unless the '--jsx' flag is provided.
frontend/src/components/features/orchestration/mermaid-diagram-viewer.tsx(290,9): error TS17004: Cannot use JSX unless the '--jsx' flag is provided.
frontend/src/components/features/orchestration/mermaid-diagram-viewer.tsx(291,9): error TS17004: Cannot use JSX unless the '--jsx' flag is provided.
frontend/src/components/features/orchestration/mermaid-diagram-viewer.tsx(329,5): error TS17004: Cannot use JSX unless the '--jsx' flag is provided.
frontend/src/components/features/orchestration/mermaid-diagram-viewer.tsx(331,7): error TS17004: Cannot use JSX unless the '--jsx' flag is provided.
frontend/src/components/features/orchestration/mermaid-diagram-viewer.tsx(332,9): error TS17004: Cannot use JSX unless the '--jsx' flag is provided.
frontend/src/components/features/orchestration/mermaid-diagram-viewer.tsx(333,11): error TS17004: Cannot use JSX unless the '--jsx' flag is provided.
frontend/src/components/features/orchestration/mermaid-diagram-viewer.tsx(334,11): error TS17004: Cannot use JSX unless the '--jsx' flag is provided.
frontend/src/components/features/orchestration/mermaid-diagram-viewer.tsx(336,9): error TS17004: Cannot use JSX unless the '--jsx' flag is provided.
frontend/src/components/features/orchestration/mermaid-diagram-viewer.tsx(341,11): error TS17004: Cannot use JSX unless the '--jsx' flag is provided.
frontend/src/components/features/orchestration/mermaid-diagram-viewer.tsx(347,13): error TS17004: Cannot use JSX unless the '--jsx' flag is provided.
frontend/src/components/features/orchestration/mermaid-diagram-viewer.tsx(358,7): error TS17004: Cannot use JSX unless the '--jsx' flag is provided.
frontend/src/components/features/orchestration/mermaid-diagram-viewer.tsx(359,9): error TS17004: Cannot use JSX unless the '--jsx' flag is provided.
frontend/src/components/features/orchestration/mermaid-diagram-viewer.tsx(369,11): error TS17004: Cannot use JSX unless the '--jsx' flag is provided.
frontend/src/components/features/orchestration/mermaid-diagram-viewer.tsx(377,13): error TS17004: Cannot use JSX unless the '--jsx' flag is provided.
frontend/src/components/features/orchestration/mermaid-diagram-viewer.tsx(384,9): error TS17004: Cannot use JSX unless the '--jsx' flag is provided.
frontend/src/components/features/orchestration/mermaid-diagram-viewer.tsx(385,11): error TS17004: Cannot use JSX unless the '--jsx' flag is provided.
frontend/src/components/features/orchestration/mermaid-diagram-viewer.tsx(390,13): error TS17004: Cannot use JSX unless the '--jsx' flag is provided.
frontend/src/components/features/orchestration/mermaid-diagram-viewer.tsx(396,15): error TS17004: Cannot use JSX unless the '--jsx' flag is provided.
frontend/src/components/features/orchestration/mermaid-diagram-viewer.tsx(404,11): error TS17004: Cannot use JSX unless the '--jsx' flag is provided.
frontend/src/components/features/orchestration/mermaid-diagram-viewer.tsx(407,11): error TS17004: Cannot use JSX unless the '--jsx' flag is provided.
frontend/src/components/features/orchestration/mermaid-diagram-viewer.tsx(412,13): error TS17004: Cannot use JSX unless the '--jsx' flag is provided.
frontend/src/components/features/orchestration/mermaid-diagram-viewer.tsx(418,15): error TS17004: Cannot use JSX unless the '--jsx' flag is provided.
frontend/src/components/features/orchestration/mermaid-diagram-viewer.tsx(426,11): error TS17004: Cannot use JSX unless the '--jsx' flag is provided.
frontend/src/components/features/orchestration/mermaid-diagram-viewer.tsx(431,13): error TS17004: Cannot use JSX unless the '--jsx' flag is provided.
frontend/src/components/features/orchestration/mermaid-diagram-viewer.tsx(437,15): error TS17004: Cannot use JSX unless the '--jsx' flag is provided.
frontend/src/components/features/orchestration/mermaid-diagram-viewer.tsx(451,5): error TS17004: Cannot use JSX unless the '--jsx' flag is provided.
frontend/src/components/features/orchestration/mermaid-diagram-viewer.tsx(452,7): error TS17004: Cannot use JSX unless the '--jsx' flag is provided.
frontend/src/components/features/orchestration/mermaid-diagram-viewer.tsx(457,13): error TS17004: Cannot use JSX unless the '--jsx' flag is provided.
frontend/src/components/features/orchestration/mermaid-diagram-viewer.tsx(460,17): error TS17004: Cannot use JSX unless the '--jsx' flag is provided.
frontend/src/components/features/orchestration/mermaid-diagram-viewer.tsx(461,19): error TS17004: Cannot use JSX unless the '--jsx' flag is provided.
frontend/src/components/features/orchestration/mermaid-diagram-viewer.tsx(466,21): error TS17004: Cannot use JSX unless the '--jsx' flag is provided.
frontend/src/components/features/orchestration/mermaid-diagram-viewer.tsx(472,23): error TS17004: Cannot use JSX unless the '--jsx' flag is provided.
frontend/src/components/features/orchestration/mermaid-diagram-viewer.tsx(480,19): error TS17004: Cannot use JSX unless the '--jsx' flag is provided.
frontend/src/components/features/orchestration/mermaid-diagram-viewer.tsx(483,19): error TS17004: Cannot use JSX unless the '--jsx' flag is provided.
frontend/src/components/features/orchestration/mermaid-diagram-viewer.tsx(488,21): error TS17004: Cannot use JSX unless the '--jsx' flag is provided.
frontend/src/components/features/orchestration/mermaid-diagram-viewer.tsx(494,23): error TS17004: Cannot use JSX unless the '--jsx' flag is provided.
frontend/src/components/features/orchestration/mermaid-diagram-viewer.tsx(502,19): error TS17004: Cannot use JSX unless the '--jsx' flag is provided.
frontend/src/components/features/orchestration/mermaid-diagram-viewer.tsx(507,21): error TS17004: Cannot use JSX unless the '--jsx' flag is provided.
frontend/src/components/features/orchestration/mermaid-diagram-viewer.tsx(513,23): error TS17004: Cannot use JSX unless the '--jsx' flag is provided.
frontend/src/components/features/orchestration/mermaid-diagram-viewer.tsx(526,17): error TS17004: Cannot use JSX unless the '--jsx' flag is provided.
frontend/src/components/features/orchestration/mermaid-diagram-viewer.tsx(531,19): error TS17004: Cannot use JSX unless the '--jsx' flag is provided.
frontend/src/components/features/orchestration/mermaid-diagram-viewer.tsx(537,21): error TS17004: Cannot use JSX unless the '--jsx' flag is provided.
frontend/src/components/features/orchestration/mermaid-diagram-viewer.tsx(549,17): error TS17004: Cannot use JSX unless the '--jsx' flag is provided.
frontend/src/components/features/orchestration/mermaid-diagram-viewer.tsx(550,19): error TS17004: Cannot use JSX unless the '--jsx' flag is provided.
frontend/src/components/features/orchestration/mermaid-diagram-viewer.tsx(555,21): error TS17004: Cannot use JSX unless the '--jsx' flag is provided.
frontend/src/components/features/orchestration/mermaid-diagram-viewer.tsx(561,23): error TS17004: Cannot use JSX unless the '--jsx' flag is provided.
frontend/src/components/features/orchestration/mermaid-diagram-viewer.tsx(572,21): error TS17004: Cannot use JSX unless the '--jsx' flag is provided.
frontend/src/components/features/orchestration/mermaid-diagram-viewer.tsx(573,23): error TS17004: Cannot use JSX unless the '--jsx' flag is provided.
frontend/src/components/features/orchestration/mermaid-diagram-viewer.tsx(580,23): error TS17004: Cannot use JSX unless the '--jsx' flag is provided.
frontend/src/components/features/orchestration/mermaid-diagram-viewer.tsx(587,23): error TS17004: Cannot use JSX unless the '--jsx' flag is provided.
frontend/src/components/features/orchestration/mermaid-diagram-viewer.tsx(594,23): error TS17004: Cannot use JSX unless the '--jsx' flag is provided.
frontend/src/components/features/orchestration/mermaid-diagram-viewer.tsx(610,11): error TS17004: Cannot use JSX unless the '--jsx' flag is provided.
frontend/src/components/features/orchestration/mermaid-diagram-viewer.tsx(611,13): error TS17004: Cannot use JSX unless the '--jsx' flag is provided.
frontend/src/components/features/orchestration/mermaid-diagram-viewer.tsx(612,13): error TS17004: Cannot use JSX unless the '--jsx' flag is provided.
frontend/src/components/features/orchestration/mermaid-diagram-viewer.tsx(613,15): error TS17004: Cannot use JSX unless the '--jsx' flag is provided.
frontend/src/components/features/orchestration/mermaid-diagram-viewer.tsx(614,15): error TS17004: Cannot use JSX unless the '--jsx' flag is provided.
frontend/src/components/features/orchestration/mermaid-diagram-viewer.tsx(621,11): error TS17004: Cannot use JSX unless the '--jsx' flag is provided.
frontend/src/components/features/orchestration/mermaid-diagram-viewer.tsx(633,13): error TS17004: Cannot use JSX unless the '--jsx' flag is provided.
frontend/src/components/features/orchestration/modern-flow-diagram.tsx(26,15): error TS2614: Module '"#/*"' has no exported member 'OrchestrationStep'. Did you mean to use 'import OrchestrationStep from "#/*"' instead?
frontend/src/components/features/orchestration/modern-flow-diagram.tsx(26,34): error TS2614: Module '"#/*"' has no exported member 'AgentRole'. Did you mean to use 'import AgentRole from "#/*"' instead?
frontend/src/components/features/orchestration/modern-flow-diagram.tsx(71,7): error TS17004: Cannot use JSX unless the '--jsx' flag is provided.
frontend/src/components/features/orchestration/modern-flow-diagram.tsx(72,9): error TS17004: Cannot use JSX unless the '--jsx' flag is provided.
frontend/src/components/features/orchestration/modern-flow-diagram.tsx(73,11): error TS17004: Cannot use JSX unless the '--jsx' flag is provided.
frontend/src/components/features/orchestration/modern-flow-diagram.tsx(74,11): error TS17004: Cannot use JSX unless the '--jsx' flag is provided.
frontend/src/components/features/orchestration/modern-flow-diagram.tsx(85,5): error TS17004: Cannot use JSX unless the '--jsx' flag is provided.
frontend/src/components/features/orchestration/modern-flow-diagram.tsx(88,9): error TS17004: Cannot use JSX unless the '--jsx' flag is provided.
frontend/src/components/features/orchestration/modern-flow-diagram.tsx(89,11): error TS17004: Cannot use JSX unless the '--jsx' flag is provided.
frontend/src/components/features/orchestration/modern-flow-diagram.tsx(94,25): error TS17004: Cannot use JSX unless the '--jsx' flag is provided.
frontend/src/components/features/orchestration/modern-flow-diagram.tsx(94,56): error TS17004: Cannot use JSX unless the '--jsx' flag is provided.
frontend/src/components/features/orchestration/modern-flow-diagram.tsx(96,11): error TS17004: Cannot use JSX unless the '--jsx' flag is provided.
frontend/src/components/features/orchestration/modern-flow-diagram.tsx(103,11): error TS17004: Cannot use JSX unless the '--jsx' flag is provided.
frontend/src/components/features/orchestration/modern-flow-diagram.tsx(104,11): error TS17004: Cannot use JSX unless the '--jsx' flag is provided.
frontend/src/components/features/orchestration/modern-flow-diagram.tsx(111,11): error TS17004: Cannot use JSX unless the '--jsx' flag is provided.
frontend/src/components/features/orchestration/modern-flow-diagram.tsx(116,13): error TS17004: Cannot use JSX unless the '--jsx' flag is provided.
frontend/src/components/features/orchestration/modern-flow-diagram.tsx(118,11): error TS17004: Cannot use JSX unless the '--jsx' flag is provided.
frontend/src/components/features/orchestration/modern-flow-diagram.tsx(123,13): error TS17004: Cannot use JSX unless the '--jsx' flag is provided.
frontend/src/components/features/orchestration/modern-flow-diagram.tsx(129,7): error TS17004: Cannot use JSX unless the '--jsx' flag is provided.
frontend/src/components/features/orchestration/modern-flow-diagram.tsx(130,23): error TS17004: Cannot use JSX unless the '--jsx' flag is provided.
frontend/src/components/features/orchestration/modern-flow-diagram.tsx(131,24): error TS17004: Cannot use JSX unless the '--jsx' flag is provided.
frontend/src/components/features/orchestration/modern-flow-diagram.tsx(132,22): error TS17004: Cannot use JSX unless the '--jsx' flag is provided.
frontend/src/components/features/orchestration/modern-flow-diagram.tsx(133,9): error TS17004: Cannot use JSX unless the '--jsx' flag is provided.
frontend/src/components/features/orchestration/modern-flow-diagram.tsx(139,9): error TS17004: Cannot use JSX unless the '--jsx' flag is provided.
frontend/src/components/features/orchestration/modern-flow-diagram.tsx(145,7): error TS17004: Cannot use JSX unless the '--jsx' flag is provided.
frontend/src/components/features/orchestration/modern-flow-diagram.tsx(153,11): error TS17004: Cannot use JSX unless the '--jsx' flag is provided.
frontend/src/components/features/orchestration/modern-flow-diagram.tsx(163,11): error TS17004: Cannot use JSX unless the '--jsx' flag is provided.
frontend/src/components/features/orchestration/modern-flow-diagram.tsx(176,7): error TS17004: Cannot use JSX unless the '--jsx' flag is provided.
frontend/src/components/features/orchestration/modern-flow-diagram.tsx(178,11): error TS17004: Cannot use JSX unless the '--jsx' flag is provided.
frontend/src/components/features/orchestration/modern-flow-diagram.tsx(204,5): error TS17004: Cannot use JSX unless the '--jsx' flag is provided.
frontend/src/components/features/orchestration/modern-flow-diagram.tsx(206,9): error TS17004: Cannot use JSX unless the '--jsx' flag is provided.
frontend/src/components/features/orchestration/modern-flow-diagram.tsx(207,11): error TS17004: Cannot use JSX unless the '--jsx' flag is provided.
frontend/src/components/features/orchestration/modern-flow-diagram.tsx(215,13): error TS17004: Cannot use JSX unless the '--jsx' flag is provided.
frontend/src/components/features/orchestration/modern-flow-diagram.tsx(244,5): error TS17004: Cannot use JSX unless the '--jsx' flag is provided.
frontend/src/components/features/orchestration/modern-flow-diagram.tsx(246,9): error TS17004: Cannot use JSX unless the '--jsx' flag is provided.
frontend/src/components/features/orchestration/modern-flow-diagram.tsx(247,11): error TS17004: Cannot use JSX unless the '--jsx' flag is provided.
frontend/src/components/features/orchestration/modern-flow-diagram.tsx(255,13): error TS17004: Cannot use JSX unless the '--jsx' flag is provided.
frontend/src/components/features/orchestration/modern-flow-diagram.tsx(306,20): error TS7053: Element implicitly has an 'any' type because expression of type 'any' can't be used to index type '{ product_manager: ForwardRefExoticComponent<Omit<LucideProps, "ref"> & RefAttributes<SVGSVGElement>>; architect: ForwardRefExoticComponent<...>; engineer: ForwardRefExoticComponent<...>; qa: ForwardRefExoticComponent<...>; }'.
frontend/src/components/features/orchestration/modern-flow-diagram.tsx(307,23): error TS7053: Element implicitly has an 'any' type because expression of type 'any' can't be used to index type '{ pending: string; in_progress: string; complete: string; blocked: string; }'.
frontend/src/components/features/orchestration/modern-flow-diagram.tsx(308,21): error TS7053: Element implicitly has an 'any' type because expression of type 'any' can't be used to index type '{ product_manager: string; architect: string; engineer: string; qa: string; }'.
frontend/src/components/features/orchestration/modern-flow-diagram.tsx(316,5): error TS17004: Cannot use JSX unless the '--jsx' flag is provided.
frontend/src/components/features/orchestration/modern-flow-diagram.tsx(324,7): error TS17004: Cannot use JSX unless the '--jsx' flag is provided.
frontend/src/components/features/orchestration/modern-flow-diagram.tsx(325,23): error TS17004: Cannot use JSX unless the '--jsx' flag is provided.
frontend/src/components/features/orchestration/modern-flow-diagram.tsx(326,26): error TS17004: Cannot use JSX unless the '--jsx' flag is provided.
frontend/src/components/features/orchestration/modern-flow-diagram.tsx(327,24): error TS17004: Cannot use JSX unless the '--jsx' flag is provided.
frontend/src/components/features/orchestration/modern-flow-diagram.tsx(328,23): error TS17004: Cannot use JSX unless the '--jsx' flag is provided.
frontend/src/components/features/orchestration/modern-flow-diagram.tsx(332,7): error TS17004: Cannot use JSX unless the '--jsx' flag is provided.
frontend/src/components/features/orchestration/modern-flow-diagram.tsx(333,9): error TS17004: Cannot use JSX unless the '--jsx' flag is provided.
frontend/src/components/features/orchestration/modern-flow-diagram.tsx(337,7): error TS17004: Cannot use JSX unless the '--jsx' flag is provided.
frontend/src/components/features/orchestration/modern-flow-diagram.tsx(338,9): error TS17004: Cannot use JSX unless the '--jsx' flag is provided.
frontend/src/components/features/orchestration/modern-flow-diagram.tsx(339,11): error TS17004: Cannot use JSX unless the '--jsx' flag is provided.
frontend/src/components/features/orchestration/modern-flow-diagram.tsx(342,11): error TS17004: Cannot use JSX unless the '--jsx' flag is provided.
frontend/src/components/features/orchestration/modern-flow-diagram.tsx(346,9): error TS17004: Cannot use JSX unless the '--jsx' flag is provided.
frontend/src/components/features/orchestration/modern-flow-diagram.tsx(348,11): error TS17004: Cannot use JSX unless the '--jsx' flag is provided.
frontend/src/components/features/orchestration/modern-flow-diagram.tsx(353,11): error TS17004: Cannot use JSX unless the '--jsx' flag is provided.
frontend/src/components/features/orchestration/modern-flow-diagram.tsx(354,13): error TS17004: Cannot use JSX unless the '--jsx' flag is provided.
frontend/src/components/features/orchestration/modern-flow-diagram.tsx(355,15): error TS17004: Cannot use JSX unless the '--jsx' flag is provided.
frontend/src/components/features/orchestration/modern-flow-diagram.tsx(362,13): error TS17004: Cannot use JSX unless the '--jsx' flag is provided.
frontend/src/components/features/orchestration/modern-flow-diagram.tsx(367,9): error TS17004: Cannot use JSX unless the '--jsx' flag is provided.
frontend/src/components/features/orchestration/modern-flow-diagram.tsx(369,13): error TS17004: Cannot use JSX unless the '--jsx' flag is provided.
frontend/src/components/features/orchestration/modern-flow-diagram.tsx(372,13): error TS17004: Cannot use JSX unless the '--jsx' flag is provided.
frontend/src/components/features/orchestration/modern-flow-diagram.tsx(378,11): error TS17004: Cannot use JSX unless the '--jsx' flag is provided.
frontend/src/components/features/orchestration/modern-flow-diagram.tsx(379,13): error TS17004: Cannot use JSX unless the '--jsx' flag is provided.
frontend/src/components/features/orchestration/modern-flow-diagram.tsx(386,9): error TS17004: Cannot use JSX unless the '--jsx' flag is provided.
frontend/src/components/features/orchestration/modern-flow-diagram.tsx(387,11): error TS17004: Cannot use JSX unless the '--jsx' flag is provided.
frontend/src/components/features/orchestration/modern-flow-diagram.tsx(388,11): error TS17004: Cannot use JSX unless the '--jsx' flag is provided.
frontend/src/components/features/orchestration/modern-flow-diagram.tsx(394,9): error TS17004: Cannot use JSX unless the '--jsx' flag is provided.
frontend/src/components/features/orchestration/modern-flow-diagram.tsx(430,5): error TS17004: Cannot use JSX unless the '--jsx' flag is provided.
frontend/src/components/features/orchestration/modern-flow-diagram.tsx(431,7): error TS17004: Cannot use JSX unless the '--jsx' flag is provided.
frontend/src/components/features/orchestration/modern-flow-diagram.tsx(433,11): error TS17004: Cannot use JSX unless the '--jsx' flag is provided.
frontend/src/components/features/orchestration/modern-flow-diagram.tsx(447,7): error TS17004: Cannot use JSX unless the '--jsx' flag is provided.
frontend/src/components/features/orchestration/modern-flow-diagram.tsx(449,11): error TS17004: Cannot use JSX unless the '--jsx' flag is provided.
frontend/src/components/features/orchestration/modern-flow-diagram.tsx(451,11): error TS17004: Cannot use JSX unless the '--jsx' flag is provided.
frontend/src/components/features/orchestration/modern-flow-diagram.tsx(476,21): error TS7053: Element implicitly has an 'any' type because expression of type 'any' can't be used to index type '{ product_manager: string; architect: string; engineer: string; qa: string; }'.
frontend/src/components/features/orchestration/modern-flow-diagram.tsx(479,5): error TS17004: Cannot use JSX unless the '--jsx' flag is provided.
frontend/src/components/features/orchestration/modern-flow-diagram.tsx(486,7): error TS17004: Cannot use JSX unless the '--jsx' flag is provided.
frontend/src/components/features/orchestration/modern-flow-diagram.tsx(494,9): error TS17004: Cannot use JSX unless the '--jsx' flag is provided.
frontend/src/components/features/orchestration/modern-flow-diagram.tsx(495,11): error TS17004: Cannot use JSX unless the '--jsx' flag is provided.
frontend/src/components/features/orchestration/modern-flow-diagram.tsx(496,13): error TS17004: Cannot use JSX unless the '--jsx' flag is provided.
frontend/src/components/features/orchestration/modern-flow-diagram.tsx(497,13): error TS17004: Cannot use JSX unless the '--jsx' flag is provided.
frontend/src/components/features/orchestration/modern-flow-diagram.tsx(501,11): error TS17004: Cannot use JSX unless the '--jsx' flag is provided.
frontend/src/components/features/orchestration/modern-flow-diagram.tsx(510,9): error TS17004: Cannot use JSX unless the '--jsx' flag is provided.
frontend/src/components/features/orchestration/modern-flow-diagram.tsx(512,13): error TS17004: Cannot use JSX unless the '--jsx' flag is provided.
frontend/src/components/features/orchestration/modern-flow-diagram.tsx(513,15): error TS17004: Cannot use JSX unless the '--jsx' flag is provided.
frontend/src/components/features/orchestration/modern-flow-diagram.tsx(514,15): error TS17004: Cannot use JSX unless the '--jsx' flag is provided.
frontend/src/components/features/orchestration/modern-flow-diagram.tsx(519,11): error TS17004: Cannot use JSX unless the '--jsx' flag is provided.
frontend/src/components/features/orchestration/modern-flow-diagram.tsx(521,15): error TS17004: Cannot use JSX unless the '--jsx' flag is provided.
frontend/src/components/features/orchestration/modern-flow-diagram.tsx(522,17): error TS17004: Cannot use JSX unless the '--jsx' flag is provided.
frontend/src/components/features/orchestration/modern-flow-diagram.tsx(523,17): error TS17004: Cannot use JSX unless the '--jsx' flag is provided.
frontend/src/components/features/orchestration/modern-flow-diagram.tsx(529,15): error TS17004: Cannot use JSX unless the '--jsx' flag is provided.
frontend/src/components/features/orchestration/modern-flow-diagram.tsx(530,17): error TS17004: Cannot use JSX unless the '--jsx' flag is provided.
frontend/src/components/features/orchestration/modern-flow-diagram.tsx(531,17): error TS17004: Cannot use JSX unless the '--jsx' flag is provided.
frontend/src/components/features/orchestration/modern-flow-diagram.tsx(540,13): error TS17004: Cannot use JSX unless the '--jsx' flag is provided.
frontend/src/components/features/orchestration/modern-flow-diagram.tsx(541,15): error TS17004: Cannot use JSX unless the '--jsx' flag is provided.
frontend/src/components/features/orchestration/modern-flow-diagram.tsx(542,17): error TS17004: Cannot use JSX unless the '--jsx' flag is provided.
frontend/src/components/features/orchestration/modern-flow-diagram.tsx(543,17): error TS17004: Cannot use JSX unless the '--jsx' flag is provided.
frontend/src/components/features/orchestration/modern-flow-diagram.tsx(545,15): error TS17004: Cannot use JSX unless the '--jsx' flag is provided.
frontend/src/components/features/orchestration/modern-flow-diagram.tsx(546,17): error TS17004: Cannot use JSX unless the '--jsx' flag is provided.
frontend/src/components/features/orchestration/modern-flow-diagram.tsx(556,13): error TS17004: Cannot use JSX unless the '--jsx' flag is provided.
frontend/src/components/features/orchestration/modern-flow-diagram.tsx(557,15): error TS17004: Cannot use JSX unless the '--jsx' flag is provided.
frontend/src/components/features/orchestration/modern-flow-diagram.tsx(558,15): error TS17004: Cannot use JSX unless the '--jsx' flag is provided.
frontend/src/components/features/orchestration/modern-flow-diagram.tsx(564,13): error TS17004: Cannot use JSX unless the '--jsx' flag is provided.
frontend/src/components/features/orchestration/modern-flow-diagram.tsx(565,15): error TS17004: Cannot use JSX unless the '--jsx' flag is provided.
frontend/src/components/features/orchestration/modern-flow-diagram.tsx(566,17): error TS17004: Cannot use JSX unless the '--jsx' flag is provided.
frontend/src/components/features/orchestration/modern-flow-diagram.tsx(567,17): error TS17004: Cannot use JSX unless the '--jsx' flag is provided.
frontend/src/components/features/orchestration/modern-flow-diagram.tsx(569,15): error TS17004: Cannot use JSX unless the '--jsx' flag is provided.
frontend/src/components/features/orchestration/modern-flow-diagram.tsx(577,9): error TS17004: Cannot use JSX unless the '--jsx' flag is provided.
frontend/src/components/features/orchestration/modern-flow-diagram.tsx(578,11): error TS17004: Cannot use JSX unless the '--jsx' flag is provided.
frontend/src/components/features/orchestration/modern-flow-diagram.tsx(626,7): error TS17004: Cannot use JSX unless the '--jsx' flag is provided.
frontend/src/components/features/orchestration/modern-flow-diagram.tsx(627,9): error TS17004: Cannot use JSX unless the '--jsx' flag is provided.
frontend/src/components/features/orchestration/modern-flow-diagram.tsx(633,5): error TS17004: Cannot use JSX unless the '--jsx' flag is provided.
frontend/src/components/features/orchestration/modern-flow-diagram.tsx(634,7): error TS17004: Cannot use JSX unless the '--jsx' flag is provided.
frontend/src/components/features/orchestration/modern-flow-diagram.tsx(636,11): error TS17004: Cannot use JSX unless the '--jsx' flag is provided.
frontend/src/components/features/orchestration/modern-flow-diagram.tsx(645,7): error TS17004: Cannot use JSX unless the '--jsx' flag is provided.
frontend/src/components/features/orchestration/modern-flow-diagram.tsx(646,9): error TS17004: Cannot use JSX unless the '--jsx' flag is provided.
frontend/src/components/features/orchestration/modern-flow-diagram.tsx(670,20): error TS7053: Element implicitly has an 'any' type because expression of type 'any' can't be used to index type '{ product_manager: ForwardRefExoticComponent<Omit<LucideProps, "ref"> & RefAttributes<SVGSVGElement>>; architect: ForwardRefExoticComponent<...>; engineer: ForwardRefExoticComponent<...>; qa: ForwardRefExoticComponent<...>; }'.
frontend/src/components/features/orchestration/modern-flow-diagram.tsx(679,23): error TS7053: Element implicitly has an 'any' type because expression of type 'any' can't be used to index type '{ pending: string; in_progress: string; complete: string; blocked: string; }'.
frontend/src/components/features/orchestration/modern-flow-diagram.tsx(684,5): error TS17004: Cannot use JSX unless the '--jsx' flag is provided.
frontend/src/components/features/orchestration/modern-flow-diagram.tsx(685,7): error TS17004: Cannot use JSX unless the '--jsx' flag is provided.
frontend/src/components/features/orchestration/modern-flow-diagram.tsx(693,9): error TS17004: Cannot use JSX unless the '--jsx' flag is provided.
frontend/src/components/features/orchestration/modern-flow-diagram.tsx(695,11): error TS17004: Cannot use JSX unless the '--jsx' flag is provided.
frontend/src/components/features/orchestration/modern-flow-diagram.tsx(709,11): error TS17004: Cannot use JSX unless the '--jsx' flag is provided.
frontend/src/components/features/orchestration/modern-flow-diagram.tsx(713,9): error TS17004: Cannot use JSX unless the '--jsx' flag is provided.
frontend/src/components/features/orchestration/modern-flow-diagram.tsx(714,11): error TS17004: Cannot use JSX unless the '--jsx' flag is provided.
frontend/src/components/features/orchestration/modern-flow-diagram.tsx(738,7): error TS17004: Cannot use JSX unless the '--jsx' flag is provided.
frontend/src/components/features/orchestration/modern-flow-diagram.tsx(739,9): error TS17004: Cannot use JSX unless the '--jsx' flag is provided.
frontend/src/components/features/orchestration/modern-flow-diagram.tsx(745,5): error TS17004: Cannot use JSX unless the '--jsx' flag is provided.
frontend/src/components/features/orchestration/modern-flow-diagram.tsx(747,9): error TS17004: Cannot use JSX unless the '--jsx' flag is provided.
frontend/src/components/features/orchestration/modern-flow-diagram.tsx(777,21): error TS7053: Element implicitly has an 'any' type because expression of type 'any' can't be used to index type '{ product_manager: string; architect: string; engineer: string; qa: string; }'.
frontend/src/components/features/orchestration/modern-flow-diagram.tsx(782,5): error TS17004: Cannot use JSX unless the '--jsx' flag is provided.
frontend/src/components/features/orchestration/modern-flow-diagram.tsx(789,7): error TS17004: Cannot use JSX unless the '--jsx' flag is provided.
frontend/src/components/features/orchestration/modern-flow-diagram.tsx(790,9): error TS17004: Cannot use JSX unless the '--jsx' flag is provided.
frontend/src/components/features/orchestration/modern-flow-diagram.tsx(791,26): error TS17004: Cannot use JSX unless the '--jsx' flag is provided.
frontend/src/components/features/orchestration/modern-flow-diagram.tsx(792,24): error TS17004: Cannot use JSX unless the '--jsx' flag is provided.
frontend/src/components/features/orchestration/modern-flow-diagram.tsx(793,40): error TS17004: Cannot use JSX unless the '--jsx' flag is provided.
frontend/src/components/features/orchestration/modern-flow-diagram.tsx(795,21): error TS17004: Cannot use JSX unless the '--jsx' flag is provided.
frontend/src/components/features/orchestration/modern-flow-diagram.tsx(797,7): error TS17004: Cannot use JSX unless the '--jsx' flag is provided.
frontend/src/components/features/orchestration/modern-flow-diagram.tsx(798,9): error TS17004: Cannot use JSX unless the '--jsx' flag is provided.
frontend/src/components/features/orchestration/modern-flow-diagram.tsx(799,11): error TS17004: Cannot use JSX unless the '--jsx' flag is provided.
frontend/src/components/features/orchestration/modern-flow-diagram.tsx(802,11): error TS17004: Cannot use JSX unless the '--jsx' flag is provided.
frontend/src/components/features/orchestration/modern-flow-diagram.tsx(806,9): error TS17004: Cannot use JSX unless the '--jsx' flag is provided.
frontend/src/components/features/orchestration/modern-flow-diagram.tsx(808,11): error TS17004: Cannot use JSX unless the '--jsx' flag is provided.
frontend/src/components/features/orchestration/modern-flow-diagram.tsx(811,11): error TS17004: Cannot use JSX unless the '--jsx' flag is provided.
frontend/src/components/features/orchestration/orchestration-diagram-panel.tsx(2,38): error TS2835: Relative import paths need explicit file extensions in ECMAScript imports when '--moduleResolution' is 'node16' or 'nodenext'. Did you mean './mermaid-diagram-viewer.js'?
frontend/src/components/features/orchestration/orchestration-diagram-panel.tsx(4,3): error TS2614: Module '"#/*"' has no exported member 'autoGenerateDiagram'. Did you mean to use 'import autoGenerateDiagram from "#/*"' instead?
frontend/src/components/features/orchestration/orchestration-diagram-panel.tsx(5,3): error TS2614: Module '"#/*"' has no exported member 'generateOrchestrationFlow'. Did you mean to use 'import generateOrchestrationFlow from "#/*"' instead?
frontend/src/components/features/orchestration/orchestration-diagram-panel.tsx(6,3): error TS2614: Module '"#/*"' has no exported member 'generateApiSequenceDiagram'. Did you mean to use 'import generateApiSequenceDiagram from "#/*"' instead?
frontend/src/components/features/orchestration/orchestration-diagram-panel.tsx(8,10): error TS2614: Module '"#/*"' has no exported member 'useMetaSOPOrchestration'. Did you mean to use 'import useMetaSOPOrchestration from "#/*"' instead?
frontend/src/components/features/orchestration/orchestration-diagram-panel.tsx(9,10): error TS2614: Module '"#/*"' has no exported member 'applyAllNodeEnhancements'. Did you mean to use 'import applyAllNodeEnhancements from "#/*"' instead?
frontend/src/components/features/orchestration/orchestration-diagram-panel.tsx(10,36): error TS2835: Relative import paths need explicit file extensions in ECMAScript imports when '--moduleResolution' is 'node16' or 'nodenext'. Did you mean './clean-visualizations.js'?
frontend/src/components/features/orchestration/orchestration-diagram-panel.tsx(11,66): error TS2835: Relative import paths need explicit file extensions in ECMAScript imports when '--moduleResolution' is 'node16' or 'nodenext'. Did you mean './modern-flow-diagram.js'?
frontend/src/components/features/orchestration/orchestration-diagram-panel.tsx(12,10): error TS2614: Module '"#/*"' has no exported member 'parseArtifact'. Did you mean to use 'import parseArtifact from "#/*"' instead?
frontend/src/components/features/orchestration/orchestration-diagram-panel.tsx(13,15): error TS2614: Module '"#/*"' has no exported member 'OrchestrationStep'. Did you mean to use 'import OrchestrationStep from "#/*"' instead?
frontend/src/components/features/orchestration/orchestration-diagram-panel.tsx(53,20): error TS7006: Parameter 'step' implicitly has an 'any' type.
frontend/src/components/features/orchestration/orchestration-diagram-panel.tsx(98,34): error TS7006: Parameter 's' implicitly has an 'any' type.
frontend/src/components/features/orchestration/orchestration-diagram-panel.tsx(102,21): error TS7006: Parameter 's' implicitly has an 'any' type.
frontend/src/components/features/orchestration/orchestration-diagram-panel.tsx(153,5): error TS17004: Cannot use JSX unless the '--jsx' flag is provided.
frontend/src/components/features/orchestration/orchestration-diagram-panel.tsx(157,7): error TS17004: Cannot use JSX unless the '--jsx' flag is provided.
frontend/src/components/features/orchestration/orchestration-diagram-panel.tsx(158,9): error TS17004: Cannot use JSX unless the '--jsx' flag is provided.
frontend/src/components/features/orchestration/orchestration-diagram-panel.tsx(160,13): error TS17004: Cannot use JSX unless the '--jsx' flag is provided.
frontend/src/components/features/orchestration/orchestration-diagram-panel.tsx(165,15): error TS17004: Cannot use JSX unless the '--jsx' flag is provided.
frontend/src/components/features/orchestration/orchestration-diagram-panel.tsx(171,17): error TS17004: Cannot use JSX unless the '--jsx' flag is provided.
frontend/src/components/features/orchestration/orchestration-diagram-panel.tsx(180,11): error TS17004: Cannot use JSX unless the '--jsx' flag is provided.
frontend/src/components/features/orchestration/orchestration-diagram-panel.tsx(186,13): error TS17004: Cannot use JSX unless the '--jsx' flag is provided.
frontend/src/components/features/orchestration/orchestration-diagram-panel.tsx(193,11): error TS17004: Cannot use JSX unless the '--jsx' flag is provided.
frontend/src/components/features/orchestration/orchestration-diagram-panel.tsx(197,13): error TS17004: Cannot use JSX unless the '--jsx' flag is provided.
frontend/src/components/features/orchestration/orchestration-diagram-panel.tsx(202,9): error TS17004: Cannot use JSX unless the '--jsx' flag is provided.
frontend/src/components/features/orchestration/orchestration-diagram-panel.tsx(211,9): error TS17004: Cannot use JSX unless the '--jsx' flag is provided.
frontend/src/components/features/orchestration/orchestration-diagram-panel.tsx(212,11): error TS17004: Cannot use JSX unless the '--jsx' flag is provided.
frontend/src/components/features/orchestration/orchestration-diagram-panel.tsx(219,13): error TS17004: Cannot use JSX unless the '--jsx' flag is provided.
frontend/src/components/features/orchestration/orchestration-diagram-panel.tsx(225,15): error TS17004: Cannot use JSX unless the '--jsx' flag is provided.
frontend/src/components/features/orchestration/orchestration-diagram-panel.tsx(231,15): error TS17004: Cannot use JSX unless the '--jsx' flag is provided.
frontend/src/components/features/orchestration/orchestration-diagram-panel.tsx(244,7): error TS17004: Cannot use JSX unless the '--jsx' flag is provided.
frontend/src/components/features/orchestration/orchestration-diagram-panel.tsx(246,11): error TS17004: Cannot use JSX unless the '--jsx' flag is provided.
frontend/src/components/features/orchestration/orchestration-diagram-panel.tsx(261,7): error TS17004: Cannot use JSX unless the '--jsx' flag is provided.
frontend/src/components/features/orchestration/orchestration-diagram-panel.tsx(263,11): error TS17004: Cannot use JSX unless the '--jsx' flag is provided.
frontend/src/components/features/orchestration/orchestration-diagram-panel.tsx(264,13): error TS17004: Cannot use JSX unless the '--jsx' flag is provided.
frontend/src/components/features/orchestration/orchestration-diagram-panel.tsx(267,17): error TS17004: Cannot use JSX unless the '--jsx' flag is provided.
frontend/src/components/features/orchestration/orchestration-diagram-panel.tsx(273,15): error TS17004: Cannot use JSX unless the '--jsx' flag is provided.
frontend/src/components/features/orchestration/orchestration-diagram-panel.tsx(276,31): error TS7006: Parameter 'step' implicitly has an 'any' type.
frontend/src/components/features/orchestration/orchestration-diagram-panel.tsx(282,15): error TS17004: Cannot use JSX unless the '--jsx' flag is provided.
frontend/src/components/features/orchestration/orchestration-diagram-panel.tsx(283,17): error TS17004: Cannot use JSX unless the '--jsx' flag is provided.
frontend/src/components/features/orchestration/orchestration-diagram-panel.tsx(289,19): error TS17004: Cannot use JSX unless the '--jsx' flag is provided.
frontend/src/components/features/orchestration/orchestration-diagram-panel.tsx(296,17): error TS17004: Cannot use JSX unless the '--jsx' flag is provided.
frontend/src/components/features/orchestration/orchestration-diagram-panel.tsx(297,17): error TS17004: Cannot use JSX unless the '--jsx' flag is provided.
frontend/src/components/features/orchestration/orchestration-diagram-panel.tsx(306,11): error TS17004: Cannot use JSX unless the '--jsx' flag is provided.
frontend/src/components/features/orchestration/orchestration-diagram-panel.tsx(307,13): error TS17004: Cannot use JSX unless the '--jsx' flag is provided.
frontend/src/components/features/orchestration/orchestration-diagram-panel.tsx(311,15): error TS17004: Cannot use JSX unless the '--jsx' flag is provided.
frontend/src/components/features/orchestration/orchestration-diagram-panel.tsx(312,29): error TS7006: Parameter 'step' implicitly has an 'any' type.
frontend/src/components/features/orchestration/orchestration-diagram-panel.tsx(314,21): error TS17004: Cannot use JSX unless the '--jsx' flag is provided.
frontend/src/components/features/orchestration/orchestration-diagram-panel.tsx(315,23): error TS17004: Cannot use JSX unless the '--jsx' flag is provided.
frontend/src/components/features/orchestration/orchestration-diagram-panel.tsx(318,41): error TS7006: Parameter 'action' implicitly has an 'any' type.
frontend/src/components/features/orchestration/orchestration-diagram-panel.tsx(318,49): error TS7006: Parameter 'data' implicitly has an 'any' type.
frontend/src/components/features/orchestration/orchestration-diagram-panel.tsx(325,31): error TS7006: Parameter 's' implicitly has an 'any' type.
frontend/src/components/features/orchestration/orchestration-diagram-panel.tsx(326,19): error TS17004: Cannot use JSX unless the '--jsx' flag is provided.
frontend/src/components/features/orchestration/orchestration-diagram-panel.tsx(327,21): error TS17004: Cannot use JSX unless the '--jsx' flag is provided.
frontend/src/components/features/orchestration/orchestration-diagram-panel.tsx(332,15): error TS17004: Cannot use JSX unless the '--jsx' flag is provided.
frontend/src/components/features/orchestration/orchestration-diagram-panel.tsx(333,17): error TS17004: Cannot use JSX unless the '--jsx' flag is provided.
frontend/src/components/features/orchestration/orchestration-diagram-panel.tsx(334,17): error TS17004: Cannot use JSX unless the '--jsx' flag is provided.
frontend/src/components/features/orchestration/orchestration-diagram-panel.tsx(343,11): error TS17004: Cannot use JSX unless the '--jsx' flag is provided.
frontend/src/components/features/orchestration/orchestration-diagram-panel.tsx(344,13): error TS17004: Cannot use JSX unless the '--jsx' flag is provided.
frontend/src/components/features/orchestration/orchestration-diagram-panel.tsx(347,17): error TS17004: Cannot use JSX unless the '--jsx' flag is provided.
frontend/src/components/features/orchestration/orchestration-diagram-panel.tsx(353,15): error TS17004: Cannot use JSX unless the '--jsx' flag is provided.
frontend/src/components/features/orchestration/orchestration-diagram-panel.tsx(359,15): error TS17004: Cannot use JSX unless the '--jsx' flag is provided.
frontend/src/components/features/orchestration/orchestration-diagram-panel.tsx(360,17): error TS17004: Cannot use JSX unless the '--jsx' flag is provided.
frontend/src/components/features/orchestration/orchestration-diagram-panel.tsx(366,19): error TS17004: Cannot use JSX unless the '--jsx' flag is provided.
frontend/src/components/features/orchestration/orchestration-diagram-panel.tsx(373,17): error TS17004: Cannot use JSX unless the '--jsx' flag is provided.
frontend/src/components/features/orchestration/orchestration-diagram-panel.tsx(374,17): error TS17004: Cannot use JSX unless the '--jsx' flag is provided.
frontend/src/components/features/orchestration/orchestration-diagram-panel.tsx(383,11): error TS17004: Cannot use JSX unless the '--jsx' flag is provided.
frontend/src/components/features/orchestration/orchestration-diagram-panel.tsx(384,13): error TS17004: Cannot use JSX unless the '--jsx' flag is provided.
frontend/src/components/features/orchestration/orchestration-diagram-panel.tsx(388,15): error TS17004: Cannot use JSX unless the '--jsx' flag is provided.
frontend/src/components/features/orchestration/orchestration-diagram-panel.tsx(393,15): error TS17004: Cannot use JSX unless the '--jsx' flag is provided.
frontend/src/components/features/orchestration/orchestration-diagram-panel.tsx(401,11): error TS17004: Cannot use JSX unless the '--jsx' flag is provided.
frontend/src/components/features/orchestration/orchestration-diagram-panel.tsx(402,13): error TS17004: Cannot use JSX unless the '--jsx' flag is provided.
frontend/src/components/features/orchestration/orchestration-diagram-panel.tsx(406,15): error TS17004: Cannot use JSX unless the '--jsx' flag is provided.
frontend/src/components/features/orchestration/orchestration-diagram-panel.tsx(411,15): error TS17004: Cannot use JSX unless the '--jsx' flag is provided.
frontend/src/components/features/orchestration/orchestration-diagram-panel.tsx(419,11): error TS17004: Cannot use JSX unless the '--jsx' flag is provided.
frontend/src/components/features/orchestration/orchestration-diagram-panel.tsx(420,13): error TS17004: Cannot use JSX unless the '--jsx' flag is provided.
frontend/src/components/features/orchestration/orchestration-diagram-panel.tsx(424,15): error TS17004: Cannot use JSX unless the '--jsx' flag is provided.
frontend/src/components/features/orchestration/orchestration-diagram-panel.tsx(429,15): error TS17004: Cannot use JSX unless the '--jsx' flag is provided.
frontend/src/components/features/orchestration/orchestration-diagram-panel.tsx(437,11): error TS17004: Cannot use JSX unless the '--jsx' flag is provided.
frontend/src/components/features/orchestration/orchestration-diagram-panel.tsx(438,13): error TS17004: Cannot use JSX unless the '--jsx' flag is provided.
frontend/src/components/features/orchestration/orchestration-diagram-panel.tsx(442,15): error TS17004: Cannot use JSX unless the '--jsx' flag is provided.
frontend/src/components/features/orchestration/orchestration-diagram-panel.tsx(447,15): error TS17004: Cannot use JSX unless the '--jsx' flag is provided.
frontend/src/components/features/orchestration/orchestration-diagram-panel.tsx(455,11): error TS17004: Cannot use JSX unless the '--jsx' flag is provided.
frontend/src/components/features/orchestration/orchestration-diagram-panel.tsx(456,13): error TS17004: Cannot use JSX unless the '--jsx' flag is provided.
frontend/src/components/features/orchestration/orchestration-diagram-panel.tsx(460,15): error TS17004: Cannot use JSX unless the '--jsx' flag is provided.
frontend/src/components/features/orchestration/orchestration-diagram-panel.tsx(465,15): error TS17004: Cannot use JSX unless the '--jsx' flag is provided.
frontend/src/components/features/orchestration/orchestration-diagram-panel.tsx(473,11): error TS17004: Cannot use JSX unless the '--jsx' flag is provided.
frontend/src/components/features/orchestration/orchestration-diagram-panel.tsx(474,13): error TS17004: Cannot use JSX unless the '--jsx' flag is provided.
frontend/src/components/features/orchestration/orchestration-diagram-panel.tsx(478,15): error TS17004: Cannot use JSX unless the '--jsx' flag is provided.
frontend/src/components/features/orchestration/orchestration-diagram-panel.tsx(483,15): error TS17004: Cannot use JSX unless the '--jsx' flag is provided.
frontend/src/components/features/orchestration/orchestration-diagram-panel.tsx(491,11): error TS17004: Cannot use JSX unless the '--jsx' flag is provided.
frontend/src/components/features/orchestration/orchestration-diagram-panel.tsx(492,13): error TS17004: Cannot use JSX unless the '--jsx' flag is provided.
frontend/src/components/features/orchestration/orchestration-diagram-panel.tsx(495,13): error TS17004: Cannot use JSX unless the '--jsx' flag is provided.
frontend/src/components/features/orchestration/orchestration-diagram-panel.tsx(496,27): error TS7006: Parameter 'step' implicitly has an 'any' type.
frontend/src/components/features/orchestration/orchestration-diagram-panel.tsx(497,17): error TS17004: Cannot use JSX unless the '--jsx' flag is provided.
frontend/src/components/features/orchestration/orchestration-diagram-panel.tsx(501,19): error TS17004: Cannot use JSX unless the '--jsx' flag is provided.
frontend/src/components/features/orchestration/orchestration-diagram-panel.tsx(502,21): error TS17004: Cannot use JSX unless the '--jsx' flag is provided.
frontend/src/components/features/orchestration/orchestration-diagram-panel.tsx(505,21): error TS17004: Cannot use JSX unless the '--jsx' flag is provided.
frontend/src/components/features/orchestration/orchestration-diagram-panel.tsx(518,21): error TS17004: Cannot use JSX unless the '--jsx' flag is provided.
frontend/src/components/features/payment/payment-form.tsx(3,10): error TS2614: Module '"#/*"' has no exported member 'useCreateStripeCheckoutSession'. Did you mean to use 'import useCreateStripeCheckoutSession from "#/*"' instead?
frontend/src/components/features/payment/payment-form.tsx(4,10): error TS2614: Module '"#/*"' has no exported member 'useBalance'. Did you mean to use 'import useBalance from "#/*"' instead?
frontend/src/components/features/payment/payment-form.tsx(5,10): error TS2614: Module '"#/*"' has no exported member 'cn'. Did you mean to use 'import cn from "#/*"' instead?
frontend/src/components/features/payment/payment-form.tsx(7,31): error TS2835: Relative import paths need explicit file extensions in ECMAScript imports when '--moduleResolution' is 'node16' or 'nodenext'. Did you mean '../settings/settings-input.js'?
frontend/src/components/features/payment/payment-form.tsx(8,29): error TS2835: Relative import paths need explicit file extensions in ECMAScript imports when '--moduleResolution' is 'node16' or 'nodenext'. Did you mean '../settings/brand-button.js'?
frontend/src/components/features/payment/payment-form.tsx(9,10): error TS2614: Module '"#/*"' has no exported member 'LoadingSpinner'. Did you mean to use 'import LoadingSpinner from "#/*"' instead?
frontend/src/components/features/payment/payment-form.tsx(10,10): error TS2614: Module '"#/*"' has no exported member 'amountIsValid'. Did you mean to use 'import amountIsValid from "#/*"' instead?
frontend/src/components/features/payment/payment-form.tsx(11,10): error TS2614: Module '"#/*"' has no exported member 'I18nKey'. Did you mean to use 'import I18nKey from "#/*"' instead?
frontend/src/components/features/payment/payment-form.tsx(12,36): error TS2835: Relative import paths need explicit file extensions in ECMAScript imports when '--moduleResolution' is 'node16' or 'nodenext'. Did you mean './powered-by-stripe-tag.js'?
frontend/src/components/features/payment/payment-form.tsx(41,5): error TS17004: Cannot use JSX unless the '--jsx' flag is provided.
frontend/src/components/features/payment/payment-form.tsx(46,7): error TS17004: Cannot use JSX unless the '--jsx' flag is provided.
frontend/src/components/features/payment/payment-form.tsx(52,9): error TS17004: Cannot use JSX unless the '--jsx' flag is provided.
frontend/src/components/features/payment/payment-form.tsx(53,11): error TS17004: Cannot use JSX unless the '--jsx' flag is provided.
frontend/src/components/features/payment/payment-form.tsx(54,11): error TS17004: Cannot use JSX unless the '--jsx' flag is provided.
frontend/src/components/features/payment/payment-form.tsx(57,11): error TS17004: Cannot use JSX unless the '--jsx' flag is provided.
frontend/src/components/features/payment/payment-form.tsx(59,23): error TS17004: Cannot use JSX unless the '--jsx' flag is provided.
frontend/src/components/features/payment/payment-form.tsx(62,7): error TS17004: Cannot use JSX unless the '--jsx' flag is provided.
frontend/src/components/features/payment/payment-form.tsx(63,9): error TS17004: Cannot use JSX unless the '--jsx' flag is provided.
frontend/src/components/features/payment/payment-form.tsx(76,9): error TS17004: Cannot use JSX unless the '--jsx' flag is provided.
frontend/src/components/features/payment/payment-form.tsx(77,11): error TS17004: Cannot use JSX unless the '--jsx' flag is provided.
frontend/src/components/features/payment/payment-form.tsx(84,25): error TS17004: Cannot use JSX unless the '--jsx' flag is provided.
frontend/src/components/features/payment/payment-form.tsx(85,11): error TS17004: Cannot use JSX unless the '--jsx' flag is provided.
frontend/src/components/features/payment/powered-by-stripe-tag.tsx(2,10): error TS2614: Module '"#/*"' has no exported member 'I18nKey'. Did you mean to use 'import I18nKey from "#/*"' instead?
frontend/src/components/features/payment/powered-by-stripe-tag.tsx(9,5): error TS17004: Cannot use JSX unless the '--jsx' flag is provided.
frontend/src/components/features/payment/powered-by-stripe-tag.tsx(10,7): error TS17004: Cannot use JSX unless the '--jsx' flag is provided.
frontend/src/components/features/payment/powered-by-stripe-tag.tsx(13,7): error TS17004: Cannot use JSX unless the '--jsx' flag is provided.
frontend/src/components/features/payment/setup-payment-modal.tsx(3,10): error TS2614: Module '"#/*"' has no exported member 'I18nKey'. Did you mean to use 'import I18nKey from "#/*"' instead?
frontend/src/components/features/payment/setup-payment-modal.tsx(5,10): error TS2614: Module '"#/*"' has no exported member 'ModalBackdrop'. Did you mean to use 'import ModalBackdrop from "#/*"' instead?
frontend/src/components/features/payment/setup-payment-modal.tsx(6,10): error TS2614: Module '"#/*"' has no exported member 'ModalBody'. Did you mean to use 'import ModalBody from "#/*"' instead?
frontend/src/components/features/payment/setup-payment-modal.tsx(8,29): error TS2835: Relative import paths need explicit file extensions in ECMAScript imports when '--moduleResolution' is 'node16' or 'nodenext'. Did you mean '../settings/brand-button.js'?
frontend/src/components/features/payment/setup-payment-modal.tsx(9,10): error TS2614: Module '"#/*"' has no exported member 'displayErrorToast'. Did you mean to use 'import displayErrorToast from "#/*"' instead?
frontend/src/components/features/payment/setup-payment-modal.tsx(16,7): error TS2322: Type 'unknown' is not assignable to type 'string'.
frontend/src/components/features/payment/setup-payment-modal.tsx(24,5): error TS17004: Cannot use JSX unless the '--jsx' flag is provided.
frontend/src/components/features/payment/setup-payment-modal.tsx(25,7): error TS17004: Cannot use JSX unless the '--jsx' flag is provided.
frontend/src/components/features/payment/setup-payment-modal.tsx(26,9): error TS17004: Cannot use JSX unless the '--jsx' flag is provided.
frontend/src/components/features/payment/setup-payment-modal.tsx(32,9): error TS17004: Cannot use JSX unless the '--jsx' flag is provided.
frontend/src/components/features/payment/setup-payment-modal.tsx(33,11): error TS17004: Cannot use JSX unless the '--jsx' flag is provided.
frontend/src/components/features/payment/setup-payment-modal.tsx(36,11): error TS17004: Cannot use JSX unless the '--jsx' flag is provided.
frontend/src/components/features/payment/setup-payment-modal.tsx(37,13): error TS17004: Cannot use JSX unless the '--jsx' flag is provided.
frontend/src/components/features/payment/setup-payment-modal.tsx(39,32): error TS17004: Cannot use JSX unless the '--jsx' flag is provided.
frontend/src/components/features/payment/setup-payment-modal.tsx(43,9): error TS17004: Cannot use JSX unless the '--jsx' flag is provided.
frontend/src/components/features/progress/progress-indicator.tsx(4,10): error TS2614: Module '"#/*"' has no exported member 'RootState'. Did you mean to use 'import RootState from "#/*"' instead?
frontend/src/components/features/progress/progress-indicator.tsx(5,10): error TS2614: Module '"#/*"' has no exported member 'selectProgressData'. Did you mean to use 'import selectProgressData from "#/*"' instead?
frontend/src/components/features/progress/progress-indicator.tsx(48,5): error TS17004: Cannot use JSX unless the '--jsx' flag is provided.
frontend/src/components/features/progress/progress-indicator.tsx(50,7): error TS17004: Cannot use JSX unless the '--jsx' flag is provided.
frontend/src/components/features/progress/progress-indicator.tsx(51,9): error TS17004: Cannot use JSX unless the '--jsx' flag is provided.
frontend/src/components/features/progress/progress-indicator.tsx(55,7): error TS17004: Cannot use JSX unless the '--jsx' flag is provided.
frontend/src/components/features/progress/progress-indicator.tsx(57,9): error TS17004: Cannot use JSX unless the '--jsx' flag is provided.
frontend/src/components/features/progress/progress-indicator.tsx(58,11): error TS17004: Cannot use JSX unless the '--jsx' flag is provided.
frontend/src/components/features/progress/progress-indicator.tsx(59,13): error TS17004: Cannot use JSX unless the '--jsx' flag is provided.
frontend/src/components/features/progress/progress-indicator.tsx(60,13): error TS17004: Cannot use JSX unless the '--jsx' flag is provided.
frontend/src/components/features/progress/progress-indicator.tsx(64,11): error TS17004: Cannot use JSX unless the '--jsx' flag is provided.
frontend/src/components/features/progress/progress-indicator.tsx(65,13): error TS17004: Cannot use JSX unless the '--jsx' flag is provided.
frontend/src/components/features/progress/progress-indicator.tsx(72,9): error TS17004: Cannot use JSX unless the '--jsx' flag is provided.
frontend/src/components/features/progress/progress-indicator.tsx(74,11): error TS17004: Cannot use JSX unless the '--jsx' flag is provided.
frontend/src/components/features/progress/progress-indicator.tsx(77,11): error TS17004: Cannot use JSX unless the '--jsx' flag is provided.
frontend/src/components/features/progress/progress-indicator.tsx(88,9): error TS17004: Cannot use JSX unless the '--jsx' flag is provided.
frontend/src/components/features/progress/progress-indicator.tsx(91,13): error TS17004: Cannot use JSX unless the '--jsx' flag is provided.
frontend/src/components/features/progress/progress-indicator.tsx(92,15): error TS17004: Cannot use JSX unless the '--jsx' flag is provided.
frontend/src/components/features/progress/progress-indicator.tsx(93,15): error TS17004: Cannot use JSX unless the '--jsx' flag is provided.
frontend/src/components/features/progress/progress-indicator.tsx(94,17): error TS17004: Cannot use JSX unless the '--jsx' flag is provided.
frontend/src/components/features/progress/progress-indicator.tsx(96,17): error TS17004: Cannot use JSX unless the '--jsx' flag is provided.
frontend/src/components/features/progress/progress-indicator.tsx(102,11): error TS17004: Cannot use JSX unless the '--jsx' flag is provided.
frontend/src/components/features/progress/progress-indicator.tsx(103,13): error TS17004: Cannot use JSX unless the '--jsx' flag is provided.
frontend/src/components/features/progress/progress-indicator.tsx(104,13): error TS17004: Cannot use JSX unless the '--jsx' flag is provided.
frontend/src/components/features/progress/progress-indicator.tsx(105,15): error TS17004: Cannot use JSX unless the '--jsx' flag is provided.
frontend/src/components/features/progress/progress-indicator.tsx(106,15): error TS17004: Cannot use JSX unless the '--jsx' flag is provided.
frontend/src/components/features/progress/progress-indicator.tsx(112,13): error TS17004: Cannot use JSX unless the '--jsx' flag is provided.
frontend/src/components/features/progress/progress-indicator.tsx(113,15): error TS17004: Cannot use JSX unless the '--jsx' flag is provided.
frontend/src/components/features/progress/progress-indicator.tsx(114,15): error TS17004: Cannot use JSX unless the '--jsx' flag is provided.
frontend/src/components/features/progress/progress-indicator.tsx(115,17): error TS17004: Cannot use JSX unless the '--jsx' flag is provided.
frontend/src/components/features/progress/progress-indicator.tsx(116,17): error TS17004: Cannot use JSX unless the '--jsx' flag is provided.
frontend/src/components/features/progress/progress-indicator.tsx(124,11): error TS17004: Cannot use JSX unless the '--jsx' flag is provided.
frontend/src/components/features/progress/progress-indicator.tsx(125,13): error TS17004: Cannot use JSX unless the '--jsx' flag is provided.
frontend/src/components/features/progress/progress-indicator.tsx(133,7): error TS17004: Cannot use JSX unless the '--jsx' flag is provided.
frontend/src/components/features/progress/progress-indicator.tsx(153,5): error TS17004: Cannot use JSX unless the '--jsx' flag is provided.
frontend/src/components/features/progress/progress-indicator.tsx(154,7): error TS17004: Cannot use JSX unless the '--jsx' flag is provided.
frontend/src/components/features/progress/progress-indicator.tsx(155,7): error TS17004: Cannot use JSX unless the '--jsx' flag is provided.
frontend/src/components/features/progress/progress-indicator.tsx(158,7): error TS17004: Cannot use JSX unless the '--jsx' flag is provided.
frontend/src/components/features/prompts/__tests__/prompt-card.test.tsx(5,28): error TS2835: Relative import paths need explicit file extensions in ECMAScript imports when '--moduleResolution' is 'node16' or 'nodenext'. Did you mean '../prompt-card.js'?
frontend/src/components/features/prompts/__tests__/prompt-card.test.tsx(6,10): error TS2614: Module '"#/*"' has no exported member 'PromptCategory'. Did you mean to use 'import PromptCategory from "#/*"' instead?
frontend/src/components/features/prompts/__tests__/prompt-card.test.tsx(6,31): error TS2614: Module '"#/*"' has no exported member 'PromptTemplate'. Did you mean to use 'import PromptTemplate from "#/*"' instead?
frontend/src/components/features/prompts/__tests__/prompt-card.test.tsx(22,19): error TS17004: Cannot use JSX unless the '--jsx' flag is provided.
frontend/src/components/features/prompts/__tests__/prompt-card.test.tsx(23,15): error TS17004: Cannot use JSX unless the '--jsx' flag is provided.
frontend/src/components/features/prompts/__tests__/prompt-card.test.tsx(24,15): error TS17004: Cannot use JSX unless the '--jsx' flag is provided.
frontend/src/components/features/prompts/__tests__/prompt-card.test.tsx(25,19): error TS17004: Cannot use JSX unless the '--jsx' flag is provided.
frontend/src/components/features/prompts/__tests__/prompt-card.test.tsx(26,34): error TS17004: Cannot use JSX unless the '--jsx' flag is provided.
frontend/src/components/features/prompts/__tests__/prompt-card.test.tsx(27,23): error TS17004: Cannot use JSX unless the '--jsx' flag is provided.
frontend/src/components/features/prompts/__tests__/prompt-card.test.tsx(28,15): error TS17004: Cannot use JSX unless the '--jsx' flag is provided.
frontend/src/components/features/prompts/__tests__/prompt-card.test.tsx(29,17): error TS17004: Cannot use JSX unless the '--jsx' flag is provided.
frontend/src/components/features/prompts/__tests__/prompt-card.test.tsx(30,15): error TS17004: Cannot use JSX unless the '--jsx' flag is provided.
frontend/src/components/features/prompts/__tests__/prompt-card.test.tsx(61,12): error TS17004: Cannot use JSX unless the '--jsx' flag is provided.
frontend/src/components/features/prompts/__tests__/prompt-card.test.tsx(68,12): error TS17004: Cannot use JSX unless the '--jsx' flag is provided.
frontend/src/components/features/prompts/__tests__/prompt-card.test.tsx(74,12): error TS17004: Cannot use JSX unless the '--jsx' flag is provided.
frontend/src/components/features/prompts/__tests__/prompt-card.test.tsx(82,12): error TS17004: Cannot use JSX unless the '--jsx' flag is provided.
frontend/src/components/features/prompts/__tests__/prompt-card.test.tsx(89,12): error TS17004: Cannot use JSX unless the '--jsx' flag is provided.
frontend/src/components/features/prompts/__tests__/prompt-card.test.tsx(96,28): error TS2339: Property 'setup' does not exist on type 'typeof import("C:/Users/GIGABYTE/Desktop/Forge/frontend/node_modules/@testing-library/user-event/dist/types/index")'.
frontend/src/components/features/prompts/__tests__/prompt-card.test.tsx(97,12): error TS17004: Cannot use JSX unless the '--jsx' flag is provided.
frontend/src/components/features/prompts/__tests__/prompt-card.test.tsx(106,28): error TS2339: Property 'setup' does not exist on type 'typeof import("C:/Users/GIGABYTE/Desktop/Forge/frontend/node_modules/@testing-library/user-event/dist/types/index")'.
frontend/src/components/features/prompts/__tests__/prompt-card.test.tsx(107,12): error TS17004: Cannot use JSX unless the '--jsx' flag is provided.
frontend/src/components/features/prompts/__tests__/prompt-card.test.tsx(120,28): error TS2339: Property 'setup' does not exist on type 'typeof import("C:/Users/GIGABYTE/Desktop/Forge/frontend/node_modules/@testing-library/user-event/dist/types/index")'.
frontend/src/components/features/prompts/__tests__/prompt-card.test.tsx(121,12): error TS17004: Cannot use JSX unless the '--jsx' flag is provided.
frontend/src/components/features/prompts/__tests__/prompt-card.test.tsx(133,28): error TS2339: Property 'setup' does not exist on type 'typeof import("C:/Users/GIGABYTE/Desktop/Forge/frontend/node_modules/@testing-library/user-event/dist/types/index")'.
frontend/src/components/features/prompts/__tests__/prompt-card.test.tsx(134,12): error TS17004: Cannot use JSX unless the '--jsx' flag is provided.
frontend/src/components/features/prompts/__tests__/prompt-card.test.tsx(146,28): error TS2339: Property 'setup' does not exist on type 'typeof import("C:/Users/GIGABYTE/Desktop/Forge/frontend/node_modules/@testing-library/user-event/dist/types/index")'.
frontend/src/components/features/prompts/__tests__/prompt-card.test.tsx(147,12): error TS17004: Cannot use JSX unless the '--jsx' flag is provided.
frontend/src/components/features/prompts/__tests__/prompt-card.test.tsx(159,28): error TS2339: Property 'setup' does not exist on type 'typeof import("C:/Users/GIGABYTE/Desktop/Forge/frontend/node_modules/@testing-library/user-event/dist/types/index")'.
frontend/src/components/features/prompts/__tests__/prompt-card.test.tsx(168,12): error TS17004: Cannot use JSX unless the '--jsx' flag is provided.
frontend/src/components/features/prompts/__tests__/prompt-card.test.tsx(180,28): error TS2339: Property 'setup' does not exist on type 'typeof import("C:/Users/GIGABYTE/Desktop/Forge/frontend/node_modules/@testing-library/user-event/dist/types/index")'.
frontend/src/components/features/prompts/__tests__/prompt-card.test.tsx(181,12): error TS17004: Cannot use JSX unless the '--jsx' flag is provided.
frontend/src/components/features/prompts/__tests__/prompt-card.test.tsx(205,12): error TS17004: Cannot use JSX unless the '--jsx' flag is provided.
frontend/src/components/features/prompts/__tests__/prompt-card.test.tsx(214,12): error TS17004: Cannot use JSX unless the '--jsx' flag is provided.
frontend/src/components/features/prompts/__tests__/prompt-form-modal.test.tsx(5,33): error TS2835: Relative import paths need explicit file extensions in ECMAScript imports when '--moduleResolution' is 'node16' or 'nodenext'. Did you mean '../prompt-form-modal.js'?
frontend/src/components/features/prompts/__tests__/prompt-form-modal.test.tsx(6,10): error TS2614: Module '"#/*"' has no exported member 'PromptCategory'. Did you mean to use 'import PromptCategory from "#/*"' instead?
frontend/src/components/features/prompts/__tests__/prompt-form-modal.test.tsx(17,12): error TS17004: Cannot use JSX unless the '--jsx' flag is provided.
frontend/src/components/features/prompts/__tests__/prompt-form-modal.test.tsx(18,15): error TS17004: Cannot use JSX unless the '--jsx' flag is provided.
frontend/src/components/features/prompts/__tests__/prompt-form-modal.test.tsx(19,17): error TS17004: Cannot use JSX unless the '--jsx' flag is provided.
frontend/src/components/features/prompts/__tests__/prompt-form-modal.test.tsx(20,21): error TS17004: Cannot use JSX unless the '--jsx' flag is provided.
frontend/src/components/features/prompts/__tests__/prompt-form-modal.test.tsx(31,12): error TS17004: Cannot use JSX unless the '--jsx' flag is provided.
frontend/src/components/features/prompts/__tests__/prompt-form-modal.test.tsx(37,12): error TS17004: Cannot use JSX unless the '--jsx' flag is provided.
frontend/src/components/features/prompts/__tests__/prompt-form-modal.test.tsx(59,12): error TS17004: Cannot use JSX unless the '--jsx' flag is provided.
frontend/src/components/features/prompts/__tests__/prompt-form-modal.test.tsx(67,28): error TS2339: Property 'setup' does not exist on type 'typeof import("C:/Users/GIGABYTE/Desktop/Forge/frontend/node_modules/@testing-library/user-event/dist/types/index")'.
frontend/src/components/features/prompts/__tests__/prompt-form-modal.test.tsx(68,12): error TS17004: Cannot use JSX unless the '--jsx' flag is provided.
frontend/src/components/features/prompts/__tests__/prompt-form-modal.test.tsx(93,28): error TS2339: Property 'setup' does not exist on type 'typeof import("C:/Users/GIGABYTE/Desktop/Forge/frontend/node_modules/@testing-library/user-event/dist/types/index")'.
frontend/src/components/features/prompts/__tests__/prompt-form-modal.test.tsx(94,12): error TS17004: Cannot use JSX unless the '--jsx' flag is provided.
frontend/src/components/features/prompts/__tests__/prompt-form-modal.test.tsx(117,28): error TS2339: Property 'setup' does not exist on type 'typeof import("C:/Users/GIGABYTE/Desktop/Forge/frontend/node_modules/@testing-library/user-event/dist/types/index")'.
frontend/src/components/features/prompts/__tests__/prompt-form-modal.test.tsx(118,12): error TS17004: Cannot use JSX unless the '--jsx' flag is provided.
frontend/src/components/features/prompts/__tests__/prompt-form-modal.test.tsx(141,28): error TS2339: Property 'setup' does not exist on type 'typeof import("C:/Users/GIGABYTE/Desktop/Forge/frontend/node_modules/@testing-library/user-event/dist/types/index")'.
frontend/src/components/features/prompts/__tests__/prompt-form-modal.test.tsx(142,12): error TS17004: Cannot use JSX unless the '--jsx' flag is provided.
frontend/src/components/features/prompts/__tests__/prompt-form-modal.test.tsx(153,28): error TS2339: Property 'setup' does not exist on type 'typeof import("C:/Users/GIGABYTE/Desktop/Forge/frontend/node_modules/@testing-library/user-event/dist/types/index")'.
frontend/src/components/features/prompts/__tests__/prompt-form-modal.test.tsx(154,12): error TS17004: Cannot use JSX unless the '--jsx' flag is provided.
frontend/src/components/features/prompts/__tests__/prompt-form-modal.test.tsx(172,28): error TS2339: Property 'setup' does not exist on type 'typeof import("C:/Users/GIGABYTE/Desktop/Forge/frontend/node_modules/@testing-library/user-event/dist/types/index")'.
frontend/src/components/features/prompts/__tests__/prompt-form-modal.test.tsx(173,12): error TS17004: Cannot use JSX unless the '--jsx' flag is provided.
frontend/src/components/features/prompts/__tests__/prompt-form-modal.test.tsx(191,28): error TS2339: Property 'setup' does not exist on type 'typeof import("C:/Users/GIGABYTE/Desktop/Forge/frontend/node_modules/@testing-library/user-event/dist/types/index")'.
frontend/src/components/features/prompts/__tests__/prompt-form-modal.test.tsx(192,12): error TS17004: Cannot use JSX unless the '--jsx' flag is provided.
frontend/src/components/features/prompts/__tests__/prompt-form-modal.test.tsx(203,12): error TS17004: Cannot use JSX unless the '--jsx' flag is provided.
frontend/src/components/features/prompts/__tests__/prompt-form-modal.test.tsx(210,28): error TS2339: Property 'setup' does not exist on type 'typeof import("C:/Users/GIGABYTE/Desktop/Forge/frontend/node_modules/@testing-library/user-event/dist/types/index")'.
frontend/src/components/features/prompts/__tests__/prompt-form-modal.test.tsx(211,12): error TS17004: Cannot use JSX unless the '--jsx' flag is provided.
frontend/src/components/features/prompts/__tests__/prompt-form-modal.test.tsx(220,28): error TS2339: Property 'setup' does not exist on type 'typeof import("C:/Users/GIGABYTE/Desktop/Forge/frontend/node_modules/@testing-library/user-event/dist/types/index")'.
frontend/src/components/features/prompts/__tests__/prompt-form-modal.test.tsx(221,12): error TS17004: Cannot use JSX unless the '--jsx' flag is provided.
frontend/src/components/features/prompts/prompt-card.tsx(19,15): error TS2614: Module '"#/*"' has no exported member 'PromptTemplate'. Did you mean to use 'import PromptTemplate from "#/*"' instead?
frontend/src/components/features/prompts/prompt-card.tsx(20,10): error TS2614: Module '"#/*"' has no exported member 'PROMPT_CATEGORY_LABELS'. Did you mean to use 'import PROMPT_CATEGORY_LABELS from "#/*"' instead?
frontend/src/components/features/prompts/prompt-card.tsx(37,14): error TS17004: Cannot use JSX unless the '--jsx' flag is provided.
frontend/src/components/features/prompts/prompt-card.tsx(40,14): error TS17004: Cannot use JSX unless the '--jsx' flag is provided.
frontend/src/components/features/prompts/prompt-card.tsx(43,14): error TS17004: Cannot use JSX unless the '--jsx' flag is provided.
frontend/src/components/features/prompts/prompt-card.tsx(45,14): error TS17004: Cannot use JSX unless the '--jsx' flag is provided.
frontend/src/components/features/prompts/prompt-card.tsx(66,5): error TS17004: Cannot use JSX unless the '--jsx' flag is provided.
frontend/src/components/features/prompts/prompt-card.tsx(68,7): error TS17004: Cannot use JSX unless the '--jsx' flag is provided.
frontend/src/components/features/prompts/prompt-card.tsx(69,9): error TS17004: Cannot use JSX unless the '--jsx' flag is provided.
frontend/src/components/features/prompts/prompt-card.tsx(70,11): error TS17004: Cannot use JSX unless the '--jsx' flag is provided.
frontend/src/components/features/prompts/prompt-card.tsx(73,11): error TS17004: Cannot use JSX unless the '--jsx' flag is provided.
frontend/src/components/features/prompts/prompt-card.tsx(74,13): error TS17004: Cannot use JSX unless the '--jsx' flag is provided.
frontend/src/components/features/prompts/prompt-card.tsx(75,15): error TS17004: Cannot use JSX unless the '--jsx' flag is provided.
frontend/src/components/features/prompts/prompt-card.tsx(79,17): error TS17004: Cannot use JSX unless the '--jsx' flag is provided.
frontend/src/components/features/prompts/prompt-card.tsx(82,13): error TS17004: Cannot use JSX unless the '--jsx' flag is provided.
frontend/src/components/features/prompts/prompt-card.tsx(89,9): error TS17004: Cannot use JSX unless the '--jsx' flag is provided.
frontend/src/components/features/prompts/prompt-card.tsx(90,11): error TS17004: Cannot use JSX unless the '--jsx' flag is provided.
frontend/src/components/features/prompts/prompt-card.tsx(96,13): error TS17004: Cannot use JSX unless the '--jsx' flag is provided.
frontend/src/components/features/prompts/prompt-card.tsx(100,13): error TS17004: Cannot use JSX unless the '--jsx' flag is provided.
frontend/src/components/features/prompts/prompt-card.tsx(101,15): error TS17004: Cannot use JSX unless the '--jsx' flag is provided.
frontend/src/components/features/prompts/prompt-card.tsx(109,15): error TS17004: Cannot use JSX unless the '--jsx' flag is provided.
frontend/src/components/features/prompts/prompt-card.tsx(110,17): error TS17004: Cannot use JSX unless the '--jsx' flag is provided.
frontend/src/components/features/prompts/prompt-card.tsx(118,19): error TS17004: Cannot use JSX unless the '--jsx' flag is provided.
frontend/src/components/features/prompts/prompt-card.tsx(121,17): error TS17004: Cannot use JSX unless the '--jsx' flag is provided.
frontend/src/components/features/prompts/prompt-card.tsx(126,19): error TS17004: Cannot use JSX unless the '--jsx' flag is provided.
frontend/src/components/features/prompts/prompt-card.tsx(129,17): error TS17004: Cannot use JSX unless the '--jsx' flag is provided.
frontend/src/components/features/prompts/prompt-card.tsx(137,19): error TS17004: Cannot use JSX unless the '--jsx' flag is provided.
frontend/src/components/features/prompts/prompt-card.tsx(144,17): error TS17004: Cannot use JSX unless the '--jsx' flag is provided.
frontend/src/components/features/prompts/prompt-card.tsx(145,17): error TS17004: Cannot use JSX unless the '--jsx' flag is provided.
frontend/src/components/features/prompts/prompt-card.tsx(153,19): error TS17004: Cannot use JSX unless the '--jsx' flag is provided.
frontend/src/components/features/prompts/prompt-card.tsx(164,9): error TS17004: Cannot use JSX unless the '--jsx' flag is provided.
frontend/src/components/features/prompts/prompt-card.tsx(170,7): error TS17004: Cannot use JSX unless the '--jsx' flag is provided.
frontend/src/components/features/prompts/prompt-card.tsx(176,9): error TS17004: Cannot use JSX unless the '--jsx' flag is provided.
frontend/src/components/features/prompts/prompt-card.tsx(177,41): error TS7006: Parameter 'tag' implicitly has an 'any' type.
frontend/src/components/features/prompts/prompt-card.tsx(178,13): error TS17004: Cannot use JSX unless the '--jsx' flag is provided.
frontend/src/components/features/prompts/prompt-card.tsx(186,13): error TS17004: Cannot use JSX unless the '--jsx' flag is provided.
frontend/src/components/features/prompts/prompt-card.tsx(194,7): error TS17004: Cannot use JSX unless the '--jsx' flag is provided.
frontend/src/components/features/prompts/prompt-card.tsx(195,9): error TS17004: Cannot use JSX unless the '--jsx' flag is provided.
frontend/src/components/features/prompts/prompt-card.tsx(198,9): error TS17004: Cannot use JSX unless the '--jsx' flag is provided.
frontend/src/components/features/prompts/prompt-form-modal.tsx(9,3): error TS2614: Module '"#/*"' has no exported member 'CreatePromptRequest'. Did you mean to use 'import CreatePromptRequest from "#/*"' instead?
frontend/src/components/features/prompts/prompt-form-modal.tsx(10,3): error TS2614: Module '"#/*"' has no exported member 'PromptTemplate'. Did you mean to use 'import PromptTemplate from "#/*"' instead?
frontend/src/components/features/prompts/prompt-form-modal.tsx(11,3): error TS2614: Module '"#/*"' has no exported member 'PromptVariable'. Did you mean to use 'import PromptVariable from "#/*"' instead?
frontend/src/components/features/prompts/prompt-form-modal.tsx(13,10): error TS2614: Module '"#/*"' has no exported member 'PromptCategory'. Did you mean to use 'import PromptCategory from "#/*"' instead?
frontend/src/components/features/prompts/prompt-form-modal.tsx(13,26): error TS2614: Module '"#/*"' has no exported member 'PROMPT_CATEGORY_LABELS'. Did you mean to use 'import PROMPT_CATEGORY_LABELS from "#/*"' instead?
frontend/src/components/features/prompts/prompt-form-modal.tsx(108,5): error TS17004: Cannot use JSX unless the '--jsx' flag is provided.
frontend/src/components/features/prompts/prompt-form-modal.tsx(109,7): error TS17004: Cannot use JSX unless the '--jsx' flag is provided.
frontend/src/components/features/prompts/prompt-form-modal.tsx(111,9): error TS17004: Cannot use JSX unless the '--jsx' flag is provided.
frontend/src/components/features/prompts/prompt-form-modal.tsx(112,11): error TS17004: Cannot use JSX unless the '--jsx' flag is provided.
frontend/src/components/features/prompts/prompt-form-modal.tsx(115,11): error TS17004: Cannot use JSX unless the '--jsx' flag is provided.
frontend/src/components/features/prompts/prompt-form-modal.tsx(121,13): error TS17004: Cannot use JSX unless the '--jsx' flag is provided.
frontend/src/components/features/prompts/prompt-form-modal.tsx(126,9): error TS17004: Cannot use JSX unless the '--jsx' flag is provided.
frontend/src/components/features/prompts/prompt-form-modal.tsx(127,11): error TS17004: Cannot use JSX unless the '--jsx' flag is provided.
frontend/src/components/features/prompts/prompt-form-modal.tsx(129,13): error TS17004: Cannot use JSX unless the '--jsx' flag is provided.
frontend/src/components/features/prompts/prompt-form-modal.tsx(130,15): error TS17004: Cannot use JSX unless the '--jsx' flag is provided.
frontend/src/components/features/prompts/prompt-form-modal.tsx(134,38): error TS17004: Cannot use JSX unless the '--jsx' flag is provided.
frontend/src/components/features/prompts/prompt-form-modal.tsx(136,15): error TS17004: Cannot use JSX unless the '--jsx' flag is provided.
frontend/src/components/features/prompts/prompt-form-modal.tsx(147,13): error TS17004: Cannot use JSX unless the '--jsx' flag is provided.
frontend/src/components/features/prompts/prompt-form-modal.tsx(148,15): error TS17004: Cannot use JSX unless the '--jsx' flag is provided.
frontend/src/components/features/prompts/prompt-form-modal.tsx(154,15): error TS17004: Cannot use JSX unless the '--jsx' flag is provided.
frontend/src/components/features/prompts/prompt-form-modal.tsx(164,13): error TS17004: Cannot use JSX unless the '--jsx' flag is provided.
frontend/src/components/features/prompts/prompt-form-modal.tsx(165,15): error TS17004: Cannot use JSX unless the '--jsx' flag is provided.
frontend/src/components/features/prompts/prompt-form-modal.tsx(171,15): error TS17004: Cannot use JSX unless the '--jsx' flag is provided.
frontend/src/components/features/prompts/prompt-form-modal.tsx(178,19): error TS17004: Cannot use JSX unless the '--jsx' flag is provided.
frontend/src/components/features/prompts/prompt-form-modal.tsx(179,21): error TS2322: Type 'unknown' is not assignable to type 'ReactI18NextChildren | Iterable<ReactI18NextChildren>'.
frontend/src/components/features/prompts/prompt-form-modal.tsx(186,13): error TS17004: Cannot use JSX unless the '--jsx' flag is provided.
frontend/src/components/features/prompts/prompt-form-modal.tsx(187,15): error TS17004: Cannot use JSX unless the '--jsx' flag is provided.
frontend/src/components/features/prompts/prompt-form-modal.tsx(188,17): error TS17004: Cannot use JSX unless the '--jsx' flag is provided.
frontend/src/components/features/prompts/prompt-form-modal.tsx(192,42): error TS17004: Cannot use JSX unless the '--jsx' flag is provided.
frontend/src/components/features/prompts/prompt-form-modal.tsx(194,17): error TS17004: Cannot use JSX unless the '--jsx' flag is provided.
frontend/src/components/features/prompts/prompt-form-modal.tsx(195,19): error TS17004: Cannot use JSX unless the '--jsx' flag is provided.
frontend/src/components/features/prompts/prompt-form-modal.tsx(199,15): error TS17004: Cannot use JSX unless the '--jsx' flag is provided.
frontend/src/components/features/prompts/prompt-form-modal.tsx(211,13): error TS17004: Cannot use JSX unless the '--jsx' flag is provided.
frontend/src/components/features/prompts/prompt-form-modal.tsx(212,15): error TS17004: Cannot use JSX unless the '--jsx' flag is provided.
frontend/src/components/features/prompts/prompt-form-modal.tsx(213,17): error TS17004: Cannot use JSX unless the '--jsx' flag is provided.
frontend/src/components/features/prompts/prompt-form-modal.tsx(216,17): error TS17004: Cannot use JSX unless the '--jsx' flag is provided.
frontend/src/components/features/prompts/prompt-form-modal.tsx(221,19): error TS17004: Cannot use JSX unless the '--jsx' flag is provided.
frontend/src/components/features/prompts/prompt-form-modal.tsx(226,15): error TS17004: Cannot use JSX unless the '--jsx' flag is provided.
frontend/src/components/features/prompts/prompt-form-modal.tsx(228,19): error TS17004: Cannot use JSX unless the '--jsx' flag is provided.
frontend/src/components/features/prompts/prompt-form-modal.tsx(232,21): error TS17004: Cannot use JSX unless the '--jsx' flag is provided.
frontend/src/components/features/prompts/prompt-form-modal.tsx(233,23): error TS17004: Cannot use JSX unless the '--jsx' flag is provided.
frontend/src/components/features/prompts/prompt-form-modal.tsx(242,23): error TS17004: Cannot use JSX unless the '--jsx' flag is provided.
frontend/src/components/features/prompts/prompt-form-modal.tsx(252,21): error TS17004: Cannot use JSX unless the '--jsx' flag is provided.
frontend/src/components/features/prompts/prompt-form-modal.tsx(253,23): error TS17004: Cannot use JSX unless the '--jsx' flag is provided.
frontend/src/components/features/prompts/prompt-form-modal.tsx(262,23): error TS17004: Cannot use JSX unless the '--jsx' flag is provided.
frontend/src/components/features/prompts/prompt-form-modal.tsx(263,25): error TS17004: Cannot use JSX unless the '--jsx' flag is provided.
frontend/src/components/features/prompts/prompt-form-modal.tsx(271,25): error TS17004: Cannot use JSX unless the '--jsx' flag is provided.
frontend/src/components/features/prompts/prompt-form-modal.tsx(277,27): error TS17004: Cannot use JSX unless the '--jsx' flag is provided.
frontend/src/components/features/prompts/prompt-form-modal.tsx(287,13): error TS17004: Cannot use JSX unless the '--jsx' flag is provided.
frontend/src/components/features/prompts/prompt-form-modal.tsx(288,15): error TS17004: Cannot use JSX unless the '--jsx' flag is provided.
frontend/src/components/features/prompts/prompt-form-modal.tsx(291,15): error TS17004: Cannot use JSX unless the '--jsx' flag is provided.
frontend/src/components/features/prompts/prompt-form-modal.tsx(292,17): error TS17004: Cannot use JSX unless the '--jsx' flag is provided.
frontend/src/components/features/prompts/prompt-form-modal.tsx(305,17): error TS17004: Cannot use JSX unless the '--jsx' flag is provided.
frontend/src/components/features/prompts/prompt-form-modal.tsx(313,15): error TS17004: Cannot use JSX unless the '--jsx' flag is provided.
frontend/src/components/features/prompts/prompt-form-modal.tsx(315,19): error TS17004: Cannot use JSX unless the '--jsx' flag is provided.
frontend/src/components/features/prompts/prompt-form-modal.tsx(320,21): error TS17004: Cannot use JSX unless the '--jsx' flag is provided.
frontend/src/components/features/prompts/prompt-form-modal.tsx(326,23): error TS17004: Cannot use JSX unless the '--jsx' flag is provided.
frontend/src/components/features/prompts/prompt-form-modal.tsx(334,13): error TS17004: Cannot use JSX unless the '--jsx' flag is provided.
frontend/src/components/features/prompts/prompt-form-modal.tsx(335,15): error TS17004: Cannot use JSX unless the '--jsx' flag is provided.
frontend/src/components/features/prompts/prompt-form-modal.tsx(342,15): error TS17004: Cannot use JSX unless the '--jsx' flag is provided.
frontend/src/components/features/prompts/prompt-form-modal.tsx(350,9): error TS17004: Cannot use JSX unless the '--jsx' flag is provided.
frontend/src/components/features/prompts/prompt-form-modal.tsx(351,11): error TS17004: Cannot use JSX unless the '--jsx' flag is provided.
frontend/src/components/features/prompts/prompt-form-modal.tsx(358,11): error TS17004: Cannot use JSX unless the '--jsx' flag is provided.
frontend/src/components/features/served-host/path-form.tsx(9,5): error TS17004: Cannot use JSX unless the '--jsx' flag is provided.
frontend/src/components/features/served-host/path-form.tsx(10,7): error TS17004: Cannot use JSX unless the '--jsx' flag is provided.
frontend/src/components/features/settings/advanced-llm-config.tsx(3,10): error TS2614: Module '"#/*"' has no exported member 'I18nKey'. Did you mean to use 'import I18nKey from "#/*"' instead?
frontend/src/components/features/settings/advanced-llm-config.tsx(4,31): error TS2835: Relative import paths need explicit file extensions in ECMAScript imports when '--moduleResolution' is 'node16' or 'nodenext'. Did you mean './settings-input.js'?
frontend/src/components/features/settings/advanced-llm-config.tsx(5,32): error TS2835: Relative import paths need explicit file extensions in ECMAScript imports when '--moduleResolution' is 'node16' or 'nodenext'. Did you mean './settings-switch.js'?
frontend/src/components/features/settings/advanced-llm-config.tsx(6,10): error TS2614: Module '"#/*"' has no exported member 'LLMPreset'. Did you mean to use 'import LLMPreset from "#/*"' instead?
frontend/src/components/features/settings/advanced-llm-config.tsx(6,21): error TS2614: Module '"#/*"' has no exported member 'LLM_PRESETS'. Did you mean to use 'import LLM_PRESETS from "#/*"' instead?
frontend/src/components/features/settings/advanced-llm-config.tsx(6,34): error TS2614: Module '"#/*"' has no exported member 'detectPreset'. Did you mean to use 'import detectPreset from "#/*"' instead?
frontend/src/components/features/settings/advanced-llm-config.tsx(7,10): error TS2614: Module '"#/*"' has no exported member 'Settings'. Did you mean to use 'import Settings from "#/*"' instead?
frontend/src/components/features/settings/advanced-llm-config.tsx(67,5): error TS17004: Cannot use JSX unless the '--jsx' flag is provided.
frontend/src/components/features/settings/advanced-llm-config.tsx(69,7): error TS17004: Cannot use JSX unless the '--jsx' flag is provided.
frontend/src/components/features/settings/advanced-llm-config.tsx(70,9): error TS17004: Cannot use JSX unless the '--jsx' flag is provided.
frontend/src/components/features/settings/advanced-llm-config.tsx(73,9): error TS17004: Cannot use JSX unless the '--jsx' flag is provided.
frontend/src/components/features/settings/advanced-llm-config.tsx(79,15): error TS17004: Cannot use JSX unless the '--jsx' flag is provided.
frontend/src/components/features/settings/advanced-llm-config.tsx(92,17): error TS17004: Cannot use JSX unless the '--jsx' flag is provided.
frontend/src/components/features/settings/advanced-llm-config.tsx(95,17): error TS17004: Cannot use JSX unless the '--jsx' flag is provided.
frontend/src/components/features/settings/advanced-llm-config.tsx(103,11): error TS17004: Cannot use JSX unless the '--jsx' flag is provided.
frontend/src/components/features/settings/advanced-llm-config.tsx(110,7): error TS17004: Cannot use JSX unless the '--jsx' flag is provided.
frontend/src/components/features/settings/advanced-llm-config.tsx(111,9): error TS17004: Cannot use JSX unless the '--jsx' flag is provided.
frontend/src/components/features/settings/advanced-llm-config.tsx(112,11): error TS17004: Cannot use JSX unless the '--jsx' flag is provided.
frontend/src/components/features/settings/advanced-llm-config.tsx(115,11): error TS17004: Cannot use JSX unless the '--jsx' flag is provided.
frontend/src/components/features/settings/advanced-llm-config.tsx(119,9): error TS17004: Cannot use JSX unless the '--jsx' flag is provided.
frontend/src/components/features/settings/advanced-llm-config.tsx(129,9): error TS17004: Cannot use JSX unless the '--jsx' flag is provided.
frontend/src/components/features/settings/advanced-llm-config.tsx(135,7): error TS17004: Cannot use JSX unless the '--jsx' flag is provided.
frontend/src/components/features/settings/advanced-llm-config.tsx(136,9): error TS17004: Cannot use JSX unless the '--jsx' flag is provided.
frontend/src/components/features/settings/advanced-llm-config.tsx(137,11): error TS17004: Cannot use JSX unless the '--jsx' flag is provided.
frontend/src/components/features/settings/advanced-llm-config.tsx(140,11): error TS17004: Cannot use JSX unless the '--jsx' flag is provided.
frontend/src/components/features/settings/advanced-llm-config.tsx(144,9): error TS17004: Cannot use JSX unless the '--jsx' flag is provided.
frontend/src/components/features/settings/advanced-llm-config.tsx(154,9): error TS17004: Cannot use JSX unless the '--jsx' flag is provided.
frontend/src/components/features/settings/advanced-llm-config.tsx(160,7): error TS17004: Cannot use JSX unless the '--jsx' flag is provided.
frontend/src/components/features/settings/advanced-llm-config.tsx(166,20): error TS7006: Parameter 'v' implicitly has an 'any' type.
frontend/src/components/features/settings/advanced-llm-config.tsx(171,7): error TS17004: Cannot use JSX unless the '--jsx' flag is provided.
frontend/src/components/features/settings/advanced-llm-config.tsx(177,20): error TS7006: Parameter 'v' implicitly has an 'any' type.
frontend/src/components/features/settings/advanced-llm-config.tsx(182,7): error TS17004: Cannot use JSX unless the '--jsx' flag is provided.
frontend/src/components/features/settings/advanced-llm-config.tsx(188,20): error TS7006: Parameter 'v' implicitly has an 'any' type.
frontend/src/components/features/settings/advanced-llm-config.tsx(193,7): error TS17004: Cannot use JSX unless the '--jsx' flag is provided.
frontend/src/components/features/settings/advanced-llm-config.tsx(194,9): error TS17004: Cannot use JSX unless the '--jsx' flag is provided.
frontend/src/components/features/settings/advanced-llm-config.tsx(197,22): error TS7006: Parameter 'value' implicitly has an 'any' type.
frontend/src/components/features/settings/advanced-llm-config.tsx(201,9): error TS17004: Cannot use JSX unless the '--jsx' flag is provided.
frontend/src/components/features/settings/advanced-llm-config.tsx(207,7): error TS17004: Cannot use JSX unless the '--jsx' flag is provided.
frontend/src/components/features/settings/advanced-llm-config.tsx(208,9): error TS17004: Cannot use JSX unless the '--jsx' flag is provided.
frontend/src/components/features/settings/advanced-llm-config.tsx(211,22): error TS7006: Parameter 'value' implicitly has an 'any' type.
frontend/src/components/features/settings/advanced-llm-config.tsx(215,9): error TS17004: Cannot use JSX unless the '--jsx' flag is provided.
frontend/src/components/features/settings/advanced-llm-config.tsx(221,7): error TS17004: Cannot use JSX unless the '--jsx' flag is provided.
frontend/src/components/features/settings/advanced-llm-config.tsx(227,20): error TS7006: Parameter 'v' implicitly has an 'any' type.
frontend/src/components/features/settings/advanced-llm-config.tsx(233,7): error TS17004: Cannot use JSX unless the '--jsx' flag is provided.
frontend/src/components/features/settings/advanced-llm-config.tsx(234,9): error TS17004: Cannot use JSX unless the '--jsx' flag is provided.
frontend/src/components/features/settings/advanced-llm-config.tsx(235,11): error TS17004: Cannot use JSX unless the '--jsx' flag is provided.
frontend/src/components/features/settings/advanced-llm-config.tsx(236,13): error TS17004: Cannot use JSX unless the '--jsx' flag is provided.
frontend/src/components/features/settings/advanced-llm-config.tsx(237,15): error TS17004: Cannot use JSX unless the '--jsx' flag is provided.
frontend/src/components/features/settings/advanced-llm-config.tsx(239,13): error TS17004: Cannot use JSX unless the '--jsx' flag is provided.
frontend/src/components/features/settings/advanced-llm-config.tsx(240,15): error TS17004: Cannot use JSX unless the '--jsx' flag is provided.
frontend/src/components/features/settings/advanced-llm-config.tsx(243,15): error TS17004: Cannot use JSX unless the '--jsx' flag is provided.
frontend/src/components/features/settings/advanced-llm-config.tsx(247,17): error TS17004: Cannot use JSX unless the '--jsx' flag is provided.
frontend/src/components/features/settings/api-key-modal-base.tsx(2,10): error TS2614: Module '"#/*"' has no exported member 'ModalBackdrop'. Did you mean to use 'import ModalBackdrop from "#/*"' instead?
frontend/src/components/features/settings/api-key-modal-base.tsx(24,5): error TS17004: Cannot use JSX unless the '--jsx' flag is provided.
frontend/src/components/features/settings/api-key-modal-base.tsx(25,7): error TS17004: Cannot use JSX unless the '--jsx' flag is provided.
frontend/src/components/features/settings/api-key-modal-base.tsx(29,9): error TS17004: Cannot use JSX unless the '--jsx' flag is provided.
frontend/src/components/features/settings/api-key-modal-base.tsx(31,9): error TS17004: Cannot use JSX unless the '--jsx' flag is provided.
frontend/src/components/features/settings/api-keys-manager.tsx(4,10): error TS2614: Module '"#/*"' has no exported member 'I18nKey'. Did you mean to use 'import I18nKey from "#/*"' instead?
frontend/src/components/features/settings/api-keys-manager.tsx(5,10): error TS2614: Module '"#/*"' has no exported member 'BrandButton'. Did you mean to use 'import BrandButton from "#/*"' instead?
frontend/src/components/features/settings/api-keys-manager.tsx(6,10): error TS2614: Module '"#/*"' has no exported member 'LoadingSpinner'. Did you mean to use 'import LoadingSpinner from "#/*"' instead?
frontend/src/components/features/settings/api-keys-manager.tsx(7,10): error TS2614: Module '"#/*"' has no exported member 'ApiKey'. Did you mean to use 'import ApiKey from "#/*"' instead?
frontend/src/components/features/settings/api-keys-manager.tsx(7,18): error TS2614: Module '"#/*"' has no exported member 'CreateApiKeyResponse'. Did you mean to use 'import CreateApiKeyResponse from "#/*"' instead?
frontend/src/components/features/settings/api-keys-manager.tsx(9,3): error TS2614: Module '"#/*"' has no exported member 'displayErrorToast'. Did you mean to use 'import displayErrorToast from "#/*"' instead?
frontend/src/components/features/settings/api-keys-manager.tsx(10,3): error TS2614: Module '"#/*"' has no exported member 'displaySuccessToast'. Did you mean to use 'import displaySuccessToast from "#/*"' instead?
frontend/src/components/features/settings/api-keys-manager.tsx(12,35): error TS2835: Relative import paths need explicit file extensions in ECMAScript imports when '--moduleResolution' is 'node16' or 'nodenext'. Did you mean './create-api-key-modal.js'?
frontend/src/components/features/settings/api-keys-manager.tsx(13,35): error TS2835: Relative import paths need explicit file extensions in ECMAScript imports when '--moduleResolution' is 'node16' or 'nodenext'. Did you mean './delete-api-key-modal.js'?
frontend/src/components/features/settings/api-keys-manager.tsx(14,32): error TS2835: Relative import paths need explicit file extensions in ECMAScript imports when '--moduleResolution' is 'node16' or 'nodenext'. Did you mean './new-api-key-modal.js'?
frontend/src/components/features/settings/api-keys-manager.tsx(15,10): error TS2614: Module '"#/*"' has no exported member 'useApiKeys'. Did you mean to use 'import useApiKeys from "#/*"' instead?
frontend/src/components/features/settings/api-keys-manager.tsx(17,3): error TS2614: Module '"#/*"' has no exported member 'useLlmApiKey'. Did you mean to use 'import useLlmApiKey from "#/*"' instead?
frontend/src/components/features/settings/api-keys-manager.tsx(18,3): error TS2614: Module '"#/*"' has no exported member 'useRefreshLlmApiKey'. Did you mean to use 'import useRefreshLlmApiKey from "#/*"' instead?
frontend/src/components/features/settings/api-keys-manager.tsx(56,5): error TS17004: Cannot use JSX unless the '--jsx' flag is provided.
frontend/src/components/features/settings/api-keys-manager.tsx(57,7): error TS17004: Cannot use JSX unless the '--jsx' flag is provided.
frontend/src/components/features/settings/api-keys-manager.tsx(60,7): error TS17004: Cannot use JSX unless the '--jsx' flag is provided.
frontend/src/components/features/settings/api-keys-manager.tsx(61,9): error TS17004: Cannot use JSX unless the '--jsx' flag is provided.
frontend/src/components/features/settings/api-keys-manager.tsx(68,13): error TS17004: Cannot use JSX unless the '--jsx' flag is provided.
frontend/src/components/features/settings/api-keys-manager.tsx(74,7): error TS17004: Cannot use JSX unless the '--jsx' flag is provided.
frontend/src/components/features/settings/api-keys-manager.tsx(75,9): error TS17004: Cannot use JSX unless the '--jsx' flag is provided.
frontend/src/components/features/settings/api-keys-manager.tsx(78,9): error TS17004: Cannot use JSX unless the '--jsx' flag is provided.
frontend/src/components/features/settings/api-keys-manager.tsx(79,11): error TS17004: Cannot use JSX unless the '--jsx' flag is provided.
frontend/src/components/features/settings/api-keys-manager.tsx(80,13): error TS17004: Cannot use JSX unless the '--jsx' flag is provided.
frontend/src/components/features/settings/api-keys-manager.tsx(82,17): error TS17004: Cannot use JSX unless the '--jsx' flag is provided.
frontend/src/components/features/settings/api-keys-manager.tsx(84,21): error TS17004: Cannot use JSX unless the '--jsx' flag is provided.
frontend/src/components/features/settings/api-keys-manager.tsx(88,21): error TS17004: Cannot use JSX unless the '--jsx' flag is provided.
frontend/src/components/features/settings/api-keys-manager.tsx(92,17): error TS17004: Cannot use JSX unless the '--jsx' flag is provided.
frontend/src/components/features/settings/api-keys-manager.tsx(97,13): error TS17004: Cannot use JSX unless the '--jsx' flag is provided.
frontend/src/components/features/settings/api-keys-manager.tsx(99,17): error TS17004: Cannot use JSX unless the '--jsx' flag is provided.
frontend/src/components/features/settings/api-keys-manager.tsx(107,21): error TS17004: Cannot use JSX unless the '--jsx' flag is provided.
frontend/src/components/features/settings/api-keys-manager.tsx(109,21): error TS17004: Cannot use JSX unless the '--jsx' flag is provided.
frontend/src/components/features/settings/api-keys-manager.tsx(113,15): error TS17004: Cannot use JSX unless the '--jsx' flag is provided.
frontend/src/components/features/settings/api-keys-manager.tsx(125,17): error TS17004: Cannot use JSX unless the '--jsx' flag is provided.
frontend/src/components/features/settings/api-keys-manager.tsx(145,18): error TS17004: Cannot use JSX unless the '--jsx' flag is provided.
frontend/src/components/features/settings/api-keys-manager.tsx(149,7): error TS17004: Cannot use JSX unless the '--jsx' flag is provided.
frontend/src/components/features/settings/api-keys-manager.tsx(150,9): error TS17004: Cannot use JSX unless the '--jsx' flag is provided.
frontend/src/components/features/settings/api-keys-manager.tsx(160,5): error TS17004: Cannot use JSX unless the '--jsx' flag is provided.
frontend/src/components/features/settings/api-keys-manager.tsx(161,7): error TS17004: Cannot use JSX unless the '--jsx' flag is provided.
frontend/src/components/features/settings/api-keys-manager.tsx(162,9): error TS17004: Cannot use JSX unless the '--jsx' flag is provided.
frontend/src/components/features/settings/api-keys-manager.tsx(163,11): error TS17004: Cannot use JSX unless the '--jsx' flag is provided.
frontend/src/components/features/settings/api-keys-manager.tsx(164,13): error TS17004: Cannot use JSX unless the '--jsx' flag is provided.
frontend/src/components/features/settings/api-keys-manager.tsx(167,13): error TS17004: Cannot use JSX unless the '--jsx' flag is provided.
frontend/src/components/features/settings/api-keys-manager.tsx(170,13): error TS17004: Cannot use JSX unless the '--jsx' flag is provided.
frontend/src/components/features/settings/api-keys-manager.tsx(173,13): error TS17004: Cannot use JSX unless the '--jsx' flag is provided.
frontend/src/components/features/settings/api-keys-manager.tsx(178,9): error TS17004: Cannot use JSX unless the '--jsx' flag is provided.
frontend/src/components/features/settings/api-keys-manager.tsx(180,13): error TS17004: Cannot use JSX unless the '--jsx' flag is provided.
frontend/src/components/features/settings/api-keys-manager.tsx(181,15): error TS17004: Cannot use JSX unless the '--jsx' flag is provided.
frontend/src/components/features/settings/api-keys-manager.tsx(187,15): error TS17004: Cannot use JSX unless the '--jsx' flag is provided.
frontend/src/components/features/settings/api-keys-manager.tsx(188,15): error TS17004: Cannot use JSX unless the '--jsx' flag is provided.
frontend/src/components/features/settings/api-keys-manager.tsx(189,15): error TS17004: Cannot use JSX unless the '--jsx' flag is provided.
frontend/src/components/features/settings/api-keys-manager.tsx(190,17): error TS17004: Cannot use JSX unless the '--jsx' flag is provided.
frontend/src/components/features/settings/api-keys-manager.tsx(196,19): error TS17004: Cannot use JSX unless the '--jsx' flag is provided.
frontend/src/components/features/settings/api-keys-manager.tsx(250,5): error TS17004: Cannot use JSX unless the '--jsx' flag is provided.
frontend/src/components/features/settings/api-keys-manager.tsx(251,7): error TS17004: Cannot use JSX unless the '--jsx' flag is provided.
frontend/src/components/features/settings/api-keys-manager.tsx(252,9): error TS17004: Cannot use JSX unless the '--jsx' flag is provided.
frontend/src/components/features/settings/api-keys-manager.tsx(258,9): error TS17004: Cannot use JSX unless the '--jsx' flag is provided.
frontend/src/components/features/settings/api-keys-manager.tsx(262,9): error TS17004: Cannot use JSX unless the '--jsx' flag is provided.
frontend/src/components/features/settings/api-keys-manager.tsx(263,11): error TS17004: Cannot use JSX unless the '--jsx' flag is provided.
frontend/src/components/features/settings/api-keys-manager.tsx(272,9): error TS17004: Cannot use JSX unless the '--jsx' flag is provided.
frontend/src/components/features/settings/api-keys-manager.tsx(273,11): error TS17004: Cannot use JSX unless the '--jsx' flag is provided.
frontend/src/components/features/settings/api-keys-manager.tsx(277,17): error TS17004: Cannot use JSX unless the '--jsx' flag is provided.
frontend/src/components/features/settings/api-keys-manager.tsx(290,9): error TS17004: Cannot use JSX unless the '--jsx' flag is provided.
frontend/src/components/features/settings/api-keys-manager.tsx(298,7): error TS17004: Cannot use JSX unless the '--jsx' flag is provided.
frontend/src/components/features/settings/api-keys-manager.tsx(305,7): error TS17004: Cannot use JSX unless the '--jsx' flag is provided.
frontend/src/components/features/settings/api-keys-manager.tsx(312,7): error TS17004: Cannot use JSX unless the '--jsx' flag is provided.
frontend/src/components/features/settings/app-settings/app-settings-inputs-skeleton.tsx(1,31): error TS2835: Relative import paths need explicit file extensions in ECMAScript imports when '--moduleResolution' is 'node16' or 'nodenext'. Did you mean '../input-skeleton.js'?
frontend/src/components/features/settings/app-settings/app-settings-inputs-skeleton.tsx(2,32): error TS2835: Relative import paths need explicit file extensions in ECMAScript imports when '--moduleResolution' is 'node16' or 'nodenext'. Did you mean '../switch-skeleton.js'?
frontend/src/components/features/settings/app-settings/app-settings-inputs-skeleton.tsx(6,5): error TS17004: Cannot use JSX unless the '--jsx' flag is provided.
frontend/src/components/features/settings/app-settings/app-settings-inputs-skeleton.tsx(10,7): error TS17004: Cannot use JSX unless the '--jsx' flag is provided.
frontend/src/components/features/settings/app-settings/app-settings-inputs-skeleton.tsx(11,7): error TS17004: Cannot use JSX unless the '--jsx' flag is provided.
frontend/src/components/features/settings/app-settings/app-settings-inputs-skeleton.tsx(12,7): error TS17004: Cannot use JSX unless the '--jsx' flag is provided.
frontend/src/components/features/settings/app-settings/language-input.tsx(2,10): error TS2614: Module '"#/*"' has no exported member 'AvailableLanguages'. Did you mean to use 'import AvailableLanguages from "#/*"' instead?
frontend/src/components/features/settings/app-settings/language-input.tsx(3,10): error TS2614: Module '"#/*"' has no exported member 'I18nKey'. Did you mean to use 'import I18nKey from "#/*"' instead?
frontend/src/components/features/settings/app-settings/language-input.tsx(4,39): error TS2835: Relative import paths need explicit file extensions in ECMAScript imports when '--moduleResolution' is 'node16' or 'nodenext'. Did you mean '../settings-dropdown-input.js'?
frontend/src/components/features/settings/app-settings/language-input.tsx(20,5): error TS17004: Cannot use JSX unless the '--jsx' flag is provided.
frontend/src/components/features/settings/app-settings/language-input.tsx(25,38): error TS7006: Parameter 'l' implicitly has an 'any' type.
frontend/src/components/features/settings/autonomy-settings.tsx(4,32): error TS2835: Relative import paths need explicit file extensions in ECMAScript imports when '--moduleResolution' is 'node16' or 'nodenext'. Did you mean './settings-switch.js'?
frontend/src/components/features/settings/autonomy-settings.tsx(5,39): error TS2835: Relative import paths need explicit file extensions in ECMAScript imports when '--moduleResolution' is 'node16' or 'nodenext'. Did you mean './settings-dropdown-input.js'?
frontend/src/components/features/settings/autonomy-settings.tsx(46,5): error TS17004: Cannot use JSX unless the '--jsx' flag is provided.
frontend/src/components/features/settings/autonomy-settings.tsx(48,7): error TS17004: Cannot use JSX unless the '--jsx' flag is provided.
frontend/src/components/features/settings/autonomy-settings.tsx(49,9): error TS17004: Cannot use JSX unless the '--jsx' flag is provided.
frontend/src/components/features/settings/autonomy-settings.tsx(50,11): error TS17004: Cannot use JSX unless the '--jsx' flag is provided.
frontend/src/components/features/settings/autonomy-settings.tsx(53,11): error TS17004: Cannot use JSX unless the '--jsx' flag is provided.
frontend/src/components/features/settings/autonomy-settings.tsx(57,9): error TS17004: Cannot use JSX unless the '--jsx' flag is provided.
frontend/src/components/features/settings/autonomy-settings.tsx(61,11): error TS17004: Cannot use JSX unless the '--jsx' flag is provided.
frontend/src/components/features/settings/autonomy-settings.tsx(68,33): error TS7006: Parameter 'key' implicitly has an 'any' type.
frontend/src/components/features/settings/autonomy-settings.tsx(79,9): error TS17004: Cannot use JSX unless the '--jsx' flag is provided.
frontend/src/components/features/settings/autonomy-settings.tsx(85,7): error TS17004: Cannot use JSX unless the '--jsx' flag is provided.
frontend/src/components/features/settings/autonomy-settings.tsx(86,9): error TS17004: Cannot use JSX unless the '--jsx' flag is provided.
frontend/src/components/features/settings/autonomy-settings.tsx(92,11): error TS17004: Cannot use JSX unless the '--jsx' flag is provided.
frontend/src/components/features/settings/autonomy-settings.tsx(93,13): error TS17004: Cannot use JSX unless the '--jsx' flag is provided.
frontend/src/components/features/settings/autonomy-settings.tsx(94,13): error TS17004: Cannot use JSX unless the '--jsx' flag is provided.
frontend/src/components/features/settings/autonomy-settings.tsx(98,9): error TS17004: Cannot use JSX unless the '--jsx' flag is provided.
frontend/src/components/features/settings/autonomy-settings.tsx(104,7): error TS17004: Cannot use JSX unless the '--jsx' flag is provided.
frontend/src/components/features/settings/autonomy-settings.tsx(105,9): error TS17004: Cannot use JSX unless the '--jsx' flag is provided.
frontend/src/components/features/settings/autonomy-settings.tsx(111,11): error TS17004: Cannot use JSX unless the '--jsx' flag is provided.
frontend/src/components/features/settings/autonomy-settings.tsx(112,13): error TS17004: Cannot use JSX unless the '--jsx' flag is provided.
frontend/src/components/features/settings/autonomy-settings.tsx(113,13): error TS17004: Cannot use JSX unless the '--jsx' flag is provided.
frontend/src/components/features/settings/autonomy-settings.tsx(117,9): error TS17004: Cannot use JSX unless the '--jsx' flag is provided.
frontend/src/components/features/settings/autonomy-settings.tsx(123,7): error TS17004: Cannot use JSX unless the '--jsx' flag is provided.
frontend/src/components/features/settings/autonomy-settings.tsx(124,9): error TS17004: Cannot use JSX unless the '--jsx' flag is provided.
frontend/src/components/features/settings/autonomy-settings.tsx(126,9): error TS17004: Cannot use JSX unless the '--jsx' flag is provided.
frontend/src/components/features/settings/autonomy-settings.tsx(127,11): error TS17004: Cannot use JSX unless the '--jsx' flag is provided.
frontend/src/components/features/settings/autonomy-settings.tsx(128,13): error TS17004: Cannot use JSX unless the '--jsx' flag is provided.
frontend/src/components/features/settings/autonomy-settings.tsx(129,13): error TS17004: Cannot use JSX unless the '--jsx' flag is provided.
frontend/src/components/features/settings/autonomy-settings.tsx(130,15): error TS17004: Cannot use JSX unless the '--jsx' flag is provided.
frontend/src/components/features/settings/autonomy-settings.tsx(131,15): error TS17004: Cannot use JSX unless the '--jsx' flag is provided.
frontend/src/components/features/settings/autonomy-settings.tsx(137,11): error TS17004: Cannot use JSX unless the '--jsx' flag is provided.
frontend/src/components/features/settings/autonomy-settings.tsx(138,13): error TS17004: Cannot use JSX unless the '--jsx' flag is provided.
frontend/src/components/features/settings/autonomy-settings.tsx(139,13): error TS17004: Cannot use JSX unless the '--jsx' flag is provided.
frontend/src/components/features/settings/autonomy-settings.tsx(140,15): error TS17004: Cannot use JSX unless the '--jsx' flag is provided.
frontend/src/components/features/settings/autonomy-settings.tsx(141,15): error TS17004: Cannot use JSX unless the '--jsx' flag is provided.
frontend/src/components/features/settings/autonomy-settings.tsx(147,11): error TS17004: Cannot use JSX unless the '--jsx' flag is provided.
frontend/src/components/features/settings/autonomy-settings.tsx(148,13): error TS17004: Cannot use JSX unless the '--jsx' flag is provided.
frontend/src/components/features/settings/autonomy-settings.tsx(149,13): error TS17004: Cannot use JSX unless the '--jsx' flag is provided.
frontend/src/components/features/settings/autonomy-settings.tsx(150,15): error TS17004: Cannot use JSX unless the '--jsx' flag is provided.
frontend/src/components/features/settings/autonomy-settings.tsx(151,15): error TS17004: Cannot use JSX unless the '--jsx' flag is provided.
frontend/src/components/features/settings/brand-button.tsx(1,10): error TS2614: Module '"#/*"' has no exported member 'cn'. Did you mean to use 'import cn from "#/*"' instead?
frontend/src/components/features/settings/brand-button.tsx(26,5): error TS17004: Cannot use JSX unless the '--jsx' flag is provided.
frontend/src/components/features/settings/create-api-key-modal.tsx(3,10): error TS2614: Module '"#/*"' has no exported member 'I18nKey'. Did you mean to use 'import I18nKey from "#/*"' instead?
frontend/src/components/features/settings/create-api-key-modal.tsx(4,10): error TS2614: Module '"#/*"' has no exported member 'BrandButton'. Did you mean to use 'import BrandButton from "#/*"' instead?
frontend/src/components/features/settings/create-api-key-modal.tsx(5,10): error TS2614: Module '"#/*"' has no exported member 'SettingsInput'. Did you mean to use 'import SettingsInput from "#/*"' instead?
frontend/src/components/features/settings/create-api-key-modal.tsx(6,10): error TS2614: Module '"#/*"' has no exported member 'LoadingSpinner'. Did you mean to use 'import LoadingSpinner from "#/*"' instead?
frontend/src/components/features/settings/create-api-key-modal.tsx(7,10): error TS2614: Module '"#/*"' has no exported member 'CreateApiKeyResponse'. Did you mean to use 'import CreateApiKeyResponse from "#/*"' instead?
frontend/src/components/features/settings/create-api-key-modal.tsx(9,3): error TS2614: Module '"#/*"' has no exported member 'displayErrorToast'. Did you mean to use 'import displayErrorToast from "#/*"' instead?
frontend/src/components/features/settings/create-api-key-modal.tsx(10,3): error TS2614: Module '"#/*"' has no exported member 'displaySuccessToast'. Did you mean to use 'import displaySuccessToast from "#/*"' instead?
frontend/src/components/features/settings/create-api-key-modal.tsx(12,33): error TS2835: Relative import paths need explicit file extensions in ECMAScript imports when '--moduleResolution' is 'node16' or 'nodenext'. Did you mean './api-key-modal-base.js'?
frontend/src/components/features/settings/create-api-key-modal.tsx(13,10): error TS2614: Module '"#/*"' has no exported member 'useCreateApiKey'. Did you mean to use 'import useCreateApiKey from "#/*"' instead?
frontend/src/components/features/settings/create-api-key-modal.tsx(53,5): error TS17004: Cannot use JSX unless the '--jsx' flag is provided.
frontend/src/components/features/settings/create-api-key-modal.tsx(54,7): error TS17004: Cannot use JSX unless the '--jsx' flag is provided.
frontend/src/components/features/settings/create-api-key-modal.tsx(62,11): error TS17004: Cannot use JSX unless the '--jsx' flag is provided.
frontend/src/components/features/settings/create-api-key-modal.tsx(67,7): error TS17004: Cannot use JSX unless the '--jsx' flag is provided.
frontend/src/components/features/settings/create-api-key-modal.tsx(80,5): error TS17004: Cannot use JSX unless the '--jsx' flag is provided.
frontend/src/components/features/settings/create-api-key-modal.tsx(85,7): error TS17004: Cannot use JSX unless the '--jsx' flag is provided.
frontend/src/components/features/settings/create-api-key-modal.tsx(86,9): error TS17004: Cannot use JSX unless the '--jsx' flag is provided.
frontend/src/components/features/settings/create-api-key-modal.tsx(89,9): error TS17004: Cannot use JSX unless the '--jsx' flag is provided.
frontend/src/components/features/settings/create-api-key-modal.tsx(94,22): error TS7006: Parameter 'value' implicitly has an 'any' type.
frontend/src/components/features/settings/database-connections/database-connection-form.tsx(4,10): error TS2614: Module '"#/*"' has no exported member 'BrandButton'. Did you mean to use 'import BrandButton from "#/*"' instead?
frontend/src/components/features/settings/database-connections/database-connection-form.tsx(5,10): error TS2614: Module '"#/*"' has no exported member 'SettingsInput'. Did you mean to use 'import SettingsInput from "#/*"' instead?
frontend/src/components/features/settings/database-connections/database-connection-form.tsx(6,10): error TS2614: Module '"#/*"' has no exported member 'SettingsSwitch'. Did you mean to use 'import SettingsSwitch from "#/*"' instead?
frontend/src/components/features/settings/database-connections/database-connection-form.tsx(7,15): error TS2614: Module '"#/*"' has no exported member 'DatabaseType'. Did you mean to use 'import DatabaseType from "#/*"' instead?
frontend/src/components/features/settings/database-connections/database-connection-form.tsx(7,29): error TS2614: Module '"#/*"' has no exported member 'TestConnectionRequest'. Did you mean to use 'import TestConnectionRequest from "#/*"' instead?
frontend/src/components/features/settings/database-connections/database-connection-form.tsx(8,10): error TS2614: Module '"#/*"' has no exported member 'useTestDatabaseConnection'. Did you mean to use 'import useTestDatabaseConnection from "#/*"' instead?
frontend/src/components/features/settings/database-connections/database-connection-form.tsx(89,5): error TS17004: Cannot use JSX unless the '--jsx' flag is provided.
frontend/src/components/features/settings/database-connections/database-connection-form.tsx(91,7): error TS17004: Cannot use JSX unless the '--jsx' flag is provided.
frontend/src/components/features/settings/database-connections/database-connection-form.tsx(92,9): error TS17004: Cannot use JSX unless the '--jsx' flag is provided.
frontend/src/components/features/settings/database-connections/database-connection-form.tsx(93,9): error TS17004: Cannot use JSX unless the '--jsx' flag is provided.
frontend/src/components/features/settings/database-connections/database-connection-form.tsx(100,7): error TS17004: Cannot use JSX unless the '--jsx' flag is provided.
frontend/src/components/features/settings/database-connections/database-connection-form.tsx(101,9): error TS17004: Cannot use JSX unless the '--jsx' flag is provided.
frontend/src/components/features/settings/database-connections/database-connection-form.tsx(104,9): error TS17004: Cannot use JSX unless the '--jsx' flag is provided.
frontend/src/components/features/settings/database-connections/database-connection-form.tsx(108,9): error TS17004: Cannot use JSX unless the '--jsx' flag is provided.
frontend/src/components/features/settings/database-connections/database-connection-form.tsx(109,11): error TS17004: Cannot use JSX unless the '--jsx' flag is provided.
frontend/src/components/features/settings/database-connections/database-connection-form.tsx(109,60): error TS17004: Cannot use JSX unless the '--jsx' flag is provided.
frontend/src/components/features/settings/database-connections/database-connection-form.tsx(114,7): error TS17004: Cannot use JSX unless the '--jsx' flag is provided.
frontend/src/components/features/settings/database-connections/database-connection-form.tsx(116,9): error TS17004: Cannot use JSX unless the '--jsx' flag is provided.
frontend/src/components/features/settings/database-connections/database-connection-form.tsx(117,11): error TS17004: Cannot use JSX unless the '--jsx' flag is provided.
frontend/src/components/features/settings/database-connections/database-connection-form.tsx(120,11): error TS17004: Cannot use JSX unless the '--jsx' flag is provided.
frontend/src/components/features/settings/database-connections/database-connection-form.tsx(131,11): error TS17004: Cannot use JSX unless the '--jsx' flag is provided.
frontend/src/components/features/settings/database-connections/database-connection-form.tsx(132,13): error TS17004: Cannot use JSX unless the '--jsx' flag is provided.
frontend/src/components/features/settings/database-connections/database-connection-form.tsx(134,15): error TS17004: Cannot use JSX unless the '--jsx' flag is provided.
frontend/src/components/features/settings/database-connections/database-connection-form.tsx(138,13): error TS17004: Cannot use JSX unless the '--jsx' flag is provided.
frontend/src/components/features/settings/database-connections/database-connection-form.tsx(149,9): error TS17004: Cannot use JSX unless the '--jsx' flag is provided.
frontend/src/components/features/settings/database-connections/database-connection-form.tsx(150,11): error TS17004: Cannot use JSX unless the '--jsx' flag is provided.
frontend/src/components/features/settings/database-connections/database-connection-form.tsx(151,13): error TS17004: Cannot use JSX unless the '--jsx' flag is provided.
frontend/src/components/features/settings/database-connections/database-connection-form.tsx(154,13): error TS17004: Cannot use JSX unless the '--jsx' flag is provided.
frontend/src/components/features/settings/database-connections/database-connection-form.tsx(162,11): error TS17004: Cannot use JSX unless the '--jsx' flag is provided.
frontend/src/components/features/settings/database-connections/database-connection-form.tsx(163,13): error TS17004: Cannot use JSX unless the '--jsx' flag is provided.
frontend/src/components/features/settings/database-connections/database-connection-form.tsx(166,13): error TS17004: Cannot use JSX unless the '--jsx' flag is provided.
frontend/src/components/features/settings/database-connections/database-connection-form.tsx(178,11): error TS17004: Cannot use JSX unless the '--jsx' flag is provided.
frontend/src/components/features/settings/database-connections/database-connection-form.tsx(179,13): error TS17004: Cannot use JSX unless the '--jsx' flag is provided.
frontend/src/components/features/settings/database-connections/database-connection-form.tsx(182,13): error TS17004: Cannot use JSX unless the '--jsx' flag is provided.
frontend/src/components/features/settings/database-connections/database-connection-form.tsx(200,11): error TS17004: Cannot use JSX unless the '--jsx' flag is provided.
frontend/src/components/features/settings/database-connections/database-connection-form.tsx(201,13): error TS17004: Cannot use JSX unless the '--jsx' flag is provided.
frontend/src/components/features/settings/database-connections/database-connection-form.tsx(204,13): error TS17004: Cannot use JSX unless the '--jsx' flag is provided.
frontend/src/components/features/settings/database-connections/database-connection-form.tsx(221,9): error TS17004: Cannot use JSX unless the '--jsx' flag is provided.
frontend/src/components/features/settings/database-connections/database-connection-form.tsx(222,11): error TS17004: Cannot use JSX unless the '--jsx' flag is provided.
frontend/src/components/features/settings/database-connections/database-connection-form.tsx(225,11): error TS17004: Cannot use JSX unless the '--jsx' flag is provided.
frontend/src/components/features/settings/database-connections/database-connection-form.tsx(226,13): error TS17004: Cannot use JSX unless the '--jsx' flag is provided.
frontend/src/components/features/settings/database-connections/database-connection-form.tsx(233,13): error TS17004: Cannot use JSX unless the '--jsx' flag is provided.
frontend/src/components/features/settings/database-connections/database-connection-form.tsx(239,17): error TS17004: Cannot use JSX unless the '--jsx' flag is provided.
frontend/src/components/features/settings/database-connections/database-connection-form.tsx(241,17): error TS17004: Cannot use JSX unless the '--jsx' flag is provided.
frontend/src/components/features/settings/database-connections/database-connection-form.tsx(248,9): error TS17004: Cannot use JSX unless the '--jsx' flag is provided.
frontend/src/components/features/settings/database-connections/database-connection-form.tsx(249,11): error TS17004: Cannot use JSX unless the '--jsx' flag is provided.
frontend/src/components/features/settings/database-connections/database-connection-form.tsx(256,11): error TS17004: Cannot use JSX unless the '--jsx' flag is provided.
frontend/src/components/features/settings/database-connections/database-connection-form.tsx(264,9): error TS17004: Cannot use JSX unless the '--jsx' flag is provided.
frontend/src/components/features/settings/database-connections/database-connection-form.tsx(271,11): error TS17004: Cannot use JSX unless the '--jsx' flag is provided.
frontend/src/components/features/settings/database-connections/database-connection-form.tsx(272,13): error TS17004: Cannot use JSX unless the '--jsx' flag is provided.
frontend/src/components/features/settings/database-connections/database-connection-form.tsx(273,15): error TS17004: Cannot use JSX unless the '--jsx' flag is provided.
frontend/src/components/features/settings/database-connections/database-connection-form.tsx(275,17): error TS17004: Cannot use JSX unless the '--jsx' flag is provided.
frontend/src/components/features/settings/database-connections/database-connection-form.tsx(280,17): error TS17004: Cannot use JSX unless the '--jsx' flag is provided.
frontend/src/components/features/settings/database-connections/database-connection-form.tsx(290,7): error TS17004: Cannot use JSX unless the '--jsx' flag is provided.
frontend/src/components/features/settings/database-connections/database-connection-form.tsx(291,9): error TS17004: Cannot use JSX unless the '--jsx' flag is provided.
frontend/src/components/features/settings/database-connections/database-connection-form.tsx(299,9): error TS17004: Cannot use JSX unless the '--jsx' flag is provided.
frontend/src/components/features/settings/database-connections/database-connection-form.tsx(308,13): error TS17004: Cannot use JSX unless the '--jsx' flag is provided.
frontend/src/components/features/settings/database-connections/database-connection-form.tsx(309,15): error TS17004: Cannot use JSX unless the '--jsx' flag is provided.
frontend/src/components/features/settings/database-connections/database-connection-form.tsx(313,13): error TS17004: Cannot use JSX unless the '--jsx' flag is provided.
frontend/src/components/features/settings/database-connections/database-connection-form.tsx(314,15): error TS17004: Cannot use JSX unless the '--jsx' flag is provided.
frontend/src/components/features/settings/database-connections/database-connection-form.tsx(319,9): error TS17004: Cannot use JSX unless the '--jsx' flag is provided.
frontend/src/components/features/settings/database-connections/database-connections-list.tsx(3,10): error TS2614: Module '"#/*"' has no exported member 'useDatabaseConnections'. Did you mean to use 'import useDatabaseConnections from "#/*"' instead?
frontend/src/components/features/settings/database-connections/database-connections-list.tsx(3,34): error TS2614: Module '"#/*"' has no exported member 'useDeleteDatabaseConnection'. Did you mean to use 'import useDeleteDatabaseConnection from "#/*"' instead?
frontend/src/components/features/settings/database-connections/database-connections-list.tsx(4,15): error TS2614: Module '"#/*"' has no exported member 'DatabaseConnection'. Did you mean to use 'import DatabaseConnection from "#/*"' instead?
frontend/src/components/features/settings/database-connections/database-connections-list.tsx(21,7): error TS17004: Cannot use JSX unless the '--jsx' flag is provided.
frontend/src/components/features/settings/database-connections/database-connections-list.tsx(22,9): error TS17004: Cannot use JSX unless the '--jsx' flag is provided.
frontend/src/components/features/settings/database-connections/database-connections-list.tsx(29,7): error TS17004: Cannot use JSX unless the '--jsx' flag is provided.
frontend/src/components/features/settings/database-connections/database-connections-list.tsx(30,9): error TS17004: Cannot use JSX unless the '--jsx' flag is provided.
frontend/src/components/features/settings/database-connections/database-connections-list.tsx(31,9): error TS17004: Cannot use JSX unless the '--jsx' flag is provided.
frontend/src/components/features/settings/database-connections/database-connections-list.tsx(34,9): error TS17004: Cannot use JSX unless the '--jsx' flag is provided.
frontend/src/components/features/settings/database-connections/database-connections-list.tsx(42,5): error TS17004: Cannot use JSX unless the '--jsx' flag is provided.
frontend/src/components/features/settings/database-connections/database-connections-list.tsx(44,9): error TS17004: Cannot use JSX unless the '--jsx' flag is provided.
frontend/src/components/features/settings/database-connections/database-connections-list.tsx(49,11): error TS17004: Cannot use JSX unless the '--jsx' flag is provided.
frontend/src/components/features/settings/database-connections/database-connections-list.tsx(50,13): error TS17004: Cannot use JSX unless the '--jsx' flag is provided.
frontend/src/components/features/settings/database-connections/database-connections-list.tsx(51,15): error TS17004: Cannot use JSX unless the '--jsx' flag is provided.
frontend/src/components/features/settings/database-connections/database-connections-list.tsx(53,13): error TS17004: Cannot use JSX unless the '--jsx' flag is provided.
frontend/src/components/features/settings/database-connections/database-connections-list.tsx(54,15): error TS17004: Cannot use JSX unless the '--jsx' flag is provided.
frontend/src/components/features/settings/database-connections/database-connections-list.tsx(55,17): error TS17004: Cannot use JSX unless the '--jsx' flag is provided.
frontend/src/components/features/settings/database-connections/database-connections-list.tsx(56,17): error TS17004: Cannot use JSX unless the '--jsx' flag is provided.
frontend/src/components/features/settings/database-connections/database-connections-list.tsx(60,15): error TS17004: Cannot use JSX unless the '--jsx' flag is provided.
frontend/src/components/features/settings/database-connections/database-connections-list.tsx(68,11): error TS17004: Cannot use JSX unless the '--jsx' flag is provided.
frontend/src/components/features/settings/database-connections/database-connections-list.tsx(70,13): error TS17004: Cannot use JSX unless the '--jsx' flag is provided.
frontend/src/components/features/settings/database-connections/database-connections-list.tsx(76,11): error TS17004: Cannot use JSX unless the '--jsx' flag is provided.
frontend/src/components/features/settings/database-connections/database-connections-list.tsx(77,13): error TS17004: Cannot use JSX unless the '--jsx' flag is provided.
frontend/src/components/features/settings/database-connections/database-connections-list.tsx(83,15): error TS17004: Cannot use JSX unless the '--jsx' flag is provided.
frontend/src/components/features/settings/database-connections/database-connections-list.tsx(86,13): error TS17004: Cannot use JSX unless the '--jsx' flag is provided.
frontend/src/components/features/settings/database-connections/database-connections-list.tsx(92,15): error TS17004: Cannot use JSX unless the '--jsx' flag is provided.
frontend/src/components/features/settings/database-connections/database-connections-list.tsx(94,13): error TS17004: Cannot use JSX unless the '--jsx' flag is provided.
frontend/src/components/features/settings/database-connections/database-connections-list.tsx(100,15): error TS17004: Cannot use JSX unless the '--jsx' flag is provided.
frontend/src/components/features/settings/database-connections/database-connections-list.tsx(112,14): error TS17004: Cannot use JSX unless the '--jsx' flag is provided.
frontend/src/components/features/settings/database-connections/database-connections-list.tsx(115,14): error TS17004: Cannot use JSX unless the '--jsx' flag is provided.
frontend/src/components/features/settings/database-connections/database-connections-list.tsx(117,14): error TS17004: Cannot use JSX unless the '--jsx' flag is provided.
frontend/src/components/features/settings/delete-api-key-modal.tsx(3,10): error TS2614: Module '"#/*"' has no exported member 'I18nKey'. Did you mean to use 'import I18nKey from "#/*"' instead?
frontend/src/components/features/settings/delete-api-key-modal.tsx(4,10): error TS2614: Module '"#/*"' has no exported member 'BrandButton'. Did you mean to use 'import BrandButton from "#/*"' instead?
frontend/src/components/features/settings/delete-api-key-modal.tsx(5,10): error TS2614: Module '"#/*"' has no exported member 'LoadingSpinner'. Did you mean to use 'import LoadingSpinner from "#/*"' instead?
frontend/src/components/features/settings/delete-api-key-modal.tsx(6,10): error TS2614: Module '"#/*"' has no exported member 'ApiKey'. Did you mean to use 'import ApiKey from "#/*"' instead?
frontend/src/components/features/settings/delete-api-key-modal.tsx(8,3): error TS2614: Module '"#/*"' has no exported member 'displayErrorToast'. Did you mean to use 'import displayErrorToast from "#/*"' instead?
frontend/src/components/features/settings/delete-api-key-modal.tsx(9,3): error TS2614: Module '"#/*"' has no exported member 'displaySuccessToast'. Did you mean to use 'import displaySuccessToast from "#/*"' instead?
frontend/src/components/features/settings/delete-api-key-modal.tsx(11,33): error TS2835: Relative import paths need explicit file extensions in ECMAScript imports when '--moduleResolution' is 'node16' or 'nodenext'. Did you mean './api-key-modal-base.js'?
frontend/src/components/features/settings/delete-api-key-modal.tsx(12,10): error TS2614: Module '"#/*"' has no exported member 'useDeleteApiKey'. Did you mean to use 'import useDeleteApiKey from "#/*"' instead?
frontend/src/components/features/settings/delete-api-key-modal.tsx(47,5): error TS17004: Cannot use JSX unless the '--jsx' flag is provided.
frontend/src/components/features/settings/delete-api-key-modal.tsx(48,7): error TS17004: Cannot use JSX unless the '--jsx' flag is provided.
frontend/src/components/features/settings/delete-api-key-modal.tsx(56,11): error TS17004: Cannot use JSX unless the '--jsx' flag is provided.
frontend/src/components/features/settings/delete-api-key-modal.tsx(61,7): error TS17004: Cannot use JSX unless the '--jsx' flag is provided.
frontend/src/components/features/settings/delete-api-key-modal.tsx(74,5): error TS17004: Cannot use JSX unless the '--jsx' flag is provided.
frontend/src/components/features/settings/delete-api-key-modal.tsx(79,7): error TS17004: Cannot use JSX unless the '--jsx' flag is provided.
frontend/src/components/features/settings/delete-api-key-modal.tsx(80,9): error TS17004: Cannot use JSX unless the '--jsx' flag is provided.
frontend/src/components/features/settings/git-settings/bitbucket-token-help-anchor.tsx(2,10): error TS2614: Module '"#/*"' has no exported member 'I18nKey'. Did you mean to use 'import I18nKey from "#/*"' instead?
frontend/src/components/features/settings/git-settings/bitbucket-token-help-anchor.tsx(8,5): error TS17004: Cannot use JSX unless the '--jsx' flag is provided.
frontend/src/components/features/settings/git-settings/bitbucket-token-help-anchor.tsx(9,7): error TS17004: Cannot use JSX unless the '--jsx' flag is provided.
frontend/src/components/features/settings/git-settings/bitbucket-token-help-anchor.tsx(12,11): error TS17004: Cannot use JSX unless the '--jsx' flag is provided.
frontend/src/components/features/settings/git-settings/bitbucket-token-help-anchor.tsx(20,11): error TS17004: Cannot use JSX unless the '--jsx' flag is provided.
frontend/src/components/features/settings/git-settings/bitbucket-token-input.tsx(2,10): error TS2614: Module '"#/*"' has no exported member 'I18nKey'. Did you mean to use 'import I18nKey from "#/*"' instead?
frontend/src/components/features/settings/git-settings/bitbucket-token-input.tsx(3,31): error TS2835: Relative import paths need explicit file extensions in ECMAScript imports when '--moduleResolution' is 'node16' or 'nodenext'. Did you mean '../settings-input.js'?
frontend/src/components/features/settings/git-settings/bitbucket-token-input.tsx(4,42): error TS2835: Relative import paths need explicit file extensions in ECMAScript imports when '--moduleResolution' is 'node16' or 'nodenext'. Did you mean './bitbucket-token-help-anchor.js'?
frontend/src/components/features/settings/git-settings/bitbucket-token-input.tsx(5,31): error TS2835: Relative import paths need explicit file extensions in ECMAScript imports when '--moduleResolution' is 'node16' or 'nodenext'. Did you mean '../key-status-icon.js'?
frontend/src/components/features/settings/git-settings/bitbucket-token-input.tsx(6,10): error TS2614: Module '"#/*"' has no exported member 'cn'. Did you mean to use 'import cn from "#/*"' instead?
frontend/src/components/features/settings/git-settings/bitbucket-token-input.tsx(28,5): error TS17004: Cannot use JSX unless the '--jsx' flag is provided.
frontend/src/components/features/settings/git-settings/bitbucket-token-input.tsx(29,7): error TS17004: Cannot use JSX unless the '--jsx' flag is provided.
frontend/src/components/features/settings/git-settings/bitbucket-token-input.tsx(39,13): error TS17004: Cannot use JSX unless the '--jsx' flag is provided.
frontend/src/components/features/settings/git-settings/bitbucket-token-input.tsx(47,7): error TS17004: Cannot use JSX unless the '--jsx' flag is provided.
frontend/src/components/features/settings/git-settings/bitbucket-token-input.tsx(59,13): error TS17004: Cannot use JSX unless the '--jsx' flag is provided.
frontend/src/components/features/settings/git-settings/bitbucket-token-input.tsx(64,7): error TS17004: Cannot use JSX unless the '--jsx' flag is provided.
frontend/src/components/features/settings/git-settings/configure-github-repositories-anchor.tsx(2,10): error TS2614: Module '"#/*"' has no exported member 'I18nKey'. Did you mean to use 'import I18nKey from "#/*"' instead?
frontend/src/components/features/settings/git-settings/configure-github-repositories-anchor.tsx(3,29): error TS2835: Relative import paths need explicit file extensions in ECMAScript imports when '--moduleResolution' is 'node16' or 'nodenext'. Did you mean '../brand-button.js'?
frontend/src/components/features/settings/git-settings/configure-github-repositories-anchor.tsx(15,5): error TS17004: Cannot use JSX unless the '--jsx' flag is provided.
frontend/src/components/features/settings/git-settings/configure-github-repositories-anchor.tsx(16,7): error TS17004: Cannot use JSX unless the '--jsx' flag is provided.
frontend/src/components/features/settings/git-settings/github-settings-inputs-skeleton.tsx(1,31): error TS2835: Relative import paths need explicit file extensions in ECMAScript imports when '--moduleResolution' is 'node16' or 'nodenext'. Did you mean '../input-skeleton.js'?
frontend/src/components/features/settings/git-settings/github-settings-inputs-skeleton.tsx(2,33): error TS2835: Relative import paths need explicit file extensions in ECMAScript imports when '--moduleResolution' is 'node16' or 'nodenext'. Did you mean '../subtext-skeleton.js'?
frontend/src/components/features/settings/git-settings/github-settings-inputs-skeleton.tsx(6,5): error TS17004: Cannot use JSX unless the '--jsx' flag is provided.
frontend/src/components/features/settings/git-settings/github-settings-inputs-skeleton.tsx(7,7): error TS17004: Cannot use JSX unless the '--jsx' flag is provided.
frontend/src/components/features/settings/git-settings/github-settings-inputs-skeleton.tsx(8,9): error TS17004: Cannot use JSX unless the '--jsx' flag is provided.
frontend/src/components/features/settings/git-settings/github-settings-inputs-skeleton.tsx(9,9): error TS17004: Cannot use JSX unless the '--jsx' flag is provided.
frontend/src/components/features/settings/git-settings/github-settings-inputs-skeleton.tsx(12,7): error TS17004: Cannot use JSX unless the '--jsx' flag is provided.
frontend/src/components/features/settings/git-settings/github-settings-inputs-skeleton.tsx(13,9): error TS17004: Cannot use JSX unless the '--jsx' flag is provided.
frontend/src/components/features/settings/git-settings/github-settings-inputs-skeleton.tsx(14,9): error TS17004: Cannot use JSX unless the '--jsx' flag is provided.
frontend/src/components/features/settings/git-settings/github-token-help-anchor.tsx(2,10): error TS2614: Module '"#/*"' has no exported member 'I18nKey'. Did you mean to use 'import I18nKey from "#/*"' instead?
frontend/src/components/features/settings/git-settings/github-token-help-anchor.tsx(8,5): error TS17004: Cannot use JSX unless the '--jsx' flag is provided.
frontend/src/components/features/settings/git-settings/github-token-help-anchor.tsx(9,7): error TS17004: Cannot use JSX unless the '--jsx' flag is provided.
frontend/src/components/features/settings/git-settings/github-token-help-anchor.tsx(12,11): error TS17004: Cannot use JSX unless the '--jsx' flag is provided.
frontend/src/components/features/settings/git-settings/github-token-help-anchor.tsx(20,11): error TS17004: Cannot use JSX unless the '--jsx' flag is provided.
frontend/src/components/features/settings/git-settings/github-token-input.tsx(2,10): error TS2614: Module '"#/*"' has no exported member 'I18nKey'. Did you mean to use 'import I18nKey from "#/*"' instead?
frontend/src/components/features/settings/git-settings/github-token-input.tsx(3,31): error TS2835: Relative import paths need explicit file extensions in ECMAScript imports when '--moduleResolution' is 'node16' or 'nodenext'. Did you mean '../settings-input.js'?
frontend/src/components/features/settings/git-settings/github-token-input.tsx(4,39): error TS2835: Relative import paths need explicit file extensions in ECMAScript imports when '--moduleResolution' is 'node16' or 'nodenext'. Did you mean './github-token-help-anchor.js'?
frontend/src/components/features/settings/git-settings/github-token-input.tsx(5,31): error TS2835: Relative import paths need explicit file extensions in ECMAScript imports when '--moduleResolution' is 'node16' or 'nodenext'. Did you mean '../key-status-icon.js'?
frontend/src/components/features/settings/git-settings/github-token-input.tsx(6,10): error TS2614: Module '"#/*"' has no exported member 'cn'. Did you mean to use 'import cn from "#/*"' instead?
frontend/src/components/features/settings/git-settings/github-token-input.tsx(28,5): error TS17004: Cannot use JSX unless the '--jsx' flag is provided.
frontend/src/components/features/settings/git-settings/github-token-input.tsx(29,7): error TS17004: Cannot use JSX unless the '--jsx' flag is provided.
frontend/src/components/features/settings/git-settings/github-token-input.tsx(39,13): error TS17004: Cannot use JSX unless the '--jsx' flag is provided.
frontend/src/components/features/settings/git-settings/github-token-input.tsx(47,7): error TS17004: Cannot use JSX unless the '--jsx' flag is provided.
frontend/src/components/features/settings/git-settings/github-token-input.tsx(59,13): error TS17004: Cannot use JSX unless the '--jsx' flag is provided.
frontend/src/components/features/settings/git-settings/github-token-input.tsx(64,7): error TS17004: Cannot use JSX unless the '--jsx' flag is provided.
frontend/src/components/features/settings/git-settings/gitlab-token-help-anchor.tsx(2,10): error TS2614: Module '"#/*"' has no exported member 'I18nKey'. Did you mean to use 'import I18nKey from "#/*"' instead?
frontend/src/components/features/settings/git-settings/gitlab-token-help-anchor.tsx(8,5): error TS17004: Cannot use JSX unless the '--jsx' flag is provided.
frontend/src/components/features/settings/git-settings/gitlab-token-help-anchor.tsx(9,7): error TS17004: Cannot use JSX unless the '--jsx' flag is provided.
frontend/src/components/features/settings/git-settings/gitlab-token-help-anchor.tsx(12,11): error TS17004: Cannot use JSX unless the '--jsx' flag is provided.
frontend/src/components/features/settings/git-settings/gitlab-token-help-anchor.tsx(20,11): error TS17004: Cannot use JSX unless the '--jsx' flag is provided.
frontend/src/components/features/settings/git-settings/gitlab-token-input.tsx(2,10): error TS2614: Module '"#/*"' has no exported member 'I18nKey'. Did you mean to use 'import I18nKey from "#/*"' instead?
frontend/src/components/features/settings/git-settings/gitlab-token-input.tsx(3,31): error TS2835: Relative import paths need explicit file extensions in ECMAScript imports when '--moduleResolution' is 'node16' or 'nodenext'. Did you mean '../settings-input.js'?
frontend/src/components/features/settings/git-settings/gitlab-token-input.tsx(4,39): error TS2835: Relative import paths need explicit file extensions in ECMAScript imports when '--moduleResolution' is 'node16' or 'nodenext'. Did you mean './gitlab-token-help-anchor.js'?
frontend/src/components/features/settings/git-settings/gitlab-token-input.tsx(5,31): error TS2835: Relative import paths need explicit file extensions in ECMAScript imports when '--moduleResolution' is 'node16' or 'nodenext'. Did you mean '../key-status-icon.js'?
frontend/src/components/features/settings/git-settings/gitlab-token-input.tsx(6,10): error TS2614: Module '"#/*"' has no exported member 'cn'. Did you mean to use 'import cn from "#/*"' instead?
frontend/src/components/features/settings/git-settings/gitlab-token-input.tsx(28,5): error TS17004: Cannot use JSX unless the '--jsx' flag is provided.
frontend/src/components/features/settings/git-settings/gitlab-token-input.tsx(29,7): error TS17004: Cannot use JSX unless the '--jsx' flag is provided.
frontend/src/components/features/settings/git-settings/gitlab-token-input.tsx(39,13): error TS17004: Cannot use JSX unless the '--jsx' flag is provided.
frontend/src/components/features/settings/git-settings/gitlab-token-input.tsx(47,7): error TS17004: Cannot use JSX unless the '--jsx' flag is provided.
frontend/src/components/features/settings/git-settings/gitlab-token-input.tsx(59,13): error TS17004: Cannot use JSX unless the '--jsx' flag is provided.
frontend/src/components/features/settings/git-settings/gitlab-token-input.tsx(64,7): error TS17004: Cannot use JSX unless the '--jsx' flag is provided.
frontend/src/components/features/settings/git-settings/install-slack-app-anchor.tsx(3,10): error TS2614: Module '"#/*"' has no exported member 'I18nKey'. Did you mean to use 'import I18nKey from "#/*"' instead?
frontend/src/components/features/settings/git-settings/install-slack-app-anchor.tsx(4,29): error TS2835: Relative import paths need explicit file extensions in ECMAScript imports when '--moduleResolution' is 'node16' or 'nodenext'. Did you mean '../brand-button.js'?
frontend/src/components/features/settings/git-settings/install-slack-app-anchor.tsx(40,5): error TS17004: Cannot use JSX unless the '--jsx' flag is provided.
frontend/src/components/features/settings/git-settings/install-slack-app-anchor.tsx(41,7): error TS17004: Cannot use JSX unless the '--jsx' flag is provided.
frontend/src/components/features/settings/git-settings/install-slack-app-anchor.tsx(51,9): error TS17004: Cannot use JSX unless the '--jsx' flag is provided.
frontend/src/components/features/settings/help-link.tsx(17,5): error TS17004: Cannot use JSX unless the '--jsx' flag is provided.
frontend/src/components/features/settings/help-link.tsx(19,7): error TS17004: Cannot use JSX unless the '--jsx' flag is provided.
frontend/src/components/features/settings/input-skeleton.tsx(3,5): error TS17004: Cannot use JSX unless the '--jsx' flag is provided.
frontend/src/components/features/settings/input-skeleton.tsx(4,7): error TS17004: Cannot use JSX unless the '--jsx' flag is provided.
frontend/src/components/features/settings/input-skeleton.tsx(5,7): error TS17004: Cannot use JSX unless the '--jsx' flag is provided.
frontend/src/components/features/settings/key-status-icon.tsx(2,10): error TS2614: Module '"#/*"' has no exported member 'cn'. Did you mean to use 'import cn from "#/*"' instead?
frontend/src/components/features/settings/key-status-icon.tsx(11,5): error TS17004: Cannot use JSX unless the '--jsx' flag is provided.
frontend/src/components/features/settings/key-status-icon.tsx(12,7): error TS17004: Cannot use JSX unless the '--jsx' flag is provided.
frontend/src/components/features/settings/llm-settings/llm-settings-inputs-skeleton.tsx(1,31): error TS2835: Relative import paths need explicit file extensions in ECMAScript imports when '--moduleResolution' is 'node16' or 'nodenext'. Did you mean '../input-skeleton.js'?
frontend/src/components/features/settings/llm-settings/llm-settings-inputs-skeleton.tsx(2,33): error TS2835: Relative import paths need explicit file extensions in ECMAScript imports when '--moduleResolution' is 'node16' or 'nodenext'. Did you mean '../subtext-skeleton.js'?
frontend/src/components/features/settings/llm-settings/llm-settings-inputs-skeleton.tsx(3,32): error TS2835: Relative import paths need explicit file extensions in ECMAScript imports when '--moduleResolution' is 'node16' or 'nodenext'. Did you mean '../switch-skeleton.js'?
frontend/src/components/features/settings/llm-settings/llm-settings-inputs-skeleton.tsx(7,5): error TS17004: Cannot use JSX unless the '--jsx' flag is provided.
frontend/src/components/features/settings/llm-settings/llm-settings-inputs-skeleton.tsx(11,7): error TS17004: Cannot use JSX unless the '--jsx' flag is provided.
frontend/src/components/features/settings/llm-settings/llm-settings-inputs-skeleton.tsx(12,7): error TS17004: Cannot use JSX unless the '--jsx' flag is provided.
frontend/src/components/features/settings/llm-settings/llm-settings-inputs-skeleton.tsx(13,7): error TS17004: Cannot use JSX unless the '--jsx' flag is provided.
frontend/src/components/features/settings/llm-settings/llm-settings-inputs-skeleton.tsx(14,7): error TS17004: Cannot use JSX unless the '--jsx' flag is provided.
frontend/src/components/features/settings/llm-settings/llm-settings-inputs-skeleton.tsx(15,7): error TS17004: Cannot use JSX unless the '--jsx' flag is provided.
frontend/src/components/features/settings/llm-settings/llm-settings-inputs-skeleton.tsx(16,7): error TS17004: Cannot use JSX unless the '--jsx' flag is provided.
frontend/src/components/features/settings/llm-settings/llm-settings-inputs-skeleton.tsx(17,7): error TS17004: Cannot use JSX unless the '--jsx' flag is provided.
frontend/src/components/features/settings/llm-settings/llm-settings-inputs-skeleton.tsx(18,7): error TS17004: Cannot use JSX unless the '--jsx' flag is provided.
frontend/src/components/features/settings/mcp-settings/__tests__/mcp-marketplace-card.test.tsx(5,36): error TS2835: Relative import paths need explicit file extensions in ECMAScript imports when '--moduleResolution' is 'node16' or 'nodenext'. Did you mean '../mcp-marketplace-card.js'?
frontend/src/components/features/settings/mcp-settings/__tests__/mcp-marketplace-card.test.tsx(6,15): error TS2614: Module '"#/*"' has no exported member 'MCPMarketplaceItem'. Did you mean to use 'import MCPMarketplaceItem from "#/*"' instead?
frontend/src/components/features/settings/mcp-settings/__tests__/mcp-marketplace-card.test.tsx(10,23): error TS17004: Cannot use JSX unless the '--jsx' flag is provided.
frontend/src/components/features/settings/mcp-settings/__tests__/mcp-marketplace-card.test.tsx(11,19): error TS17004: Cannot use JSX unless the '--jsx' flag is provided.
frontend/src/components/features/settings/mcp-settings/__tests__/mcp-marketplace-card.test.tsx(12,15): error TS17004: Cannot use JSX unless the '--jsx' flag is provided.
frontend/src/components/features/settings/mcp-settings/__tests__/mcp-marketplace-card.test.tsx(13,16): error TS17004: Cannot use JSX unless the '--jsx' flag is provided.
frontend/src/components/features/settings/mcp-settings/__tests__/mcp-marketplace-card.test.tsx(14,19): error TS17004: Cannot use JSX unless the '--jsx' flag is provided.
frontend/src/components/features/settings/mcp-settings/__tests__/mcp-marketplace-card.test.tsx(15,21): error TS17004: Cannot use JSX unless the '--jsx' flag is provided.
frontend/src/components/features/settings/mcp-settings/__tests__/mcp-marketplace-card.test.tsx(44,12): error TS17004: Cannot use JSX unless the '--jsx' flag is provided.
frontend/src/components/features/settings/mcp-settings/__tests__/mcp-marketplace-card.test.tsx(51,12): error TS17004: Cannot use JSX unless the '--jsx' flag is provided.
frontend/src/components/features/settings/mcp-settings/__tests__/mcp-marketplace-card.test.tsx(57,12): error TS17004: Cannot use JSX unless the '--jsx' flag is provided.
frontend/src/components/features/settings/mcp-settings/__tests__/mcp-marketplace-card.test.tsx(64,12): error TS17004: Cannot use JSX unless the '--jsx' flag is provided.
frontend/src/components/features/settings/mcp-settings/__tests__/mcp-marketplace-card.test.tsx(70,12): error TS17004: Cannot use JSX unless the '--jsx' flag is provided.
frontend/src/components/features/settings/mcp-settings/__tests__/mcp-marketplace-card.test.tsx(77,12): error TS17004: Cannot use JSX unless the '--jsx' flag is provided.
frontend/src/components/features/settings/mcp-settings/__tests__/mcp-marketplace-card.test.tsx(84,12): error TS17004: Cannot use JSX unless the '--jsx' flag is provided.
frontend/src/components/features/settings/mcp-settings/__tests__/mcp-marketplace-card.test.tsx(91,12): error TS17004: Cannot use JSX unless the '--jsx' flag is provided.
frontend/src/components/features/settings/mcp-settings/__tests__/mcp-marketplace-card.test.tsx(98,12): error TS17004: Cannot use JSX unless the '--jsx' flag is provided.
frontend/src/components/features/settings/mcp-settings/__tests__/mcp-marketplace-card.test.tsx(105,28): error TS2339: Property 'setup' does not exist on type 'typeof import("C:/Users/GIGABYTE/Desktop/Forge/frontend/node_modules/@testing-library/user-event/dist/types/index")'.
frontend/src/components/features/settings/mcp-settings/__tests__/mcp-marketplace-card.test.tsx(106,12): error TS17004: Cannot use JSX unless the '--jsx' flag is provided.
frontend/src/components/features/settings/mcp-settings/__tests__/mcp-marketplace-card.test.tsx(115,12): error TS17004: Cannot use JSX unless the '--jsx' flag is provided.
frontend/src/components/features/settings/mcp-settings/__tests__/mcp-marketplace-card.test.tsx(123,28): error TS2339: Property 'setup' does not exist on type 'typeof import("C:/Users/GIGABYTE/Desktop/Forge/frontend/node_modules/@testing-library/user-event/dist/types/index")'.
frontend/src/components/features/settings/mcp-settings/__tests__/mcp-marketplace-card.test.tsx(124,12): error TS17004: Cannot use JSX unless the '--jsx' flag is provided.
frontend/src/components/features/settings/mcp-settings/__tests__/mcp-marketplace-card.test.tsx(133,12): error TS17004: Cannot use JSX unless the '--jsx' flag is provided.
frontend/src/components/features/settings/mcp-settings/__tests__/mcp-marketplace-card.test.tsx(142,12): error TS17004: Cannot use JSX unless the '--jsx' flag is provided.
frontend/src/components/features/settings/mcp-settings/__tests__/mcp-marketplace-card.test.tsx(148,12): error TS17004: Cannot use JSX unless the '--jsx' flag is provided.
frontend/src/components/features/settings/mcp-settings/__tests__/mcp-marketplace-card.test.tsx(155,12): error TS17004: Cannot use JSX unless the '--jsx' flag is provided.
frontend/src/components/features/settings/mcp-settings/__tests__/mcp-marketplace-card.test.tsx(161,28): error TS2339: Property 'setup' does not exist on type 'typeof import("C:/Users/GIGABYTE/Desktop/Forge/frontend/node_modules/@testing-library/user-event/dist/types/index")'.
frontend/src/components/features/settings/mcp-settings/__tests__/mcp-marketplace-card.test.tsx(162,34): error TS17004: Cannot use JSX unless the '--jsx' flag is provided.
frontend/src/components/features/settings/mcp-settings/__tests__/mcp-server-form.validation.test.tsx(3,31): error TS2835: Relative import paths need explicit file extensions in ECMAScript imports when '--moduleResolution' is 'node16' or 'nodenext'. Did you mean '../mcp-server-form.js'?
frontend/src/components/features/settings/mcp-settings/__tests__/mcp-server-form.validation.test.tsx(19,7): error TS17004: Cannot use JSX unless the '--jsx' flag is provided.
frontend/src/components/features/settings/mcp-settings/__tests__/mcp-server-form.validation.test.tsx(68,7): error TS17004: Cannot use JSX unless the '--jsx' flag is provided.
frontend/src/components/features/settings/mcp-settings/__tests__/mcp-server-form.validation.test.tsx(90,7): error TS17004: Cannot use JSX unless the '--jsx' flag is provided.
frontend/src/components/features/settings/mcp-settings/__tests__/mcp-server-list.test.tsx(3,31): error TS2835: Relative import paths need explicit file extensions in ECMAScript imports when '--moduleResolution' is 'node16' or 'nodenext'. Did you mean '../mcp-server-list.js'?
frontend/src/components/features/settings/mcp-settings/__tests__/mcp-server-list.test.tsx(33,7): error TS17004: Cannot use JSX unless the '--jsx' flag is provided.
frontend/src/components/features/settings/mcp-settings/__tests__/mcp-server-list.test.tsx(61,7): error TS17004: Cannot use JSX unless the '--jsx' flag is provided.
frontend/src/components/features/settings/mcp-settings/__tests__/mcp-server-list.test.tsx(82,7): error TS17004: Cannot use JSX unless the '--jsx' flag is provided.
frontend/src/components/features/settings/mcp-settings/__tests__/mcp-server-list.test.tsx(119,7): error TS17004: Cannot use JSX unless the '--jsx' flag is provided.
frontend/src/components/features/settings/mcp-settings/__tests__/mcp-server-list.test.tsx(143,7): error TS17004: Cannot use JSX unless the '--jsx' flag is provided.
frontend/src/components/features/settings/mcp-settings/mcp-config-viewer.tsx(3,10): error TS2614: Module '"#/*"' has no exported member 'MCPConfig'. Did you mean to use 'import MCPConfig from "#/*"' instead?
frontend/src/components/features/settings/mcp-settings/mcp-config-viewer.tsx(3,21): error TS2614: Module '"#/*"' has no exported member 'MCPSSEServer'. Did you mean to use 'import MCPSSEServer from "#/*"' instead?
frontend/src/components/features/settings/mcp-settings/mcp-config-viewer.tsx(3,35): error TS2614: Module '"#/*"' has no exported member 'MCPStdioServer'. Did you mean to use 'import MCPStdioServer from "#/*"' instead?
frontend/src/components/features/settings/mcp-settings/mcp-config-viewer.tsx(4,10): error TS2614: Module '"#/*"' has no exported member 'I18nKey'. Did you mean to use 'import I18nKey from "#/*"' instead?
frontend/src/components/features/settings/mcp-settings/mcp-config-viewer.tsx(19,7): error TS17004: Cannot use JSX unless the '--jsx' flag is provided.
frontend/src/components/features/settings/mcp-settings/mcp-config-viewer.tsx(20,9): error TS17004: Cannot use JSX unless the '--jsx' flag is provided.
frontend/src/components/features/settings/mcp-settings/mcp-config-viewer.tsx(21,11): error TS17004: Cannot use JSX unless the '--jsx' flag is provided.
frontend/src/components/features/settings/mcp-settings/mcp-config-viewer.tsx(29,5): error TS17004: Cannot use JSX unless the '--jsx' flag is provided.
frontend/src/components/features/settings/mcp-settings/mcp-config-viewer.tsx(30,7): error TS17004: Cannot use JSX unless the '--jsx' flag is provided.
frontend/src/components/features/settings/mcp-settings/mcp-config-viewer.tsx(31,9): error TS17004: Cannot use JSX unless the '--jsx' flag is provided.
frontend/src/components/features/settings/mcp-settings/mcp-config-viewer.tsx(35,9): error TS17004: Cannot use JSX unless the '--jsx' flag is provided.
frontend/src/components/features/settings/mcp-settings/mcp-config-viewer.tsx(36,11): error TS17004: Cannot use JSX unless the '--jsx' flag is provided.
frontend/src/components/features/settings/mcp-settings/mcp-config-viewer.tsx(54,5): error TS17004: Cannot use JSX unless the '--jsx' flag is provided.
frontend/src/components/features/settings/mcp-settings/mcp-config-viewer.tsx(55,7): error TS17004: Cannot use JSX unless the '--jsx' flag is provided.
frontend/src/components/features/settings/mcp-settings/mcp-config-viewer.tsx(56,9): error TS17004: Cannot use JSX unless the '--jsx' flag is provided.
frontend/src/components/features/settings/mcp-settings/mcp-config-viewer.tsx(59,7): error TS17004: Cannot use JSX unless the '--jsx' flag is provided.
frontend/src/components/features/settings/mcp-settings/mcp-config-viewer.tsx(60,9): error TS17004: Cannot use JSX unless the '--jsx' flag is provided.
frontend/src/components/features/settings/mcp-settings/mcp-config-viewer.tsx(64,9): error TS17004: Cannot use JSX unless the '--jsx' flag is provided.
frontend/src/components/features/settings/mcp-settings/mcp-config-viewer.tsx(65,11): error TS17004: Cannot use JSX unless the '--jsx' flag is provided.
frontend/src/components/features/settings/mcp-settings/mcp-config-viewer.tsx(70,9): error TS17004: Cannot use JSX unless the '--jsx' flag is provided.
frontend/src/components/features/settings/mcp-settings/mcp-config-viewer.tsx(71,11): error TS17004: Cannot use JSX unless the '--jsx' flag is provided.
frontend/src/components/features/settings/mcp-settings/mcp-config-viewer.tsx(92,5): error TS17004: Cannot use JSX unless the '--jsx' flag is provided.
frontend/src/components/features/settings/mcp-settings/mcp-config-viewer.tsx(93,7): error TS17004: Cannot use JSX unless the '--jsx' flag is provided.
frontend/src/components/features/settings/mcp-settings/mcp-config-viewer.tsx(94,9): error TS17004: Cannot use JSX unless the '--jsx' flag is provided.
frontend/src/components/features/settings/mcp-settings/mcp-config-viewer.tsx(97,9): error TS17004: Cannot use JSX unless the '--jsx' flag is provided.
frontend/src/components/features/settings/mcp-settings/mcp-config-viewer.tsx(108,7): error TS17004: Cannot use JSX unless the '--jsx' flag is provided.
frontend/src/components/features/settings/mcp-settings/mcp-config-viewer.tsx(109,9): error TS17004: Cannot use JSX unless the '--jsx' flag is provided.
frontend/src/components/features/settings/mcp-settings/mcp-config-viewer.tsx(111,13): error TS17004: Cannot use JSX unless the '--jsx' flag is provided.
frontend/src/components/features/settings/mcp-settings/mcp-config-viewer.tsx(112,15): error TS17004: Cannot use JSX unless the '--jsx' flag is provided.
frontend/src/components/features/settings/mcp-settings/mcp-config-viewer.tsx(114,17): error TS17004: Cannot use JSX unless the '--jsx' flag is provided.
frontend/src/components/features/settings/mcp-settings/mcp-config-viewer.tsx(118,43): error TS7006: Parameter 'server' implicitly has an 'any' type.
frontend/src/components/features/settings/mcp-settings/mcp-config-viewer.tsx(118,51): error TS7006: Parameter 'index' implicitly has an 'any' type.
frontend/src/components/features/settings/mcp-settings/mcp-config-viewer.tsx(119,17): error TS17004: Cannot use JSX unless the '--jsx' flag is provided.
frontend/src/components/features/settings/mcp-settings/mcp-config-viewer.tsx(125,13): error TS17004: Cannot use JSX unless the '--jsx' flag is provided.
frontend/src/components/features/settings/mcp-settings/mcp-config-viewer.tsx(126,15): error TS17004: Cannot use JSX unless the '--jsx' flag is provided.
frontend/src/components/features/settings/mcp-settings/mcp-config-viewer.tsx(128,17): error TS17004: Cannot use JSX unless the '--jsx' flag is provided.
frontend/src/components/features/settings/mcp-settings/mcp-config-viewer.tsx(132,45): error TS7006: Parameter 'server' implicitly has an 'any' type.
frontend/src/components/features/settings/mcp-settings/mcp-config-viewer.tsx(132,53): error TS7006: Parameter 'index' implicitly has an 'any' type.
frontend/src/components/features/settings/mcp-settings/mcp-config-viewer.tsx(133,17): error TS17004: Cannot use JSX unless the '--jsx' flag is provided.
frontend/src/components/features/settings/mcp-settings/mcp-marketplace-card.tsx(3,15): error TS2614: Module '"#/*"' has no exported member 'MCPMarketplaceItem'. Did you mean to use 'import MCPMarketplaceItem from "#/*"' instead?
frontend/src/components/features/settings/mcp-settings/mcp-marketplace-card.tsx(4,10): error TS2614: Module '"#/*"' has no exported member 'BrandButton'. Did you mean to use 'import BrandButton from "#/*"' instead?
frontend/src/components/features/settings/mcp-settings/mcp-marketplace-card.tsx(49,5): error TS17004: Cannot use JSX unless the '--jsx' flag is provided.
frontend/src/components/features/settings/mcp-settings/mcp-marketplace-card.tsx(55,7): error TS17004: Cannot use JSX unless the '--jsx' flag is provided.
frontend/src/components/features/settings/mcp-settings/mcp-marketplace-card.tsx(57,11): error TS17004: Cannot use JSX unless the '--jsx' flag is provided.
frontend/src/components/features/settings/mcp-settings/mcp-marketplace-card.tsx(58,13): error TS17004: Cannot use JSX unless the '--jsx' flag is provided.
frontend/src/components/features/settings/mcp-settings/mcp-marketplace-card.tsx(63,11): error TS17004: Cannot use JSX unless the '--jsx' flag is provided.
frontend/src/components/features/settings/mcp-settings/mcp-marketplace-card.tsx(64,13): error TS17004: Cannot use JSX unless the '--jsx' flag is provided.
frontend/src/components/features/settings/mcp-settings/mcp-marketplace-card.tsx(71,7): error TS17004: Cannot use JSX unless the '--jsx' flag is provided.
frontend/src/components/features/settings/mcp-settings/mcp-marketplace-card.tsx(74,7): error TS17004: Cannot use JSX unless the '--jsx' flag is provided.
frontend/src/components/features/settings/mcp-settings/mcp-marketplace-card.tsx(76,9): error TS17004: Cannot use JSX unless the '--jsx' flag is provided.
frontend/src/components/features/settings/mcp-settings/mcp-marketplace-card.tsx(77,11): error TS17004: Cannot use JSX unless the '--jsx' flag is provided.
frontend/src/components/features/settings/mcp-settings/mcp-marketplace-card.tsx(81,11): error TS17004: Cannot use JSX unless the '--jsx' flag is provided.
frontend/src/components/features/settings/mcp-settings/mcp-marketplace-card.tsx(82,13): error TS17004: Cannot use JSX unless the '--jsx' flag is provided.
frontend/src/components/features/settings/mcp-settings/mcp-marketplace-card.tsx(83,15): error TS17004: Cannot use JSX unless the '--jsx' flag is provided.
frontend/src/components/features/settings/mcp-settings/mcp-marketplace-card.tsx(87,17): error TS17004: Cannot use JSX unless the '--jsx' flag is provided.
frontend/src/components/features/settings/mcp-settings/mcp-marketplace-card.tsx(88,19): error TS17004: Cannot use JSX unless the '--jsx' flag is provided.
frontend/src/components/features/settings/mcp-settings/mcp-marketplace-card.tsx(93,13): error TS17004: Cannot use JSX unless the '--jsx' flag is provided.
frontend/src/components/features/settings/mcp-settings/mcp-marketplace-card.tsx(94,15): error TS17004: Cannot use JSX unless the '--jsx' flag is provided.
frontend/src/components/features/settings/mcp-settings/mcp-marketplace-card.tsx(96,17): error TS17004: Cannot use JSX unless the '--jsx' flag is provided.
frontend/src/components/features/settings/mcp-settings/mcp-marketplace-card.tsx(97,19): error TS17004: Cannot use JSX unless the '--jsx' flag is provided.
frontend/src/components/features/settings/mcp-settings/mcp-marketplace-card.tsx(98,19): error TS17004: Cannot use JSX unless the '--jsx' flag is provided.
frontend/src/components/features/settings/mcp-settings/mcp-marketplace-card.tsx(99,21): error TS17004: Cannot use JSX unless the '--jsx' flag is provided.
frontend/src/components/features/settings/mcp-settings/mcp-marketplace-card.tsx(100,21): error TS17004: Cannot use JSX unless the '--jsx' flag is provided.
frontend/src/components/features/settings/mcp-settings/mcp-marketplace-card.tsx(105,17): error TS17004: Cannot use JSX unless the '--jsx' flag is provided.
frontend/src/components/features/settings/mcp-settings/mcp-marketplace-card.tsx(106,19): error TS17004: Cannot use JSX unless the '--jsx' flag is provided.
frontend/src/components/features/settings/mcp-settings/mcp-marketplace-card.tsx(107,19): error TS17004: Cannot use JSX unless the '--jsx' flag is provided.
frontend/src/components/features/settings/mcp-settings/mcp-marketplace-card.tsx(108,21): error TS17004: Cannot use JSX unless the '--jsx' flag is provided.
frontend/src/components/features/settings/mcp-settings/mcp-marketplace-card.tsx(109,21): error TS17004: Cannot use JSX unless the '--jsx' flag is provided.
frontend/src/components/features/settings/mcp-settings/mcp-marketplace-card.tsx(118,9): error TS17004: Cannot use JSX unless the '--jsx' flag is provided.
frontend/src/components/features/settings/mcp-settings/mcp-marketplace-card.tsx(123,9): error TS17004: Cannot use JSX unless the '--jsx' flag is provided.
frontend/src/components/features/settings/mcp-settings/mcp-marketplace-card.tsx(124,11): error TS17004: Cannot use JSX unless the '--jsx' flag is provided.
frontend/src/components/features/settings/mcp-settings/mcp-marketplace-card.tsx(129,11): error TS17004: Cannot use JSX unless the '--jsx' flag is provided.
frontend/src/components/features/settings/mcp-settings/mcp-marketplace-card.tsx(135,9): error TS17004: Cannot use JSX unless the '--jsx' flag is provided.
frontend/src/components/features/settings/mcp-settings/mcp-marketplace-card.tsx(136,11): error TS17004: Cannot use JSX unless the '--jsx' flag is provided.
frontend/src/components/features/settings/mcp-settings/mcp-marketplace-card.tsx(144,15): error TS17004: Cannot use JSX unless the '--jsx' flag is provided.
frontend/src/components/features/settings/mcp-settings/mcp-marketplace-card.tsx(145,17): error TS17004: Cannot use JSX unless the '--jsx' flag is provided.
frontend/src/components/features/settings/mcp-settings/mcp-marketplace-card.tsx(146,17): error TS17004: Cannot use JSX unless the '--jsx' flag is provided.
frontend/src/components/features/settings/mcp-settings/mcp-marketplace-card.tsx(149,15): error TS17004: Cannot use JSX unless the '--jsx' flag is provided.
frontend/src/components/features/settings/mcp-settings/mcp-marketplace-card.tsx(150,17): error TS17004: Cannot use JSX unless the '--jsx' flag is provided.
frontend/src/components/features/settings/mcp-settings/mcp-marketplace-card.tsx(151,17): error TS17004: Cannot use JSX unless the '--jsx' flag is provided.
frontend/src/components/features/settings/mcp-settings/mcp-marketplace-card.tsx(156,11): error TS17004: Cannot use JSX unless the '--jsx' flag is provided.
frontend/src/components/features/settings/mcp-settings/mcp-marketplace-card.tsx(162,13): error TS17004: Cannot use JSX unless the '--jsx' flag is provided.
frontend/src/components/features/settings/mcp-settings/mcp-marketplace-card.tsx(166,13): error TS17004: Cannot use JSX unless the '--jsx' flag is provided.
frontend/src/components/features/settings/mcp-settings/mcp-marketplace-card.tsx(174,15): error TS17004: Cannot use JSX unless the '--jsx' flag is provided.
frontend/src/components/features/settings/mcp-settings/mcp-marketplace-details-modal.tsx(2,15): error TS2614: Module '"#/*"' has no exported member 'MCPMarketplaceItem'. Did you mean to use 'import MCPMarketplaceItem from "#/*"' instead?
frontend/src/components/features/settings/mcp-settings/mcp-marketplace-details-modal.tsx(3,10): error TS2614: Module '"#/*"' has no exported member 'BrandButton'. Did you mean to use 'import BrandButton from "#/*"' instead?
frontend/src/components/features/settings/mcp-settings/mcp-marketplace-details-modal.tsx(24,5): error TS17004: Cannot use JSX unless the '--jsx' flag is provided.
frontend/src/components/features/settings/mcp-settings/mcp-marketplace-details-modal.tsx(25,7): error TS17004: Cannot use JSX unless the '--jsx' flag is provided.
frontend/src/components/features/settings/mcp-settings/mcp-marketplace-details-modal.tsx(27,9): error TS17004: Cannot use JSX unless the '--jsx' flag is provided.
frontend/src/components/features/settings/mcp-settings/mcp-marketplace-details-modal.tsx(28,11): error TS17004: Cannot use JSX unless the '--jsx' flag is provided.
frontend/src/components/features/settings/mcp-settings/mcp-marketplace-details-modal.tsx(29,13): error TS17004: Cannot use JSX unless the '--jsx' flag is provided.
frontend/src/components/features/settings/mcp-settings/mcp-marketplace-details-modal.tsx(32,13): error TS17004: Cannot use JSX unless the '--jsx' flag is provided.
frontend/src/components/features/settings/mcp-settings/mcp-marketplace-details-modal.tsx(33,15): error TS17004: Cannot use JSX unless the '--jsx' flag is provided.
frontend/src/components/features/settings/mcp-settings/mcp-marketplace-details-modal.tsx(36,15): error TS17004: Cannot use JSX unless the '--jsx' flag is provided.
frontend/src/components/features/settings/mcp-settings/mcp-marketplace-details-modal.tsx(39,15): error TS17004: Cannot use JSX unless the '--jsx' flag is provided.
frontend/src/components/features/settings/mcp-settings/mcp-marketplace-details-modal.tsx(41,19): error TS17004: Cannot use JSX unless the '--jsx' flag is provided.
frontend/src/components/features/settings/mcp-settings/mcp-marketplace-details-modal.tsx(46,19): error TS17004: Cannot use JSX unless the '--jsx' flag is provided.
frontend/src/components/features/settings/mcp-settings/mcp-marketplace-details-modal.tsx(50,17): error TS17004: Cannot use JSX unless the '--jsx' flag is provided.
frontend/src/components/features/settings/mcp-settings/mcp-marketplace-details-modal.tsx(54,19): error TS17004: Cannot use JSX unless the '--jsx' flag is provided.
frontend/src/components/features/settings/mcp-settings/mcp-marketplace-details-modal.tsx(61,11): error TS17004: Cannot use JSX unless the '--jsx' flag is provided.
frontend/src/components/features/settings/mcp-settings/mcp-marketplace-details-modal.tsx(66,13): error TS17004: Cannot use JSX unless the '--jsx' flag is provided.
frontend/src/components/features/settings/mcp-settings/mcp-marketplace-details-modal.tsx(71,9): error TS17004: Cannot use JSX unless the '--jsx' flag is provided.
frontend/src/components/features/settings/mcp-settings/mcp-marketplace-details-modal.tsx(73,11): error TS17004: Cannot use JSX unless the '--jsx' flag is provided.
frontend/src/components/features/settings/mcp-settings/mcp-marketplace-details-modal.tsx(74,13): error TS17004: Cannot use JSX unless the '--jsx' flag is provided.
frontend/src/components/features/settings/mcp-settings/mcp-marketplace-details-modal.tsx(77,13): error TS17004: Cannot use JSX unless the '--jsx' flag is provided.
frontend/src/components/features/settings/mcp-settings/mcp-marketplace-details-modal.tsx(84,13): error TS17004: Cannot use JSX unless the '--jsx' flag is provided.
frontend/src/components/features/settings/mcp-settings/mcp-marketplace-details-modal.tsx(85,15): error TS17004: Cannot use JSX unless the '--jsx' flag is provided.
frontend/src/components/features/settings/mcp-settings/mcp-marketplace-details-modal.tsx(88,15): error TS17004: Cannot use JSX unless the '--jsx' flag is provided.
frontend/src/components/features/settings/mcp-settings/mcp-marketplace-details-modal.tsx(90,19): error TS17004: Cannot use JSX unless the '--jsx' flag is provided.
frontend/src/components/features/settings/mcp-settings/mcp-marketplace-details-modal.tsx(91,21): error TS17004: Cannot use JSX unless the '--jsx' flag is provided.
frontend/src/components/features/settings/mcp-settings/mcp-marketplace-details-modal.tsx(94,21): error TS17004: Cannot use JSX unless the '--jsx' flag is provided.
frontend/src/components/features/settings/mcp-settings/mcp-marketplace-details-modal.tsx(100,19): error TS17004: Cannot use JSX unless the '--jsx' flag is provided.
frontend/src/components/features/settings/mcp-settings/mcp-marketplace-details-modal.tsx(101,21): error TS17004: Cannot use JSX unless the '--jsx' flag is provided.
frontend/src/components/features/settings/mcp-settings/mcp-marketplace-details-modal.tsx(102,21): error TS17004: Cannot use JSX unless the '--jsx' flag is provided.
frontend/src/components/features/settings/mcp-settings/mcp-marketplace-details-modal.tsx(113,13): error TS17004: Cannot use JSX unless the '--jsx' flag is provided.
frontend/src/components/features/settings/mcp-settings/mcp-marketplace-details-modal.tsx(114,15): error TS17004: Cannot use JSX unless the '--jsx' flag is provided.
frontend/src/components/features/settings/mcp-settings/mcp-marketplace-details-modal.tsx(117,15): error TS17004: Cannot use JSX unless the '--jsx' flag is provided.
frontend/src/components/features/settings/mcp-settings/mcp-marketplace-details-modal.tsx(118,32): error TS7006: Parameter 'tag' implicitly has an 'any' type.
frontend/src/components/features/settings/mcp-settings/mcp-marketplace-details-modal.tsx(119,19): error TS17004: Cannot use JSX unless the '--jsx' flag is provided.
frontend/src/components/features/settings/mcp-settings/mcp-marketplace-details-modal.tsx(131,11): error TS17004: Cannot use JSX unless the '--jsx' flag is provided.
frontend/src/components/features/settings/mcp-settings/mcp-marketplace-details-modal.tsx(132,13): error TS17004: Cannot use JSX unless the '--jsx' flag is provided.
frontend/src/components/features/settings/mcp-settings/mcp-marketplace-details-modal.tsx(135,13): error TS17004: Cannot use JSX unless the '--jsx' flag is provided.
frontend/src/components/features/settings/mcp-settings/mcp-marketplace-details-modal.tsx(136,15): error TS17004: Cannot use JSX unless the '--jsx' flag is provided.
frontend/src/components/features/settings/mcp-settings/mcp-marketplace-details-modal.tsx(137,17): error TS17004: Cannot use JSX unless the '--jsx' flag is provided.
frontend/src/components/features/settings/mcp-settings/mcp-marketplace-details-modal.tsx(138,17): error TS17004: Cannot use JSX unless the '--jsx' flag is provided.
frontend/src/components/features/settings/mcp-settings/mcp-marketplace-details-modal.tsx(143,17): error TS17004: Cannot use JSX unless the '--jsx' flag is provided.
frontend/src/components/features/settings/mcp-settings/mcp-marketplace-details-modal.tsx(144,19): error TS17004: Cannot use JSX unless the '--jsx' flag is provided.
frontend/src/components/features/settings/mcp-settings/mcp-marketplace-details-modal.tsx(147,19): error TS17004: Cannot use JSX unless the '--jsx' flag is provided.
frontend/src/components/features/settings/mcp-settings/mcp-marketplace-details-modal.tsx(153,17): error TS17004: Cannot use JSX unless the '--jsx' flag is provided.
frontend/src/components/features/settings/mcp-settings/mcp-marketplace-details-modal.tsx(154,19): error TS17004: Cannot use JSX unless the '--jsx' flag is provided.
frontend/src/components/features/settings/mcp-settings/mcp-marketplace-details-modal.tsx(157,19): error TS17004: Cannot use JSX unless the '--jsx' flag is provided.
frontend/src/components/features/settings/mcp-settings/mcp-marketplace-details-modal.tsx(163,17): error TS17004: Cannot use JSX unless the '--jsx' flag is provided.
frontend/src/components/features/settings/mcp-settings/mcp-marketplace-details-modal.tsx(164,19): error TS17004: Cannot use JSX unless the '--jsx' flag is provided.
frontend/src/components/features/settings/mcp-settings/mcp-marketplace-details-modal.tsx(167,19): error TS17004: Cannot use JSX unless the '--jsx' flag is provided.
frontend/src/components/features/settings/mcp-settings/mcp-marketplace-details-modal.tsx(177,13): error TS17004: Cannot use JSX unless the '--jsx' flag is provided.
frontend/src/components/features/settings/mcp-settings/mcp-marketplace-details-modal.tsx(178,15): error TS17004: Cannot use JSX unless the '--jsx' flag is provided.
frontend/src/components/features/settings/mcp-settings/mcp-marketplace-details-modal.tsx(179,17): error TS17004: Cannot use JSX unless the '--jsx' flag is provided.
frontend/src/components/features/settings/mcp-settings/mcp-marketplace-details-modal.tsx(180,17): error TS17004: Cannot use JSX unless the '--jsx' flag is provided.
frontend/src/components/features/settings/mcp-settings/mcp-marketplace-details-modal.tsx(181,19): error TS17004: Cannot use JSX unless the '--jsx' flag is provided.
frontend/src/components/features/settings/mcp-settings/mcp-marketplace-details-modal.tsx(184,19): error TS17004: Cannot use JSX unless the '--jsx' flag is provided.
frontend/src/components/features/settings/mcp-settings/mcp-marketplace-details-modal.tsx(195,13): error TS17004: Cannot use JSX unless the '--jsx' flag is provided.
frontend/src/components/features/settings/mcp-settings/mcp-marketplace-details-modal.tsx(196,15): error TS17004: Cannot use JSX unless the '--jsx' flag is provided.
frontend/src/components/features/settings/mcp-settings/mcp-marketplace-details-modal.tsx(199,15): error TS17004: Cannot use JSX unless the '--jsx' flag is provided.
frontend/src/components/features/settings/mcp-settings/mcp-marketplace-details-modal.tsx(201,19): error TS17004: Cannot use JSX unless the '--jsx' flag is provided.
frontend/src/components/features/settings/mcp-settings/mcp-marketplace-details-modal.tsx(204,19): error TS17004: Cannot use JSX unless the '--jsx' flag is provided.
frontend/src/components/features/settings/mcp-settings/mcp-marketplace-details-modal.tsx(207,19): error TS17004: Cannot use JSX unless the '--jsx' flag is provided.
frontend/src/components/features/settings/mcp-settings/mcp-marketplace-details-modal.tsx(210,47): error TS7006: Parameter 'req' implicitly has an 'any' type.
frontend/src/components/features/settings/mcp-settings/mcp-marketplace-details-modal.tsx(210,52): error TS7006: Parameter 'i' implicitly has an 'any' type.
frontend/src/components/features/settings/mcp-settings/mcp-marketplace-details-modal.tsx(210,58): error TS17004: Cannot use JSX unless the '--jsx' flag is provided.
frontend/src/components/features/settings/mcp-settings/mcp-marketplace-details-modal.tsx(216,11): error TS17004: Cannot use JSX unless the '--jsx' flag is provided.
frontend/src/components/features/settings/mcp-settings/mcp-marketplace-details-modal.tsx(217,13): error TS17004: Cannot use JSX unless the '--jsx' flag is provided.
frontend/src/components/features/settings/mcp-settings/mcp-marketplace-details-modal.tsx(220,13): error TS17004: Cannot use JSX unless the '--jsx' flag is provided.
frontend/src/components/features/settings/mcp-settings/mcp-marketplace-details-modal.tsx(222,17): error TS17004: Cannot use JSX unless the '--jsx' flag is provided.
frontend/src/components/features/settings/mcp-settings/mcp-marketplace-details-modal.tsx(229,19): error TS17004: Cannot use JSX unless the '--jsx' flag is provided.
frontend/src/components/features/settings/mcp-settings/mcp-marketplace-details-modal.tsx(233,17): error TS17004: Cannot use JSX unless the '--jsx' flag is provided.
frontend/src/components/features/settings/mcp-settings/mcp-marketplace-details-modal.tsx(240,19): error TS17004: Cannot use JSX unless the '--jsx' flag is provided.
frontend/src/components/features/settings/mcp-settings/mcp-marketplace-details-modal.tsx(244,17): error TS17004: Cannot use JSX unless the '--jsx' flag is provided.
frontend/src/components/features/settings/mcp-settings/mcp-marketplace-details-modal.tsx(251,19): error TS17004: Cannot use JSX unless the '--jsx' flag is provided.
frontend/src/components/features/settings/mcp-settings/mcp-marketplace-details-modal.tsx(259,9): error TS17004: Cannot use JSX unless the '--jsx' flag is provided.
frontend/src/components/features/settings/mcp-settings/mcp-marketplace-details-modal.tsx(260,11): error TS17004: Cannot use JSX unless the '--jsx' flag is provided.
frontend/src/components/features/settings/mcp-settings/mcp-marketplace-details-modal.tsx(263,11): error TS17004: Cannot use JSX unless the '--jsx' flag is provided.
frontend/src/components/features/settings/mcp-settings/mcp-marketplace-details-modal.tsx(270,15): error TS17004: Cannot use JSX unless the '--jsx' flag is provided.
frontend/src/components/features/settings/mcp-settings/mcp-marketplace-details-modal.tsx(271,17): error TS17004: Cannot use JSX unless the '--jsx' flag is provided.
frontend/src/components/features/settings/mcp-settings/mcp-marketplace-details-modal.tsx(272,17): error TS17004: Cannot use JSX unless the '--jsx' flag is provided.
frontend/src/components/features/settings/mcp-settings/mcp-marketplace-details-modal.tsx(275,15): error TS17004: Cannot use JSX unless the '--jsx' flag is provided.
frontend/src/components/features/settings/mcp-settings/mcp-marketplace-details-modal.tsx(276,17): error TS17004: Cannot use JSX unless the '--jsx' flag is provided.
frontend/src/components/features/settings/mcp-settings/mcp-marketplace-details-modal.tsx(277,17): error TS17004: Cannot use JSX unless the '--jsx' flag is provided.
frontend/src/components/features/settings/mcp-settings/mcp-marketplace-stats.tsx(2,10): error TS2614: Module '"#/*"' has no exported member 'clearMarketplaceCache'. Did you mean to use 'import clearMarketplaceCache from "#/*"' instead?
frontend/src/components/features/settings/mcp-settings/mcp-marketplace-stats.tsx(38,5): error TS17004: Cannot use JSX unless the '--jsx' flag is provided.
frontend/src/components/features/settings/mcp-settings/mcp-marketplace-stats.tsx(39,7): error TS17004: Cannot use JSX unless the '--jsx' flag is provided.
frontend/src/components/features/settings/mcp-settings/mcp-marketplace-stats.tsx(40,9): error TS17004: Cannot use JSX unless the '--jsx' flag is provided.
frontend/src/components/features/settings/mcp-settings/mcp-marketplace-stats.tsx(41,11): error TS17004: Cannot use JSX unless the '--jsx' flag is provided.
frontend/src/components/features/settings/mcp-settings/mcp-marketplace-stats.tsx(42,11): error TS17004: Cannot use JSX unless the '--jsx' flag is provided.
frontend/src/components/features/settings/mcp-settings/mcp-marketplace-stats.tsx(44,9): error TS17004: Cannot use JSX unless the '--jsx' flag is provided.
frontend/src/components/features/settings/mcp-settings/mcp-marketplace-stats.tsx(45,9): error TS17004: Cannot use JSX unless the '--jsx' flag is provided.
frontend/src/components/features/settings/mcp-settings/mcp-marketplace-stats.tsx(46,11): error TS17004: Cannot use JSX unless the '--jsx' flag is provided.
frontend/src/components/features/settings/mcp-settings/mcp-marketplace-stats.tsx(47,11): error TS17004: Cannot use JSX unless the '--jsx' flag is provided.
frontend/src/components/features/settings/mcp-settings/mcp-marketplace-stats.tsx(51,9): error TS17004: Cannot use JSX unless the '--jsx' flag is provided.
frontend/src/components/features/settings/mcp-settings/mcp-marketplace-stats.tsx(52,9): error TS17004: Cannot use JSX unless the '--jsx' flag is provided.
frontend/src/components/features/settings/mcp-settings/mcp-marketplace-stats.tsx(53,11): error TS17004: Cannot use JSX unless the '--jsx' flag is provided.
frontend/src/components/features/settings/mcp-settings/mcp-marketplace-stats.tsx(54,11): error TS17004: Cannot use JSX unless the '--jsx' flag is provided.
frontend/src/components/features/settings/mcp-settings/mcp-marketplace-stats.tsx(57,7): error TS17004: Cannot use JSX unless the '--jsx' flag is provided.
frontend/src/components/features/settings/mcp-settings/mcp-marketplace-stats.tsx(59,9): error TS17004: Cannot use JSX unless the '--jsx' flag is provided.
frontend/src/components/features/settings/mcp-settings/mcp-marketplace-stats.tsx(60,11): error TS17004: Cannot use JSX unless the '--jsx' flag is provided.
frontend/src/components/features/settings/mcp-settings/mcp-marketplace-stats.tsx(61,11): error TS17004: Cannot use JSX unless the '--jsx' flag is provided.
frontend/src/components/features/settings/mcp-settings/mcp-marketplace-stats.tsx(69,9): error TS17004: Cannot use JSX unless the '--jsx' flag is provided.
frontend/src/components/features/settings/mcp-settings/mcp-marketplace-stats.tsx(75,11): error TS17004: Cannot use JSX unless the '--jsx' flag is provided.
frontend/src/components/features/settings/mcp-settings/mcp-marketplace.tsx(5,3): error TS2614: Module '"#/*"' has no exported member 'MCPMarketplaceItem'. Did you mean to use 'import MCPMarketplaceItem from "#/*"' instead?
frontend/src/components/features/settings/mcp-settings/mcp-marketplace.tsx(6,3): error TS2614: Module '"#/*"' has no exported member 'MCPCategory'. Did you mean to use 'import MCPCategory from "#/*"' instead?
frontend/src/components/features/settings/mcp-settings/mcp-marketplace.tsx(7,3): error TS2614: Module '"#/*"' has no exported member 'MCPMarketplaceFilters'. Did you mean to use 'import MCPMarketplaceFilters from "#/*"' instead?
frontend/src/components/features/settings/mcp-settings/mcp-marketplace.tsx(9,10): error TS2614: Module '"#/*"' has no exported member 'fetchMarketplaceMCPs'. Did you mean to use 'import fetchMarketplaceMCPs from "#/*"' instead?
frontend/src/components/features/settings/mcp-settings/mcp-marketplace.tsx(10,36): error TS2835: Relative import paths need explicit file extensions in ECMAScript imports when '--moduleResolution' is 'node16' or 'nodenext'. Did you mean './mcp-marketplace-card.js'?
frontend/src/components/features/settings/mcp-settings/mcp-marketplace.tsx(11,44): error TS2835: Relative import paths need explicit file extensions in ECMAScript imports when '--moduleResolution' is 'node16' or 'nodenext'. Did you mean './mcp-marketplace-details-modal.js'?
frontend/src/components/features/settings/mcp-settings/mcp-marketplace.tsx(12,37): error TS2835: Relative import paths need explicit file extensions in ECMAScript imports when '--moduleResolution' is 'node16' or 'nodenext'. Did you mean './mcp-marketplace-stats.js'?
frontend/src/components/features/settings/mcp-settings/mcp-marketplace.tsx(52,19): error TS7006: Parameter 'prev' implicitly has an 'any' type.
frontend/src/components/features/settings/mcp-settings/mcp-marketplace.tsx(64,17): error TS7006: Parameter 'prev' implicitly has an 'any' type.
frontend/src/components/features/settings/mcp-settings/mcp-marketplace.tsx(71,17): error TS7006: Parameter 'prev' implicitly has an 'any' type.
frontend/src/components/features/settings/mcp-settings/mcp-marketplace.tsx(78,17): error TS7006: Parameter 'prev' implicitly has an 'any' type.
frontend/src/components/features/settings/mcp-settings/mcp-marketplace.tsx(85,17): error TS7006: Parameter 'prev' implicitly has an 'any' type.
frontend/src/components/features/settings/mcp-settings/mcp-marketplace.tsx(113,7): error TS17004: Cannot use JSX unless the '--jsx' flag is provided.
frontend/src/components/features/settings/mcp-settings/mcp-marketplace.tsx(114,9): error TS17004: Cannot use JSX unless the '--jsx' flag is provided.
frontend/src/components/features/settings/mcp-settings/mcp-marketplace.tsx(122,5): error TS17004: Cannot use JSX unless the '--jsx' flag is provided.
frontend/src/components/features/settings/mcp-settings/mcp-marketplace.tsx(125,9): error TS17004: Cannot use JSX unless the '--jsx' flag is provided.
frontend/src/components/features/settings/mcp-settings/mcp-marketplace.tsx(132,7): error TS17004: Cannot use JSX unless the '--jsx' flag is provided.
frontend/src/components/features/settings/mcp-settings/mcp-marketplace.tsx(134,9): error TS17004: Cannot use JSX unless the '--jsx' flag is provided.
frontend/src/components/features/settings/mcp-settings/mcp-marketplace.tsx(135,11): error TS17004: Cannot use JSX unless the '--jsx' flag is provided.
frontend/src/components/features/settings/mcp-settings/mcp-marketplace.tsx(136,11): error TS17004: Cannot use JSX unless the '--jsx' flag is provided.
frontend/src/components/features/settings/mcp-settings/mcp-marketplace.tsx(144,13): error TS17004: Cannot use JSX unless the '--jsx' flag is provided.
frontend/src/components/features/settings/mcp-settings/mcp-marketplace.tsx(149,15): error TS17004: Cannot use JSX unless the '--jsx' flag is provided.
frontend/src/components/features/settings/mcp-settings/mcp-marketplace.tsx(155,9): error TS17004: Cannot use JSX unless the '--jsx' flag is provided.
frontend/src/components/features/settings/mcp-settings/mcp-marketplace.tsx(164,11): error TS17004: Cannot use JSX unless the '--jsx' flag is provided.
frontend/src/components/features/settings/mcp-settings/mcp-marketplace.tsx(165,11): error TS17004: Cannot use JSX unless the '--jsx' flag is provided.
frontend/src/components/features/settings/mcp-settings/mcp-marketplace.tsx(167,13): error TS17004: Cannot use JSX unless the '--jsx' flag is provided.
frontend/src/components/features/settings/mcp-settings/mcp-marketplace.tsx(176,9): error TS17004: Cannot use JSX unless the '--jsx' flag is provided.
frontend/src/components/features/settings/mcp-settings/mcp-marketplace.tsx(178,11): error TS17004: Cannot use JSX unless the '--jsx' flag is provided.
frontend/src/components/features/settings/mcp-settings/mcp-marketplace.tsx(179,13): error TS17004: Cannot use JSX unless the '--jsx' flag is provided.
frontend/src/components/features/settings/mcp-settings/mcp-marketplace.tsx(182,13): error TS17004: Cannot use JSX unless the '--jsx' flag is provided.
frontend/src/components/features/settings/mcp-settings/mcp-marketplace.tsx(183,15): error TS17004: Cannot use JSX unless the '--jsx' flag is provided.
frontend/src/components/features/settings/mcp-settings/mcp-marketplace.tsx(192,17): error TS17004: Cannot use JSX unless the '--jsx' flag is provided.
frontend/src/components/features/settings/mcp-settings/mcp-marketplace.tsx(195,15): error TS17004: Cannot use JSX unless the '--jsx' flag is provided.
frontend/src/components/features/settings/mcp-settings/mcp-marketplace.tsx(204,17): error TS17004: Cannot use JSX unless the '--jsx' flag is provided.
frontend/src/components/features/settings/mcp-settings/mcp-marketplace.tsx(211,11): error TS17004: Cannot use JSX unless the '--jsx' flag is provided.
frontend/src/components/features/settings/mcp-settings/mcp-marketplace.tsx(212,13): error TS17004: Cannot use JSX unless the '--jsx' flag is provided.
frontend/src/components/features/settings/mcp-settings/mcp-marketplace.tsx(213,13): error TS17004: Cannot use JSX unless the '--jsx' flag is provided.
frontend/src/components/features/settings/mcp-settings/mcp-marketplace.tsx(215,17): error TS17004: Cannot use JSX unless the '--jsx' flag is provided.
frontend/src/components/features/settings/mcp-settings/mcp-marketplace.tsx(232,11): error TS17004: Cannot use JSX unless the '--jsx' flag is provided.
frontend/src/components/features/settings/mcp-settings/mcp-marketplace.tsx(233,13): error TS17004: Cannot use JSX unless the '--jsx' flag is provided.
frontend/src/components/features/settings/mcp-settings/mcp-marketplace.tsx(236,13): error TS17004: Cannot use JSX unless the '--jsx' flag is provided.
frontend/src/components/features/settings/mcp-settings/mcp-marketplace.tsx(238,17): error TS17004: Cannot use JSX unless the '--jsx' flag is provided.
frontend/src/components/features/settings/mcp-settings/mcp-marketplace.tsx(248,19): error TS17004: Cannot use JSX unless the '--jsx' flag is provided.
frontend/src/components/features/settings/mcp-settings/mcp-marketplace.tsx(257,13): error TS17004: Cannot use JSX unless the '--jsx' flag is provided.
frontend/src/components/features/settings/mcp-settings/mcp-marketplace.tsx(269,7): error TS17004: Cannot use JSX unless the '--jsx' flag is provided.
frontend/src/components/features/settings/mcp-settings/mcp-marketplace.tsx(270,9): error TS17004: Cannot use JSX unless the '--jsx' flag is provided.
frontend/src/components/features/settings/mcp-settings/mcp-marketplace.tsx(274,13): error TS17004: Cannot use JSX unless the '--jsx' flag is provided.
frontend/src/components/features/settings/mcp-settings/mcp-marketplace.tsx(284,9): error TS17004: Cannot use JSX unless the '--jsx' flag is provided.
frontend/src/components/features/settings/mcp-settings/mcp-marketplace.tsx(286,13): error TS17004: Cannot use JSX unless the '--jsx' flag is provided.
frontend/src/components/features/settings/mcp-settings/mcp-marketplace.tsx(293,9): error TS17004: Cannot use JSX unless the '--jsx' flag is provided.
frontend/src/components/features/settings/mcp-settings/mcp-marketplace.tsx(294,28): error TS7006: Parameter 'mcp' implicitly has an 'any' type.
frontend/src/components/features/settings/mcp-settings/mcp-marketplace.tsx(295,13): error TS17004: Cannot use JSX unless the '--jsx' flag is provided.
frontend/src/components/features/settings/mcp-settings/mcp-marketplace.tsx(305,9): error TS17004: Cannot use JSX unless the '--jsx' flag is provided.
frontend/src/components/features/settings/mcp-settings/mcp-marketplace.tsx(306,11): error TS17004: Cannot use JSX unless the '--jsx' flag is provided.
frontend/src/components/features/settings/mcp-settings/mcp-marketplace.tsx(309,11): error TS17004: Cannot use JSX unless the '--jsx' flag is provided.
frontend/src/components/features/settings/mcp-settings/mcp-marketplace.tsx(321,9): error TS17004: Cannot use JSX unless the '--jsx' flag is provided.
frontend/src/components/features/settings/mcp-settings/mcp-server-form.tsx(3,10): error TS2614: Module '"#/*"' has no exported member 'I18nKey'. Did you mean to use 'import I18nKey from "#/*"' instead?
frontend/src/components/features/settings/mcp-settings/mcp-server-form.tsx(4,31): error TS2835: Relative import paths need explicit file extensions in ECMAScript imports when '--moduleResolution' is 'node16' or 'nodenext'. Did you mean '../settings-input.js'?
frontend/src/components/features/settings/mcp-settings/mcp-server-form.tsx(5,39): error TS2835: Relative import paths need explicit file extensions in ECMAScript imports when '--moduleResolution' is 'node16' or 'nodenext'. Did you mean '../settings-dropdown-input.js'?
frontend/src/components/features/settings/mcp-settings/mcp-server-form.tsx(6,29): error TS2835: Relative import paths need explicit file extensions in ECMAScript imports when '--moduleResolution' is 'node16' or 'nodenext'. Did you mean '../brand-button.js'?
frontend/src/components/features/settings/mcp-settings/mcp-server-form.tsx(7,29): error TS2835: Relative import paths need explicit file extensions in ECMAScript imports when '--moduleResolution' is 'node16' or 'nodenext'. Did you mean '../optional-tag.js'?
frontend/src/components/features/settings/mcp-settings/mcp-server-form.tsx(8,10): error TS2614: Module '"#/*"' has no exported member 'cn'. Did you mean to use 'import cn from "#/*"' instead?
frontend/src/components/features/settings/mcp-settings/mcp-server-form.tsx(289,5): error TS17004: Cannot use JSX unless the '--jsx' flag is provided.
frontend/src/components/features/settings/mcp-settings/mcp-server-form.tsx(295,9): error TS17004: Cannot use JSX unless the '--jsx' flag is provided.
frontend/src/components/features/settings/mcp-settings/mcp-server-form.tsx(301,31): error TS7006: Parameter 'key' implicitly has an 'any' type.
frontend/src/components/features/settings/mcp-settings/mcp-server-form.tsx(313,17): error TS17004: Cannot use JSX unless the '--jsx' flag is provided.
frontend/src/components/features/settings/mcp-settings/mcp-server-form.tsx(316,9): error TS17004: Cannot use JSX unless the '--jsx' flag is provided.
frontend/src/components/features/settings/mcp-settings/mcp-server-form.tsx(317,11): error TS17004: Cannot use JSX unless the '--jsx' flag is provided.
frontend/src/components/features/settings/mcp-settings/mcp-server-form.tsx(328,11): error TS17004: Cannot use JSX unless the '--jsx' flag is provided.
frontend/src/components/features/settings/mcp-settings/mcp-server-form.tsx(342,9): error TS17004: Cannot use JSX unless the '--jsx' flag is provided.
frontend/src/components/features/settings/mcp-settings/mcp-server-form.tsx(343,11): error TS17004: Cannot use JSX unless the '--jsx' flag is provided.
frontend/src/components/features/settings/mcp-settings/mcp-server-form.tsx(355,11): error TS17004: Cannot use JSX unless the '--jsx' flag is provided.
frontend/src/components/features/settings/mcp-settings/mcp-server-form.tsx(366,11): error TS17004: Cannot use JSX unless the '--jsx' flag is provided.
frontend/src/components/features/settings/mcp-settings/mcp-server-form.tsx(367,13): error TS17004: Cannot use JSX unless the '--jsx' flag is provided.
frontend/src/components/features/settings/mcp-settings/mcp-server-form.tsx(368,15): error TS17004: Cannot use JSX unless the '--jsx' flag is provided.
frontend/src/components/features/settings/mcp-settings/mcp-server-form.tsx(371,15): error TS17004: Cannot use JSX unless the '--jsx' flag is provided.
frontend/src/components/features/settings/mcp-settings/mcp-server-form.tsx(373,13): error TS17004: Cannot use JSX unless the '--jsx' flag is provided.
frontend/src/components/features/settings/mcp-settings/mcp-server-form.tsx(384,13): error TS17004: Cannot use JSX unless the '--jsx' flag is provided.
frontend/src/components/features/settings/mcp-settings/mcp-server-form.tsx(389,11): error TS17004: Cannot use JSX unless the '--jsx' flag is provided.
frontend/src/components/features/settings/mcp-settings/mcp-server-form.tsx(390,13): error TS17004: Cannot use JSX unless the '--jsx' flag is provided.
frontend/src/components/features/settings/mcp-settings/mcp-server-form.tsx(391,15): error TS17004: Cannot use JSX unless the '--jsx' flag is provided.
frontend/src/components/features/settings/mcp-settings/mcp-server-form.tsx(394,15): error TS17004: Cannot use JSX unless the '--jsx' flag is provided.
frontend/src/components/features/settings/mcp-settings/mcp-server-form.tsx(396,13): error TS17004: Cannot use JSX unless the '--jsx' flag is provided.
frontend/src/components/features/settings/mcp-settings/mcp-server-form.tsx(412,7): error TS17004: Cannot use JSX unless the '--jsx' flag is provided.
frontend/src/components/features/settings/mcp-settings/mcp-server-form.tsx(413,9): error TS17004: Cannot use JSX unless the '--jsx' flag is provided.
frontend/src/components/features/settings/mcp-settings/mcp-server-form.tsx(421,9): error TS17004: Cannot use JSX unless the '--jsx' flag is provided.
frontend/src/components/features/settings/mcp-settings/mcp-server-list-item.tsx(3,10): error TS2614: Module '"#/*"' has no exported member 'I18nKey'. Did you mean to use 'import I18nKey from "#/*"' instead?
frontend/src/components/features/settings/mcp-settings/mcp-server-list-item.tsx(64,5): error TS17004: Cannot use JSX unless the '--jsx' flag is provided.
frontend/src/components/features/settings/mcp-settings/mcp-server-list-item.tsx(68,7): error TS17004: Cannot use JSX unless the '--jsx' flag is provided.
frontend/src/components/features/settings/mcp-settings/mcp-server-list-item.tsx(75,7): error TS17004: Cannot use JSX unless the '--jsx' flag is provided.
frontend/src/components/features/settings/mcp-settings/mcp-server-list-item.tsx(79,7): error TS17004: Cannot use JSX unless the '--jsx' flag is provided.
frontend/src/components/features/settings/mcp-settings/mcp-server-list-item.tsx(83,9): error TS17004: Cannot use JSX unless the '--jsx' flag is provided.
frontend/src/components/features/settings/mcp-settings/mcp-server-list-item.tsx(88,7): error TS17004: Cannot use JSX unless the '--jsx' flag is provided.
frontend/src/components/features/settings/mcp-settings/mcp-server-list-item.tsx(89,9): error TS17004: Cannot use JSX unless the '--jsx' flag is provided.
frontend/src/components/features/settings/mcp-settings/mcp-server-list-item.tsx(96,11): error TS17004: Cannot use JSX unless the '--jsx' flag is provided.
frontend/src/components/features/settings/mcp-settings/mcp-server-list-item.tsx(98,9): error TS17004: Cannot use JSX unless the '--jsx' flag is provided.
frontend/src/components/features/settings/mcp-settings/mcp-server-list-item.tsx(105,11): error TS17004: Cannot use JSX unless the '--jsx' flag is provided.
frontend/src/components/features/settings/mcp-settings/mcp-server-list.tsx(2,35): error TS2835: Relative import paths need explicit file extensions in ECMAScript imports when '--moduleResolution' is 'node16' or 'nodenext'. Did you mean './mcp-server-list-item.js'?
frontend/src/components/features/settings/mcp-settings/mcp-server-list.tsx(3,10): error TS2614: Module '"#/*"' has no exported member 'I18nKey'. Did you mean to use 'import I18nKey from "#/*"' instead?
frontend/src/components/features/settings/mcp-settings/mcp-server-list.tsx(31,7): error TS17004: Cannot use JSX unless the '--jsx' flag is provided.
frontend/src/components/features/settings/mcp-settings/mcp-server-list.tsx(32,9): error TS17004: Cannot use JSX unless the '--jsx' flag is provided.
frontend/src/components/features/settings/mcp-settings/mcp-server-list.tsx(40,5): error TS17004: Cannot use JSX unless the '--jsx' flag is provided.
frontend/src/components/features/settings/mcp-settings/mcp-server-list.tsx(41,7): error TS17004: Cannot use JSX unless the '--jsx' flag is provided.
frontend/src/components/features/settings/mcp-settings/mcp-server-list.tsx(42,9): error TS17004: Cannot use JSX unless the '--jsx' flag is provided.
frontend/src/components/features/settings/mcp-settings/mcp-server-list.tsx(43,11): error TS17004: Cannot use JSX unless the '--jsx' flag is provided.
frontend/src/components/features/settings/mcp-settings/mcp-server-list.tsx(44,13): error TS17004: Cannot use JSX unless the '--jsx' flag is provided.
frontend/src/components/features/settings/mcp-settings/mcp-server-list.tsx(47,13): error TS17004: Cannot use JSX unless the '--jsx' flag is provided.
frontend/src/components/features/settings/mcp-settings/mcp-server-list.tsx(50,13): error TS17004: Cannot use JSX unless the '--jsx' flag is provided.
frontend/src/components/features/settings/mcp-settings/mcp-server-list.tsx(53,13): error TS17004: Cannot use JSX unless the '--jsx' flag is provided.
frontend/src/components/features/settings/mcp-settings/mcp-server-list.tsx(58,9): error TS17004: Cannot use JSX unless the '--jsx' flag is provided.
frontend/src/components/features/settings/mcp-settings/mcp-server-list.tsx(60,13): error TS17004: Cannot use JSX unless the '--jsx' flag is provided.
frontend/src/components/features/settings/mcp-settings/mcp-sse-servers.tsx(3,10): error TS2614: Module '"#/*"' has no exported member 'MCPSSEServer'. Did you mean to use 'import MCPSSEServer from "#/*"' instead?
frontend/src/components/features/settings/mcp-settings/mcp-sse-servers.tsx(4,10): error TS2614: Module '"#/*"' has no exported member 'I18nKey'. Did you mean to use 'import I18nKey from "#/*"' instead?
frontend/src/components/features/settings/mcp-settings/mcp-sse-servers.tsx(14,5): error TS17004: Cannot use JSX unless the '--jsx' flag is provided.
frontend/src/components/features/settings/mcp-settings/mcp-sse-servers.tsx(15,7): error TS17004: Cannot use JSX unless the '--jsx' flag is provided.
frontend/src/components/features/settings/mcp-settings/mcp-sse-servers.tsx(17,9): error TS17004: Cannot use JSX unless the '--jsx' flag is provided.
frontend/src/components/features/settings/mcp-settings/mcp-sse-servers.tsx(20,9): error TS17004: Cannot use JSX unless the '--jsx' flag is provided.
frontend/src/components/features/settings/mcp-settings/mcp-sse-servers.tsx(24,11): error TS17004: Cannot use JSX unless the '--jsx' flag is provided.
frontend/src/components/features/settings/mcp-settings/mcp-sse-servers.tsx(25,13): error TS17004: Cannot use JSX unless the '--jsx' flag is provided.
frontend/src/components/features/settings/mcp-settings/mcp-sse-servers.tsx(29,13): error TS17004: Cannot use JSX unless the '--jsx' flag is provided.
frontend/src/components/features/settings/mcp-settings/mcp-sse-servers.tsx(30,15): error TS17004: Cannot use JSX unless the '--jsx' flag is provided.
frontend/src/components/features/settings/mcp-settings/mcp-stdio-servers.tsx(3,10): error TS2614: Module '"#/*"' has no exported member 'MCPStdioServer'. Did you mean to use 'import MCPStdioServer from "#/*"' instead?
frontend/src/components/features/settings/mcp-settings/mcp-stdio-servers.tsx(4,10): error TS2614: Module '"#/*"' has no exported member 'I18nKey'. Did you mean to use 'import I18nKey from "#/*"' instead?
frontend/src/components/features/settings/mcp-settings/mcp-stdio-servers.tsx(14,5): error TS17004: Cannot use JSX unless the '--jsx' flag is provided.
frontend/src/components/features/settings/mcp-settings/mcp-stdio-servers.tsx(15,7): error TS17004: Cannot use JSX unless the '--jsx' flag is provided.
frontend/src/components/features/settings/mcp-settings/mcp-stdio-servers.tsx(17,9): error TS17004: Cannot use JSX unless the '--jsx' flag is provided.
frontend/src/components/features/settings/mcp-settings/mcp-stdio-servers.tsx(20,9): error TS17004: Cannot use JSX unless the '--jsx' flag is provided.
frontend/src/components/features/settings/mcp-settings/mcp-stdio-servers.tsx(24,11): error TS17004: Cannot use JSX unless the '--jsx' flag is provided.
frontend/src/components/features/settings/mcp-settings/mcp-stdio-servers.tsx(25,13): error TS17004: Cannot use JSX unless the '--jsx' flag is provided.
frontend/src/components/features/settings/mcp-settings/mcp-stdio-servers.tsx(28,11): error TS17004: Cannot use JSX unless the '--jsx' flag is provided.
frontend/src/components/features/settings/mcp-settings/mcp-stdio-servers.tsx(29,13): error TS17004: Cannot use JSX unless the '--jsx' flag is provided.
frontend/src/components/features/settings/mcp-settings/mcp-stdio-servers.tsx(32,13): error TS17004: Cannot use JSX unless the '--jsx' flag is provided.
frontend/src/components/features/settings/mcp-settings/mcp-stdio-servers.tsx(35,13): error TS17004: Cannot use JSX unless the '--jsx' flag is provided.
frontend/src/components/features/settings/mcp-settings/mcp-stdio-servers.tsx(36,15): error TS17004: Cannot use JSX unless the '--jsx' flag is provided.
frontend/src/components/features/settings/mcp-settings/mcp-stdio-servers.tsx(39,15): error TS17004: Cannot use JSX unless the '--jsx' flag is provided.
frontend/src/components/features/settings/mcp-settings/mcp-stdio-servers.tsx(43,13): error TS17004: Cannot use JSX unless the '--jsx' flag is provided.
frontend/src/components/features/settings/mcp-settings/mcp-stdio-servers.tsx(44,15): error TS17004: Cannot use JSX unless the '--jsx' flag is provided.
frontend/src/components/features/settings/mcp-settings/mcp-stdio-servers.tsx(47,15): error TS17004: Cannot use JSX unless the '--jsx' flag is provided.
frontend/src/components/features/settings/new-api-key-modal.tsx(3,10): error TS2614: Module '"#/*"' has no exported member 'I18nKey'. Did you mean to use 'import I18nKey from "#/*"' instead?
frontend/src/components/features/settings/new-api-key-modal.tsx(4,10): error TS2614: Module '"#/*"' has no exported member 'BrandButton'. Did you mean to use 'import BrandButton from "#/*"' instead?
frontend/src/components/features/settings/new-api-key-modal.tsx(5,10): error TS2614: Module '"#/*"' has no exported member 'CreateApiKeyResponse'. Did you mean to use 'import CreateApiKeyResponse from "#/*"' instead?
frontend/src/components/features/settings/new-api-key-modal.tsx(6,10): error TS2614: Module '"#/*"' has no exported member 'displaySuccessToast'. Did you mean to use 'import displaySuccessToast from "#/*"' instead?
frontend/src/components/features/settings/new-api-key-modal.tsx(7,33): error TS2835: Relative import paths need explicit file extensions in ECMAScript imports when '--moduleResolution' is 'node16' or 'nodenext'. Did you mean './api-key-modal-base.js'?
frontend/src/components/features/settings/new-api-key-modal.tsx(34,5): error TS17004: Cannot use JSX unless the '--jsx' flag is provided.
frontend/src/components/features/settings/new-api-key-modal.tsx(35,7): error TS17004: Cannot use JSX unless the '--jsx' flag is provided.
frontend/src/components/features/settings/new-api-key-modal.tsx(42,7): error TS17004: Cannot use JSX unless the '--jsx' flag is provided.
frontend/src/components/features/settings/new-api-key-modal.tsx(49,5): error TS17004: Cannot use JSX unless the '--jsx' flag is provided.
frontend/src/components/features/settings/new-api-key-modal.tsx(55,7): error TS17004: Cannot use JSX unless the '--jsx' flag is provided.
frontend/src/components/features/settings/new-api-key-modal.tsx(56,9): error TS17004: Cannot use JSX unless the '--jsx' flag is provided.
frontend/src/components/features/settings/new-api-key-modal.tsx(57,9): error TS17004: Cannot use JSX unless the '--jsx' flag is provided.
frontend/src/components/features/settings/optional-tag.tsx(2,10): error TS2614: Module '"#/*"' has no exported member 'I18nKey'. Did you mean to use 'import I18nKey from "#/*"' instead?
frontend/src/components/features/settings/optional-tag.tsx(7,5): error TS17004: Cannot use JSX unless the '--jsx' flag is provided.
frontend/src/components/features/settings/project-management/configure-modal.tsx(4,10): error TS2614: Module '"#/*"' has no exported member 'I18nKey'. Did you mean to use 'import I18nKey from "#/*"' instead?
frontend/src/components/features/settings/project-management/configure-modal.tsx(5,10): error TS2614: Module '"#/*"' has no exported member 'BrandButton'. Did you mean to use 'import BrandButton from "#/*"' instead?
frontend/src/components/features/settings/project-management/configure-modal.tsx(6,10): error TS2614: Module '"#/*"' has no exported member 'SettingsInput'. Did you mean to use 'import SettingsInput from "#/*"' instead?
frontend/src/components/features/settings/project-management/configure-modal.tsx(7,10): error TS2614: Module '"#/*"' has no exported member 'ModalBackdrop'. Did you mean to use 'import ModalBackdrop from "#/*"' instead?
frontend/src/components/features/settings/project-management/configure-modal.tsx(8,10): error TS2614: Module '"#/*"' has no exported member 'ModalBody'. Did you mean to use 'import ModalBody from "#/*"' instead?
frontend/src/components/features/settings/project-management/configure-modal.tsx(10,3): error TS2614: Module '"#/*"' has no exported member 'BaseModalDescription'. Did you mean to use 'import BaseModalDescription from "#/*"' instead?
frontend/src/components/features/settings/project-management/configure-modal.tsx(11,3): error TS2614: Module '"#/*"' has no exported member 'BaseModalTitle'. Did you mean to use 'import BaseModalTitle from "#/*"' instead?
frontend/src/components/features/settings/project-management/configure-modal.tsx(13,10): error TS2614: Module '"#/*"' has no exported member 'SettingsSwitch'. Did you mean to use 'import SettingsSwitch from "#/*"' instead?
frontend/src/components/features/settings/project-management/configure-modal.tsx(14,10): error TS2614: Module '"#/*"' has no exported member 'useValidateIntegration'. Did you mean to use 'import useValidateIntegration from "#/*"' instead?
frontend/src/components/features/settings/project-management/configure-modal.tsx(31,5): error TS17004: Cannot use JSX unless the '--jsx' flag is provided.
frontend/src/components/features/settings/project-management/configure-modal.tsx(126,17): error TS7006: Parameter 'data' implicitly has an 'any' type.
frontend/src/components/features/settings/project-management/configure-modal.tsx(136,15): error TS7006: Parameter 'error' implicitly has an 'any' type.
frontend/src/components/features/settings/project-management/configure-modal.tsx(272,5): error TS17004: Cannot use JSX unless the '--jsx' flag is provided.
frontend/src/components/features/settings/project-management/configure-modal.tsx(273,7): error TS17004: Cannot use JSX unless the '--jsx' flag is provided.
frontend/src/components/features/settings/project-management/configure-modal.tsx(274,9): error TS17004: Cannot use JSX unless the '--jsx' flag is provided.
frontend/src/components/features/settings/project-management/configure-modal.tsx(283,9): error TS17004: Cannot use JSX unless the '--jsx' flag is provided.
frontend/src/components/features/settings/project-management/configure-modal.tsx(285,13): error TS17004: Cannot use JSX unless the '--jsx' flag is provided.
frontend/src/components/features/settings/project-management/configure-modal.tsx(290,20): error TS17004: Cannot use JSX unless the '--jsx' flag is provided.
frontend/src/components/features/settings/project-management/configure-modal.tsx(292,19): error TS17004: Cannot use JSX unless the '--jsx' flag is provided.
frontend/src/components/features/settings/project-management/configure-modal.tsx(304,13): error TS17004: Cannot use JSX unless the '--jsx' flag is provided.
frontend/src/components/features/settings/project-management/configure-modal.tsx(309,20): error TS17004: Cannot use JSX unless the '--jsx' flag is provided.
frontend/src/components/features/settings/project-management/configure-modal.tsx(311,19): error TS17004: Cannot use JSX unless the '--jsx' flag is provided.
frontend/src/components/features/settings/project-management/configure-modal.tsx(323,11): error TS17004: Cannot use JSX unless the '--jsx' flag is provided.
frontend/src/components/features/settings/project-management/configure-modal.tsx(329,9): error TS17004: Cannot use JSX unless the '--jsx' flag is provided.
frontend/src/components/features/settings/project-management/configure-modal.tsx(330,11): error TS17004: Cannot use JSX unless the '--jsx' flag is provided.
frontend/src/components/features/settings/project-management/configure-modal.tsx(331,13): error TS17004: Cannot use JSX unless the '--jsx' flag is provided.
frontend/src/components/features/settings/project-management/configure-modal.tsx(332,15): error TS17004: Cannot use JSX unless the '--jsx' flag is provided.
frontend/src/components/features/settings/project-management/configure-modal.tsx(333,17): error TS17004: Cannot use JSX unless the '--jsx' flag is provided.
frontend/src/components/features/settings/project-management/configure-modal.tsx(345,17): error TS17004: Cannot use JSX unless the '--jsx' flag is provided.
frontend/src/components/features/settings/project-management/configure-modal.tsx(357,15): error TS17004: Cannot use JSX unless the '--jsx' flag is provided.
frontend/src/components/features/settings/project-management/configure-modal.tsx(362,13): error TS17004: Cannot use JSX unless the '--jsx' flag is provided.
frontend/src/components/features/settings/project-management/configure-modal.tsx(363,15): error TS17004: Cannot use JSX unless the '--jsx' flag is provided.
frontend/src/components/features/settings/project-management/configure-modal.tsx(364,17): error TS17004: Cannot use JSX unless the '--jsx' flag is provided.
frontend/src/components/features/settings/project-management/configure-modal.tsx(375,19): error TS17004: Cannot use JSX unless the '--jsx' flag is provided.
frontend/src/components/features/settings/project-management/configure-modal.tsx(380,15): error TS17004: Cannot use JSX unless the '--jsx' flag is provided.
frontend/src/components/features/settings/project-management/configure-modal.tsx(381,17): error TS17004: Cannot use JSX unless the '--jsx' flag is provided.
frontend/src/components/features/settings/project-management/configure-modal.tsx(394,19): error TS17004: Cannot use JSX unless the '--jsx' flag is provided.
frontend/src/components/features/settings/project-management/configure-modal.tsx(397,15): error TS17004: Cannot use JSX unless the '--jsx' flag is provided.
frontend/src/components/features/settings/project-management/configure-modal.tsx(398,17): error TS17004: Cannot use JSX unless the '--jsx' flag is provided.
frontend/src/components/features/settings/project-management/configure-modal.tsx(411,19): error TS17004: Cannot use JSX unless the '--jsx' flag is provided.
frontend/src/components/features/settings/project-management/configure-modal.tsx(414,15): error TS17004: Cannot use JSX unless the '--jsx' flag is provided.
frontend/src/components/features/settings/project-management/configure-modal.tsx(415,17): error TS17004: Cannot use JSX unless the '--jsx' flag is provided.
frontend/src/components/features/settings/project-management/configure-modal.tsx(426,9): error TS17004: Cannot use JSX unless the '--jsx' flag is provided.
frontend/src/components/features/settings/project-management/configure-modal.tsx(429,13): error TS17004: Cannot use JSX unless the '--jsx' flag is provided.
frontend/src/components/features/settings/project-management/configure-modal.tsx(445,11): error TS17004: Cannot use JSX unless the '--jsx' flag is provided.
frontend/src/components/features/settings/project-management/integration-button.tsx(3,10): error TS2614: Module '"#/*"' has no exported member 'BrandButton'. Did you mean to use 'import BrandButton from "#/*"' instead?
frontend/src/components/features/settings/project-management/integration-button.tsx(4,10): error TS2614: Module '"#/*"' has no exported member 'I18nKey'. Did you mean to use 'import I18nKey from "#/*"' instead?
frontend/src/components/features/settings/project-management/integration-button.tsx(22,5): error TS17004: Cannot use JSX unless the '--jsx' flag is provided.
frontend/src/components/features/settings/project-management/integration-row.tsx(4,10): error TS2614: Module '"#/*"' has no exported member 'useIntegrationStatus'. Did you mean to use 'import useIntegrationStatus from "#/*"' instead?
frontend/src/components/features/settings/project-management/integration-row.tsx(5,10): error TS2614: Module '"#/*"' has no exported member 'useLinkIntegration'. Did you mean to use 'import useLinkIntegration from "#/*"' instead?
frontend/src/components/features/settings/project-management/integration-row.tsx(6,10): error TS2614: Module '"#/*"' has no exported member 'useUnlinkIntegration'. Did you mean to use 'import useUnlinkIntegration from "#/*"' instead?
frontend/src/components/features/settings/project-management/integration-row.tsx(7,10): error TS2614: Module '"#/*"' has no exported member 'useConfigureIntegration'. Did you mean to use 'import useConfigureIntegration from "#/*"' instead?
frontend/src/components/features/settings/project-management/integration-row.tsx(8,10): error TS2614: Module '"#/*"' has no exported member 'I18nKey'. Did you mean to use 'import I18nKey from "#/*"' instead?
frontend/src/components/features/settings/project-management/integration-row.tsx(10,3): error TS2614: Module '"#/*"' has no exported member 'ConfigureButton'. Did you mean to use 'import ConfigureButton from "#/*"' instead?
frontend/src/components/features/settings/project-management/integration-row.tsx(11,3): error TS2614: Module '"#/*"' has no exported member 'ConfigureModal'. Did you mean to use 'import ConfigureModal from "#/*"' instead?
frontend/src/components/features/settings/project-management/integration-row.tsx(88,5): error TS17004: Cannot use JSX unless the '--jsx' flag is provided.
frontend/src/components/features/settings/project-management/integration-row.tsx(89,7): error TS17004: Cannot use JSX unless the '--jsx' flag is provided.
frontend/src/components/features/settings/project-management/integration-row.tsx(90,7): error TS17004: Cannot use JSX unless the '--jsx' flag is provided.
frontend/src/components/features/settings/project-management/integration-row.tsx(91,9): error TS17004: Cannot use JSX unless the '--jsx' flag is provided.
frontend/src/components/features/settings/project-management/integration-row.tsx(98,7): error TS17004: Cannot use JSX unless the '--jsx' flag is provided.
frontend/src/components/features/settings/project-management/project-management-integration.tsx(3,10): error TS2614: Module '"#/*"' has no exported member 'I18nKey'. Did you mean to use 'import I18nKey from "#/*"' instead?
frontend/src/components/features/settings/project-management/project-management-integration.tsx(4,32): error TS2835: Relative import paths need explicit file extensions in ECMAScript imports when '--moduleResolution' is 'node16' or 'nodenext'. Did you mean './integration-row.js'?
frontend/src/components/features/settings/project-management/project-management-integration.tsx(5,10): error TS2614: Module '"#/*"' has no exported member 'useConfig'. Did you mean to use 'import useConfig from "#/*"' instead?
frontend/src/components/features/settings/project-management/project-management-integration.tsx(12,5): error TS17004: Cannot use JSX unless the '--jsx' flag is provided.
frontend/src/components/features/settings/project-management/project-management-integration.tsx(13,7): error TS17004: Cannot use JSX unless the '--jsx' flag is provided.
frontend/src/components/features/settings/project-management/project-management-integration.tsx(16,7): error TS17004: Cannot use JSX unless the '--jsx' flag is provided.
frontend/src/components/features/settings/project-management/project-management-integration.tsx(18,11): error TS17004: Cannot use JSX unless the '--jsx' flag is provided.
frontend/src/components/features/settings/project-management/project-management-integration.tsx(25,11): error TS17004: Cannot use JSX unless the '--jsx' flag is provided.
frontend/src/components/features/settings/project-management/project-management-integration.tsx(32,11): error TS17004: Cannot use JSX unless the '--jsx' flag is provided.
frontend/src/components/features/settings/secrets-settings/secret-form.tsx(4,10): error TS2614: Module '"#/*"' has no exported member 'I18nKey'. Did you mean to use 'import I18nKey from "#/*"' instead?
frontend/src/components/features/settings/secrets-settings/secret-form.tsx(5,10): error TS2614: Module '"#/*"' has no exported member 'useCreateSecret'. Did you mean to use 'import useCreateSecret from "#/*"' instead?
frontend/src/components/features/settings/secrets-settings/secret-form.tsx(6,10): error TS2614: Module '"#/*"' has no exported member 'useUpdateSecret'. Did you mean to use 'import useUpdateSecret from "#/*"' instead?
frontend/src/components/features/settings/secrets-settings/secret-form.tsx(7,31): error TS2835: Relative import paths need explicit file extensions in ECMAScript imports when '--moduleResolution' is 'node16' or 'nodenext'. Did you mean '../settings-input.js'?
frontend/src/components/features/settings/secrets-settings/secret-form.tsx(8,10): error TS2614: Module '"#/*"' has no exported member 'cn'. Did you mean to use 'import cn from "#/*"' instead?
frontend/src/components/features/settings/secrets-settings/secret-form.tsx(9,29): error TS2835: Relative import paths need explicit file extensions in ECMAScript imports when '--moduleResolution' is 'node16' or 'nodenext'. Did you mean '../brand-button.js'?
frontend/src/components/features/settings/secrets-settings/secret-form.tsx(10,10): error TS2614: Module '"#/*"' has no exported member 'useGetSecrets'. Did you mean to use 'import useGetSecrets from "#/*"' instead?
frontend/src/components/features/settings/secrets-settings/secret-form.tsx(11,10): error TS2614: Module '"#/*"' has no exported member 'GetSecretsResponse'. Did you mean to use 'import GetSecretsResponse from "#/*"' instead?
frontend/src/components/features/settings/secrets-settings/secret-form.tsx(12,29): error TS2835: Relative import paths need explicit file extensions in ECMAScript imports when '--moduleResolution' is 'node16' or 'nodenext'. Did you mean '../optional-tag.js'?
frontend/src/components/features/settings/secrets-settings/secret-form.tsx(40,17): error TS7006: Parameter 'secret' implicitly has an 'any' type.
frontend/src/components/features/settings/secrets-settings/secret-form.tsx(67,8): error TS7006: Parameter 'oldSecrets' implicitly has an 'any' type.
frontend/src/components/features/settings/secrets-settings/secret-form.tsx(71,32): error TS7006: Parameter 'secret' implicitly has an 'any' type.
frontend/src/components/features/settings/secrets-settings/secret-form.tsx(118,10): error TS7006: Parameter 'secret' implicitly has an 'any' type.
frontend/src/components/features/settings/secrets-settings/secret-form.tsx(141,5): error TS17004: Cannot use JSX unless the '--jsx' flag is provided.
frontend/src/components/features/settings/secrets-settings/secret-form.tsx(146,7): error TS17004: Cannot use JSX unless the '--jsx' flag is provided.
frontend/src/components/features/settings/secrets-settings/secret-form.tsx(160,9): error TS17004: Cannot use JSX unless the '--jsx' flag is provided.
frontend/src/components/features/settings/secrets-settings/secret-form.tsx(161,11): error TS17004: Cannot use JSX unless the '--jsx' flag is provided.
frontend/src/components/features/settings/secrets-settings/secret-form.tsx(162,11): error TS17004: Cannot use JSX unless the '--jsx' flag is provided.
frontend/src/components/features/settings/secrets-settings/secret-form.tsx(177,13): error TS17004: Cannot use JSX unless the '--jsx' flag is provided.
frontend/src/components/features/settings/secrets-settings/secret-form.tsx(188,7): error TS17004: Cannot use JSX unless the '--jsx' flag is provided.
frontend/src/components/features/settings/secrets-settings/secret-form.tsx(189,9): error TS17004: Cannot use JSX unless the '--jsx' flag is provided.
frontend/src/components/features/settings/secrets-settings/secret-form.tsx(190,11): error TS17004: Cannot use JSX unless the '--jsx' flag is provided.
frontend/src/components/features/settings/secrets-settings/secret-form.tsx(191,11): error TS17004: Cannot use JSX unless the '--jsx' flag is provided.
frontend/src/components/features/settings/secrets-settings/secret-form.tsx(193,9): error TS17004: Cannot use JSX unless the '--jsx' flag is provided.
frontend/src/components/features/settings/secrets-settings/secret-form.tsx(205,7): error TS17004: Cannot use JSX unless the '--jsx' flag is provided.
frontend/src/components/features/settings/secrets-settings/secret-form.tsx(206,9): error TS17004: Cannot use JSX unless the '--jsx' flag is provided.
frontend/src/components/features/settings/secrets-settings/secret-form.tsx(214,9): error TS17004: Cannot use JSX unless the '--jsx' flag is provided.
frontend/src/components/features/settings/secrets-settings/secret-list-item.tsx(5,5): error TS17004: Cannot use JSX unless the '--jsx' flag is provided.
frontend/src/components/features/settings/secrets-settings/secret-list-item.tsx(6,7): error TS17004: Cannot use JSX unless the '--jsx' flag is provided.
frontend/src/components/features/settings/secrets-settings/secret-list-item.tsx(7,9): error TS17004: Cannot use JSX unless the '--jsx' flag is provided.
frontend/src/components/features/settings/secrets-settings/secret-list-item.tsx(8,9): error TS17004: Cannot use JSX unless the '--jsx' flag is provided.
frontend/src/components/features/settings/secrets-settings/secret-list-item.tsx(11,7): error TS17004: Cannot use JSX unless the '--jsx' flag is provided.
frontend/src/components/features/settings/secrets-settings/secret-list-item.tsx(12,9): error TS17004: Cannot use JSX unless the '--jsx' flag is provided.
frontend/src/components/features/settings/secrets-settings/secret-list-item.tsx(13,9): error TS17004: Cannot use JSX unless the '--jsx' flag is provided.
frontend/src/components/features/settings/secrets-settings/secret-list-item.tsx(33,5): error TS17004: Cannot use JSX unless the '--jsx' flag is provided.
frontend/src/components/features/settings/secrets-settings/secret-list-item.tsx(37,7): error TS17004: Cannot use JSX unless the '--jsx' flag is provided.
frontend/src/components/features/settings/secrets-settings/secret-list-item.tsx(41,7): error TS17004: Cannot use JSX unless the '--jsx' flag is provided.
frontend/src/components/features/settings/secrets-settings/secret-list-item.tsx(48,7): error TS17004: Cannot use JSX unless the '--jsx' flag is provided.
frontend/src/components/features/settings/secrets-settings/secret-list-item.tsx(49,9): error TS17004: Cannot use JSX unless the '--jsx' flag is provided.
frontend/src/components/features/settings/secrets-settings/secret-list-item.tsx(56,11): error TS17004: Cannot use JSX unless the '--jsx' flag is provided.
frontend/src/components/features/settings/secrets-settings/secret-list-item.tsx(58,9): error TS17004: Cannot use JSX unless the '--jsx' flag is provided.
frontend/src/components/features/settings/secrets-settings/secret-list-item.tsx(65,11): error TS17004: Cannot use JSX unless the '--jsx' flag is provided.
frontend/src/components/features/settings/settings-dropdown-input.tsx(3,29): error TS2835: Relative import paths need explicit file extensions in ECMAScript imports when '--moduleResolution' is 'node16' or 'nodenext'. Did you mean './optional-tag.js'?
frontend/src/components/features/settings/settings-dropdown-input.tsx(4,10): error TS2614: Module '"#/*"' has no exported member 'cn'. Did you mean to use 'import cn from "#/*"' instead?
frontend/src/components/features/settings/settings-dropdown-input.tsx(5,10): error TS2614: Module '"#/*"' has no exported member 'CustomDropdown'. Did you mean to use 'import CustomDropdown from "#/*"' instead?
frontend/src/components/features/settings/settings-dropdown-input.tsx(51,5): error TS17004: Cannot use JSX unless the '--jsx' flag is provided.
frontend/src/components/features/settings/settings-dropdown-input.tsx(53,9): error TS17004: Cannot use JSX unless the '--jsx' flag is provided.
frontend/src/components/features/settings/settings-dropdown-input.tsx(54,11): error TS17004: Cannot use JSX unless the '--jsx' flag is provided.
frontend/src/components/features/settings/settings-dropdown-input.tsx(55,31): error TS17004: Cannot use JSX unless the '--jsx' flag is provided.
frontend/src/components/features/settings/settings-dropdown-input.tsx(58,7): error TS17004: Cannot use JSX unless the '--jsx' flag is provided.
frontend/src/components/features/settings/settings-dropdown-input.tsx(64,29): error TS7006: Parameter 'key' implicitly has an 'any' type.
frontend/src/components/features/settings/settings-error-boundary.tsx(3,10): error TS2614: Module '"#/*"' has no exported member 'Button'. Did you mean to use 'import Button from "#/*"' instead?
frontend/src/components/features/settings/settings-error-boundary.tsx(77,9): error TS17004: Cannot use JSX unless the '--jsx' flag is provided.
frontend/src/components/features/settings/settings-error-boundary.tsx(78,11): error TS17004: Cannot use JSX unless the '--jsx' flag is provided.
frontend/src/components/features/settings/settings-error-boundary.tsx(80,13): error TS17004: Cannot use JSX unless the '--jsx' flag is provided.
frontend/src/components/features/settings/settings-error-boundary.tsx(81,15): error TS17004: Cannot use JSX unless the '--jsx' flag is provided.
frontend/src/components/features/settings/settings-error-boundary.tsx(82,17): error TS17004: Cannot use JSX unless the '--jsx' flag is provided.
frontend/src/components/features/settings/settings-error-boundary.tsx(87,13): error TS17004: Cannot use JSX unless the '--jsx' flag is provided.
frontend/src/components/features/settings/settings-error-boundary.tsx(88,15): error TS17004: Cannot use JSX unless the '--jsx' flag is provided.
frontend/src/components/features/settings/settings-error-boundary.tsx(91,15): error TS17004: Cannot use JSX unless the '--jsx' flag is provided.
frontend/src/components/features/settings/settings-error-boundary.tsx(99,15): error TS17004: Cannot use JSX unless the '--jsx' flag is provided.
frontend/src/components/features/settings/settings-error-boundary.tsx(100,17): error TS17004: Cannot use JSX unless the '--jsx' flag is provided.
frontend/src/components/features/settings/settings-error-boundary.tsx(103,17): error TS17004: Cannot use JSX unless the '--jsx' flag is provided.
frontend/src/components/features/settings/settings-error-boundary.tsx(104,19): error TS17004: Cannot use JSX unless the '--jsx' flag is provided.
frontend/src/components/features/settings/settings-error-boundary.tsx(108,21): error TS17004: Cannot use JSX unless the '--jsx' flag is provided.
frontend/src/components/features/settings/settings-error-boundary.tsx(117,13): error TS17004: Cannot use JSX unless the '--jsx' flag is provided.
frontend/src/components/features/settings/settings-error-boundary.tsx(118,15): error TS17004: Cannot use JSX unless the '--jsx' flag is provided.
frontend/src/components/features/settings/settings-error-boundary.tsx(122,17): error TS17004: Cannot use JSX unless the '--jsx' flag is provided.
frontend/src/components/features/settings/settings-error-boundary.tsx(126,15): error TS17004: Cannot use JSX unless the '--jsx' flag is provided.
frontend/src/components/features/settings/settings-error-boundary.tsx(131,17): error TS17004: Cannot use JSX unless the '--jsx' flag is provided.
frontend/src/components/features/settings/settings-error-boundary.tsx(135,15): error TS17004: Cannot use JSX unless the '--jsx' flag is provided.
frontend/src/components/features/settings/settings-input.tsx(1,10): error TS2614: Module '"#/*"' has no exported member 'cn'. Did you mean to use 'import cn from "#/*"' instead?
frontend/src/components/features/settings/settings-input.tsx(2,29): error TS2835: Relative import paths need explicit file extensions in ECMAScript imports when '--moduleResolution' is 'node16' or 'nodenext'. Did you mean './optional-tag.js'?
frontend/src/components/features/settings/settings-input.tsx(50,5): error TS17004: Cannot use JSX unless the '--jsx' flag is provided.
frontend/src/components/features/settings/settings-input.tsx(51,7): error TS17004: Cannot use JSX unless the '--jsx' flag is provided.
frontend/src/components/features/settings/settings-input.tsx(53,9): error TS17004: Cannot use JSX unless the '--jsx' flag is provided.
frontend/src/components/features/settings/settings-input.tsx(54,29): error TS17004: Cannot use JSX unless the '--jsx' flag is provided.
frontend/src/components/features/settings/settings-input.tsx(56,7): error TS17004: Cannot use JSX unless the '--jsx' flag is provided.
frontend/src/components/features/settings/settings-input.tsx(80,9): error TS17004: Cannot use JSX unless the '--jsx' flag is provided.
frontend/src/components/features/settings/settings-input.tsx(85,9): error TS17004: Cannot use JSX unless the '--jsx' flag is provided.
frontend/src/components/features/settings/settings-switch.tsx(3,10): error TS2614: Module '"#/*"' has no exported member 'I18nKey'. Did you mean to use 'import I18nKey from "#/*"' instead?
frontend/src/components/features/settings/settings-switch.tsx(4,39): error TS2835: Relative import paths need explicit file extensions in ECMAScript imports when '--moduleResolution' is 'node16' or 'nodenext'. Did you mean './styled-switch-component.js'?
frontend/src/components/features/settings/settings-switch.tsx(33,5): error TS17004: Cannot use JSX unless the '--jsx' flag is provided.
frontend/src/components/features/settings/settings-switch.tsx(34,7): error TS17004: Cannot use JSX unless the '--jsx' flag is provided.
frontend/src/components/features/settings/settings-switch.tsx(43,7): error TS17004: Cannot use JSX unless the '--jsx' flag is provided.
frontend/src/components/features/settings/settings-switch.tsx(45,7): error TS17004: Cannot use JSX unless the '--jsx' flag is provided.
frontend/src/components/features/settings/settings-switch.tsx(46,9): error TS17004: Cannot use JSX unless the '--jsx' flag is provided.
frontend/src/components/features/settings/settings-switch.tsx(48,11): error TS17004: Cannot use JSX unless the '--jsx' flag is provided.
frontend/src/components/features/settings/styled-switch-component.tsx(1,10): error TS2614: Module '"#/*"' has no exported member 'cn'. Did you mean to use 'import cn from "#/*"' instead?
frontend/src/components/features/settings/styled-switch-component.tsx(11,5): error TS17004: Cannot use JSX unless the '--jsx' flag is provided.
frontend/src/components/features/settings/styled-switch-component.tsx(19,7): error TS17004: Cannot use JSX unless the '--jsx' flag is provided.
frontend/src/components/features/settings/subtext-skeleton.tsx(2,10): error TS17004: Cannot use JSX unless the '--jsx' flag is provided.
frontend/src/components/features/settings/switch-skeleton.tsx(3,5): error TS17004: Cannot use JSX unless the '--jsx' flag is provided.
frontend/src/components/features/settings/switch-skeleton.tsx(4,7): error TS17004: Cannot use JSX unless the '--jsx' flag is provided.
frontend/src/components/features/settings/switch-skeleton.tsx(5,7): error TS17004: Cannot use JSX unless the '--jsx' flag is provided.
frontend/src/components/features/sidebar/avatar.tsx(2,10): error TS2614: Module '"#/*"' has no exported member 'I18nKey'. Did you mean to use 'import I18nKey from "#/*"' instead?
frontend/src/components/features/sidebar/avatar.tsx(11,5): error TS17004: Cannot use JSX unless the '--jsx' flag is provided.
frontend/src/components/features/sidebar/sidebar.tsx(3,10): error TS2614: Module '"#/*"' has no exported member 'useGitUser'. Did you mean to use 'import useGitUser from "#/*"' instead?
frontend/src/components/features/sidebar/sidebar.tsx(4,10): error TS2614: Module '"#/*"' has no exported member 'SettingsModal'. Did you mean to use 'import SettingsModal from "#/*"' instead?
frontend/src/components/features/sidebar/sidebar.tsx(5,10): error TS2614: Module '"#/*"' has no exported member 'useSettings'. Did you mean to use 'import useSettings from "#/*"' instead?
frontend/src/components/features/sidebar/sidebar.tsx(6,35): error TS2835: Relative import paths need explicit file extensions in ECMAScript imports when '--moduleResolution' is 'node16' or 'nodenext'. Did you mean '../conversation-panel/conversation-panel.js'?
frontend/src/components/features/sidebar/sidebar.tsx(7,42): error TS2835: Relative import paths need explicit file extensions in ECMAScript imports when '--moduleResolution' is 'node16' or 'nodenext'. Did you mean '../conversation-panel/conversation-panel-wrapper.js'?
frontend/src/components/features/sidebar/sidebar.tsx(8,10): error TS2614: Module '"#/*"' has no exported member 'useLogout'. Did you mean to use 'import useLogout from "#/*"' instead?
frontend/src/components/features/sidebar/sidebar.tsx(9,10): error TS2614: Module '"#/*"' has no exported member 'useConfig'. Did you mean to use 'import useConfig from "#/*"' instead?
frontend/src/components/features/sidebar/sidebar.tsx(10,10): error TS2614: Module '"#/*"' has no exported member 'displayErrorToast'. Did you mean to use 'import displayErrorToast from "#/*"' instead?
frontend/src/components/features/sidebar/sidebar.tsx(92,5): error TS17004: Cannot use JSX unless the '--jsx' flag is provided.
frontend/src/components/features/sidebar/sidebar.tsx(96,9): error TS17004: Cannot use JSX unless the '--jsx' flag is provided.
frontend/src/components/features/sidebar/sidebar.tsx(97,11): error TS17004: Cannot use JSX unless the '--jsx' flag is provided.
frontend/src/components/features/sidebar/sidebar.tsx(98,13): error TS17004: Cannot use JSX unless the '--jsx' flag is provided.
frontend/src/components/features/sidebar/sidebar.tsx(107,9): error TS17004: Cannot use JSX unless the '--jsx' flag is provided.
frontend/src/components/features/sidebar/sidebar.tsx(108,11): error TS17004: Cannot use JSX unless the '--jsx' flag is provided.
frontend/src/components/features/sidebar/user-actions.tsx(2,28): error TS2835: Relative import paths need explicit file extensions in ECMAScript imports when '--moduleResolution' is 'node16' or 'nodenext'. Did you mean './user-avatar.js'?
frontend/src/components/features/sidebar/user-actions.tsx(3,44): error TS2835: Relative import paths need explicit file extensions in ECMAScript imports when '--moduleResolution' is 'node16' or 'nodenext'. Did you mean '../context-menu/account-settings-context-menu.js'?
frontend/src/components/features/sidebar/user-actions.tsx(4,10): error TS2614: Module '"#/*"' has no exported member 'useShouldShowUserFeatures'. Did you mean to use 'import useShouldShowUserFeatures from "#/*"' instead?
frontend/src/components/features/sidebar/user-actions.tsx(37,5): error TS17004: Cannot use JSX unless the '--jsx' flag is provided.
frontend/src/components/features/sidebar/user-actions.tsx(38,7): error TS17004: Cannot use JSX unless the '--jsx' flag is provided.
frontend/src/components/features/sidebar/user-actions.tsx(45,9): error TS17004: Cannot use JSX unless the '--jsx' flag is provided.
frontend/src/components/features/sidebar/user-avatar.tsx(2,10): error TS2614: Module '"#/*"' has no exported member 'I18nKey'. Did you mean to use 'import I18nKey from "#/*"' instead?
frontend/src/components/features/sidebar/user-avatar.tsx(3,10): error TS2614: Module '"#/*"' has no exported member 'LoadingSpinner'. Did you mean to use 'import LoadingSpinner from "#/*"' instead?
frontend/src/components/features/sidebar/user-avatar.tsx(5,10): error TS2614: Module '"#/*"' has no exported member 'cn'. Did you mean to use 'import cn from "#/*"' instead?
frontend/src/components/features/sidebar/user-avatar.tsx(6,24): error TS2835: Relative import paths need explicit file extensions in ECMAScript imports when '--moduleResolution' is 'node16' or 'nodenext'. Did you mean './avatar.js'?
frontend/src/components/features/sidebar/user-avatar.tsx(7,10): error TS2614: Module '"#/*"' has no exported member 'TooltipButton'. Did you mean to use 'import TooltipButton from "#/*"' instead?
frontend/src/components/features/sidebar/user-avatar.tsx(19,5): error TS17004: Cannot use JSX unless the '--jsx' flag is provided.
frontend/src/components/features/sidebar/user-avatar.tsx(29,35): error TS17004: Cannot use JSX unless the '--jsx' flag is provided.
frontend/src/components/features/sidebar/user-avatar.tsx(31,9): error TS17004: Cannot use JSX unless the '--jsx' flag is provided.
frontend/src/components/features/sidebar/user-avatar.tsx(38,21): error TS17004: Cannot use JSX unless the '--jsx' flag is provided.
frontend/src/components/features/suggestions/replay-suggestion-box.tsx(2,10): error TS2614: Module '"#/*"' has no exported member 'I18nKey'. Did you mean to use 'import I18nKey from "#/*"' instead?
frontend/src/components/features/suggestions/replay-suggestion-box.tsx(3,31): error TS2835: Relative import paths need explicit file extensions in ECMAScript imports when '--moduleResolution' is 'node16' or 'nodenext'. Did you mean './suggestion-box.js'?
frontend/src/components/features/suggestions/replay-suggestion-box.tsx(12,5): error TS17004: Cannot use JSX unless the '--jsx' flag is provided.
frontend/src/components/features/suggestions/replay-suggestion-box.tsx(15,9): error TS17004: Cannot use JSX unless the '--jsx' flag is provided.
frontend/src/components/features/suggestions/replay-suggestion-box.tsx(19,11): error TS17004: Cannot use JSX unless the '--jsx' flag is provided.
frontend/src/components/features/suggestions/replay-suggestion-box.tsx(22,11): error TS17004: Cannot use JSX unless the '--jsx' flag is provided.
frontend/src/components/features/suggestions/suggestion-box.tsx(10,5): error TS17004: Cannot use JSX unless the '--jsx' flag is provided.
frontend/src/components/features/suggestions/suggestion-box.tsx(11,7): error TS17004: Cannot use JSX unless the '--jsx' flag is provided.
frontend/src/components/features/suggestions/suggestion-box.tsx(15,9): error TS17004: Cannot use JSX unless the '--jsx' flag is provided.
frontend/src/components/features/suggestions/suggestion-box.tsx(17,9): error TS17004: Cannot use JSX unless the '--jsx' flag is provided.
frontend/src/components/features/suggestions/suggestion-bubble.tsx(2,10): error TS2614: Module '"#/*"' has no exported member 'RefreshButton'. Did you mean to use 'import RefreshButton from "#/*"' instead?
frontend/src/components/features/suggestions/suggestion-bubble.tsx(4,10): error TS2614: Module '"#/*"' has no exported member 'I18nKey'. Did you mean to use 'import I18nKey from "#/*"' instead?
frontend/src/components/features/suggestions/suggestion-bubble.tsx(24,5): error TS17004: Cannot use JSX unless the '--jsx' flag is provided.
frontend/src/components/features/suggestions/suggestion-bubble.tsx(28,7): error TS17004: Cannot use JSX unless the '--jsx' flag is provided.
frontend/src/components/features/suggestions/suggestion-bubble.tsx(29,9): error TS17004: Cannot use JSX unless the '--jsx' flag is provided.
frontend/src/components/features/suggestions/suggestion-bubble.tsx(30,9): error TS17004: Cannot use JSX unless the '--jsx' flag is provided.
frontend/src/components/features/suggestions/suggestion-bubble.tsx(32,7): error TS17004: Cannot use JSX unless the '--jsx' flag is provided.
frontend/src/components/features/suggestions/suggestion-item.tsx(2,10): error TS2614: Module '"#/*"' has no exported member 'I18nKey'. Did you mean to use 'import I18nKey from "#/*"' instead?
frontend/src/components/features/suggestions/suggestion-item.tsx(14,5): error TS17004: Cannot use JSX unless the '--jsx' flag is provided.
frontend/src/components/features/suggestions/suggestion-item.tsx(15,7): error TS17004: Cannot use JSX unless the '--jsx' flag is provided.
frontend/src/components/features/suggestions/suggestions.tsx(1,49): error TS2835: Relative import paths need explicit file extensions in ECMAScript imports when '--moduleResolution' is 'node16' or 'nodenext'. Did you mean './suggestion-item.js'?
frontend/src/components/features/suggestions/suggestions.tsx(13,5): error TS17004: Cannot use JSX unless the '--jsx' flag is provided.
frontend/src/components/features/suggestions/suggestions.tsx(15,9): error TS17004: Cannot use JSX unless the '--jsx' flag is provided.
frontend/src/components/features/task-panel/task-panel.tsx(3,10): error TS2614: Module '"#/*"' has no exported member 'cn'. Did you mean to use 'import cn from "#/*"' instead?
frontend/src/components/features/task-panel/task-panel.tsx(28,16): error TS17004: Cannot use JSX unless the '--jsx' flag is provided.
frontend/src/components/features/task-panel/task-panel.tsx(30,16): error TS17004: Cannot use JSX unless the '--jsx' flag is provided.
frontend/src/components/features/task-panel/task-panel.tsx(32,16): error TS17004: Cannot use JSX unless the '--jsx' flag is provided.
frontend/src/components/features/task-panel/task-panel.tsx(34,16): error TS17004: Cannot use JSX unless the '--jsx' flag is provided.
frontend/src/components/features/task-panel/task-panel.tsx(57,5): error TS17004: Cannot use JSX unless the '--jsx' flag is provided.
frontend/src/components/features/task-panel/task-panel.tsx(59,7): error TS17004: Cannot use JSX unless the '--jsx' flag is provided.
frontend/src/components/features/task-panel/task-panel.tsx(63,9): error TS17004: Cannot use JSX unless the '--jsx' flag is provided.
frontend/src/components/features/task-panel/task-panel.tsx(66,9): error TS17004: Cannot use JSX unless the '--jsx' flag is provided.
frontend/src/components/features/task-panel/task-panel.tsx(67,11): error TS17004: Cannot use JSX unless the '--jsx' flag is provided.
frontend/src/components/features/task-panel/task-panel.tsx(72,11): error TS17004: Cannot use JSX unless the '--jsx' flag is provided.
frontend/src/components/features/task-panel/task-panel.tsx(73,13): error TS17004: Cannot use JSX unless the '--jsx' flag is provided.
frontend/src/components/features/task-panel/task-panel.tsx(79,11): error TS17004: Cannot use JSX unless the '--jsx' flag is provided.
frontend/src/components/features/task-panel/task-panel.tsx(83,9): error TS17004: Cannot use JSX unless the '--jsx' flag is provided.
frontend/src/components/features/task-panel/task-panel.tsx(84,11): error TS17004: Cannot use JSX unless the '--jsx' flag is provided.
frontend/src/components/features/task-panel/task-panel.tsx(85,13): error TS17004: Cannot use JSX unless the '--jsx' flag is provided.
frontend/src/components/features/task-panel/task-panel.tsx(86,13): error TS17004: Cannot use JSX unless the '--jsx' flag is provided.
frontend/src/components/features/task-panel/task-panel.tsx(88,11): error TS17004: Cannot use JSX unless the '--jsx' flag is provided.
frontend/src/components/features/task-panel/task-panel.tsx(89,13): error TS17004: Cannot use JSX unless the '--jsx' flag is provided.
frontend/src/components/features/task-panel/task-panel.tsx(90,13): error TS17004: Cannot use JSX unless the '--jsx' flag is provided.
frontend/src/components/features/task-panel/task-panel.tsx(96,11): error TS17004: Cannot use JSX unless the '--jsx' flag is provided.
frontend/src/components/features/task-panel/task-panel.tsx(98,11): error TS17004: Cannot use JSX unless the '--jsx' flag is provided.
frontend/src/components/features/task-panel/task-panel.tsx(104,9): error TS17004: Cannot use JSX unless the '--jsx' flag is provided.
frontend/src/components/features/task-panel/task-panel.tsx(105,11): error TS17004: Cannot use JSX unless the '--jsx' flag is provided.
frontend/src/components/features/task-panel/task-panel.tsx(107,15): error TS17004: Cannot use JSX unless the '--jsx' flag is provided.
frontend/src/components/features/task-panel/task-panel.tsx(118,17): error TS17004: Cannot use JSX unless the '--jsx' flag is provided.
frontend/src/components/features/task-panel/task-panel.tsx(119,19): error TS17004: Cannot use JSX unless the '--jsx' flag is provided.
frontend/src/components/features/task-panel/task-panel.tsx(120,19): error TS17004: Cannot use JSX unless the '--jsx' flag is provided.
frontend/src/components/features/task-panel/task-panel.tsx(121,21): error TS17004: Cannot use JSX unless the '--jsx' flag is provided.
frontend/src/components/features/task-panel/task-panel.tsx(127,23): error TS17004: Cannot use JSX unless the '--jsx' flag is provided.
frontend/src/components/features/task-panel/task-panel.tsx(131,23): error TS17004: Cannot use JSX unless the '--jsx' flag is provided.
frontend/src/components/features/terminal/__tests__/streaming-terminal.test.tsx(6,35): error TS2835: Relative import paths need explicit file extensions in ECMAScript imports when '--moduleResolution' is 'node16' or 'nodenext'. Did you mean '../streaming-terminal.js'?
frontend/src/components/features/terminal/__tests__/streaming-terminal.test.tsx(8,3): error TS2614: Module '"#/*"' has no exported member 'startStream'. Did you mean to use 'import startStream from "#/*"' instead?
frontend/src/components/features/terminal/__tests__/streaming-terminal.test.tsx(9,3): error TS2614: Module '"#/*"' has no exported member 'appendStreamChunk'. Did you mean to use 'import appendStreamChunk from "#/*"' instead?
frontend/src/components/features/terminal/__tests__/streaming-terminal.test.tsx(10,3): error TS2614: Module '"#/*"' has no exported member 'completeStream'. Did you mean to use 'import completeStream from "#/*"' instead?
frontend/src/components/features/terminal/__tests__/streaming-terminal.test.tsx(25,19): error TS17004: Cannot use JSX unless the '--jsx' flag is provided.
frontend/src/components/features/terminal/__tests__/streaming-terminal.test.tsx(29,21): error TS17004: Cannot use JSX unless the '--jsx' flag is provided.
frontend/src/components/features/terminal/__tests__/streaming-terminal.test.tsx(40,21): error TS17004: Cannot use JSX unless the '--jsx' flag is provided.
frontend/src/components/features/terminal/__tests__/streaming-terminal.test.tsx(50,21): error TS17004: Cannot use JSX unless the '--jsx' flag is provided.
frontend/src/components/features/terminal/__tests__/streaming-terminal.test.tsx(62,21): error TS17004: Cannot use JSX unless the '--jsx' flag is provided.
frontend/src/components/features/terminal/__tests__/streaming-terminal.test.tsx(75,21): error TS17004: Cannot use JSX unless the '--jsx' flag is provided.
frontend/src/components/features/terminal/__tests__/streaming-terminal.test.tsx(89,21): error TS17004: Cannot use JSX unless the '--jsx' flag is provided.
frontend/src/components/features/terminal/__tests__/streaming-terminal.test.tsx(107,21): error TS17004: Cannot use JSX unless the '--jsx' flag is provided.
frontend/src/components/features/terminal/__tests__/streaming-terminal.test.tsx(116,7): error TS17004: Cannot use JSX unless the '--jsx' flag is provided.
frontend/src/components/features/terminal/__tests__/streaming-terminal.test.tsx(132,21): error TS17004: Cannot use JSX unless the '--jsx' flag is provided.
frontend/src/components/features/terminal/__tests__/streaming-terminal.test.tsx(143,21): error TS17004: Cannot use JSX unless the '--jsx' flag is provided.
frontend/src/components/features/terminal/__tests__/streaming-terminal.test.tsx(155,21): error TS17004: Cannot use JSX unless the '--jsx' flag is provided.
frontend/src/components/features/terminal/streaming-terminal-clean.tsx(4,10): error TS2614: Module '"#/*"' has no exported member 'RootState'. Did you mean to use 'import RootState from "#/*"' instead?
frontend/src/components/features/terminal/streaming-terminal-clean.tsx(5,10): error TS2614: Module '"#/*"' has no exported member 'selectIsStreaming'. Did you mean to use 'import selectIsStreaming from "#/*"' instead?
frontend/src/components/features/terminal/streaming-terminal-clean.tsx(5,29): error TS2614: Module '"#/*"' has no exported member 'selectStreamingEnabled'. Did you mean to use 'import selectStreamingEnabled from "#/*"' instead?
frontend/src/components/features/terminal/streaming-terminal-clean.tsx(5,53): error TS2614: Module '"#/*"' has no exported member 'selectStreamContent'. Did you mean to use 'import selectStreamContent from "#/*"' instead?
frontend/src/components/features/terminal/streaming-terminal-clean.tsx(85,5): error TS17004: Cannot use JSX unless the '--jsx' flag is provided.
frontend/src/components/features/terminal/streaming-terminal-clean.tsx(90,7): error TS17004: Cannot use JSX unless the '--jsx' flag is provided.
frontend/src/components/features/terminal/streaming-terminal-clean.tsx(91,9): error TS17004: Cannot use JSX unless the '--jsx' flag is provided.
frontend/src/components/features/terminal/streaming-terminal-clean.tsx(92,11): error TS17004: Cannot use JSX unless the '--jsx' flag is provided.
frontend/src/components/features/terminal/streaming-terminal-clean.tsx(93,11): error TS17004: Cannot use JSX unless the '--jsx' flag is provided.
frontend/src/components/features/terminal/streaming-terminal-clean.tsx(95,13): error TS17004: Cannot use JSX unless the '--jsx' flag is provided.
frontend/src/components/features/terminal/streaming-terminal-clean.tsx(96,15): error TS17004: Cannot use JSX unless the '--jsx' flag is provided.
frontend/src/components/features/terminal/streaming-terminal-clean.tsx(97,15): error TS17004: Cannot use JSX unless the '--jsx' flag is provided.
frontend/src/components/features/terminal/streaming-terminal-clean.tsx(101,13): error TS17004: Cannot use JSX unless the '--jsx' flag is provided.
frontend/src/components/features/terminal/streaming-terminal-clean.tsx(106,13): error TS17004: Cannot use JSX unless the '--jsx' flag is provided.
frontend/src/components/features/terminal/streaming-terminal-clean.tsx(110,9): error TS17004: Cannot use JSX unless the '--jsx' flag is provided.
frontend/src/components/features/terminal/streaming-terminal-clean.tsx(112,13): error TS17004: Cannot use JSX unless the '--jsx' flag is provided.
frontend/src/components/features/terminal/streaming-terminal-clean.tsx(117,11): error TS17004: Cannot use JSX unless the '--jsx' flag is provided.
frontend/src/components/features/terminal/streaming-terminal-clean.tsx(119,15): error TS17004: Cannot use JSX unless the '--jsx' flag is provided.
frontend/src/components/features/terminal/streaming-terminal-clean.tsx(120,17): error TS17004: Cannot use JSX unless the '--jsx' flag is provided.
frontend/src/components/features/terminal/streaming-terminal-clean.tsx(121,17): error TS17004: Cannot use JSX unless the '--jsx' flag is provided.
frontend/src/components/features/terminal/streaming-terminal-clean.tsx(124,15): error TS17004: Cannot use JSX unless the '--jsx' flag is provided.
frontend/src/components/features/terminal/streaming-terminal-clean.tsx(125,17): error TS17004: Cannot use JSX unless the '--jsx' flag is provided.
frontend/src/components/features/terminal/streaming-terminal-clean.tsx(126,17): error TS17004: Cannot use JSX unless the '--jsx' flag is provided.
frontend/src/components/features/terminal/streaming-terminal-clean.tsx(133,7): error TS17004: Cannot use JSX unless the '--jsx' flag is provided.
frontend/src/components/features/terminal/streaming-terminal-clean.tsx(134,9): error TS17004: Cannot use JSX unless the '--jsx' flag is provided.
frontend/src/components/features/terminal/streaming-terminal-clean.tsx(134,122): error TS17004: Cannot use JSX unless the '--jsx' flag is provided.
frontend/src/components/features/terminal/streaming-terminal.tsx(4,10): error TS2614: Module '"#/*"' has no exported member 'RootState'. Did you mean to use 'import RootState from "#/*"' instead?
frontend/src/components/features/terminal/streaming-terminal.tsx(5,10): error TS2614: Module '"#/*"' has no exported member 'selectIsStreaming'. Did you mean to use 'import selectIsStreaming from "#/*"' instead?
frontend/src/components/features/terminal/streaming-terminal.tsx(5,29): error TS2614: Module '"#/*"' has no exported member 'selectStreamingEnabled'. Did you mean to use 'import selectStreamingEnabled from "#/*"' instead?
frontend/src/components/features/terminal/streaming-terminal.tsx(5,53): error TS2614: Module '"#/*"' has no exported member 'selectStreamContent'. Did you mean to use 'import selectStreamContent from "#/*"' instead?
frontend/src/components/features/terminal/streaming-terminal.tsx(85,5): error TS17004: Cannot use JSX unless the '--jsx' flag is provided.
frontend/src/components/features/terminal/streaming-terminal.tsx(90,7): error TS17004: Cannot use JSX unless the '--jsx' flag is provided.
frontend/src/components/features/terminal/streaming-terminal.tsx(91,9): error TS17004: Cannot use JSX unless the '--jsx' flag is provided.
frontend/src/components/features/terminal/streaming-terminal.tsx(92,11): error TS17004: Cannot use JSX unless the '--jsx' flag is provided.
frontend/src/components/features/terminal/streaming-terminal.tsx(93,11): error TS17004: Cannot use JSX unless the '--jsx' flag is provided.
frontend/src/components/features/terminal/streaming-terminal.tsx(95,13): error TS17004: Cannot use JSX unless the '--jsx' flag is provided.
frontend/src/components/features/terminal/streaming-terminal.tsx(96,15): error TS17004: Cannot use JSX unless the '--jsx' flag is provided.
frontend/src/components/features/terminal/streaming-terminal.tsx(97,15): error TS17004: Cannot use JSX unless the '--jsx' flag is provided.
frontend/src/components/features/terminal/streaming-terminal.tsx(101,13): error TS17004: Cannot use JSX unless the '--jsx' flag is provided.
frontend/src/components/features/terminal/streaming-terminal.tsx(106,13): error TS17004: Cannot use JSX unless the '--jsx' flag is provided.
frontend/src/components/features/terminal/streaming-terminal.tsx(110,9): error TS17004: Cannot use JSX unless the '--jsx' flag is provided.
frontend/src/components/features/terminal/streaming-terminal.tsx(112,13): error TS17004: Cannot use JSX unless the '--jsx' flag is provided.
frontend/src/components/features/terminal/streaming-terminal.tsx(117,11): error TS17004: Cannot use JSX unless the '--jsx' flag is provided.
frontend/src/components/features/terminal/streaming-terminal.tsx(119,15): error TS17004: Cannot use JSX unless the '--jsx' flag is provided.
frontend/src/components/features/terminal/streaming-terminal.tsx(120,17): error TS17004: Cannot use JSX unless the '--jsx' flag is provided.
frontend/src/components/features/terminal/streaming-terminal.tsx(121,17): error TS17004: Cannot use JSX unless the '--jsx' flag is provided.
frontend/src/components/features/terminal/streaming-terminal.tsx(124,15): error TS17004: Cannot use JSX unless the '--jsx' flag is provided.
frontend/src/components/features/terminal/streaming-terminal.tsx(125,17): error TS17004: Cannot use JSX unless the '--jsx' flag is provided.
frontend/src/components/features/terminal/streaming-terminal.tsx(126,17): error TS17004: Cannot use JSX unless the '--jsx' flag is provided.
frontend/src/components/features/terminal/streaming-terminal.tsx(133,7): error TS17004: Cannot use JSX unless the '--jsx' flag is provided.
frontend/src/components/features/terminal/streaming-terminal.tsx(134,9): error TS17004: Cannot use JSX unless the '--jsx' flag is provided.
frontend/src/components/features/terminal/streaming-terminal.tsx(134,122): error TS17004: Cannot use JSX unless the '--jsx' flag is provided.
frontend/src/components/features/terminal/terminal.tsx(3,10): error TS2614: Module '"#/*"' has no exported member 'RootState'. Did you mean to use 'import RootState from "#/*"' instead?
frontend/src/components/features/terminal/terminal.tsx(4,10): error TS2614: Module '"#/*"' has no exported member 'useTerminal'. Did you mean to use 'import useTerminal from "#/*"' instead?
frontend/src/components/features/terminal/terminal.tsx(6,10): error TS2614: Module '"#/*"' has no exported member 'useRuntimeIsReady'. Did you mean to use 'import useRuntimeIsReady from "#/*"' instead?
frontend/src/components/features/terminal/terminal.tsx(19,5): error TS17004: Cannot use JSX unless the '--jsx' flag is provided.
frontend/src/components/features/terminal/terminal.tsx(21,9): error TS17004: Cannot use JSX unless the '--jsx' flag is provided.
frontend/src/components/features/terminal/terminal.tsx(25,7): error TS17004: Cannot use JSX unless the '--jsx' flag is provided.
frontend/src/components/features/tips/random-tip.tsx(3,10): error TS2614: Module '"#/*"' has no exported member 'I18nKey'. Did you mean to use 'import I18nKey from "#/*"' instead?
frontend/src/components/features/tips/random-tip.tsx(4,10): error TS2614: Module '"#/*"' has no exported member 'getRandomTip'. Did you mean to use 'import getRandomTip from "#/*"' instead?
frontend/src/components/features/tips/random-tip.tsx(4,29): error TS2614: Module '"#/*"' has no exported member 'Tip'. Did you mean to use 'import Tip from "#/*"' instead?
frontend/src/components/features/tips/random-tip.tsx(35,5): error TS17004: Cannot use JSX unless the '--jsx' flag is provided.
frontend/src/components/features/tips/random-tip.tsx(36,7): error TS17004: Cannot use JSX unless the '--jsx' flag is provided.
frontend/src/components/features/tips/random-tip.tsx(38,9): error TS17004: Cannot use JSX unless the '--jsx' flag is provided.
frontend/src/components/features/tips/random-tip.tsx(41,13): error TS17004: Cannot use JSX unless the '--jsx' flag is provided.
frontend/src/components/features/trajectory/trajectory-actions.tsx(2,10): error TS2614: Module '"#/*"' has no exported member 'I18nKey'. Did you mean to use 'import I18nKey from "#/*"' instead?
frontend/src/components/features/trajectory/trajectory-actions.tsx(6,10): error TS2614: Module '"#/*"' has no exported member 'TrajectoryActionButton'. Did you mean to use 'import TrajectoryActionButton from "#/*"' instead?
frontend/src/components/features/trajectory/trajectory-actions.tsx(24,5): error TS17004: Cannot use JSX unless the '--jsx' flag is provided.
frontend/src/components/features/trajectory/trajectory-actions.tsx(26,9): error TS17004: Cannot use JSX unless the '--jsx' flag is provided.
frontend/src/components/features/trajectory/trajectory-actions.tsx(27,11): error TS17004: Cannot use JSX unless the '--jsx' flag is provided.
frontend/src/components/features/trajectory/trajectory-actions.tsx(30,19): error TS17004: Cannot use JSX unless the '--jsx' flag is provided.
frontend/src/components/features/trajectory/trajectory-actions.tsx(33,11): error TS17004: Cannot use JSX unless the '--jsx' flag is provided.
frontend/src/components/features/trajectory/trajectory-actions.tsx(36,19): error TS17004: Cannot use JSX unless the '--jsx' flag is provided.
frontend/src/components/features/trajectory/trajectory-actions.tsx(41,7): error TS17004: Cannot use JSX unless the '--jsx' flag is provided.
frontend/src/components/features/trajectory/trajectory-actions.tsx(44,15): error TS17004: Cannot use JSX unless the '--jsx' flag is provided.
frontend/src/components/features/waitlist/auth-modal.tsx(3,10): error TS2614: Module '"#/*"' has no exported member 'I18nKey'. Did you mean to use 'import I18nKey from "#/*"' instead?
frontend/src/components/features/waitlist/auth-modal.tsx(5,10): error TS2614: Module '"#/*"' has no exported member 'ModalBackdrop'. Did you mean to use 'import ModalBackdrop from "#/*"' instead?
frontend/src/components/features/waitlist/auth-modal.tsx(6,10): error TS2614: Module '"#/*"' has no exported member 'ModalBody'. Did you mean to use 'import ModalBody from "#/*"' instead?
frontend/src/components/features/waitlist/auth-modal.tsx(7,29): error TS2835: Relative import paths need explicit file extensions in ECMAScript imports when '--moduleResolution' is 'node16' or 'nodenext'. Did you mean '../settings/brand-button.js'?
frontend/src/components/features/waitlist/auth-modal.tsx(11,10): error TS2614: Module '"#/*"' has no exported member 'useAuthUrl'. Did you mean to use 'import useAuthUrl from "#/*"' instead?
frontend/src/components/features/waitlist/auth-modal.tsx(12,10): error TS2614: Module '"#/*"' has no exported member 'GetConfigResponse'. Did you mean to use 'import GetConfigResponse from "#/*"' instead?
frontend/src/components/features/waitlist/auth-modal.tsx(13,10): error TS2614: Module '"#/*"' has no exported member 'Provider'. Did you mean to use 'import Provider from "#/*"' instead?
frontend/src/components/features/waitlist/auth-modal.tsx(99,5): error TS17004: Cannot use JSX unless the '--jsx' flag is provided.
frontend/src/components/features/waitlist/auth-modal.tsx(100,7): error TS17004: Cannot use JSX unless the '--jsx' flag is provided.
frontend/src/components/features/waitlist/auth-modal.tsx(101,9): error TS17004: Cannot use JSX unless the '--jsx' flag is provided.
frontend/src/components/features/waitlist/auth-modal.tsx(107,9): error TS17004: Cannot use JSX unless the '--jsx' flag is provided.
frontend/src/components/features/waitlist/auth-modal.tsx(108,11): error TS17004: Cannot use JSX unless the '--jsx' flag is provided.
frontend/src/components/features/waitlist/auth-modal.tsx(113,9): error TS17004: Cannot use JSX unless the '--jsx' flag is provided.
frontend/src/components/features/waitlist/auth-modal.tsx(115,13): error TS17004: Cannot use JSX unless the '--jsx' flag is provided.
frontend/src/components/features/waitlist/auth-modal.tsx(119,13): error TS17004: Cannot use JSX unless the '--jsx' flag is provided.
frontend/src/components/features/waitlist/auth-modal.tsx(121,17): error TS17004: Cannot use JSX unless the '--jsx' flag is provided.
frontend/src/components/features/waitlist/auth-modal.tsx(126,33): error TS17004: Cannot use JSX unless the '--jsx' flag is provided.
frontend/src/components/features/waitlist/auth-modal.tsx(133,17): error TS17004: Cannot use JSX unless the '--jsx' flag is provided.
frontend/src/components/features/waitlist/auth-modal.tsx(138,33): error TS17004: Cannot use JSX unless the '--jsx' flag is provided.
frontend/src/components/features/waitlist/auth-modal.tsx(145,17): error TS17004: Cannot use JSX unless the '--jsx' flag is provided.
frontend/src/components/features/waitlist/auth-modal.tsx(150,33): error TS17004: Cannot use JSX unless the '--jsx' flag is provided.
frontend/src/components/features/waitlist/auth-modal.tsx(157,17): error TS17004: Cannot use JSX unless the '--jsx' flag is provided.
frontend/src/components/features/waitlist/auth-modal.tsx(170,9): error TS17004: Cannot use JSX unless the '--jsx' flag is provided.
frontend/src/components/features/waitlist/auth-modal.tsx(175,11): error TS17004: Cannot use JSX unless the '--jsx' flag is provided.
frontend/src/components/features/waitlist/auth-modal.tsx(184,11): error TS17004: Cannot use JSX unless the '--jsx' flag is provided.
frontend/src/components/features/waitlist/reauth-modal.tsx(3,10): error TS2614: Module '"#/*"' has no exported member 'ModalBackdrop'. Did you mean to use 'import ModalBackdrop from "#/*"' instead?
frontend/src/components/features/waitlist/reauth-modal.tsx(4,10): error TS2614: Module '"#/*"' has no exported member 'ModalBody'. Did you mean to use 'import ModalBody from "#/*"' instead?
frontend/src/components/features/waitlist/reauth-modal.tsx(5,10): error TS2614: Module '"#/*"' has no exported member 'I18nKey'. Did you mean to use 'import I18nKey from "#/*"' instead?
frontend/src/components/features/waitlist/reauth-modal.tsx(12,5): error TS17004: Cannot use JSX unless the '--jsx' flag is provided.
frontend/src/components/features/waitlist/reauth-modal.tsx(13,7): error TS17004: Cannot use JSX unless the '--jsx' flag is provided.
frontend/src/components/features/waitlist/reauth-modal.tsx(14,9): error TS17004: Cannot use JSX unless the '--jsx' flag is provided.
frontend/src/components/features/waitlist/reauth-modal.tsx(20,9): error TS17004: Cannot use JSX unless the '--jsx' flag is provided.
frontend/src/components/features/waitlist/reauth-modal.tsx(21,11): error TS17004: Cannot use JSX unless the '--jsx' flag is provided.
frontend/src/components/features/waitlist/tos-checkbox.tsx(2,10): error TS2614: Module '"#/*"' has no exported member 'I18nKey'. Did you mean to use 'import I18nKey from "#/*"' instead?
frontend/src/components/features/waitlist/tos-checkbox.tsx(11,5): error TS17004: Cannot use JSX unless the '--jsx' flag is provided.
frontend/src/components/features/waitlist/tos-checkbox.tsx(12,7): error TS17004: Cannot use JSX unless the '--jsx' flag is provided.
frontend/src/components/features/waitlist/tos-checkbox.tsx(13,7): error TS17004: Cannot use JSX unless the '--jsx' flag is provided.
frontend/src/components/features/waitlist/tos-checkbox.tsx(15,9): error TS17004: Cannot use JSX unless the '--jsx' flag is provided.
frontend/src/components/landing/AnimatedBackground.tsx(2,10): error TS2614: Module '"#/*"' has no exported member 'useMousePosition'. Did you mean to use 'import useMousePosition from "#/*"' instead?
frontend/src/components/landing/AnimatedBackground.tsx(3,10): error TS2614: Module '"#/*"' has no exported member 'useScrollProgress'. Did you mean to use 'import useScrollProgress from "#/*"' instead?
frontend/src/components/landing/AnimatedBackground.tsx(4,10): error TS2614: Module '"#/*"' has no exported member 'randomInRange'. Did you mean to use 'import randomInRange from "#/*"' instead?
frontend/src/components/landing/AnimatedBackground.tsx(4,25): error TS2614: Module '"#/*"' has no exported member 'prefersReducedMotion'. Did you mean to use 'import prefersReducedMotion from "#/*"' instead?
frontend/src/components/landing/AnimatedBackground.tsx(5,26): error TS2835: Relative import paths need explicit file extensions in ECMAScript imports when '--moduleResolution' is 'node16' or 'nodenext'. Did you mean './MeshGradient.js'?
frontend/src/components/landing/AnimatedBackground.tsx(6,28): error TS2835: Relative import paths need explicit file extensions in ECMAScript imports when '--moduleResolution' is 'node16' or 'nodenext'. Did you mean './WebGLParticles.js'?
frontend/src/components/landing/AnimatedBackground.tsx(94,5): error TS17004: Cannot use JSX unless the '--jsx' flag is provided.
frontend/src/components/landing/AnimatedBackground.tsx(95,7): error TS17004: Cannot use JSX unless the '--jsx' flag is provided.
frontend/src/components/landing/AnimatedBackground.tsx(132,7): error TS17004: Cannot use JSX unless the '--jsx' flag is provided.
frontend/src/components/landing/AnimatedBackground.tsx(134,9): error TS17004: Cannot use JSX unless the '--jsx' flag is provided.
frontend/src/components/landing/AnimatedBackground.tsx(137,9): error TS17004: Cannot use JSX unless the '--jsx' flag is provided.
frontend/src/components/landing/AnimatedBackground.tsx(140,9): error TS17004: Cannot use JSX unless the '--jsx' flag is provided.
frontend/src/components/landing/AnimatedBackground.tsx(142,13): error TS17004: Cannot use JSX unless the '--jsx' flag is provided.
frontend/src/components/landing/AnimatedBackground.tsx(161,9): error TS17004: Cannot use JSX unless the '--jsx' flag is provided.
frontend/src/components/landing/AnimatedBackground.tsx(168,9): error TS17004: Cannot use JSX unless the '--jsx' flag is provided.
frontend/src/components/landing/AnimatedBackground.tsx(177,9): error TS17004: Cannot use JSX unless the '--jsx' flag is provided.
frontend/src/components/landing/AnimatedBackground.tsx(184,9): error TS17004: Cannot use JSX unless the '--jsx' flag is provided.
frontend/src/components/landing/AnimatedBackground.tsx(193,9): error TS17004: Cannot use JSX unless the '--jsx' flag is provided.
frontend/src/components/landing/AnimatedBackground.tsx(202,9): error TS17004: Cannot use JSX unless the '--jsx' flag is provided.
frontend/src/components/landing/BetaFAQ.tsx(50,5): error TS17004: Cannot use JSX unless the '--jsx' flag is provided.
frontend/src/components/landing/BetaFAQ.tsx(51,7): error TS17004: Cannot use JSX unless the '--jsx' flag is provided.
frontend/src/components/landing/BetaFAQ.tsx(52,9): error TS17004: Cannot use JSX unless the '--jsx' flag is provided.
frontend/src/components/landing/BetaFAQ.tsx(53,11): error TS17004: Cannot use JSX unless the '--jsx' flag is provided.
frontend/src/components/landing/BetaFAQ.tsx(54,13): error TS17004: Cannot use JSX unless the '--jsx' flag is provided.
frontend/src/components/landing/BetaFAQ.tsx(56,11): error TS17004: Cannot use JSX unless the '--jsx' flag is provided.
frontend/src/components/landing/BetaFAQ.tsx(59,11): error TS17004: Cannot use JSX unless the '--jsx' flag is provided.
frontend/src/components/landing/BetaFAQ.tsx(64,9): error TS17004: Cannot use JSX unless the '--jsx' flag is provided.
frontend/src/components/landing/BetaFAQ.tsx(66,13): error TS17004: Cannot use JSX unless the '--jsx' flag is provided.
frontend/src/components/landing/BetaFAQ.tsx(70,15): error TS17004: Cannot use JSX unless the '--jsx' flag is provided.
frontend/src/components/landing/BetaFAQ.tsx(74,17): error TS17004: Cannot use JSX unless the '--jsx' flag is provided.
frontend/src/components/landing/BetaFAQ.tsx(77,17): error TS17004: Cannot use JSX unless the '--jsx' flag is provided.
frontend/src/components/landing/BetaFAQ.tsx(83,15): error TS17004: Cannot use JSX unless the '--jsx' flag is provided.
frontend/src/components/landing/BetaFAQ.tsx(88,17): error TS17004: Cannot use JSX unless the '--jsx' flag is provided.
frontend/src/components/landing/BetaFAQ.tsx(96,9): error TS17004: Cannot use JSX unless the '--jsx' flag is provided.
frontend/src/components/landing/BetaFAQ.tsx(97,11): error TS17004: Cannot use JSX unless the '--jsx' flag is provided.
frontend/src/components/landing/BetaFAQ.tsx(100,11): error TS17004: Cannot use JSX unless the '--jsx' flag is provided.
frontend/src/components/landing/FeaturesGrid.tsx(14,10): error TS2614: Module '"#/*"' has no exported member 'I18nKey'. Did you mean to use 'import I18nKey from "#/*"' instead?
frontend/src/components/landing/FeaturesGrid.tsx(15,10): error TS2614: Module '"#/*"' has no exported member 'Card'. Did you mean to use 'import Card from "#/*"' instead?
frontend/src/components/landing/FeaturesGrid.tsx(15,16): error TS2614: Module '"#/*"' has no exported member 'CardContent'. Did you mean to use 'import CardContent from "#/*"' instead?
frontend/src/components/landing/FeaturesGrid.tsx(15,29): error TS2614: Module '"#/*"' has no exported member 'CardDescription'. Did you mean to use 'import CardDescription from "#/*"' instead?
frontend/src/components/landing/FeaturesGrid.tsx(15,46): error TS2614: Module '"#/*"' has no exported member 'CardHeader'. Did you mean to use 'import CardHeader from "#/*"' instead?
frontend/src/components/landing/FeaturesGrid.tsx(15,58): error TS2614: Module '"#/*"' has no exported member 'CardTitle'. Did you mean to use 'import CardTitle from "#/*"' instead?
frontend/src/components/landing/FeaturesGrid.tsx(16,10): error TS2614: Module '"#/*"' has no exported member 'Badge'. Did you mean to use 'import Badge from "#/*"' instead?
frontend/src/components/landing/FeaturesGrid.tsx(17,10): error TS2614: Module '"#/*"' has no exported member 'Button'. Did you mean to use 'import Button from "#/*"' instead?
frontend/src/components/landing/FeaturesGrid.tsx(18,10): error TS2614: Module '"#/*"' has no exported member 'Progress'. Did you mean to use 'import Progress from "#/*"' instead?
frontend/src/components/landing/FeaturesGrid.tsx(19,10): error TS2614: Module '"#/*"' has no exported member 'useScrollReveal'. Did you mean to use 'import useScrollReveal from "#/*"' instead?
frontend/src/components/landing/FeaturesGrid.tsx(173,5): error TS17004: Cannot use JSX unless the '--jsx' flag is provided.
frontend/src/components/landing/FeaturesGrid.tsx(174,7): error TS17004: Cannot use JSX unless the '--jsx' flag is provided.
frontend/src/components/landing/FeaturesGrid.tsx(176,9): error TS17004: Cannot use JSX unless the '--jsx' flag is provided.
frontend/src/components/landing/FeaturesGrid.tsx(177,11): error TS17004: Cannot use JSX unless the '--jsx' flag is provided.
frontend/src/components/landing/FeaturesGrid.tsx(178,13): error TS17004: Cannot use JSX unless the '--jsx' flag is provided.
frontend/src/components/landing/FeaturesGrid.tsx(182,15): error TS17004: Cannot use JSX unless the '--jsx' flag is provided.
frontend/src/components/landing/FeaturesGrid.tsx(185,13): error TS17004: Cannot use JSX unless the '--jsx' flag is provided.
frontend/src/components/landing/FeaturesGrid.tsx(189,15): error TS17004: Cannot use JSX unless the '--jsx' flag is provided.
frontend/src/components/landing/FeaturesGrid.tsx(194,11): error TS17004: Cannot use JSX unless the '--jsx' flag is provided.
frontend/src/components/landing/FeaturesGrid.tsx(195,13): error TS17004: Cannot use JSX unless the '--jsx' flag is provided.
frontend/src/components/landing/FeaturesGrid.tsx(198,13): error TS17004: Cannot use JSX unless the '--jsx' flag is provided.
frontend/src/components/landing/FeaturesGrid.tsx(203,11): error TS17004: Cannot use JSX unless the '--jsx' flag is provided.
frontend/src/components/landing/FeaturesGrid.tsx(207,11): error TS17004: Cannot use JSX unless the '--jsx' flag is provided.
frontend/src/components/landing/FeaturesGrid.tsx(212,13): error TS17004: Cannot use JSX unless the '--jsx' flag is provided.
frontend/src/components/landing/FeaturesGrid.tsx(217,9): error TS17004: Cannot use JSX unless the '--jsx' flag is provided.
frontend/src/components/landing/FeaturesGrid.tsx(237,15): error TS17004: Cannot use JSX unless the '--jsx' flag is provided.
frontend/src/components/landing/FeaturesGrid.tsx(250,17): error TS17004: Cannot use JSX unless the '--jsx' flag is provided.
frontend/src/components/landing/FeaturesGrid.tsx(257,17): error TS17004: Cannot use JSX unless the '--jsx' flag is provided.
frontend/src/components/landing/FeaturesGrid.tsx(258,19): error TS17004: Cannot use JSX unless the '--jsx' flag is provided.
frontend/src/components/landing/FeaturesGrid.tsx(259,21): error TS17004: Cannot use JSX unless the '--jsx' flag is provided.
frontend/src/components/landing/FeaturesGrid.tsx(260,23): error TS17004: Cannot use JSX unless the '--jsx' flag is provided.
frontend/src/components/landing/FeaturesGrid.tsx(262,21): error TS17004: Cannot use JSX unless the '--jsx' flag is provided.
frontend/src/components/landing/FeaturesGrid.tsx(270,19): error TS17004: Cannot use JSX unless the '--jsx' flag is provided.
frontend/src/components/landing/FeaturesGrid.tsx(271,21): error TS17004: Cannot use JSX unless the '--jsx' flag is provided.
frontend/src/components/landing/FeaturesGrid.tsx(274,21): error TS17004: Cannot use JSX unless the '--jsx' flag is provided.
frontend/src/components/landing/FeaturesGrid.tsx(280,17): error TS17004: Cannot use JSX unless the '--jsx' flag is provided.
frontend/src/components/landing/FeaturesGrid.tsx(281,19): error TS17004: Cannot use JSX unless the '--jsx' flag is provided.
frontend/src/components/landing/FeaturesGrid.tsx(282,21): error TS17004: Cannot use JSX unless the '--jsx' flag is provided.
frontend/src/components/landing/FeaturesGrid.tsx(283,21): error TS17004: Cannot use JSX unless the '--jsx' flag is provided.
frontend/src/components/landing/FeaturesGrid.tsx(286,19): error TS17004: Cannot use JSX unless the '--jsx' flag is provided.
frontend/src/components/landing/FeaturesGrid.tsx(287,21): error TS17004: Cannot use JSX unless the '--jsx' flag is provided.
frontend/src/components/landing/FeaturesGrid.tsx(289,23): error TS17004: Cannot use JSX unless the '--jsx' flag is provided.
frontend/src/components/landing/FeaturesGrid.tsx(293,19): error TS17004: Cannot use JSX unless the '--jsx' flag is provided.
frontend/src/components/landing/FeaturesGrid.tsx(299,21): error TS17004: Cannot use JSX unless the '--jsx' flag is provided.
frontend/src/components/landing/FinalCTA.tsx(3,10): error TS2614: Module '"#/*"' has no exported member 'useScrollReveal'. Did you mean to use 'import useScrollReveal from "#/*"' instead?
frontend/src/components/landing/FinalCTA.tsx(4,10): error TS2614: Module '"#/*"' has no exported member 'useMagneticHover'. Did you mean to use 'import useMagneticHover from "#/*"' instead?
frontend/src/components/landing/FinalCTA.tsx(5,10): error TS2614: Module '"#/*"' has no exported member 'soundEffects'. Did you mean to use 'import soundEffects from "#/*"' instead?
frontend/src/components/landing/FinalCTA.tsx(16,5): error TS17004: Cannot use JSX unless the '--jsx' flag is provided.
frontend/src/components/landing/FinalCTA.tsx(17,7): error TS17004: Cannot use JSX unless the '--jsx' flag is provided.
frontend/src/components/landing/FinalCTA.tsx(18,9): error TS17004: Cannot use JSX unless the '--jsx' flag is provided.
frontend/src/components/landing/FinalCTA.tsx(20,11): error TS17004: Cannot use JSX unless the '--jsx' flag is provided.
frontend/src/components/landing/FinalCTA.tsx(23,11): error TS17004: Cannot use JSX unless the '--jsx' flag is provided.
frontend/src/components/landing/FinalCTA.tsx(24,11): error TS17004: Cannot use JSX unless the '--jsx' flag is provided.
frontend/src/components/landing/FinalCTA.tsx(25,11): error TS17004: Cannot use JSX unless the '--jsx' flag is provided.
frontend/src/components/landing/FinalCTA.tsx(28,11): error TS17004: Cannot use JSX unless the '--jsx' flag is provided.
frontend/src/components/landing/FinalCTA.tsx(29,13): error TS17004: Cannot use JSX unless the '--jsx' flag is provided.
frontend/src/components/landing/FinalCTA.tsx(31,15): error TS17004: Cannot use JSX unless the '--jsx' flag is provided.
frontend/src/components/landing/FinalCTA.tsx(32,17): error TS17004: Cannot use JSX unless the '--jsx' flag is provided.
frontend/src/components/landing/FinalCTA.tsx(36,15): error TS17004: Cannot use JSX unless the '--jsx' flag is provided.
frontend/src/components/landing/FinalCTA.tsx(38,17): error TS17004: Cannot use JSX unless the '--jsx' flag is provided.
frontend/src/components/landing/FinalCTA.tsx(42,15): error TS17004: Cannot use JSX unless the '--jsx' flag is provided.
frontend/src/components/landing/FinalCTA.tsx(48,15): error TS17004: Cannot use JSX unless the '--jsx' flag is provided.
frontend/src/components/landing/FinalCTA.tsx(49,17): error TS17004: Cannot use JSX unless the '--jsx' flag is provided.
frontend/src/components/landing/FinalCTA.tsx(60,19): error TS17004: Cannot use JSX unless the '--jsx' flag is provided.
frontend/src/components/landing/FinalCTA.tsx(62,17): error TS17004: Cannot use JSX unless the '--jsx' flag is provided.
frontend/src/components/landing/FinalCTA.tsx(74,19): error TS17004: Cannot use JSX unless the '--jsx' flag is provided.
frontend/src/components/landing/FinalCTA.tsx(80,15): error TS17004: Cannot use JSX unless the '--jsx' flag is provided.
frontend/src/components/landing/FinalCTA.tsx(81,17): error TS17004: Cannot use JSX unless the '--jsx' flag is provided.
frontend/src/components/landing/FinalCTA.tsx(82,19): error TS17004: Cannot use JSX unless the '--jsx' flag is provided.
frontend/src/components/landing/FinalCTA.tsx(83,21): error TS17004: Cannot use JSX unless the '--jsx' flag is provided.
frontend/src/components/landing/FinalCTA.tsx(84,21): error TS17004: Cannot use JSX unless the '--jsx' flag is provided.
frontend/src/components/landing/FinalCTA.tsx(86,19): error TS17004: Cannot use JSX unless the '--jsx' flag is provided.
frontend/src/components/landing/FinalCTA.tsx(87,21): error TS17004: Cannot use JSX unless the '--jsx' flag is provided.
frontend/src/components/landing/FinalCTA.tsx(88,21): error TS17004: Cannot use JSX unless the '--jsx' flag is provided.
frontend/src/components/landing/FinalCTA.tsx(90,19): error TS17004: Cannot use JSX unless the '--jsx' flag is provided.
frontend/src/components/landing/FinalCTA.tsx(91,21): error TS17004: Cannot use JSX unless the '--jsx' flag is provided.
frontend/src/components/landing/FinalCTA.tsx(92,21): error TS17004: Cannot use JSX unless the '--jsx' flag is provided.
frontend/src/components/landing/Footer.tsx(4,10): error TS2614: Module '"#/*"' has no exported member 'I18nKey'. Did you mean to use 'import I18nKey from "#/*"' instead?
frontend/src/components/landing/Footer.tsx(10,5): error TS17004: Cannot use JSX unless the '--jsx' flag is provided.
frontend/src/components/landing/Footer.tsx(11,7): error TS17004: Cannot use JSX unless the '--jsx' flag is provided.
frontend/src/components/landing/Footer.tsx(12,9): error TS17004: Cannot use JSX unless the '--jsx' flag is provided.
frontend/src/components/landing/Footer.tsx(14,11): error TS17004: Cannot use JSX unless the '--jsx' flag is provided.
frontend/src/components/landing/Footer.tsx(15,13): error TS17004: Cannot use JSX unless the '--jsx' flag is provided.
frontend/src/components/landing/Footer.tsx(16,15): error TS17004: Cannot use JSX unless the '--jsx' flag is provided.
frontend/src/components/landing/Footer.tsx(17,17): error TS17004: Cannot use JSX unless the '--jsx' flag is provided.
frontend/src/components/landing/Footer.tsx(18,17): error TS17004: Cannot use JSX unless the '--jsx' flag is provided.
frontend/src/components/landing/Footer.tsx(20,15): error TS17004: Cannot use JSX unless the '--jsx' flag is provided.
frontend/src/components/landing/Footer.tsx(24,13): error TS17004: Cannot use JSX unless the '--jsx' flag is provided.
frontend/src/components/landing/Footer.tsx(33,11): error TS17004: Cannot use JSX unless the '--jsx' flag is provided.
frontend/src/components/landing/Footer.tsx(34,13): error TS17004: Cannot use JSX unless the '--jsx' flag is provided.
frontend/src/components/landing/Footer.tsx(37,13): error TS17004: Cannot use JSX unless the '--jsx' flag is provided.
frontend/src/components/landing/Footer.tsx(38,15): error TS17004: Cannot use JSX unless the '--jsx' flag is provided.
frontend/src/components/landing/Footer.tsx(39,17): error TS17004: Cannot use JSX unless the '--jsx' flag is provided.
frontend/src/components/landing/Footer.tsx(50,15): error TS17004: Cannot use JSX unless the '--jsx' flag is provided.
frontend/src/components/landing/Footer.tsx(51,17): error TS17004: Cannot use JSX unless the '--jsx' flag is provided.
frontend/src/components/landing/Footer.tsx(58,15): error TS17004: Cannot use JSX unless the '--jsx' flag is provided.
frontend/src/components/landing/Footer.tsx(59,17): error TS17004: Cannot use JSX unless the '--jsx' flag is provided.
frontend/src/components/landing/Footer.tsx(66,15): error TS17004: Cannot use JSX unless the '--jsx' flag is provided.
frontend/src/components/landing/Footer.tsx(67,17): error TS17004: Cannot use JSX unless the '--jsx' flag is provided.
frontend/src/components/landing/Footer.tsx(77,11): error TS17004: Cannot use JSX unless the '--jsx' flag is provided.
frontend/src/components/landing/Footer.tsx(78,13): error TS17004: Cannot use JSX unless the '--jsx' flag is provided.
frontend/src/components/landing/Footer.tsx(81,13): error TS17004: Cannot use JSX unless the '--jsx' flag is provided.
frontend/src/components/landing/Footer.tsx(82,15): error TS17004: Cannot use JSX unless the '--jsx' flag is provided.
frontend/src/components/landing/Footer.tsx(83,17): error TS17004: Cannot use JSX unless the '--jsx' flag is provided.
frontend/src/components/landing/Footer.tsx(90,15): error TS17004: Cannot use JSX unless the '--jsx' flag is provided.
frontend/src/components/landing/Footer.tsx(91,17): error TS17004: Cannot use JSX unless the '--jsx' flag is provided.
frontend/src/components/landing/Footer.tsx(98,15): error TS17004: Cannot use JSX unless the '--jsx' flag is provided.
frontend/src/components/landing/Footer.tsx(99,17): error TS17004: Cannot use JSX unless the '--jsx' flag is provided.
frontend/src/components/landing/Footer.tsx(106,15): error TS17004: Cannot use JSX unless the '--jsx' flag is provided.
frontend/src/components/landing/Footer.tsx(107,17): error TS17004: Cannot use JSX unless the '--jsx' flag is provided.
frontend/src/components/landing/Footer.tsx(117,11): error TS17004: Cannot use JSX unless the '--jsx' flag is provided.
frontend/src/components/landing/Footer.tsx(118,13): error TS17004: Cannot use JSX unless the '--jsx' flag is provided.
frontend/src/components/landing/Footer.tsx(121,13): error TS17004: Cannot use JSX unless the '--jsx' flag is provided.
frontend/src/components/landing/Footer.tsx(122,15): error TS17004: Cannot use JSX unless the '--jsx' flag is provided.
frontend/src/components/landing/Footer.tsx(129,17): error TS17004: Cannot use JSX unless the '--jsx' flag is provided.
frontend/src/components/landing/Footer.tsx(131,15): error TS17004: Cannot use JSX unless the '--jsx' flag is provided.
frontend/src/components/landing/Footer.tsx(138,17): error TS17004: Cannot use JSX unless the '--jsx' flag is provided.
frontend/src/components/landing/Footer.tsx(140,15): error TS17004: Cannot use JSX unless the '--jsx' flag is provided.
frontend/src/components/landing/Footer.tsx(147,17): error TS17004: Cannot use JSX unless the '--jsx' flag is provided.
frontend/src/components/landing/Footer.tsx(154,9): error TS17004: Cannot use JSX unless the '--jsx' flag is provided.
frontend/src/components/landing/Footer.tsx(155,11): error TS17004: Cannot use JSX unless the '--jsx' flag is provided.
frontend/src/components/landing/Footer.tsx(162,11): error TS17004: Cannot use JSX unless the '--jsx' flag is provided.
frontend/src/components/landing/Footer.tsx(163,13): error TS17004: Cannot use JSX unless the '--jsx' flag is provided.
frontend/src/components/landing/Footer.tsx(169,13): error TS17004: Cannot use JSX unless the '--jsx' flag is provided.
frontend/src/components/landing/Footer.tsx(175,13): error TS17004: Cannot use JSX unless the '--jsx' flag is provided.
frontend/src/components/landing/Header.tsx(15,10): error TS2614: Module '"#/*"' has no exported member 'I18nKey'. Did you mean to use 'import I18nKey from "#/*"' instead?
frontend/src/components/landing/Header.tsx(16,10): error TS2614: Module '"#/*"' has no exported member 'ThemeToggle'. Did you mean to use 'import ThemeToggle from "#/*"' instead?
frontend/src/components/landing/Header.tsx(17,10): error TS2614: Module '"#/*"' has no exported member 'useScrollY'. Did you mean to use 'import useScrollY from "#/*"' instead?
frontend/src/components/landing/Header.tsx(18,10): error TS2614: Module '"#/*"' has no exported member 'useCreateConversation'. Did you mean to use 'import useCreateConversation from "#/*"' instead?
frontend/src/components/landing/Header.tsx(19,10): error TS2614: Module '"#/*"' has no exported member 'useIsCreatingConversation'. Did you mean to use 'import useIsCreatingConversation from "#/*"' instead?
frontend/src/components/landing/Header.tsx(46,21): error TS7006: Parameter 'data' implicitly has an 'any' type.
frontend/src/components/landing/Header.tsx(79,5): error TS17004: Cannot use JSX unless the '--jsx' flag is provided.
frontend/src/components/landing/Header.tsx(91,7): error TS17004: Cannot use JSX unless the '--jsx' flag is provided.
frontend/src/components/landing/Header.tsx(92,9): error TS17004: Cannot use JSX unless the '--jsx' flag is provided.
frontend/src/components/landing/Header.tsx(94,11): error TS17004: Cannot use JSX unless the '--jsx' flag is provided.
frontend/src/components/landing/Header.tsx(95,13): error TS17004: Cannot use JSX unless the '--jsx' flag is provided.
frontend/src/components/landing/Header.tsx(104,11): error TS17004: Cannot use JSX unless the '--jsx' flag is provided.
frontend/src/components/landing/Header.tsx(105,13): error TS17004: Cannot use JSX unless the '--jsx' flag is provided.
frontend/src/components/landing/Header.tsx(113,15): error TS17004: Cannot use JSX unless the '--jsx' flag is provided.
frontend/src/components/landing/Header.tsx(114,15): error TS17004: Cannot use JSX unless the '--jsx' flag is provided.
frontend/src/components/landing/Header.tsx(116,13): error TS17004: Cannot use JSX unless the '--jsx' flag is provided.
frontend/src/components/landing/Header.tsx(122,15): error TS17004: Cannot use JSX unless the '--jsx' flag is provided.
frontend/src/components/landing/Header.tsx(123,15): error TS17004: Cannot use JSX unless the '--jsx' flag is provided.
frontend/src/components/landing/Header.tsx(125,13): error TS17004: Cannot use JSX unless the '--jsx' flag is provided.
frontend/src/components/landing/Header.tsx(131,15): error TS17004: Cannot use JSX unless the '--jsx' flag is provided.
frontend/src/components/landing/Header.tsx(132,15): error TS17004: Cannot use JSX unless the '--jsx' flag is provided.
frontend/src/components/landing/Header.tsx(134,13): error TS17004: Cannot use JSX unless the '--jsx' flag is provided.
frontend/src/components/landing/Header.tsx(140,15): error TS17004: Cannot use JSX unless the '--jsx' flag is provided.
frontend/src/components/landing/Header.tsx(141,15): error TS17004: Cannot use JSX unless the '--jsx' flag is provided.
frontend/src/components/landing/Header.tsx(143,13): error TS17004: Cannot use JSX unless the '--jsx' flag is provided.
frontend/src/components/landing/Header.tsx(153,15): error TS17004: Cannot use JSX unless the '--jsx' flag is provided.
frontend/src/components/landing/Header.tsx(154,15): error TS17004: Cannot use JSX unless the '--jsx' flag is provided.
frontend/src/components/landing/Header.tsx(159,11): error TS17004: Cannot use JSX unless the '--jsx' flag is provided.
frontend/src/components/landing/Header.tsx(161,15): error TS17004: Cannot use JSX unless the '--jsx' flag is provided.
frontend/src/components/landing/Header.tsx(162,17): error TS17004: Cannot use JSX unless the '--jsx' flag is provided.
frontend/src/components/landing/Header.tsx(164,17): error TS17004: Cannot use JSX unless the '--jsx' flag is provided.
frontend/src/components/landing/Header.tsx(174,19): error TS17004: Cannot use JSX unless the '--jsx' flag is provided.
frontend/src/components/landing/Header.tsx(175,19): error TS17004: Cannot use JSX unless the '--jsx' flag is provided.
frontend/src/components/landing/Header.tsx(181,17): error TS17004: Cannot use JSX unless the '--jsx' flag is provided.
frontend/src/components/landing/Header.tsx(189,19): error TS17004: Cannot use JSX unless the '--jsx' flag is provided.
frontend/src/components/landing/Header.tsx(191,17): error TS17004: Cannot use JSX unless the '--jsx' flag is provided.
frontend/src/components/landing/Header.tsx(199,19): error TS17004: Cannot use JSX unless the '--jsx' flag is provided.
frontend/src/components/landing/Header.tsx(201,17): error TS17004: Cannot use JSX unless the '--jsx' flag is provided.
frontend/src/components/landing/Header.tsx(209,19): error TS17004: Cannot use JSX unless the '--jsx' flag is provided.
frontend/src/components/landing/Header.tsx(210,19): error TS17004: Cannot use JSX unless the '--jsx' flag is provided.
frontend/src/components/landing/Header.tsx(220,13): error TS17004: Cannot use JSX unless the '--jsx' flag is provided.
frontend/src/components/landing/Header.tsx(229,15): error TS17004: Cannot use JSX unless the '--jsx' flag is provided.
frontend/src/components/landing/Header.tsx(235,11): error TS17004: Cannot use JSX unless the '--jsx' flag is provided.
frontend/src/components/landing/Header.tsx(236,13): error TS17004: Cannot use JSX unless the '--jsx' flag is provided.
frontend/src/components/landing/Header.tsx(243,13): error TS17004: Cannot use JSX unless the '--jsx' flag is provided.
frontend/src/components/landing/Header.tsx(250,13): error TS17004: Cannot use JSX unless the '--jsx' flag is provided.
frontend/src/components/landing/Header.tsx(257,13): error TS17004: Cannot use JSX unless the '--jsx' flag is provided.
frontend/src/components/landing/Header.tsx(264,13): error TS17004: Cannot use JSX unless the '--jsx' flag is provided.
frontend/src/components/landing/HeroSection.tsx(16,10): error TS2614: Module '"#/*"' has no exported member 'useCreateConversation'. Did you mean to use 'import useCreateConversation from "#/*"' instead?
frontend/src/components/landing/HeroSection.tsx(17,10): error TS2614: Module '"#/*"' has no exported member 'I18nKey'. Did you mean to use 'import I18nKey from "#/*"' instead?
frontend/src/components/landing/HeroSection.tsx(19,10): error TS2614: Module '"#/*"' has no exported member 'Button'. Did you mean to use 'import Button from "#/*"' instead?
frontend/src/components/landing/HeroSection.tsx(20,10): error TS2614: Module '"#/*"' has no exported member 'Badge'. Did you mean to use 'import Badge from "#/*"' instead?
frontend/src/components/landing/HeroSection.tsx(21,10): error TS2614: Module '"#/*"' has no exported member 'Card'. Did you mean to use 'import Card from "#/*"' instead?
frontend/src/components/landing/HeroSection.tsx(21,16): error TS2614: Module '"#/*"' has no exported member 'CardContent'. Did you mean to use 'import CardContent from "#/*"' instead?
frontend/src/components/landing/HeroSection.tsx(22,10): error TS2614: Module '"#/*"' has no exported member 'Progress'. Did you mean to use 'import Progress from "#/*"' instead?
frontend/src/components/landing/HeroSection.tsx(23,10): error TS2614: Module '"#/*"' has no exported member 'Tabs'. Did you mean to use 'import Tabs from "#/*"' instead?
frontend/src/components/landing/HeroSection.tsx(23,16): error TS2614: Module '"#/*"' has no exported member 'TabsContent'. Did you mean to use 'import TabsContent from "#/*"' instead?
frontend/src/components/landing/HeroSection.tsx(23,29): error TS2614: Module '"#/*"' has no exported member 'TabsList'. Did you mean to use 'import TabsList from "#/*"' instead?
frontend/src/components/landing/HeroSection.tsx(23,39): error TS2614: Module '"#/*"' has no exported member 'TabsTrigger'. Did you mean to use 'import TabsTrigger from "#/*"' instead?
frontend/src/components/landing/HeroSection.tsx(24,10): error TS2614: Module '"#/*"' has no exported member 'useMagneticHover'. Did you mean to use 'import useMagneticHover from "#/*"' instead?
frontend/src/components/landing/HeroSection.tsx(25,10): error TS2614: Module '"#/*"' has no exported member 'soundEffects'. Did you mean to use 'import soundEffects from "#/*"' instead?
frontend/src/components/landing/HeroSection.tsx(85,21): error TS7006: Parameter 'data' implicitly has an 'any' type.
frontend/src/components/landing/HeroSection.tsx(130,5): error TS17004: Cannot use JSX unless the '--jsx' flag is provided.
frontend/src/components/landing/HeroSection.tsx(135,7): error TS17004: Cannot use JSX unless the '--jsx' flag is provided.
frontend/src/components/landing/HeroSection.tsx(136,9): error TS17004: Cannot use JSX unless the '--jsx' flag is provided.
frontend/src/components/landing/HeroSection.tsx(138,11): error TS17004: Cannot use JSX unless the '--jsx' flag is provided.
frontend/src/components/landing/HeroSection.tsx(140,13): error TS17004: Cannot use JSX unless the '--jsx' flag is provided.
frontend/src/components/landing/HeroSection.tsx(141,15): error TS17004: Cannot use JSX unless the '--jsx' flag is provided.
frontend/src/components/landing/HeroSection.tsx(145,17): error TS17004: Cannot use JSX unless the '--jsx' flag is provided.
frontend/src/components/landing/HeroSection.tsx(148,15): error TS17004: Cannot use JSX unless the '--jsx' flag is provided.
frontend/src/components/landing/HeroSection.tsx(152,17): error TS17004: Cannot use JSX unless the '--jsx' flag is provided.
frontend/src/components/landing/HeroSection.tsx(158,13): error TS17004: Cannot use JSX unless the '--jsx' flag is provided.
frontend/src/components/landing/HeroSection.tsx(159,15): error TS17004: Cannot use JSX unless the '--jsx' flag is provided.
frontend/src/components/landing/HeroSection.tsx(160,17): error TS17004: Cannot use JSX unless the '--jsx' flag is provided.
frontend/src/components/landing/HeroSection.tsx(165,17): error TS17004: Cannot use JSX unless the '--jsx' flag is provided.
frontend/src/components/landing/HeroSection.tsx(166,17): error TS17004: Cannot use JSX unless the '--jsx' flag is provided.
frontend/src/components/landing/HeroSection.tsx(171,13): error TS17004: Cannot use JSX unless the '--jsx' flag is provided.
frontend/src/components/landing/HeroSection.tsx(175,15): error TS17004: Cannot use JSX unless the '--jsx' flag is provided.
frontend/src/components/landing/HeroSection.tsx(178,15): error TS17004: Cannot use JSX unless the '--jsx' flag is provided.
frontend/src/components/landing/HeroSection.tsx(180,32): error TS17004: Cannot use JSX unless the '--jsx' flag is provided.
frontend/src/components/landing/HeroSection.tsx(185,13): error TS17004: Cannot use JSX unless the '--jsx' flag is provided.
frontend/src/components/landing/HeroSection.tsx(190,13): error TS17004: Cannot use JSX unless the '--jsx' flag is provided.
frontend/src/components/landing/HeroSection.tsx(191,15): error TS17004: Cannot use JSX unless the '--jsx' flag is provided.
frontend/src/components/landing/HeroSection.tsx(202,19): error TS17004: Cannot use JSX unless the '--jsx' flag is provided.
frontend/src/components/landing/HeroSection.tsx(203,21): error TS17004: Cannot use JSX unless the '--jsx' flag is provided.
frontend/src/components/landing/HeroSection.tsx(207,19): error TS17004: Cannot use JSX unless the '--jsx' flag is provided.
frontend/src/components/landing/HeroSection.tsx(209,21): error TS17004: Cannot use JSX unless the '--jsx' flag is provided.
frontend/src/components/landing/HeroSection.tsx(214,15): error TS17004: Cannot use JSX unless the '--jsx' flag is provided.
frontend/src/components/landing/HeroSection.tsx(223,17): error TS17004: Cannot use JSX unless the '--jsx' flag is provided.
frontend/src/components/landing/HeroSection.tsx(229,13): error TS17004: Cannot use JSX unless the '--jsx' flag is provided.
frontend/src/components/landing/HeroSection.tsx(230,15): error TS17004: Cannot use JSX unless the '--jsx' flag is provided.
frontend/src/components/landing/HeroSection.tsx(231,17): error TS17004: Cannot use JSX unless the '--jsx' flag is provided.
frontend/src/components/landing/HeroSection.tsx(232,17): error TS17004: Cannot use JSX unless the '--jsx' flag is provided.
frontend/src/components/landing/HeroSection.tsx(236,15): error TS17004: Cannot use JSX unless the '--jsx' flag is provided.
frontend/src/components/landing/HeroSection.tsx(237,17): error TS17004: Cannot use JSX unless the '--jsx' flag is provided.
frontend/src/components/landing/HeroSection.tsx(238,17): error TS17004: Cannot use JSX unless the '--jsx' flag is provided.
frontend/src/components/landing/HeroSection.tsx(242,15): error TS17004: Cannot use JSX unless the '--jsx' flag is provided.
frontend/src/components/landing/HeroSection.tsx(243,17): error TS17004: Cannot use JSX unless the '--jsx' flag is provided.
frontend/src/components/landing/HeroSection.tsx(244,17): error TS17004: Cannot use JSX unless the '--jsx' flag is provided.
frontend/src/components/landing/HeroSection.tsx(251,13): error TS17004: Cannot use JSX unless the '--jsx' flag is provided.
frontend/src/components/landing/HeroSection.tsx(252,15): error TS17004: Cannot use JSX unless the '--jsx' flag is provided.
frontend/src/components/landing/HeroSection.tsx(253,17): error TS17004: Cannot use JSX unless the '--jsx' flag is provided.
frontend/src/components/landing/HeroSection.tsx(254,17): error TS17004: Cannot use JSX unless the '--jsx' flag is provided.
frontend/src/components/landing/HeroSection.tsx(256,15): error TS17004: Cannot use JSX unless the '--jsx' flag is provided.
frontend/src/components/landing/HeroSection.tsx(257,15): error TS17004: Cannot use JSX unless the '--jsx' flag is provided.
frontend/src/components/landing/HeroSection.tsx(258,17): error TS17004: Cannot use JSX unless the '--jsx' flag is provided.
frontend/src/components/landing/HeroSection.tsx(259,17): error TS17004: Cannot use JSX unless the '--jsx' flag is provided.
frontend/src/components/landing/HeroSection.tsx(261,15): error TS17004: Cannot use JSX unless the '--jsx' flag is provided.
frontend/src/components/landing/HeroSection.tsx(262,15): error TS17004: Cannot use JSX unless the '--jsx' flag is provided.
frontend/src/components/landing/HeroSection.tsx(263,17): error TS17004: Cannot use JSX unless the '--jsx' flag is provided.
frontend/src/components/landing/HeroSection.tsx(264,17): error TS17004: Cannot use JSX unless the '--jsx' flag is provided.
frontend/src/components/landing/HeroSection.tsx(270,11): error TS17004: Cannot use JSX unless the '--jsx' flag is provided.
frontend/src/components/landing/HeroSection.tsx(276,13): error TS17004: Cannot use JSX unless the '--jsx' flag is provided.
frontend/src/components/landing/HeroSection.tsx(282,15): error TS17004: Cannot use JSX unless the '--jsx' flag is provided.
frontend/src/components/landing/HeroSection.tsx(283,17): error TS17004: Cannot use JSX unless the '--jsx' flag is provided.
frontend/src/components/landing/HeroSection.tsx(284,19): error TS17004: Cannot use JSX unless the '--jsx' flag is provided.
frontend/src/components/landing/HeroSection.tsx(289,21): error TS17004: Cannot use JSX unless the '--jsx' flag is provided.
frontend/src/components/landing/HeroSection.tsx(290,23): error TS17004: Cannot use JSX unless the '--jsx' flag is provided.
frontend/src/components/landing/HeroSection.tsx(294,25): error TS17004: Cannot use JSX unless the '--jsx' flag is provided.
frontend/src/components/landing/HeroSection.tsx(297,23): error TS17004: Cannot use JSX unless the '--jsx' flag is provided.
frontend/src/components/landing/HeroSection.tsx(301,25): error TS17004: Cannot use JSX unless the '--jsx' flag is provided.
frontend/src/components/landing/HeroSection.tsx(304,23): error TS17004: Cannot use JSX unless the '--jsx' flag is provided.
frontend/src/components/landing/HeroSection.tsx(308,25): error TS17004: Cannot use JSX unless the '--jsx' flag is provided.
frontend/src/components/landing/HeroSection.tsx(313,21): error TS17004: Cannot use JSX unless the '--jsx' flag is provided.
frontend/src/components/landing/HeroSection.tsx(314,23): error TS17004: Cannot use JSX unless the '--jsx' flag is provided.
frontend/src/components/landing/HeroSection.tsx(315,25): error TS17004: Cannot use JSX unless the '--jsx' flag is provided.
frontend/src/components/landing/HeroSection.tsx(316,27): error TS17004: Cannot use JSX unless the '--jsx' flag is provided.
frontend/src/components/landing/HeroSection.tsx(317,29): error TS17004: Cannot use JSX unless the '--jsx' flag is provided.
frontend/src/components/landing/HeroSection.tsx(318,29): error TS17004: Cannot use JSX unless the '--jsx' flag is provided.
frontend/src/components/landing/HeroSection.tsx(319,29): error TS17004: Cannot use JSX unless the '--jsx' flag is provided.
frontend/src/components/landing/HeroSection.tsx(320,29): error TS17004: Cannot use JSX unless the '--jsx' flag is provided.
frontend/src/components/landing/HeroSection.tsx(324,27): error TS17004: Cannot use JSX unless the '--jsx' flag is provided.
frontend/src/components/landing/HeroSection.tsx(325,29): error TS17004: Cannot use JSX unless the '--jsx' flag is provided.
frontend/src/components/landing/HeroSection.tsx(328,29): error TS17004: Cannot use JSX unless the '--jsx' flag is provided.
frontend/src/components/landing/HeroSection.tsx(332,29): error TS17004: Cannot use JSX unless the '--jsx' flag is provided.
frontend/src/components/landing/HeroSection.tsx(335,29): error TS17004: Cannot use JSX unless the '--jsx' flag is provided.
frontend/src/components/landing/HeroSection.tsx(338,29): error TS17004: Cannot use JSX unless the '--jsx' flag is provided.
frontend/src/components/landing/HeroSection.tsx(341,25): error TS17004: Cannot use JSX unless the '--jsx' flag is provided.
frontend/src/components/landing/HeroSection.tsx(342,27): error TS17004: Cannot use JSX unless the '--jsx' flag is provided.
frontend/src/components/landing/HeroSection.tsx(343,29): error TS17004: Cannot use JSX unless the '--jsx' flag is provided.
frontend/src/components/landing/HeroSection.tsx(347,29): error TS17004: Cannot use JSX unless the '--jsx' flag is provided.
frontend/src/components/landing/HeroSection.tsx(349,27): error TS17004: Cannot use JSX unless the '--jsx' flag is provided.
frontend/src/components/landing/HeroSection.tsx(356,21): error TS17004: Cannot use JSX unless the '--jsx' flag is provided.
frontend/src/components/landing/HeroSection.tsx(357,23): error TS17004: Cannot use JSX unless the '--jsx' flag is provided.
frontend/src/components/landing/HeroSection.tsx(358,25): error TS17004: Cannot use JSX unless the '--jsx' flag is provided.
frontend/src/components/landing/HeroSection.tsx(359,27): error TS17004: Cannot use JSX unless the '--jsx' flag is provided.
frontend/src/components/landing/HeroSection.tsx(360,29): error TS17004: Cannot use JSX unless the '--jsx' flag is provided.
frontend/src/components/landing/HeroSection.tsx(361,29): error TS17004: Cannot use JSX unless the '--jsx' flag is provided.
frontend/src/components/landing/HeroSection.tsx(365,27): error TS17004: Cannot use JSX unless the '--jsx' flag is provided.
frontend/src/components/landing/HeroSection.tsx(367,31): error TS17004: Cannot use JSX unless the '--jsx' flag is provided.
frontend/src/components/landing/HeroSection.tsx(368,33): error TS17004: Cannot use JSX unless the '--jsx' flag is provided.
frontend/src/components/landing/HeroSection.tsx(369,33): error TS17004: Cannot use JSX unless the '--jsx' flag is provided.
frontend/src/components/landing/HeroSection.tsx(374,25): error TS17004: Cannot use JSX unless the '--jsx' flag is provided.
frontend/src/components/landing/HeroSection.tsx(375,27): error TS17004: Cannot use JSX unless the '--jsx' flag is provided.
frontend/src/components/landing/HeroSection.tsx(378,27): error TS17004: Cannot use JSX unless the '--jsx' flag is provided.
frontend/src/components/landing/HeroSection.tsx(385,21): error TS17004: Cannot use JSX unless the '--jsx' flag is provided.
frontend/src/components/landing/HeroSection.tsx(386,23): error TS17004: Cannot use JSX unless the '--jsx' flag is provided.
frontend/src/components/landing/HeroSection.tsx(387,25): error TS17004: Cannot use JSX unless the '--jsx' flag is provided.
frontend/src/components/landing/HeroSection.tsx(388,27): error TS17004: Cannot use JSX unless the '--jsx' flag is provided.
frontend/src/components/landing/HeroSection.tsx(389,29): error TS17004: Cannot use JSX unless the '--jsx' flag is provided.
frontend/src/components/landing/HeroSection.tsx(390,29): error TS17004: Cannot use JSX unless the '--jsx' flag is provided.
frontend/src/components/landing/HeroSection.tsx(394,27): error TS17004: Cannot use JSX unless the '--jsx' flag is provided.
frontend/src/components/landing/HeroSection.tsx(396,31): error TS17004: Cannot use JSX unless the '--jsx' flag is provided.
frontend/src/components/landing/HeroSection.tsx(397,33): error TS17004: Cannot use JSX unless the '--jsx' flag is provided.
frontend/src/components/landing/HeroSection.tsx(398,33): error TS17004: Cannot use JSX unless the '--jsx' flag is provided.
frontend/src/components/landing/HeroSection.tsx(403,25): error TS17004: Cannot use JSX unless the '--jsx' flag is provided.
frontend/src/components/landing/HeroSection.tsx(404,27): error TS17004: Cannot use JSX unless the '--jsx' flag is provided.
frontend/src/components/landing/HeroSection.tsx(407,27): error TS17004: Cannot use JSX unless the '--jsx' flag is provided.
frontend/src/components/landing/HeroSection.tsx(419,13): error TS17004: Cannot use JSX unless the '--jsx' flag is provided.
frontend/src/components/landing/HeroSection.tsx(420,13): error TS17004: Cannot use JSX unless the '--jsx' flag is provided.
frontend/src/components/landing/HeroSection.tsx(421,13): error TS17004: Cannot use JSX unless the '--jsx' flag is provided.
frontend/src/components/landing/HeroSection.tsx(426,9): error TS17004: Cannot use JSX unless the '--jsx' flag is provided.
frontend/src/components/landing/HeroSection.tsx(427,11): error TS17004: Cannot use JSX unless the '--jsx' flag is provided.
frontend/src/components/landing/HeroSection.tsx(428,13): error TS17004: Cannot use JSX unless the '--jsx' flag is provided.
frontend/src/components/landing/HeroSection.tsx(429,15): error TS17004: Cannot use JSX unless the '--jsx' flag is provided.
frontend/src/components/landing/HeroSection.tsx(432,15): error TS17004: Cannot use JSX unless the '--jsx' flag is provided.
frontend/src/components/landing/HeroSection.tsx(440,11): error TS17004: Cannot use JSX unless the '--jsx' flag is provided.
frontend/src/components/landing/HeroSection.tsx(441,13): error TS17004: Cannot use JSX unless the '--jsx' flag is provided.
frontend/src/components/landing/HeroSection.tsx(442,15): error TS17004: Cannot use JSX unless the '--jsx' flag is provided.
frontend/src/components/landing/HeroSection.tsx(445,15): error TS17004: Cannot use JSX unless the '--jsx' flag is provided.
frontend/src/components/landing/HeroSection.tsx(453,11): error TS17004: Cannot use JSX unless the '--jsx' flag is provided.
frontend/src/components/landing/HeroSection.tsx(454,13): error TS17004: Cannot use JSX unless the '--jsx' flag is provided.
frontend/src/components/landing/HeroSection.tsx(455,15): error TS17004: Cannot use JSX unless the '--jsx' flag is provided.
frontend/src/components/landing/HeroSection.tsx(458,15): error TS17004: Cannot use JSX unless the '--jsx' flag is provided.
frontend/src/components/landing/InteractiveDemoSection.tsx(3,10): error TS2614: Module '"#/*"' has no exported member 'Card'. Did you mean to use 'import Card from "#/*"' instead?
frontend/src/components/landing/InteractiveDemoSection.tsx(3,16): error TS2614: Module '"#/*"' has no exported member 'CardContent'. Did you mean to use 'import CardContent from "#/*"' instead?
frontend/src/components/landing/InteractiveDemoSection.tsx(4,10): error TS2614: Module '"#/*"' has no exported member 'Tabs'. Did you mean to use 'import Tabs from "#/*"' instead?
frontend/src/components/landing/InteractiveDemoSection.tsx(4,16): error TS2614: Module '"#/*"' has no exported member 'TabsContent'. Did you mean to use 'import TabsContent from "#/*"' instead?
frontend/src/components/landing/InteractiveDemoSection.tsx(4,29): error TS2614: Module '"#/*"' has no exported member 'TabsList'. Did you mean to use 'import TabsList from "#/*"' instead?
frontend/src/components/landing/InteractiveDemoSection.tsx(4,39): error TS2614: Module '"#/*"' has no exported member 'TabsTrigger'. Did you mean to use 'import TabsTrigger from "#/*"' instead?
frontend/src/components/landing/InteractiveDemoSection.tsx(5,10): error TS2614: Module '"#/*"' has no exported member 'Badge'. Did you mean to use 'import Badge from "#/*"' instead?
frontend/src/components/landing/InteractiveDemoSection.tsx(6,10): error TS2614: Module '"#/*"' has no exported member 'useScrollReveal'. Did you mean to use 'import useScrollReveal from "#/*"' instead?
frontend/src/components/landing/InteractiveDemoSection.tsx(75,5): error TS17004: Cannot use JSX unless the '--jsx' flag is provided.
frontend/src/components/landing/InteractiveDemoSection.tsx(76,7): error TS17004: Cannot use JSX unless the '--jsx' flag is provided.
frontend/src/components/landing/InteractiveDemoSection.tsx(78,9): error TS17004: Cannot use JSX unless the '--jsx' flag is provided.
frontend/src/components/landing/InteractiveDemoSection.tsx(79,11): error TS17004: Cannot use JSX unless the '--jsx' flag is provided.
frontend/src/components/landing/InteractiveDemoSection.tsx(83,13): error TS17004: Cannot use JSX unless the '--jsx' flag is provided.
frontend/src/components/landing/InteractiveDemoSection.tsx(87,11): error TS17004: Cannot use JSX unless the '--jsx' flag is provided.
frontend/src/components/landing/InteractiveDemoSection.tsx(88,13): error TS17004: Cannot use JSX unless the '--jsx' flag is provided.
frontend/src/components/landing/InteractiveDemoSection.tsx(91,13): error TS17004: Cannot use JSX unless the '--jsx' flag is provided.
frontend/src/components/landing/InteractiveDemoSection.tsx(96,11): error TS17004: Cannot use JSX unless the '--jsx' flag is provided.
frontend/src/components/landing/InteractiveDemoSection.tsx(102,9): error TS17004: Cannot use JSX unless the '--jsx' flag is provided.
frontend/src/components/landing/InteractiveDemoSection.tsx(103,11): error TS17004: Cannot use JSX unless the '--jsx' flag is provided.
frontend/src/components/landing/InteractiveDemoSection.tsx(104,13): error TS17004: Cannot use JSX unless the '--jsx' flag is provided.
frontend/src/components/landing/InteractiveDemoSection.tsx(106,15): error TS17004: Cannot use JSX unless the '--jsx' flag is provided.
frontend/src/components/landing/InteractiveDemoSection.tsx(107,17): error TS17004: Cannot use JSX unless the '--jsx' flag is provided.
frontend/src/components/landing/InteractiveDemoSection.tsx(108,19): error TS17004: Cannot use JSX unless the '--jsx' flag is provided.
frontend/src/components/landing/InteractiveDemoSection.tsx(112,21): error TS17004: Cannot use JSX unless the '--jsx' flag is provided.
frontend/src/components/landing/InteractiveDemoSection.tsx(115,19): error TS17004: Cannot use JSX unless the '--jsx' flag is provided.
frontend/src/components/landing/InteractiveDemoSection.tsx(119,21): error TS17004: Cannot use JSX unless the '--jsx' flag is provided.
frontend/src/components/landing/InteractiveDemoSection.tsx(122,19): error TS17004: Cannot use JSX unless the '--jsx' flag is provided.
frontend/src/components/landing/InteractiveDemoSection.tsx(126,21): error TS17004: Cannot use JSX unless the '--jsx' flag is provided.
frontend/src/components/landing/InteractiveDemoSection.tsx(133,15): error TS17004: Cannot use JSX unless the '--jsx' flag is provided.
frontend/src/components/landing/InteractiveDemoSection.tsx(134,17): error TS17004: Cannot use JSX unless the '--jsx' flag is provided.
frontend/src/components/landing/InteractiveDemoSection.tsx(135,19): error TS17004: Cannot use JSX unless the '--jsx' flag is provided.
frontend/src/components/landing/InteractiveDemoSection.tsx(136,21): error TS17004: Cannot use JSX unless the '--jsx' flag is provided.
frontend/src/components/landing/InteractiveDemoSection.tsx(137,23): error TS17004: Cannot use JSX unless the '--jsx' flag is provided.
frontend/src/components/landing/InteractiveDemoSection.tsx(138,23): error TS17004: Cannot use JSX unless the '--jsx' flag is provided.
frontend/src/components/landing/InteractiveDemoSection.tsx(139,23): error TS17004: Cannot use JSX unless the '--jsx' flag is provided.
frontend/src/components/landing/InteractiveDemoSection.tsx(141,21): error TS17004: Cannot use JSX unless the '--jsx' flag is provided.
frontend/src/components/landing/InteractiveDemoSection.tsx(144,21): error TS17004: Cannot use JSX unless the '--jsx' flag is provided.
frontend/src/components/landing/InteractiveDemoSection.tsx(149,19): error TS17004: Cannot use JSX unless the '--jsx' flag is provided.
frontend/src/components/landing/InteractiveDemoSection.tsx(150,21): error TS17004: Cannot use JSX unless the '--jsx' flag is provided.
frontend/src/components/landing/InteractiveDemoSection.tsx(152,23): error TS17004: Cannot use JSX unless the '--jsx' flag is provided.
frontend/src/components/landing/InteractiveDemoSection.tsx(159,15): error TS17004: Cannot use JSX unless the '--jsx' flag is provided.
frontend/src/components/landing/InteractiveDemoSection.tsx(160,17): error TS17004: Cannot use JSX unless the '--jsx' flag is provided.
frontend/src/components/landing/InteractiveDemoSection.tsx(161,19): error TS17004: Cannot use JSX unless the '--jsx' flag is provided.
frontend/src/components/landing/InteractiveDemoSection.tsx(162,21): error TS17004: Cannot use JSX unless the '--jsx' flag is provided.
frontend/src/components/landing/InteractiveDemoSection.tsx(163,21): error TS17004: Cannot use JSX unless the '--jsx' flag is provided.
frontend/src/components/landing/InteractiveDemoSection.tsx(168,19): error TS17004: Cannot use JSX unless the '--jsx' flag is provided.
frontend/src/components/landing/InteractiveDemoSection.tsx(170,23): error TS17004: Cannot use JSX unless the '--jsx' flag is provided.
frontend/src/components/landing/InteractiveDemoSection.tsx(176,27): error TS17004: Cannot use JSX unless the '--jsx' flag is provided.
frontend/src/components/landing/InteractiveDemoSection.tsx(178,27): error TS17004: Cannot use JSX unless the '--jsx' flag is provided.
frontend/src/components/landing/InteractiveDemoSection.tsx(180,27): error TS17004: Cannot use JSX unless the '--jsx' flag is provided.
frontend/src/components/landing/InteractiveDemoSection.tsx(185,23): error TS17004: Cannot use JSX unless the '--jsx' flag is provided.
frontend/src/components/landing/InteractiveDemoSection.tsx(192,15): error TS17004: Cannot use JSX unless the '--jsx' flag is provided.
frontend/src/components/landing/InteractiveDemoSection.tsx(193,17): error TS17004: Cannot use JSX unless the '--jsx' flag is provided.
frontend/src/components/landing/InteractiveDemoSection.tsx(194,19): error TS17004: Cannot use JSX unless the '--jsx' flag is provided.
frontend/src/components/landing/InteractiveDemoSection.tsx(195,21): error TS17004: Cannot use JSX unless the '--jsx' flag is provided.
frontend/src/components/landing/InteractiveDemoSection.tsx(196,23): error TS17004: Cannot use JSX unless the '--jsx' flag is provided.
frontend/src/components/landing/InteractiveDemoSection.tsx(198,21): error TS17004: Cannot use JSX unless the '--jsx' flag is provided.
frontend/src/components/landing/InteractiveDemoSection.tsx(201,21): error TS17004: Cannot use JSX unless the '--jsx' flag is provided.
frontend/src/components/landing/MeshGradient.tsx(2,10): error TS2614: Module '"#/*"' has no exported member 'useScrollProgress'. Did you mean to use 'import useScrollProgress from "#/*"' instead?
frontend/src/components/landing/MeshGradient.tsx(106,5): error TS17004: Cannot use JSX unless the '--jsx' flag is provided.
frontend/src/components/landing/MetaSOPShowcase.tsx(13,10): error TS2614: Module '"#/*"' has no exported member 'Card'. Did you mean to use 'import Card from "#/*"' instead?
frontend/src/components/landing/MetaSOPShowcase.tsx(13,16): error TS2614: Module '"#/*"' has no exported member 'CardContent'. Did you mean to use 'import CardContent from "#/*"' instead?
frontend/src/components/landing/MetaSOPShowcase.tsx(13,29): error TS2614: Module '"#/*"' has no exported member 'CardHeader'. Did you mean to use 'import CardHeader from "#/*"' instead?
frontend/src/components/landing/MetaSOPShowcase.tsx(13,41): error TS2614: Module '"#/*"' has no exported member 'CardTitle'. Did you mean to use 'import CardTitle from "#/*"' instead?
frontend/src/components/landing/MetaSOPShowcase.tsx(14,10): error TS2614: Module '"#/*"' has no exported member 'Badge'. Did you mean to use 'import Badge from "#/*"' instead?
frontend/src/components/landing/MetaSOPShowcase.tsx(15,10): error TS2614: Module '"#/*"' has no exported member 'Button'. Did you mean to use 'import Button from "#/*"' instead?
frontend/src/components/landing/MetaSOPShowcase.tsx(123,5): error TS17004: Cannot use JSX unless the '--jsx' flag is provided.
frontend/src/components/landing/MetaSOPShowcase.tsx(125,7): error TS17004: Cannot use JSX unless the '--jsx' flag is provided.
frontend/src/components/landing/MetaSOPShowcase.tsx(126,7): error TS17004: Cannot use JSX unless the '--jsx' flag is provided.
frontend/src/components/landing/MetaSOPShowcase.tsx(128,7): error TS17004: Cannot use JSX unless the '--jsx' flag is provided.
frontend/src/components/landing/MetaSOPShowcase.tsx(130,9): error TS17004: Cannot use JSX unless the '--jsx' flag is provided.
frontend/src/components/landing/MetaSOPShowcase.tsx(131,11): error TS17004: Cannot use JSX unless the '--jsx' flag is provided.
frontend/src/components/landing/MetaSOPShowcase.tsx(135,13): error TS17004: Cannot use JSX unless the '--jsx' flag is provided.
frontend/src/components/landing/MetaSOPShowcase.tsx(139,11): error TS17004: Cannot use JSX unless the '--jsx' flag is provided.
frontend/src/components/landing/MetaSOPShowcase.tsx(140,13): error TS17004: Cannot use JSX unless the '--jsx' flag is provided.
frontend/src/components/landing/MetaSOPShowcase.tsx(143,13): error TS17004: Cannot use JSX unless the '--jsx' flag is provided.
frontend/src/components/landing/MetaSOPShowcase.tsx(146,11): error TS17004: Cannot use JSX unless the '--jsx' flag is provided.
frontend/src/components/landing/MetaSOPShowcase.tsx(154,9): error TS17004: Cannot use JSX unless the '--jsx' flag is provided.
frontend/src/components/landing/MetaSOPShowcase.tsx(156,11): error TS17004: Cannot use JSX unless the '--jsx' flag is provided.
frontend/src/components/landing/MetaSOPShowcase.tsx(164,17): error TS17004: Cannot use JSX unless the '--jsx' flag is provided.
frontend/src/components/landing/MetaSOPShowcase.tsx(175,19): error TS17004: Cannot use JSX unless the '--jsx' flag is provided.
frontend/src/components/landing/MetaSOPShowcase.tsx(176,21): error TS17004: Cannot use JSX unless the '--jsx' flag is provided.
frontend/src/components/landing/MetaSOPShowcase.tsx(178,23): error TS17004: Cannot use JSX unless the '--jsx' flag is provided.
frontend/src/components/landing/MetaSOPShowcase.tsx(188,27): error TS17004: Cannot use JSX unless the '--jsx' flag is provided.
frontend/src/components/landing/MetaSOPShowcase.tsx(190,27): error TS17004: Cannot use JSX unless the '--jsx' flag is provided.
frontend/src/components/landing/MetaSOPShowcase.tsx(197,23): error TS17004: Cannot use JSX unless the '--jsx' flag is provided.
frontend/src/components/landing/MetaSOPShowcase.tsx(198,25): error TS17004: Cannot use JSX unless the '--jsx' flag is provided.
frontend/src/components/landing/MetaSOPShowcase.tsx(199,27): error TS17004: Cannot use JSX unless the '--jsx' flag is provided.
frontend/src/components/landing/MetaSOPShowcase.tsx(205,29): error TS17004: Cannot use JSX unless the '--jsx' flag is provided.
frontend/src/components/landing/MetaSOPShowcase.tsx(209,31): error TS17004: Cannot use JSX unless the '--jsx' flag is provided.
frontend/src/components/landing/MetaSOPShowcase.tsx(214,25): error TS17004: Cannot use JSX unless the '--jsx' flag is provided.
frontend/src/components/landing/MetaSOPShowcase.tsx(217,25): error TS17004: Cannot use JSX unless the '--jsx' flag is provided.
frontend/src/components/landing/MetaSOPShowcase.tsx(223,27): error TS17004: Cannot use JSX unless the '--jsx' flag is provided.
frontend/src/components/landing/MetaSOPShowcase.tsx(224,29): error TS17004: Cannot use JSX unless the '--jsx' flag is provided.
frontend/src/components/landing/MetaSOPShowcase.tsx(225,31): error TS17004: Cannot use JSX unless the '--jsx' flag is provided.
frontend/src/components/landing/MetaSOPShowcase.tsx(241,11): error TS17004: Cannot use JSX unless the '--jsx' flag is provided.
frontend/src/components/landing/MetaSOPShowcase.tsx(242,13): error TS17004: Cannot use JSX unless the '--jsx' flag is provided.
frontend/src/components/landing/MetaSOPShowcase.tsx(243,15): error TS17004: Cannot use JSX unless the '--jsx' flag is provided.
frontend/src/components/landing/MetaSOPShowcase.tsx(244,17): error TS17004: Cannot use JSX unless the '--jsx' flag is provided.
frontend/src/components/landing/MetaSOPShowcase.tsx(245,19): error TS17004: Cannot use JSX unless the '--jsx' flag is provided.
frontend/src/components/landing/MetaSOPShowcase.tsx(247,17): error TS17004: Cannot use JSX unless the '--jsx' flag is provided.
frontend/src/components/landing/MetaSOPShowcase.tsx(248,19): error TS17004: Cannot use JSX unless the '--jsx' flag is provided.
frontend/src/components/landing/MetaSOPShowcase.tsx(251,19): error TS17004: Cannot use JSX unless the '--jsx' flag is provided.
frontend/src/components/landing/MetaSOPShowcase.tsx(257,13): error TS17004: Cannot use JSX unless the '--jsx' flag is provided.
frontend/src/components/landing/MetaSOPShowcase.tsx(259,15): error TS17004: Cannot use JSX unless the '--jsx' flag is provided.
frontend/src/components/landing/MetaSOPShowcase.tsx(260,17): error TS17004: Cannot use JSX unless the '--jsx' flag is provided.
frontend/src/components/landing/MetaSOPShowcase.tsx(261,19): error TS17004: Cannot use JSX unless the '--jsx' flag is provided.
frontend/src/components/landing/MetaSOPShowcase.tsx(268,19): error TS17004: Cannot use JSX unless the '--jsx' flag is provided.
frontend/src/components/landing/MetaSOPShowcase.tsx(269,21): error TS17004: Cannot use JSX unless the '--jsx' flag is provided.
frontend/src/components/landing/MetaSOPShowcase.tsx(272,21): error TS17004: Cannot use JSX unless the '--jsx' flag is provided.
frontend/src/components/landing/MetaSOPShowcase.tsx(279,17): error TS17004: Cannot use JSX unless the '--jsx' flag is provided.
frontend/src/components/landing/MetaSOPShowcase.tsx(280,19): error TS17004: Cannot use JSX unless the '--jsx' flag is provided.
frontend/src/components/landing/MetaSOPShowcase.tsx(281,21): error TS17004: Cannot use JSX unless the '--jsx' flag is provided.
frontend/src/components/landing/MetaSOPShowcase.tsx(282,21): error TS17004: Cannot use JSX unless the '--jsx' flag is provided.
frontend/src/components/landing/MetaSOPShowcase.tsx(283,21): error TS17004: Cannot use JSX unless the '--jsx' flag is provided.
frontend/src/components/landing/MetaSOPShowcase.tsx(284,21): error TS17004: Cannot use JSX unless the '--jsx' flag is provided.
frontend/src/components/landing/MetaSOPShowcase.tsx(288,19): error TS17004: Cannot use JSX unless the '--jsx' flag is provided.
frontend/src/components/landing/MetaSOPShowcase.tsx(290,23): error TS17004: Cannot use JSX unless the '--jsx' flag is provided.
frontend/src/components/landing/MetaSOPShowcase.tsx(291,25): error TS17004: Cannot use JSX unless the '--jsx' flag is provided.
frontend/src/components/landing/MetaSOPShowcase.tsx(292,27): error TS17004: Cannot use JSX unless the '--jsx' flag is provided.
frontend/src/components/landing/MetaSOPShowcase.tsx(295,25): error TS17004: Cannot use JSX unless the '--jsx' flag is provided.
frontend/src/components/landing/MetaSOPShowcase.tsx(296,27): error TS17004: Cannot use JSX unless the '--jsx' flag is provided.
frontend/src/components/landing/MetaSOPShowcase.tsx(302,23): error TS17004: Cannot use JSX unless the '--jsx' flag is provided.
frontend/src/components/landing/MetaSOPShowcase.tsx(303,25): error TS17004: Cannot use JSX unless the '--jsx' flag is provided.
frontend/src/components/landing/MetaSOPShowcase.tsx(304,27): error TS17004: Cannot use JSX unless the '--jsx' flag is provided.
frontend/src/components/landing/MetaSOPShowcase.tsx(306,25): error TS17004: Cannot use JSX unless the '--jsx' flag is provided.
frontend/src/components/landing/MetaSOPShowcase.tsx(307,29): error TS17004: Cannot use JSX unless the '--jsx' flag is provided.
frontend/src/components/landing/MetaSOPShowcase.tsx(313,23): error TS17004: Cannot use JSX unless the '--jsx' flag is provided.
frontend/src/components/landing/MetaSOPShowcase.tsx(314,25): error TS17004: Cannot use JSX unless the '--jsx' flag is provided.
frontend/src/components/landing/MetaSOPShowcase.tsx(315,27): error TS17004: Cannot use JSX unless the '--jsx' flag is provided.
frontend/src/components/landing/MetaSOPShowcase.tsx(316,27): error TS17004: Cannot use JSX unless the '--jsx' flag is provided.
frontend/src/components/landing/MetaSOPShowcase.tsx(321,25): error TS17004: Cannot use JSX unless the '--jsx' flag is provided.
frontend/src/components/landing/MetaSOPShowcase.tsx(327,23): error TS17004: Cannot use JSX unless the '--jsx' flag is provided.
frontend/src/components/landing/MetaSOPShowcase.tsx(328,25): error TS17004: Cannot use JSX unless the '--jsx' flag is provided.
frontend/src/components/landing/MetaSOPShowcase.tsx(329,27): error TS17004: Cannot use JSX unless the '--jsx' flag is provided.
frontend/src/components/landing/MetaSOPShowcase.tsx(332,25): error TS17004: Cannot use JSX unless the '--jsx' flag is provided.
frontend/src/components/landing/MetaSOPShowcase.tsx(333,27): error TS17004: Cannot use JSX unless the '--jsx' flag is provided.
frontend/src/components/landing/MetaSOPShowcase.tsx(339,23): error TS17004: Cannot use JSX unless the '--jsx' flag is provided.
frontend/src/components/landing/MetaSOPShowcase.tsx(340,25): error TS17004: Cannot use JSX unless the '--jsx' flag is provided.
frontend/src/components/landing/MetaSOPShowcase.tsx(341,27): error TS17004: Cannot use JSX unless the '--jsx' flag is provided.
frontend/src/components/landing/MetaSOPShowcase.tsx(344,25): error TS17004: Cannot use JSX unless the '--jsx' flag is provided.
frontend/src/components/landing/MetaSOPShowcase.tsx(345,27): error TS17004: Cannot use JSX unless the '--jsx' flag is provided.
frontend/src/components/landing/MetaSOPShowcase.tsx(354,17): error TS17004: Cannot use JSX unless the '--jsx' flag is provided.
frontend/src/components/landing/MetaSOPShowcase.tsx(355,19): error TS17004: Cannot use JSX unless the '--jsx' flag is provided.
frontend/src/components/landing/MetaSOPShowcase.tsx(356,19): error TS17004: Cannot use JSX unless the '--jsx' flag is provided.
frontend/src/components/landing/MetaSOPShowcase.tsx(363,15): error TS17004: Cannot use JSX unless the '--jsx' flag is provided.
frontend/src/components/landing/MetaSOPShowcase.tsx(365,17): error TS17004: Cannot use JSX unless the '--jsx' flag is provided.
frontend/src/components/landing/MetaSOPShowcase.tsx(372,9): error TS17004: Cannot use JSX unless the '--jsx' flag is provided.
frontend/src/components/landing/MetaSOPShowcase.tsx(373,11): error TS17004: Cannot use JSX unless the '--jsx' flag is provided.
frontend/src/components/landing/MetaSOPShowcase.tsx(374,13): error TS17004: Cannot use JSX unless the '--jsx' flag is provided.
frontend/src/components/landing/MetaSOPShowcase.tsx(375,15): error TS17004: Cannot use JSX unless the '--jsx' flag is provided.
frontend/src/components/landing/MetaSOPShowcase.tsx(376,17): error TS17004: Cannot use JSX unless the '--jsx' flag is provided.
frontend/src/components/landing/MetaSOPShowcase.tsx(378,15): error TS17004: Cannot use JSX unless the '--jsx' flag is provided.
frontend/src/components/landing/MetaSOPShowcase.tsx(381,15): error TS17004: Cannot use JSX unless the '--jsx' flag is provided.
frontend/src/components/landing/MetaSOPShowcase.tsx(388,11): error TS17004: Cannot use JSX unless the '--jsx' flag is provided.
frontend/src/components/landing/MetaSOPShowcase.tsx(389,13): error TS17004: Cannot use JSX unless the '--jsx' flag is provided.
frontend/src/components/landing/MetaSOPShowcase.tsx(390,15): error TS17004: Cannot use JSX unless the '--jsx' flag is provided.
frontend/src/components/landing/MetaSOPShowcase.tsx(391,17): error TS17004: Cannot use JSX unless the '--jsx' flag is provided.
frontend/src/components/landing/MetaSOPShowcase.tsx(393,15): error TS17004: Cannot use JSX unless the '--jsx' flag is provided.
frontend/src/components/landing/MetaSOPShowcase.tsx(396,15): error TS17004: Cannot use JSX unless the '--jsx' flag is provided.
frontend/src/components/landing/MetaSOPShowcase.tsx(403,11): error TS17004: Cannot use JSX unless the '--jsx' flag is provided.
frontend/src/components/landing/MetaSOPShowcase.tsx(404,13): error TS17004: Cannot use JSX unless the '--jsx' flag is provided.
frontend/src/components/landing/MetaSOPShowcase.tsx(405,15): error TS17004: Cannot use JSX unless the '--jsx' flag is provided.
frontend/src/components/landing/MetaSOPShowcase.tsx(406,17): error TS17004: Cannot use JSX unless the '--jsx' flag is provided.
frontend/src/components/landing/MetaSOPShowcase.tsx(408,15): error TS17004: Cannot use JSX unless the '--jsx' flag is provided.
frontend/src/components/landing/MetaSOPShowcase.tsx(411,15): error TS17004: Cannot use JSX unless the '--jsx' flag is provided.
frontend/src/components/landing/SimpleFeatures.tsx(3,10): error TS2614: Module '"#/*"' has no exported member 'useScrollReveal'. Did you mean to use 'import useScrollReveal from "#/*"' instead?
frontend/src/components/landing/SimpleFeatures.tsx(33,5): error TS17004: Cannot use JSX unless the '--jsx' flag is provided.
frontend/src/components/landing/SimpleFeatures.tsx(34,7): error TS17004: Cannot use JSX unless the '--jsx' flag is provided.
frontend/src/components/landing/SimpleFeatures.tsx(35,9): error TS17004: Cannot use JSX unless the '--jsx' flag is provided.
frontend/src/components/landing/SimpleFeatures.tsx(36,11): error TS17004: Cannot use JSX unless the '--jsx' flag is provided.
frontend/src/components/landing/SimpleFeatures.tsx(38,13): error TS17004: Cannot use JSX unless the '--jsx' flag is provided.
frontend/src/components/landing/SimpleFeatures.tsx(42,11): error TS17004: Cannot use JSX unless the '--jsx' flag is provided.
frontend/src/components/landing/SimpleFeatures.tsx(47,9): error TS17004: Cannot use JSX unless the '--jsx' flag is provided.
frontend/src/components/landing/SimpleFeatures.tsx(51,15): error TS17004: Cannot use JSX unless the '--jsx' flag is provided.
frontend/src/components/landing/SimpleFeatures.tsx(59,17): error TS17004: Cannot use JSX unless the '--jsx' flag is provided.
frontend/src/components/landing/SimpleFeatures.tsx(63,19): error TS17004: Cannot use JSX unless the '--jsx' flag is provided.
frontend/src/components/landing/SimpleFeatures.tsx(65,17): error TS17004: Cannot use JSX unless the '--jsx' flag is provided.
frontend/src/components/landing/SimpleFeatures.tsx(68,17): error TS17004: Cannot use JSX unless the '--jsx' flag is provided.
frontend/src/components/landing/SimpleHowItWorks.tsx(3,10): error TS2614: Module '"#/*"' has no exported member 'useScrollReveal'. Did you mean to use 'import useScrollReveal from "#/*"' instead?
frontend/src/components/landing/SimpleHowItWorks.tsx(4,10): error TS2614: Module '"#/*"' has no exported member 'soundEffects'. Did you mean to use 'import soundEffects from "#/*"' instead?
frontend/src/components/landing/SimpleHowItWorks.tsx(37,5): error TS17004: Cannot use JSX unless the '--jsx' flag is provided.
frontend/src/components/landing/SimpleHowItWorks.tsx(38,7): error TS17004: Cannot use JSX unless the '--jsx' flag is provided.
frontend/src/components/landing/SimpleHowItWorks.tsx(39,9): error TS17004: Cannot use JSX unless the '--jsx' flag is provided.
frontend/src/components/landing/SimpleHowItWorks.tsx(40,11): error TS17004: Cannot use JSX unless the '--jsx' flag is provided.
frontend/src/components/landing/SimpleHowItWorks.tsx(42,13): error TS17004: Cannot use JSX unless the '--jsx' flag is provided.
frontend/src/components/landing/SimpleHowItWorks.tsx(46,11): error TS17004: Cannot use JSX unless the '--jsx' flag is provided.
frontend/src/components/landing/SimpleHowItWorks.tsx(51,9): error TS17004: Cannot use JSX unless the '--jsx' flag is provided.
frontend/src/components/landing/SimpleHowItWorks.tsx(53,11): error TS17004: Cannot use JSX unless the '--jsx' flag is provided.
frontend/src/components/landing/SimpleHowItWorks.tsx(54,11): error TS17004: Cannot use JSX unless the '--jsx' flag is provided.
frontend/src/components/landing/SimpleHowItWorks.tsx(59,15): error TS17004: Cannot use JSX unless the '--jsx' flag is provided.
frontend/src/components/landing/SimpleHowItWorks.tsx(63,17): error TS17004: Cannot use JSX unless the '--jsx' flag is provided.
frontend/src/components/landing/SimpleHowItWorks.tsx(65,19): error TS17004: Cannot use JSX unless the '--jsx' flag is provided.
frontend/src/components/landing/SimpleHowItWorks.tsx(69,21): error TS17004: Cannot use JSX unless the '--jsx' flag is provided.
frontend/src/components/landing/SimpleHowItWorks.tsx(72,21): error TS17004: Cannot use JSX unless the '--jsx' flag is provided.
frontend/src/components/landing/SimpleHowItWorks.tsx(76,19): error TS17004: Cannot use JSX unless the '--jsx' flag is provided.
frontend/src/components/landing/SimpleHowItWorks.tsx(79,19): error TS17004: Cannot use JSX unless the '--jsx' flag is provided.
frontend/src/components/landing/SimpleHowItWorks.tsx(89,9): error TS17004: Cannot use JSX unless the '--jsx' flag is provided.
frontend/src/components/landing/SimpleHowItWorks.tsx(90,11): error TS17004: Cannot use JSX unless the '--jsx' flag is provided.
frontend/src/components/landing/SimpleHowItWorks.tsx(97,13): error TS17004: Cannot use JSX unless the '--jsx' flag is provided.
frontend/src/components/landing/StatsSection.tsx(4,10): error TS2614: Module '"#/*"' has no exported member 'Card'. Did you mean to use 'import Card from "#/*"' instead?
frontend/src/components/landing/StatsSection.tsx(4,16): error TS2614: Module '"#/*"' has no exported member 'CardContent'. Did you mean to use 'import CardContent from "#/*"' instead?
frontend/src/components/landing/StatsSection.tsx(49,5): error TS17004: Cannot use JSX unless the '--jsx' flag is provided.
frontend/src/components/landing/StatsSection.tsx(50,7): error TS17004: Cannot use JSX unless the '--jsx' flag is provided.
frontend/src/components/landing/StatsSection.tsx(51,9): error TS17004: Cannot use JSX unless the '--jsx' flag is provided.
frontend/src/components/landing/StatsSection.tsx(53,13): error TS17004: Cannot use JSX unless the '--jsx' flag is provided.
frontend/src/components/landing/StatsSection.tsx(57,15): error TS17004: Cannot use JSX unless the '--jsx' flag is provided.
frontend/src/components/landing/StatsSection.tsx(58,17): error TS17004: Cannot use JSX unless the '--jsx' flag is provided.
frontend/src/components/landing/StatsSection.tsx(59,19): error TS17004: Cannot use JSX unless the '--jsx' flag is provided.
frontend/src/components/landing/StatsSection.tsx(60,21): error TS17004: Cannot use JSX unless the '--jsx' flag is provided.
frontend/src/components/landing/StatsSection.tsx(64,17): error TS17004: Cannot use JSX unless the '--jsx' flag is provided.
frontend/src/components/landing/StatsSection.tsx(65,19): error TS17004: Cannot use JSX unless the '--jsx' flag is provided.
frontend/src/components/landing/StatsSection.tsx(68,19): error TS17004: Cannot use JSX unless the '--jsx' flag is provided.
frontend/src/components/landing/StatsSection.tsx(71,19): error TS17004: Cannot use JSX unless the '--jsx' flag is provided.
frontend/src/components/landing/TestimonialsSection.tsx(4,10): error TS2614: Module '"#/*"' has no exported member 'Card'. Did you mean to use 'import Card from "#/*"' instead?
frontend/src/components/landing/TestimonialsSection.tsx(4,16): error TS2614: Module '"#/*"' has no exported member 'CardContent'. Did you mean to use 'import CardContent from "#/*"' instead?
frontend/src/components/landing/TestimonialsSection.tsx(5,10): error TS2614: Module '"#/*"' has no exported member 'Avatar'. Did you mean to use 'import Avatar from "#/*"' instead?
frontend/src/components/landing/TestimonialsSection.tsx(5,18): error TS2614: Module '"#/*"' has no exported member 'AvatarFallback'. Did you mean to use 'import AvatarFallback from "#/*"' instead?
frontend/src/components/landing/TestimonialsSection.tsx(5,34): error TS2614: Module '"#/*"' has no exported member 'AvatarImage'. Did you mean to use 'import AvatarImage from "#/*"' instead?
frontend/src/components/landing/TestimonialsSection.tsx(41,5): error TS17004: Cannot use JSX unless the '--jsx' flag is provided.
frontend/src/components/landing/TestimonialsSection.tsx(42,7): error TS17004: Cannot use JSX unless the '--jsx' flag is provided.
frontend/src/components/landing/TestimonialsSection.tsx(44,9): error TS17004: Cannot use JSX unless the '--jsx' flag is provided.
frontend/src/components/landing/TestimonialsSection.tsx(45,11): error TS17004: Cannot use JSX unless the '--jsx' flag is provided.
frontend/src/components/landing/TestimonialsSection.tsx(46,13): error TS17004: Cannot use JSX unless the '--jsx' flag is provided.
frontend/src/components/landing/TestimonialsSection.tsx(47,13): error TS17004: Cannot use JSX unless the '--jsx' flag is provided.
frontend/src/components/landing/TestimonialsSection.tsx(48,13): error TS17004: Cannot use JSX unless the '--jsx' flag is provided.
frontend/src/components/landing/TestimonialsSection.tsx(51,11): error TS17004: Cannot use JSX unless the '--jsx' flag is provided.
frontend/src/components/landing/TestimonialsSection.tsx(52,13): error TS17004: Cannot use JSX unless the '--jsx' flag is provided.
frontend/src/components/landing/TestimonialsSection.tsx(57,11): error TS17004: Cannot use JSX unless the '--jsx' flag is provided.
frontend/src/components/landing/TestimonialsSection.tsx(64,9): error TS17004: Cannot use JSX unless the '--jsx' flag is provided.
frontend/src/components/landing/TestimonialsSection.tsx(66,13): error TS17004: Cannot use JSX unless the '--jsx' flag is provided.
frontend/src/components/landing/TestimonialsSection.tsx(70,15): error TS17004: Cannot use JSX unless the '--jsx' flag is provided.
frontend/src/components/landing/TestimonialsSection.tsx(72,17): error TS17004: Cannot use JSX unless the '--jsx' flag is provided.
frontend/src/components/landing/TestimonialsSection.tsx(75,17): error TS17004: Cannot use JSX unless the '--jsx' flag is provided.
frontend/src/components/landing/TestimonialsSection.tsx(77,21): error TS17004: Cannot use JSX unless the '--jsx' flag is provided.
frontend/src/components/landing/TestimonialsSection.tsx(85,17): error TS17004: Cannot use JSX unless the '--jsx' flag is provided.
frontend/src/components/landing/TestimonialsSection.tsx(90,17): error TS17004: Cannot use JSX unless the '--jsx' flag is provided.
frontend/src/components/landing/TestimonialsSection.tsx(91,19): error TS17004: Cannot use JSX unless the '--jsx' flag is provided.
frontend/src/components/landing/TestimonialsSection.tsx(93,23): error TS17004: Cannot use JSX unless the '--jsx' flag is provided.
frontend/src/components/landing/TestimonialsSection.tsx(96,35): error TS7006: Parameter 'e' implicitly has an 'any' type.
frontend/src/components/landing/TestimonialsSection.tsx(102,21): error TS17004: Cannot use JSX unless the '--jsx' flag is provided.
frontend/src/components/landing/TestimonialsSection.tsx(109,19): error TS17004: Cannot use JSX unless the '--jsx' flag is provided.
frontend/src/components/landing/TestimonialsSection.tsx(110,21): error TS17004: Cannot use JSX unless the '--jsx' flag is provided.
frontend/src/components/landing/TestimonialsSection.tsx(113,21): error TS17004: Cannot use JSX unless the '--jsx' flag is provided.
frontend/src/components/landing/TestimonialsSection.tsx(124,9): error TS17004: Cannot use JSX unless the '--jsx' flag is provided.
frontend/src/components/landing/TestimonialsSection.tsx(125,11): error TS17004: Cannot use JSX unless the '--jsx' flag is provided.
frontend/src/components/landing/TestimonialsSection.tsx(126,13): error TS17004: Cannot use JSX unless the '--jsx' flag is provided.
frontend/src/components/landing/TestimonialsSection.tsx(127,13): error TS17004: Cannot use JSX unless the '--jsx' flag is provided.
frontend/src/components/landing/ValueProposition.tsx(14,10): error TS2614: Module '"#/*"' has no exported member 'Card'. Did you mean to use 'import Card from "#/*"' instead?
frontend/src/components/landing/ValueProposition.tsx(14,16): error TS2614: Module '"#/*"' has no exported member 'CardContent'. Did you mean to use 'import CardContent from "#/*"' instead?
frontend/src/components/landing/ValueProposition.tsx(14,29): error TS2614: Module '"#/*"' has no exported member 'CardHeader'. Did you mean to use 'import CardHeader from "#/*"' instead?
frontend/src/components/landing/ValueProposition.tsx(14,41): error TS2614: Module '"#/*"' has no exported member 'CardTitle'. Did you mean to use 'import CardTitle from "#/*"' instead?
frontend/src/components/landing/ValueProposition.tsx(15,10): error TS2614: Module '"#/*"' has no exported member 'Badge'. Did you mean to use 'import Badge from "#/*"' instead?
frontend/src/components/landing/ValueProposition.tsx(16,10): error TS2614: Module '"#/*"' has no exported member 'Button'. Did you mean to use 'import Button from "#/*"' instead?
frontend/src/components/landing/ValueProposition.tsx(18,10): error TS2614: Module '"#/*"' has no exported member 'useCreateConversation'. Did you mean to use 'import useCreateConversation from "#/*"' instead?
frontend/src/components/landing/ValueProposition.tsx(28,21): error TS7006: Parameter 'data' implicitly has an 'any' type.
frontend/src/components/landing/ValueProposition.tsx(87,5): error TS17004: Cannot use JSX unless the '--jsx' flag is provided.
frontend/src/components/landing/ValueProposition.tsx(89,7): error TS17004: Cannot use JSX unless the '--jsx' flag is provided.
frontend/src/components/landing/ValueProposition.tsx(90,7): error TS17004: Cannot use JSX unless the '--jsx' flag is provided.
frontend/src/components/landing/ValueProposition.tsx(91,7): error TS17004: Cannot use JSX unless the '--jsx' flag is provided.
frontend/src/components/landing/ValueProposition.tsx(93,7): error TS17004: Cannot use JSX unless the '--jsx' flag is provided.
frontend/src/components/landing/ValueProposition.tsx(95,9): error TS17004: Cannot use JSX unless the '--jsx' flag is provided.
frontend/src/components/landing/ValueProposition.tsx(96,11): error TS17004: Cannot use JSX unless the '--jsx' flag is provided.
frontend/src/components/landing/ValueProposition.tsx(100,13): error TS17004: Cannot use JSX unless the '--jsx' flag is provided.
frontend/src/components/landing/ValueProposition.tsx(104,11): error TS17004: Cannot use JSX unless the '--jsx' flag is provided.
frontend/src/components/landing/ValueProposition.tsx(105,13): error TS17004: Cannot use JSX unless the '--jsx' flag is provided.
frontend/src/components/landing/ValueProposition.tsx(108,13): error TS17004: Cannot use JSX unless the '--jsx' flag is provided.
frontend/src/components/landing/ValueProposition.tsx(113,11): error TS17004: Cannot use JSX unless the '--jsx' flag is provided.
frontend/src/components/landing/ValueProposition.tsx(120,9): error TS17004: Cannot use JSX unless the '--jsx' flag is provided.
frontend/src/components/landing/ValueProposition.tsx(122,11): error TS17004: Cannot use JSX unless the '--jsx' flag is provided.
frontend/src/components/landing/ValueProposition.tsx(123,13): error TS17004: Cannot use JSX unless the '--jsx' flag is provided.
frontend/src/components/landing/ValueProposition.tsx(124,13): error TS17004: Cannot use JSX unless the '--jsx' flag is provided.
frontend/src/components/landing/ValueProposition.tsx(125,15): error TS17004: Cannot use JSX unless the '--jsx' flag is provided.
frontend/src/components/landing/ValueProposition.tsx(126,17): error TS17004: Cannot use JSX unless the '--jsx' flag is provided.
frontend/src/components/landing/ValueProposition.tsx(127,19): error TS17004: Cannot use JSX unless the '--jsx' flag is provided.
frontend/src/components/landing/ValueProposition.tsx(128,21): error TS17004: Cannot use JSX unless the '--jsx' flag is provided.
frontend/src/components/landing/ValueProposition.tsx(132,17): error TS17004: Cannot use JSX unless the '--jsx' flag is provided.
frontend/src/components/landing/ValueProposition.tsx(140,13): error TS17004: Cannot use JSX unless the '--jsx' flag is provided.
frontend/src/components/landing/ValueProposition.tsx(142,17): error TS17004: Cannot use JSX unless the '--jsx' flag is provided.
frontend/src/components/landing/ValueProposition.tsx(146,19): error TS17004: Cannot use JSX unless the '--jsx' flag is provided.
frontend/src/components/landing/ValueProposition.tsx(147,21): error TS17004: Cannot use JSX unless the '--jsx' flag is provided.
frontend/src/components/landing/ValueProposition.tsx(149,19): error TS17004: Cannot use JSX unless the '--jsx' flag is provided.
frontend/src/components/landing/ValueProposition.tsx(150,21): error TS17004: Cannot use JSX unless the '--jsx' flag is provided.
frontend/src/components/landing/ValueProposition.tsx(153,21): error TS17004: Cannot use JSX unless the '--jsx' flag is provided.
frontend/src/components/landing/ValueProposition.tsx(160,15): error TS17004: Cannot use JSX unless the '--jsx' flag is provided.
frontend/src/components/landing/ValueProposition.tsx(161,17): error TS17004: Cannot use JSX unless the '--jsx' flag is provided.
frontend/src/components/landing/ValueProposition.tsx(162,19): error TS17004: Cannot use JSX unless the '--jsx' flag is provided.
frontend/src/components/landing/ValueProposition.tsx(165,19): error TS17004: Cannot use JSX unless the '--jsx' flag is provided.
frontend/src/components/landing/ValueProposition.tsx(168,19): error TS17004: Cannot use JSX unless the '--jsx' flag is provided.
frontend/src/components/landing/ValueProposition.tsx(177,11): error TS17004: Cannot use JSX unless the '--jsx' flag is provided.
frontend/src/components/landing/ValueProposition.tsx(178,13): error TS17004: Cannot use JSX unless the '--jsx' flag is provided.
frontend/src/components/landing/ValueProposition.tsx(179,13): error TS17004: Cannot use JSX unless the '--jsx' flag is provided.
frontend/src/components/landing/ValueProposition.tsx(180,15): error TS17004: Cannot use JSX unless the '--jsx' flag is provided.
frontend/src/components/landing/ValueProposition.tsx(181,17): error TS17004: Cannot use JSX unless the '--jsx' flag is provided.
frontend/src/components/landing/ValueProposition.tsx(182,19): error TS17004: Cannot use JSX unless the '--jsx' flag is provided.
frontend/src/components/landing/ValueProposition.tsx(183,21): error TS17004: Cannot use JSX unless the '--jsx' flag is provided.
frontend/src/components/landing/ValueProposition.tsx(187,17): error TS17004: Cannot use JSX unless the '--jsx' flag is provided.
frontend/src/components/landing/ValueProposition.tsx(195,13): error TS17004: Cannot use JSX unless the '--jsx' flag is provided.
frontend/src/components/landing/ValueProposition.tsx(197,17): error TS17004: Cannot use JSX unless the '--jsx' flag is provided.
frontend/src/components/landing/ValueProposition.tsx(201,19): error TS17004: Cannot use JSX unless the '--jsx' flag is provided.
frontend/src/components/landing/ValueProposition.tsx(202,21): error TS17004: Cannot use JSX unless the '--jsx' flag is provided.
frontend/src/components/landing/ValueProposition.tsx(204,19): error TS17004: Cannot use JSX unless the '--jsx' flag is provided.
frontend/src/components/landing/ValueProposition.tsx(205,21): error TS17004: Cannot use JSX unless the '--jsx' flag is provided.
frontend/src/components/landing/ValueProposition.tsx(208,21): error TS17004: Cannot use JSX unless the '--jsx' flag is provided.
frontend/src/components/landing/ValueProposition.tsx(215,15): error TS17004: Cannot use JSX unless the '--jsx' flag is provided.
frontend/src/components/landing/ValueProposition.tsx(216,17): error TS17004: Cannot use JSX unless the '--jsx' flag is provided.
frontend/src/components/landing/ValueProposition.tsx(217,19): error TS17004: Cannot use JSX unless the '--jsx' flag is provided.
frontend/src/components/landing/ValueProposition.tsx(220,19): error TS17004: Cannot use JSX unless the '--jsx' flag is provided.
frontend/src/components/landing/ValueProposition.tsx(223,19): error TS17004: Cannot use JSX unless the '--jsx' flag is provided.
frontend/src/components/landing/ValueProposition.tsx(233,9): error TS17004: Cannot use JSX unless the '--jsx' flag is provided.
frontend/src/components/landing/ValueProposition.tsx(262,15): error TS17004: Cannot use JSX unless the '--jsx' flag is provided.
frontend/src/components/landing/ValueProposition.tsx(266,17): error TS17004: Cannot use JSX unless the '--jsx' flag is provided.
frontend/src/components/landing/ValueProposition.tsx(267,19): error TS17004: Cannot use JSX unless the '--jsx' flag is provided.
frontend/src/components/landing/ValueProposition.tsx(270,21): error TS17004: Cannot use JSX unless the '--jsx' flag is provided.
frontend/src/components/landing/ValueProposition.tsx(272,19): error TS17004: Cannot use JSX unless the '--jsx' flag is provided.
frontend/src/components/landing/ValueProposition.tsx(275,19): error TS17004: Cannot use JSX unless the '--jsx' flag is provided.
frontend/src/components/landing/ValueProposition.tsx(285,9): error TS17004: Cannot use JSX unless the '--jsx' flag is provided.
frontend/src/components/landing/ValueProposition.tsx(286,11): error TS17004: Cannot use JSX unless the '--jsx' flag is provided.
frontend/src/components/landing/ValueProposition.tsx(287,13): error TS17004: Cannot use JSX unless the '--jsx' flag is provided.
frontend/src/components/landing/ValueProposition.tsx(288,15): error TS17004: Cannot use JSX unless the '--jsx' flag is provided.
frontend/src/components/landing/ValueProposition.tsx(289,17): error TS17004: Cannot use JSX unless the '--jsx' flag is provided.
frontend/src/components/landing/ValueProposition.tsx(290,17): error TS17004: Cannot use JSX unless the '--jsx' flag is provided.
frontend/src/components/landing/ValueProposition.tsx(295,15): error TS17004: Cannot use JSX unless the '--jsx' flag is provided.
frontend/src/components/landing/ValueProposition.tsx(299,15): error TS17004: Cannot use JSX unless the '--jsx' flag is provided.
frontend/src/components/landing/ValueProposition.tsx(304,15): error TS17004: Cannot use JSX unless the '--jsx' flag is provided.
frontend/src/components/landing/ValueProposition.tsx(305,17): error TS17004: Cannot use JSX unless the '--jsx' flag is provided.
frontend/src/components/landing/ValueProposition.tsx(312,21): error TS17004: Cannot use JSX unless the '--jsx' flag is provided.
frontend/src/components/landing/ValueProposition.tsx(313,23): error TS17004: Cannot use JSX unless the '--jsx' flag is provided.
frontend/src/components/landing/ValueProposition.tsx(317,21): error TS17004: Cannot use JSX unless the '--jsx' flag is provided.
frontend/src/components/landing/ValueProposition.tsx(319,23): error TS17004: Cannot use JSX unless the '--jsx' flag is provided.
frontend/src/components/landing/ValueProposition.tsx(324,17): error TS17004: Cannot use JSX unless the '--jsx' flag is provided.
frontend/src/components/landing/ValueProposition.tsx(329,19): error TS17004: Cannot use JSX unless the '--jsx' flag is provided.
frontend/src/components/landing/ValueProposition.tsx(334,15): error TS17004: Cannot use JSX unless the '--jsx' flag is provided.
frontend/src/components/landing/ValueProposition.tsx(335,17): error TS17004: Cannot use JSX unless the '--jsx' flag is provided.
frontend/src/components/landing/ValueProposition.tsx(336,19): error TS17004: Cannot use JSX unless the '--jsx' flag is provided.
frontend/src/components/landing/ValueProposition.tsx(337,19): error TS17004: Cannot use JSX unless the '--jsx' flag is provided.
frontend/src/components/landing/ValueProposition.tsx(339,17): error TS17004: Cannot use JSX unless the '--jsx' flag is provided.
frontend/src/components/landing/ValueProposition.tsx(340,19): error TS17004: Cannot use JSX unless the '--jsx' flag is provided.
frontend/src/components/landing/ValueProposition.tsx(341,19): error TS17004: Cannot use JSX unless the '--jsx' flag is provided.
frontend/src/components/landing/ValueProposition.tsx(343,17): error TS17004: Cannot use JSX unless the '--jsx' flag is provided.
frontend/src/components/landing/ValueProposition.tsx(344,19): error TS17004: Cannot use JSX unless the '--jsx' flag is provided.
frontend/src/components/landing/ValueProposition.tsx(345,19): error TS17004: Cannot use JSX unless the '--jsx' flag is provided.
frontend/src/components/landing/WebGLParticles.tsx(2,10): error TS2614: Module '"#/*"' has no exported member 'prefersReducedMotion'. Did you mean to use 'import prefersReducedMotion from "#/*"' instead?
frontend/src/components/landing/WebGLParticles.tsx(226,29): error TS17004: Cannot use JSX unless the '--jsx' flag is provided.
frontend/src/components/landing/WebGLParticles.tsx(229,5): error TS17004: Cannot use JSX unless the '--jsx' flag is provided.
frontend/src/components/layout/beta-badge.tsx(2,10): error TS2614: Module '"#/*"' has no exported member 'I18nKey'. Did you mean to use 'import I18nKey from "#/*"' instead?
frontend/src/components/layout/beta-badge.tsx(7,5): error TS17004: Cannot use JSX unless the '--jsx' flag is provided.
frontend/src/components/layout/container.tsx(3,24): error TS2835: Relative import paths need explicit file extensions in ECMAScript imports when '--moduleResolution' is 'node16' or 'nodenext'. Did you mean './nav-tab.js'?
frontend/src/components/layout/container.tsx(4,34): error TS2835: Relative import paths need explicit file extensions in ECMAScript imports when '--moduleResolution' is 'node16' or 'nodenext'. Did you mean './scroll-left-button.js'?
frontend/src/components/layout/container.tsx(5,35): error TS2835: Relative import paths need explicit file extensions in ECMAScript imports when '--moduleResolution' is 'node16' or 'nodenext'. Did you mean './scroll-right-button.js'?
frontend/src/components/layout/container.tsx(6,10): error TS2614: Module '"#/*"' has no exported member 'useTrackElementWidth'. Did you mean to use 'import useTrackElementWidth from "#/*"' instead?
frontend/src/components/layout/container.tsx(74,5): error TS17004: Cannot use JSX unless the '--jsx' flag is provided.
frontend/src/components/layout/container.tsx(89,9): error TS17004: Cannot use JSX unless the '--jsx' flag is provided.
frontend/src/components/layout/container.tsx(99,13): error TS17004: Cannot use JSX unless the '--jsx' flag is provided.
frontend/src/components/layout/container.tsx(107,15): error TS17004: Cannot use JSX unless the '--jsx' flag is provided.
frontend/src/components/layout/container.tsx(115,11): error TS17004: Cannot use JSX unless the '--jsx' flag is provided.
frontend/src/components/layout/container.tsx(125,17): error TS17004: Cannot use JSX unless the '--jsx' flag is provided.
frontend/src/components/layout/container.tsx(140,13): error TS17004: Cannot use JSX unless the '--jsx' flag is provided.
frontend/src/components/layout/container.tsx(148,15): error TS17004: Cannot use JSX unless the '--jsx' flag is provided.
frontend/src/components/layout/container.tsx(157,9): error TS17004: Cannot use JSX unless the '--jsx' flag is provided.
frontend/src/components/layout/container.tsx(168,7): error TS17004: Cannot use JSX unless the '--jsx' flag is provided.
frontend/src/components/layout/count-badge.tsx(3,5): error TS17004: Cannot use JSX unless the '--jsx' flag is provided.
frontend/src/components/layout/Footer.tsx(3,10): error TS2614: Module '"#/*"' has no exported member 'BRAND'. Did you mean to use 'import BRAND from "#/*"' instead?
frontend/src/components/layout/Footer.tsx(10,5): error TS17004: Cannot use JSX unless the '--jsx' flag is provided.
frontend/src/components/layout/Footer.tsx(18,7): error TS17004: Cannot use JSX unless the '--jsx' flag is provided.
frontend/src/components/layout/Footer.tsx(19,9): error TS17004: Cannot use JSX unless the '--jsx' flag is provided.
frontend/src/components/layout/Footer.tsx(21,11): error TS17004: Cannot use JSX unless the '--jsx' flag is provided.
frontend/src/components/layout/Footer.tsx(22,13): error TS17004: Cannot use JSX unless the '--jsx' flag is provided.
frontend/src/components/layout/Footer.tsx(23,15): error TS17004: Cannot use JSX unless the '--jsx' flag is provided.
frontend/src/components/layout/Footer.tsx(28,15): error TS17004: Cannot use JSX unless the '--jsx' flag is provided.
frontend/src/components/layout/Footer.tsx(29,17): error TS17004: Cannot use JSX unless the '--jsx' flag is provided.
frontend/src/components/layout/Footer.tsx(32,17): error TS17004: Cannot use JSX unless the '--jsx' flag is provided.
frontend/src/components/layout/Footer.tsx(38,13): error TS17004: Cannot use JSX unless the '--jsx' flag is provided.
frontend/src/components/layout/Footer.tsx(43,13): error TS17004: Cannot use JSX unless the '--jsx' flag is provided.
frontend/src/components/layout/Footer.tsx(44,15): error TS17004: Cannot use JSX unless the '--jsx' flag is provided.
frontend/src/components/layout/Footer.tsx(45,17): error TS17004: Cannot use JSX unless the '--jsx' flag is provided.
frontend/src/components/layout/Footer.tsx(46,17): error TS17004: Cannot use JSX unless the '--jsx' flag is provided.
frontend/src/components/layout/Footer.tsx(50,15): error TS17004: Cannot use JSX unless the '--jsx' flag is provided.
frontend/src/components/layout/Footer.tsx(62,11): error TS17004: Cannot use JSX unless the '--jsx' flag is provided.
frontend/src/components/layout/Footer.tsx(63,13): error TS17004: Cannot use JSX unless the '--jsx' flag is provided.
frontend/src/components/layout/Footer.tsx(66,13): error TS17004: Cannot use JSX unless the '--jsx' flag is provided.
frontend/src/components/layout/Footer.tsx(67,15): error TS17004: Cannot use JSX unless the '--jsx' flag is provided.
frontend/src/components/layout/Footer.tsx(68,17): error TS17004: Cannot use JSX unless the '--jsx' flag is provided.
frontend/src/components/layout/Footer.tsx(72,19): error TS17004: Cannot use JSX unless the '--jsx' flag is provided.
frontend/src/components/layout/Footer.tsx(76,15): error TS17004: Cannot use JSX unless the '--jsx' flag is provided.
frontend/src/components/layout/Footer.tsx(77,17): error TS17004: Cannot use JSX unless the '--jsx' flag is provided.
frontend/src/components/layout/Footer.tsx(81,19): error TS17004: Cannot use JSX unless the '--jsx' flag is provided.
frontend/src/components/layout/Footer.tsx(85,15): error TS17004: Cannot use JSX unless the '--jsx' flag is provided.
frontend/src/components/layout/Footer.tsx(86,17): error TS17004: Cannot use JSX unless the '--jsx' flag is provided.
frontend/src/components/layout/Footer.tsx(92,19): error TS17004: Cannot use JSX unless the '--jsx' flag is provided.
frontend/src/components/layout/Footer.tsx(94,19): error TS17004: Cannot use JSX unless the '--jsx' flag is provided.
frontend/src/components/layout/Footer.tsx(97,15): error TS17004: Cannot use JSX unless the '--jsx' flag is provided.
frontend/src/components/layout/Footer.tsx(98,17): error TS17004: Cannot use JSX unless the '--jsx' flag is provided.
frontend/src/components/layout/Footer.tsx(104,19): error TS17004: Cannot use JSX unless the '--jsx' flag is provided.
frontend/src/components/layout/Footer.tsx(106,19): error TS17004: Cannot use JSX unless the '--jsx' flag is provided.
frontend/src/components/layout/Footer.tsx(113,11): error TS17004: Cannot use JSX unless the '--jsx' flag is provided.
frontend/src/components/layout/Footer.tsx(114,13): error TS17004: Cannot use JSX unless the '--jsx' flag is provided.
frontend/src/components/layout/Footer.tsx(117,13): error TS17004: Cannot use JSX unless the '--jsx' flag is provided.
frontend/src/components/layout/Footer.tsx(118,15): error TS17004: Cannot use JSX unless the '--jsx' flag is provided.
frontend/src/components/layout/Footer.tsx(119,17): error TS17004: Cannot use JSX unless the '--jsx' flag is provided.
frontend/src/components/layout/Footer.tsx(123,19): error TS17004: Cannot use JSX unless the '--jsx' flag is provided.
frontend/src/components/layout/Footer.tsx(127,15): error TS17004: Cannot use JSX unless the '--jsx' flag is provided.
frontend/src/components/layout/Footer.tsx(128,17): error TS17004: Cannot use JSX unless the '--jsx' flag is provided.
frontend/src/components/layout/Footer.tsx(132,19): error TS17004: Cannot use JSX unless the '--jsx' flag is provided.
frontend/src/components/layout/Footer.tsx(136,15): error TS17004: Cannot use JSX unless the '--jsx' flag is provided.
frontend/src/components/layout/Footer.tsx(137,17): error TS17004: Cannot use JSX unless the '--jsx' flag is provided.
frontend/src/components/layout/Footer.tsx(143,19): error TS17004: Cannot use JSX unless the '--jsx' flag is provided.
frontend/src/components/layout/Footer.tsx(145,19): error TS17004: Cannot use JSX unless the '--jsx' flag is provided.
frontend/src/components/layout/Footer.tsx(153,9): error TS17004: Cannot use JSX unless the '--jsx' flag is provided.
frontend/src/components/layout/Footer.tsx(154,11): error TS17004: Cannot use JSX unless the '--jsx' flag is provided.
frontend/src/components/layout/Footer.tsx(158,11): error TS17004: Cannot use JSX unless the '--jsx' flag is provided.
frontend/src/components/layout/Footer.tsx(159,13): error TS17004: Cannot use JSX unless the '--jsx' flag is provided.
frontend/src/components/layout/Footer.tsx(160,25): error TS17004: Cannot use JSX unless the '--jsx' flag is provided.
frontend/src/components/layout/Header.tsx(14,10): error TS2614: Module '"#/*"' has no exported member 'BRAND'. Did you mean to use 'import BRAND from "#/*"' instead?
frontend/src/components/layout/Header.tsx(18,10): error TS2614: Module '"#/*"' has no exported member 'useCreateConversation'. Did you mean to use 'import useCreateConversation from "#/*"' instead?
frontend/src/components/layout/Header.tsx(19,10): error TS2614: Module '"#/*"' has no exported member 'useIsCreatingConversation'. Did you mean to use 'import useIsCreatingConversation from "#/*"' instead?
frontend/src/components/layout/Header.tsx(36,21): error TS7006: Parameter 'data' implicitly has an 'any' type.
frontend/src/components/layout/Header.tsx(71,5): error TS17004: Cannot use JSX unless the '--jsx' flag is provided.
frontend/src/components/layout/Header.tsx(79,7): error TS17004: Cannot use JSX unless the '--jsx' flag is provided.
frontend/src/components/layout/Header.tsx(80,9): error TS17004: Cannot use JSX unless the '--jsx' flag is provided.
frontend/src/components/layout/Header.tsx(82,11): error TS17004: Cannot use JSX unless the '--jsx' flag is provided.
frontend/src/components/layout/Header.tsx(83,13): error TS17004: Cannot use JSX unless the '--jsx' flag is provided.
frontend/src/components/layout/Header.tsx(88,13): error TS17004: Cannot use JSX unless the '--jsx' flag is provided.
frontend/src/components/layout/Header.tsx(91,13): error TS17004: Cannot use JSX unless the '--jsx' flag is provided.
frontend/src/components/layout/Header.tsx(97,11): error TS17004: Cannot use JSX unless the '--jsx' flag is provided.
frontend/src/components/layout/Header.tsx(99,13): error TS17004: Cannot use JSX unless the '--jsx' flag is provided.
frontend/src/components/layout/Header.tsx(104,15): error TS17004: Cannot use JSX unless the '--jsx' flag is provided.
frontend/src/components/layout/Header.tsx(105,15): error TS17004: Cannot use JSX unless the '--jsx' flag is provided.
frontend/src/components/layout/Header.tsx(107,13): error TS17004: Cannot use JSX unless the '--jsx' flag is provided.
frontend/src/components/layout/Header.tsx(112,15): error TS17004: Cannot use JSX unless the '--jsx' flag is provided.
frontend/src/components/layout/Header.tsx(113,15): error TS17004: Cannot use JSX unless the '--jsx' flag is provided.
frontend/src/components/layout/Header.tsx(115,13): error TS17004: Cannot use JSX unless the '--jsx' flag is provided.
frontend/src/components/layout/Header.tsx(120,15): error TS17004: Cannot use JSX unless the '--jsx' flag is provided.
frontend/src/components/layout/Header.tsx(121,15): error TS17004: Cannot use JSX unless the '--jsx' flag is provided.
frontend/src/components/layout/Header.tsx(123,13): error TS17004: Cannot use JSX unless the '--jsx' flag is provided.
frontend/src/components/layout/Header.tsx(128,15): error TS17004: Cannot use JSX unless the '--jsx' flag is provided.
frontend/src/components/layout/Header.tsx(129,15): error TS17004: Cannot use JSX unless the '--jsx' flag is provided.
frontend/src/components/layout/Header.tsx(133,13): error TS17004: Cannot use JSX unless the '--jsx' flag is provided.
frontend/src/components/layout/Header.tsx(137,15): error TS17004: Cannot use JSX unless the '--jsx' flag is provided.
frontend/src/components/layout/Header.tsx(138,17): error TS17004: Cannot use JSX unless the '--jsx' flag is provided.
frontend/src/components/layout/Header.tsx(146,19): error TS17004: Cannot use JSX unless the '--jsx' flag is provided.
frontend/src/components/layout/Header.tsx(147,19): error TS17004: Cannot use JSX unless the '--jsx' flag is provided.
frontend/src/components/layout/Header.tsx(150,17): error TS17004: Cannot use JSX unless the '--jsx' flag is provided.
frontend/src/components/layout/Header.tsx(157,19): error TS17004: Cannot use JSX unless the '--jsx' flag is provided.
frontend/src/components/layout/Header.tsx(158,19): error TS17004: Cannot use JSX unless the '--jsx' flag is provided.
frontend/src/components/layout/Header.tsx(161,17): error TS17004: Cannot use JSX unless the '--jsx' flag is provided.
frontend/src/components/layout/Header.tsx(168,19): error TS17004: Cannot use JSX unless the '--jsx' flag is provided.
frontend/src/components/layout/Header.tsx(169,19): error TS17004: Cannot use JSX unless the '--jsx' flag is provided.
frontend/src/components/layout/Header.tsx(172,17): error TS17004: Cannot use JSX unless the '--jsx' flag is provided.
frontend/src/components/layout/Header.tsx(179,19): error TS17004: Cannot use JSX unless the '--jsx' flag is provided.
frontend/src/components/layout/Header.tsx(180,19): error TS17004: Cannot use JSX unless the '--jsx' flag is provided.
frontend/src/components/layout/Header.tsx(186,13): error TS17004: Cannot use JSX unless the '--jsx' flag is provided.
frontend/src/components/layout/Header.tsx(193,15): error TS17004: Cannot use JSX unless the '--jsx' flag is provided.
frontend/src/components/layout/Header.tsx(200,11): error TS17004: Cannot use JSX unless the '--jsx' flag is provided.
frontend/src/components/layout/Header.tsx(201,13): error TS17004: Cannot use JSX unless the '--jsx' flag is provided.
frontend/src/components/layout/Header.tsx(206,15): error TS17004: Cannot use JSX unless the '--jsx' flag is provided.
frontend/src/components/layout/Header.tsx(209,13): error TS17004: Cannot use JSX unless the '--jsx' flag is provided.
frontend/src/components/layout/Header.tsx(214,15): error TS17004: Cannot use JSX unless the '--jsx' flag is provided.
frontend/src/components/layout/Header.tsx(217,13): error TS17004: Cannot use JSX unless the '--jsx' flag is provided.
frontend/src/components/layout/Header.tsx(222,15): error TS17004: Cannot use JSX unless the '--jsx' flag is provided.
frontend/src/components/layout/Header.tsx(225,13): error TS17004: Cannot use JSX unless the '--jsx' flag is provided.
frontend/src/components/layout/Header.tsx(230,15): error TS17004: Cannot use JSX unless the '--jsx' flag is provided.
frontend/src/components/layout/nav-tab.tsx(2,10): error TS2614: Module '"#/*"' has no exported member 'cn'. Did you mean to use 'import cn from "#/*"' instead?
frontend/src/components/layout/nav-tab.tsx(3,27): error TS2835: Relative import paths need explicit file extensions in ECMAScript imports when '--moduleResolution' is 'node16' or 'nodenext'. Did you mean './beta-badge.js'?
frontend/src/components/layout/nav-tab.tsx(4,32): error TS2835: Relative import paths need explicit file extensions in ECMAScript imports when '--moduleResolution' is 'node16' or 'nodenext'. Did you mean '../shared/loading-spinner.js'?
frontend/src/components/layout/nav-tab.tsx(24,5): error TS17004: Cannot use JSX unless the '--jsx' flag is provided.
frontend/src/components/layout/nav-tab.tsx(37,9): error TS17004: Cannot use JSX unless the '--jsx' flag is provided.
frontend/src/components/layout/nav-tab.tsx(40,13): error TS17004: Cannot use JSX unless the '--jsx' flag is provided.
frontend/src/components/layout/nav-tab.tsx(44,11): error TS17004: Cannot use JSX unless the '--jsx' flag is provided.
frontend/src/components/layout/nav-tab.tsx(45,13): error TS17004: Cannot use JSX unless the '--jsx' flag is provided.
frontend/src/components/layout/nav-tab.tsx(46,15): error TS17004: Cannot use JSX unless the '--jsx' flag is provided.
frontend/src/components/layout/nav-tab.tsx(56,15): error TS17004: Cannot use JSX unless the '--jsx' flag is provided.
frontend/src/components/layout/nav-tab.tsx(67,17): error TS17004: Cannot use JSX unless the '--jsx' flag is provided.
frontend/src/components/layout/nav-tab.tsx(68,19): error TS17004: Cannot use JSX unless the '--jsx' flag is provided.
frontend/src/components/layout/nav-tab.tsx(73,13): error TS17004: Cannot use JSX unless the '--jsx' flag is provided.
frontend/src/components/layout/nav-tab.tsx(76,17): error TS17004: Cannot use JSX unless the '--jsx' flag is provided.
frontend/src/components/layout/nav-tab.tsx(77,19): error TS17004: Cannot use JSX unless the '--jsx' flag is provided.
frontend/src/components/layout/nav-tab.tsx(84,11): error TS17004: Cannot use JSX unless the '--jsx' flag is provided.
frontend/src/components/layout/resizable-panel.tsx(9,28): error TS2835: Relative import paths need explicit file extensions in ECMAScript imports when '--moduleResolution' is 'node16' or 'nodenext'. Did you mean '../shared/buttons/icon-button.js'?
frontend/src/components/layout/resizable-panel.tsx(159,5): error TS17004: Cannot use JSX unless the '--jsx' flag is provided.
frontend/src/components/layout/resizable-panel.tsx(160,7): error TS17004: Cannot use JSX unless the '--jsx' flag is provided.
frontend/src/components/layout/resizable-panel.tsx(167,7): error TS17004: Cannot use JSX unless the '--jsx' flag is provided.
frontend/src/components/layout/resizable-panel.tsx(171,9): error TS17004: Cannot use JSX unless the '--jsx' flag is provided.
frontend/src/components/layout/resizable-panel.tsx(172,32): error TS17004: Cannot use JSX unless the '--jsx' flag is provided.
frontend/src/components/layout/resizable-panel.tsx(172,53): error TS17004: Cannot use JSX unless the '--jsx' flag is provided.
frontend/src/components/layout/resizable-panel.tsx(176,9): error TS17004: Cannot use JSX unless the '--jsx' flag is provided.
frontend/src/components/layout/resizable-panel.tsx(177,32): error TS17004: Cannot use JSX unless the '--jsx' flag is provided.
frontend/src/components/layout/resizable-panel.tsx(177,54): error TS17004: Cannot use JSX unless the '--jsx' flag is provided.
frontend/src/components/layout/resizable-panel.tsx(182,7): error TS17004: Cannot use JSX unless the '--jsx' flag is provided.
frontend/src/components/layout/scroll-left-button.tsx(2,29): error TS2835: Relative import paths need explicit file extensions in ECMAScript imports when '--moduleResolution' is 'node16' or 'nodenext'. Did you mean '../../assets/chevron-left.js'?
frontend/src/components/layout/scroll-left-button.tsx(14,5): error TS17004: Cannot use JSX unless the '--jsx' flag is provided.
frontend/src/components/layout/scroll-left-button.tsx(24,7): error TS17004: Cannot use JSX unless the '--jsx' flag is provided.
frontend/src/components/layout/scroll-right-button.tsx(2,30): error TS2835: Relative import paths need explicit file extensions in ECMAScript imports when '--moduleResolution' is 'node16' or 'nodenext'. Did you mean '../../assets/chevron-right.js'?
frontend/src/components/layout/scroll-right-button.tsx(14,5): error TS17004: Cannot use JSX unless the '--jsx' flag is provided.
frontend/src/components/layout/scroll-right-button.tsx(24,7): error TS17004: Cannot use JSX unless the '--jsx' flag is provided.
frontend/src/components/layout/served-app-label.tsx(2,10): error TS2614: Module '"#/*"' has no exported member 'useActiveHost'. Did you mean to use 'import useActiveHost from "#/*"' instead?
frontend/src/components/layout/served-app-label.tsx(3,10): error TS2614: Module '"#/*"' has no exported member 'I18nKey'. Did you mean to use 'import I18nKey from "#/*"' instead?
frontend/src/components/layout/served-app-label.tsx(10,5): error TS17004: Cannot use JSX unless the '--jsx' flag is provided.
frontend/src/components/layout/served-app-label.tsx(11,7): error TS17004: Cannot use JSX unless the '--jsx' flag is provided.
frontend/src/components/layout/served-app-label.tsx(12,9): error TS17004: Cannot use JSX unless the '--jsx' flag is provided.
frontend/src/components/layout/served-app-label.tsx(15,9): error TS17004: Cannot use JSX unless the '--jsx' flag is provided.
frontend/src/components/layout/served-app-label.tsx(17,22): error TS17004: Cannot use JSX unless the '--jsx' flag is provided.
frontend/src/components/layout/tab-content.tsx(3,32): error TS2835: Relative import paths need explicit file extensions in ECMAScript imports when '--moduleResolution' is 'node16' or 'nodenext'. Did you mean '../shared/loading-spinner.js'?
frontend/src/components/layout/tab-content.tsx(30,5): error TS17004: Cannot use JSX unless the '--jsx' flag is provided.
frontend/src/components/layout/tab-content.tsx(32,7): error TS17004: Cannot use JSX unless the '--jsx' flag is provided.
frontend/src/components/layout/tab-content.tsx(34,11): error TS17004: Cannot use JSX unless the '--jsx' flag is provided.
frontend/src/components/layout/tab-content.tsx(35,13): error TS17004: Cannot use JSX unless the '--jsx' flag is provided.
frontend/src/components/layout/tab-content.tsx(39,9): error TS17004: Cannot use JSX unless the '--jsx' flag is provided.
frontend/src/components/layout/tab-content.tsx(42,11): error TS17004: Cannot use JSX unless the '--jsx' flag is provided.
frontend/src/components/layout/tab-content.tsx(44,9): error TS17004: Cannot use JSX unless the '--jsx' flag is provided.
frontend/src/components/layout/tab-content.tsx(47,11): error TS17004: Cannot use JSX unless the '--jsx' flag is provided.
frontend/src/components/layout/tab-content.tsx(49,9): error TS17004: Cannot use JSX unless the '--jsx' flag is provided.
frontend/src/components/layout/tab-content.tsx(52,11): error TS17004: Cannot use JSX unless the '--jsx' flag is provided.
frontend/src/components/layout/tab-content.tsx(54,9): error TS17004: Cannot use JSX unless the '--jsx' flag is provided.
frontend/src/components/layout/tab-content.tsx(57,11): error TS17004: Cannot use JSX unless the '--jsx' flag is provided.
frontend/src/components/layout/tab-content.tsx(59,9): error TS17004: Cannot use JSX unless the '--jsx' flag is provided.
frontend/src/components/layout/tab-content.tsx(62,11): error TS17004: Cannot use JSX unless the '--jsx' flag is provided.
frontend/src/components/layout/tab-content.tsx(64,9): error TS17004: Cannot use JSX unless the '--jsx' flag is provided.
frontend/src/components/layout/tab-content.tsx(67,11): error TS17004: Cannot use JSX unless the '--jsx' flag is provided.
frontend/src/components/LazyRoute.tsx(4,32): error TS2835: Relative import paths need explicit file extensions in ECMAScript imports when '--moduleResolution' is 'node16' or 'nodenext'. Did you mean '../routes/home.js'?
frontend/src/components/LazyRoute.tsx(5,40): error TS2835: Relative import paths need explicit file extensions in ECMAScript imports when '--moduleResolution' is 'node16' or 'nodenext'. Did you mean '../routes/conversation.js'?
frontend/src/components/LazyRoute.tsx(6,36): error TS2835: Relative import paths need explicit file extensions in ECMAScript imports when '--moduleResolution' is 'node16' or 'nodenext'. Did you mean '../routes/settings.js'?
frontend/src/components/LazyRoute.tsx(11,5): error TS17004: Cannot use JSX unless the '--jsx' flag is provided.
frontend/src/components/LazyRoute.tsx(12,7): error TS17004: Cannot use JSX unless the '--jsx' flag is provided.
frontend/src/components/LazyRoute.tsx(13,9): error TS17004: Cannot use JSX unless the '--jsx' flag is provided.
frontend/src/components/LazyRoute.tsx(14,9): error TS17004: Cannot use JSX unless the '--jsx' flag is provided.
frontend/src/components/LazyRoute.tsx(25,16): error TS17004: Cannot use JSX unless the '--jsx' flag is provided.
frontend/src/components/LazyRoute.tsx(27,16): error TS17004: Cannot use JSX unless the '--jsx' flag is provided.
frontend/src/components/LazyRoute.tsx(29,16): error TS17004: Cannot use JSX unless the '--jsx' flag is provided.
frontend/src/components/LazyRoute.tsx(31,16): error TS17004: Cannot use JSX unless the '--jsx' flag is provided.
frontend/src/components/LazyRoute.tsx(35,10): error TS17004: Cannot use JSX unless the '--jsx' flag is provided.
frontend/src/components/LazyRoute.tsx(35,30): error TS17004: Cannot use JSX unless the '--jsx' flag is provided.
frontend/src/components/PerformanceOptimizedImage.tsx(28,7): error TS17004: Cannot use JSX unless the '--jsx' flag is provided.
frontend/src/components/PerformanceOptimizedImage.tsx(32,9): error TS17004: Cannot use JSX unless the '--jsx' flag is provided.
frontend/src/components/PerformanceOptimizedImage.tsx(38,5): error TS17004: Cannot use JSX unless the '--jsx' flag is provided.
frontend/src/components/PerformanceOptimizedImage.tsx(40,9): error TS17004: Cannot use JSX unless the '--jsx' flag is provided.
frontend/src/components/PerformanceOptimizedImage.tsx(44,11): error TS17004: Cannot use JSX unless the '--jsx' flag is provided.
frontend/src/components/PerformanceOptimizedImage.tsx(47,7): error TS17004: Cannot use JSX unless the '--jsx' flag is provided.
frontend/src/components/shared/action-tooltip.tsx(3,10): error TS2614: Module '"#/*"' has no exported member 'I18nKey'. Did you mean to use 'import I18nKey from "#/*"' instead?
frontend/src/components/shared/action-tooltip.tsx(4,10): error TS2614: Module '"#/*"' has no exported member 'cn'. Did you mean to use 'import cn from "#/*"' instead?
frontend/src/components/shared/action-tooltip.tsx(33,5): error TS17004: Cannot use JSX unless the '--jsx' flag is provided.
frontend/src/components/shared/action-tooltip.tsx(34,7): error TS17004: Cannot use JSX unless the '--jsx' flag is provided.
frontend/src/components/shared/backgrounds/Plasma.tsx(2,10): error TS2305: Module '"ogl"' has no exported member 'Renderer'.
frontend/src/components/shared/backgrounds/Plasma.tsx(2,20): error TS2305: Module '"ogl"' has no exported member 'Program'.
frontend/src/components/shared/backgrounds/Plasma.tsx(2,29): error TS2305: Module '"ogl"' has no exported member 'Mesh'.
frontend/src/components/shared/backgrounds/Plasma.tsx(2,35): error TS2305: Module '"ogl"' has no exported member 'Triangle'.
frontend/src/components/shared/backgrounds/Plasma.tsx(217,10): error TS17004: Cannot use JSX unless the '--jsx' flag is provided.
frontend/src/components/shared/badge.tsx(1,10): error TS2614: Module '"#/*"' has no exported member 'cn'. Did you mean to use 'import cn from "#/*"' instead?
frontend/src/components/shared/badge.tsx(12,5): error TS17004: Cannot use JSX unless the '--jsx' flag is provided.
frontend/src/components/shared/buttons/action-button.tsx(2,10): error TS2614: Module '"#/*"' has no exported member 'AgentState'. Did you mean to use 'import AgentState from "#/*"' instead?
frontend/src/components/shared/buttons/action-button.tsx(19,5): error TS17004: Cannot use JSX unless the '--jsx' flag is provided.
frontend/src/components/shared/buttons/action-button.tsx(20,7): error TS17004: Cannot use JSX unless the '--jsx' flag is provided.
frontend/src/components/shared/buttons/action-button.tsx(26,9): error TS17004: Cannot use JSX unless the '--jsx' flag is provided.
frontend/src/components/shared/buttons/all-hands-logo-button.tsx(2,31): error TS2835: Relative import paths need explicit file extensions in ECMAScript imports when '--moduleResolution' is 'node16' or 'nodenext'. Did you mean './tooltip-button.js'?
frontend/src/components/shared/buttons/all-hands-logo-button.tsx(8,5): error TS17004: Cannot use JSX unless the '--jsx' flag is provided.
frontend/src/components/shared/buttons/all-hands-logo-button.tsx(16,7): error TS17004: Cannot use JSX unless the '--jsx' flag is provided.
frontend/src/components/shared/buttons/all-hands-logo-button.tsx(17,9): error TS17004: Cannot use JSX unless the '--jsx' flag is provided.
frontend/src/components/shared/buttons/all-hands-logo-button.tsx(18,9): error TS17004: Cannot use JSX unless the '--jsx' flag is provided.
frontend/src/components/shared/buttons/confirmation-buttons.tsx(4,10): error TS2614: Module '"#/*"' has no exported member 'I18nKey'. Did you mean to use 'import I18nKey from "#/*"' instead?
frontend/src/components/shared/buttons/confirmation-buttons.tsx(5,10): error TS2614: Module '"#/*"' has no exported member 'AgentState'. Did you mean to use 'import AgentState from "#/*"' instead?
frontend/src/components/shared/buttons/confirmation-buttons.tsx(6,10): error TS2614: Module '"#/*"' has no exported member 'generateAgentStateChangeEvent'. Did you mean to use 'import generateAgentStateChangeEvent from "#/*"' instead?
frontend/src/components/shared/buttons/confirmation-buttons.tsx(7,10): error TS2614: Module '"#/*"' has no exported member 'useWsClient'. Did you mean to use 'import useWsClient from "#/*"' instead?
frontend/src/components/shared/buttons/confirmation-buttons.tsx(8,31): error TS2835: Relative import paths need explicit file extensions in ECMAScript imports when '--moduleResolution' is 'node16' or 'nodenext'. Did you mean '../action-tooltip.js'?
frontend/src/components/shared/buttons/confirmation-buttons.tsx(9,10): error TS2614: Module '"#/*"' has no exported member 'isOpenHandsAction'. Did you mean to use 'import isOpenHandsAction from "#/*"' instead?
frontend/src/components/shared/buttons/confirmation-buttons.tsx(10,10): error TS2614: Module '"#/*"' has no exported member 'ActionSecurityRisk'. Did you mean to use 'import ActionSecurityRisk from "#/*"' instead?
frontend/src/components/shared/buttons/confirmation-buttons.tsx(11,10): error TS2614: Module '"#/*"' has no exported member 'RiskAlert'. Did you mean to use 'import RiskAlert from "#/*"' instead?
frontend/src/components/shared/buttons/confirmation-buttons.tsx(13,10): error TS2614: Module '"#/*"' has no exported member 'RootState'. Did you mean to use 'import RootState from "#/*"' instead?
frontend/src/components/shared/buttons/confirmation-buttons.tsx(14,10): error TS2614: Module '"#/*"' has no exported member 'addSubmittedEventId'. Did you mean to use 'import addSubmittedEventId from "#/*"' instead?
frontend/src/components/shared/buttons/confirmation-buttons.tsx(31,12): error TS7006: Parameter 'ev' implicitly has an 'any' type.
frontend/src/components/shared/buttons/confirmation-buttons.tsx(97,5): error TS17004: Cannot use JSX unless the '--jsx' flag is provided.
frontend/src/components/shared/buttons/confirmation-buttons.tsx(99,9): error TS17004: Cannot use JSX unless the '--jsx' flag is provided.
frontend/src/components/shared/buttons/confirmation-buttons.tsx(101,17): error TS17004: Cannot use JSX unless the '--jsx' flag is provided.
frontend/src/components/shared/buttons/confirmation-buttons.tsx(106,7): error TS17004: Cannot use JSX unless the '--jsx' flag is provided.
frontend/src/components/shared/buttons/confirmation-buttons.tsx(107,9): error TS17004: Cannot use JSX unless the '--jsx' flag is provided.
frontend/src/components/shared/buttons/confirmation-buttons.tsx(110,9): error TS17004: Cannot use JSX unless the '--jsx' flag is provided.
frontend/src/components/shared/buttons/confirmation-buttons.tsx(111,11): error TS17004: Cannot use JSX unless the '--jsx' flag is provided.
frontend/src/components/shared/buttons/confirmation-buttons.tsx(115,11): error TS17004: Cannot use JSX unless the '--jsx' flag is provided.
frontend/src/components/shared/buttons/conversation-panel-button.tsx(3,10): error TS2614: Module '"#/*"' has no exported member 'I18nKey'. Did you mean to use 'import I18nKey from "#/*"' instead?
frontend/src/components/shared/buttons/conversation-panel-button.tsx(5,31): error TS2835: Relative import paths need explicit file extensions in ECMAScript imports when '--moduleResolution' is 'node16' or 'nodenext'. Did you mean './tooltip-button.js'?
frontend/src/components/shared/buttons/conversation-panel-button.tsx(6,10): error TS2614: Module '"#/*"' has no exported member 'cn'. Did you mean to use 'import cn from "#/*"' instead?
frontend/src/components/shared/buttons/conversation-panel-button.tsx(22,5): error TS17004: Cannot use JSX unless the '--jsx' flag is provided.
frontend/src/components/shared/buttons/conversation-panel-button.tsx(29,7): error TS17004: Cannot use JSX unless the '--jsx' flag is provided.
frontend/src/components/shared/buttons/copy-to-clipboard-button.tsx(4,10): error TS2614: Module '"#/*"' has no exported member 'I18nKey'. Did you mean to use 'import I18nKey from "#/*"' instead?
frontend/src/components/shared/buttons/copy-to-clipboard-button.tsx(21,5): error TS17004: Cannot use JSX unless the '--jsx' flag is provided.
frontend/src/components/shared/buttons/copy-to-clipboard-button.tsx(32,27): error TS17004: Cannot use JSX unless the '--jsx' flag is provided.
frontend/src/components/shared/buttons/copy-to-clipboard-button.tsx(33,29): error TS17004: Cannot use JSX unless the '--jsx' flag is provided.
frontend/src/components/shared/buttons/docs-button.tsx(3,10): error TS2614: Module '"#/*"' has no exported member 'I18nKey'. Did you mean to use 'import I18nKey from "#/*"' instead?
frontend/src/components/shared/buttons/docs-button.tsx(4,31): error TS2835: Relative import paths need explicit file extensions in ECMAScript imports when '--moduleResolution' is 'node16' or 'nodenext'. Did you mean './tooltip-button.js'?
frontend/src/components/shared/buttons/docs-button.tsx(13,5): error TS17004: Cannot use JSX unless the '--jsx' flag is provided.
frontend/src/components/shared/buttons/docs-button.tsx(19,7): error TS17004: Cannot use JSX unless the '--jsx' flag is provided.
frontend/src/components/shared/buttons/editor-action-button.tsx(1,10): error TS2614: Module '"#/*"' has no exported member 'cn'. Did you mean to use 'import cn from "#/*"' instead?
frontend/src/components/shared/buttons/editor-action-button.tsx(16,5): error TS17004: Cannot use JSX unless the '--jsx' flag is provided.
frontend/src/components/shared/buttons/icon-button.tsx(18,5): error TS17004: Cannot use JSX unless the '--jsx' flag is provided.
frontend/src/components/shared/buttons/microagent-management-button.tsx(2,10): error TS2614: Module '"#/*"' has no exported member 'I18nKey'. Did you mean to use 'import I18nKey from "#/*"' instead?
frontend/src/components/shared/buttons/microagent-management-button.tsx(3,31): error TS2835: Relative import paths need explicit file extensions in ECMAScript imports when '--moduleResolution' is 'node16' or 'nodenext'. Did you mean './tooltip-button.js'?
frontend/src/components/shared/buttons/microagent-management-button.tsx(18,5): error TS17004: Cannot use JSX unless the '--jsx' flag is provided.
frontend/src/components/shared/buttons/microagent-management-button.tsx(25,7): error TS17004: Cannot use JSX unless the '--jsx' flag is provided.
frontend/src/components/shared/buttons/modal-button.tsx(28,5): error TS17004: Cannot use JSX unless the '--jsx' flag is provided.
frontend/src/components/shared/buttons/new-project-button.tsx(2,10): error TS2614: Module '"#/*"' has no exported member 'I18nKey'. Did you mean to use 'import I18nKey from "#/*"' instead?
frontend/src/components/shared/buttons/new-project-button.tsx(4,31): error TS2835: Relative import paths need explicit file extensions in ECMAScript imports when '--moduleResolution' is 'node16' or 'nodenext'. Did you mean './tooltip-button.js'?
frontend/src/components/shared/buttons/new-project-button.tsx(14,5): error TS17004: Cannot use JSX unless the '--jsx' flag is provided.
frontend/src/components/shared/buttons/new-project-button.tsx(21,7): error TS17004: Cannot use JSX unless the '--jsx' flag is provided.
frontend/src/components/shared/buttons/refresh-button.tsx(9,5): error TS17004: Cannot use JSX unless the '--jsx' flag is provided.
frontend/src/components/shared/buttons/refresh-button.tsx(10,7): error TS17004: Cannot use JSX unless the '--jsx' flag is provided.
frontend/src/components/shared/buttons/refresh-icon-button.tsx(3,28): error TS2835: Relative import paths need explicit file extensions in ECMAScript imports when '--moduleResolution' is 'node16' or 'nodenext'. Did you mean './icon-button.js'?
frontend/src/components/shared/buttons/refresh-icon-button.tsx(4,10): error TS2614: Module '"#/*"' has no exported member 'I18nKey'. Did you mean to use 'import I18nKey from "#/*"' instead?
frontend/src/components/shared/buttons/refresh-icon-button.tsx(14,5): error TS17004: Cannot use JSX unless the '--jsx' flag is provided.
frontend/src/components/shared/buttons/refresh-icon-button.tsx(16,9): error TS17004: Cannot use JSX unless the '--jsx' flag is provided.
frontend/src/components/shared/buttons/remove-button.tsx(1,10): error TS2614: Module '"#/*"' has no exported member 'cn'. Did you mean to use 'import cn from "#/*"' instead?
frontend/src/components/shared/buttons/remove-button.tsx(11,5): error TS17004: Cannot use JSX unless the '--jsx' flag is provided.
frontend/src/components/shared/buttons/remove-button.tsx(19,7): error TS17004: Cannot use JSX unless the '--jsx' flag is provided.
frontend/src/components/shared/buttons/scroll-to-bottom-button.tsx(9,5): error TS17004: Cannot use JSX unless the '--jsx' flag is provided.
frontend/src/components/shared/buttons/scroll-to-bottom-button.tsx(16,7): error TS17004: Cannot use JSX unless the '--jsx' flag is provided.
frontend/src/components/shared/buttons/scroll-to-bottom-button.tsx(17,9): error TS17004: Cannot use JSX unless the '--jsx' flag is provided.
frontend/src/components/shared/buttons/settings-button.tsx(3,31): error TS2835: Relative import paths need explicit file extensions in ECMAScript imports when '--moduleResolution' is 'node16' or 'nodenext'. Did you mean './tooltip-button.js'?
frontend/src/components/shared/buttons/settings-button.tsx(4,10): error TS2614: Module '"#/*"' has no exported member 'I18nKey'. Did you mean to use 'import I18nKey from "#/*"' instead?
frontend/src/components/shared/buttons/settings-button.tsx(5,10): error TS2614: Module '"#/*"' has no exported member 'useConfig'. Did you mean to use 'import useConfig from "#/*"' instead?
frontend/src/components/shared/buttons/settings-button.tsx(25,5): error TS17004: Cannot use JSX unless the '--jsx' flag is provided.
frontend/src/components/shared/buttons/settings-button.tsx(33,7): error TS17004: Cannot use JSX unless the '--jsx' flag is provided.
frontend/src/components/shared/buttons/stop-button.tsx(3,10): error TS2614: Module '"#/*"' has no exported member 'I18nKey'. Did you mean to use 'import I18nKey from "#/*"' instead?
frontend/src/components/shared/buttons/stop-button.tsx(13,5): error TS17004: Cannot use JSX unless the '--jsx' flag is provided.
frontend/src/components/shared/buttons/stop-button.tsx(36,7): error TS17004: Cannot use JSX unless the '--jsx' flag is provided.
frontend/src/components/shared/buttons/submit-button.tsx(3,10): error TS2614: Module '"#/*"' has no exported member 'I18nKey'. Did you mean to use 'import I18nKey from "#/*"' instead?
frontend/src/components/shared/buttons/submit-button.tsx(13,5): error TS17004: Cannot use JSX unless the '--jsx' flag is provided.
frontend/src/components/shared/buttons/submit-button.tsx(35,7): error TS17004: Cannot use JSX unless the '--jsx' flag is provided.
frontend/src/components/shared/buttons/tooltip-button.tsx(4,10): error TS2614: Module '"#/*"' has no exported member 'cn'. Did you mean to use 'import cn from "#/*"' instead?
frontend/src/components/shared/buttons/tooltip-button.tsx(50,7): error TS17004: Cannot use JSX unless the '--jsx' flag is provided.
frontend/src/components/shared/buttons/tooltip-button.tsx(70,7): error TS17004: Cannot use JSX unless the '--jsx' flag is provided.
frontend/src/components/shared/buttons/tooltip-button.tsx(85,7): error TS17004: Cannot use JSX unless the '--jsx' flag is provided.
frontend/src/components/shared/buttons/tooltip-button.tsx(103,7): error TS17004: Cannot use JSX unless the '--jsx' flag is provided.
frontend/src/components/shared/buttons/tooltip-button.tsx(120,7): error TS17004: Cannot use JSX unless the '--jsx' flag is provided.
frontend/src/components/shared/buttons/tooltip-button.tsx(144,5): error TS17004: Cannot use JSX unless the '--jsx' flag is provided.
frontend/src/components/shared/buttons/tooltip-button.tsx(153,7): error TS17004: Cannot use JSX unless the '--jsx' flag is provided.
frontend/src/components/shared/buttons/trajectory-action-button.tsx(20,5): error TS17004: Cannot use JSX unless the '--jsx' flag is provided.
frontend/src/components/shared/buttons/trajectory-action-button.tsx(28,7): error TS17004: Cannot use JSX unless the '--jsx' flag is provided.
frontend/src/components/shared/buttons/trajectory-action-button.tsx(36,7): error TS17004: Cannot use JSX unless the '--jsx' flag is provided.
frontend/src/components/shared/card-skeleton.tsx(7,5): error TS17004: Cannot use JSX unless the '--jsx' flag is provided.
frontend/src/components/shared/card-skeleton.tsx(9,7): error TS17004: Cannot use JSX unless the '--jsx' flag is provided.
frontend/src/components/shared/card-skeleton.tsx(10,9): error TS17004: Cannot use JSX unless the '--jsx' flag is provided.
frontend/src/components/shared/card-skeleton.tsx(11,11): error TS17004: Cannot use JSX unless the '--jsx' flag is provided.
frontend/src/components/shared/card-skeleton.tsx(12,11): error TS17004: Cannot use JSX unless the '--jsx' flag is provided.
frontend/src/components/shared/card-skeleton.tsx(13,13): error TS17004: Cannot use JSX unless the '--jsx' flag is provided.
frontend/src/components/shared/card-skeleton.tsx(14,13): error TS17004: Cannot use JSX unless the '--jsx' flag is provided.
frontend/src/components/shared/card-skeleton.tsx(17,9): error TS17004: Cannot use JSX unless the '--jsx' flag is provided.
frontend/src/components/shared/card-skeleton.tsx(21,7): error TS17004: Cannot use JSX unless the '--jsx' flag is provided.
frontend/src/components/shared/card-skeleton.tsx(22,9): error TS17004: Cannot use JSX unless the '--jsx' flag is provided.
frontend/src/components/shared/card-skeleton.tsx(23,9): error TS17004: Cannot use JSX unless the '--jsx' flag is provided.
frontend/src/components/shared/card-skeleton.tsx(27,7): error TS17004: Cannot use JSX unless the '--jsx' flag is provided.
frontend/src/components/shared/card-skeleton.tsx(28,9): error TS17004: Cannot use JSX unless the '--jsx' flag is provided.
frontend/src/components/shared/card-skeleton.tsx(29,9): error TS17004: Cannot use JSX unless the '--jsx' flag is provided.
frontend/src/components/shared/card-skeleton.tsx(30,9): error TS17004: Cannot use JSX unless the '--jsx' flag is provided.
frontend/src/components/shared/card-skeleton.tsx(34,7): error TS17004: Cannot use JSX unless the '--jsx' flag is provided.
frontend/src/components/shared/card-skeleton.tsx(35,9): error TS17004: Cannot use JSX unless the '--jsx' flag is provided.
frontend/src/components/shared/card-skeleton.tsx(36,9): error TS17004: Cannot use JSX unless the '--jsx' flag is provided.
frontend/src/components/shared/card-skeleton.tsx(37,9): error TS17004: Cannot use JSX unless the '--jsx' flag is provided.
frontend/src/components/shared/card-skeleton.tsx(41,7): error TS17004: Cannot use JSX unless the '--jsx' flag is provided.
frontend/src/components/shared/card-skeleton.tsx(42,9): error TS17004: Cannot use JSX unless the '--jsx' flag is provided.
frontend/src/components/shared/card-skeleton.tsx(43,9): error TS17004: Cannot use JSX unless the '--jsx' flag is provided.
frontend/src/components/shared/card-skeleton.tsx(51,5): error TS17004: Cannot use JSX unless the '--jsx' flag is provided.
frontend/src/components/shared/card-skeleton.tsx(53,9): error TS17004: Cannot use JSX unless the '--jsx' flag is provided.
frontend/src/components/shared/ClientFormattedDate.tsx(50,10): error TS17004: Cannot use JSX unless the '--jsx' flag is provided.
frontend/src/components/shared/ClientNumber.tsx(36,10): error TS17004: Cannot use JSX unless the '--jsx' flag is provided.
frontend/src/components/shared/ClientTimeDelta.tsx(51,10): error TS17004: Cannot use JSX unless the '--jsx' flag is provided.
frontend/src/components/shared/command-console/command-console.tsx(3,10): error TS2614: Module '"#/*"' has no exported member 'useWsClient'. Did you mean to use 'import useWsClient from "#/*"' instead?
frontend/src/components/shared/command-console/command-console.tsx(117,5): error TS17004: Cannot use JSX unless the '--jsx' flag is provided.
frontend/src/components/shared/command-console/command-console.tsx(118,7): error TS17004: Cannot use JSX unless the '--jsx' flag is provided.
frontend/src/components/shared/command-console/command-console.tsx(119,9): error TS17004: Cannot use JSX unless the '--jsx' flag is provided.
frontend/src/components/shared/command-console/command-console.tsx(125,11): error TS17004: Cannot use JSX unless the '--jsx' flag is provided.
frontend/src/components/shared/command-console/command-console.tsx(128,11): error TS17004: Cannot use JSX unless the '--jsx' flag is provided.
frontend/src/components/shared/command-console/command-console.tsx(134,13): error TS17004: Cannot use JSX unless the '--jsx' flag is provided.
frontend/src/components/shared/command-console/command-console.tsx(146,9): error TS17004: Cannot use JSX unless the '--jsx' flag is provided.
frontend/src/components/shared/command-console/command-console.tsx(147,11): error TS17004: Cannot use JSX unless the '--jsx' flag is provided.
frontend/src/components/shared/command-console/command-console.tsx(148,13): error TS17004: Cannot use JSX unless the '--jsx' flag is provided.
frontend/src/components/shared/command-console/command-console.tsx(153,13): error TS17004: Cannot use JSX unless the '--jsx' flag is provided.
frontend/src/components/shared/command-console/command-console.tsx(162,15): error TS17004: Cannot use JSX unless the '--jsx' flag is provided.
frontend/src/components/shared/command-console/command-console.tsx(163,15): error TS17004: Cannot use JSX unless the '--jsx' flag is provided.
frontend/src/components/shared/command-console/command-console.tsx(168,11): error TS17004: Cannot use JSX unless the '--jsx' flag is provided.
frontend/src/components/shared/command-console/command-console.tsx(170,15): error TS17004: Cannot use JSX unless the '--jsx' flag is provided.
frontend/src/components/shared/command-console/command-console.tsx(174,17): error TS17004: Cannot use JSX unless the '--jsx' flag is provided.
frontend/src/components/shared/command-console/command-console.tsx(175,17): error TS17004: Cannot use JSX unless the '--jsx' flag is provided.
frontend/src/components/shared/command-console/command-console.tsx(176,19): error TS17004: Cannot use JSX unless the '--jsx' flag is provided.
frontend/src/components/shared/command-console/command-console.tsx(177,21): error TS17004: Cannot use JSX unless the '--jsx' flag is provided.
frontend/src/components/shared/command-console/command-console.tsx(180,21): error TS17004: Cannot use JSX unless the '--jsx' flag is provided.
frontend/src/components/shared/command-console/command-console.tsx(181,23): error TS17004: Cannot use JSX unless the '--jsx' flag is provided.
frontend/src/components/shared/command-console/command-console.tsx(190,21): error TS17004: Cannot use JSX unless the '--jsx' flag is provided.
frontend/src/components/shared/command-console/command-console.tsx(191,23): error TS17004: Cannot use JSX unless the '--jsx' flag is provided.
frontend/src/components/shared/command-console/command-console.tsx(198,17): error TS17004: Cannot use JSX unless the '--jsx' flag is provided.
frontend/src/components/shared/command-console/command-console.tsx(199,19): error TS17004: Cannot use JSX unless the '--jsx' flag is provided.
frontend/src/components/shared/custom-input.tsx(2,10): error TS2614: Module '"#/*"' has no exported member 'I18nKey'. Did you mean to use 'import I18nKey from "#/*"' instead?
frontend/src/components/shared/custom-input.tsx(22,5): error TS17004: Cannot use JSX unless the '--jsx' flag is provided.
frontend/src/components/shared/custom-input.tsx(23,7): error TS17004: Cannot use JSX unless the '--jsx' flag is provided.
frontend/src/components/shared/custom-input.tsx(25,22): error TS17004: Cannot use JSX unless the '--jsx' flag is provided.
frontend/src/components/shared/custom-input.tsx(27,11): error TS17004: Cannot use JSX unless the '--jsx' flag is provided.
frontend/src/components/shared/custom-input.tsx(32,7): error TS17004: Cannot use JSX unless the '--jsx' flag is provided.
frontend/src/components/shared/demo/loading-demo.tsx(2,32): error TS2835: Relative import paths need explicit file extensions in ECMAScript imports when '--moduleResolution' is 'node16' or 'nodenext'. Did you mean '../loading-spinner.js'?
frontend/src/components/shared/demo/loading-demo.tsx(8,8): error TS2835: Relative import paths need explicit file extensions in ECMAScript imports when '--moduleResolution' is 'node16' or 'nodenext'. Did you mean '../loading/skeleton-loader.js'?
frontend/src/components/shared/demo/loading-demo.tsx(14,8): error TS2835: Relative import paths need explicit file extensions in ECMAScript imports when '--moduleResolution' is 'node16' or 'nodenext'. Did you mean '../loading/loading-state.js'?
frontend/src/components/shared/demo/loading-demo.tsx(15,31): error TS2835: Relative import paths need explicit file extensions in ECMAScript imports when '--moduleResolution' is 'node16' or 'nodenext'. Did you mean '../error/error-boundary.js'?
frontend/src/components/shared/demo/loading-demo.tsx(16,36): error TS2835: Relative import paths need explicit file extensions in ECMAScript imports when '--moduleResolution' is 'node16' or 'nodenext'. Did you mean '../../features/chat/error-message-banner.js'?
frontend/src/components/shared/demo/loading-demo.tsx(17,33): error TS2835: Relative import paths need explicit file extensions in ECMAScript imports when '--moduleResolution' is 'node16' or 'nodenext'. Did you mean '../notifications/toast.js'?
frontend/src/components/shared/demo/loading-demo.tsx(21,8): error TS2835: Relative import paths need explicit file extensions in ECMAScript imports when '--moduleResolution' is 'node16' or 'nodenext'. Did you mean '../../../hooks/use-loading-state.js'?
frontend/src/components/shared/demo/loading-demo.tsx(22,32): error TS2835: Relative import paths need explicit file extensions in ECMAScript imports when '--moduleResolution' is 'node16' or 'nodenext'. Did you mean '../inputs/custom-dropdown.js'?
frontend/src/components/shared/demo/loading-demo.tsx(33,5): error TS17004: Cannot use JSX unless the '--jsx' flag is provided.
frontend/src/components/shared/demo/loading-demo.tsx(34,7): error TS17004: Cannot use JSX unless the '--jsx' flag is provided.
frontend/src/components/shared/demo/loading-demo.tsx(35,7): error TS17004: Cannot use JSX unless the '--jsx' flag is provided.
frontend/src/components/shared/demo/loading-demo.tsx(39,7): error TS17004: Cannot use JSX unless the '--jsx' flag is provided.
frontend/src/components/shared/demo/loading-demo.tsx(75,14): error TS7006: Parameter 'result' implicitly has an 'any' type.
frontend/src/components/shared/demo/loading-demo.tsx(76,15): error TS7006: Parameter 'err' implicitly has an 'any' type.
frontend/src/components/shared/demo/loading-demo.tsx(80,5): error TS17004: Cannot use JSX unless the '--jsx' flag is provided.
frontend/src/components/shared/demo/loading-demo.tsx(81,7): error TS17004: Cannot use JSX unless the '--jsx' flag is provided.
frontend/src/components/shared/demo/loading-demo.tsx(82,9): error TS17004: Cannot use JSX unless the '--jsx' flag is provided.
frontend/src/components/shared/demo/loading-demo.tsx(85,9): error TS17004: Cannot use JSX unless the '--jsx' flag is provided.
frontend/src/components/shared/demo/loading-demo.tsx(91,7): error TS17004: Cannot use JSX unless the '--jsx' flag is provided.
frontend/src/components/shared/demo/loading-demo.tsx(92,9): error TS17004: Cannot use JSX unless the '--jsx' flag is provided.
frontend/src/components/shared/demo/loading-demo.tsx(95,9): error TS17004: Cannot use JSX unless the '--jsx' flag is provided.
frontend/src/components/shared/demo/loading-demo.tsx(96,11): error TS17004: Cannot use JSX unless the '--jsx' flag is provided.
frontend/src/components/shared/demo/loading-demo.tsx(97,13): error TS17004: Cannot use JSX unless the '--jsx' flag is provided.
frontend/src/components/shared/demo/loading-demo.tsx(98,13): error TS17004: Cannot use JSX unless the '--jsx' flag is provided.
frontend/src/components/shared/demo/loading-demo.tsx(100,11): error TS17004: Cannot use JSX unless the '--jsx' flag is provided.
frontend/src/components/shared/demo/loading-demo.tsx(101,13): error TS17004: Cannot use JSX unless the '--jsx' flag is provided.
frontend/src/components/shared/demo/loading-demo.tsx(102,13): error TS17004: Cannot use JSX unless the '--jsx' flag is provided.
frontend/src/components/shared/demo/loading-demo.tsx(104,11): error TS17004: Cannot use JSX unless the '--jsx' flag is provided.
frontend/src/components/shared/demo/loading-demo.tsx(105,13): error TS17004: Cannot use JSX unless the '--jsx' flag is provided.
frontend/src/components/shared/demo/loading-demo.tsx(106,13): error TS17004: Cannot use JSX unless the '--jsx' flag is provided.
frontend/src/components/shared/demo/loading-demo.tsx(108,11): error TS17004: Cannot use JSX unless the '--jsx' flag is provided.
frontend/src/components/shared/demo/loading-demo.tsx(109,13): error TS17004: Cannot use JSX unless the '--jsx' flag is provided.
frontend/src/components/shared/demo/loading-demo.tsx(110,13): error TS17004: Cannot use JSX unless the '--jsx' flag is provided.
frontend/src/components/shared/demo/loading-demo.tsx(116,7): error TS17004: Cannot use JSX unless the '--jsx' flag is provided.
frontend/src/components/shared/demo/loading-demo.tsx(117,9): error TS17004: Cannot use JSX unless the '--jsx' flag is provided.
frontend/src/components/shared/demo/loading-demo.tsx(118,11): error TS17004: Cannot use JSX unless the '--jsx' flag is provided.
frontend/src/components/shared/demo/loading-demo.tsx(121,11): error TS17004: Cannot use JSX unless the '--jsx' flag is provided.
frontend/src/components/shared/demo/loading-demo.tsx(130,9): error TS17004: Cannot use JSX unless the '--jsx' flag is provided.
frontend/src/components/shared/demo/loading-demo.tsx(131,11): error TS17004: Cannot use JSX unless the '--jsx' flag is provided.
frontend/src/components/shared/demo/loading-demo.tsx(132,13): error TS17004: Cannot use JSX unless the '--jsx' flag is provided.
frontend/src/components/shared/demo/loading-demo.tsx(133,13): error TS17004: Cannot use JSX unless the '--jsx' flag is provided.
frontend/src/components/shared/demo/loading-demo.tsx(135,11): error TS17004: Cannot use JSX unless the '--jsx' flag is provided.
frontend/src/components/shared/demo/loading-demo.tsx(136,13): error TS17004: Cannot use JSX unless the '--jsx' flag is provided.
frontend/src/components/shared/demo/loading-demo.tsx(137,13): error TS17004: Cannot use JSX unless the '--jsx' flag is provided.
frontend/src/components/shared/demo/loading-demo.tsx(139,11): error TS17004: Cannot use JSX unless the '--jsx' flag is provided.
frontend/src/components/shared/demo/loading-demo.tsx(140,13): error TS17004: Cannot use JSX unless the '--jsx' flag is provided.
frontend/src/components/shared/demo/loading-demo.tsx(141,13): error TS17004: Cannot use JSX unless the '--jsx' flag is provided.
frontend/src/components/shared/demo/loading-demo.tsx(143,11): error TS17004: Cannot use JSX unless the '--jsx' flag is provided.
frontend/src/components/shared/demo/loading-demo.tsx(144,13): error TS17004: Cannot use JSX unless the '--jsx' flag is provided.
frontend/src/components/shared/demo/loading-demo.tsx(145,13): error TS17004: Cannot use JSX unless the '--jsx' flag is provided.
frontend/src/components/shared/demo/loading-demo.tsx(151,7): error TS17004: Cannot use JSX unless the '--jsx' flag is provided.
frontend/src/components/shared/demo/loading-demo.tsx(152,9): error TS17004: Cannot use JSX unless the '--jsx' flag is provided.
frontend/src/components/shared/demo/loading-demo.tsx(153,11): error TS17004: Cannot use JSX unless the '--jsx' flag is provided.
frontend/src/components/shared/demo/loading-demo.tsx(156,11): error TS17004: Cannot use JSX unless the '--jsx' flag is provided.
frontend/src/components/shared/demo/loading-demo.tsx(165,9): error TS17004: Cannot use JSX unless the '--jsx' flag is provided.
frontend/src/components/shared/demo/loading-demo.tsx(166,11): error TS17004: Cannot use JSX unless the '--jsx' flag is provided.
frontend/src/components/shared/demo/loading-demo.tsx(167,13): error TS17004: Cannot use JSX unless the '--jsx' flag is provided.
frontend/src/components/shared/demo/loading-demo.tsx(168,13): error TS17004: Cannot use JSX unless the '--jsx' flag is provided.
frontend/src/components/shared/demo/loading-demo.tsx(181,11): error TS17004: Cannot use JSX unless the '--jsx' flag is provided.
frontend/src/components/shared/demo/loading-demo.tsx(182,13): error TS17004: Cannot use JSX unless the '--jsx' flag is provided.
frontend/src/components/shared/demo/loading-demo.tsx(183,13): error TS17004: Cannot use JSX unless the '--jsx' flag is provided.
frontend/src/components/shared/demo/loading-demo.tsx(184,15): error TS17004: Cannot use JSX unless the '--jsx' flag is provided.
frontend/src/components/shared/demo/loading-demo.tsx(185,17): error TS17004: Cannot use JSX unless the '--jsx' flag is provided.
frontend/src/components/shared/demo/loading-demo.tsx(186,17): error TS17004: Cannot use JSX unless the '--jsx' flag is provided.
frontend/src/components/shared/demo/loading-demo.tsx(193,11): error TS17004: Cannot use JSX unless the '--jsx' flag is provided.
frontend/src/components/shared/demo/loading-demo.tsx(194,13): error TS17004: Cannot use JSX unless the '--jsx' flag is provided.
frontend/src/components/shared/demo/loading-demo.tsx(195,13): error TS17004: Cannot use JSX unless the '--jsx' flag is provided.
frontend/src/components/shared/demo/loading-demo.tsx(196,15): error TS17004: Cannot use JSX unless the '--jsx' flag is provided.
frontend/src/components/shared/demo/loading-demo.tsx(197,17): error TS17004: Cannot use JSX unless the '--jsx' flag is provided.
frontend/src/components/shared/demo/loading-demo.tsx(198,19): error TS17004: Cannot use JSX unless the '--jsx' flag is provided.
frontend/src/components/shared/demo/loading-demo.tsx(199,21): error TS17004: Cannot use JSX unless the '--jsx' flag is provided.
frontend/src/components/shared/demo/loading-demo.tsx(200,21): error TS17004: Cannot use JSX unless the '--jsx' flag is provided.
frontend/src/components/shared/demo/loading-demo.tsx(201,21): error TS17004: Cannot use JSX unless the '--jsx' flag is provided.
frontend/src/components/shared/demo/loading-demo.tsx(204,17): error TS17004: Cannot use JSX unless the '--jsx' flag is provided.
frontend/src/components/shared/demo/loading-demo.tsx(205,19): error TS17004: Cannot use JSX unless the '--jsx' flag is provided.
frontend/src/components/shared/demo/loading-demo.tsx(206,21): error TS17004: Cannot use JSX unless the '--jsx' flag is provided.
frontend/src/components/shared/demo/loading-demo.tsx(207,21): error TS17004: Cannot use JSX unless the '--jsx' flag is provided.
frontend/src/components/shared/demo/loading-demo.tsx(208,21): error TS17004: Cannot use JSX unless the '--jsx' flag is provided.
frontend/src/components/shared/demo/loading-demo.tsx(215,11): error TS17004: Cannot use JSX unless the '--jsx' flag is provided.
frontend/src/components/shared/demo/loading-demo.tsx(216,13): error TS17004: Cannot use JSX unless the '--jsx' flag is provided.
frontend/src/components/shared/demo/loading-demo.tsx(217,13): error TS17004: Cannot use JSX unless the '--jsx' flag is provided.
frontend/src/components/shared/demo/loading-demo.tsx(221,15): error TS17004: Cannot use JSX unless the '--jsx' flag is provided.
frontend/src/components/shared/demo/loading-demo.tsx(222,17): error TS17004: Cannot use JSX unless the '--jsx' flag is provided.
frontend/src/components/shared/demo/loading-demo.tsx(223,17): error TS17004: Cannot use JSX unless the '--jsx' flag is provided.
frontend/src/components/shared/demo/loading-demo.tsx(233,7): error TS17004: Cannot use JSX unless the '--jsx' flag is provided.
frontend/src/components/shared/demo/loading-demo.tsx(234,9): error TS17004: Cannot use JSX unless the '--jsx' flag is provided.
frontend/src/components/shared/demo/loading-demo.tsx(238,9): error TS17004: Cannot use JSX unless the '--jsx' flag is provided.
frontend/src/components/shared/demo/loading-demo.tsx(239,11): error TS17004: Cannot use JSX unless the '--jsx' flag is provided.
frontend/src/components/shared/demo/loading-demo.tsx(240,13): error TS17004: Cannot use JSX unless the '--jsx' flag is provided.
frontend/src/components/shared/demo/loading-demo.tsx(241,13): error TS17004: Cannot use JSX unless the '--jsx' flag is provided.
frontend/src/components/shared/demo/loading-demo.tsx(249,15): error TS17004: Cannot use JSX unless the '--jsx' flag is provided.
frontend/src/components/shared/demo/loading-demo.tsx(258,11): error TS17004: Cannot use JSX unless the '--jsx' flag is provided.
frontend/src/components/shared/demo/loading-demo.tsx(259,13): error TS17004: Cannot use JSX unless the '--jsx' flag is provided.
frontend/src/components/shared/demo/loading-demo.tsx(260,13): error TS17004: Cannot use JSX unless the '--jsx' flag is provided.
frontend/src/components/shared/demo/loading-demo.tsx(261,15): error TS17004: Cannot use JSX unless the '--jsx' flag is provided.
frontend/src/components/shared/demo/loading-demo.tsx(268,7): error TS17004: Cannot use JSX unless the '--jsx' flag is provided.
frontend/src/components/shared/demo/loading-demo.tsx(269,9): error TS17004: Cannot use JSX unless the '--jsx' flag is provided.
frontend/src/components/shared/demo/loading-demo.tsx(272,9): error TS17004: Cannot use JSX unless the '--jsx' flag is provided.
frontend/src/components/shared/demo/loading-demo.tsx(273,11): error TS17004: Cannot use JSX unless the '--jsx' flag is provided.
frontend/src/components/shared/demo/loading-demo.tsx(282,11): error TS17004: Cannot use JSX unless the '--jsx' flag is provided.
frontend/src/components/shared/demo/loading-demo.tsx(289,11): error TS17004: Cannot use JSX unless the '--jsx' flag is provided.
frontend/src/components/shared/demo/loading-demo.tsx(296,11): error TS17004: Cannot use JSX unless the '--jsx' flag is provided.
frontend/src/components/shared/demo/loading-demo.tsx(307,7): error TS17004: Cannot use JSX unless the '--jsx' flag is provided.
frontend/src/components/shared/demo/loading-demo.tsx(308,9): error TS17004: Cannot use JSX unless the '--jsx' flag is provided.
frontend/src/components/shared/demo/loading-demo.tsx(311,9): error TS17004: Cannot use JSX unless the '--jsx' flag is provided.
frontend/src/components/shared/demo/loading-demo.tsx(312,11): error TS17004: Cannot use JSX unless the '--jsx' flag is provided.
frontend/src/components/shared/demo/loading-demo.tsx(321,13): error TS17004: Cannot use JSX unless the '--jsx' flag is provided.
frontend/src/components/shared/demo/loading-demo.tsx(322,15): error TS17004: Cannot use JSX unless the '--jsx' flag is provided.
frontend/src/components/shared/demo/loading-demo.tsx(329,7): error TS17004: Cannot use JSX unless the '--jsx' flag is provided.
frontend/src/components/shared/demo/loading-demo.tsx(330,9): error TS17004: Cannot use JSX unless the '--jsx' flag is provided.
frontend/src/components/shared/demo/loading-demo.tsx(333,9): error TS17004: Cannot use JSX unless the '--jsx' flag is provided.
frontend/src/components/shared/demo/loading-demo.tsx(334,11): error TS17004: Cannot use JSX unless the '--jsx' flag is provided.
frontend/src/components/shared/demo/loading-demo.tsx(335,13): error TS17004: Cannot use JSX unless the '--jsx' flag is provided.
frontend/src/components/shared/demo/loading-demo.tsx(336,13): error TS17004: Cannot use JSX unless the '--jsx' flag is provided.
frontend/src/components/shared/demo/loading-demo.tsx(348,11): error TS17004: Cannot use JSX unless the '--jsx' flag is provided.
frontend/src/components/shared/demo/loading-demo.tsx(349,13): error TS17004: Cannot use JSX unless the '--jsx' flag is provided.
frontend/src/components/shared/demo/loading-demo.tsx(350,13): error TS17004: Cannot use JSX unless the '--jsx' flag is provided.
frontend/src/components/shared/error-boundaries/ChatErrorBoundary.tsx(3,10): error TS2614: Module '"#/*"' has no exported member 'Button'. Did you mean to use 'import Button from "#/*"' instead?
frontend/src/components/shared/error-boundaries/ChatErrorBoundary.tsx(4,10): error TS2614: Module '"#/*"' has no exported member 'cn'. Did you mean to use 'import cn from "#/*"' instead?
frontend/src/components/shared/error-boundaries/ChatErrorBoundary.tsx(66,16): error TS17004: Cannot use JSX unless the '--jsx' flag is provided.
frontend/src/components/shared/error-boundaries/ChatErrorBoundary.tsx(71,9): error TS17004: Cannot use JSX unless the '--jsx' flag is provided.
frontend/src/components/shared/error-boundaries/ChatErrorBoundary.tsx(72,11): error TS17004: Cannot use JSX unless the '--jsx' flag is provided.
frontend/src/components/shared/error-boundaries/ChatErrorBoundary.tsx(73,13): error TS17004: Cannot use JSX unless the '--jsx' flag is provided.
frontend/src/components/shared/error-boundaries/ChatErrorBoundary.tsx(74,15): error TS17004: Cannot use JSX unless the '--jsx' flag is provided.
frontend/src/components/shared/error-boundaries/ChatErrorBoundary.tsx(75,15): error TS17004: Cannot use JSX unless the '--jsx' flag is provided.
frontend/src/components/shared/error-boundaries/ChatErrorBoundary.tsx(78,15): error TS17004: Cannot use JSX unless the '--jsx' flag is provided.
frontend/src/components/shared/error-boundaries/ChatErrorBoundary.tsx(84,15): error TS17004: Cannot use JSX unless the '--jsx' flag is provided.
frontend/src/components/shared/error-boundaries/ChatErrorBoundary.tsx(85,17): error TS17004: Cannot use JSX unless the '--jsx' flag is provided.
frontend/src/components/shared/error-boundaries/ChatErrorBoundary.tsx(88,17): error TS17004: Cannot use JSX unless the '--jsx' flag is provided.
frontend/src/components/shared/error-boundaries/ChatErrorBoundary.tsx(95,13): error TS17004: Cannot use JSX unless the '--jsx' flag is provided.
frontend/src/components/shared/error-boundaries/ChatErrorBoundary.tsx(96,15): error TS17004: Cannot use JSX unless the '--jsx' flag is provided.
frontend/src/components/shared/error-boundaries/ChatErrorBoundary.tsx(101,17): error TS17004: Cannot use JSX unless the '--jsx' flag is provided.
frontend/src/components/shared/error-boundaries/ChatErrorBoundary.tsx(105,15): error TS17004: Cannot use JSX unless the '--jsx' flag is provided.
frontend/src/components/shared/error-boundaries/ChatErrorBoundary.tsx(110,17): error TS17004: Cannot use JSX unless the '--jsx' flag is provided.
frontend/src/components/shared/error-boundaries/GlobalErrorBoundary.tsx(3,10): error TS2614: Module '"#/*"' has no exported member 'Button'. Did you mean to use 'import Button from "#/*"' instead?
frontend/src/components/shared/error-boundaries/GlobalErrorBoundary.tsx(65,16): error TS17004: Cannot use JSX unless the '--jsx' flag is provided.
frontend/src/components/shared/error-boundaries/GlobalErrorBoundary.tsx(70,9): error TS17004: Cannot use JSX unless the '--jsx' flag is provided.
frontend/src/components/shared/error-boundaries/GlobalErrorBoundary.tsx(71,11): error TS17004: Cannot use JSX unless the '--jsx' flag is provided.
frontend/src/components/shared/error-boundaries/GlobalErrorBoundary.tsx(72,13): error TS17004: Cannot use JSX unless the '--jsx' flag is provided.
frontend/src/components/shared/error-boundaries/GlobalErrorBoundary.tsx(73,15): error TS17004: Cannot use JSX unless the '--jsx' flag is provided.
frontend/src/components/shared/error-boundaries/GlobalErrorBoundary.tsx(74,15): error TS17004: Cannot use JSX unless the '--jsx' flag is provided.
frontend/src/components/shared/error-boundaries/GlobalErrorBoundary.tsx(77,15): error TS17004: Cannot use JSX unless the '--jsx' flag is provided.
frontend/src/components/shared/error-boundaries/GlobalErrorBoundary.tsx(83,15): error TS17004: Cannot use JSX unless the '--jsx' flag is provided.
frontend/src/components/shared/error-boundaries/GlobalErrorBoundary.tsx(84,17): error TS17004: Cannot use JSX unless the '--jsx' flag is provided.
frontend/src/components/shared/error-boundaries/GlobalErrorBoundary.tsx(87,17): error TS17004: Cannot use JSX unless the '--jsx' flag is provided.
frontend/src/components/shared/error-boundaries/GlobalErrorBoundary.tsx(88,19): error TS17004: Cannot use JSX unless the '--jsx' flag is provided.
frontend/src/components/shared/error-boundaries/GlobalErrorBoundary.tsx(89,21): error TS17004: Cannot use JSX unless the '--jsx' flag is provided.
frontend/src/components/shared/error-boundaries/GlobalErrorBoundary.tsx(90,21): error TS17004: Cannot use JSX unless the '--jsx' flag is provided.
frontend/src/components/shared/error-boundaries/GlobalErrorBoundary.tsx(95,21): error TS17004: Cannot use JSX unless the '--jsx' flag is provided.
frontend/src/components/shared/error-boundaries/GlobalErrorBoundary.tsx(96,23): error TS17004: Cannot use JSX unless the '--jsx' flag is provided.
frontend/src/components/shared/error-boundaries/GlobalErrorBoundary.tsx(97,23): error TS17004: Cannot use JSX unless the '--jsx' flag is provided.
frontend/src/components/shared/error-boundaries/GlobalErrorBoundary.tsx(106,13): error TS17004: Cannot use JSX unless the '--jsx' flag is provided.
frontend/src/components/shared/error-boundaries/GlobalErrorBoundary.tsx(107,15): error TS17004: Cannot use JSX unless the '--jsx' flag is provided.
frontend/src/components/shared/error-boundaries/GlobalErrorBoundary.tsx(112,17): error TS17004: Cannot use JSX unless the '--jsx' flag is provided.
frontend/src/components/shared/error-boundaries/GlobalErrorBoundary.tsx(116,15): error TS17004: Cannot use JSX unless the '--jsx' flag is provided.
frontend/src/components/shared/error-boundaries/GlobalErrorBoundary.tsx(121,17): error TS17004: Cannot use JSX unless the '--jsx' flag is provided.
frontend/src/components/shared/error-boundaries/GlobalErrorBoundary.tsx(126,13): error TS17004: Cannot use JSX unless the '--jsx' flag is provided.
frontend/src/components/shared/error-toast.tsx(4,10): error TS2614: Module '"#/*"' has no exported member 'I18nKey'. Did you mean to use 'import I18nKey from "#/*"' instead?
frontend/src/components/shared/error-toast.tsx(15,5): error TS17004: Cannot use JSX unless the '--jsx' flag is provided.
frontend/src/components/shared/error-toast.tsx(16,7): error TS17004: Cannot use JSX unless the '--jsx' flag is provided.
frontend/src/components/shared/error-toast.tsx(17,9): error TS17004: Cannot use JSX unless the '--jsx' flag is provided.
frontend/src/components/shared/error-toast.tsx(18,9): error TS17004: Cannot use JSX unless the '--jsx' flag is provided.
frontend/src/components/shared/error-toast.tsx(20,7): error TS17004: Cannot use JSX unless the '--jsx' flag is provided.
frontend/src/components/shared/error/error-boundary.tsx(94,9): error TS17004: Cannot use JSX unless the '--jsx' flag is provided.
frontend/src/components/shared/error/error-boundary.tsx(104,11): error TS17004: Cannot use JSX unless the '--jsx' flag is provided.
frontend/src/components/shared/error/error-boundary.tsx(105,13): error TS17004: Cannot use JSX unless the '--jsx' flag is provided.
frontend/src/components/shared/error/error-boundary.tsx(115,15): error TS17004: Cannot use JSX unless the '--jsx' flag is provided.
frontend/src/components/shared/error/error-boundary.tsx(122,17): error TS17004: Cannot use JSX unless the '--jsx' flag is provided.
frontend/src/components/shared/error/error-boundary.tsx(129,19): error TS17004: Cannot use JSX unless the '--jsx' flag is provided.
frontend/src/components/shared/error/error-boundary.tsx(136,15): error TS17004: Cannot use JSX unless the '--jsx' flag is provided.
frontend/src/components/shared/error/error-boundary.tsx(137,17): error TS17004: Cannot use JSX unless the '--jsx' flag is provided.
frontend/src/components/shared/error/error-boundary.tsx(147,17): error TS17004: Cannot use JSX unless the '--jsx' flag is provided.
frontend/src/components/shared/error/error-boundary.tsx(154,17): error TS17004: Cannot use JSX unless the '--jsx' flag is provided.
frontend/src/components/shared/error/error-boundary.tsx(163,19): error TS17004: Cannot use JSX unless the '--jsx' flag is provided.
frontend/src/components/shared/error/error-boundary.tsx(174,19): error TS17004: Cannot use JSX unless the '--jsx' flag is provided.
frontend/src/components/shared/error/error-boundary.tsx(189,15): error TS17004: Cannot use JSX unless the '--jsx' flag is provided.
frontend/src/components/shared/error/error-boundary.tsx(197,19): error TS17004: Cannot use JSX unless the '--jsx' flag is provided.
frontend/src/components/shared/error/error-boundary.tsx(231,21): error TS17004: Cannot use JSX unless the '--jsx' flag is provided.
frontend/src/components/shared/error/error-boundary.tsx(236,17): error TS17004: Cannot use JSX unless the '--jsx' flag is provided.
frontend/src/components/shared/error/error-boundary.tsx(270,19): error TS17004: Cannot use JSX unless the '--jsx' flag is provided.
frontend/src/components/shared/error/error-boundary.tsx(274,17): error TS17004: Cannot use JSX unless the '--jsx' flag is provided.
frontend/src/components/shared/error/error-boundary.tsx(308,19): error TS17004: Cannot use JSX unless the '--jsx' flag is provided.
frontend/src/components/shared/error/error-boundary.tsx(315,17): error TS17004: Cannot use JSX unless the '--jsx' flag is provided.
frontend/src/components/shared/error/error-boundary.tsx(350,7): error TS17004: Cannot use JSX unless the '--jsx' flag is provided.
frontend/src/components/shared/error/error-boundary.tsx(351,9): error TS17004: Cannot use JSX unless the '--jsx' flag is provided.
frontend/src/components/shared/error/user-friendly-error.tsx(17,10): error TS2614: Module '"#/*"' has no exported member 'Button'. Did you mean to use 'import Button from "#/*"' instead?
frontend/src/components/shared/error/user-friendly-error.tsx(18,10): error TS2614: Module '"#/*"' has no exported member 'cn'. Did you mean to use 'import cn from "#/*"' instead?
frontend/src/components/shared/error/user-friendly-error.tsx(132,5): error TS17004: Cannot use JSX unless the '--jsx' flag is provided.
frontend/src/components/shared/error/user-friendly-error.tsx(144,7): error TS17004: Cannot use JSX unless the '--jsx' flag is provided.
frontend/src/components/shared/error/user-friendly-error.tsx(146,9): error TS17004: Cannot use JSX unless the '--jsx' flag is provided.
frontend/src/components/shared/error/user-friendly-error.tsx(152,13): error TS17004: Cannot use JSX unless the '--jsx' flag is provided.
frontend/src/components/shared/error/user-friendly-error.tsx(154,13): error TS17004: Cannot use JSX unless the '--jsx' flag is provided.
frontend/src/components/shared/error/user-friendly-error.tsx(159,9): error TS17004: Cannot use JSX unless the '--jsx' flag is provided.
frontend/src/components/shared/error/user-friendly-error.tsx(160,11): error TS17004: Cannot use JSX unless the '--jsx' flag is provided.
frontend/src/components/shared/error/user-friendly-error.tsx(164,13): error TS17004: Cannot use JSX unless the '--jsx' flag is provided.
frontend/src/components/shared/error/user-friendly-error.tsx(172,11): error TS17004: Cannot use JSX unless the '--jsx' flag is provided.
frontend/src/components/shared/error/user-friendly-error.tsx(177,13): error TS17004: Cannot use JSX unless the '--jsx' flag is provided.
frontend/src/components/shared/error/user-friendly-error.tsx(183,7): error TS17004: Cannot use JSX unless the '--jsx' flag is provided.
frontend/src/components/shared/error/user-friendly-error.tsx(184,9): error TS17004: Cannot use JSX unless the '--jsx' flag is provided.
frontend/src/components/shared/error/user-friendly-error.tsx(190,11): error TS17004: Cannot use JSX unless the '--jsx' flag is provided.
frontend/src/components/shared/error/user-friendly-error.tsx(194,13): error TS17004: Cannot use JSX unless the '--jsx' flag is provided.
frontend/src/components/shared/error/user-friendly-error.tsx(195,13): error TS17004: Cannot use JSX unless the '--jsx' flag is provided.
frontend/src/components/shared/error/user-friendly-error.tsx(196,15): error TS17004: Cannot use JSX unless the '--jsx' flag is provided.
frontend/src/components/shared/error/user-friendly-error.tsx(203,11): error TS17004: Cannot use JSX unless the '--jsx' flag is provided.
frontend/src/components/shared/error/user-friendly-error.tsx(204,13): error TS17004: Cannot use JSX unless the '--jsx' flag is provided.
frontend/src/components/shared/error/user-friendly-error.tsx(205,13): error TS17004: Cannot use JSX unless the '--jsx' flag is provided.
frontend/src/components/shared/error/user-friendly-error.tsx(214,9): error TS17004: Cannot use JSX unless the '--jsx' flag is provided.
frontend/src/components/shared/error/user-friendly-error.tsx(216,13): error TS17004: Cannot use JSX unless the '--jsx' flag is provided.
frontend/src/components/shared/error/user-friendly-error.tsx(229,17): error TS17004: Cannot use JSX unless the '--jsx' flag is provided.
frontend/src/components/shared/error/user-friendly-error.tsx(230,19): error TS17004: Cannot use JSX unless the '--jsx' flag is provided.
frontend/src/components/shared/error/user-friendly-error.tsx(234,17): error TS17004: Cannot use JSX unless the '--jsx' flag is provided.
frontend/src/components/shared/error/user-friendly-error.tsx(235,47): error TS17004: Cannot use JSX unless the '--jsx' flag is provided.
frontend/src/components/shared/error/user-friendly-error.tsx(236,46): error TS17004: Cannot use JSX unless the '--jsx' flag is provided.
frontend/src/components/shared/error/user-friendly-error.tsx(237,34): error TS17004: Cannot use JSX unless the '--jsx' flag is provided.
frontend/src/components/shared/error/user-friendly-error.tsx(248,9): error TS17004: Cannot use JSX unless the '--jsx' flag is provided.
frontend/src/components/shared/error/user-friendly-error.tsx(249,11): error TS17004: Cannot use JSX unless the '--jsx' flag is provided.
frontend/src/components/shared/error/user-friendly-error.tsx(255,13): error TS17004: Cannot use JSX unless the '--jsx' flag is provided.
frontend/src/components/shared/error/user-friendly-error.tsx(257,13): error TS17004: Cannot use JSX unless the '--jsx' flag is provided.
frontend/src/components/shared/error/user-friendly-error.tsx(264,9): error TS17004: Cannot use JSX unless the '--jsx' flag is provided.
frontend/src/components/shared/error/user-friendly-error.tsx(265,11): error TS17004: Cannot use JSX unless the '--jsx' flag is provided.
frontend/src/components/shared/error/user-friendly-error.tsx(269,13): error TS17004: Cannot use JSX unless the '--jsx' flag is provided.
frontend/src/components/shared/error/user-friendly-error.tsx(270,13): error TS17004: Cannot use JSX unless the '--jsx' flag is provided.
frontend/src/components/shared/error/user-friendly-error.tsx(274,13): error TS17004: Cannot use JSX unless the '--jsx' flag is provided.
frontend/src/components/shared/error/user-friendly-error.tsx(275,15): error TS17004: Cannot use JSX unless the '--jsx' flag is provided.
frontend/src/components/shared/error/user-friendly-error.tsx(279,17): error TS17004: Cannot use JSX unless the '--jsx' flag is provided.
frontend/src/components/shared/error/user-friendly-error.tsx(303,5): error TS17004: Cannot use JSX unless the '--jsx' flag is provided.
frontend/src/components/shared/error/user-friendly-error.tsx(313,7): error TS17004: Cannot use JSX unless the '--jsx' flag is provided.
frontend/src/components/shared/error/user-friendly-error.tsx(315,11): error TS17004: Cannot use JSX unless the '--jsx' flag is provided.
frontend/src/components/shared/error/user-friendly-error.tsx(317,11): error TS17004: Cannot use JSX unless the '--jsx' flag is provided.
frontend/src/components/shared/error/user-friendly-error.tsx(322,7): error TS17004: Cannot use JSX unless the '--jsx' flag is provided.
frontend/src/components/shared/error/user-friendly-error.tsx(323,9): error TS17004: Cannot use JSX unless the '--jsx' flag is provided.
frontend/src/components/shared/error/user-friendly-error.tsx(327,11): error TS17004: Cannot use JSX unless the '--jsx' flag is provided.
frontend/src/components/shared/error/user-friendly-error.tsx(335,9): error TS17004: Cannot use JSX unless the '--jsx' flag is provided.
frontend/src/components/shared/error/user-friendly-error.tsx(340,11): error TS17004: Cannot use JSX unless the '--jsx' flag is provided.
frontend/src/components/shared/git-provider-icon.tsx(2,10): error TS2614: Module '"#/*"' has no exported member 'Provider'. Did you mean to use 'import Provider from "#/*"' instead?
frontend/src/components/shared/git-provider-icon.tsx(10,5): error TS17004: Cannot use JSX unless the '--jsx' flag is provided.
frontend/src/components/shared/git-provider-icon.tsx(11,36): error TS17004: Cannot use JSX unless the '--jsx' flag is provided.
frontend/src/components/shared/git-provider-icon.tsx(12,36): error TS17004: Cannot use JSX unless the '--jsx' flag is provided.
frontend/src/components/shared/git-provider-icon.tsx(13,39): error TS17004: Cannot use JSX unless the '--jsx' flag is provided.
frontend/src/components/shared/hero-heading.tsx(3,10): error TS2614: Module '"#/*"' has no exported member 'I18nKey'. Did you mean to use 'import I18nKey from "#/*"' instead?
frontend/src/components/shared/hero-heading.tsx(8,5): error TS17004: Cannot use JSX unless the '--jsx' flag is provided.
frontend/src/components/shared/hero-heading.tsx(9,7): error TS17004: Cannot use JSX unless the '--jsx' flag is provided.
frontend/src/components/shared/hero-heading.tsx(10,7): error TS17004: Cannot use JSX unless the '--jsx' flag is provided.
frontend/src/components/shared/hero-heading.tsx(13,7): error TS17004: Cannot use JSX unless the '--jsx' flag is provided.
frontend/src/components/shared/hero-heading.tsx(15,9): error TS17004: Cannot use JSX unless the '--jsx' flag is provided.
frontend/src/components/shared/hero-heading.tsx(17,11): error TS17004: Cannot use JSX unless the '--jsx' flag is provided.
frontend/src/components/shared/inputs/advanced-option-switch.tsx(3,10): error TS2614: Module '"#/*"' has no exported member 'I18nKey'. Did you mean to use 'import I18nKey from "#/*"' instead?
frontend/src/components/shared/inputs/advanced-option-switch.tsx(4,10): error TS2614: Module '"#/*"' has no exported member 'cn'. Did you mean to use 'import cn from "#/*"' instead?
frontend/src/components/shared/inputs/advanced-option-switch.tsx(20,5): error TS17004: Cannot use JSX unless the '--jsx' flag is provided.
frontend/src/components/shared/inputs/api-key-input.tsx(4,10): error TS2614: Module '"#/*"' has no exported member 'I18nKey'. Did you mean to use 'import I18nKey from "#/*"' instead?
frontend/src/components/shared/inputs/api-key-input.tsx(15,5): error TS17004: Cannot use JSX unless the '--jsx' flag is provided.
frontend/src/components/shared/inputs/api-key-input.tsx(16,7): error TS17004: Cannot use JSX unless the '--jsx' flag is provided.
frontend/src/components/shared/inputs/api-key-input.tsx(17,9): error TS17004: Cannot use JSX unless the '--jsx' flag is provided.
frontend/src/components/shared/inputs/api-key-input.tsx(21,21): error TS17004: Cannot use JSX unless the '--jsx' flag is provided.
frontend/src/components/shared/inputs/api-key-input.tsx(23,13): error TS17004: Cannot use JSX unless the '--jsx' flag is provided.
frontend/src/components/shared/inputs/api-key-input.tsx(28,7): error TS17004: Cannot use JSX unless the '--jsx' flag is provided.
frontend/src/components/shared/inputs/api-key-input.tsx(39,7): error TS17004: Cannot use JSX unless the '--jsx' flag is provided.
frontend/src/components/shared/inputs/api-key-input.tsx(41,9): error TS17004: Cannot use JSX unless the '--jsx' flag is provided.
frontend/src/components/shared/inputs/badge-input.tsx(2,10): error TS2614: Module '"#/*"' has no exported member 'cn'. Did you mean to use 'import cn from "#/*"' instead?
frontend/src/components/shared/inputs/badge-input.tsx(3,28): error TS2835: Relative import paths need explicit file extensions in ECMAScript imports when '--moduleResolution' is 'node16' or 'nodenext'. Did you mean '../badge.js'?
frontend/src/components/shared/inputs/badge-input.tsx(44,5): error TS17004: Cannot use JSX unless the '--jsx' flag is provided.
frontend/src/components/shared/inputs/badge-input.tsx(51,9): error TS17004: Cannot use JSX unless the '--jsx' flag is provided.
frontend/src/components/shared/inputs/badge-input.tsx(52,11): error TS17004: Cannot use JSX unless the '--jsx' flag is provided.
frontend/src/components/shared/inputs/badge-input.tsx(54,13): error TS17004: Cannot use JSX unless the '--jsx' flag is provided.
frontend/src/components/shared/inputs/badge-input.tsx(60,15): error TS17004: Cannot use JSX unless the '--jsx' flag is provided.
frontend/src/components/shared/inputs/badge-input.tsx(65,7): error TS17004: Cannot use JSX unless the '--jsx' flag is provided.
frontend/src/components/shared/inputs/base-url-input.tsx(3,10): error TS2614: Module '"#/*"' has no exported member 'I18nKey'. Did you mean to use 'import I18nKey from "#/*"' instead?
frontend/src/components/shared/inputs/base-url-input.tsx(14,5): error TS17004: Cannot use JSX unless the '--jsx' flag is provided.
frontend/src/components/shared/inputs/base-url-input.tsx(15,7): error TS17004: Cannot use JSX unless the '--jsx' flag is provided.
frontend/src/components/shared/inputs/base-url-input.tsx(18,7): error TS17004: Cannot use JSX unless the '--jsx' flag is provided.
frontend/src/components/shared/inputs/confirmation-mode-switch.tsx(3,10): error TS2614: Module '"#/*"' has no exported member 'I18nKey'. Did you mean to use 'import I18nKey from "#/*"' instead?
frontend/src/components/shared/inputs/confirmation-mode-switch.tsx(4,10): error TS2614: Module '"#/*"' has no exported member 'cn'. Did you mean to use 'import cn from "#/*"' instead?
frontend/src/components/shared/inputs/confirmation-mode-switch.tsx(18,5): error TS17004: Cannot use JSX unless the '--jsx' flag is provided.
frontend/src/components/shared/inputs/custom-dropdown.tsx(3,10): error TS2614: Module '"#/*"' has no exported member 'cn'. Did you mean to use 'import cn from "#/*"' instead?
frontend/src/components/shared/inputs/custom-dropdown.tsx(218,9): error TS17004: Cannot use JSX unless the '--jsx' flag is provided.
frontend/src/components/shared/inputs/custom-dropdown.tsx(240,11): error TS17004: Cannot use JSX unless the '--jsx' flag is provided.
frontend/src/components/shared/inputs/custom-dropdown.tsx(241,13): error TS17004: Cannot use JSX unless the '--jsx' flag is provided.
frontend/src/components/shared/inputs/custom-dropdown.tsx(243,15): error TS17004: Cannot use JSX unless the '--jsx' flag is provided.
frontend/src/components/shared/inputs/custom-dropdown.tsx(251,7): error TS17004: Cannot use JSX unless the '--jsx' flag is provided.
frontend/src/components/shared/inputs/custom-dropdown.tsx(252,9): error TS17004: Cannot use JSX unless the '--jsx' flag is provided.
frontend/src/components/shared/inputs/custom-dropdown.tsx(256,11): error TS17004: Cannot use JSX unless the '--jsx' flag is provided.
frontend/src/components/shared/inputs/custom-dropdown.tsx(278,13): error TS17004: Cannot use JSX unless the '--jsx' flag is provided.
frontend/src/components/shared/inputs/custom-dropdown.tsx(279,15): error TS17004: Cannot use JSX unless the '--jsx' flag is provided.
frontend/src/components/shared/inputs/custom-dropdown.tsx(281,17): error TS17004: Cannot use JSX unless the '--jsx' flag is provided.
frontend/src/components/shared/inputs/custom-dropdown.tsx(291,5): error TS17004: Cannot use JSX unless the '--jsx' flag is provided.
frontend/src/components/shared/inputs/custom-dropdown.tsx(293,7): error TS17004: Cannot use JSX unless the '--jsx' flag is provided.
frontend/src/components/shared/inputs/custom-dropdown.tsx(294,9): error TS17004: Cannot use JSX unless the '--jsx' flag is provided.
frontend/src/components/shared/inputs/custom-dropdown.tsx(320,9): error TS17004: Cannot use JSX unless the '--jsx' flag is provided.
frontend/src/components/shared/inputs/custom-dropdown.tsx(323,13): error TS17004: Cannot use JSX unless the '--jsx' flag is provided.
frontend/src/components/shared/inputs/custom-dropdown.tsx(324,15): error TS17004: Cannot use JSX unless the '--jsx' flag is provided.
frontend/src/components/shared/inputs/custom-dropdown.tsx(330,13): error TS17004: Cannot use JSX unless the '--jsx' flag is provided.
frontend/src/components/shared/inputs/custom-dropdown.tsx(331,15): error TS17004: Cannot use JSX unless the '--jsx' flag is provided.
frontend/src/components/shared/inputs/custom-dropdown.tsx(337,17): error TS17004: Cannot use JSX unless the '--jsx' flag is provided.
frontend/src/components/shared/inputs/custom-dropdown.tsx(349,13): error TS17004: Cannot use JSX unless the '--jsx' flag is provided.
frontend/src/components/shared/inputs/custom-dropdown.tsx(355,15): error TS17004: Cannot use JSX unless the '--jsx' flag is provided.
frontend/src/components/shared/inputs/custom-dropdown.tsx(361,17): error TS17004: Cannot use JSX unless the '--jsx' flag is provided.
frontend/src/components/shared/inputs/custom-dropdown.tsx(373,13): error TS17004: Cannot use JSX unless the '--jsx' flag is provided.
frontend/src/components/shared/inputs/custom-dropdown.tsx(385,15): error TS17004: Cannot use JSX unless the '--jsx' flag is provided.
frontend/src/components/shared/inputs/custom-dropdown.tsx(398,9): error TS17004: Cannot use JSX unless the '--jsx' flag is provided.
frontend/src/components/shared/inputs/custom-dropdown.tsx(399,11): error TS17004: Cannot use JSX unless the '--jsx' flag is provided.
frontend/src/components/shared/inputs/custom-dropdown.tsx(405,13): error TS17004: Cannot use JSX unless the '--jsx' flag is provided.
frontend/src/components/shared/inputs/custom-dropdown.tsx(412,11): error TS17004: Cannot use JSX unless the '--jsx' flag is provided.
frontend/src/components/shared/inputs/custom-dropdown.tsx(418,9): error TS17004: Cannot use JSX unless the '--jsx' flag is provided.
frontend/src/components/shared/inputs/custom-dropdown.tsx(420,13): error TS17004: Cannot use JSX unless the '--jsx' flag is provided.
frontend/src/components/shared/inputs/custom-model-input.tsx(3,10): error TS2614: Module '"#/*"' has no exported member 'I18nKey'. Did you mean to use 'import I18nKey from "#/*"' instead?
frontend/src/components/shared/inputs/custom-model-input.tsx(17,5): error TS17004: Cannot use JSX unless the '--jsx' flag is provided.
frontend/src/components/shared/inputs/custom-model-input.tsx(18,7): error TS17004: Cannot use JSX unless the '--jsx' flag is provided.
frontend/src/components/shared/inputs/custom-model-input.tsx(21,7): error TS17004: Cannot use JSX unless the '--jsx' flag is provided.
frontend/src/components/shared/lazy-monaco.tsx(5,39): error TS2322: Type 'Promise<{ default: typeof import("C:/Users/GIGABYTE/Desktop/Forge/frontend/node_modules/@monaco-editor/react/dist/index"); loader: typeof loader; DiffEditor: MemoExoticComponent<({ original, modified, language, originalLanguage, modifiedLanguage, originalModelPath, modifiedModelPath, keepCurrentOriginalModel, keepCu...' is not assignable to type 'Promise<{ default: ComponentType<any>; }>'.
  Type '{ default: typeof import("C:/Users/GIGABYTE/Desktop/Forge/frontend/node_modules/@monaco-editor/react/dist/index"); loader: typeof loader; DiffEditor: MemoExoticComponent<({ original, modified, language, originalLanguage, modifiedLanguage, originalModelPath, modifiedModelPath, keepCurrentOriginalModel, keepCurrentMod...' is not assignable to type '{ default: ComponentType<any>; }'.
    Types of property 'default' are incompatible.
      Type 'typeof import("C:/Users/GIGABYTE/Desktop/Forge/frontend/node_modules/@monaco-editor/react/dist/index")' is not assignable to type 'ComponentType<any>'.
frontend/src/components/shared/lazy-monaco.tsx(33,5): error TS17004: Cannot use JSX unless the '--jsx' flag is provided.
frontend/src/components/shared/lazy-monaco.tsx(35,9): error TS17004: Cannot use JSX unless the '--jsx' flag is provided.
frontend/src/components/shared/lazy-monaco.tsx(39,11): error TS17004: Cannot use JSX unless the '--jsx' flag is provided.
frontend/src/components/shared/lazy-monaco.tsx(40,13): error TS17004: Cannot use JSX unless the '--jsx' flag is provided.
frontend/src/components/shared/lazy-monaco.tsx(41,13): error TS17004: Cannot use JSX unless the '--jsx' flag is provided.
frontend/src/components/shared/lazy-monaco.tsx(46,7): error TS17004: Cannot use JSX unless the '--jsx' flag is provided.
frontend/src/components/shared/loader.tsx(1,10): error TS2614: Module '"#/*"' has no exported member 'cn'. Did you mean to use 'import cn from "#/*"' instead?
frontend/src/components/shared/loader.tsx(18,5): error TS17004: Cannot use JSX unless the '--jsx' flag is provided.
frontend/src/components/shared/loader.tsx(22,7): error TS17004: Cannot use JSX unless the '--jsx' flag is provided.
frontend/src/components/shared/loading-spinner.tsx(2,10): error TS2614: Module '"#/*"' has no exported member 'cn'. Did you mean to use 'import cn from "#/*"' instead?
frontend/src/components/shared/loading-spinner.tsx(35,7): error TS17004: Cannot use JSX unless the '--jsx' flag is provided.
frontend/src/components/shared/loading-spinner.tsx(50,13): error TS17004: Cannot use JSX unless the '--jsx' flag is provided.
frontend/src/components/shared/loading-spinner.tsx(67,7): error TS17004: Cannot use JSX unless the '--jsx' flag is provided.
frontend/src/components/shared/loading-spinner.tsx(81,7): error TS17004: Cannot use JSX unless the '--jsx' flag is provided.
frontend/src/components/shared/loading-spinner.tsx(96,13): error TS17004: Cannot use JSX unless the '--jsx' flag is provided.
frontend/src/components/shared/loading-spinner.tsx(114,5): error TS17004: Cannot use JSX unless the '--jsx' flag is provided.
frontend/src/components/shared/loading-spinner.tsx(118,7): error TS17004: Cannot use JSX unless the '--jsx' flag is provided.
frontend/src/components/shared/loading-spinner.tsx(125,7): error TS17004: Cannot use JSX unless the '--jsx' flag is provided.
frontend/src/components/shared/loading/enhanced-skeleton-loader.tsx(2,10): error TS2614: Module '"#/*"' has no exported member 'cn'. Did you mean to use 'import cn from "#/*"' instead?
frontend/src/components/shared/loading/enhanced-skeleton-loader.tsx(40,5): error TS17004: Cannot use JSX unless the '--jsx' flag is provided.
frontend/src/components/shared/loading/enhanced-skeleton-loader.tsx(50,12): error TS17004: Cannot use JSX unless the '--jsx' flag is provided.
frontend/src/components/shared/loading/enhanced-skeleton-loader.tsx(54,5): error TS17004: Cannot use JSX unless the '--jsx' flag is provided.
frontend/src/components/shared/loading/enhanced-skeleton-loader.tsx(56,9): error TS17004: Cannot use JSX unless the '--jsx' flag is provided.
frontend/src/components/shared/loading/enhanced-skeleton-loader.tsx(67,5): error TS17004: Cannot use JSX unless the '--jsx' flag is provided.
frontend/src/components/shared/loading/enhanced-skeleton-loader.tsx(75,9): error TS17004: Cannot use JSX unless the '--jsx' flag is provided.
frontend/src/components/shared/loading/enhanced-skeleton-loader.tsx(83,7): error TS17004: Cannot use JSX unless the '--jsx' flag is provided.
frontend/src/components/shared/loading/enhanced-skeleton-loader.tsx(84,9): error TS17004: Cannot use JSX unless the '--jsx' flag is provided.
frontend/src/components/shared/loading/enhanced-skeleton-loader.tsx(85,9): error TS17004: Cannot use JSX unless the '--jsx' flag is provided.
frontend/src/components/shared/loading/enhanced-skeleton-loader.tsx(86,9): error TS17004: Cannot use JSX unless the '--jsx' flag is provided.
frontend/src/components/shared/loading/enhanced-skeleton-loader.tsx(91,9): error TS17004: Cannot use JSX unless the '--jsx' flag is provided.
frontend/src/components/shared/loading/enhanced-skeleton-loader.tsx(106,5): error TS17004: Cannot use JSX unless the '--jsx' flag is provided.
frontend/src/components/shared/loading/enhanced-skeleton-loader.tsx(107,7): error TS17004: Cannot use JSX unless the '--jsx' flag is provided.
frontend/src/components/shared/loading/enhanced-skeleton-loader.tsx(109,9): error TS17004: Cannot use JSX unless the '--jsx' flag is provided.
frontend/src/components/shared/loading/enhanced-skeleton-loader.tsx(110,11): error TS17004: Cannot use JSX unless the '--jsx' flag is provided.
frontend/src/components/shared/loading/enhanced-skeleton-loader.tsx(111,11): error TS17004: Cannot use JSX unless the '--jsx' flag is provided.
frontend/src/components/shared/loading/enhanced-skeleton-loader.tsx(115,9): error TS17004: Cannot use JSX unless the '--jsx' flag is provided.
frontend/src/components/shared/loading/enhanced-skeleton-loader.tsx(116,11): error TS17004: Cannot use JSX unless the '--jsx' flag is provided.
frontend/src/components/shared/loading/enhanced-skeleton-loader.tsx(117,11): error TS17004: Cannot use JSX unless the '--jsx' flag is provided.
frontend/src/components/shared/loading/enhanced-skeleton-loader.tsx(121,9): error TS17004: Cannot use JSX unless the '--jsx' flag is provided.
frontend/src/components/shared/loading/enhanced-skeleton-loader.tsx(122,11): error TS17004: Cannot use JSX unless the '--jsx' flag is provided.
frontend/src/components/shared/loading/enhanced-skeleton-loader.tsx(123,11): error TS17004: Cannot use JSX unless the '--jsx' flag is provided.
frontend/src/components/shared/loading/enhanced-skeleton-loader.tsx(135,5): error TS17004: Cannot use JSX unless the '--jsx' flag is provided.
frontend/src/components/shared/loading/enhanced-skeleton-loader.tsx(137,9): error TS17004: Cannot use JSX unless the '--jsx' flag is provided.
frontend/src/components/shared/loading/enhanced-skeleton-loader.tsx(138,11): error TS17004: Cannot use JSX unless the '--jsx' flag is provided.
frontend/src/components/shared/loading/enhanced-skeleton-loader.tsx(139,11): error TS17004: Cannot use JSX unless the '--jsx' flag is provided.
frontend/src/components/shared/loading/enhanced-skeleton-loader.tsx(140,13): error TS17004: Cannot use JSX unless the '--jsx' flag is provided.
frontend/src/components/shared/loading/enhanced-skeleton-loader.tsx(141,13): error TS17004: Cannot use JSX unless the '--jsx' flag is provided.
frontend/src/components/shared/loading/enhanced-skeleton-loader.tsx(154,5): error TS17004: Cannot use JSX unless the '--jsx' flag is provided.
frontend/src/components/shared/loading/enhanced-skeleton-loader.tsx(155,7): error TS17004: Cannot use JSX unless the '--jsx' flag is provided.
frontend/src/components/shared/loading/enhanced-skeleton-loader.tsx(156,9): error TS17004: Cannot use JSX unless the '--jsx' flag is provided.
frontend/src/components/shared/loading/enhanced-skeleton-loader.tsx(157,9): error TS17004: Cannot use JSX unless the '--jsx' flag is provided.
frontend/src/components/shared/loading/enhanced-skeleton-loader.tsx(158,9): error TS17004: Cannot use JSX unless the '--jsx' flag is provided.
frontend/src/components/shared/loading/enhanced-skeleton-loader.tsx(159,9): error TS17004: Cannot use JSX unless the '--jsx' flag is provided.
frontend/src/components/shared/loading/enhanced-skeleton-loader.tsx(160,9): error TS17004: Cannot use JSX unless the '--jsx' flag is provided.
frontend/src/components/shared/loading/loading-state.tsx(2,10): error TS2614: Module '"#/*"' has no exported member 'cn'. Did you mean to use 'import cn from "#/*"' instead?
frontend/src/components/shared/loading/loading-state.tsx(3,32): error TS2835: Relative import paths need explicit file extensions in ECMAScript imports when '--moduleResolution' is 'node16' or 'nodenext'. Did you mean '../loading-spinner.js'?
frontend/src/components/shared/loading/loading-state.tsx(4,32): error TS2835: Relative import paths need explicit file extensions in ECMAScript imports when '--moduleResolution' is 'node16' or 'nodenext'. Did you mean './skeleton-loader.js'?
frontend/src/components/shared/loading/loading-state.tsx(34,12): error TS17004: Cannot use JSX unless the '--jsx' flag is provided.
frontend/src/components/shared/loading/loading-state.tsx(38,12): error TS17004: Cannot use JSX unless the '--jsx' flag is provided.
frontend/src/components/shared/loading/loading-state.tsx(43,7): error TS17004: Cannot use JSX unless the '--jsx' flag is provided.
frontend/src/components/shared/loading/loading-state.tsx(44,9): error TS17004: Cannot use JSX unless the '--jsx' flag is provided.
frontend/src/components/shared/loading/loading-state.tsx(54,5): error TS17004: Cannot use JSX unless the '--jsx' flag is provided.
frontend/src/components/shared/loading/loading-state.tsx(60,7): error TS17004: Cannot use JSX unless the '--jsx' flag is provided.
frontend/src/components/shared/loading/loading-state.tsx(62,9): error TS17004: Cannot use JSX unless the '--jsx' flag is provided.
frontend/src/components/shared/loading/loading-state.tsx(71,7): error TS17004: Cannot use JSX unless the '--jsx' flag is provided.
frontend/src/components/shared/loading/loading-state.tsx(73,9): error TS17004: Cannot use JSX unless the '--jsx' flag is provided.
frontend/src/components/shared/loading/loading-state.tsx(97,5): error TS17004: Cannot use JSX unless the '--jsx' flag is provided.
frontend/src/components/shared/loading/loading-state.tsx(109,21): error TS17004: Cannot use JSX unless the '--jsx' flag is provided.
frontend/src/components/shared/loading/loading-state.tsx(110,7): error TS17004: Cannot use JSX unless the '--jsx' flag is provided.
frontend/src/components/shared/loading/loading-state.tsx(129,5): error TS17004: Cannot use JSX unless the '--jsx' flag is provided.
frontend/src/components/shared/loading/loading-state.tsx(156,5): error TS17004: Cannot use JSX unless the '--jsx' flag is provided.
frontend/src/components/shared/loading/loading-state.tsx(180,5): error TS17004: Cannot use JSX unless the '--jsx' flag is provided.
frontend/src/components/shared/loading/skeleton-loader.tsx(2,10): error TS2614: Module '"#/*"' has no exported member 'cn'. Did you mean to use 'import cn from "#/*"' instead?
frontend/src/components/shared/loading/skeleton-loader.tsx(43,7): error TS17004: Cannot use JSX unless the '--jsx' flag is provided.
frontend/src/components/shared/loading/skeleton-loader.tsx(45,11): error TS17004: Cannot use JSX unless the '--jsx' flag is provided.
frontend/src/components/shared/loading/skeleton-loader.tsx(61,5): error TS17004: Cannot use JSX unless the '--jsx' flag is provided.
frontend/src/components/shared/loading/skeleton-loader.tsx(76,5): error TS17004: Cannot use JSX unless the '--jsx' flag is provided.
frontend/src/components/shared/loading/skeleton-loader.tsx(77,7): error TS17004: Cannot use JSX unless the '--jsx' flag is provided.
frontend/src/components/shared/loading/skeleton-loader.tsx(78,7): error TS17004: Cannot use JSX unless the '--jsx' flag is provided.
frontend/src/components/shared/loading/skeleton-loader.tsx(79,7): error TS17004: Cannot use JSX unless the '--jsx' flag is provided.
frontend/src/components/shared/loading/skeleton-loader.tsx(80,9): error TS17004: Cannot use JSX unless the '--jsx' flag is provided.
frontend/src/components/shared/loading/skeleton-loader.tsx(81,9): error TS17004: Cannot use JSX unless the '--jsx' flag is provided.
frontend/src/components/shared/loading/skeleton-loader.tsx(89,5): error TS17004: Cannot use JSX unless the '--jsx' flag is provided.
frontend/src/components/shared/loading/skeleton-loader.tsx(90,7): error TS17004: Cannot use JSX unless the '--jsx' flag is provided.
frontend/src/components/shared/loading/skeleton-loader.tsx(91,7): error TS17004: Cannot use JSX unless the '--jsx' flag is provided.
frontend/src/components/shared/loading/skeleton-loader.tsx(92,9): error TS17004: Cannot use JSX unless the '--jsx' flag is provided.
frontend/src/components/shared/loading/skeleton-loader.tsx(93,9): error TS17004: Cannot use JSX unless the '--jsx' flag is provided.
frontend/src/components/shared/loading/skeleton-loader.tsx(94,9): error TS17004: Cannot use JSX unless the '--jsx' flag is provided.
frontend/src/components/shared/loading/skeleton-loader.tsx(102,5): error TS17004: Cannot use JSX unless the '--jsx' flag is provided.
frontend/src/components/shared/loading/skeleton-loader.tsx(103,7): error TS17004: Cannot use JSX unless the '--jsx' flag is provided.
frontend/src/components/shared/loading/skeleton-loader.tsx(104,9): error TS17004: Cannot use JSX unless the '--jsx' flag is provided.
frontend/src/components/shared/loading/skeleton-loader.tsx(105,9): error TS17004: Cannot use JSX unless the '--jsx' flag is provided.
frontend/src/components/shared/loading/skeleton-loader.tsx(107,7): error TS17004: Cannot use JSX unless the '--jsx' flag is provided.
frontend/src/components/shared/loading/skeleton-loader.tsx(108,9): error TS17004: Cannot use JSX unless the '--jsx' flag is provided.
frontend/src/components/shared/loading/skeleton-loader.tsx(109,9): error TS17004: Cannot use JSX unless the '--jsx' flag is provided.
frontend/src/components/shared/loading/skeleton-loader.tsx(111,7): error TS17004: Cannot use JSX unless the '--jsx' flag is provided.
frontend/src/components/shared/loading/skeleton-loader.tsx(112,9): error TS17004: Cannot use JSX unless the '--jsx' flag is provided.
frontend/src/components/shared/loading/skeleton-loader.tsx(113,9): error TS17004: Cannot use JSX unless the '--jsx' flag is provided.
frontend/src/components/shared/loading/skeleton-loader.tsx(127,5): error TS17004: Cannot use JSX unless the '--jsx' flag is provided.
frontend/src/components/shared/loading/skeleton-loader.tsx(129,7): error TS17004: Cannot use JSX unless the '--jsx' flag is provided.
frontend/src/components/shared/loading/skeleton-loader.tsx(130,9): error TS17004: Cannot use JSX unless the '--jsx' flag is provided.
frontend/src/components/shared/loading/skeleton-loader.tsx(131,9): error TS17004: Cannot use JSX unless the '--jsx' flag is provided.
frontend/src/components/shared/loading/skeleton-loader.tsx(132,9): error TS17004: Cannot use JSX unless the '--jsx' flag is provided.
frontend/src/components/shared/loading/skeleton-loader.tsx(133,9): error TS17004: Cannot use JSX unless the '--jsx' flag is provided.
frontend/src/components/shared/loading/skeleton-loader.tsx(137,9): error TS17004: Cannot use JSX unless the '--jsx' flag is provided.
frontend/src/components/shared/loading/skeleton-loader.tsx(138,11): error TS17004: Cannot use JSX unless the '--jsx' flag is provided.
frontend/src/components/shared/loading/skeleton-loader.tsx(139,11): error TS17004: Cannot use JSX unless the '--jsx' flag is provided.
frontend/src/components/shared/loading/skeleton-loader.tsx(140,11): error TS17004: Cannot use JSX unless the '--jsx' flag is provided.
frontend/src/components/shared/loading/skeleton-loader.tsx(141,11): error TS17004: Cannot use JSX unless the '--jsx' flag is provided.
frontend/src/components/shared/mobile/mobile-bottom-nav.tsx(4,10): error TS2614: Module '"#/*"' has no exported member 'cn'. Did you mean to use 'import cn from "#/*"' instead?
frontend/src/components/shared/mobile/mobile-bottom-nav.tsx(5,10): error TS2614: Module '"#/*"' has no exported member 'triggerHaptic'. Did you mean to use 'import triggerHaptic from "#/*"' instead?
frontend/src/components/shared/mobile/mobile-bottom-nav.tsx(18,11): error TS17004: Cannot use JSX unless the '--jsx' flag is provided.
frontend/src/components/shared/mobile/mobile-bottom-nav.tsx(24,11): error TS17004: Cannot use JSX unless the '--jsx' flag is provided.
frontend/src/components/shared/mobile/mobile-bottom-nav.tsx(30,11): error TS17004: Cannot use JSX unless the '--jsx' flag is provided.
frontend/src/components/shared/mobile/mobile-bottom-nav.tsx(36,11): error TS17004: Cannot use JSX unless the '--jsx' flag is provided.
frontend/src/components/shared/mobile/mobile-bottom-nav.tsx(55,5): error TS17004: Cannot use JSX unless the '--jsx' flag is provided.
frontend/src/components/shared/mobile/mobile-bottom-nav.tsx(65,7): error TS17004: Cannot use JSX unless the '--jsx' flag is provided.
frontend/src/components/shared/mobile/mobile-bottom-nav.tsx(70,13): error TS17004: Cannot use JSX unless the '--jsx' flag is provided.
frontend/src/components/shared/mobile/mobile-bottom-nav.tsx(85,15): error TS17004: Cannot use JSX unless the '--jsx' flag is provided.
frontend/src/components/shared/mobile/mobile-bottom-nav.tsx(105,15): error TS17004: Cannot use JSX unless the '--jsx' flag is provided.
frontend/src/components/shared/mobile/mobile-bottom-nav.tsx(117,17): error TS17004: Cannot use JSX unless the '--jsx' flag is provided.
frontend/src/components/shared/mobile/pull-to-refresh.tsx(3,10): error TS2614: Module '"#/*"' has no exported member 'cn'. Did you mean to use 'import cn from "#/*"' instead?
frontend/src/components/shared/mobile/pull-to-refresh.tsx(4,10): error TS2614: Module '"#/*"' has no exported member 'triggerHaptic'. Did you mean to use 'import triggerHaptic from "#/*"' instead?
frontend/src/components/shared/mobile/pull-to-refresh.tsx(107,5): error TS17004: Cannot use JSX unless the '--jsx' flag is provided.
frontend/src/components/shared/mobile/pull-to-refresh.tsx(109,7): error TS17004: Cannot use JSX unless the '--jsx' flag is provided.
frontend/src/components/shared/mobile/pull-to-refresh.tsx(120,9): error TS17004: Cannot use JSX unless the '--jsx' flag is provided.
frontend/src/components/shared/mobile/pull-to-refresh.tsx(127,11): error TS17004: Cannot use JSX unless the '--jsx' flag is provided.
frontend/src/components/shared/mobile/pull-to-refresh.tsx(140,15): error TS17004: Cannot use JSX unless the '--jsx' flag is provided.
frontend/src/components/shared/mobile/pull-to-refresh.tsx(142,15): error TS17004: Cannot use JSX unless the '--jsx' flag is provided.
frontend/src/components/shared/mobile/pull-to-refresh.tsx(152,11): error TS17004: Cannot use JSX unless the '--jsx' flag is provided.
frontend/src/components/shared/mobile/pull-to-refresh.tsx(163,7): error TS17004: Cannot use JSX unless the '--jsx' flag is provided.
frontend/src/components/shared/mobile/swipeable-message.tsx(3,10): error TS2614: Module '"#/*"' has no exported member 'cn'. Did you mean to use 'import cn from "#/*"' instead?
frontend/src/components/shared/mobile/swipeable-message.tsx(4,10): error TS2614: Module '"#/*"' has no exported member 'triggerHaptic'. Did you mean to use 'import triggerHaptic from "#/*"' instead?
frontend/src/components/shared/mobile/swipeable-message.tsx(92,5): error TS17004: Cannot use JSX unless the '--jsx' flag is provided.
frontend/src/components/shared/mobile/swipeable-message.tsx(94,7): error TS17004: Cannot use JSX unless the '--jsx' flag is provided.
frontend/src/components/shared/mobile/swipeable-message.tsx(105,9): error TS17004: Cannot use JSX unless the '--jsx' flag is provided.
frontend/src/components/shared/mobile/swipeable-message.tsx(114,7): error TS17004: Cannot use JSX unless the '--jsx' flag is provided.
frontend/src/components/shared/mobile/swipeable-message.tsx(125,9): error TS17004: Cannot use JSX unless the '--jsx' flag is provided.
frontend/src/components/shared/mobile/swipeable-message.tsx(134,7): error TS17004: Cannot use JSX unless the '--jsx' flag is provided.
frontend/src/components/shared/modals/__tests__/modal-backdrop.test.tsx(5,31): error TS2835: Relative import paths need explicit file extensions in ECMAScript imports when '--moduleResolution' is 'node16' or 'nodenext'. Did you mean '../modal-backdrop.js'?
frontend/src/components/shared/modals/__tests__/modal-backdrop.test.tsx(9,28): error TS2339: Property 'setup' does not exist on type 'typeof import("C:/Users/GIGABYTE/Desktop/Forge/frontend/node_modules/@testing-library/user-event/dist/types/index")'.
frontend/src/components/shared/modals/__tests__/modal-backdrop.test.tsx(13,7): error TS17004: Cannot use JSX unless the '--jsx' flag is provided.
frontend/src/components/shared/modals/__tests__/modal-backdrop.test.tsx(14,9): error TS17004: Cannot use JSX unless the '--jsx' flag is provided.
frontend/src/components/shared/modals/__tests__/modal-backdrop.test.tsx(15,11): error TS17004: Cannot use JSX unless the '--jsx' flag is provided.
frontend/src/components/shared/modals/__tests__/modal-backdrop.test.tsx(16,11): error TS17004: Cannot use JSX unless the '--jsx' flag is provided.
frontend/src/components/shared/modals/__tests__/modal-backdrop.test.tsx(26,28): error TS2339: Property 'setup' does not exist on type 'typeof import("C:/Users/GIGABYTE/Desktop/Forge/frontend/node_modules/@testing-library/user-event/dist/types/index")'.
frontend/src/components/shared/modals/__tests__/modal-backdrop.test.tsx(30,7): error TS17004: Cannot use JSX unless the '--jsx' flag is provided.
frontend/src/components/shared/modals/__tests__/modal-backdrop.test.tsx(31,9): error TS17004: Cannot use JSX unless the '--jsx' flag is provided.
frontend/src/components/shared/modals/__tests__/modal-backdrop.test.tsx(32,11): error TS17004: Cannot use JSX unless the '--jsx' flag is provided.
frontend/src/components/shared/modals/__tests__/modal-backdrop.test.tsx(42,28): error TS2339: Property 'setup' does not exist on type 'typeof import("C:/Users/GIGABYTE/Desktop/Forge/frontend/node_modules/@testing-library/user-event/dist/types/index")'.
frontend/src/components/shared/modals/__tests__/modal-backdrop.test.tsx(45,7): error TS17004: Cannot use JSX unless the '--jsx' flag is provided.
frontend/src/components/shared/modals/__tests__/modal-backdrop.test.tsx(46,9): error TS17004: Cannot use JSX unless the '--jsx' flag is provided.
frontend/src/components/shared/modals/__tests__/modal-backdrop.test.tsx(47,11): error TS17004: Cannot use JSX unless the '--jsx' flag is provided.
frontend/src/components/shared/modals/__tests__/modal-backdrop.test.tsx(48,11): error TS17004: Cannot use JSX unless the '--jsx' flag is provided.
frontend/src/components/shared/modals/base-modal/base-modal.tsx(9,39): error TS2835: Relative import paths need explicit file extensions in ECMAScript imports when '--moduleResolution' is 'node16' or 'nodenext'. Did you mean './footer-content.js'?
frontend/src/components/shared/modals/base-modal/base-modal.tsx(10,31): error TS2835: Relative import paths need explicit file extensions in ECMAScript imports when '--moduleResolution' is 'node16' or 'nodenext'. Did you mean './header-content.js'?
frontend/src/components/shared/modals/base-modal/base-modal.tsx(38,5): error TS17004: Cannot use JSX unless the '--jsx' flag is provided.
frontend/src/components/shared/modals/base-modal/base-modal.tsx(52,7): error TS17004: Cannot use JSX unless the '--jsx' flag is provided.
frontend/src/components/shared/modals/base-modal/base-modal.tsx(54,11): error TS17004: Cannot use JSX unless the '--jsx' flag is provided.
frontend/src/components/shared/modals/base-modal/base-modal.tsx(56,15): error TS17004: Cannot use JSX unless the '--jsx' flag is provided.
frontend/src/components/shared/modals/base-modal/base-modal.tsx(57,17): error TS17004: Cannot use JSX unless the '--jsx' flag is provided.
frontend/src/components/shared/modals/base-modal/base-modal.tsx(61,13): error TS17004: Cannot use JSX unless the '--jsx' flag is provided.
frontend/src/components/shared/modals/base-modal/base-modal.tsx(64,15): error TS17004: Cannot use JSX unless the '--jsx' flag is provided.
frontend/src/components/shared/modals/base-modal/base-modal.tsx(65,17): error TS17004: Cannot use JSX unless the '--jsx' flag is provided.
frontend/src/components/shared/modals/base-modal/footer-content.tsx(34,5): error TS17004: Cannot use JSX unless the '--jsx' flag is provided.
frontend/src/components/shared/modals/base-modal/footer-content.tsx(44,11): error TS17004: Cannot use JSX unless the '--jsx' flag is provided.
frontend/src/components/shared/modals/base-modal/header-content.tsx(13,5): error TS17004: Cannot use JSX unless the '--jsx' flag is provided.
frontend/src/components/shared/modals/base-modal/header-content.tsx(14,7): error TS17004: Cannot use JSX unless the '--jsx' flag is provided.
frontend/src/components/shared/modals/base-modal/header-content.tsx(18,9): error TS17004: Cannot use JSX unless the '--jsx' flag is provided.
frontend/src/components/shared/modals/confirmation-modal.tsx(2,10): error TS2614: Module '"#/*"' has no exported member 'I18nKey'. Did you mean to use 'import I18nKey from "#/*"' instead?
frontend/src/components/shared/modals/confirmation-modal.tsx(3,10): error TS2614: Module '"#/*"' has no exported member 'BrandButton'. Did you mean to use 'import BrandButton from "#/*"' instead?
frontend/src/components/shared/modals/confirmation-modal.tsx(4,31): error TS2835: Relative import paths need explicit file extensions in ECMAScript imports when '--moduleResolution' is 'node16' or 'nodenext'. Did you mean './modal-backdrop.js'?
frontend/src/components/shared/modals/confirmation-modal.tsx(19,5): error TS17004: Cannot use JSX unless the '--jsx' flag is provided.
frontend/src/components/shared/modals/confirmation-modal.tsx(20,7): error TS17004: Cannot use JSX unless the '--jsx' flag is provided.
frontend/src/components/shared/modals/confirmation-modal.tsx(24,9): error TS17004: Cannot use JSX unless the '--jsx' flag is provided.
frontend/src/components/shared/modals/confirmation-modal.tsx(25,9): error TS17004: Cannot use JSX unless the '--jsx' flag is provided.
frontend/src/components/shared/modals/confirmation-modal.tsx(26,11): error TS17004: Cannot use JSX unless the '--jsx' flag is provided.
frontend/src/components/shared/modals/confirmation-modal.tsx(35,11): error TS17004: Cannot use JSX unless the '--jsx' flag is provided.
frontend/src/components/shared/modals/confirmation-modals/base-modal.tsx(2,27): error TS2835: Relative import paths need explicit file extensions in ECMAScript imports when '--moduleResolution' is 'node16' or 'nodenext'. Did you mean '../modal-body.js'?
frontend/src/components/shared/modals/confirmation-modals/base-modal.tsx(3,29): error TS2835: Relative import paths need explicit file extensions in ECMAScript imports when '--moduleResolution' is 'node16' or 'nodenext'. Did you mean '../../buttons/modal-button.js'?
frontend/src/components/shared/modals/confirmation-modals/base-modal.tsx(17,5): error TS17004: Cannot use JSX unless the '--jsx' flag is provided.
frontend/src/components/shared/modals/confirmation-modals/base-modal.tsx(32,10): error TS17004: Cannot use JSX unless the '--jsx' flag is provided.
frontend/src/components/shared/modals/confirmation-modals/base-modal.tsx(49,5): error TS17004: Cannot use JSX unless the '--jsx' flag is provided.
frontend/src/components/shared/modals/confirmation-modals/base-modal.tsx(50,7): error TS17004: Cannot use JSX unless the '--jsx' flag is provided.
frontend/src/components/shared/modals/confirmation-modals/base-modal.tsx(51,9): error TS17004: Cannot use JSX unless the '--jsx' flag is provided.
frontend/src/components/shared/modals/confirmation-modals/base-modal.tsx(52,9): error TS17004: Cannot use JSX unless the '--jsx' flag is provided.
frontend/src/components/shared/modals/confirmation-modals/base-modal.tsx(55,7): error TS17004: Cannot use JSX unless the '--jsx' flag is provided.
frontend/src/components/shared/modals/confirmation-modals/base-modal.tsx(57,11): error TS17004: Cannot use JSX unless the '--jsx' flag is provided.
frontend/src/components/shared/modals/confirmation-modals/danger-modal.tsx(1,27): error TS2835: Relative import paths need explicit file extensions in ECMAScript imports when '--moduleResolution' is 'node16' or 'nodenext'. Did you mean './base-modal.js'?
frontend/src/components/shared/modals/confirmation-modals/danger-modal.tsx(22,5): error TS17004: Cannot use JSX unless the '--jsx' flag is provided.
frontend/src/components/shared/modals/modal-backdrop.tsx(129,5): error TS17004: Cannot use JSX unless the '--jsx' flag is provided.
frontend/src/components/shared/modals/modal-backdrop.tsx(135,7): error TS17004: Cannot use JSX unless the '--jsx' flag is provided.
frontend/src/components/shared/modals/modal-backdrop.tsx(137,7): error TS17004: Cannot use JSX unless the '--jsx' flag is provided.
frontend/src/components/shared/modals/modal-body.tsx(2,10): error TS2614: Module '"#/*"' has no exported member 'cn'. Did you mean to use 'import cn from "#/*"' instead?
frontend/src/components/shared/modals/modal-body.tsx(20,5): error TS17004: Cannot use JSX unless the '--jsx' flag is provided.
frontend/src/components/shared/modals/security/invariant/assets/logo.tsx(9,5): error TS17004: Cannot use JSX unless the '--jsx' flag is provided.
frontend/src/components/shared/modals/security/invariant/assets/logo.tsx(17,7): error TS17004: Cannot use JSX unless the '--jsx' flag is provided.
frontend/src/components/shared/modals/security/invariant/assets/logo.tsx(26,9): error TS17004: Cannot use JSX unless the '--jsx' flag is provided.
frontend/src/components/shared/modals/security/invariant/assets/logo.tsx(28,7): error TS17004: Cannot use JSX unless the '--jsx' flag is provided.
frontend/src/components/shared/modals/security/invariant/assets/logo.tsx(29,9): error TS17004: Cannot use JSX unless the '--jsx' flag is provided.
frontend/src/components/shared/modals/security/invariant/assets/logo.tsx(36,7): error TS17004: Cannot use JSX unless the '--jsx' flag is provided.
frontend/src/components/shared/modals/security/invariant/assets/logo.tsx(37,9): error TS17004: Cannot use JSX unless the '--jsx' flag is provided.
frontend/src/components/shared/modals/security/invariant/assets/logo.tsx(44,7): error TS17004: Cannot use JSX unless the '--jsx' flag is provided.
frontend/src/components/shared/modals/security/invariant/assets/logo.tsx(45,9): error TS17004: Cannot use JSX unless the '--jsx' flag is provided.
frontend/src/components/shared/modals/security/invariant/assets/logo.tsx(53,11): error TS17004: Cannot use JSX unless the '--jsx' flag is provided.
frontend/src/components/shared/modals/security/invariant/assets/logo.tsx(54,11): error TS17004: Cannot use JSX unless the '--jsx' flag is provided.
frontend/src/components/shared/modals/security/invariant/assets/logo.tsx(56,9): error TS17004: Cannot use JSX unless the '--jsx' flag is provided.
frontend/src/components/shared/modals/security/invariant/assets/logo.tsx(64,11): error TS17004: Cannot use JSX unless the '--jsx' flag is provided.
frontend/src/components/shared/modals/security/invariant/assets/logo.tsx(65,11): error TS17004: Cannot use JSX unless the '--jsx' flag is provided.
frontend/src/components/shared/modals/security/invariant/assets/logo.tsx(67,9): error TS17004: Cannot use JSX unless the '--jsx' flag is provided.
frontend/src/components/shared/modals/security/invariant/assets/logo.tsx(68,11): error TS17004: Cannot use JSX unless the '--jsx' flag is provided.
frontend/src/components/shared/modals/security/invariant/invariant.tsx(9,10): error TS2614: Module '"#/*"' has no exported member 'RootState'. Did you mean to use 'import RootState from "#/*"' instead?
frontend/src/components/shared/modals/security/invariant/invariant.tsx(11,3): error TS2614: Module '"#/*"' has no exported member 'ActionSecurityRisk'. Did you mean to use 'import ActionSecurityRisk from "#/*"' instead?
frontend/src/components/shared/modals/security/invariant/invariant.tsx(12,3): error TS2614: Module '"#/*"' has no exported member 'SecurityAnalyzerLog'. Did you mean to use 'import SecurityAnalyzerLog from "#/*"' instead?
frontend/src/components/shared/modals/security/invariant/invariant.tsx(14,10): error TS2614: Module '"#/*"' has no exported member 'useScrollToBottom'. Did you mean to use 'import useScrollToBottom from "#/*"' instead?
frontend/src/components/shared/modals/security/invariant/invariant.tsx(15,10): error TS2614: Module '"#/*"' has no exported member 'I18nKey'. Did you mean to use 'import I18nKey from "#/*"' instead?
frontend/src/components/shared/modals/security/invariant/invariant.tsx(17,31): error TS2835: Relative import paths need explicit file extensions in ECMAScript imports when '--moduleResolution' is 'node16' or 'nodenext'. Did you mean './assets/logo.js'?
frontend/src/components/shared/modals/security/invariant/invariant.tsx(18,10): error TS2614: Module '"#/*"' has no exported member 'getFormattedDateTime'. Did you mean to use 'import getFormattedDateTime from "#/*"' instead?
frontend/src/components/shared/modals/security/invariant/invariant.tsx(19,10): error TS2614: Module '"#/*"' has no exported member 'downloadJSON'. Did you mean to use 'import downloadJSON from "#/*"' instead?
frontend/src/components/shared/modals/security/invariant/invariant.tsx(21,10): error TS2614: Module '"#/*"' has no exported member 'useGetPolicy'. Did you mean to use 'import useGetPolicy from "#/*"' instead?
frontend/src/components/shared/modals/security/invariant/invariant.tsx(22,10): error TS2614: Module '"#/*"' has no exported member 'useGetRiskSeverity'. Did you mean to use 'import useGetRiskSeverity from "#/*"' instead?
frontend/src/components/shared/modals/security/invariant/invariant.tsx(23,10): error TS2614: Module '"#/*"' has no exported member 'useGetTraces'. Did you mean to use 'import useGetTraces from "#/*"' instead?
frontend/src/components/shared/modals/security/invariant/invariant.tsx(42,17): error TS7006: Parameter 'riskSeverity' implicitly has an 'any' type.
frontend/src/components/shared/modals/security/invariant/invariant.tsx(52,17): error TS7006: Parameter 'traces' implicitly has an 'any' type.
frontend/src/components/shared/modals/security/invariant/invariant.tsx(127,7): error TS17004: Cannot use JSX unless the '--jsx' flag is provided.
frontend/src/components/shared/modals/security/invariant/invariant.tsx(128,9): error TS17004: Cannot use JSX unless the '--jsx' flag is provided.
frontend/src/components/shared/modals/security/invariant/invariant.tsx(129,11): error TS17004: Cannot use JSX unless the '--jsx' flag is provided.
frontend/src/components/shared/modals/security/invariant/invariant.tsx(130,11): error TS17004: Cannot use JSX unless the '--jsx' flag is provided.
frontend/src/components/shared/modals/security/invariant/invariant.tsx(134,9): error TS17004: Cannot use JSX unless the '--jsx' flag is provided.
frontend/src/components/shared/modals/security/invariant/invariant.tsx(139,13): error TS17004: Cannot use JSX unless the '--jsx' flag is provided.
frontend/src/components/shared/modals/security/invariant/invariant.tsx(147,15): error TS17004: Cannot use JSX unless the '--jsx' flag is provided.
frontend/src/components/shared/modals/security/invariant/invariant.tsx(151,19): error TS17004: Cannot use JSX unless the '--jsx' flag is provided.
frontend/src/components/shared/modals/security/invariant/invariant.tsx(154,15): error TS17004: Cannot use JSX unless the '--jsx' flag is provided.
frontend/src/components/shared/modals/security/invariant/invariant.tsx(163,7): error TS17004: Cannot use JSX unless the '--jsx' flag is provided.
frontend/src/components/shared/modals/security/invariant/invariant.tsx(164,9): error TS17004: Cannot use JSX unless the '--jsx' flag is provided.
frontend/src/components/shared/modals/security/invariant/invariant.tsx(165,11): error TS17004: Cannot use JSX unless the '--jsx' flag is provided.
frontend/src/components/shared/modals/security/invariant/invariant.tsx(166,11): error TS17004: Cannot use JSX unless the '--jsx' flag is provided.
frontend/src/components/shared/modals/security/invariant/invariant.tsx(173,9): error TS17004: Cannot use JSX unless the '--jsx' flag is provided.
frontend/src/components/shared/modals/security/invariant/invariant.tsx(174,11): error TS17004: Cannot use JSX unless the '--jsx' flag is provided.
frontend/src/components/shared/modals/security/invariant/invariant.tsx(185,7): error TS17004: Cannot use JSX unless the '--jsx' flag is provided.
frontend/src/components/shared/modals/security/invariant/invariant.tsx(186,9): error TS17004: Cannot use JSX unless the '--jsx' flag is provided.
frontend/src/components/shared/modals/security/invariant/invariant.tsx(187,11): error TS17004: Cannot use JSX unless the '--jsx' flag is provided.
frontend/src/components/shared/modals/security/invariant/invariant.tsx(188,11): error TS17004: Cannot use JSX unless the '--jsx' flag is provided.
frontend/src/components/shared/modals/security/invariant/invariant.tsx(195,9): error TS17004: Cannot use JSX unless the '--jsx' flag is provided.
frontend/src/components/shared/modals/security/invariant/invariant.tsx(196,11): error TS17004: Cannot use JSX unless the '--jsx' flag is provided.
frontend/src/components/shared/modals/security/invariant/invariant.tsx(197,13): error TS17004: Cannot use JSX unless the '--jsx' flag is provided.
frontend/src/components/shared/modals/security/invariant/invariant.tsx(200,13): error TS17004: Cannot use JSX unless the '--jsx' flag is provided.
frontend/src/components/shared/modals/security/invariant/invariant.tsx(210,15): error TS17004: Cannot use JSX unless the '--jsx' flag is provided.
frontend/src/components/shared/modals/security/invariant/invariant.tsx(217,15): error TS17004: Cannot use JSX unless the '--jsx' flag is provided.
frontend/src/components/shared/modals/security/invariant/invariant.tsx(224,15): error TS17004: Cannot use JSX unless the '--jsx' flag is provided.
frontend/src/components/shared/modals/security/invariant/invariant.tsx(231,15): error TS17004: Cannot use JSX unless the '--jsx' flag is provided.
frontend/src/components/shared/modals/security/invariant/invariant.tsx(238,15): error TS17004: Cannot use JSX unless the '--jsx' flag is provided.
frontend/src/components/shared/modals/security/invariant/invariant.tsx(252,5): error TS17004: Cannot use JSX unless the '--jsx' flag is provided.
frontend/src/components/shared/modals/security/invariant/invariant.tsx(253,7): error TS17004: Cannot use JSX unless the '--jsx' flag is provided.
frontend/src/components/shared/modals/security/invariant/invariant.tsx(254,9): error TS17004: Cannot use JSX unless the '--jsx' flag is provided.
frontend/src/components/shared/modals/security/invariant/invariant.tsx(255,11): error TS17004: Cannot use JSX unless the '--jsx' flag is provided.
frontend/src/components/shared/modals/security/invariant/invariant.tsx(256,11): error TS17004: Cannot use JSX unless the '--jsx' flag is provided.
frontend/src/components/shared/modals/security/invariant/invariant.tsx(258,9): error TS17004: Cannot use JSX unless the '--jsx' flag is provided.
frontend/src/components/shared/modals/security/invariant/invariant.tsx(260,11): error TS17004: Cannot use JSX unless the '--jsx' flag is provided.
frontend/src/components/shared/modals/security/invariant/invariant.tsx(269,9): error TS17004: Cannot use JSX unless the '--jsx' flag is provided.
frontend/src/components/shared/modals/security/invariant/invariant.tsx(270,9): error TS17004: Cannot use JSX unless the '--jsx' flag is provided.
frontend/src/components/shared/modals/security/invariant/invariant.tsx(271,11): error TS17004: Cannot use JSX unless the '--jsx' flag is provided.
frontend/src/components/shared/modals/security/invariant/invariant.tsx(277,11): error TS17004: Cannot use JSX unless the '--jsx' flag is provided.
frontend/src/components/shared/modals/security/invariant/invariant.tsx(283,11): error TS17004: Cannot use JSX unless the '--jsx' flag is provided.
frontend/src/components/shared/modals/security/invariant/invariant.tsx(291,7): error TS17004: Cannot use JSX unless the '--jsx' flag is provided.
frontend/src/components/shared/modals/security/security.tsx(3,31): error TS2835: Relative import paths need explicit file extensions in ECMAScript imports when '--moduleResolution' is 'node16' or 'nodenext'. Did you mean './invariant/invariant.js'?
frontend/src/components/shared/modals/security/security.tsx(4,10): error TS2614: Module '"#/*"' has no exported member 'I18nKey'. Did you mean to use 'import I18nKey from "#/*"' instead?
frontend/src/components/shared/modals/security/security.tsx(5,27): error TS2835: Relative import paths need explicit file extensions in ECMAScript imports when '--moduleResolution' is 'node16' or 'nodenext'. Did you mean '../base-modal/base-modal.js'?
frontend/src/components/shared/modals/security/security.tsx(28,15): error TS17004: Cannot use JSX unless the '--jsx' flag is provided.
frontend/src/components/shared/modals/security/security.tsx(31,5): error TS17004: Cannot use JSX unless the '--jsx' flag is provided.
frontend/src/components/shared/modals/security/security.tsx(38,7): error TS17004: Cannot use JSX unless the '--jsx' flag is provided.
frontend/src/components/shared/modals/settings/model-selector.tsx(3,10): error TS2614: Module '"#/*"' has no exported member 'I18nKey'. Did you mean to use 'import I18nKey from "#/*"' instead?
frontend/src/components/shared/modals/settings/model-selector.tsx(4,10): error TS2614: Module '"#/*"' has no exported member 'mapProvider'. Did you mean to use 'import mapProvider from "#/*"' instead?
frontend/src/components/shared/modals/settings/model-selector.tsx(5,10): error TS2614: Module '"#/*"' has no exported member 'CustomDropdown'. Did you mean to use 'import CustomDropdown from "#/*"' instead?
frontend/src/components/shared/modals/settings/model-selector.tsx(7,3): error TS2614: Module '"#/*"' has no exported member 'VERIFIED_MODELS'. Did you mean to use 'import VERIFIED_MODELS from "#/*"' instead?
frontend/src/components/shared/modals/settings/model-selector.tsx(8,3): error TS2614: Module '"#/*"' has no exported member 'VERIFIED_PROVIDERS'. Did you mean to use 'import VERIFIED_PROVIDERS from "#/*"' instead?
frontend/src/components/shared/modals/settings/model-selector.tsx(9,3): error TS2614: Module '"#/*"' has no exported member 'VERIFIED_OPENHANDS_MODELS'. Did you mean to use 'import VERIFIED_OPENHANDS_MODELS from "#/*"' instead?
frontend/src/components/shared/modals/settings/model-selector.tsx(11,10): error TS2614: Module '"#/*"' has no exported member 'extractModelAndProvider'. Did you mean to use 'import extractModelAndProvider from "#/*"' instead?
frontend/src/components/shared/modals/settings/model-selector.tsx(82,5): error TS17004: Cannot use JSX unless the '--jsx' flag is provided.
frontend/src/components/shared/modals/settings/model-selector.tsx(83,7): error TS17004: Cannot use JSX unless the '--jsx' flag is provided.
frontend/src/components/shared/modals/settings/model-selector.tsx(84,9): error TS17004: Cannot use JSX unless the '--jsx' flag is provided.
frontend/src/components/shared/modals/settings/model-selector.tsx(85,9): error TS17004: Cannot use JSX unless the '--jsx' flag is provided.
frontend/src/components/shared/modals/settings/model-selector.tsx(91,31): error TS7006: Parameter 'key' implicitly has an 'any' type.
frontend/src/components/shared/modals/settings/model-selector.tsx(96,27): error TS7006: Parameter 'value' implicitly has an 'any' type.
frontend/src/components/shared/modals/settings/model-selector.tsx(103,18): error TS7006: Parameter 'provider' implicitly has an 'any' type.
frontend/src/components/shared/modals/settings/model-selector.tsx(104,22): error TS7006: Parameter 'provider' implicitly has an 'any' type.
frontend/src/components/shared/modals/settings/model-selector.tsx(130,7): error TS17004: Cannot use JSX unless the '--jsx' flag is provided.
frontend/src/components/shared/modals/settings/model-selector.tsx(131,9): error TS17004: Cannot use JSX unless the '--jsx' flag is provided.
frontend/src/components/shared/modals/settings/model-selector.tsx(132,9): error TS17004: Cannot use JSX unless the '--jsx' flag is provided.
frontend/src/components/shared/modals/settings/model-selector.tsx(138,31): error TS7006: Parameter 'key' implicitly has an 'any' type.
frontend/src/components/shared/modals/settings/model-selector.tsx(149,26): error TS7006: Parameter 'model' implicitly has an 'any' type.
frontend/src/components/shared/modals/settings/model-selector.tsx(152,23): error TS7006: Parameter 'model' implicitly has an 'any' type.
frontend/src/components/shared/modals/settings/settings-form.tsx(5,10): error TS2614: Module '"#/*"' has no exported member 'I18nKey'. Did you mean to use 'import I18nKey from "#/*"' instead?
frontend/src/components/shared/modals/settings/settings-form.tsx(6,10): error TS2614: Module '"#/*"' has no exported member 'organizeModelsAndProviders'. Did you mean to use 'import organizeModelsAndProviders from "#/*"' instead?
frontend/src/components/shared/modals/settings/settings-form.tsx(7,29): error TS2835: Relative import paths need explicit file extensions in ECMAScript imports when '--moduleResolution' is 'node16' or 'nodenext'. Did you mean '../confirmation-modals/danger-modal.js'?
frontend/src/components/shared/modals/settings/settings-form.tsx(8,10): error TS2614: Module '"#/*"' has no exported member 'extractSettings'. Did you mean to use 'import extractSettings from "#/*"' instead?
frontend/src/components/shared/modals/settings/settings-form.tsx(9,31): error TS2835: Relative import paths need explicit file extensions in ECMAScript imports when '--moduleResolution' is 'node16' or 'nodenext'. Did you mean '../modal-backdrop.js'?
frontend/src/components/shared/modals/settings/settings-form.tsx(10,31): error TS2835: Relative import paths need explicit file extensions in ECMAScript imports when '--moduleResolution' is 'node16' or 'nodenext'. Did you mean './model-selector.js'?
frontend/src/components/shared/modals/settings/settings-form.tsx(11,10): error TS2614: Module '"#/*"' has no exported member 'Settings'. Did you mean to use 'import Settings from "#/*"' instead?
frontend/src/components/shared/modals/settings/settings-form.tsx(12,10): error TS2614: Module '"#/*"' has no exported member 'BrandButton'. Did you mean to use 'import BrandButton from "#/*"' instead?
frontend/src/components/shared/modals/settings/settings-form.tsx(13,10): error TS2614: Module '"#/*"' has no exported member 'KeyStatusIcon'. Did you mean to use 'import KeyStatusIcon from "#/*"' instead?
frontend/src/components/shared/modals/settings/settings-form.tsx(14,10): error TS2614: Module '"#/*"' has no exported member 'SettingsInput'. Did you mean to use 'import SettingsInput from "#/*"' instead?
frontend/src/components/shared/modals/settings/settings-form.tsx(15,10): error TS2614: Module '"#/*"' has no exported member 'HelpLink'. Did you mean to use 'import HelpLink from "#/*"' instead?
frontend/src/components/shared/modals/settings/settings-form.tsx(16,10): error TS2614: Module '"#/*"' has no exported member 'useSaveSettings'. Did you mean to use 'import useSaveSettings from "#/*"' instead?
frontend/src/components/shared/modals/settings/settings-form.tsx(42,17): error TS2339: Property 'capture' does not exist on type 'typeof import("C:/Users/GIGABYTE/Desktop/Forge/frontend/node_modules/posthog-js/dist/module")'.
frontend/src/components/shared/modals/settings/settings-form.tsx(72,5): error TS17004: Cannot use JSX unless the '--jsx' flag is provided.
frontend/src/components/shared/modals/settings/settings-form.tsx(73,7): error TS17004: Cannot use JSX unless the '--jsx' flag is provided.
frontend/src/components/shared/modals/settings/settings-form.tsx(79,9): error TS17004: Cannot use JSX unless the '--jsx' flag is provided.
frontend/src/components/shared/modals/settings/settings-form.tsx(80,11): error TS17004: Cannot use JSX unless the '--jsx' flag is provided.
frontend/src/components/shared/modals/settings/settings-form.tsx(85,11): error TS17004: Cannot use JSX unless the '--jsx' flag is provided.
frontend/src/components/shared/modals/settings/settings-form.tsx(92,42): error TS17004: Cannot use JSX unless the '--jsx' flag is provided.
frontend/src/components/shared/modals/settings/settings-form.tsx(95,11): error TS17004: Cannot use JSX unless the '--jsx' flag is provided.
frontend/src/components/shared/modals/settings/settings-form.tsx(103,9): error TS17004: Cannot use JSX unless the '--jsx' flag is provided.
frontend/src/components/shared/modals/settings/settings-form.tsx(104,11): error TS17004: Cannot use JSX unless the '--jsx' flag is provided.
frontend/src/components/shared/modals/settings/settings-form.tsx(116,9): error TS17004: Cannot use JSX unless the '--jsx' flag is provided.
frontend/src/components/shared/modals/settings/settings-form.tsx(117,11): error TS17004: Cannot use JSX unless the '--jsx' flag is provided.
frontend/src/components/shared/modals/settings/settings-modal.tsx(3,10): error TS2614: Module '"#/*"' has no exported member 'useAIConfigOptions'. Did you mean to use 'import useAIConfigOptions from "#/*"' instead?
frontend/src/components/shared/modals/settings/settings-modal.tsx(4,10): error TS2614: Module '"#/*"' has no exported member 'I18nKey'. Did you mean to use 'import I18nKey from "#/*"' instead?
frontend/src/components/shared/modals/settings/settings-modal.tsx(5,32): error TS2835: Relative import paths need explicit file extensions in ECMAScript imports when '--moduleResolution' is 'node16' or 'nodenext'. Did you mean '../../loading-spinner.js'?
frontend/src/components/shared/modals/settings/settings-modal.tsx(6,31): error TS2835: Relative import paths need explicit file extensions in ECMAScript imports when '--moduleResolution' is 'node16' or 'nodenext'. Did you mean '../modal-backdrop.js'?
frontend/src/components/shared/modals/settings/settings-modal.tsx(7,30): error TS2835: Relative import paths need explicit file extensions in ECMAScript imports when '--moduleResolution' is 'node16' or 'nodenext'. Did you mean './settings-form.js'?
frontend/src/components/shared/modals/settings/settings-modal.tsx(8,10): error TS2614: Module '"#/*"' has no exported member 'Settings'. Did you mean to use 'import Settings from "#/*"' instead?
frontend/src/components/shared/modals/settings/settings-modal.tsx(9,10): error TS2614: Module '"#/*"' has no exported member 'Card'. Did you mean to use 'import Card from "#/*"' instead?
frontend/src/components/shared/modals/settings/settings-modal.tsx(9,16): error TS2614: Module '"#/*"' has no exported member 'CardContent'. Did you mean to use 'import CardContent from "#/*"' instead?
frontend/src/components/shared/modals/settings/settings-modal.tsx(9,29): error TS2614: Module '"#/*"' has no exported member 'CardHeader'. Did you mean to use 'import CardHeader from "#/*"' instead?
frontend/src/components/shared/modals/settings/settings-modal.tsx(10,10): error TS2614: Module '"#/*"' has no exported member 'Separator'. Did you mean to use 'import Separator from "#/*"' instead?
frontend/src/components/shared/modals/settings/settings-modal.tsx(11,10): error TS2614: Module '"#/*"' has no exported member 'DEFAULT_SETTINGS'. Did you mean to use 'import DEFAULT_SETTINGS from "#/*"' instead?
frontend/src/components/shared/modals/settings/settings-modal.tsx(23,5): error TS17004: Cannot use JSX unless the '--jsx' flag is provided.
frontend/src/components/shared/modals/settings/settings-modal.tsx(24,7): error TS17004: Cannot use JSX unless the '--jsx' flag is provided.
frontend/src/components/shared/modals/settings/settings-modal.tsx(28,9): error TS17004: Cannot use JSX unless the '--jsx' flag is provided.
frontend/src/components/shared/modals/settings/settings-modal.tsx(29,11): error TS17004: Cannot use JSX unless the '--jsx' flag is provided.
frontend/src/components/shared/modals/settings/settings-modal.tsx(32,11): error TS17004: Cannot use JSX unless the '--jsx' flag is provided.
frontend/src/components/shared/modals/settings/settings-modal.tsx(35,13): error TS17004: Cannot use JSX unless the '--jsx' flag is provided.
frontend/src/components/shared/modals/settings/settings-modal.tsx(43,11): error TS17004: Cannot use JSX unless the '--jsx' flag is provided.
frontend/src/components/shared/modals/settings/settings-modal.tsx(45,9): error TS17004: Cannot use JSX unless the '--jsx' flag is provided.
frontend/src/components/shared/modals/settings/settings-modal.tsx(47,13): error TS17004: Cannot use JSX unless the '--jsx' flag is provided.
frontend/src/components/shared/modals/settings/settings-modal.tsx(53,13): error TS17004: Cannot use JSX unless the '--jsx' flag is provided.
frontend/src/components/shared/modals/settings/settings-modal.tsx(54,15): error TS17004: Cannot use JSX unless the '--jsx' flag is provided.
frontend/src/components/shared/modals/settings/settings-modal.tsx(58,13): error TS17004: Cannot use JSX unless the '--jsx' flag is provided.
frontend/src/components/shared/notifications/toast.tsx(9,10): error TS2614: Module '"#/*"' has no exported member 'cn'. Did you mean to use 'import cn from "#/*"' instead?
frontend/src/components/shared/notifications/toast.tsx(108,5): error TS17004: Cannot use JSX unless the '--jsx' flag is provided.
frontend/src/components/shared/notifications/toast.tsx(118,9): error TS17004: Cannot use JSX unless the '--jsx' flag is provided.
frontend/src/components/shared/notifications/toast.tsx(119,11): error TS17004: Cannot use JSX unless the '--jsx' flag is provided.
frontend/src/components/shared/notifications/toast.tsx(130,7): error TS17004: Cannot use JSX unless the '--jsx' flag is provided.
frontend/src/components/shared/notifications/toast.tsx(131,9): error TS17004: Cannot use JSX unless the '--jsx' flag is provided.
frontend/src/components/shared/notifications/toast.tsx(132,11): error TS17004: Cannot use JSX unless the '--jsx' flag is provided.
frontend/src/components/shared/notifications/toast.tsx(135,9): error TS17004: Cannot use JSX unless the '--jsx' flag is provided.
frontend/src/components/shared/notifications/toast.tsx(136,11): error TS17004: Cannot use JSX unless the '--jsx' flag is provided.
frontend/src/components/shared/notifications/toast.tsx(137,13): error TS17004: Cannot use JSX unless the '--jsx' flag is provided.
frontend/src/components/shared/notifications/toast.tsx(138,13): error TS17004: Cannot use JSX unless the '--jsx' flag is provided.
frontend/src/components/shared/notifications/toast.tsx(141,13): error TS17004: Cannot use JSX unless the '--jsx' flag is provided.
frontend/src/components/shared/notifications/toast.tsx(147,13): error TS17004: Cannot use JSX unless the '--jsx' flag is provided.
frontend/src/components/shared/notifications/toast.tsx(157,9): error TS17004: Cannot use JSX unless the '--jsx' flag is provided.
frontend/src/components/shared/notifications/toast.tsx(158,11): error TS17004: Cannot use JSX unless the '--jsx' flag is provided.
frontend/src/components/shared/notifications/toast.tsx(164,13): error TS17004: Cannot use JSX unless the '--jsx' flag is provided.
frontend/src/components/shared/notifications/toast.tsx(176,5): error TS17004: Cannot use JSX unless the '--jsx' flag is provided.
frontend/src/components/shared/notifications/toast.tsx(178,9): error TS17004: Cannot use JSX unless the '--jsx' flag is provided.
frontend/src/components/shared/notifications/toast.tsx(243,5): error TS17004: Cannot use JSX unless the '--jsx' flag is provided.
frontend/src/components/shared/notifications/toast.tsx(246,7): error TS17004: Cannot use JSX unless the '--jsx' flag is provided.
frontend/src/components/shared/notifications/toast.tsx(259,7): error TS17004: Cannot use JSX unless the '--jsx' flag is provided.
frontend/src/components/shared/PageTransition.tsx(3,10): error TS2614: Module '"#/*"' has no exported member 'prefersReducedMotion'. Did you mean to use 'import prefersReducedMotion from "#/*"' instead?
frontend/src/components/shared/PageTransition.tsx(39,12): error TS17004: Cannot use JSX unless the '--jsx' flag is provided.
frontend/src/components/shared/PageTransition.tsx(43,5): error TS17004: Cannot use JSX unless the '--jsx' flag is provided.
frontend/src/components/shared/risk-alert.tsx(2,10): error TS2614: Module '"#/*"' has no exported member 'cn'. Did you mean to use 'import cn from "#/*"' instead?
frontend/src/components/shared/risk-alert.tsx(22,7): error TS17004: Cannot use JSX unless the '--jsx' flag is provided.
frontend/src/components/shared/risk-alert.tsx(28,18): error TS17004: Cannot use JSX unless the '--jsx' flag is provided.
frontend/src/components/shared/risk-alert.tsx(29,9): error TS17004: Cannot use JSX unless the '--jsx' flag is provided.
frontend/src/components/shared/risk-alert.tsx(30,9): error TS17004: Cannot use JSX unless the '--jsx' flag is provided.
frontend/src/components/shared/SkeletonCard.tsx(9,5): error TS17004: Cannot use JSX unless the '--jsx' flag is provided.
frontend/src/components/shared/SkeletonCard.tsx(10,7): error TS17004: Cannot use JSX unless the '--jsx' flag is provided.
frontend/src/components/shared/SkeletonCard.tsx(11,9): error TS17004: Cannot use JSX unless the '--jsx' flag is provided.
frontend/src/components/shared/SkeletonCard.tsx(12,9): error TS17004: Cannot use JSX unless the '--jsx' flag is provided.
frontend/src/components/shared/SkeletonCard.tsx(13,11): error TS17004: Cannot use JSX unless the '--jsx' flag is provided.
frontend/src/components/shared/SkeletonCard.tsx(14,11): error TS17004: Cannot use JSX unless the '--jsx' flag is provided.
frontend/src/components/shared/SkeletonCard.tsx(17,7): error TS17004: Cannot use JSX unless the '--jsx' flag is provided.
frontend/src/components/shared/SkeletonCard.tsx(18,9): error TS17004: Cannot use JSX unless the '--jsx' flag is provided.
frontend/src/components/shared/SkeletonCard.tsx(19,9): error TS17004: Cannot use JSX unless the '--jsx' flag is provided.
frontend/src/components/shared/SkeletonCard.tsx(20,9): error TS17004: Cannot use JSX unless the '--jsx' flag is provided.
frontend/src/components/shared/SkeletonCard.tsx(28,5): error TS17004: Cannot use JSX unless the '--jsx' flag is provided.
frontend/src/components/shared/SkeletonCard.tsx(29,7): error TS17004: Cannot use JSX unless the '--jsx' flag is provided.
frontend/src/components/shared/SkeletonCard.tsx(31,9): error TS17004: Cannot use JSX unless the '--jsx' flag is provided.
frontend/src/components/shared/SkeletonCard.tsx(32,11): error TS17004: Cannot use JSX unless the '--jsx' flag is provided.
frontend/src/components/shared/SkeletonCard.tsx(33,11): error TS17004: Cannot use JSX unless the '--jsx' flag is provided.
frontend/src/components/shared/SkeletonCard.tsx(37,9): error TS17004: Cannot use JSX unless the '--jsx' flag is provided.
frontend/src/components/shared/SkeletonCard.tsx(40,9): error TS17004: Cannot use JSX unless the '--jsx' flag is provided.
frontend/src/components/shared/SkeletonCard.tsx(41,11): error TS17004: Cannot use JSX unless the '--jsx' flag is provided.
frontend/src/components/shared/SkeletonCard.tsx(42,11): error TS17004: Cannot use JSX unless the '--jsx' flag is provided.
frontend/src/components/shared/SkeletonCard.tsx(46,9): error TS17004: Cannot use JSX unless the '--jsx' flag is provided.
frontend/src/components/shared/SkeletonCard.tsx(49,9): error TS17004: Cannot use JSX unless the '--jsx' flag is provided.
frontend/src/components/shared/SkeletonCard.tsx(50,11): error TS17004: Cannot use JSX unless the '--jsx' flag is provided.
frontend/src/components/shared/SkeletonCard.tsx(51,11): error TS17004: Cannot use JSX unless the '--jsx' flag is provided.
frontend/src/components/shared/SkeletonCard.tsx(55,9): error TS17004: Cannot use JSX unless the '--jsx' flag is provided.
frontend/src/components/shared/SkeletonCard.tsx(56,11): error TS17004: Cannot use JSX unless the '--jsx' flag is provided.
frontend/src/components/shared/SkeletonCard.tsx(57,11): error TS17004: Cannot use JSX unless the '--jsx' flag is provided.
frontend/src/components/shared/SkeletonCard.tsx(58,11): error TS17004: Cannot use JSX unless the '--jsx' flag is provided.
frontend/src/components/shared/SkeletonCard.tsx(67,5): error TS17004: Cannot use JSX unless the '--jsx' flag is provided.
frontend/src/components/shared/SkeletonCard.tsx(76,9): error TS17004: Cannot use JSX unless the '--jsx' flag is provided.
frontend/src/components/shared/SkeletonCard.tsx(77,11): error TS17004: Cannot use JSX unless the '--jsx' flag is provided.
frontend/src/components/shared/SkeletonCard.tsx(78,13): error TS17004: Cannot use JSX unless the '--jsx' flag is provided.
frontend/src/components/shared/SkeletonCard.tsx(79,13): error TS17004: Cannot use JSX unless the '--jsx' flag is provided.
frontend/src/components/shared/SkeletonCard.tsx(80,15): error TS17004: Cannot use JSX unless the '--jsx' flag is provided.
frontend/src/components/shared/SkeletonCard.tsx(81,15): error TS17004: Cannot use JSX unless the '--jsx' flag is provided.
frontend/src/components/shared/SkeletonCard.tsx(84,11): error TS17004: Cannot use JSX unless the '--jsx' flag is provided.
frontend/src/components/shared/SkeletonCard.tsx(85,13): error TS17004: Cannot use JSX unless the '--jsx' flag is provided.
frontend/src/components/shared/SkeletonCard.tsx(86,13): error TS17004: Cannot use JSX unless the '--jsx' flag is provided.
frontend/src/components/shared/SkeletonCard.tsx(87,13): error TS17004: Cannot use JSX unless the '--jsx' flag is provided.
frontend/src/components/shared/SkeletonCard.tsx(97,5): error TS17004: Cannot use JSX unless the '--jsx' flag is provided.
frontend/src/components/shared/SkeletonCard.tsx(99,9): error TS17004: Cannot use JSX unless the '--jsx' flag is provided.
frontend/src/components/shared/terminal-snippet/terminal-snippet.tsx(28,7): error TS17004: Cannot use JSX unless the '--jsx' flag is provided.
frontend/src/components/shared/terminal-snippet/terminal-snippet.tsx(29,9): error TS17004: Cannot use JSX unless the '--jsx' flag is provided.
frontend/src/components/shared/terminal-snippet/terminal-snippet.tsx(30,11): error TS17004: Cannot use JSX unless the '--jsx' flag is provided.
frontend/src/components/shared/terminal-snippet/terminal-snippet.tsx(32,9): error TS17004: Cannot use JSX unless the '--jsx' flag is provided.
frontend/src/components/shared/terminal-snippet/terminal-snippet.tsx(47,5): error TS17004: Cannot use JSX unless the '--jsx' flag is provided.
frontend/src/components/shared/terminal-snippet/terminal-snippet.tsx(48,7): error TS17004: Cannot use JSX unless the '--jsx' flag is provided.
frontend/src/components/shared/terminal-snippet/terminal-snippet.tsx(49,9): error TS17004: Cannot use JSX unless the '--jsx' flag is provided.
frontend/src/components/shared/terminal-snippet/terminal-snippet.tsx(52,9): error TS17004: Cannot use JSX unless the '--jsx' flag is provided.
frontend/src/components/shared/terminal-snippet/terminal-snippet.tsx(54,13): error TS17004: Cannot use JSX unless the '--jsx' flag is provided.
frontend/src/components/shared/terminal-snippet/terminal-snippet.tsx(55,15): error TS17004: Cannot use JSX unless the '--jsx' flag is provided.
frontend/src/components/shared/terminal-snippet/terminal-snippet.tsx(61,11): error TS17004: Cannot use JSX unless the '--jsx' flag is provided.
frontend/src/components/shared/terminal-snippet/terminal-snippet.tsx(74,7): error TS17004: Cannot use JSX unless the '--jsx' flag is provided.
frontend/src/components/shared/terminal-snippet/terminal-snippet.tsx(75,9): error TS17004: Cannot use JSX unless the '--jsx' flag is provided.
frontend/src/components/shared/terminal-snippet/terminal-snippet.tsx(76,11): error TS17004: Cannot use JSX unless the '--jsx' flag is provided.
frontend/src/components/shared/terminal-snippet/terminal-snippet.tsx(77,11): error TS17004: Cannot use JSX unless the '--jsx' flag is provided.
frontend/src/components/shared/terminal-snippet/terminal-snippet.tsx(78,13): error TS17004: Cannot use JSX unless the '--jsx' flag is provided.
frontend/src/components/shared/terminal-snippet/terminal-snippet.tsx(79,15): error TS17004: Cannot use JSX unless the '--jsx' flag is provided.
frontend/src/components/shared/terminal-snippet/terminal-snippet.tsx(82,15): error TS17004: Cannot use JSX unless the '--jsx' flag is provided.
frontend/src/components/shared/terminal-snippet/terminal-snippet.tsx(83,17): error TS17004: Cannot use JSX unless the '--jsx' flag is provided.
frontend/src/components/shared/toast.tsx(42,5): error TS17004: Cannot use JSX unless the '--jsx' flag is provided.
frontend/src/components/shared/toast.tsx(45,7): error TS17004: Cannot use JSX unless the '--jsx' flag is provided.
frontend/src/components/shared/toast.tsx(46,7): error TS17004: Cannot use JSX unless the '--jsx' flag is provided.
frontend/src/components/shared/toast.tsx(47,7): error TS17004: Cannot use JSX unless the '--jsx' flag is provided.
frontend/src/components/shared/toast.tsx(52,9): error TS17004: Cannot use JSX unless the '--jsx' flag is provided.
frontend/src/components/shared/toast.tsx(73,5): error TS17004: Cannot use JSX unless the '--jsx' flag is provided.
frontend/src/components/shared/toast.tsx(75,9): error TS17004: Cannot use JSX unless the '--jsx' flag is provided.
frontend/src/components/shared/toast.tsx(82,11): error TS17004: Cannot use JSX unless the '--jsx' flag is provided.
frontend/src/components/shared/virtualized-list.tsx(3,10): error TS2614: Module '"#/*"' has no exported member 'cn'. Did you mean to use 'import cn from "#/*"' instead?
frontend/src/components/shared/virtualized-list.tsx(50,5): error TS17004: Cannot use JSX unless the '--jsx' flag is provided.
frontend/src/components/shared/virtualized-list.tsx(57,7): error TS17004: Cannot use JSX unless the '--jsx' flag is provided.
frontend/src/components/shared/virtualized-list.tsx(69,13): error TS17004: Cannot use JSX unless the '--jsx' flag is provided.
frontend/src/components/shared/virtualized-list.tsx(142,5): error TS17004: Cannot use JSX unless the '--jsx' flag is provided.
frontend/src/components/shared/virtualized-list.tsx(149,7): error TS17004: Cannot use JSX unless the '--jsx' flag is provided.
frontend/src/components/shared/virtualized-list.tsx(161,13): error TS17004: Cannot use JSX unless the '--jsx' flag is provided.
frontend/src/components/shared/virtualized-list.tsx(181,19): error TS17004: Cannot use JSX unless the '--jsx' flag is provided.
frontend/src/components/SkeletonLoader.tsx(4,3): error TS17004: Cannot use JSX unless the '--jsx' flag is provided.
frontend/src/components/SkeletonLoader.tsx(6,5): error TS17004: Cannot use JSX unless the '--jsx' flag is provided.
frontend/src/components/SkeletonLoader.tsx(7,7): error TS17004: Cannot use JSX unless the '--jsx' flag is provided.
frontend/src/components/SkeletonLoader.tsx(8,9): error TS17004: Cannot use JSX unless the '--jsx' flag is provided.
frontend/src/components/SkeletonLoader.tsx(9,11): error TS17004: Cannot use JSX unless the '--jsx' flag is provided.
frontend/src/components/SkeletonLoader.tsx(10,11): error TS17004: Cannot use JSX unless the '--jsx' flag is provided.
frontend/src/components/SkeletonLoader.tsx(12,9): error TS17004: Cannot use JSX unless the '--jsx' flag is provided.
frontend/src/components/SkeletonLoader.tsx(13,11): error TS17004: Cannot use JSX unless the '--jsx' flag is provided.
frontend/src/components/SkeletonLoader.tsx(14,11): error TS17004: Cannot use JSX unless the '--jsx' flag is provided.
frontend/src/components/SkeletonLoader.tsx(20,5): error TS17004: Cannot use JSX unless the '--jsx' flag is provided.
frontend/src/components/SkeletonLoader.tsx(21,7): error TS17004: Cannot use JSX unless the '--jsx' flag is provided.
frontend/src/components/SkeletonLoader.tsx(23,9): error TS17004: Cannot use JSX unless the '--jsx' flag is provided.
frontend/src/components/SkeletonLoader.tsx(24,11): error TS17004: Cannot use JSX unless the '--jsx' flag is provided.
frontend/src/components/SkeletonLoader.tsx(25,11): error TS17004: Cannot use JSX unless the '--jsx' flag is provided.
frontend/src/components/SkeletonLoader.tsx(26,11): error TS17004: Cannot use JSX unless the '--jsx' flag is provided.
frontend/src/components/SkeletonLoader.tsx(27,11): error TS17004: Cannot use JSX unless the '--jsx' flag is provided.
frontend/src/components/SkeletonLoader.tsx(31,9): error TS17004: Cannot use JSX unless the '--jsx' flag is provided.
frontend/src/components/SkeletonLoader.tsx(33,13): error TS17004: Cannot use JSX unless the '--jsx' flag is provided.
frontend/src/components/SkeletonLoader.tsx(38,15): error TS17004: Cannot use JSX unless the '--jsx' flag is provided.
frontend/src/components/SkeletonLoader.tsx(39,15): error TS17004: Cannot use JSX unless the '--jsx' flag is provided.
frontend/src/components/SkeletonLoader.tsx(40,15): error TS17004: Cannot use JSX unless the '--jsx' flag is provided.
frontend/src/components/SkeletonLoader.tsx(41,15): error TS17004: Cannot use JSX unless the '--jsx' flag is provided.
frontend/src/components/ToasterClient.tsx(77,12): error TS17004: Cannot use JSX unless the '--jsx' flag is provided.
frontend/src/components/ui/avatar.tsx(4,10): error TS2614: Module '"#/*"' has no exported member 'cn'. Did you mean to use 'import cn from "#/*"' instead?
frontend/src/components/ui/avatar.tsx(10,3): error TS17004: Cannot use JSX unless the '--jsx' flag is provided.
frontend/src/components/ui/avatar.tsx(25,3): error TS17004: Cannot use JSX unless the '--jsx' flag is provided.
frontend/src/components/ui/avatar.tsx(37,3): error TS17004: Cannot use JSX unless the '--jsx' flag is provided.
frontend/src/components/ui/badge.tsx(4,10): error TS2614: Module '"#/*"' has no exported member 'cn'. Did you mean to use 'import cn from "#/*"' instead?
frontend/src/components/ui/badge.tsx(32,5): error TS17004: Cannot use JSX unless the '--jsx' flag is provided.
frontend/src/components/ui/button.tsx(5,10): error TS2614: Module '"#/*"' has no exported member 'cn'. Did you mean to use 'import cn from "#/*"' instead?
frontend/src/components/ui/button.tsx(46,7): error TS17004: Cannot use JSX unless the '--jsx' flag is provided.
frontend/src/components/ui/card.tsx(3,10): error TS2614: Module '"#/*"' has no exported member 'cn'. Did you mean to use 'import cn from "#/*"' instead?
frontend/src/components/ui/card.tsx(9,3): error TS17004: Cannot use JSX unless the '--jsx' flag is provided.
frontend/src/components/ui/card.tsx(24,3): error TS17004: Cannot use JSX unless the '--jsx' flag is provided.
frontend/src/components/ui/card.tsx(36,3): error TS17004: Cannot use JSX unless the '--jsx' flag is provided.
frontend/src/components/ui/card.tsx(51,3): error TS17004: Cannot use JSX unless the '--jsx' flag is provided.
frontend/src/components/ui/card.tsx(63,3): error TS17004: Cannot use JSX unless the '--jsx' flag is provided.
frontend/src/components/ui/card.tsx(71,3): error TS17004: Cannot use JSX unless the '--jsx' flag is provided.
frontend/src/components/ui/codepilot-logo.tsx(2,10): error TS2614: Module '"#/*"' has no exported member 'cn'. Did you mean to use 'import cn from "#/*"' instead?
frontend/src/components/ui/codepilot-logo.tsx(26,7): error TS17004: Cannot use JSX unless the '--jsx' flag is provided.
frontend/src/components/ui/codepilot-logo.tsx(34,5): error TS17004: Cannot use JSX unless the '--jsx' flag is provided.
frontend/src/components/ui/dark-veil.tsx(2,10): error TS2305: Module '"ogl"' has no exported member 'Renderer'.
frontend/src/components/ui/dark-veil.tsx(2,20): error TS2305: Module '"ogl"' has no exported member 'Program'.
frontend/src/components/ui/dark-veil.tsx(2,29): error TS2305: Module '"ogl"' has no exported member 'Mesh'.
frontend/src/components/ui/dark-veil.tsx(2,35): error TS2305: Module '"ogl"' has no exported member 'Triangle'.
frontend/src/components/ui/dark-veil.tsx(2,45): error TS2305: Module '"ogl"' has no exported member 'Vec2'.
frontend/src/components/ui/dark-veil.tsx(155,10): error TS17004: Cannot use JSX unless the '--jsx' flag is provided.
frontend/src/components/ui/dialog.tsx(5,10): error TS2614: Module '"#/*"' has no exported member 'cn'. Did you mean to use 'import cn from "#/*"' instead?
frontend/src/components/ui/dialog.tsx(19,3): error TS17004: Cannot use JSX unless the '--jsx' flag is provided.
frontend/src/components/ui/dialog.tsx(34,3): error TS17004: Cannot use JSX unless the '--jsx' flag is provided.
frontend/src/components/ui/dialog.tsx(35,5): error TS17004: Cannot use JSX unless the '--jsx' flag is provided.
frontend/src/components/ui/dialog.tsx(36,5): error TS17004: Cannot use JSX unless the '--jsx' flag is provided.
frontend/src/components/ui/dialog.tsx(45,7): error TS17004: Cannot use JSX unless the '--jsx' flag is provided.
frontend/src/components/ui/dialog.tsx(46,9): error TS17004: Cannot use JSX unless the '--jsx' flag is provided.
frontend/src/components/ui/dialog.tsx(47,9): error TS17004: Cannot use JSX unless the '--jsx' flag is provided.
frontend/src/components/ui/dialog.tsx(59,5): error TS17004: Cannot use JSX unless the '--jsx' flag is provided.
frontend/src/components/ui/dialog.tsx(75,5): error TS17004: Cannot use JSX unless the '--jsx' flag is provided.
frontend/src/components/ui/dialog.tsx(90,3): error TS17004: Cannot use JSX unless the '--jsx' flag is provided.
frontend/src/components/ui/dialog.tsx(105,3): error TS17004: Cannot use JSX unless the '--jsx' flag is provided.
frontend/src/components/ui/dropdown-menu.tsx(5,10): error TS2614: Module '"#/*"' has no exported member 'cn'. Did you mean to use 'import cn from "#/*"' instead?
frontend/src/components/ui/dropdown-menu.tsx(25,3): error TS17004: Cannot use JSX unless the '--jsx' flag is provided.
frontend/src/components/ui/dropdown-menu.tsx(35,5): error TS17004: Cannot use JSX unless the '--jsx' flag is provided.
frontend/src/components/ui/dropdown-menu.tsx(45,3): error TS17004: Cannot use JSX unless the '--jsx' flag is provided.
frontend/src/components/ui/dropdown-menu.tsx(61,3): error TS17004: Cannot use JSX unless the '--jsx' flag is provided.
frontend/src/components/ui/dropdown-menu.tsx(62,5): error TS17004: Cannot use JSX unless the '--jsx' flag is provided.
frontend/src/components/ui/dropdown-menu.tsx(81,3): error TS17004: Cannot use JSX unless the '--jsx' flag is provided.
frontend/src/components/ui/dropdown-menu.tsx(97,3): error TS17004: Cannot use JSX unless the '--jsx' flag is provided.
frontend/src/components/ui/dropdown-menu.tsx(106,5): error TS17004: Cannot use JSX unless the '--jsx' flag is provided.
frontend/src/components/ui/dropdown-menu.tsx(107,7): error TS17004: Cannot use JSX unless the '--jsx' flag is provided.
frontend/src/components/ui/dropdown-menu.tsx(108,9): error TS17004: Cannot use JSX unless the '--jsx' flag is provided.
frontend/src/components/ui/dropdown-menu.tsx(121,3): error TS17004: Cannot use JSX unless the '--jsx' flag is provided.
frontend/src/components/ui/dropdown-menu.tsx(129,5): error TS17004: Cannot use JSX unless the '--jsx' flag is provided.
frontend/src/components/ui/dropdown-menu.tsx(130,7): error TS17004: Cannot use JSX unless the '--jsx' flag is provided.
frontend/src/components/ui/dropdown-menu.tsx(131,9): error TS17004: Cannot use JSX unless the '--jsx' flag is provided.
frontend/src/components/ui/dropdown-menu.tsx(145,3): error TS17004: Cannot use JSX unless the '--jsx' flag is provided.
frontend/src/components/ui/dropdown-menu.tsx(161,3): error TS17004: Cannot use JSX unless the '--jsx' flag is provided.
frontend/src/components/ui/dropdown-menu.tsx(174,5): error TS17004: Cannot use JSX unless the '--jsx' flag is provided.
frontend/src/components/ui/file-icon.tsx(2,10): error TS2614: Module '"#/*"' has no exported member 'getFileIconInfo'. Did you mean to use 'import getFileIconInfo from "#/*"' instead?
frontend/src/components/ui/file-icon.tsx(3,10): error TS2614: Module '"#/*"' has no exported member 'cn'. Did you mean to use 'import cn from "#/*"' instead?
frontend/src/components/ui/file-icon.tsx(32,7): error TS17004: Cannot use JSX unless the '--jsx' flag is provided.
frontend/src/components/ui/file-icon.tsx(40,9): error TS17004: Cannot use JSX unless the '--jsx' flag is provided.
frontend/src/components/ui/file-icon.tsx(51,5): error TS17004: Cannot use JSX unless the '--jsx' flag is provided.
frontend/src/components/ui/file-icon.tsx(59,7): error TS17004: Cannot use JSX unless the '--jsx' flag is provided.
frontend/src/components/ui/input.tsx(3,10): error TS2614: Module '"#/*"' has no exported member 'cn'. Did you mean to use 'import cn from "#/*"' instead?
frontend/src/components/ui/input.tsx(7,5): error TS17004: Cannot use JSX unless the '--jsx' flag is provided.
frontend/src/components/ui/LazyImage.tsx(130,5): error TS17004: Cannot use JSX unless the '--jsx' flag is provided.
frontend/src/components/ui/progress.tsx(4,10): error TS2614: Module '"#/*"' has no exported member 'cn'. Did you mean to use 'import cn from "#/*"' instead?
frontend/src/components/ui/progress.tsx(10,3): error TS17004: Cannot use JSX unless the '--jsx' flag is provided.
frontend/src/components/ui/progress.tsx(18,5): error TS17004: Cannot use JSX unless the '--jsx' flag is provided.
frontend/src/components/ui/scroll-area.tsx(4,10): error TS2614: Module '"#/*"' has no exported member 'cn'. Did you mean to use 'import cn from "#/*"' instead?
frontend/src/components/ui/scroll-area.tsx(10,3): error TS17004: Cannot use JSX unless the '--jsx' flag is provided.
frontend/src/components/ui/scroll-area.tsx(23,5): error TS17004: Cannot use JSX unless the '--jsx' flag is provided.
frontend/src/components/ui/scroll-area.tsx(32,3): error TS17004: Cannot use JSX unless the '--jsx' flag is provided.
frontend/src/components/ui/scroll-area.tsx(37,5): error TS17004: Cannot use JSX unless the '--jsx' flag is provided.
frontend/src/components/ui/scroll-area.tsx(40,5): error TS17004: Cannot use JSX unless the '--jsx' flag is provided.
frontend/src/components/ui/scroll-area.tsx(41,5): error TS17004: Cannot use JSX unless the '--jsx' flag is provided.
frontend/src/components/ui/separator.tsx(2,10): error TS2614: Module '"#/*"' has no exported member 'cn'. Did you mean to use 'import cn from "#/*"' instead?
frontend/src/components/ui/separator.tsx(17,5): error TS17004: Cannot use JSX unless the '--jsx' flag is provided.
frontend/src/components/ui/slider.tsx(3,10): error TS2614: Module '"#/*"' has no exported member 'cn'. Did you mean to use 'import cn from "#/*"' instead?
frontend/src/components/ui/slider.tsx(16,3): error TS17004: Cannot use JSX unless the '--jsx' flag is provided.
frontend/src/components/ui/slider.tsx(24,5): error TS17004: Cannot use JSX unless the '--jsx' flag is provided.
frontend/src/components/ui/slider.tsx(25,7): error TS17004: Cannot use JSX unless the '--jsx' flag is provided.
frontend/src/components/ui/slider.tsx(27,5): error TS17004: Cannot use JSX unless the '--jsx' flag is provided.
frontend/src/components/ui/switch.tsx(3,10): error TS2614: Module '"#/*"' has no exported member 'cn'. Did you mean to use 'import cn from "#/*"' instead?
frontend/src/components/ui/switch.tsx(16,3): error TS17004: Cannot use JSX unless the '--jsx' flag is provided.
frontend/src/components/ui/switch.tsx(24,5): error TS17004: Cannot use JSX unless the '--jsx' flag is provided.
frontend/src/components/ui/tabs.tsx(4,10): error TS2614: Module '"#/*"' has no exported member 'cn'. Did you mean to use 'import cn from "#/*"' instead?
frontend/src/components/ui/tabs.tsx(12,3): error TS17004: Cannot use JSX unless the '--jsx' flag is provided.
frontend/src/components/ui/tabs.tsx(27,3): error TS17004: Cannot use JSX unless the '--jsx' flag is provided.
frontend/src/components/ui/tabs.tsx(42,3): error TS17004: Cannot use JSX unless the '--jsx' flag is provided.
frontend/src/components/ui/textarea.tsx(3,10): error TS2614: Module '"#/*"' has no exported member 'cn'. Did you mean to use 'import cn from "#/*"' instead?
frontend/src/components/ui/textarea.tsx(9,3): error TS17004: Cannot use JSX unless the '--jsx' flag is provided.
frontend/src/components/ui/theme-toggle.tsx(3,10): error TS2614: Module '"#/*"' has no exported member 'useTheme'. Did you mean to use 'import useTheme from "#/*"' instead?
frontend/src/components/ui/theme-toggle.tsx(18,7): error TS17004: Cannot use JSX unless the '--jsx' flag is provided.
frontend/src/components/ui/theme-toggle.tsx(32,9): error TS17004: Cannot use JSX unless the '--jsx' flag is provided.
frontend/src/components/ui/theme-toggle.tsx(33,11): error TS17004: Cannot use JSX unless the '--jsx' flag is provided.
frontend/src/components/ui/theme-toggle.tsx(40,11): error TS17004: Cannot use JSX unless the '--jsx' flag is provided.
frontend/src/components/ui/theme-toggle.tsx(50,9): error TS17004: Cannot use JSX unless the '--jsx' flag is provided.
frontend/src/components/ui/theme-toggle.tsx(63,7): error TS17004: Cannot use JSX unless the '--jsx' flag is provided.
frontend/src/components/ui/theme-toggle.tsx(77,11): error TS17004: Cannot use JSX unless the '--jsx' flag is provided.
frontend/src/components/ui/theme-toggle.tsx(79,11): error TS17004: Cannot use JSX unless the '--jsx' flag is provided.
frontend/src/components/ui/theme-toggle.tsx(81,9): error TS17004: Cannot use JSX unless the '--jsx' flag is provided.
frontend/src/components/ui/theme-toggle.tsx(90,7): error TS17004: Cannot use JSX unless the '--jsx' flag is provided.
frontend/src/components/ui/theme-toggle.tsx(91,9): error TS17004: Cannot use JSX unless the '--jsx' flag is provided.
frontend/src/components/ui/theme-toggle.tsx(93,11): error TS17004: Cannot use JSX unless the '--jsx' flag is provided.
frontend/src/components/ui/theme-toggle.tsx(106,13): error TS17004: Cannot use JSX unless the '--jsx' flag is provided.
frontend/src/components/ui/theme-toggle.tsx(107,13): error TS17004: Cannot use JSX unless the '--jsx' flag is provided.
frontend/src/components/ui/theme-toggle.tsx(109,15): error TS17004: Cannot use JSX unless the '--jsx' flag is provided.
frontend/src/components/ui/theme-toggle.tsx(114,11): error TS17004: Cannot use JSX unless the '--jsx' flag is provided.
frontend/src/components/ui/theme-toggle.tsx(127,13): error TS17004: Cannot use JSX unless the '--jsx' flag is provided.
frontend/src/components/ui/theme-toggle.tsx(128,13): error TS17004: Cannot use JSX unless the '--jsx' flag is provided.
frontend/src/components/ui/theme-toggle.tsx(130,15): error TS17004: Cannot use JSX unless the '--jsx' flag is provided.
frontend/src/components/ui/theme-toggle.tsx(135,11): error TS17004: Cannot use JSX unless the '--jsx' flag is provided.
frontend/src/components/ui/theme-toggle.tsx(148,13): error TS17004: Cannot use JSX unless the '--jsx' flag is provided.
frontend/src/components/ui/theme-toggle.tsx(149,13): error TS17004: Cannot use JSX unless the '--jsx' flag is provided.
frontend/src/components/ui/theme-toggle.tsx(151,15): error TS17004: Cannot use JSX unless the '--jsx' flag is provided.
frontend/src/components/ui/theme-toggle.tsx(158,11): error TS17004: Cannot use JSX unless the '--jsx' flag is provided.
frontend/src/context/__tests__/theme-context.test.tsx(5,41): error TS2835: Relative import paths need explicit file extensions in ECMAScript imports when '--moduleResolution' is 'node16' or 'nodenext'. Did you mean '../theme-context.js'?
frontend/src/context/__tests__/theme-context.test.tsx(12,5): error TS17004: Cannot use JSX unless the '--jsx' flag is provided.
frontend/src/context/__tests__/theme-context.test.tsx(13,7): error TS17004: Cannot use JSX unless the '--jsx' flag is provided.
frontend/src/context/__tests__/theme-context.test.tsx(14,7): error TS17004: Cannot use JSX unless the '--jsx' flag is provided.
frontend/src/context/__tests__/theme-context.test.tsx(17,7): error TS17004: Cannot use JSX unless the '--jsx' flag is provided.
frontend/src/context/__tests__/theme-context.test.tsx(20,7): error TS17004: Cannot use JSX unless the '--jsx' flag is provided.
frontend/src/context/__tests__/theme-context.test.tsx(73,7): error TS17004: Cannot use JSX unless the '--jsx' flag is provided.
frontend/src/context/__tests__/theme-context.test.tsx(74,9): error TS17004: Cannot use JSX unless the '--jsx' flag is provided.
frontend/src/context/__tests__/theme-context.test.tsx(85,7): error TS17004: Cannot use JSX unless the '--jsx' flag is provided.
frontend/src/context/__tests__/theme-context.test.tsx(86,9): error TS17004: Cannot use JSX unless the '--jsx' flag is provided.
frontend/src/context/__tests__/theme-context.test.tsx(94,28): error TS2339: Property 'setup' does not exist on type 'typeof import("C:/Users/GIGABYTE/Desktop/Forge/frontend/node_modules/@testing-library/user-event/dist/types/index")'.
frontend/src/context/__tests__/theme-context.test.tsx(97,7): error TS17004: Cannot use JSX unless the '--jsx' flag is provided.
frontend/src/context/__tests__/theme-context.test.tsx(98,9): error TS17004: Cannot use JSX unless the '--jsx' flag is provided.
frontend/src/context/__tests__/theme-context.test.tsx(114,28): error TS2339: Property 'setup' does not exist on type 'typeof import("C:/Users/GIGABYTE/Desktop/Forge/frontend/node_modules/@testing-library/user-event/dist/types/index")'.
frontend/src/context/__tests__/theme-context.test.tsx(117,7): error TS17004: Cannot use JSX unless the '--jsx' flag is provided.
frontend/src/context/__tests__/theme-context.test.tsx(118,9): error TS17004: Cannot use JSX unless the '--jsx' flag is provided.
frontend/src/context/__tests__/theme-context.test.tsx(130,28): error TS2339: Property 'setup' does not exist on type 'typeof import("C:/Users/GIGABYTE/Desktop/Forge/frontend/node_modules/@testing-library/user-event/dist/types/index")'.
frontend/src/context/__tests__/theme-context.test.tsx(133,7): error TS17004: Cannot use JSX unless the '--jsx' flag is provided.
frontend/src/context/__tests__/theme-context.test.tsx(134,9): error TS17004: Cannot use JSX unless the '--jsx' flag is provided.
frontend/src/context/__tests__/theme-context.test.tsx(146,28): error TS2339: Property 'setup' does not exist on type 'typeof import("C:/Users/GIGABYTE/Desktop/Forge/frontend/node_modules/@testing-library/user-event/dist/types/index")'.
frontend/src/context/__tests__/theme-context.test.tsx(149,7): error TS17004: Cannot use JSX unless the '--jsx' flag is provided.
frontend/src/context/__tests__/theme-context.test.tsx(150,9): error TS17004: Cannot use JSX unless the '--jsx' flag is provided.
frontend/src/context/__tests__/theme-context.test.tsx(162,28): error TS2339: Property 'setup' does not exist on type 'typeof import("C:/Users/GIGABYTE/Desktop/Forge/frontend/node_modules/@testing-library/user-event/dist/types/index")'.
frontend/src/context/__tests__/theme-context.test.tsx(175,7): error TS17004: Cannot use JSX unless the '--jsx' flag is provided.
frontend/src/context/__tests__/theme-context.test.tsx(176,9): error TS17004: Cannot use JSX unless the '--jsx' flag is provided.
frontend/src/context/__tests__/theme-context.test.tsx(188,28): error TS2339: Property 'setup' does not exist on type 'typeof import("C:/Users/GIGABYTE/Desktop/Forge/frontend/node_modules/@testing-library/user-event/dist/types/index")'.
frontend/src/context/__tests__/theme-context.test.tsx(191,7): error TS17004: Cannot use JSX unless the '--jsx' flag is provided.
frontend/src/context/__tests__/theme-context.test.tsx(192,9): error TS17004: Cannot use JSX unless the '--jsx' flag is provided.
frontend/src/context/__tests__/theme-context.test.tsx(227,14): error TS17004: Cannot use JSX unless the '--jsx' flag is provided.
frontend/src/context/conversation-subscriptions-provider.tsx(10,10): error TS2614: Module '"#/*"' has no exported member 'OpenHandsParsedEvent'. Did you mean to use 'import OpenHandsParsedEvent from "#/*"' instead?
frontend/src/context/conversation-subscriptions-provider.tsx(12,3): error TS2614: Module '"#/*"' has no exported member 'isOpenHandsEvent'. Did you mean to use 'import isOpenHandsEvent from "#/*"' instead?
frontend/src/context/conversation-subscriptions-provider.tsx(13,3): error TS2614: Module '"#/*"' has no exported member 'isOpenHandsAction'. Did you mean to use 'import isOpenHandsAction from "#/*"' instead?
frontend/src/context/conversation-subscriptions-provider.tsx(14,3): error TS2614: Module '"#/*"' has no exported member 'isOpenHandsObservation'. Did you mean to use 'import isOpenHandsObservation from "#/*"' instead?
frontend/src/context/conversation-subscriptions-provider.tsx(15,3): error TS2614: Module '"#/*"' has no exported member 'isAgentStateChangeObservation'. Did you mean to use 'import isAgentStateChangeObservation from "#/*"' instead?
frontend/src/context/conversation-subscriptions-provider.tsx(16,3): error TS2614: Module '"#/*"' has no exported member 'isStatusUpdate'. Did you mean to use 'import isStatusUpdate from "#/*"' instead?
frontend/src/context/conversation-subscriptions-provider.tsx(18,10): error TS2614: Module '"#/*"' has no exported member 'AgentState'. Did you mean to use 'import AgentState from "#/*"' instead?
frontend/src/context/conversation-subscriptions-provider.tsx(20,3): error TS2614: Module '"#/*"' has no exported member 'renderConversationErroredToast'. Did you mean to use 'import renderConversationErroredToast from "#/*"' instead?
frontend/src/context/conversation-subscriptions-provider.tsx(21,3): error TS2614: Module '"#/*"' has no exported member 'renderConversationCreatedToast'. Did you mean to use 'import renderConversationCreatedToast from "#/*"' instead?
frontend/src/context/conversation-subscriptions-provider.tsx(22,3): error TS2614: Module '"#/*"' has no exported member 'renderConversationFinishedToast'. Did you mean to use 'import renderConversationFinishedToast from "#/*"' instead?
frontend/src/context/conversation-subscriptions-provider.tsx(79,3): error TS18046: 'event' is of type 'unknown'.
frontend/src/context/conversation-subscriptions-provider.tsx(177,40): error TS18046: 'event' is of type 'unknown'.
frontend/src/context/conversation-subscriptions-provider.tsx(182,44): error TS18046: 'event' is of type 'unknown'.
frontend/src/context/conversation-subscriptions-provider.tsx(183,44): error TS18046: 'event' is of type 'unknown'.
frontend/src/context/conversation-subscriptions-provider.tsx(184,73): error TS18046: 'event' is of type 'unknown'.
frontend/src/context/conversation-subscriptions-provider.tsx(194,44): error TS18046: 'event' is of type 'unknown'.
frontend/src/context/conversation-subscriptions-provider.tsx(195,49): error TS18046: 'event' is of type 'unknown'.
frontend/src/context/conversation-subscriptions-provider.tsx(197,36): error TS18046: 'event' is of type 'unknown'.
frontend/src/context/conversation-subscriptions-provider.tsx(226,21): error TS2339: Property 'type' does not exist on type 'never'.
frontend/src/context/conversation-subscriptions-provider.tsx(226,46): error TS2339: Property 'id' does not exist on type 'never'.
frontend/src/context/conversation-subscriptions-provider.tsx(232,17): error TS2339: Property 'extras' does not exist on type 'never'.
frontend/src/context/conversation-subscriptions-provider.tsx(345,5): error TS17004: Cannot use JSX unless the '--jsx' flag is provided.
frontend/src/context/scroll-context.tsx(2,10): error TS2614: Module '"#/*"' has no exported member 'useScrollToBottom'. Did you mean to use 'import useScrollToBottom from "#/*"' instead?
frontend/src/context/scroll-context.tsx(30,5): error TS17004: Cannot use JSX unless the '--jsx' flag is provided.
frontend/src/context/task-context.tsx(49,5): error TS17004: Cannot use JSX unless the '--jsx' flag is provided.
frontend/src/context/theme-context.tsx(143,5): error TS17004: Cannot use JSX unless the '--jsx' flag is provided.
frontend/src/context/ws-client-provider.tsx(6,10): error TS2614: Module '"#/*"' has no exported member 'handleAssistantMessage'. Did you mean to use 'import handleAssistantMessage from "#/*"' instead?
frontend/src/context/ws-client-provider.tsx(7,10): error TS2614: Module '"#/*"' has no exported member 'showChatError'. Did you mean to use 'import showChatError from "#/*"' instead?
frontend/src/context/ws-client-provider.tsx(7,25): error TS2614: Module '"#/*"' has no exported member 'trackError'. Did you mean to use 'import trackError from "#/*"' instead?
frontend/src/context/ws-client-provider.tsx(8,10): error TS2614: Module '"#/*"' has no exported member 'useRate'. Did you mean to use 'import useRate from "#/*"' instead?
frontend/src/context/ws-client-provider.tsx(9,10): error TS2614: Module '"#/*"' has no exported member 'OpenHandsParsedEvent'. Did you mean to use 'import OpenHandsParsedEvent from "#/*"' instead?
frontend/src/context/ws-client-provider.tsx(11,3): error TS2614: Module '"#/*"' has no exported member 'AssistantMessageAction'. Did you mean to use 'import AssistantMessageAction from "#/*"' instead?
frontend/src/context/ws-client-provider.tsx(12,3): error TS2614: Module '"#/*"' has no exported member 'CommandAction'. Did you mean to use 'import CommandAction from "#/*"' instead?
frontend/src/context/ws-client-provider.tsx(13,3): error TS2614: Module '"#/*"' has no exported member 'FileEditAction'. Did you mean to use 'import FileEditAction from "#/*"' instead?
frontend/src/context/ws-client-provider.tsx(14,3): error TS2614: Module '"#/*"' has no exported member 'FileWriteAction'. Did you mean to use 'import FileWriteAction from "#/*"' instead?
frontend/src/context/ws-client-provider.tsx(15,3): error TS2614: Module '"#/*"' has no exported member 'OpenHandsAction'. Did you mean to use 'import OpenHandsAction from "#/*"' instead?
frontend/src/context/ws-client-provider.tsx(16,3): error TS2614: Module '"#/*"' has no exported member 'UserMessageAction'. Did you mean to use 'import UserMessageAction from "#/*"' instead?
frontend/src/context/ws-client-provider.tsx(18,10): error TS2614: Module '"#/*"' has no exported member 'Conversation'. Did you mean to use 'import Conversation from "#/*"' instead?
frontend/src/context/ws-client-provider.tsx(19,10): error TS2614: Module '"#/*"' has no exported member 'useUserProviders'. Did you mean to use 'import useUserProviders from "#/*"' instead?
frontend/src/context/ws-client-provider.tsx(20,10): error TS2614: Module '"#/*"' has no exported member 'useActiveConversation'. Did you mean to use 'import useActiveConversation from "#/*"' instead?
frontend/src/context/ws-client-provider.tsx(21,10): error TS2614: Module '"#/*"' has no exported member 'OpenHandsObservation'. Did you mean to use 'import OpenHandsObservation from "#/*"' instead?
frontend/src/context/ws-client-provider.tsx(23,3): error TS2614: Module '"#/*"' has no exported member 'isAgentStateChangeObservation'. Did you mean to use 'import isAgentStateChangeObservation from "#/*"' instead?
frontend/src/context/ws-client-provider.tsx(24,3): error TS2614: Module '"#/*"' has no exported member 'isErrorObservation'. Did you mean to use 'import isErrorObservation from "#/*"' instead?
frontend/src/context/ws-client-provider.tsx(25,3): error TS2614: Module '"#/*"' has no exported member 'isOpenHandsAction'. Did you mean to use 'import isOpenHandsAction from "#/*"' instead?
frontend/src/context/ws-client-provider.tsx(26,3): error TS2614: Module '"#/*"' has no exported member 'isOpenHandsObservation'. Did you mean to use 'import isOpenHandsObservation from "#/*"' instead?
frontend/src/context/ws-client-provider.tsx(27,3): error TS2614: Module '"#/*"' has no exported member 'isStatusUpdate'. Did you mean to use 'import isStatusUpdate from "#/*"' instead?
frontend/src/context/ws-client-provider.tsx(28,3): error TS2614: Module '"#/*"' has no exported member 'isUserMessage'. Did you mean to use 'import isUserMessage from "#/*"' instead?
frontend/src/context/ws-client-provider.tsx(29,3): error TS2614: Module '"#/*"' has no exported member 'isStreamingChunkAction'. Did you mean to use 'import isStreamingChunkAction from "#/*"' instead?
frontend/src/context/ws-client-provider.tsx(31,10): error TS2614: Module '"#/*"' has no exported member 'useOptimisticUserMessage'. Did you mean to use 'import useOptimisticUserMessage from "#/*"' instead?
frontend/src/context/ws-client-provider.tsx(32,10): error TS2614: Module '"#/*"' has no exported member 'useWSErrorMessage'. Did you mean to use 'import useWSErrorMessage from "#/*"' instead?
frontend/src/context/ws-client-provider.tsx(181,43): error TS2339: Property 'getCurrentAgentState' does not exist on type 'typeof import("#/*", { with: { "resolution-mode": "import" } })'.
frontend/src/context/ws-client-provider.tsx(181,65): error TS2339: Property 'setCurrentAgentState' does not exist on type 'typeof import("#/*", { with: { "resolution-mode": "import" } })'.
frontend/src/context/ws-client-provider.tsx(183,47): error TS2339: Property 'AgentState' does not exist on type 'typeof import("#/*", { with: { "resolution-mode": "import" } })'.
frontend/src/context/ws-client-provider.tsx(242,9): error TS18046: 'event.extras' is of type 'unknown'.
frontend/src/context/ws-client-provider.tsx(247,13): error TS18046: 'event.extras' is of type 'unknown'.
frontend/src/context/ws-client-provider.tsx(367,40): error TS2339: Property 'args' does not exist on type 'never'.
frontend/src/context/ws-client-provider.tsx(428,43): error TS2339: Property 'setCurrentAgentState' does not exist on type 'typeof import("#/*", { with: { "resolution-mode": "import" } })'.
frontend/src/context/ws-client-provider.tsx(430,47): error TS2339: Property 'AgentState' does not exist on type 'typeof import("#/*", { with: { "resolution-mode": "import" } })'.
frontend/src/context/ws-client-provider.tsx(446,45): error TS2339: Property 'getCurrentAgentState' does not exist on type 'typeof import("#/*", { with: { "resolution-mode": "import" } })'.
frontend/src/context/ws-client-provider.tsx(446,67): error TS2339: Property 'setCurrentAgentState' does not exist on type 'typeof import("#/*", { with: { "resolution-mode": "import" } })'.
frontend/src/context/ws-client-provider.tsx(448,49): error TS2339: Property 'AgentState' does not exist on type 'typeof import("#/*", { with: { "resolution-mode": "import" } })'.
frontend/src/context/ws-client-provider.tsx(835,10): error TS17004: Cannot use JSX unless the '--jsx' flag is provided.
frontend/src/entry.client.tsx(26,31): error TS2835: Relative import paths need explicit file extensions in ECMAScript imports when '--moduleResolution' is 'node16' or 'nodenext'. Did you mean './context/theme-context.js'?
frontend/src/entry.client.tsx(27,19): error TS2835: Relative import paths need explicit file extensions in ECMAScript imports when '--moduleResolution' is 'node16' or 'nodenext'. Did you mean './store.js'?
frontend/src/entry.client.tsx(29,23): error TS2835: Relative import paths need explicit file extensions in ECMAScript imports when '--moduleResolution' is 'node16' or 'nodenext'. Did you mean './api/open-hands.js'?
frontend/src/entry.client.tsx(30,35): error TS2835: Relative import paths need explicit file extensions in ECMAScript imports when '--moduleResolution' is 'node16' or 'nodenext'. Did you mean './utils/custom-toast-handlers.js'?
frontend/src/entry.client.tsx(31,29): error TS2835: Relative import paths need explicit file extensions in ECMAScript imports when '--moduleResolution' is 'node16' or 'nodenext'. Did you mean './query-client-config.js'?
frontend/src/entry.client.tsx(32,36): error TS2835: Relative import paths need explicit file extensions in ECMAScript imports when '--moduleResolution' is 'node16' or 'nodenext'. Did you mean './utils/performanceMonitor.js'?
frontend/src/entry.client.tsx(38,41): error TS2835: Relative import paths need explicit file extensions in ECMAScript imports when '--moduleResolution' is 'node16' or 'nodenext'. Did you mean './components/ToasterClient.js'?
frontend/src/entry.client.tsx(140,17): error TS2339: Property 'init' does not exist on type 'typeof import("C:/Users/GIGABYTE/Desktop/Forge/frontend/node_modules/posthog-js/dist/module")'.
frontend/src/entry.client.tsx(197,37): error TS2835: Relative import paths need explicit file extensions in ECMAScript imports when '--moduleResolution' is 'node16' or 'nodenext'. Did you mean './mocks/browser.js'?
frontend/src/entry.client.tsx(219,42): error TS2835: Relative import paths need explicit file extensions in ECMAScript imports when '--moduleResolution' is 'node16' or 'nodenext'. Did you mean './components/SkeletonLoader.js'?
frontend/src/entry.client.tsx(224,5): error TS17004: Cannot use JSX unless the '--jsx' flag is provided.
frontend/src/entry.client.tsx(226,9): error TS17004: Cannot use JSX unless the '--jsx' flag is provided.
frontend/src/entry.client.tsx(237,11): error TS17004: Cannot use JSX unless the '--jsx' flag is provided.
frontend/src/entry.client.tsx(238,13): error TS17004: Cannot use JSX unless the '--jsx' flag is provided.
frontend/src/entry.client.tsx(251,11): error TS17004: Cannot use JSX unless the '--jsx' flag is provided.
frontend/src/entry.client.tsx(264,7): error TS17004: Cannot use JSX unless the '--jsx' flag is provided.
frontend/src/entry.client.tsx(335,12): error TS2835: Relative import paths need explicit file extensions in ECMAScript imports when '--moduleResolution' is 'node16' or 'nodenext'. Did you mean './routes/root-layout.js'?
frontend/src/entry.client.tsx(342,34): error TS17004: Cannot use JSX unless the '--jsx' flag is provided.
frontend/src/entry.client.tsx(346,34): error TS2835: Relative import paths need explicit file extensions in ECMAScript imports when '--moduleResolution' is 'node16' or 'nodenext'. Did you mean './routes/home.js'?
frontend/src/entry.client.tsx(350,34): error TS2835: Relative import paths need explicit file extensions in ECMAScript imports when '--moduleResolution' is 'node16' or 'nodenext'. Did you mean './routes/accept-tos.js'?
frontend/src/entry.client.tsx(354,34): error TS2835: Relative import paths need explicit file extensions in ECMAScript imports when '--moduleResolution' is 'node16' or 'nodenext'. Did you mean './routes/about.js'?
frontend/src/entry.client.tsx(358,34): error TS2835: Relative import paths need explicit file extensions in ECMAScript imports when '--moduleResolution' is 'node16' or 'nodenext'. Did you mean './routes/contact.js'?
frontend/src/entry.client.tsx(362,34): error TS2835: Relative import paths need explicit file extensions in ECMAScript imports when '--moduleResolution' is 'node16' or 'nodenext'. Did you mean './routes/terms.js'?
frontend/src/entry.client.tsx(366,34): error TS2835: Relative import paths need explicit file extensions in ECMAScript imports when '--moduleResolution' is 'node16' or 'nodenext'. Did you mean './routes/privacy.js'?
frontend/src/entry.client.tsx(370,34): error TS2835: Relative import paths need explicit file extensions in ECMAScript imports when '--moduleResolution' is 'node16' or 'nodenext'. Did you mean './routes/settings.js'?
frontend/src/entry.client.tsx(374,38): error TS2835: Relative import paths need explicit file extensions in ECMAScript imports when '--moduleResolution' is 'node16' or 'nodenext'. Did you mean './routes/llm-settings.js'?
frontend/src/entry.client.tsx(378,38): error TS2835: Relative import paths need explicit file extensions in ECMAScript imports when '--moduleResolution' is 'node16' or 'nodenext'. Did you mean './routes/mcp-settings.js'?
frontend/src/entry.client.tsx(382,38): error TS2835: Relative import paths need explicit file extensions in ECMAScript imports when '--moduleResolution' is 'node16' or 'nodenext'. Did you mean './routes/user-settings.js'?
frontend/src/entry.client.tsx(386,38): error TS2835: Relative import paths need explicit file extensions in ECMAScript imports when '--moduleResolution' is 'node16' or 'nodenext'. Did you mean './routes/git-settings.js'?
frontend/src/entry.client.tsx(390,38): error TS2835: Relative import paths need explicit file extensions in ECMAScript imports when '--moduleResolution' is 'node16' or 'nodenext'. Did you mean './routes/database-settings.js'?
frontend/src/entry.client.tsx(394,38): error TS2835: Relative import paths need explicit file extensions in ECMAScript imports when '--moduleResolution' is 'node16' or 'nodenext'. Did you mean './routes/memory-settings.js'?
frontend/src/entry.client.tsx(398,38): error TS2835: Relative import paths need explicit file extensions in ECMAScript imports when '--moduleResolution' is 'node16' or 'nodenext'. Did you mean './routes/analytics-settings.js'?
frontend/src/entry.client.tsx(402,38): error TS2835: Relative import paths need explicit file extensions in ECMAScript imports when '--moduleResolution' is 'node16' or 'nodenext'. Did you mean './routes/prompts-settings.js'?
frontend/src/entry.client.tsx(406,38): error TS2835: Relative import paths need explicit file extensions in ECMAScript imports when '--moduleResolution' is 'node16' or 'nodenext'. Did you mean './routes/snippets-settings.js'?
frontend/src/entry.client.tsx(410,38): error TS2835: Relative import paths need explicit file extensions in ECMAScript imports when '--moduleResolution' is 'node16' or 'nodenext'. Did you mean './routes/slack-settings.js'?
frontend/src/entry.client.tsx(414,38): error TS2835: Relative import paths need explicit file extensions in ECMAScript imports when '--moduleResolution' is 'node16' or 'nodenext'. Did you mean './routes/backup-settings.js'?
frontend/src/entry.client.tsx(418,38): error TS2835: Relative import paths need explicit file extensions in ECMAScript imports when '--moduleResolution' is 'node16' or 'nodenext'. Did you mean './routes/app-settings.js'?
frontend/src/entry.client.tsx(422,38): error TS2835: Relative import paths need explicit file extensions in ECMAScript imports when '--moduleResolution' is 'node16' or 'nodenext'. Did you mean './routes/billing.js'?
frontend/src/entry.client.tsx(426,38): error TS2835: Relative import paths need explicit file extensions in ECMAScript imports when '--moduleResolution' is 'node16' or 'nodenext'. Did you mean './routes/secrets-settings.js'?
frontend/src/entry.client.tsx(430,38): error TS2835: Relative import paths need explicit file extensions in ECMAScript imports when '--moduleResolution' is 'node16' or 'nodenext'. Did you mean './routes/api-keys.js'?
frontend/src/entry.client.tsx(436,34): error TS2835: Relative import paths need explicit file extensions in ECMAScript imports when '--moduleResolution' is 'node16' or 'nodenext'. Did you mean './routes/database-browser.js'?
frontend/src/entry.client.tsx(440,34): error TS2835: Relative import paths need explicit file extensions in ECMAScript imports when '--moduleResolution' is 'node16' or 'nodenext'. Did you mean './routes/conversation-redirect.js'?
frontend/src/entry.client.tsx(444,34): error TS2835: Relative import paths need explicit file extensions in ECMAScript imports when '--moduleResolution' is 'node16' or 'nodenext'. Did you mean './routes/conversations-list.js'?
frontend/src/entry.client.tsx(448,34): error TS2835: Relative import paths need explicit file extensions in ECMAScript imports when '--moduleResolution' is 'node16' or 'nodenext'. Did you mean './routes/conversation.js'?
frontend/src/entry.client.tsx(452,38): error TS2835: Relative import paths need explicit file extensions in ECMAScript imports when '--moduleResolution' is 'node16' or 'nodenext'. Did you mean './routes/workspace-tab.js'?
frontend/src/entry.client.tsx(456,38): error TS2835: Relative import paths need explicit file extensions in ECMAScript imports when '--moduleResolution' is 'node16' or 'nodenext'. Did you mean './routes/browser-tab.js'?
frontend/src/entry.client.tsx(460,38): error TS2835: Relative import paths need explicit file extensions in ECMAScript imports when '--moduleResolution' is 'node16' or 'nodenext'. Did you mean './routes/jupyter-tab.js'?
frontend/src/entry.client.tsx(464,38): error TS2835: Relative import paths need explicit file extensions in ECMAScript imports when '--moduleResolution' is 'node16' or 'nodenext'. Did you mean './routes/served-tab.js'?
frontend/src/entry.client.tsx(468,38): error TS2835: Relative import paths need explicit file extensions in ECMAScript imports when '--moduleResolution' is 'node16' or 'nodenext'. Did you mean './routes/terminal-tab.js'?
frontend/src/entry.client.tsx(472,38): error TS2835: Relative import paths need explicit file extensions in ECMAScript imports when '--moduleResolution' is 'node16' or 'nodenext'. Did you mean './routes/vscode-tab.js'?
frontend/src/entry.client.tsx(478,34): error TS2835: Relative import paths need explicit file extensions in ECMAScript imports when '--moduleResolution' is 'node16' or 'nodenext'. Did you mean './routes/microagent-management.js'?
frontend/src/entry.client.tsx(495,9): error TS17004: Cannot use JSX unless the '--jsx' flag is provided.
frontend/src/entry.client.tsx(496,11): error TS17004: Cannot use JSX unless the '--jsx' flag is provided.
frontend/src/entry.client.tsx(497,13): error TS17004: Cannot use JSX unless the '--jsx' flag is provided.
frontend/src/entry.client.tsx(498,15): error TS17004: Cannot use JSX unless the '--jsx' flag is provided.
frontend/src/entry.client.tsx(499,15): error TS17004: Cannot use JSX unless the '--jsx' flag is provided.
frontend/src/entry.client.tsx(500,15): error TS17004: Cannot use JSX unless the '--jsx' flag is provided.
frontend/src/entry.client.tsx(501,15): error TS17004: Cannot use JSX unless the '--jsx' flag is provided.
frontend/src/entry.client.tsx(542,31): error TS2339: Property 'setCurrentAgentState' does not exist on type 'typeof import("#/*", { with: { "resolution-mode": "import" } })'.
frontend/src/entry.client.tsx(543,33): error TS2339: Property 'AgentState' does not exist on type 'typeof import("#/*", { with: { "resolution-mode": "import" } })'.
frontend/src/entry.client.tsx(609,33): error TS2339: Property 'setCurrentAgentState' does not exist on type 'typeof import("#/*", { with: { "resolution-mode": "import" } })'.
frontend/src/entry.client.tsx(610,35): error TS2339: Property 'AgentState' does not exist on type 'typeof import("#/*", { with: { "resolution-mode": "import" } })'.
frontend/src/hooks/mutation/use-add-git-providers.ts(2,10): error TS2614: Module '"#/*"' has no exported member 'SecretsService'. Did you mean to use 'import SecretsService from "#/*"' instead?
frontend/src/hooks/mutation/use-add-git-providers.ts(3,10): error TS2614: Module '"#/*"' has no exported member 'Provider'. Did you mean to use 'import Provider from "#/*"' instead?
frontend/src/hooks/mutation/use-add-git-providers.ts(3,20): error TS2614: Module '"#/*"' has no exported member 'ProviderToken'. Did you mean to use 'import ProviderToken from "#/*"' instead?
frontend/src/hooks/mutation/use-add-mcp-server.ts(2,10): error TS2614: Module '"#/*"' has no exported member 'useSettings'. Did you mean to use 'import useSettings from "#/*"' instead?
frontend/src/hooks/mutation/use-add-mcp-server.ts(4,10): error TS2614: Module '"#/*"' has no exported member 'MCPSSEServer'. Did you mean to use 'import MCPSSEServer from "#/*"' instead?
frontend/src/hooks/mutation/use-add-mcp-server.ts(4,24): error TS2614: Module '"#/*"' has no exported member 'MCPStdioServer'. Did you mean to use 'import MCPStdioServer from "#/*"' instead?
frontend/src/hooks/mutation/use-add-mcp-server.ts(4,40): error TS2614: Module '"#/*"' has no exported member 'MCPSHTTPServer'. Did you mean to use 'import MCPSHTTPServer from "#/*"' instead?
frontend/src/hooks/mutation/use-configure-integration.ts(4,10): error TS2614: Module '"#/*"' has no exported member 'openHands'. Did you mean to use 'import openHands from "#/*"' instead?
frontend/src/hooks/mutation/use-configure-integration.ts(5,10): error TS2614: Module '"#/*"' has no exported member 'I18nKey'. Did you mean to use 'import I18nKey from "#/*"' instead?
frontend/src/hooks/mutation/use-configure-integration.ts(6,10): error TS2614: Module '"#/*"' has no exported member 'displayErrorToast'. Did you mean to use 'import displayErrorToast from "#/*"' instead?
frontend/src/hooks/mutation/use-configure-integration.ts(7,10): error TS2614: Module '"#/*"' has no exported member 'retrieveAxiosErrorMessage'. Did you mean to use 'import retrieveAxiosErrorMessage from "#/*"' instead?
frontend/src/hooks/mutation/use-create-api-key.ts(2,25): error TS2614: Module '"#/*"' has no exported member 'CreateApiKeyResponse'. Did you mean to use 'import CreateApiKeyResponse from "#/*"' instead?
frontend/src/hooks/mutation/use-create-api-key.ts(3,10): error TS2614: Module '"#/*"' has no exported member 'API_KEYS_QUERY_KEY'. Did you mean to use 'import API_KEYS_QUERY_KEY from "#/*"' instead?
frontend/src/hooks/mutation/use-create-conversation.ts(4,10): error TS2614: Module '"#/*"' has no exported member 'SuggestedTask'. Did you mean to use 'import SuggestedTask from "#/*"' instead?
frontend/src/hooks/mutation/use-create-conversation.ts(5,10): error TS2614: Module '"#/*"' has no exported member 'Provider'. Did you mean to use 'import Provider from "#/*"' instead?
frontend/src/hooks/mutation/use-create-conversation.ts(6,10): error TS2614: Module '"#/*"' has no exported member 'CreateMicroagent'. Did you mean to use 'import CreateMicroagent from "#/*"' instead?
frontend/src/hooks/mutation/use-create-conversation.ts(45,15): error TS2339: Property 'capture' does not exist on type 'typeof import("C:/Users/GIGABYTE/Desktop/Forge/frontend/node_modules/posthog-js/dist/module")'.
frontend/src/hooks/mutation/use-create-secret.ts(2,10): error TS2614: Module '"#/*"' has no exported member 'SecretsService'. Did you mean to use 'import SecretsService from "#/*"' instead?
frontend/src/hooks/mutation/use-delete-api-key.ts(3,10): error TS2614: Module '"#/*"' has no exported member 'API_KEYS_QUERY_KEY'. Did you mean to use 'import API_KEYS_QUERY_KEY from "#/*"' instead?
frontend/src/hooks/mutation/use-delete-mcp-server.ts(2,10): error TS2614: Module '"#/*"' has no exported member 'useSettings'. Did you mean to use 'import useSettings from "#/*"' instead?
frontend/src/hooks/mutation/use-delete-mcp-server.ts(4,10): error TS2614: Module '"#/*"' has no exported member 'MCPConfig'. Did you mean to use 'import MCPConfig from "#/*"' instead?
frontend/src/hooks/mutation/use-delete-secret.ts(2,10): error TS2614: Module '"#/*"' has no exported member 'SecretsService'. Did you mean to use 'import SecretsService from "#/*"' instead?
frontend/src/hooks/mutation/use-knowledge-base-mutations.ts(3,3): error TS2614: Module '"#/*"' has no exported member 'createCollection'. Did you mean to use 'import createCollection from "#/*"' instead?
frontend/src/hooks/mutation/use-knowledge-base-mutations.ts(4,3): error TS2614: Module '"#/*"' has no exported member 'updateCollection'. Did you mean to use 'import updateCollection from "#/*"' instead?
frontend/src/hooks/mutation/use-knowledge-base-mutations.ts(5,3): error TS2614: Module '"#/*"' has no exported member 'deleteCollection'. Did you mean to use 'import deleteCollection from "#/*"' instead?
frontend/src/hooks/mutation/use-knowledge-base-mutations.ts(6,3): error TS2614: Module '"#/*"' has no exported member 'uploadDocument'. Did you mean to use 'import uploadDocument from "#/*"' instead?
frontend/src/hooks/mutation/use-knowledge-base-mutations.ts(7,3): error TS2614: Module '"#/*"' has no exported member 'deleteDocument'. Did you mean to use 'import deleteDocument from "#/*"' instead?
frontend/src/hooks/mutation/use-knowledge-base-mutations.ts(8,3): error TS2614: Module '"#/*"' has no exported member 'searchKnowledgeBase'. Did you mean to use 'import searchKnowledgeBase from "#/*"' instead?
frontend/src/hooks/mutation/use-knowledge-base-mutations.ts(11,3): error TS2614: Module '"#/*"' has no exported member 'CreateCollectionRequest'. Did you mean to use 'import CreateCollectionRequest from "#/*"' instead?
frontend/src/hooks/mutation/use-knowledge-base-mutations.ts(12,3): error TS2614: Module '"#/*"' has no exported member 'UpdateCollectionRequest'. Did you mean to use 'import UpdateCollectionRequest from "#/*"' instead?
frontend/src/hooks/mutation/use-knowledge-base-mutations.ts(13,3): error TS2614: Module '"#/*"' has no exported member 'SearchRequest'. Did you mean to use 'import SearchRequest from "#/*"' instead?
frontend/src/hooks/mutation/use-knowledge-base-mutations.ts(15,10): error TS2614: Module '"#/*"' has no exported member 'displaySuccessToast'. Did you mean to use 'import displaySuccessToast from "#/*"' instead?
frontend/src/hooks/mutation/use-knowledge-base-mutations.ts(15,31): error TS2614: Module '"#/*"' has no exported member 'displayErrorToast'. Did you mean to use 'import displayErrorToast from "#/*"' instead?
frontend/src/hooks/mutation/use-knowledge-base-mutations.ts(25,42): error TS18046: 'newCollection' is of type 'unknown'.
frontend/src/hooks/mutation/use-knowledge-base-mutations.ts(41,83): error TS18046: 'updatedCollection' is of type 'unknown'.
frontend/src/hooks/mutation/use-knowledge-base-mutations.ts(80,40): error TS18046: 'newDocument' is of type 'unknown'.
frontend/src/hooks/mutation/use-link-integration.ts(4,10): error TS2614: Module '"#/*"' has no exported member 'openHands'. Did you mean to use 'import openHands from "#/*"' instead?
frontend/src/hooks/mutation/use-link-integration.ts(5,10): error TS2614: Module '"#/*"' has no exported member 'I18nKey'. Did you mean to use 'import I18nKey from "#/*"' instead?
frontend/src/hooks/mutation/use-link-integration.ts(6,10): error TS2614: Module '"#/*"' has no exported member 'displayErrorToast'. Did you mean to use 'import displayErrorToast from "#/*"' instead?
frontend/src/hooks/mutation/use-link-integration.ts(7,10): error TS2614: Module '"#/*"' has no exported member 'retrieveAxiosErrorMessage'. Did you mean to use 'import retrieveAxiosErrorMessage from "#/*"' instead?
frontend/src/hooks/mutation/use-logout.ts(4,27): error TS2835: Relative import paths need explicit file extensions in ECMAScript imports when '--moduleResolution' is 'node16' or 'nodenext'. Did you mean '../query/use-config.js'?
frontend/src/hooks/mutation/use-logout.ts(5,10): error TS2614: Module '"#/*"' has no exported member 'clearLoginData'. Did you mean to use 'import clearLoginData from "#/*"' instead?
frontend/src/hooks/mutation/use-logout.ts(24,15): error TS2339: Property 'reset' does not exist on type 'typeof import("C:/Users/GIGABYTE/Desktop/Forge/frontend/node_modules/posthog-js/dist/module")'.
frontend/src/hooks/mutation/use-save-settings.ts(3,10): error TS2614: Module '"#/*"' has no exported member 'DEFAULT_SETTINGS'. Did you mean to use 'import DEFAULT_SETTINGS from "#/*"' instead?
frontend/src/hooks/mutation/use-save-settings.ts(5,10): error TS2614: Module '"#/*"' has no exported member 'PostSettings'. Did you mean to use 'import PostSettings from "#/*"' instead?
frontend/src/hooks/mutation/use-save-settings.ts(5,24): error TS2614: Module '"#/*"' has no exported member 'PostApiSettings'. Did you mean to use 'import PostApiSettings from "#/*"' instead?
frontend/src/hooks/mutation/use-save-settings.ts(6,29): error TS2835: Relative import paths need explicit file extensions in ECMAScript imports when '--moduleResolution' is 'node16' or 'nodenext'. Did you mean '../query/use-settings.js'?
frontend/src/hooks/mutation/use-save-settings.ts(76,17): error TS2339: Property 'capture' does not exist on type 'typeof import("C:/Users/GIGABYTE/Desktop/Forge/frontend/node_modules/posthog-js/dist/module")'.
frontend/src/hooks/mutation/use-save-settings.ts(94,21): error TS2339: Property 'capture' does not exist on type 'typeof import("C:/Users/GIGABYTE/Desktop/Forge/frontend/node_modules/posthog-js/dist/module")'.
frontend/src/hooks/mutation/use-save-settings.ts(105,21): error TS2339: Property 'capture' does not exist on type 'typeof import("C:/Users/GIGABYTE/Desktop/Forge/frontend/node_modules/posthog-js/dist/module")'.
frontend/src/hooks/mutation/use-submit-conversation-feedback.ts(3,10): error TS2614: Module '"#/*"' has no exported member 'useConversationId'. Did you mean to use 'import useConversationId from "#/*"' instead?
frontend/src/hooks/mutation/use-submit-conversation-feedback.ts(7,8): error TS2835: Relative import paths need explicit file extensions in ECMAScript imports when '--moduleResolution' is 'node16' or 'nodenext'. Did you mean '../query/use-batch-feedback.js'?
frontend/src/hooks/mutation/use-submit-feedback.ts(2,10): error TS2614: Module '"#/*"' has no exported member 'Feedback'. Did you mean to use 'import Feedback from "#/*"' instead?
frontend/src/hooks/mutation/use-submit-feedback.ts(4,10): error TS2614: Module '"#/*"' has no exported member 'useConversationId'. Did you mean to use 'import useConversationId from "#/*"' instead?
frontend/src/hooks/mutation/use-submit-feedback.ts(5,10): error TS2614: Module '"#/*"' has no exported member 'displayErrorToast'. Did you mean to use 'import displayErrorToast from "#/*"' instead?
frontend/src/hooks/mutation/use-unlink-integration.ts(4,10): error TS2614: Module '"#/*"' has no exported member 'openHands'. Did you mean to use 'import openHands from "#/*"' instead?
frontend/src/hooks/mutation/use-unlink-integration.ts(5,10): error TS2614: Module '"#/*"' has no exported member 'I18nKey'. Did you mean to use 'import I18nKey from "#/*"' instead?
frontend/src/hooks/mutation/use-unlink-integration.ts(7,3): error TS2614: Module '"#/*"' has no exported member 'displayErrorToast'. Did you mean to use 'import displayErrorToast from "#/*"' instead?
frontend/src/hooks/mutation/use-unlink-integration.ts(8,3): error TS2614: Module '"#/*"' has no exported member 'displaySuccessToast'. Did you mean to use 'import displaySuccessToast from "#/*"' instead?
frontend/src/hooks/mutation/use-unlink-integration.ts(10,10): error TS2614: Module '"#/*"' has no exported member 'retrieveAxiosErrorMessage'. Did you mean to use 'import retrieveAxiosErrorMessage from "#/*"' instead?
frontend/src/hooks/mutation/use-update-mcp-server.ts(2,10): error TS2614: Module '"#/*"' has no exported member 'useSettings'. Did you mean to use 'import useSettings from "#/*"' instead?
frontend/src/hooks/mutation/use-update-mcp-server.ts(4,10): error TS2614: Module '"#/*"' has no exported member 'MCPSSEServer'. Did you mean to use 'import MCPSSEServer from "#/*"' instead?
frontend/src/hooks/mutation/use-update-mcp-server.ts(4,24): error TS2614: Module '"#/*"' has no exported member 'MCPStdioServer'. Did you mean to use 'import MCPStdioServer from "#/*"' instead?
frontend/src/hooks/mutation/use-update-mcp-server.ts(4,40): error TS2614: Module '"#/*"' has no exported member 'MCPSHTTPServer'. Did you mean to use 'import MCPSHTTPServer from "#/*"' instead?
frontend/src/hooks/mutation/use-update-secret.ts(2,10): error TS2614: Module '"#/*"' has no exported member 'SecretsService'. Did you mean to use 'import SecretsService from "#/*"' instead?
frontend/src/hooks/mutation/use-validate-integration.ts(5,10): error TS2614: Module '"#/*"' has no exported member 'openHands'. Did you mean to use 'import openHands from "#/*"' instead?
frontend/src/hooks/mutation/use-validate-integration.ts(6,10): error TS2614: Module '"#/*"' has no exported member 'I18nKey'. Did you mean to use 'import I18nKey from "#/*"' instead?
frontend/src/hooks/mutation/use-validate-integration.ts(7,10): error TS2614: Module '"#/*"' has no exported member 'displayErrorToast'. Did you mean to use 'import displayErrorToast from "#/*"' instead?
frontend/src/hooks/mutation/use-validate-integration.ts(8,10): error TS2614: Module '"#/*"' has no exported member 'retrieveAxiosErrorMessage'. Did you mean to use 'import retrieveAxiosErrorMessage from "#/*"' instead?
frontend/src/hooks/query/use-active-conversation.ts(2,10): error TS2614: Module '"#/*"' has no exported member 'useConversationId'. Did you mean to use 'import useConversationId from "#/*"' instead?
frontend/src/hooks/query/use-active-conversation.ts(3,37): error TS2835: Relative import paths need explicit file extensions in ECMAScript imports when '--moduleResolution' is 'node16' or 'nodenext'. Did you mean './use-user-conversation.js'?
frontend/src/hooks/query/use-active-conversation.ts(10,65): error TS7006: Parameter 'query' implicitly has an 'any' type.
frontend/src/hooks/query/use-active-host.ts(5,10): error TS2614: Module '"#/*"' has no exported member 'useConversationId'. Did you mean to use 'import useConversationId from "#/*"' instead?
frontend/src/hooks/query/use-active-host.ts(6,10): error TS2614: Module '"#/*"' has no exported member 'useRuntimeIsReady'. Did you mean to use 'import useRuntimeIsReady from "#/*"' instead?
frontend/src/hooks/query/use-active-host.ts(40,25): error TS7006: Parameter 'host' implicitly has an 'any' type.
frontend/src/hooks/query/use-active-host.ts(63,19): error TS2345: Argument of type '{}' is not assignable to parameter of type 'SetStateAction<string | null>'.
frontend/src/hooks/query/use-analytics.ts(7,15): error TS2614: Module '"#/*"' has no exported member 'AnalyticsPeriod'. Did you mean to use 'import AnalyticsPeriod from "#/*"' instead?
frontend/src/hooks/query/use-analytics.ts(15,33): error TS2339: Property 'getAnalyticsDashboard' does not exist on type 'typeof import("#/*", { with: { "resolution-mode": "import" } })'.
frontend/src/hooks/query/use-analytics.ts(27,33): error TS2339: Property 'getAnalyticsSummary' does not exist on type 'typeof import("#/*", { with: { "resolution-mode": "import" } })'.
frontend/src/hooks/query/use-analytics.ts(38,33): error TS2339: Property 'getModelUsageStats' does not exist on type 'typeof import("#/*", { with: { "resolution-mode": "import" } })'.
frontend/src/hooks/query/use-analytics.ts(49,33): error TS2339: Property 'getCostBreakdown' does not exist on type 'typeof import("#/*", { with: { "resolution-mode": "import" } })'.
frontend/src/hooks/query/use-api-keys.ts(3,27): error TS2835: Relative import paths need explicit file extensions in ECMAScript imports when '--moduleResolution' is 'node16' or 'nodenext'. Did you mean './use-config.js'?
frontend/src/hooks/query/use-app-installations.ts(2,27): error TS2835: Relative import paths need explicit file extensions in ECMAScript imports when '--moduleResolution' is 'node16' or 'nodenext'. Did you mean './use-config.js'?
frontend/src/hooks/query/use-app-installations.ts(3,29): error TS2835: Relative import paths need explicit file extensions in ECMAScript imports when '--moduleResolution' is 'node16' or 'nodenext'. Did you mean './use-is-authed.js'?
frontend/src/hooks/query/use-app-installations.ts(5,34): error TS2835: Relative import paths need explicit file extensions in ECMAScript imports when '--moduleResolution' is 'node16' or 'nodenext'. Did you mean '../use-user-providers.js'?
frontend/src/hooks/query/use-app-installations.ts(6,10): error TS2614: Module '"#/*"' has no exported member 'Provider'. Did you mean to use 'import Provider from "#/*"' instead?
frontend/src/hooks/query/use-app-installations.ts(7,10): error TS2614: Module '"#/*"' has no exported member 'shouldUseInstallationRepos'. Did you mean to use 'import shouldUseInstallationRepos from "#/*"' instead?
frontend/src/hooks/query/use-balance.ts(2,27): error TS2835: Relative import paths need explicit file extensions in ECMAScript imports when '--moduleResolution' is 'node16' or 'nodenext'. Did you mean './use-config.js'?
frontend/src/hooks/query/use-balance.ts(4,10): error TS2614: Module '"#/*"' has no exported member 'useIsOnTosPage'. Did you mean to use 'import useIsOnTosPage from "#/*"' instead?
frontend/src/hooks/query/use-batch-feedback.ts(4,10): error TS2614: Module '"#/*"' has no exported member 'useConversationId'. Did you mean to use 'import useConversationId from "#/*"' instead?
frontend/src/hooks/query/use-batch-feedback.ts(5,10): error TS2614: Module '"#/*"' has no exported member 'useConfig'. Did you mean to use 'import useConfig from "#/*"' instead?
frontend/src/hooks/query/use-batch-feedback.ts(6,10): error TS2614: Module '"#/*"' has no exported member 'useRuntimeIsReady'. Did you mean to use 'import useRuntimeIsReady from "#/*"' instead?
frontend/src/hooks/query/use-branch-data.ts(2,48): error TS2835: Relative import paths need explicit file extensions in ECMAScript imports when '--moduleResolution' is 'node16' or 'nodenext'. Did you mean './use-repository-branches.js'?
frontend/src/hooks/query/use-branch-data.ts(3,35): error TS2835: Relative import paths need explicit file extensions in ECMAScript imports when '--moduleResolution' is 'node16' or 'nodenext'. Did you mean './use-search-branches.js'?
frontend/src/hooks/query/use-branch-data.ts(4,10): error TS2614: Module '"#/*"' has no exported member 'Branch'. Did you mean to use 'import Branch from "#/*"' instead?
frontend/src/hooks/query/use-branch-data.ts(5,10): error TS2614: Module '"#/*"' has no exported member 'Provider'. Did you mean to use 'import Provider from "#/*"' instead?
frontend/src/hooks/query/use-branch-data.ts(35,39): error TS7006: Parameter 'page' implicitly has an 'any' type.
frontend/src/hooks/query/use-branch-data.ts(43,29): error TS7006: Parameter 'branch' implicitly has an 'any' type.
frontend/src/hooks/query/use-branch-data.ts(78,31): error TS7006: Parameter 'branch' implicitly has an 'any' type.
frontend/src/hooks/query/use-branch-data.ts(88,12): error TS7006: Parameter 'branch' implicitly has an 'any' type.
frontend/src/hooks/query/use-branch-data.ts(98,12): error TS7006: Parameter 'branch' implicitly has an 'any' type.
frontend/src/hooks/query/use-config.ts(3,10): error TS2614: Module '"#/*"' has no exported member 'useIsOnTosPage'. Did you mean to use 'import useIsOnTosPage from "#/*"' instead?
frontend/src/hooks/query/use-conversation-config.ts(3,10): error TS2614: Module '"#/*"' has no exported member 'useConversationId'. Did you mean to use 'import useConversationId from "#/*"' instead?
frontend/src/hooks/query/use-conversation-config.ts(5,35): error TS2835: Relative import paths need explicit file extensions in ECMAScript imports when '--moduleResolution' is 'node16' or 'nodenext'. Did you mean '../use-runtime-is-ready.js'?
frontend/src/hooks/query/use-conversation-microagents.ts(4,35): error TS2835: Relative import paths need explicit file extensions in ECMAScript imports when '--moduleResolution' is 'node16' or 'nodenext'. Did you mean '../use-conversation-id.js'?
frontend/src/hooks/query/use-conversation-microagents.ts(5,10): error TS2614: Module '"#/*"' has no exported member 'RootState'. Did you mean to use 'import RootState from "#/*"' instead?
frontend/src/hooks/query/use-conversation-microagents.ts(6,10): error TS2614: Module '"#/*"' has no exported member 'AgentState'. Did you mean to use 'import AgentState from "#/*"' instead?
frontend/src/hooks/query/use-database-connections.ts(8,3): error TS2614: Module '"#/*"' has no exported member 'DatabaseConnection'. Did you mean to use 'import DatabaseConnection from "#/*"' instead?
frontend/src/hooks/query/use-database-connections.ts(9,3): error TS2614: Module '"#/*"' has no exported member 'TestConnectionRequest'. Did you mean to use 'import TestConnectionRequest from "#/*"' instead?
frontend/src/hooks/query/use-database-connections.ts(10,3): error TS2614: Module '"#/*"' has no exported member 'QueryRequest'. Did you mean to use 'import QueryRequest from "#/*"' instead?
frontend/src/hooks/query/use-database-connections.ts(19,20): error TS2339: Property 'listDatabaseConnections' does not exist on type 'typeof import("#/*", { with: { "resolution-mode": "import" } })'.
frontend/src/hooks/query/use-database-connections.ts(31,23): error TS2339: Property 'createDatabaseConnection' does not exist on type 'typeof import("#/*", { with: { "resolution-mode": "import" } })'.
frontend/src/hooks/query/use-database-connections.ts(51,17): error TS2339: Property 'updateDatabaseConnection' does not exist on type 'typeof import("#/*", { with: { "resolution-mode": "import" } })'.
frontend/src/hooks/query/use-database-connections.ts(65,23): error TS2339: Property 'deleteDatabaseConnection' does not exist on type 'typeof import("#/*", { with: { "resolution-mode": "import" } })'.
frontend/src/hooks/query/use-database-connections.ts(78,26): error TS2339: Property 'getDatabaseSchema' does not exist on type 'typeof import("#/*", { with: { "resolution-mode": "import" } })'.
frontend/src/hooks/query/use-database-connections.ts(99,17): error TS2339: Property 'executeQuery' does not exist on type 'typeof import("#/*", { with: { "resolution-mode": "import" } })'.
frontend/src/hooks/query/use-database-connections.ts(109,13): error TS2339: Property 'testDatabaseConnection' does not exist on type 'typeof import("#/*", { with: { "resolution-mode": "import" } })'.
frontend/src/hooks/query/use-feedback-exists.ts(2,10): error TS2614: Module '"#/*"' has no exported member 'useConversationId'. Did you mean to use 'import useConversationId from "#/*"' instead?
frontend/src/hooks/query/use-feedback-exists.ts(3,10): error TS2614: Module '"#/*"' has no exported member 'useConfig'. Did you mean to use 'import useConfig from "#/*"' instead?
frontend/src/hooks/query/use-feedback-exists.ts(4,56): error TS2835: Relative import paths need explicit file extensions in ECMAScript imports when '--moduleResolution' is 'node16' or 'nodenext'. Did you mean './use-batch-feedback.js'?
frontend/src/hooks/query/use-get-diff.ts(3,10): error TS2614: Module '"#/*"' has no exported member 'GitChangeStatus'. Did you mean to use 'import GitChangeStatus from "#/*"' instead?
frontend/src/hooks/query/use-get-diff.ts(4,10): error TS2614: Module '"#/*"' has no exported member 'useConversationId'. Did you mean to use 'import useConversationId from "#/*"' instead?
frontend/src/hooks/query/use-get-git-changes.ts(4,10): error TS2614: Module '"#/*"' has no exported member 'useConversationId'. Did you mean to use 'import useConversationId from "#/*"' instead?
frontend/src/hooks/query/use-get-git-changes.ts(5,10): error TS2614: Module '"#/*"' has no exported member 'GitChange'. Did you mean to use 'import GitChange from "#/*"' instead?
frontend/src/hooks/query/use-get-git-changes.ts(6,10): error TS2614: Module '"#/*"' has no exported member 'useRuntimeIsReady'. Did you mean to use 'import useRuntimeIsReady from "#/*"' instead?
frontend/src/hooks/query/use-get-microagents.ts(2,35): error TS2835: Relative import paths need explicit file extensions in ECMAScript imports when '--moduleResolution' is 'node16' or 'nodenext'. Did you mean '../use-conversation-id.js'?
frontend/src/hooks/query/use-get-microagents.ts(13,17): error TS7006: Parameter 'fileName' implicitly has an 'any' type.
frontend/src/hooks/query/use-get-secrets.ts(2,10): error TS2614: Module '"#/*"' has no exported member 'SecretsService'. Did you mean to use 'import SecretsService from "#/*"' instead?
frontend/src/hooks/query/use-get-secrets.ts(3,27): error TS2835: Relative import paths need explicit file extensions in ECMAScript imports when '--moduleResolution' is 'node16' or 'nodenext'. Did you mean './use-config.js'?
frontend/src/hooks/query/use-get-secrets.ts(4,10): error TS2614: Module '"#/*"' has no exported member 'useIsAuthed'. Did you mean to use 'import useIsAuthed from "#/*"' instead?
frontend/src/hooks/query/use-git-repositories.ts(2,27): error TS2835: Relative import paths need explicit file extensions in ECMAScript imports when '--moduleResolution' is 'node16' or 'nodenext'. Did you mean './use-config.js'?
frontend/src/hooks/query/use-git-repositories.ts(3,34): error TS2835: Relative import paths need explicit file extensions in ECMAScript imports when '--moduleResolution' is 'node16' or 'nodenext'. Did you mean '../use-user-providers.js'?
frontend/src/hooks/query/use-git-repositories.ts(4,37): error TS2835: Relative import paths need explicit file extensions in ECMAScript imports when '--moduleResolution' is 'node16' or 'nodenext'. Did you mean './use-app-installations.js'?
frontend/src/hooks/query/use-git-repositories.ts(5,31): error TS2834: Relative import paths need explicit file extensions in ECMAScript imports when '--moduleResolution' is 'node16' or 'nodenext'. Consider adding an extension to the import path.
frontend/src/hooks/query/use-git-repositories.ts(6,26): error TS2835: Relative import paths need explicit file extensions in ECMAScript imports when '--moduleResolution' is 'node16' or 'nodenext'. Did you mean '../../types/settings.js'?
frontend/src/hooks/query/use-git-repositories.ts(8,10): error TS2614: Module '"#/*"' has no exported member 'shouldUseInstallationRepos'. Did you mean to use 'import shouldUseInstallationRepos from "#/*"' instead?
frontend/src/hooks/query/use-git-user.ts(4,27): error TS2835: Relative import paths need explicit file extensions in ECMAScript imports when '--moduleResolution' is 'node16' or 'nodenext'. Did you mean './use-config.js'?
frontend/src/hooks/query/use-git-user.ts(6,10): error TS2614: Module '"#/*"' has no exported member 'useShouldShowUserFeatures'. Did you mean to use 'import useShouldShowUserFeatures from "#/*"' instead?
frontend/src/hooks/query/use-git-user.ts(25,15): error TS2339: Property 'identify' does not exist on type 'typeof import("C:/Users/GIGABYTE/Desktop/Forge/frontend/node_modules/posthog-js/dist/module")'.
frontend/src/hooks/query/use-git-user.ts(25,34): error TS2339: Property 'login' does not exist on type '{}'.
frontend/src/hooks/query/use-git-user.ts(26,28): error TS2339: Property 'company' does not exist on type '{}'.
frontend/src/hooks/query/use-git-user.ts(27,25): error TS2339: Property 'name' does not exist on type '{}'.
frontend/src/hooks/query/use-git-user.ts(28,26): error TS2339: Property 'email' does not exist on type '{}'.
frontend/src/hooks/query/use-git-user.ts(29,25): error TS2339: Property 'login' does not exist on type '{}'.
frontend/src/hooks/query/use-installation-repositories.ts(2,37): error TS2835: Relative import paths need explicit file extensions in ECMAScript imports when '--moduleResolution' is 'node16' or 'nodenext'. Did you mean './use-app-installations.js'?
frontend/src/hooks/query/use-installation-repositories.ts(3,27): error TS2835: Relative import paths need explicit file extensions in ECMAScript imports when '--moduleResolution' is 'node16' or 'nodenext'. Did you mean './use-config.js'?
frontend/src/hooks/query/use-installation-repositories.ts(4,34): error TS2835: Relative import paths need explicit file extensions in ECMAScript imports when '--moduleResolution' is 'node16' or 'nodenext'. Did you mean '../use-user-providers.js'?
frontend/src/hooks/query/use-installation-repositories.ts(5,10): error TS2614: Module '"#/*"' has no exported member 'Provider'. Did you mean to use 'import Provider from "#/*"' instead?
frontend/src/hooks/query/use-installation-repositories.ts(7,10): error TS2614: Module '"#/*"' has no exported member 'shouldUseInstallationRepos'. Did you mean to use 'import shouldUseInstallationRepos from "#/*"' instead?
frontend/src/hooks/query/use-integration-status.ts(3,10): error TS2614: Module '"#/*"' has no exported member 'openHands'. Did you mean to use 'import openHands from "#/*"' instead?
frontend/src/hooks/query/use-is-authed.ts(4,27): error TS2835: Relative import paths need explicit file extensions in ECMAScript imports when '--moduleResolution' is 'node16' or 'nodenext'. Did you mean './use-config.js'?
frontend/src/hooks/query/use-is-authed.ts(5,10): error TS2614: Module '"#/*"' has no exported member 'useIsOnTosPage'. Did you mean to use 'import useIsOnTosPage from "#/*"' instead?
frontend/src/hooks/query/use-knowledge-base.ts(3,3): error TS2614: Module '"#/*"' has no exported member 'getCollections'. Did you mean to use 'import getCollections from "#/*"' instead?
frontend/src/hooks/query/use-knowledge-base.ts(4,3): error TS2614: Module '"#/*"' has no exported member 'getCollection'. Did you mean to use 'import getCollection from "#/*"' instead?
frontend/src/hooks/query/use-knowledge-base.ts(5,3): error TS2614: Module '"#/*"' has no exported member 'getDocuments'. Did you mean to use 'import getDocuments from "#/*"' instead?
frontend/src/hooks/query/use-knowledge-base.ts(6,3): error TS2614: Module '"#/*"' has no exported member 'getDocument'. Did you mean to use 'import getDocument from "#/*"' instead?
frontend/src/hooks/query/use-knowledge-base.ts(7,3): error TS2614: Module '"#/*"' has no exported member 'getKnowledgeBaseStats'. Did you mean to use 'import getKnowledgeBaseStats from "#/*"' instead?
frontend/src/hooks/query/use-llm-api-key.ts(2,10): error TS2614: Module '"#/*"' has no exported member 'openHands'. Did you mean to use 'import openHands from "#/*"' instead?
frontend/src/hooks/query/use-llm-api-key.ts(3,27): error TS2835: Relative import paths need explicit file extensions in ECMAScript imports when '--moduleResolution' is 'node16' or 'nodenext'. Did you mean './use-config.js'?
frontend/src/hooks/query/use-memory.ts(8,3): error TS2614: Module '"#/*"' has no exported member 'CreateMemoryRequest'. Did you mean to use 'import CreateMemoryRequest from "#/*"' instead?
frontend/src/hooks/query/use-memory.ts(9,3): error TS2614: Module '"#/*"' has no exported member 'UpdateMemoryRequest'. Did you mean to use 'import UpdateMemoryRequest from "#/*"' instead?
frontend/src/hooks/query/use-memory.ts(10,3): error TS2614: Module '"#/*"' has no exported member 'SearchMemoriesRequest'. Did you mean to use 'import SearchMemoriesRequest from "#/*"' instead?
frontend/src/hooks/query/use-memory.ts(19,24): error TS2339: Property 'listMemories' does not exist on type 'typeof import("#/*", { with: { "resolution-mode": "import" } })'.
frontend/src/hooks/query/use-memory.ts(30,30): error TS2339: Property 'getMemory' does not exist on type 'typeof import("#/*", { with: { "resolution-mode": "import" } })'.
frontend/src/hooks/query/use-memory.ts(42,27): error TS2339: Property 'createMemory' does not exist on type 'typeof import("#/*", { with: { "resolution-mode": "import" } })'.
frontend/src/hooks/query/use-memory.ts(63,21): error TS2339: Property 'updateMemory' does not exist on type 'typeof import("#/*", { with: { "resolution-mode": "import" } })'.
frontend/src/hooks/query/use-memory.ts(78,27): error TS2339: Property 'deleteMemory' does not exist on type 'typeof import("#/*", { with: { "resolution-mode": "import" } })'.
frontend/src/hooks/query/use-memory.ts(91,27): error TS2339: Property 'searchMemories' does not exist on type 'typeof import("#/*", { with: { "resolution-mode": "import" } })'.
frontend/src/hooks/query/use-memory.ts(101,24): error TS2339: Property 'getMemoryStats' does not exist on type 'typeof import("#/*", { with: { "resolution-mode": "import" } })'.
frontend/src/hooks/query/use-memory.ts(113,27): error TS2339: Property 'trackMemoryUsage' does not exist on type 'typeof import("#/*", { with: { "resolution-mode": "import" } })'.
frontend/src/hooks/query/use-memory.ts(126,27): error TS2339: Property 'exportMemories' does not exist on type 'typeof import("#/*", { with: { "resolution-mode": "import" } })'.
frontend/src/hooks/query/use-memory.ts(138,17): error TS2339: Property 'importMemories' does not exist on type 'typeof import("#/*", { with: { "resolution-mode": "import" } })'.
frontend/src/hooks/query/use-microagent-prompt.ts(3,35): error TS2835: Relative import paths need explicit file extensions in ECMAScript imports when '--moduleResolution' is 'node16' or 'nodenext'. Did you mean '../use-conversation-id.js'?
frontend/src/hooks/query/use-paginated-conversations.ts(3,29): error TS2835: Relative import paths need explicit file extensions in ECMAScript imports when '--moduleResolution' is 'node16' or 'nodenext'. Did you mean './use-is-authed.js'?
frontend/src/hooks/query/use-prompts.ts(13,3): error TS2614: Module '"#/*"' has no exported member 'createPrompt'. Did you mean to use 'import createPrompt from "#/*"' instead?
frontend/src/hooks/query/use-prompts.ts(14,3): error TS2614: Module '"#/*"' has no exported member 'deletePrompt'. Did you mean to use 'import deletePrompt from "#/*"' instead?
frontend/src/hooks/query/use-prompts.ts(15,3): error TS2614: Module '"#/*"' has no exported member 'exportPrompts'. Did you mean to use 'import exportPrompts from "#/*"' instead?
frontend/src/hooks/query/use-prompts.ts(16,3): error TS2614: Module '"#/*"' has no exported member 'getPrompt'. Did you mean to use 'import getPrompt from "#/*"' instead?
frontend/src/hooks/query/use-prompts.ts(17,3): error TS2614: Module '"#/*"' has no exported member 'getPromptStats'. Did you mean to use 'import getPromptStats from "#/*"' instead?
frontend/src/hooks/query/use-prompts.ts(18,3): error TS2614: Module '"#/*"' has no exported member 'importPrompts'. Did you mean to use 'import importPrompts from "#/*"' instead?
frontend/src/hooks/query/use-prompts.ts(19,3): error TS2614: Module '"#/*"' has no exported member 'listPrompts'. Did you mean to use 'import listPrompts from "#/*"' instead?
frontend/src/hooks/query/use-prompts.ts(20,3): error TS2614: Module '"#/*"' has no exported member 'renderPrompt'. Did you mean to use 'import renderPrompt from "#/*"' instead?
frontend/src/hooks/query/use-prompts.ts(21,3): error TS2614: Module '"#/*"' has no exported member 'searchPrompts'. Did you mean to use 'import searchPrompts from "#/*"' instead?
frontend/src/hooks/query/use-prompts.ts(22,3): error TS2614: Module '"#/*"' has no exported member 'trackPromptUsage'. Did you mean to use 'import trackPromptUsage from "#/*"' instead?
frontend/src/hooks/query/use-prompts.ts(23,3): error TS2614: Module '"#/*"' has no exported member 'updatePrompt'. Did you mean to use 'import updatePrompt from "#/*"' instead?
frontend/src/hooks/query/use-prompts.ts(26,3): error TS2614: Module '"#/*"' has no exported member 'CreatePromptRequest'. Did you mean to use 'import CreatePromptRequest from "#/*"' instead?
frontend/src/hooks/query/use-prompts.ts(27,3): error TS2614: Module '"#/*"' has no exported member 'PromptCategory'. Did you mean to use 'import PromptCategory from "#/*"' instead?
frontend/src/hooks/query/use-prompts.ts(28,3): error TS2614: Module '"#/*"' has no exported member 'PromptCollection'. Did you mean to use 'import PromptCollection from "#/*"' instead?
frontend/src/hooks/query/use-prompts.ts(29,3): error TS2614: Module '"#/*"' has no exported member 'PromptStats'. Did you mean to use 'import PromptStats from "#/*"' instead?
frontend/src/hooks/query/use-prompts.ts(30,3): error TS2614: Module '"#/*"' has no exported member 'PromptTemplate'. Did you mean to use 'import PromptTemplate from "#/*"' instead?
frontend/src/hooks/query/use-prompts.ts(31,3): error TS2614: Module '"#/*"' has no exported member 'RenderPromptRequest'. Did you mean to use 'import RenderPromptRequest from "#/*"' instead?
frontend/src/hooks/query/use-prompts.ts(32,3): error TS2614: Module '"#/*"' has no exported member 'RenderPromptResponse'. Did you mean to use 'import RenderPromptResponse from "#/*"' instead?
frontend/src/hooks/query/use-prompts.ts(33,3): error TS2614: Module '"#/*"' has no exported member 'SearchPromptsRequest'. Did you mean to use 'import SearchPromptsRequest from "#/*"' instead?
frontend/src/hooks/query/use-prompts.ts(34,3): error TS2614: Module '"#/*"' has no exported member 'UpdatePromptRequest'. Did you mean to use 'import UpdatePromptRequest from "#/*"' instead?
frontend/src/hooks/query/use-repository-branches.ts(3,10): error TS2614: Module '"#/*"' has no exported member 'Branch'. Did you mean to use 'import Branch from "#/*"' instead?
frontend/src/hooks/query/use-repository-branches.ts(3,18): error TS2614: Module '"#/*"' has no exported member 'PaginatedBranchesResponse'. Did you mean to use 'import PaginatedBranchesResponse from "#/*"' instead?
frontend/src/hooks/query/use-search-branches.ts(3,10): error TS2614: Module '"#/*"' has no exported member 'Branch'. Did you mean to use 'import Branch from "#/*"' instead?
frontend/src/hooks/query/use-search-branches.ts(4,10): error TS2614: Module '"#/*"' has no exported member 'Provider'. Did you mean to use 'import Provider from "#/*"' instead?
frontend/src/hooks/query/use-search-repositories.ts(3,10): error TS2614: Module '"#/*"' has no exported member 'Provider'. Did you mean to use 'import Provider from "#/*"' instead?
frontend/src/hooks/query/use-settings.ts(5,10): error TS2614: Module '"#/*"' has no exported member 'DEFAULT_SETTINGS'. Did you mean to use 'import DEFAULT_SETTINGS from "#/*"' instead?
frontend/src/hooks/query/use-settings.ts(6,10): error TS2614: Module '"#/*"' has no exported member 'useIsOnTosPage'. Did you mean to use 'import useIsOnTosPage from "#/*"' instead?
frontend/src/hooks/query/use-settings.ts(7,10): error TS2614: Module '"#/*"' has no exported member 'Settings'. Did you mean to use 'import Settings from "#/*"' instead?
frontend/src/hooks/query/use-settings.ts(8,29): error TS2835: Relative import paths need explicit file extensions in ECMAScript imports when '--moduleResolution' is 'node16' or 'nodenext'. Did you mean './use-is-authed.js'?
frontend/src/hooks/query/use-settings.ts(79,15): error TS2339: Property 'capture' does not exist on type 'typeof import("C:/Users/GIGABYTE/Desktop/Forge/frontend/node_modules/posthog-js/dist/module")'.
frontend/src/hooks/query/use-slack.ts(13,3): error TS2614: Module '"#/*"' has no exported member 'listSlackWorkspaces'. Did you mean to use 'import listSlackWorkspaces from "#/*"' instead?
frontend/src/hooks/query/use-slack.ts(14,3): error TS2614: Module '"#/*"' has no exported member 'getSlackInstallUrl'. Did you mean to use 'import getSlackInstallUrl from "#/*"' instead?
frontend/src/hooks/query/use-slack.ts(15,3): error TS2614: Module '"#/*"' has no exported member 'uninstallSlackWorkspace'. Did you mean to use 'import uninstallSlackWorkspace from "#/*"' instead?
frontend/src/hooks/query/use-slack.ts(16,8): error TS2614: Module '"#/*"' has no exported member 'SlackWorkspace'. Did you mean to use 'import SlackWorkspace from "#/*"' instead?
frontend/src/hooks/query/use-slack.ts(17,8): error TS2614: Module '"#/*"' has no exported member 'SlackInstallResponse'. Did you mean to use 'import SlackInstallResponse from "#/*"' instead?
frontend/src/hooks/query/use-slack.ts(28,3): error TS2322: Type 'UseQueryResult<unknown, Error>' is not assignable to type 'UseQueryResult<SlackWorkspace[], Error>'.
  Type 'QueryObserverRefetchErrorResult<unknown, Error>' is not assignable to type 'UseQueryResult<SlackWorkspace[], Error>'.
    Type 'QueryObserverRefetchErrorResult<unknown, Error>' is not assignable to type 'QueryObserverRefetchErrorResult<SlackWorkspace[], Error>'.
      Type 'unknown' is not assignable to type 'SlackWorkspace[]'.
frontend/src/hooks/query/use-snippets.ts(13,3): error TS2614: Module '"#/*"' has no exported member 'createSnippet'. Did you mean to use 'import createSnippet from "#/*"' instead?
frontend/src/hooks/query/use-snippets.ts(14,3): error TS2614: Module '"#/*"' has no exported member 'deleteSnippet'. Did you mean to use 'import deleteSnippet from "#/*"' instead?
frontend/src/hooks/query/use-snippets.ts(15,3): error TS2614: Module '"#/*"' has no exported member 'exportSnippets'. Did you mean to use 'import exportSnippets from "#/*"' instead?
frontend/src/hooks/query/use-snippets.ts(16,3): error TS2614: Module '"#/*"' has no exported member 'getSnippet'. Did you mean to use 'import getSnippet from "#/*"' instead?
frontend/src/hooks/query/use-snippets.ts(17,3): error TS2614: Module '"#/*"' has no exported member 'getSnippetStats'. Did you mean to use 'import getSnippetStats from "#/*"' instead?
frontend/src/hooks/query/use-snippets.ts(18,3): error TS2614: Module '"#/*"' has no exported member 'importSnippets'. Did you mean to use 'import importSnippets from "#/*"' instead?
frontend/src/hooks/query/use-snippets.ts(19,3): error TS2614: Module '"#/*"' has no exported member 'listSnippets'. Did you mean to use 'import listSnippets from "#/*"' instead?
frontend/src/hooks/query/use-snippets.ts(20,3): error TS2614: Module '"#/*"' has no exported member 'searchSnippets'. Did you mean to use 'import searchSnippets from "#/*"' instead?
frontend/src/hooks/query/use-snippets.ts(21,3): error TS2614: Module '"#/*"' has no exported member 'trackSnippetUsage'. Did you mean to use 'import trackSnippetUsage from "#/*"' instead?
frontend/src/hooks/query/use-snippets.ts(22,3): error TS2614: Module '"#/*"' has no exported member 'updateSnippet'. Did you mean to use 'import updateSnippet from "#/*"' instead?
frontend/src/hooks/query/use-snippets.ts(25,3): error TS2614: Module '"#/*"' has no exported member 'CodeSnippet'. Did you mean to use 'import CodeSnippet from "#/*"' instead?
frontend/src/hooks/query/use-snippets.ts(26,3): error TS2614: Module '"#/*"' has no exported member 'CreateSnippetRequest'. Did you mean to use 'import CreateSnippetRequest from "#/*"' instead?
frontend/src/hooks/query/use-snippets.ts(27,3): error TS2614: Module '"#/*"' has no exported member 'SearchSnippetsRequest'. Did you mean to use 'import SearchSnippetsRequest from "#/*"' instead?
frontend/src/hooks/query/use-snippets.ts(28,3): error TS2614: Module '"#/*"' has no exported member 'SnippetCategory'. Did you mean to use 'import SnippetCategory from "#/*"' instead?
frontend/src/hooks/query/use-snippets.ts(29,3): error TS2614: Module '"#/*"' has no exported member 'SnippetCollection'. Did you mean to use 'import SnippetCollection from "#/*"' instead?
frontend/src/hooks/query/use-snippets.ts(30,3): error TS2614: Module '"#/*"' has no exported member 'SnippetLanguage'. Did you mean to use 'import SnippetLanguage from "#/*"' instead?
frontend/src/hooks/query/use-snippets.ts(31,3): error TS2614: Module '"#/*"' has no exported member 'SnippetStats'. Did you mean to use 'import SnippetStats from "#/*"' instead?
frontend/src/hooks/query/use-snippets.ts(32,3): error TS2614: Module '"#/*"' has no exported member 'UpdateSnippetRequest'. Did you mean to use 'import UpdateSnippetRequest from "#/*"' instead?
frontend/src/hooks/query/use-subscription-access.ts(2,27): error TS2835: Relative import paths need explicit file extensions in ECMAScript imports when '--moduleResolution' is 'node16' or 'nodenext'. Did you mean './use-config.js'?
frontend/src/hooks/query/use-subscription-access.ts(4,10): error TS2614: Module '"#/*"' has no exported member 'useIsOnTosPage'. Did you mean to use 'import useIsOnTosPage from "#/*"' instead?
frontend/src/hooks/query/use-suggested-tasks.ts(2,10): error TS2614: Module '"#/*"' has no exported member 'SuggestionsService'. Did you mean to use 'import SuggestionsService from "#/*"' instead?
frontend/src/hooks/query/use-suggested-tasks.ts(3,10): error TS2614: Module '"#/*"' has no exported member 'groupSuggestedTasks'. Did you mean to use 'import groupSuggestedTasks from "#/*"' instead?
frontend/src/hooks/query/use-suggested-tasks.ts(4,29): error TS2835: Relative import paths need explicit file extensions in ECMAScript imports when '--moduleResolution' is 'node16' or 'nodenext'. Did you mean './use-is-authed.js'?
frontend/src/hooks/query/use-user-conversation.ts(5,10): error TS2614: Module '"#/*"' has no exported member 'Conversation'. Did you mean to use 'import Conversation from "#/*"' instead?
frontend/src/hooks/query/use-user-repositories.ts(2,27): error TS2835: Relative import paths need explicit file extensions in ECMAScript imports when '--moduleResolution' is 'node16' or 'nodenext'. Did you mean './use-config.js'?
frontend/src/hooks/query/use-user-repositories.ts(3,34): error TS2835: Relative import paths need explicit file extensions in ECMAScript imports when '--moduleResolution' is 'node16' or 'nodenext'. Did you mean '../use-user-providers.js'?
frontend/src/hooks/query/use-user-repositories.ts(4,10): error TS2614: Module '"#/*"' has no exported member 'Provider'. Did you mean to use 'import Provider from "#/*"' instead?
frontend/src/hooks/query/use-user-repositories.ts(6,10): error TS2614: Module '"#/*"' has no exported member 'shouldUseInstallationRepos'. Did you mean to use 'import shouldUseInstallationRepos from "#/*"' instead?
frontend/src/hooks/query/use-vscode-url.ts(4,10): error TS2614: Module '"#/*"' has no exported member 'useConversationId'. Did you mean to use 'import useConversationId from "#/*"' instead?
frontend/src/hooks/query/use-vscode-url.ts(5,10): error TS2614: Module '"#/*"' has no exported member 'I18nKey'. Did you mean to use 'import I18nKey from "#/*"' instead?
frontend/src/hooks/query/use-vscode-url.ts(6,10): error TS2614: Module '"#/*"' has no exported member 'transformVSCodeUrl'. Did you mean to use 'import transformVSCodeUrl from "#/*"' instead?
frontend/src/hooks/query/use-vscode-url.ts(7,10): error TS2614: Module '"#/*"' has no exported member 'useRuntimeIsReady'. Did you mean to use 'import useRuntimeIsReady from "#/*"' instead?
frontend/src/hooks/use-auth-callback.ts(3,29): error TS2835: Relative import paths need explicit file extensions in ECMAScript imports when '--moduleResolution' is 'node16' or 'nodenext'. Did you mean './query/use-is-authed.js'?
frontend/src/hooks/use-auth-callback.ts(4,10): error TS2614: Module '"#/*"' has no exported member 'LoginMethod'. Did you mean to use 'import LoginMethod from "#/*"' instead?
frontend/src/hooks/use-auth-callback.ts(4,23): error TS2614: Module '"#/*"' has no exported member 'setLoginMethod'. Did you mean to use 'import setLoginMethod from "#/*"' instead?
frontend/src/hooks/use-auth-callback.ts(5,27): error TS2835: Relative import paths need explicit file extensions in ECMAScript imports when '--moduleResolution' is 'node16' or 'nodenext'. Did you mean './query/use-config.js'?
frontend/src/hooks/use-auth-url.ts(1,10): error TS2614: Module '"#/*"' has no exported member 'generateAuthUrl'. Did you mean to use 'import generateAuthUrl from "#/*"' instead?
frontend/src/hooks/use-auth-url.ts(2,10): error TS2614: Module '"#/*"' has no exported member 'GetConfigResponse'. Did you mean to use 'import GetConfigResponse from "#/*"' instead?
frontend/src/hooks/use-auto-login.ts(2,27): error TS2835: Relative import paths need explicit file extensions in ECMAScript imports when '--moduleResolution' is 'node16' or 'nodenext'. Did you mean './query/use-config.js'?
frontend/src/hooks/use-auto-login.ts(3,29): error TS2835: Relative import paths need explicit file extensions in ECMAScript imports when '--moduleResolution' is 'node16' or 'nodenext'. Did you mean './query/use-is-authed.js'?
frontend/src/hooks/use-auto-login.ts(4,10): error TS2614: Module '"#/*"' has no exported member 'getLoginMethod'. Did you mean to use 'import getLoginMethod from "#/*"' instead?
frontend/src/hooks/use-auto-login.ts(4,26): error TS2614: Module '"#/*"' has no exported member 'LoginMethod'. Did you mean to use 'import LoginMethod from "#/*"' instead?
frontend/src/hooks/use-auto-login.ts(5,28): error TS2835: Relative import paths need explicit file extensions in ECMAScript imports when '--moduleResolution' is 'node16' or 'nodenext'. Did you mean './use-auth-url.js'?
frontend/src/hooks/use-auto-navigate-to-app.ts(16,10): error TS2614: Module '"#/*"' has no exported member 'useConversationId'. Did you mean to use 'import useConversationId from "#/*"' instead?
frontend/src/hooks/use-autonomy-mode.ts(3,10): error TS2614: Module '"#/*"' has no exported member 'AutonomyMode'. Did you mean to use 'import AutonomyMode from "#/*"' instead?
frontend/src/hooks/use-autonomy-mode.ts(4,29): error TS2835: Relative import paths need explicit file extensions in ECMAScript imports when '--moduleResolution' is 'node16' or 'nodenext'. Did you mean './query/use-settings.js'?
frontend/src/hooks/use-autonomy-mode.ts(5,33): error TS2835: Relative import paths need explicit file extensions in ECMAScript imports when '--moduleResolution' is 'node16' or 'nodenext'. Did you mean './mutation/use-save-settings.js'?
frontend/src/hooks/use-autonomy-mode.ts(54,21): error TS7006: Parameter 'error' implicitly has an 'any' type.
frontend/src/hooks/use-background-runtime-init.ts(2,10): error TS2614: Module '"#/*"' has no exported member 'useConversationId'. Did you mean to use 'import useConversationId from "#/*"' instead?
frontend/src/hooks/use-create-conversation-and-subscribe-multiple.ts(5,39): error TS2835: Relative import paths need explicit file extensions in ECMAScript imports when '--moduleResolution' is 'node16' or 'nodenext'. Did you mean './mutation/use-create-conversation.js'?
frontend/src/hooks/use-create-conversation-and-subscribe-multiple.ts(6,34): error TS2835: Relative import paths need explicit file extensions in ECMAScript imports when '--moduleResolution' is 'node16' or 'nodenext'. Did you mean './use-user-providers.js'?
frontend/src/hooks/use-create-conversation-and-subscribe-multiple.ts(7,10): error TS2614: Module '"#/*"' has no exported member 'useConversationSubscriptions'. Did you mean to use 'import useConversationSubscriptions from "#/*"' instead?
frontend/src/hooks/use-create-conversation-and-subscribe-multiple.ts(8,10): error TS2614: Module '"#/*"' has no exported member 'Provider'. Did you mean to use 'import Provider from "#/*"' instead?
frontend/src/hooks/use-create-conversation-and-subscribe-multiple.ts(9,10): error TS2614: Module '"#/*"' has no exported member 'CreateMicroagent'. Did you mean to use 'import CreateMicroagent from "#/*"' instead?
frontend/src/hooks/use-create-conversation-and-subscribe-multiple.ts(9,28): error TS2614: Module '"#/*"' has no exported member 'Conversation'. Did you mean to use 'import Conversation from "#/*"' instead?
frontend/src/hooks/use-create-conversation-and-subscribe-multiple.ts(11,10): error TS2614: Module '"#/*"' has no exported member 'renderConversationStartingToast'. Did you mean to use 'import renderConversationStartingToast from "#/*"' instead?
frontend/src/hooks/use-create-conversation-and-subscribe-multiple.ts(148,23): error TS7006: Parameter 'data' implicitly has an 'any' type.
frontend/src/hooks/use-document-title-from-state.ts(2,39): error TS2835: Relative import paths need explicit file extensions in ECMAScript imports when '--moduleResolution' is 'node16' or 'nodenext'. Did you mean './query/use-active-conversation.js'?
frontend/src/hooks/use-error-action-handler.ts(8,15): error TS2614: Module '"#/*"' has no exported member 'ErrorAction'. Did you mean to use 'import ErrorAction from "#/*"' instead?
frontend/src/hooks/use-github-auth-url.ts(1,28): error TS2835: Relative import paths need explicit file extensions in ECMAScript imports when '--moduleResolution' is 'node16' or 'nodenext'. Did you mean './use-auth-url.js'?
frontend/src/hooks/use-github-auth-url.ts(2,10): error TS2614: Module '"#/*"' has no exported member 'GetConfigResponse'. Did you mean to use 'import GetConfigResponse from "#/*"' instead?
frontend/src/hooks/use-handle-runtime-active.ts(1,10): error TS2614: Module '"#/*"' has no exported member 'useRuntimeIsReady'. Did you mean to use 'import useRuntimeIsReady from "#/*"' instead?
frontend/src/hooks/use-handle-ws-events.ts(2,10): error TS2614: Module '"#/*"' has no exported member 'useWsClient'. Did you mean to use 'import useWsClient from "#/*"' instead?
frontend/src/hooks/use-handle-ws-events.ts(3,10): error TS2614: Module '"#/*"' has no exported member 'generateAgentStateChangeEvent'. Did you mean to use 'import generateAgentStateChangeEvent from "#/*"' instead?
frontend/src/hooks/use-handle-ws-events.ts(4,10): error TS2614: Module '"#/*"' has no exported member 'AgentState'. Did you mean to use 'import AgentState from "#/*"' instead?
frontend/src/hooks/use-handle-ws-events.ts(5,10): error TS2614: Module '"#/*"' has no exported member 'displayErrorToast'. Did you mean to use 'import displayErrorToast from "#/*"' instead?
frontend/src/hooks/use-metasop-orchestration.ts(2,10): error TS2614: Module '"#/*"' has no exported member 'useWsClient'. Did you mean to use 'import useWsClient from "#/*"' instead?
frontend/src/hooks/use-metasop-orchestration.ts(3,10): error TS2614: Module '"#/*"' has no exported member 'isStatusUpdate'. Did you mean to use 'import isStatusUpdate from "#/*"' instead?
frontend/src/hooks/use-metasop-orchestration.ts(142,18): error TS7006: Parameter 'event' implicitly has an 'any' type.
frontend/src/hooks/use-metasop-orchestration.ts(324,7): error TS2578: Unused '@ts-expect-error' directive.
frontend/src/hooks/use-migrate-user-consent.ts(2,10): error TS2614: Module '"#/*"' has no exported member 'handleCaptureConsent'. Did you mean to use 'import handleCaptureConsent from "#/*"' instead?
frontend/src/hooks/use-migrate-user-consent.ts(3,33): error TS2835: Relative import paths need explicit file extensions in ECMAScript imports when '--moduleResolution' is 'node16' or 'nodenext'. Did you mean './mutation/use-save-settings.js'?
frontend/src/hooks/use-runtime-is-ready.ts(2,10): error TS2614: Module '"#/*"' has no exported member 'RootState'. Did you mean to use 'import RootState from "#/*"' instead?
frontend/src/hooks/use-runtime-is-ready.ts(3,10): error TS2614: Module '"#/*"' has no exported member 'RUNTIME_INACTIVE_STATES'. Did you mean to use 'import RUNTIME_INACTIVE_STATES from "#/*"' instead?
frontend/src/hooks/use-runtime-is-ready.ts(4,39): error TS2835: Relative import paths need explicit file extensions in ECMAScript imports when '--moduleResolution' is 'node16' or 'nodenext'. Did you mean './query/use-active-conversation.js'?
frontend/src/hooks/use-should-show-user-features.ts(2,27): error TS2835: Relative import paths need explicit file extensions in ECMAScript imports when '--moduleResolution' is 'node16' or 'nodenext'. Did you mean './query/use-config.js'?
frontend/src/hooks/use-should-show-user-features.ts(3,29): error TS2835: Relative import paths need explicit file extensions in ECMAScript imports when '--moduleResolution' is 'node16' or 'nodenext'. Did you mean './query/use-is-authed.js'?
frontend/src/hooks/use-should-show-user-features.ts(4,34): error TS2835: Relative import paths need explicit file extensions in ECMAScript imports when '--moduleResolution' is 'node16' or 'nodenext'. Did you mean './use-user-providers.js'?
frontend/src/hooks/use-terminal.ts(4,10): error TS2614: Module '"#/*"' has no exported member 'Command'. Did you mean to use 'import Command from "#/*"' instead?
frontend/src/hooks/use-terminal.ts(5,10): error TS2614: Module '"#/*"' has no exported member 'useRuntimeIsReady'. Did you mean to use 'import useRuntimeIsReady from "#/*"' instead?
frontend/src/hooks/use-terminal.ts(6,10): error TS2614: Module '"#/*"' has no exported member 'useWsClient'. Did you mean to use 'import useWsClient from "#/*"' instead?
frontend/src/hooks/use-terminal.ts(7,10): error TS2614: Module '"#/*"' has no exported member 'getTerminalCommand'. Did you mean to use 'import getTerminalCommand from "#/*"' instead?
frontend/src/hooks/use-terminal.ts(8,10): error TS2614: Module '"#/*"' has no exported member 'parseTerminalOutput'. Did you mean to use 'import parseTerminalOutput from "#/*"' instead?
frontend/src/hooks/use-user-providers.ts(2,10): error TS2614: Module '"#/*"' has no exported member 'convertRawProvidersToList'. Did you mean to use 'import convertRawProvidersToList from "#/*"' instead?
frontend/src/hooks/use-user-providers.ts(3,29): error TS2835: Relative import paths need explicit file extensions in ECMAScript imports when '--moduleResolution' is 'node16' or 'nodenext'. Did you mean './query/use-settings.js'?
frontend/src/hooks/use-ws-events.ts(2,10): error TS2614: Module '"#/*"' has no exported member 'useWsClient'. Did you mean to use 'import useWsClient from "#/*"' instead?
frontend/src/hooks/use-ws-events.ts(3,10): error TS2614: Module '"#/*"' has no exported member 'OpenHandsAction'. Did you mean to use 'import OpenHandsAction from "#/*"' instead?
frontend/src/hooks/use-ws-events.ts(3,27): error TS2614: Module '"#/*"' has no exported member 'OpenHandsObservation'. Did you mean to use 'import OpenHandsObservation from "#/*"' instead?
frontend/src/hooks/use-ws-events.ts(4,10): error TS2614: Module '"#/*"' has no exported member 'isStreamingChunkAction'. Did you mean to use 'import isStreamingChunkAction from "#/*"' instead?
frontend/src/hooks/use-ws-events.ts(4,34): error TS2614: Module '"#/*"' has no exported member 'isFileWriteAction'. Did you mean to use 'import isFileWriteAction from "#/*"' instead?
frontend/src/hooks/use-ws-events.ts(4,53): error TS2614: Module '"#/*"' has no exported member 'isFileEditAction'. Did you mean to use 'import isFileEditAction from "#/*"' instead?
frontend/src/hooks/use-ws-events.ts(53,51): error TS7006: Parameter 'chunk' implicitly has an 'any' type.
frontend/src/hooks/useNotification.ts(3,29): error TS2835: Relative import paths need explicit file extensions in ECMAScript imports when '--moduleResolution' is 'node16' or 'nodenext'. Did you mean './query/use-settings.js'?
frontend/src/ignore-task-state-map.constant.ts(1,28): error TS2835: Relative import paths need explicit file extensions in ECMAScript imports when '--moduleResolution' is 'node16' or 'nodenext'. Did you mean './types/agent-state.js'?
frontend/src/main.tsx(6,19): error TS2835: Relative import paths need explicit file extensions in ECMAScript imports when '--moduleResolution' is 'node16' or 'nodenext'. Did you mean './store.js'?
frontend/src/main.tsx(7,29): error TS2835: Relative import paths need explicit file extensions in ECMAScript imports when '--moduleResolution' is 'node16' or 'nodenext'. Did you mean './query-client-config.js'?
frontend/src/main.tsx(13,5): error TS17004: Cannot use JSX unless the '--jsx' flag is provided.
frontend/src/main.tsx(20,7): error TS17004: Cannot use JSX unless the '--jsx' flag is provided.
frontend/src/main.tsx(28,9): error TS17004: Cannot use JSX unless the '--jsx' flag is provided.
frontend/src/main.tsx(36,9): error TS17004: Cannot use JSX unless the '--jsx' flag is provided.
frontend/src/main.tsx(37,11): error TS17004: Cannot use JSX unless the '--jsx' flag is provided.
frontend/src/main.tsx(47,7): error TS17004: Cannot use JSX unless the '--jsx' flag is provided.
frontend/src/main.tsx(48,7): error TS17004: Cannot use JSX unless the '--jsx' flag is provided.
frontend/src/main.tsx(78,9): error TS17004: Cannot use JSX unless the '--jsx' flag is provided.
frontend/src/main.tsx(90,11): error TS17004: Cannot use JSX unless the '--jsx' flag is provided.
frontend/src/main.tsx(91,11): error TS17004: Cannot use JSX unless the '--jsx' flag is provided.
frontend/src/main.tsx(95,11): error TS17004: Cannot use JSX unless the '--jsx' flag is provided.
frontend/src/main.tsx(96,13): error TS17004: Cannot use JSX unless the '--jsx' flag is provided.
frontend/src/main.tsx(112,3): error TS17004: Cannot use JSX unless the '--jsx' flag is provided.
frontend/src/main.tsx(113,5): error TS17004: Cannot use JSX unless the '--jsx' flag is provided.
frontend/src/main.tsx(114,7): error TS17004: Cannot use JSX unless the '--jsx' flag is provided.
frontend/src/main.tsx(115,9): error TS17004: Cannot use JSX unless the '--jsx' flag is provided.
frontend/src/main.tsx(116,11): error TS17004: Cannot use JSX unless the '--jsx' flag is provided.
frontend/src/main.tsx(116,31): error TS17004: Cannot use JSX unless the '--jsx' flag is provided.
frontend/src/main.tsx(117,13): error TS17004: Cannot use JSX unless the '--jsx' flag is provided.
frontend/src/mocks/browser.ts(2,40): error TS2307: Cannot find module './handlers.ws' or its corresponding type declarations.
frontend/src/mocks/browser.ts(3,26): error TS2835: Relative import paths need explicit file extensions in ECMAScript imports when '--moduleResolution' is 'node16' or 'nodenext'. Did you mean './handlers.js'?
frontend/src/mocks/git-repository-handlers.ts(2,10): error TS2614: Module '"#/*"' has no exported member 'GitRepository'. Did you mean to use 'import GitRepository from "#/*"' instead?
frontend/src/mocks/git-repository-handlers.ts(2,25): error TS2614: Module '"#/*"' has no exported member 'Branch'. Did you mean to use 'import Branch from "#/*"' instead?
frontend/src/mocks/git-repository-handlers.ts(2,33): error TS2614: Module '"#/*"' has no exported member 'PaginatedBranchesResponse'. Did you mean to use 'import PaginatedBranchesResponse from "#/*"' instead?
frontend/src/mocks/git-repository-handlers.ts(3,10): error TS2614: Module '"#/*"' has no exported member 'Provider'. Did you mean to use 'import Provider from "#/*"' instead?
frontend/src/mocks/git-repository-handlers.ts(4,10): error TS2614: Module '"#/*"' has no exported member 'RepositoryMicroagent'. Did you mean to use 'import RepositoryMicroagent from "#/*"' instead?
frontend/src/mocks/git-repository-handlers.ts(5,10): error TS2614: Module '"#/*"' has no exported member 'MicroagentContentResponse'. Did you mean to use 'import MicroagentContentResponse from "#/*"' instead?
frontend/src/mocks/handlers.ts(3,3): error TS2614: Module '"#/*"' has no exported member 'GetConfigResponse'. Did you mean to use 'import GetConfigResponse from "#/*"' instead?
frontend/src/mocks/handlers.ts(4,3): error TS2614: Module '"#/*"' has no exported member 'Conversation'. Did you mean to use 'import Conversation from "#/*"' instead?
frontend/src/mocks/handlers.ts(5,3): error TS2614: Module '"#/*"' has no exported member 'ResultSet'. Did you mean to use 'import ResultSet from "#/*"' instead?
frontend/src/mocks/handlers.ts(7,10): error TS2614: Module '"#/*"' has no exported member 'DEFAULT_SETTINGS'. Did you mean to use 'import DEFAULT_SETTINGS from "#/*"' instead?
frontend/src/mocks/handlers.ts(8,41): error TS2835: Relative import paths need explicit file extensions in ECMAScript imports when '--moduleResolution' is 'node16' or 'nodenext'. Did you mean './billing-handlers.js'?
frontend/src/mocks/handlers.ts(9,10): error TS2614: Module '"#/*"' has no exported member 'ApiSettings'. Did you mean to use 'import ApiSettings from "#/*"' instead?
frontend/src/mocks/handlers.ts(9,23): error TS2614: Module '"#/*"' has no exported member 'PostApiSettings'. Did you mean to use 'import PostApiSettings from "#/*"' instead?
frontend/src/mocks/handlers.ts(9,40): error TS2614: Module '"#/*"' has no exported member 'Provider'. Did you mean to use 'import Provider from "#/*"' instead?
frontend/src/mocks/handlers.ts(10,39): error TS2835: Relative import paths need explicit file extensions in ECMAScript imports when '--moduleResolution' is 'node16' or 'nodenext'. Did you mean './file-service-handlers.js'?
frontend/src/mocks/handlers.ts(11,10): error TS2614: Module '"#/*"' has no exported member 'GitUser'. Did you mean to use 'import GitUser from "#/*"' instead?
frontend/src/mocks/handlers.ts(12,43): error TS2835: Relative import paths need explicit file extensions in ECMAScript imports when '--moduleResolution' is 'node16' or 'nodenext'. Did you mean './task-suggestions-handlers.js'?
frontend/src/mocks/handlers.ts(13,34): error TS2835: Relative import paths need explicit file extensions in ECMAScript imports when '--moduleResolution' is 'node16' or 'nodenext'. Did you mean './secrets-handlers.js'?
frontend/src/mocks/handlers.ts(14,41): error TS2835: Relative import paths need explicit file extensions in ECMAScript imports when '--moduleResolution' is 'node16' or 'nodenext'. Did you mean './git-repository-handlers.js'?
frontend/src/mocks/handlers.ws.ts(3,10): error TS2614: Module '"#/*"' has no exported member 'AgentState'. Did you mean to use 'import AgentState from "#/*"' instead?
frontend/src/mocks/handlers.ws.ts(4,10): error TS2614: Module '"#/*"' has no exported member 'InitConfig'. Did you mean to use 'import InitConfig from "#/*"' instead?
frontend/src/mocks/handlers.ws.ts(5,33): error TS2307: Cannot find module './session-history.mock' or its corresponding type declarations.
frontend/src/mocks/handlers.ws.ts(10,8): error TS2835: Relative import paths need explicit file extensions in ECMAScript imports when '--moduleResolution' is 'node16' or 'nodenext'. Did you mean './mock-ws-helpers.js'?
frontend/src/mocks/mock-ws-helpers.ts(2,10): error TS2614: Module '"#/*"' has no exported member 'AgentState'. Did you mean to use 'import AgentState from "#/*"' instead?
frontend/src/mocks/mock-ws-helpers.ts(4,3): error TS2614: Module '"#/*"' has no exported member 'AssistantMessageAction'. Did you mean to use 'import AssistantMessageAction from "#/*"' instead?
frontend/src/mocks/mock-ws-helpers.ts(5,3): error TS2614: Module '"#/*"' has no exported member 'UserMessageAction'. Did you mean to use 'import UserMessageAction from "#/*"' instead?
frontend/src/mocks/mock-ws-helpers.ts(7,10): error TS2614: Module '"#/*"' has no exported member 'AgentStateChangeObservation'. Did you mean to use 'import AgentStateChangeObservation from "#/*"' instead?
frontend/src/mocks/mock-ws-helpers.ts(8,37): error TS2307: Cannot find module './session-history.mock' or its corresponding type declarations.
frontend/src/mocks/node.ts(2,26): error TS2835: Relative import paths need explicit file extensions in ECMAScript imports when '--moduleResolution' is 'node16' or 'nodenext'. Did you mean './handlers.js'?
frontend/src/mocks/secrets-handlers.ts(2,10): error TS2614: Module '"#/*"' has no exported member 'CustomSecret'. Did you mean to use 'import CustomSecret from "#/*"' instead?
frontend/src/mocks/secrets-handlers.ts(2,24): error TS2614: Module '"#/*"' has no exported member 'GetSecretsResponse'. Did you mean to use 'import GetSecretsResponse from "#/*"' instead?
frontend/src/mocks/task-suggestions-handlers.ts(2,10): error TS2614: Module '"#/*"' has no exported member 'SuggestedTask'. Did you mean to use 'import SuggestedTask from "#/*"' instead?
frontend/src/query-client-config.ts(4,10): error TS2614: Module '"#/*"' has no exported member 'I18nKey'. Did you mean to use 'import I18nKey from "#/*"' instead?
frontend/src/query-client-config.ts(5,43): error TS2835: Relative import paths need explicit file extensions in ECMAScript imports when '--moduleResolution' is 'node16' or 'nodenext'. Did you mean './utils/retrieve-axios-error-message.js'?
frontend/src/query-client-config.ts(6,35): error TS2835: Relative import paths need explicit file extensions in ECMAScript imports when '--moduleResolution' is 'node16' or 'nodenext'. Did you mean './utils/custom-toast-handlers.js'?
frontend/src/root.tsx(13,27): error TS2835: Relative import paths need explicit file extensions in ECMAScript imports when '--moduleResolution' is 'node16' or 'nodenext'. Did you mean './components/ToasterClient.js'?
frontend/src/root.tsx(14,31): error TS2835: Relative import paths need explicit file extensions in ECMAScript imports when '--moduleResolution' is 'node16' or 'nodenext'. Did you mean './context/theme-context.js'?
frontend/src/root.tsx(18,5): error TS17004: Cannot use JSX unless the '--jsx' flag is provided.
frontend/src/root.tsx(19,7): error TS17004: Cannot use JSX unless the '--jsx' flag is provided.
frontend/src/root.tsx(20,7): error TS17004: Cannot use JSX unless the '--jsx' flag is provided.
frontend/src/root.tsx(22,7): error TS17004: Cannot use JSX unless the '--jsx' flag is provided.
frontend/src/root.tsx(23,7): error TS17004: Cannot use JSX unless the '--jsx' flag is provided.
frontend/src/root.tsx(24,7): error TS17004: Cannot use JSX unless the '--jsx' flag is provided.
frontend/src/root.tsx(65,5): error TS17004: Cannot use JSX unless the '--jsx' flag is provided.
frontend/src/root.tsx(75,7): error TS17004: Cannot use JSX unless the '--jsx' flag is provided.
frontend/src/root.tsx(76,9): error TS17004: Cannot use JSX unless the '--jsx' flag is provided.
frontend/src/root.tsx(87,9): error TS17004: Cannot use JSX unless the '--jsx' flag is provided.
frontend/src/root.tsx(89,7): error TS17004: Cannot use JSX unless the '--jsx' flag is provided.
frontend/src/root.tsx(128,10): error TS17004: Cannot use JSX unless the '--jsx' flag is provided.
frontend/src/routes/__tests__/slack-settings.test.tsx(6,33): error TS2835: Relative import paths need explicit file extensions in ECMAScript imports when '--moduleResolution' is 'node16' or 'nodenext'. Did you mean '../slack-settings.js'?
frontend/src/routes/__tests__/slack-settings.test.tsx(21,23): error TS17004: Cannot use JSX unless the '--jsx' flag is provided.
frontend/src/routes/__tests__/slack-settings.test.tsx(22,17): error TS17004: Cannot use JSX unless the '--jsx' flag is provided.
frontend/src/routes/__tests__/slack-settings.test.tsx(23,22): error TS17004: Cannot use JSX unless the '--jsx' flag is provided.
frontend/src/routes/__tests__/slack-settings.test.tsx(24,18): error TS17004: Cannot use JSX unless the '--jsx' flag is provided.
frontend/src/routes/__tests__/slack-settings.test.tsx(25,15): error TS17004: Cannot use JSX unless the '--jsx' flag is provided.
frontend/src/routes/__tests__/slack-settings.test.tsx(43,7): error TS17004: Cannot use JSX unless the '--jsx' flag is provided.
frontend/src/routes/__tests__/slack-settings.test.tsx(50,24): error TS2339: Property 'listSlackWorkspaces' does not exist on type 'typeof import("#/*", { with: { "resolution-mode": "import" } })'.
frontend/src/routes/__tests__/slack-settings.test.tsx(54,27): error TS17004: Cannot use JSX unless the '--jsx' flag is provided.
frontend/src/routes/__tests__/slack-settings.test.tsx(60,24): error TS2339: Property 'listSlackWorkspaces' does not exist on type 'typeof import("#/*", { with: { "resolution-mode": "import" } })'.
frontend/src/routes/__tests__/slack-settings.test.tsx(62,27): error TS17004: Cannot use JSX unless the '--jsx' flag is provided.
frontend/src/routes/__tests__/slack-settings.test.tsx(75,24): error TS2339: Property 'listSlackWorkspaces' does not exist on type 'typeof import("#/*", { with: { "resolution-mode": "import" } })'.
frontend/src/routes/__tests__/slack-settings.test.tsx(77,27): error TS17004: Cannot use JSX unless the '--jsx' flag is provided.
frontend/src/routes/__tests__/slack-settings.test.tsx(86,28): error TS2339: Property 'setup' does not exist on type 'typeof import("C:/Users/GIGABYTE/Desktop/Forge/frontend/node_modules/@testing-library/user-event/dist/types/index")'.
frontend/src/routes/__tests__/slack-settings.test.tsx(89,24): error TS2339: Property 'listSlackWorkspaces' does not exist on type 'typeof import("#/*", { with: { "resolution-mode": "import" } })'.
frontend/src/routes/__tests__/slack-settings.test.tsx(90,24): error TS2339: Property 'getSlackInstallUrl' does not exist on type 'typeof import("#/*", { with: { "resolution-mode": "import" } })'.
frontend/src/routes/__tests__/slack-settings.test.tsx(98,27): error TS17004: Cannot use JSX unless the '--jsx' flag is provided.
frontend/src/routes/__tests__/slack-settings.test.tsx(104,23): error TS2339: Property 'getSlackInstallUrl' does not exist on type 'typeof import("#/*", { with: { "resolution-mode": "import" } })'.
frontend/src/routes/__tests__/slack-settings.test.tsx(109,28): error TS2339: Property 'setup' does not exist on type 'typeof import("C:/Users/GIGABYTE/Desktop/Forge/frontend/node_modules/@testing-library/user-event/dist/types/index")'.
frontend/src/routes/__tests__/slack-settings.test.tsx(114,24): error TS2339: Property 'listSlackWorkspaces' does not exist on type 'typeof import("#/*", { with: { "resolution-mode": "import" } })'.
frontend/src/routes/__tests__/slack-settings.test.tsx(115,24): error TS2339: Property 'uninstallSlackWorkspace' does not exist on type 'typeof import("#/*", { with: { "resolution-mode": "import" } })'.
frontend/src/routes/__tests__/slack-settings.test.tsx(120,27): error TS17004: Cannot use JSX unless the '--jsx' flag is provided.
frontend/src/routes/__tests__/slack-settings.test.tsx(130,23): error TS2339: Property 'uninstallSlackWorkspace' does not exist on type 'typeof import("#/*", { with: { "resolution-mode": "import" } })'.
frontend/src/routes/__tests__/slack-settings.test.tsx(135,24): error TS2339: Property 'listSlackWorkspaces' does not exist on type 'typeof import("#/*", { with: { "resolution-mode": "import" } })'.
frontend/src/routes/__tests__/slack-settings.test.tsx(137,27): error TS17004: Cannot use JSX unless the '--jsx' flag is provided.
frontend/src/routes/__tests__/slack-settings.test.tsx(147,24): error TS2339: Property 'listSlackWorkspaces' does not exist on type 'typeof import("#/*", { with: { "resolution-mode": "import" } })'.
frontend/src/routes/__tests__/slack-settings.test.tsx(149,27): error TS17004: Cannot use JSX unless the '--jsx' flag is provided.
frontend/src/routes/__tests__/slack-settings.test.tsx(159,24): error TS2339: Property 'listSlackWorkspaces' does not exist on type 'typeof import("#/*", { with: { "resolution-mode": "import" } })'.
frontend/src/routes/__tests__/slack-settings.test.tsx(161,27): error TS17004: Cannot use JSX unless the '--jsx' flag is provided.
frontend/src/routes/about.tsx(3,10): error TS2614: Module '"#/*"' has no exported member 'I18nKey'. Did you mean to use 'import I18nKey from "#/*"' instead?
frontend/src/routes/about.tsx(8,5): error TS17004: Cannot use JSX unless the '--jsx' flag is provided.
frontend/src/routes/about.tsx(9,7): error TS17004: Cannot use JSX unless the '--jsx' flag is provided.
frontend/src/routes/about.tsx(10,9): error TS17004: Cannot use JSX unless the '--jsx' flag is provided.
frontend/src/routes/about.tsx(11,11): error TS17004: Cannot use JSX unless the '--jsx' flag is provided.
frontend/src/routes/about.tsx(17,11): error TS17004: Cannot use JSX unless the '--jsx' flag is provided.
frontend/src/routes/about.tsx(20,9): error TS17004: Cannot use JSX unless the '--jsx' flag is provided.
frontend/src/routes/about.tsx(21,11): error TS17004: Cannot use JSX unless the '--jsx' flag is provided.
frontend/src/routes/about.tsx(25,11): error TS17004: Cannot use JSX unless the '--jsx' flag is provided.
frontend/src/routes/about.tsx(26,13): error TS17004: Cannot use JSX unless the '--jsx' flag is provided.
frontend/src/routes/about.tsx(27,13): error TS17004: Cannot use JSX unless the '--jsx' flag is provided.
frontend/src/routes/about.tsx(35,11): error TS17004: Cannot use JSX unless the '--jsx' flag is provided.
frontend/src/routes/about.tsx(36,13): error TS17004: Cannot use JSX unless the '--jsx' flag is provided.
frontend/src/routes/about.tsx(37,13): error TS17004: Cannot use JSX unless the '--jsx' flag is provided.
frontend/src/routes/about.tsx(38,15): error TS17004: Cannot use JSX unless the '--jsx' flag is provided.
frontend/src/routes/about.tsx(39,17): error TS17004: Cannot use JSX unless the '--jsx' flag is provided.
frontend/src/routes/about.tsx(40,17): error TS17004: Cannot use JSX unless the '--jsx' flag is provided.
frontend/src/routes/about.tsx(46,15): error TS17004: Cannot use JSX unless the '--jsx' flag is provided.
frontend/src/routes/about.tsx(47,17): error TS17004: Cannot use JSX unless the '--jsx' flag is provided.
frontend/src/routes/about.tsx(48,17): error TS17004: Cannot use JSX unless the '--jsx' flag is provided.
frontend/src/routes/about.tsx(54,15): error TS17004: Cannot use JSX unless the '--jsx' flag is provided.
frontend/src/routes/about.tsx(55,17): error TS17004: Cannot use JSX unless the '--jsx' flag is provided.
frontend/src/routes/about.tsx(56,17): error TS17004: Cannot use JSX unless the '--jsx' flag is provided.
frontend/src/routes/about.tsx(62,15): error TS17004: Cannot use JSX unless the '--jsx' flag is provided.
frontend/src/routes/about.tsx(63,17): error TS17004: Cannot use JSX unless the '--jsx' flag is provided.
frontend/src/routes/about.tsx(64,17): error TS17004: Cannot use JSX unless the '--jsx' flag is provided.
frontend/src/routes/accept-tos.tsx(5,10): error TS2614: Module '"#/*"' has no exported member 'I18nKey'. Did you mean to use 'import I18nKey from "#/*"' instead?
frontend/src/routes/accept-tos.tsx(7,10): error TS2614: Module '"#/*"' has no exported member 'TOSCheckbox'. Did you mean to use 'import TOSCheckbox from "#/*"' instead?
frontend/src/routes/accept-tos.tsx(8,10): error TS2614: Module '"#/*"' has no exported member 'BrandButton'. Did you mean to use 'import BrandButton from "#/*"' instead?
frontend/src/routes/accept-tos.tsx(9,10): error TS2614: Module '"#/*"' has no exported member 'handleCaptureConsent'. Did you mean to use 'import handleCaptureConsent from "#/*"' instead?
frontend/src/routes/accept-tos.tsx(10,10): error TS2614: Module '"#/*"' has no exported member 'openHands'. Did you mean to use 'import openHands from "#/*"' instead?
frontend/src/routes/accept-tos.tsx(60,5): error TS17004: Cannot use JSX unless the '--jsx' flag is provided.
frontend/src/routes/accept-tos.tsx(61,7): error TS17004: Cannot use JSX unless the '--jsx' flag is provided.
frontend/src/routes/accept-tos.tsx(62,9): error TS17004: Cannot use JSX unless the '--jsx' flag is provided.
frontend/src/routes/accept-tos.tsx(69,9): error TS17004: Cannot use JSX unless the '--jsx' flag is provided.
frontend/src/routes/accept-tos.tsx(70,11): error TS17004: Cannot use JSX unless the '--jsx' flag is provided.
frontend/src/routes/accept-tos.tsx(73,11): error TS17004: Cannot use JSX unless the '--jsx' flag is provided.
frontend/src/routes/accept-tos.tsx(78,9): error TS17004: Cannot use JSX unless the '--jsx' flag is provided.
frontend/src/routes/accept-tos.tsx(80,9): error TS17004: Cannot use JSX unless the '--jsx' flag is provided.
frontend/src/routes/analytics-settings.tsx(12,10): error TS2614: Module '"#/*"' has no exported member 'useAnalyticsDashboard'. Did you mean to use 'import useAnalyticsDashboard from "#/*"' instead?
frontend/src/routes/analytics-settings.tsx(13,10): error TS2614: Module '"#/*"' has no exported member 'StatCard'. Did you mean to use 'import StatCard from "#/*"' instead?
frontend/src/routes/analytics-settings.tsx(14,10): error TS2614: Module '"#/*"' has no exported member 'CostChart'. Did you mean to use 'import CostChart from "#/*"' instead?
frontend/src/routes/analytics-settings.tsx(15,10): error TS2614: Module '"#/*"' has no exported member 'ModelUsageTable'. Did you mean to use 'import ModelUsageTable from "#/*"' instead?
frontend/src/routes/analytics-settings.tsx(16,10): error TS2614: Module '"#/*"' has no exported member 'exportAnalytics'. Did you mean to use 'import exportAnalytics from "#/*"' instead?
frontend/src/routes/analytics-settings.tsx(18,3): error TS2614: Module '"#/*"' has no exported member 'displayErrorToast'. Did you mean to use 'import displayErrorToast from "#/*"' instead?
frontend/src/routes/analytics-settings.tsx(19,3): error TS2614: Module '"#/*"' has no exported member 'displaySuccessToast'. Did you mean to use 'import displaySuccessToast from "#/*"' instead?
frontend/src/routes/analytics-settings.tsx(21,15): error TS2614: Module '"#/*"' has no exported member 'AnalyticsPeriod'. Did you mean to use 'import AnalyticsPeriod from "#/*"' instead?
frontend/src/routes/analytics-settings.tsx(56,7): error TS17004: Cannot use JSX unless the '--jsx' flag is provided.
frontend/src/routes/analytics-settings.tsx(57,9): error TS17004: Cannot use JSX unless the '--jsx' flag is provided.
frontend/src/routes/analytics-settings.tsx(58,11): error TS17004: Cannot use JSX unless the '--jsx' flag is provided.
frontend/src/routes/analytics-settings.tsx(59,11): error TS17004: Cannot use JSX unless the '--jsx' flag is provided.
frontend/src/routes/analytics-settings.tsx(67,7): error TS17004: Cannot use JSX unless the '--jsx' flag is provided.
frontend/src/routes/analytics-settings.tsx(68,9): error TS17004: Cannot use JSX unless the '--jsx' flag is provided.
frontend/src/routes/analytics-settings.tsx(69,11): error TS17004: Cannot use JSX unless the '--jsx' flag is provided.
frontend/src/routes/analytics-settings.tsx(70,13): error TS17004: Cannot use JSX unless the '--jsx' flag is provided.
frontend/src/routes/analytics-settings.tsx(72,11): error TS17004: Cannot use JSX unless the '--jsx' flag is provided.
frontend/src/routes/analytics-settings.tsx(73,11): error TS17004: Cannot use JSX unless the '--jsx' flag is provided.
frontend/src/routes/analytics-settings.tsx(76,11): error TS17004: Cannot use JSX unless the '--jsx' flag is provided.
frontend/src/routes/analytics-settings.tsx(90,7): error TS17004: Cannot use JSX unless the '--jsx' flag is provided.
frontend/src/routes/analytics-settings.tsx(91,9): error TS17004: Cannot use JSX unless the '--jsx' flag is provided.
frontend/src/routes/analytics-settings.tsx(92,11): error TS17004: Cannot use JSX unless the '--jsx' flag is provided.
frontend/src/routes/analytics-settings.tsx(93,13): error TS17004: Cannot use JSX unless the '--jsx' flag is provided.
frontend/src/routes/analytics-settings.tsx(95,11): error TS17004: Cannot use JSX unless the '--jsx' flag is provided.
frontend/src/routes/analytics-settings.tsx(96,11): error TS17004: Cannot use JSX unless the '--jsx' flag is provided.
frontend/src/routes/analytics-settings.tsx(105,5): error TS17004: Cannot use JSX unless the '--jsx' flag is provided.
frontend/src/routes/analytics-settings.tsx(107,7): error TS17004: Cannot use JSX unless the '--jsx' flag is provided.
frontend/src/routes/analytics-settings.tsx(108,9): error TS17004: Cannot use JSX unless the '--jsx' flag is provided.
frontend/src/routes/analytics-settings.tsx(109,11): error TS17004: Cannot use JSX unless the '--jsx' flag is provided.
frontend/src/routes/analytics-settings.tsx(110,11): error TS17004: Cannot use JSX unless the '--jsx' flag is provided.
frontend/src/routes/analytics-settings.tsx(111,13): error TS17004: Cannot use JSX unless the '--jsx' flag is provided.
frontend/src/routes/analytics-settings.tsx(112,13): error TS17004: Cannot use JSX unless the '--jsx' flag is provided.
frontend/src/routes/analytics-settings.tsx(118,9): error TS17004: Cannot use JSX unless the '--jsx' flag is provided.
frontend/src/routes/analytics-settings.tsx(120,11): error TS17004: Cannot use JSX unless the '--jsx' flag is provided.
frontend/src/routes/analytics-settings.tsx(122,15): error TS17004: Cannot use JSX unless the '--jsx' flag is provided.
frontend/src/routes/analytics-settings.tsx(138,11): error TS17004: Cannot use JSX unless the '--jsx' flag is provided.
frontend/src/routes/analytics-settings.tsx(139,13): error TS17004: Cannot use JSX unless the '--jsx' flag is provided.
frontend/src/routes/analytics-settings.tsx(143,15): error TS17004: Cannot use JSX unless the '--jsx' flag is provided.
frontend/src/routes/analytics-settings.tsx(147,13): error TS17004: Cannot use JSX unless the '--jsx' flag is provided.
frontend/src/routes/analytics-settings.tsx(148,15): error TS17004: Cannot use JSX unless the '--jsx' flag is provided.
frontend/src/routes/analytics-settings.tsx(155,15): error TS17004: Cannot use JSX unless the '--jsx' flag is provided.
frontend/src/routes/analytics-settings.tsx(166,11): error TS17004: Cannot use JSX unless the '--jsx' flag is provided.
frontend/src/routes/analytics-settings.tsx(172,13): error TS17004: Cannot use JSX unless the '--jsx' flag is provided.
frontend/src/routes/analytics-settings.tsx(178,7): error TS17004: Cannot use JSX unless the '--jsx' flag is provided.
frontend/src/routes/analytics-settings.tsx(179,9): error TS17004: Cannot use JSX unless the '--jsx' flag is provided.
frontend/src/routes/analytics-settings.tsx(185,9): error TS17004: Cannot use JSX unless the '--jsx' flag is provided.
frontend/src/routes/analytics-settings.tsx(191,9): error TS17004: Cannot use JSX unless the '--jsx' flag is provided.
frontend/src/routes/analytics-settings.tsx(197,9): error TS17004: Cannot use JSX unless the '--jsx' flag is provided.
frontend/src/routes/analytics-settings.tsx(206,7): error TS17004: Cannot use JSX unless the '--jsx' flag is provided.
frontend/src/routes/analytics-settings.tsx(208,9): error TS17004: Cannot use JSX unless the '--jsx' flag is provided.
frontend/src/routes/analytics-settings.tsx(211,9): error TS17004: Cannot use JSX unless the '--jsx' flag is provided.
frontend/src/routes/analytics-settings.tsx(212,11): error TS17004: Cannot use JSX unless the '--jsx' flag is provided.
frontend/src/routes/analytics-settings.tsx(216,11): error TS17004: Cannot use JSX unless the '--jsx' flag is provided.
frontend/src/routes/analytics-settings.tsx(217,13): error TS17004: Cannot use JSX unless the '--jsx' flag is provided.
frontend/src/routes/analytics-settings.tsx(218,15): error TS17004: Cannot use JSX unless the '--jsx' flag is provided.
frontend/src/routes/analytics-settings.tsx(219,15): error TS17004: Cannot use JSX unless the '--jsx' flag is provided.
frontend/src/routes/analytics-settings.tsx(224,13): error TS17004: Cannot use JSX unless the '--jsx' flag is provided.
frontend/src/routes/analytics-settings.tsx(225,15): error TS17004: Cannot use JSX unless the '--jsx' flag is provided.
frontend/src/routes/analytics-settings.tsx(226,15): error TS17004: Cannot use JSX unless the '--jsx' flag is provided.
frontend/src/routes/analytics-settings.tsx(231,13): error TS17004: Cannot use JSX unless the '--jsx' flag is provided.
frontend/src/routes/analytics-settings.tsx(232,15): error TS17004: Cannot use JSX unless the '--jsx' flag is provided.
frontend/src/routes/analytics-settings.tsx(233,15): error TS17004: Cannot use JSX unless the '--jsx' flag is provided.
frontend/src/routes/analytics-settings.tsx(240,15): error TS17004: Cannot use JSX unless the '--jsx' flag is provided.
frontend/src/routes/analytics-settings.tsx(241,17): error TS17004: Cannot use JSX unless the '--jsx' flag is provided.
frontend/src/routes/analytics-settings.tsx(244,17): error TS17004: Cannot use JSX unless the '--jsx' flag is provided.
frontend/src/routes/analytics-settings.tsx(245,84): error TS7006: Parameter 'req' implicitly has an 'any' type.
frontend/src/routes/analytics-settings.tsx(245,89): error TS7006: Parameter 'idx' implicitly has an 'any' type.
frontend/src/routes/analytics-settings.tsx(246,21): error TS17004: Cannot use JSX unless the '--jsx' flag is provided.
frontend/src/routes/analytics-settings.tsx(250,23): error TS17004: Cannot use JSX unless the '--jsx' flag is provided.
frontend/src/routes/analytics-settings.tsx(253,23): error TS17004: Cannot use JSX unless the '--jsx' flag is provided.
frontend/src/routes/analytics-settings.tsx(266,7): error TS17004: Cannot use JSX unless the '--jsx' flag is provided.
frontend/src/routes/analytics-settings.tsx(270,9): error TS17004: Cannot use JSX unless the '--jsx' flag is provided.
frontend/src/routes/analytics-settings.tsx(271,11): error TS17004: Cannot use JSX unless the '--jsx' flag is provided.
frontend/src/routes/analytics-settings.tsx(275,11): error TS17004: Cannot use JSX unless the '--jsx' flag is provided.
frontend/src/routes/analytics-settings.tsx(276,70): error TS7006: Parameter 'conv' implicitly has an 'any' type.
frontend/src/routes/analytics-settings.tsx(276,76): error TS7006: Parameter 'idx' implicitly has an 'any' type.
frontend/src/routes/analytics-settings.tsx(277,15): error TS17004: Cannot use JSX unless the '--jsx' flag is provided.
frontend/src/routes/analytics-settings.tsx(281,17): error TS17004: Cannot use JSX unless the '--jsx' flag is provided.
frontend/src/routes/analytics-settings.tsx(282,19): error TS17004: Cannot use JSX unless the '--jsx' flag is provided.
frontend/src/routes/analytics-settings.tsx(285,19): error TS17004: Cannot use JSX unless the '--jsx' flag is provided.
frontend/src/routes/analytics-settings.tsx(286,21): error TS17004: Cannot use JSX unless the '--jsx' flag is provided.
frontend/src/routes/analytics-settings.tsx(289,21): error TS17004: Cannot use JSX unless the '--jsx' flag is provided.
frontend/src/routes/analytics-settings.tsx(294,17): error TS17004: Cannot use JSX unless the '--jsx' flag is provided.
frontend/src/routes/analytics-settings.tsx(304,7): error TS17004: Cannot use JSX unless the '--jsx' flag is provided.
frontend/src/routes/analytics-settings.tsx(305,9): error TS17004: Cannot use JSX unless the '--jsx' flag is provided.
frontend/src/routes/analytics-settings.tsx(306,11): error TS17004: Cannot use JSX unless the '--jsx' flag is provided.
frontend/src/routes/analytics-settings.tsx(310,9): error TS17004: Cannot use JSX unless the '--jsx' flag is provided.
frontend/src/routes/analytics-settings.tsx(311,11): error TS17004: Cannot use JSX unless the '--jsx' flag is provided.
frontend/src/routes/analytics-settings.tsx(312,13): error TS17004: Cannot use JSX unless the '--jsx' flag is provided.
frontend/src/routes/analytics-settings.tsx(315,13): error TS17004: Cannot use JSX unless the '--jsx' flag is provided.
frontend/src/routes/analytics-settings.tsx(318,13): error TS17004: Cannot use JSX unless the '--jsx' flag is provided.
frontend/src/routes/analytics-settings.tsx(323,11): error TS17004: Cannot use JSX unless the '--jsx' flag is provided.
frontend/src/routes/analytics-settings.tsx(324,13): error TS17004: Cannot use JSX unless the '--jsx' flag is provided.
frontend/src/routes/analytics-settings.tsx(327,13): error TS17004: Cannot use JSX unless the '--jsx' flag is provided.
frontend/src/routes/analytics-settings.tsx(330,13): error TS17004: Cannot use JSX unless the '--jsx' flag is provided.
frontend/src/routes/analytics-settings.tsx(335,11): error TS17004: Cannot use JSX unless the '--jsx' flag is provided.
frontend/src/routes/analytics-settings.tsx(336,13): error TS17004: Cannot use JSX unless the '--jsx' flag is provided.
frontend/src/routes/analytics-settings.tsx(339,13): error TS17004: Cannot use JSX unless the '--jsx' flag is provided.
frontend/src/routes/analytics-settings.tsx(344,13): error TS17004: Cannot use JSX unless the '--jsx' flag is provided.
frontend/src/routes/analytics-settings.tsx(352,7): error TS17004: Cannot use JSX unless the '--jsx' flag is provided.
frontend/src/routes/api-keys.tsx(2,10): error TS2614: Module '"#/*"' has no exported member 'ApiKeysManager'. Did you mean to use 'import ApiKeysManager from "#/*"' instead?
frontend/src/routes/api-keys.tsx(6,5): error TS17004: Cannot use JSX unless the '--jsx' flag is provided.
frontend/src/routes/api-keys.tsx(7,7): error TS17004: Cannot use JSX unless the '--jsx' flag is provided.
frontend/src/routes/app-settings.tsx(3,10): error TS2614: Module '"#/*"' has no exported member 'useSaveSettings'. Did you mean to use 'import useSaveSettings from "#/*"' instead?
frontend/src/routes/app-settings.tsx(4,10): error TS2614: Module '"#/*"' has no exported member 'useSettings'. Did you mean to use 'import useSettings from "#/*"' instead?
frontend/src/routes/app-settings.tsx(5,10): error TS2614: Module '"#/*"' has no exported member 'AvailableLanguages'. Did you mean to use 'import AvailableLanguages from "#/*"' instead?
frontend/src/routes/app-settings.tsx(6,10): error TS2614: Module '"#/*"' has no exported member 'DEFAULT_SETTINGS'. Did you mean to use 'import DEFAULT_SETTINGS from "#/*"' instead?
frontend/src/routes/app-settings.tsx(7,10): error TS2614: Module '"#/*"' has no exported member 'BrandButton'. Did you mean to use 'import BrandButton from "#/*"' instead?
frontend/src/routes/app-settings.tsx(8,10): error TS2614: Module '"#/*"' has no exported member 'SettingsSwitch'. Did you mean to use 'import SettingsSwitch from "#/*"' instead?
frontend/src/routes/app-settings.tsx(9,10): error TS2614: Module '"#/*"' has no exported member 'SettingsInput'. Did you mean to use 'import SettingsInput from "#/*"' instead?
frontend/src/routes/app-settings.tsx(10,10): error TS2614: Module '"#/*"' has no exported member 'I18nKey'. Did you mean to use 'import I18nKey from "#/*"' instead?
frontend/src/routes/app-settings.tsx(11,10): error TS2614: Module '"#/*"' has no exported member 'LanguageInput'. Did you mean to use 'import LanguageInput from "#/*"' instead?
frontend/src/routes/app-settings.tsx(12,10): error TS2614: Module '"#/*"' has no exported member 'handleCaptureConsent'. Did you mean to use 'import handleCaptureConsent from "#/*"' instead?
frontend/src/routes/app-settings.tsx(14,3): error TS2614: Module '"#/*"' has no exported member 'displayErrorToast'. Did you mean to use 'import displayErrorToast from "#/*"' instead?
frontend/src/routes/app-settings.tsx(15,3): error TS2614: Module '"#/*"' has no exported member 'displaySuccessToast'. Did you mean to use 'import displaySuccessToast from "#/*"' instead?
frontend/src/routes/app-settings.tsx(17,10): error TS2614: Module '"#/*"' has no exported member 'retrieveAxiosErrorMessage'. Did you mean to use 'import retrieveAxiosErrorMessage from "#/*"' instead?
frontend/src/routes/app-settings.tsx(18,10): error TS2614: Module '"#/*"' has no exported member 'AppSettingsInputsSkeleton'. Did you mean to use 'import AppSettingsInputsSkeleton from "#/*"' instead?
frontend/src/routes/app-settings.tsx(19,10): error TS2614: Module '"#/*"' has no exported member 'useConfig'. Did you mean to use 'import useConfig from "#/*"' instead?
frontend/src/routes/app-settings.tsx(20,10): error TS2614: Module '"#/*"' has no exported member 'parseMaxBudgetPerTask'. Did you mean to use 'import parseMaxBudgetPerTask from "#/*"' instead?
frontend/src/routes/app-settings.tsx(55,10): error TS7031: Binding element 'label' implicitly has an 'any' type.
frontend/src/routes/app-settings.tsx(99,19): error TS7006: Parameter 'error' implicitly has an 'any' type.
frontend/src/routes/app-settings.tsx(120,17): error TS7031: Binding element 'langValue' implicitly has an 'any' type.
frontend/src/routes/app-settings.tsx(123,17): error TS7031: Binding element 'langValue' implicitly has an 'any' type.
frontend/src/routes/app-settings.tsx(185,5): error TS17004: Cannot use JSX unless the '--jsx' flag is provided.
frontend/src/routes/app-settings.tsx(190,27): error TS17004: Cannot use JSX unless the '--jsx' flag is provided.
frontend/src/routes/app-settings.tsx(192,9): error TS17004: Cannot use JSX unless the '--jsx' flag is provided.
frontend/src/routes/app-settings.tsx(193,11): error TS17004: Cannot use JSX unless the '--jsx' flag is provided.
frontend/src/routes/app-settings.tsx(195,13): error TS17004: Cannot use JSX unless the '--jsx' flag is provided.
frontend/src/routes/app-settings.tsx(196,15): error TS17004: Cannot use JSX unless the '--jsx' flag is provided.
frontend/src/routes/app-settings.tsx(197,15): error TS17004: Cannot use JSX unless the '--jsx' flag is provided.
frontend/src/routes/app-settings.tsx(205,13): error TS17004: Cannot use JSX unless the '--jsx' flag is provided.
frontend/src/routes/app-settings.tsx(206,15): error TS17004: Cannot use JSX unless the '--jsx' flag is provided.
frontend/src/routes/app-settings.tsx(207,15): error TS17004: Cannot use JSX unless the '--jsx' flag is provided.
frontend/src/routes/app-settings.tsx(208,17): error TS17004: Cannot use JSX unless the '--jsx' flag is provided.
frontend/src/routes/app-settings.tsx(217,17): error TS17004: Cannot use JSX unless the '--jsx' flag is provided.
frontend/src/routes/app-settings.tsx(227,19): error TS17004: Cannot use JSX unless the '--jsx' flag is provided.
frontend/src/routes/app-settings.tsx(240,19): error TS17004: Cannot use JSX unless the '--jsx' flag is provided.
frontend/src/routes/app-settings.tsx(253,13): error TS17004: Cannot use JSX unless the '--jsx' flag is provided.
frontend/src/routes/app-settings.tsx(254,15): error TS17004: Cannot use JSX unless the '--jsx' flag is provided.
frontend/src/routes/app-settings.tsx(255,15): error TS17004: Cannot use JSX unless the '--jsx' flag is provided.
frontend/src/routes/app-settings.tsx(270,13): error TS17004: Cannot use JSX unless the '--jsx' flag is provided.
frontend/src/routes/app-settings.tsx(271,15): error TS17004: Cannot use JSX unless the '--jsx' flag is provided.
frontend/src/routes/app-settings.tsx(274,15): error TS17004: Cannot use JSX unless the '--jsx' flag is provided.
frontend/src/routes/app-settings.tsx(277,15): error TS17004: Cannot use JSX unless the '--jsx' flag is provided.
frontend/src/routes/app-settings.tsx(278,17): error TS17004: Cannot use JSX unless the '--jsx' flag is provided.
frontend/src/routes/app-settings.tsx(288,17): error TS17004: Cannot use JSX unless the '--jsx' flag is provided.
frontend/src/routes/app-settings.tsx(305,7): error TS17004: Cannot use JSX unless the '--jsx' flag is provided.
frontend/src/routes/app-settings.tsx(306,9): error TS17004: Cannot use JSX unless the '--jsx' flag is provided.
frontend/src/routes/app-settings.tsx(307,11): error TS17004: Cannot use JSX unless the '--jsx' flag is provided.
frontend/src/routes/app-settings.tsx(308,13): error TS17004: Cannot use JSX unless the '--jsx' flag is provided.
frontend/src/routes/backup-settings.tsx(7,10): error TS2614: Module '"#/*"' has no exported member 'useToast'. Did you mean to use 'import useToast from "#/*"' instead?
frontend/src/routes/backup-settings.tsx(7,20): error TS2614: Module '"#/*"' has no exported member 'ToastContainer'. Did you mean to use 'import ToastContainer from "#/*"' instead?
frontend/src/routes/backup-settings.tsx(96,5): error TS17004: Cannot use JSX unless the '--jsx' flag is provided.
frontend/src/routes/backup-settings.tsx(98,7): error TS17004: Cannot use JSX unless the '--jsx' flag is provided.
frontend/src/routes/backup-settings.tsx(99,9): error TS17004: Cannot use JSX unless the '--jsx' flag is provided.
frontend/src/routes/backup-settings.tsx(102,9): error TS17004: Cannot use JSX unless the '--jsx' flag is provided.
frontend/src/routes/backup-settings.tsx(109,7): error TS17004: Cannot use JSX unless the '--jsx' flag is provided.
frontend/src/routes/backup-settings.tsx(110,9): error TS17004: Cannot use JSX unless the '--jsx' flag is provided.
frontend/src/routes/backup-settings.tsx(111,11): error TS17004: Cannot use JSX unless the '--jsx' flag is provided.
frontend/src/routes/backup-settings.tsx(112,13): error TS17004: Cannot use JSX unless the '--jsx' flag is provided.
frontend/src/routes/backup-settings.tsx(114,11): error TS17004: Cannot use JSX unless the '--jsx' flag is provided.
frontend/src/routes/backup-settings.tsx(115,13): error TS17004: Cannot use JSX unless the '--jsx' flag is provided.
frontend/src/routes/backup-settings.tsx(118,13): error TS17004: Cannot use JSX unless the '--jsx' flag is provided.
frontend/src/routes/backup-settings.tsx(123,13): error TS17004: Cannot use JSX unless the '--jsx' flag is provided.
frontend/src/routes/backup-settings.tsx(124,15): error TS17004: Cannot use JSX unless the '--jsx' flag is provided.
frontend/src/routes/backup-settings.tsx(127,15): error TS17004: Cannot use JSX unless the '--jsx' flag is provided.
frontend/src/routes/backup-settings.tsx(128,17): error TS17004: Cannot use JSX unless the '--jsx' flag is provided.
frontend/src/routes/backup-settings.tsx(129,17): error TS17004: Cannot use JSX unless the '--jsx' flag is provided.
frontend/src/routes/backup-settings.tsx(130,17): error TS17004: Cannot use JSX unless the '--jsx' flag is provided.
frontend/src/routes/backup-settings.tsx(131,17): error TS17004: Cannot use JSX unless the '--jsx' flag is provided.
frontend/src/routes/backup-settings.tsx(134,13): error TS17004: Cannot use JSX unless the '--jsx' flag is provided.
frontend/src/routes/backup-settings.tsx(140,15): error TS17004: Cannot use JSX unless the '--jsx' flag is provided.
frontend/src/routes/backup-settings.tsx(148,7): error TS17004: Cannot use JSX unless the '--jsx' flag is provided.
frontend/src/routes/backup-settings.tsx(149,9): error TS17004: Cannot use JSX unless the '--jsx' flag is provided.
frontend/src/routes/backup-settings.tsx(150,11): error TS17004: Cannot use JSX unless the '--jsx' flag is provided.
frontend/src/routes/backup-settings.tsx(151,13): error TS17004: Cannot use JSX unless the '--jsx' flag is provided.
frontend/src/routes/backup-settings.tsx(153,11): error TS17004: Cannot use JSX unless the '--jsx' flag is provided.
frontend/src/routes/backup-settings.tsx(154,13): error TS17004: Cannot use JSX unless the '--jsx' flag is provided.
frontend/src/routes/backup-settings.tsx(157,13): error TS17004: Cannot use JSX unless the '--jsx' flag is provided.
frontend/src/routes/backup-settings.tsx(161,13): error TS17004: Cannot use JSX unless the '--jsx' flag is provided.
frontend/src/routes/backup-settings.tsx(162,15): error TS17004: Cannot use JSX unless the '--jsx' flag is provided.
frontend/src/routes/backup-settings.tsx(163,17): error TS17004: Cannot use JSX unless the '--jsx' flag is provided.
frontend/src/routes/backup-settings.tsx(164,17): error TS17004: Cannot use JSX unless the '--jsx' flag is provided.
frontend/src/routes/backup-settings.tsx(165,19): error TS17004: Cannot use JSX unless the '--jsx' flag is provided.
frontend/src/routes/backup-settings.tsx(171,13): error TS17004: Cannot use JSX unless the '--jsx' flag is provided.
frontend/src/routes/backup-settings.tsx(177,15): error TS17004: Cannot use JSX unless the '--jsx' flag is provided.
frontend/src/routes/backup-settings.tsx(185,7): error TS17004: Cannot use JSX unless the '--jsx' flag is provided.
frontend/src/routes/backup-settings.tsx(186,9): error TS17004: Cannot use JSX unless the '--jsx' flag is provided.
frontend/src/routes/backup-settings.tsx(187,11): error TS17004: Cannot use JSX unless the '--jsx' flag is provided.
frontend/src/routes/backup-settings.tsx(188,13): error TS17004: Cannot use JSX unless the '--jsx' flag is provided.
frontend/src/routes/backup-settings.tsx(190,11): error TS17004: Cannot use JSX unless the '--jsx' flag is provided.
frontend/src/routes/backup-settings.tsx(191,13): error TS17004: Cannot use JSX unless the '--jsx' flag is provided.
frontend/src/routes/backup-settings.tsx(194,13): error TS17004: Cannot use JSX unless the '--jsx' flag is provided.
frontend/src/routes/backup-settings.tsx(195,15): error TS17004: Cannot use JSX unless the '--jsx' flag is provided.
frontend/src/routes/backup-settings.tsx(196,17): error TS17004: Cannot use JSX unless the '--jsx' flag is provided.
frontend/src/routes/backup-settings.tsx(197,17): error TS17004: Cannot use JSX unless the '--jsx' flag is provided.
frontend/src/routes/backup-settings.tsx(198,19): error TS17004: Cannot use JSX unless the '--jsx' flag is provided.
frontend/src/routes/backup-settings.tsx(202,15): error TS17004: Cannot use JSX unless the '--jsx' flag is provided.
frontend/src/routes/backup-settings.tsx(203,17): error TS17004: Cannot use JSX unless the '--jsx' flag is provided.
frontend/src/routes/backup-settings.tsx(204,17): error TS17004: Cannot use JSX unless the '--jsx' flag is provided.
frontend/src/routes/backup-settings.tsx(205,19): error TS17004: Cannot use JSX unless the '--jsx' flag is provided.
frontend/src/routes/backup-settings.tsx(209,15): error TS17004: Cannot use JSX unless the '--jsx' flag is provided.
frontend/src/routes/backup-settings.tsx(210,17): error TS17004: Cannot use JSX unless the '--jsx' flag is provided.
frontend/src/routes/backup-settings.tsx(211,17): error TS17004: Cannot use JSX unless the '--jsx' flag is provided.
frontend/src/routes/backup-settings.tsx(212,19): error TS17004: Cannot use JSX unless the '--jsx' flag is provided.
frontend/src/routes/backup-settings.tsx(216,15): error TS17004: Cannot use JSX unless the '--jsx' flag is provided.
frontend/src/routes/backup-settings.tsx(217,17): error TS17004: Cannot use JSX unless the '--jsx' flag is provided.
frontend/src/routes/backup-settings.tsx(218,17): error TS17004: Cannot use JSX unless the '--jsx' flag is provided.
frontend/src/routes/backup-settings.tsx(219,19): error TS17004: Cannot use JSX unless the '--jsx' flag is provided.
frontend/src/routes/backup-settings.tsx(229,7): error TS17004: Cannot use JSX unless the '--jsx' flag is provided.
frontend/src/routes/billing.tsx(4,10): error TS2614: Module '"#/*"' has no exported member 'PaymentForm'. Did you mean to use 'import PaymentForm from "#/*"' instead?
frontend/src/routes/billing.tsx(6,3): error TS2614: Module '"#/*"' has no exported member 'displayErrorToast'. Did you mean to use 'import displayErrorToast from "#/*"' instead?
frontend/src/routes/billing.tsx(7,3): error TS2614: Module '"#/*"' has no exported member 'displaySuccessToast'. Did you mean to use 'import displaySuccessToast from "#/*"' instead?
frontend/src/routes/billing.tsx(9,10): error TS2614: Module '"#/*"' has no exported member 'I18nKey'. Did you mean to use 'import I18nKey from "#/*"' instead?
frontend/src/routes/billing.tsx(26,10): error TS17004: Cannot use JSX unless the '--jsx' flag is provided.
frontend/src/routes/browser-tab.tsx(1,10): error TS2614: Module '"#/*"' has no exported member 'InteractiveBrowser'. Did you mean to use 'import InteractiveBrowser from "#/*"' instead?
frontend/src/routes/browser-tab.tsx(4,10): error TS17004: Cannot use JSX unless the '--jsx' flag is provided.
frontend/src/routes/changes-tab.backup.tsx(4,10): error TS2614: Module '"#/*"' has no exported member 'FileDiffViewer'. Did you mean to use 'import FileDiffViewer from "#/*"' instead?
frontend/src/routes/changes-tab.backup.tsx(5,10): error TS2614: Module '"#/*"' has no exported member 'StreamingFileViewer'. Did you mean to use 'import StreamingFileViewer from "#/*"' instead?
frontend/src/routes/changes-tab.backup.tsx(7,8): error TS2614: Module '"#/*"' has no exported member 'GitChange'. Did you mean to use 'import GitChange from "#/*"' instead?
frontend/src/routes/changes-tab.backup.tsx(9,15): error TS2614: Module '"#/*"' has no exported member 'GitChangeStatus'. Did you mean to use 'import GitChangeStatus from "#/*"' instead?
frontend/src/routes/changes-tab.backup.tsx(10,10): error TS2614: Module '"#/*"' has no exported member 'retrieveAxiosErrorMessage'. Did you mean to use 'import retrieveAxiosErrorMessage from "#/*"' instead?
frontend/src/routes/changes-tab.backup.tsx(11,10): error TS2614: Module '"#/*"' has no exported member 'useGetGitChanges'. Did you mean to use 'import useGetGitChanges from "#/*"' instead?
frontend/src/routes/changes-tab.backup.tsx(13,3): error TS2614: Module '"#/*"' has no exported member 'useStreamingChunks'. Did you mean to use 'import useStreamingChunks from "#/*"' instead?
frontend/src/routes/changes-tab.backup.tsx(14,3): error TS2614: Module '"#/*"' has no exported member 'useLatestStreamingContent'. Did you mean to use 'import useLatestStreamingContent from "#/*"' instead?
frontend/src/routes/changes-tab.backup.tsx(16,10): error TS2614: Module '"#/*"' has no exported member 'I18nKey'. Did you mean to use 'import I18nKey from "#/*"' instead?
frontend/src/routes/changes-tab.backup.tsx(17,10): error TS2614: Module '"#/*"' has no exported member 'useRuntimeIsReady'. Did you mean to use 'import useRuntimeIsReady from "#/*"' instead?
frontend/src/routes/changes-tab.backup.tsx(18,10): error TS2614: Module '"#/*"' has no exported member 'useConversationId'. Did you mean to use 'import useConversationId from "#/*"' instead?
frontend/src/routes/changes-tab.backup.tsx(20,10): error TS2614: Module '"#/*"' has no exported member 'LazyMonaco'. Did you mean to use 'import LazyMonaco from "#/*"' instead?
frontend/src/routes/changes-tab.backup.tsx(21,10): error TS2614: Module '"#/*"' has no exported member 'Badge'. Did you mean to use 'import Badge from "#/*"' instead?
frontend/src/routes/changes-tab.backup.tsx(22,10): error TS2614: Module '"#/*"' has no exported member 'Button'. Did you mean to use 'import Button from "#/*"' instead?
frontend/src/routes/changes-tab.backup.tsx(23,10): error TS2614: Module '"#/*"' has no exported member 'cn'. Did you mean to use 'import cn from "#/*"' instead?
frontend/src/routes/changes-tab.backup.tsx(32,5): error TS17004: Cannot use JSX unless the '--jsx' flag is provided.
frontend/src/routes/changes-tab.backup.tsx(277,31): error TS7006: Parameter 'change' implicitly has an 'any' type.
frontend/src/routes/changes-tab.backup.tsx(288,7): error TS17004: Cannot use JSX unless the '--jsx' flag is provided.
frontend/src/routes/changes-tab.backup.tsx(289,9): error TS17004: Cannot use JSX unless the '--jsx' flag is provided.
frontend/src/routes/changes-tab.backup.tsx(306,11): error TS17004: Cannot use JSX unless the '--jsx' flag is provided.
frontend/src/routes/changes-tab.backup.tsx(309,11): error TS17004: Cannot use JSX unless the '--jsx' flag is provided.
frontend/src/routes/changes-tab.backup.tsx(318,11): error TS17004: Cannot use JSX unless the '--jsx' flag is provided.
frontend/src/routes/changes-tab.backup.tsx(337,10): error TS7006: Parameter 'change' implicitly has an 'any' type.
frontend/src/routes/changes-tab.backup.tsx(365,5): error TS17004: Cannot use JSX unless the '--jsx' flag is provided.
frontend/src/routes/changes-tab.backup.tsx(367,9): error TS17004: Cannot use JSX unless the '--jsx' flag is provided.
frontend/src/routes/changes-tab.backup.tsx(368,11): error TS17004: Cannot use JSX unless the '--jsx' flag is provided.
frontend/src/routes/changes-tab.backup.tsx(370,15): error TS17004: Cannot use JSX unless the '--jsx' flag is provided.
frontend/src/routes/changes-tab.backup.tsx(372,19): error TS17004: Cannot use JSX unless the '--jsx' flag is provided.
frontend/src/routes/changes-tab.backup.tsx(384,9): error TS17004: Cannot use JSX unless the '--jsx' flag is provided.
frontend/src/routes/changes-tab.backup.tsx(386,11): error TS17004: Cannot use JSX unless the '--jsx' flag is provided.
frontend/src/routes/changes-tab.backup.tsx(387,13): error TS17004: Cannot use JSX unless the '--jsx' flag is provided.
frontend/src/routes/changes-tab.backup.tsx(388,15): error TS17004: Cannot use JSX unless the '--jsx' flag is provided.
frontend/src/routes/changes-tab.backup.tsx(390,19): error TS17004: Cannot use JSX unless the '--jsx' flag is provided.
frontend/src/routes/changes-tab.backup.tsx(392,19): error TS17004: Cannot use JSX unless the '--jsx' flag is provided.
frontend/src/routes/changes-tab.backup.tsx(394,17): error TS17004: Cannot use JSX unless the '--jsx' flag is provided.
frontend/src/routes/changes-tab.backup.tsx(400,17): error TS17004: Cannot use JSX unless the '--jsx' flag is provided.
frontend/src/routes/changes-tab.backup.tsx(407,19): error TS17004: Cannot use JSX unless the '--jsx' flag is provided.
frontend/src/routes/changes-tab.backup.tsx(412,15): error TS17004: Cannot use JSX unless the '--jsx' flag is provided.
frontend/src/routes/changes-tab.backup.tsx(414,17): error TS17004: Cannot use JSX unless the '--jsx' flag is provided.
frontend/src/routes/changes-tab.backup.tsx(415,19): error TS17004: Cannot use JSX unless the '--jsx' flag is provided.
frontend/src/routes/changes-tab.backup.tsx(426,21): error TS17004: Cannot use JSX unless the '--jsx' flag is provided.
frontend/src/routes/changes-tab.backup.tsx(429,19): error TS17004: Cannot use JSX unless the '--jsx' flag is provided.
frontend/src/routes/changes-tab.backup.tsx(440,21): error TS17004: Cannot use JSX unless the '--jsx' flag is provided.
frontend/src/routes/changes-tab.backup.tsx(444,17): error TS17004: Cannot use JSX unless the '--jsx' flag is provided.
frontend/src/routes/changes-tab.backup.tsx(447,19): error TS17004: Cannot use JSX unless the '--jsx' flag is provided.
frontend/src/routes/changes-tab.backup.tsx(462,21): error TS17004: Cannot use JSX unless the '--jsx' flag is provided.
frontend/src/routes/changes-tab.backup.tsx(467,17): error TS17004: Cannot use JSX unless the '--jsx' flag is provided.
frontend/src/routes/changes-tab.backup.tsx(474,19): error TS17004: Cannot use JSX unless the '--jsx' flag is provided.
frontend/src/routes/changes-tab.backup.tsx(483,13): error TS17004: Cannot use JSX unless the '--jsx' flag is provided.
frontend/src/routes/changes-tab.backup.tsx(484,15): error TS17004: Cannot use JSX unless the '--jsx' flag is provided.
frontend/src/routes/changes-tab.backup.tsx(485,17): error TS17004: Cannot use JSX unless the '--jsx' flag is provided.
frontend/src/routes/changes-tab.backup.tsx(486,17): error TS17004: Cannot use JSX unless the '--jsx' flag is provided.
frontend/src/routes/changes-tab.backup.tsx(498,11): error TS17004: Cannot use JSX unless the '--jsx' flag is provided.
frontend/src/routes/changes-tab.backup.tsx(500,13): error TS17004: Cannot use JSX unless the '--jsx' flag is provided.
frontend/src/routes/changes-tab.backup.tsx(505,17): error TS17004: Cannot use JSX unless the '--jsx' flag is provided.
frontend/src/routes/changes-tab.backup.tsx(507,21): error TS17004: Cannot use JSX unless the '--jsx' flag is provided.
frontend/src/routes/changes-tab.backup.tsx(508,23): error TS17004: Cannot use JSX unless the '--jsx' flag is provided.
frontend/src/routes/changes-tab.backup.tsx(513,19): error TS17004: Cannot use JSX unless the '--jsx' flag is provided.
frontend/src/routes/changes-tab.backup.tsx(514,21): error TS17004: Cannot use JSX unless the '--jsx' flag is provided.
frontend/src/routes/changes-tab.backup.tsx(515,23): error TS17004: Cannot use JSX unless the '--jsx' flag is provided.
frontend/src/routes/changes-tab.backup.tsx(518,36): error TS7006: Parameter 'path' implicitly has an 'any' type.
frontend/src/routes/changes-tab.backup.tsx(518,42): error TS7006: Parameter 'status' implicitly has an 'any' type.
frontend/src/routes/changes-tab.backup.tsx(525,17): error TS17004: Cannot use JSX unless the '--jsx' flag is provided.
frontend/src/routes/changes-tab.backup.tsx(527,19): error TS17004: Cannot use JSX unless the '--jsx' flag is provided.
frontend/src/routes/changes-tab.backup.tsx(529,23): error TS17004: Cannot use JSX unless the '--jsx' flag is provided.
frontend/src/routes/changes-tab.backup.tsx(530,25): error TS17004: Cannot use JSX unless the '--jsx' flag is provided.
frontend/src/routes/changes-tab.backup.tsx(533,23): error TS17004: Cannot use JSX unless the '--jsx' flag is provided.
frontend/src/routes/changes-tab.backup.tsx(534,25): error TS17004: Cannot use JSX unless the '--jsx' flag is provided.
frontend/src/routes/changes-tab.backup.tsx(535,25): error TS17004: Cannot use JSX unless the '--jsx' flag is provided.
frontend/src/routes/changes-tab.backup.tsx(538,23): error TS17004: Cannot use JSX unless the '--jsx' flag is provided.
frontend/src/routes/changes-tab.backup.tsx(548,13): error TS17004: Cannot use JSX unless the '--jsx' flag is provided.
frontend/src/routes/changes-tab.backup.tsx(553,21): error TS17004: Cannot use JSX unless the '--jsx' flag is provided.
frontend/src/routes/changes-tab.backup.tsx(567,21): error TS17004: Cannot use JSX unless the '--jsx' flag is provided.
frontend/src/routes/changes-tab.backup.tsx(569,23): error TS17004: Cannot use JSX unless the '--jsx' flag is provided.
frontend/src/routes/changes-tab.backup.tsx(570,25): error TS17004: Cannot use JSX unless the '--jsx' flag is provided.
frontend/src/routes/changes-tab.backup.tsx(571,27): error TS17004: Cannot use JSX unless the '--jsx' flag is provided.
frontend/src/routes/changes-tab.backup.tsx(572,27): error TS17004: Cannot use JSX unless the '--jsx' flag is provided.
frontend/src/routes/changes-tab.backup.tsx(573,27): error TS17004: Cannot use JSX unless the '--jsx' flag is provided.
frontend/src/routes/changes-tab.backup.tsx(575,25): error TS17004: Cannot use JSX unless the '--jsx' flag is provided.
frontend/src/routes/changes-tab.backup.tsx(576,27): error TS17004: Cannot use JSX unless the '--jsx' flag is provided.
frontend/src/routes/changes-tab.backup.tsx(582,29): error TS17004: Cannot use JSX unless the '--jsx' flag is provided.
frontend/src/routes/changes-tab.backup.tsx(585,27): error TS17004: Cannot use JSX unless the '--jsx' flag is provided.
frontend/src/routes/changes-tab.backup.tsx(591,29): error TS17004: Cannot use JSX unless the '--jsx' flag is provided.
frontend/src/routes/changes-tab.backup.tsx(598,23): error TS17004: Cannot use JSX unless the '--jsx' flag is provided.
frontend/src/routes/changes-tab.backup.tsx(600,27): error TS17004: Cannot use JSX unless the '--jsx' flag is provided.
frontend/src/routes/changes-tab.backup.tsx(601,29): error TS17004: Cannot use JSX unless the '--jsx' flag is provided.
frontend/src/routes/changes-tab.backup.tsx(604,27): error TS17004: Cannot use JSX unless the '--jsx' flag is provided.
frontend/src/routes/changes-tab.backup.tsx(637,21): error TS17004: Cannot use JSX unless the '--jsx' flag is provided.
frontend/src/routes/changes-tab.backup.tsx(646,19): error TS17004: Cannot use JSX unless the '--jsx' flag is provided.
frontend/src/routes/changes-tab.backup.tsx(648,23): error TS17004: Cannot use JSX unless the '--jsx' flag is provided.
frontend/src/routes/changes-tab.backup.tsx(649,25): error TS17004: Cannot use JSX unless the '--jsx' flag is provided.
frontend/src/routes/changes-tab.backup.tsx(650,25): error TS17004: Cannot use JSX unless the '--jsx' flag is provided.
frontend/src/routes/changes-tab.backup.tsx(653,23): error TS17004: Cannot use JSX unless the '--jsx' flag is provided.
frontend/src/routes/changes-tab.backup.tsx(654,25): error TS17004: Cannot use JSX unless the '--jsx' flag is provided.
frontend/src/routes/changes-tab.backup.tsx(655,25): error TS17004: Cannot use JSX unless the '--jsx' flag is provided.
frontend/src/routes/chat-demo.tsx(2,10): error TS2614: Module '"#/*"' has no exported member 'ChatInterfaceDemo'. Did you mean to use 'import ChatInterfaceDemo from "#/*"' instead?
frontend/src/routes/chat-demo.tsx(5,10): error TS17004: Cannot use JSX unless the '--jsx' flag is provided.
frontend/src/routes/chat-demo.tsx(8,32): error TS17004: Cannot use JSX unless the '--jsx' flag is provided.
frontend/src/routes/contact.tsx(7,5): error TS17004: Cannot use JSX unless the '--jsx' flag is provided.
frontend/src/routes/contact.tsx(8,7): error TS17004: Cannot use JSX unless the '--jsx' flag is provided.
frontend/src/routes/contact.tsx(9,9): error TS17004: Cannot use JSX unless the '--jsx' flag is provided.
frontend/src/routes/contact.tsx(10,11): error TS17004: Cannot use JSX unless the '--jsx' flag is provided.
frontend/src/routes/contact.tsx(13,11): error TS17004: Cannot use JSX unless the '--jsx' flag is provided.
frontend/src/routes/contact.tsx(14,11): error TS17004: Cannot use JSX unless the '--jsx' flag is provided.
frontend/src/routes/contact.tsx(22,9): error TS17004: Cannot use JSX unless the '--jsx' flag is provided.
frontend/src/routes/contact.tsx(23,11): error TS17004: Cannot use JSX unless the '--jsx' flag is provided.
frontend/src/routes/contact.tsx(24,13): error TS17004: Cannot use JSX unless the '--jsx' flag is provided.
frontend/src/routes/contact.tsx(25,15): error TS17004: Cannot use JSX unless the '--jsx' flag is provided.
frontend/src/routes/contact.tsx(26,17): error TS17004: Cannot use JSX unless the '--jsx' flag is provided.
frontend/src/routes/contact.tsx(29,13): error TS17004: Cannot use JSX unless the '--jsx' flag is provided.
frontend/src/routes/contact.tsx(32,13): error TS17004: Cannot use JSX unless the '--jsx' flag is provided.
frontend/src/routes/contact.tsx(35,13): error TS17004: Cannot use JSX unless the '--jsx' flag is provided.
frontend/src/routes/contact.tsx(43,11): error TS17004: Cannot use JSX unless the '--jsx' flag is provided.
frontend/src/routes/contact.tsx(44,13): error TS17004: Cannot use JSX unless the '--jsx' flag is provided.
frontend/src/routes/contact.tsx(45,15): error TS17004: Cannot use JSX unless the '--jsx' flag is provided.
frontend/src/routes/contact.tsx(46,17): error TS17004: Cannot use JSX unless the '--jsx' flag is provided.
frontend/src/routes/contact.tsx(49,13): error TS17004: Cannot use JSX unless the '--jsx' flag is provided.
frontend/src/routes/contact.tsx(52,13): error TS17004: Cannot use JSX unless the '--jsx' flag is provided.
frontend/src/routes/contact.tsx(55,13): error TS17004: Cannot use JSX unless the '--jsx' flag is provided.
frontend/src/routes/contact.tsx(63,11): error TS17004: Cannot use JSX unless the '--jsx' flag is provided.
frontend/src/routes/contact.tsx(64,13): error TS17004: Cannot use JSX unless the '--jsx' flag is provided.
frontend/src/routes/contact.tsx(65,15): error TS17004: Cannot use JSX unless the '--jsx' flag is provided.
frontend/src/routes/contact.tsx(66,17): error TS17004: Cannot use JSX unless the '--jsx' flag is provided.
frontend/src/routes/contact.tsx(69,13): error TS17004: Cannot use JSX unless the '--jsx' flag is provided.
frontend/src/routes/contact.tsx(72,13): error TS17004: Cannot use JSX unless the '--jsx' flag is provided.
frontend/src/routes/contact.tsx(75,13): error TS17004: Cannot use JSX unless the '--jsx' flag is provided.
frontend/src/routes/contact.tsx(84,9): error TS17004: Cannot use JSX unless the '--jsx' flag is provided.
frontend/src/routes/contact.tsx(85,11): error TS17004: Cannot use JSX unless the '--jsx' flag is provided.
frontend/src/routes/conversation-redirect.tsx(15,5): error TS17004: Cannot use JSX unless the '--jsx' flag is provided.
frontend/src/routes/conversation-redirect.tsx(16,7): error TS17004: Cannot use JSX unless the '--jsx' flag is provided.
frontend/src/routes/conversation.tsx(5,10): error TS2614: Module '"#/*"' has no exported member 'useConversationId'. Did you mean to use 'import useConversationId from "#/*"' instead?
frontend/src/routes/conversation.tsx(6,10): error TS2614: Module '"#/*"' has no exported member 'clearTerminal'. Did you mean to use 'import clearTerminal from "#/*"' instead?
frontend/src/routes/conversation.tsx(7,10): error TS2614: Module '"#/*"' has no exported member 'useEffectOnce'. Did you mean to use 'import useEffectOnce from "#/*"' instead?
frontend/src/routes/conversation.tsx(8,10): error TS2614: Module '"#/*"' has no exported member 'clearJupyter'. Did you mean to use 'import clearJupyter from "#/*"' instead?
frontend/src/routes/conversation.tsx(9,10): error TS2614: Module '"#/*"' has no exported member 'useBatchFeedback'. Did you mean to use 'import useBatchFeedback from "#/*"' instead?
frontend/src/routes/conversation.tsx(10,10): error TS2614: Module '"#/*"' has no exported member 'useConversationConfig'. Did you mean to use 'import useConversationConfig from "#/*"' instead?
frontend/src/routes/conversation.tsx(11,10): error TS2614: Module '"#/*"' has no exported member 'useAutoNavigateToApp'. Did you mean to use 'import useAutoNavigateToApp from "#/*"' instead?
frontend/src/routes/conversation.tsx(12,10): error TS2614: Module '"#/*"' has no exported member 'TaskProvider'. Did you mean to use 'import TaskProvider from "#/*"' instead?
frontend/src/routes/conversation.tsx(15,3): error TS2614: Module '"#/*"' has no exported member 'Orientation'. Did you mean to use 'import Orientation from "#/*"' instead?
frontend/src/routes/conversation.tsx(16,3): error TS2614: Module '"#/*"' has no exported member 'ResizablePanel'. Did you mean to use 'import ResizablePanel from "#/*"' instead?
frontend/src/routes/conversation.tsx(19,10): error TS2614: Module '"#/*"' has no exported member 'useActiveConversation'. Did you mean to use 'import useActiveConversation from "#/*"' instead?
frontend/src/routes/conversation.tsx(20,10): error TS2614: Module '"#/*"' has no exported member 'useSettings'. Did you mean to use 'import useSettings from "#/*"' instead?
frontend/src/routes/conversation.tsx(21,10): error TS2614: Module '"#/*"' has no exported member 'displayErrorToast'. Did you mean to use 'import displayErrorToast from "#/*"' instead?
frontend/src/routes/conversation.tsx(22,10): error TS2614: Module '"#/*"' has no exported member 'useDocumentTitleFromState'. Did you mean to use 'import useDocumentTitleFromState from "#/*"' instead?
frontend/src/routes/conversation.tsx(24,10): error TS2614: Module '"#/*"' has no exported member 'useIsAuthed'. Did you mean to use 'import useIsAuthed from "#/*"' instead?
frontend/src/routes/conversation.tsx(25,10): error TS2614: Module '"#/*"' has no exported member 'ConversationSubscriptionsProvider'. Did you mean to use 'import ConversationSubscriptionsProvider from "#/*"' instead?
frontend/src/routes/conversation.tsx(26,10): error TS2614: Module '"#/*"' has no exported member 'useUserProviders'. Did you mean to use 'import useUserProviders from "#/*"' instead?
frontend/src/routes/conversation.tsx(27,10): error TS2614: Module '"#/*"' has no exported member 'ConversationTabs'. Did you mean to use 'import ConversationTabs from "#/*"' instead?
frontend/src/routes/conversation.tsx(31,10): error TS2835: Relative import paths need explicit file extensions in ECMAScript imports when '--moduleResolution' is 'node16' or 'nodenext'. Did you mean '../components/features/chat/chat-interface.js'?
frontend/src/routes/conversation.tsx(37,16): error TS2339: Property 'WsClientProvider' does not exist on type 'typeof import("#/*", { with: { "resolution-mode": "import" } })'.
frontend/src/routes/conversation.tsx(41,10): error TS2835: Relative import paths need explicit file extensions in ECMAScript imports when '--moduleResolution' is 'node16' or 'nodenext'. Did you mean '../wrapper/event-handler.js'?
frontend/src/routes/conversation.tsx(114,9): error TS17004: Cannot use JSX unless the '--jsx' flag is provided.
frontend/src/routes/conversation.tsx(115,11): error TS17004: Cannot use JSX unless the '--jsx' flag is provided.
frontend/src/routes/conversation.tsx(116,13): error TS17004: Cannot use JSX unless the '--jsx' flag is provided.
frontend/src/routes/conversation.tsx(118,17): error TS17004: Cannot use JSX unless the '--jsx' flag is provided.
frontend/src/routes/conversation.tsx(121,15): error TS17004: Cannot use JSX unless the '--jsx' flag is provided.
frontend/src/routes/conversation.tsx(124,11): error TS17004: Cannot use JSX unless the '--jsx' flag is provided.
frontend/src/routes/conversation.tsx(125,13): error TS17004: Cannot use JSX unless the '--jsx' flag is provided.
frontend/src/routes/conversation.tsx(131,7): error TS17004: Cannot use JSX unless the '--jsx' flag is provided.
frontend/src/routes/conversation.tsx(138,11): error TS17004: Cannot use JSX unless the '--jsx' flag is provided.
frontend/src/routes/conversation.tsx(140,15): error TS17004: Cannot use JSX unless the '--jsx' flag is provided.
frontend/src/routes/conversation.tsx(143,13): error TS17004: Cannot use JSX unless the '--jsx' flag is provided.
frontend/src/routes/conversation.tsx(146,22): error TS17004: Cannot use JSX unless the '--jsx' flag is provided.
frontend/src/routes/conversation.tsx(152,5): error TS17004: Cannot use JSX unless the '--jsx' flag is provided.
frontend/src/routes/conversation.tsx(153,17): error TS17004: Cannot use JSX unless the '--jsx' flag is provided.
frontend/src/routes/conversation.tsx(155,7): error TS17004: Cannot use JSX unless the '--jsx' flag is provided.
frontend/src/routes/conversation.tsx(156,9): error TS17004: Cannot use JSX unless the '--jsx' flag is provided.
frontend/src/routes/conversation.tsx(157,11): error TS17004: Cannot use JSX unless the '--jsx' flag is provided.
frontend/src/routes/conversation.tsx(158,13): error TS17004: Cannot use JSX unless the '--jsx' flag is provided.
frontend/src/routes/conversation.tsx(160,17): error TS17004: Cannot use JSX unless the '--jsx' flag is provided.
frontend/src/routes/conversation.tsx(163,15): error TS17004: Cannot use JSX unless the '--jsx' flag is provided.
frontend/src/routes/conversation.tsx(163,16): error TS2559: Type '{ children: Element; }' has no properties in common with type 'IntrinsicAttributes'.
frontend/src/routes/conversation.tsx(164,17): error TS17004: Cannot use JSX unless the '--jsx' flag is provided.
frontend/src/routes/conversation.tsx(168,19): error TS17004: Cannot use JSX unless the '--jsx' flag is provided.
frontend/src/routes/conversation.tsx(184,10): error TS17004: Cannot use JSX unless the '--jsx' flag is provided.
frontend/src/routes/conversations-list.tsx(6,10): error TS2614: Module '"#/*"' has no exported member 'usePaginatedConversations'. Did you mean to use 'import usePaginatedConversations from "#/*"' instead?
frontend/src/routes/conversations-list.tsx(21,32): error TS7006: Parameter 'p' implicitly has an 'any' type.
frontend/src/routes/conversations-list.tsx(27,7): error TS17004: Cannot use JSX unless the '--jsx' flag is provided.
frontend/src/routes/conversations-list.tsx(28,9): error TS17004: Cannot use JSX unless the '--jsx' flag is provided.
frontend/src/routes/conversations-list.tsx(35,7): error TS17004: Cannot use JSX unless the '--jsx' flag is provided.
frontend/src/routes/conversations-list.tsx(36,9): error TS17004: Cannot use JSX unless the '--jsx' flag is provided.
frontend/src/routes/conversations-list.tsx(42,5): error TS17004: Cannot use JSX unless the '--jsx' flag is provided.
frontend/src/routes/conversations-list.tsx(46,7): error TS17004: Cannot use JSX unless the '--jsx' flag is provided.
frontend/src/routes/conversations-list.tsx(48,9): error TS17004: Cannot use JSX unless the '--jsx' flag is provided.
frontend/src/routes/conversations-list.tsx(49,11): error TS17004: Cannot use JSX unless the '--jsx' flag is provided.
frontend/src/routes/conversations-list.tsx(52,11): error TS17004: Cannot use JSX unless the '--jsx' flag is provided.
frontend/src/routes/conversations-list.tsx(58,9): error TS17004: Cannot use JSX unless the '--jsx' flag is provided.
frontend/src/routes/conversations-list.tsx(59,31): error TS7006: Parameter 'c' implicitly has an 'any' type.
frontend/src/routes/conversations-list.tsx(60,13): error TS17004: Cannot use JSX unless the '--jsx' flag is provided.
frontend/src/routes/conversations-list.tsx(66,15): error TS17004: Cannot use JSX unless the '--jsx' flag is provided.
frontend/src/routes/conversations-list.tsx(67,17): error TS17004: Cannot use JSX unless the '--jsx' flag is provided.
frontend/src/routes/conversations-list.tsx(68,19): error TS17004: Cannot use JSX unless the '--jsx' flag is provided.
frontend/src/routes/conversations-list.tsx(69,19): error TS17004: Cannot use JSX unless the '--jsx' flag is provided.
frontend/src/routes/conversations-list.tsx(70,21): error TS17004: Cannot use JSX unless the '--jsx' flag is provided.
frontend/src/routes/conversations-list.tsx(75,23): error TS17004: Cannot use JSX unless the '--jsx' flag is provided.
frontend/src/routes/conversations-list.tsx(82,17): error TS17004: Cannot use JSX unless the '--jsx' flag is provided.
frontend/src/routes/conversations-list.tsx(83,19): error TS17004: Cannot use JSX unless the '--jsx' flag is provided.
frontend/src/routes/conversations-list.tsx(84,21): error TS17004: Cannot use JSX unless the '--jsx' flag is provided.
frontend/src/routes/conversations-list.tsx(86,19): error TS17004: Cannot use JSX unless the '--jsx' flag is provided.
frontend/src/routes/conversations-list.tsx(95,11): error TS17004: Cannot use JSX unless the '--jsx' flag is provided.
frontend/src/routes/conversations-list.tsx(96,13): error TS17004: Cannot use JSX unless the '--jsx' flag is provided.
frontend/src/routes/conversations-list.tsx(111,32): error TS17004: Cannot use JSX unless the '--jsx' flag is provided.
frontend/src/routes/database-browser.tsx(4,10): error TS2614: Module '"#/*"' has no exported member 'useDatabaseConnections'. Did you mean to use 'import useDatabaseConnections from "#/*"' instead?
frontend/src/routes/database-browser.tsx(4,34): error TS2614: Module '"#/*"' has no exported member 'useExecuteQuery'. Did you mean to use 'import useExecuteQuery from "#/*"' instead?
frontend/src/routes/database-browser.tsx(5,10): error TS2614: Module '"#/*"' has no exported member 'SchemaBrowser'. Did you mean to use 'import SchemaBrowser from "#/*"' instead?
frontend/src/routes/database-browser.tsx(6,10): error TS2614: Module '"#/*"' has no exported member 'QueryEditor'. Did you mean to use 'import QueryEditor from "#/*"' instead?
frontend/src/routes/database-browser.tsx(7,10): error TS2614: Module '"#/*"' has no exported member 'QueryResults'. Did you mean to use 'import QueryResults from "#/*"' instead?
frontend/src/routes/database-browser.tsx(9,3): error TS2614: Module '"#/*"' has no exported member 'displayErrorToast'. Did you mean to use 'import displayErrorToast from "#/*"' instead?
frontend/src/routes/database-browser.tsx(10,3): error TS2614: Module '"#/*"' has no exported member 'displaySuccessToast'. Did you mean to use 'import displaySuccessToast from "#/*"' instead?
frontend/src/routes/database-browser.tsx(24,41): error TS7006: Parameter 'c' implicitly has an 'any' type.
frontend/src/routes/database-browser.tsx(33,21): error TS7006: Parameter 'data' implicitly has an 'any' type.
frontend/src/routes/database-browser.tsx(40,19): error TS7006: Parameter 'error' implicitly has an 'any' type.
frontend/src/routes/database-browser.tsx(62,7): error TS17004: Cannot use JSX unless the '--jsx' flag is provided.
frontend/src/routes/database-browser.tsx(63,9): error TS17004: Cannot use JSX unless the '--jsx' flag is provided.
frontend/src/routes/database-browser.tsx(64,11): error TS17004: Cannot use JSX unless the '--jsx' flag is provided.
frontend/src/routes/database-browser.tsx(65,11): error TS17004: Cannot use JSX unless the '--jsx' flag is provided.
frontend/src/routes/database-browser.tsx(68,11): error TS17004: Cannot use JSX unless the '--jsx' flag is provided.
frontend/src/routes/database-browser.tsx(71,11): error TS17004: Cannot use JSX unless the '--jsx' flag is provided.
frontend/src/routes/database-browser.tsx(84,5): error TS17004: Cannot use JSX unless the '--jsx' flag is provided.
frontend/src/routes/database-browser.tsx(86,7): error TS17004: Cannot use JSX unless the '--jsx' flag is provided.
frontend/src/routes/database-browser.tsx(87,9): error TS17004: Cannot use JSX unless the '--jsx' flag is provided.
frontend/src/routes/database-browser.tsx(88,11): error TS17004: Cannot use JSX unless the '--jsx' flag is provided.
frontend/src/routes/database-browser.tsx(94,13): error TS17004: Cannot use JSX unless the '--jsx' flag is provided.
frontend/src/routes/database-browser.tsx(96,11): error TS17004: Cannot use JSX unless the '--jsx' flag is provided.
frontend/src/routes/database-browser.tsx(97,13): error TS17004: Cannot use JSX unless the '--jsx' flag is provided.
frontend/src/routes/database-browser.tsx(98,13): error TS17004: Cannot use JSX unless the '--jsx' flag is provided.
frontend/src/routes/database-browser.tsx(99,15): error TS17004: Cannot use JSX unless the '--jsx' flag is provided.
frontend/src/routes/database-browser.tsx(102,15): error TS17004: Cannot use JSX unless the '--jsx' flag is provided.
frontend/src/routes/database-browser.tsx(108,9): error TS17004: Cannot use JSX unless the '--jsx' flag is provided.
frontend/src/routes/database-browser.tsx(109,11): error TS17004: Cannot use JSX unless the '--jsx' flag is provided.
frontend/src/routes/database-browser.tsx(122,7): error TS17004: Cannot use JSX unless the '--jsx' flag is provided.
frontend/src/routes/database-browser.tsx(124,9): error TS17004: Cannot use JSX unless the '--jsx' flag is provided.
frontend/src/routes/database-browser.tsx(125,11): error TS17004: Cannot use JSX unless the '--jsx' flag is provided.
frontend/src/routes/database-browser.tsx(129,9): error TS17004: Cannot use JSX unless the '--jsx' flag is provided.
frontend/src/routes/database-browser.tsx(131,11): error TS17004: Cannot use JSX unless the '--jsx' flag is provided.
frontend/src/routes/database-browser.tsx(132,13): error TS17004: Cannot use JSX unless the '--jsx' flag is provided.
frontend/src/routes/database-browser.tsx(140,11): error TS17004: Cannot use JSX unless the '--jsx' flag is provided.
frontend/src/routes/database-browser.tsx(141,13): error TS17004: Cannot use JSX unless the '--jsx' flag is provided.
frontend/src/routes/database-settings.tsx(3,10): error TS2614: Module '"#/*"' has no exported member 'BrandButton'. Did you mean to use 'import BrandButton from "#/*"' instead?
frontend/src/routes/database-settings.tsx(4,10): error TS2614: Module '"#/*"' has no exported member 'DatabaseConnectionForm'. Did you mean to use 'import DatabaseConnectionForm from "#/*"' instead?
frontend/src/routes/database-settings.tsx(5,10): error TS2614: Module '"#/*"' has no exported member 'DatabaseConnectionsList'. Did you mean to use 'import DatabaseConnectionsList from "#/*"' instead?
frontend/src/routes/database-settings.tsx(6,10): error TS2614: Module '"#/*"' has no exported member 'ConfirmationModal'. Did you mean to use 'import ConfirmationModal from "#/*"' instead?
frontend/src/routes/database-settings.tsx(8,3): error TS2614: Module '"#/*"' has no exported member 'useCreateDatabaseConnection'. Did you mean to use 'import useCreateDatabaseConnection from "#/*"' instead?
frontend/src/routes/database-settings.tsx(9,3): error TS2614: Module '"#/*"' has no exported member 'useDeleteDatabaseConnection'. Did you mean to use 'import useDeleteDatabaseConnection from "#/*"' instead?
frontend/src/routes/database-settings.tsx(11,15): error TS2614: Module '"#/*"' has no exported member 'DatabaseType'. Did you mean to use 'import DatabaseType from "#/*"' instead?
frontend/src/routes/database-settings.tsx(11,29): error TS2614: Module '"#/*"' has no exported member 'DatabaseConnection'. Did you mean to use 'import DatabaseConnection from "#/*"' instead?
frontend/src/routes/database-settings.tsx(13,3): error TS2614: Module '"#/*"' has no exported member 'displayErrorToast'. Did you mean to use 'import displayErrorToast from "#/*"' instead?
frontend/src/routes/database-settings.tsx(14,3): error TS2614: Module '"#/*"' has no exported member 'displaySuccessToast'. Did you mean to use 'import displaySuccessToast from "#/*"' instead?
frontend/src/routes/database-settings.tsx(56,19): error TS7006: Parameter 'error' implicitly has an 'any' type.
frontend/src/routes/database-settings.tsx(72,17): error TS7006: Parameter 'error' implicitly has an 'any' type.
frontend/src/routes/database-settings.tsx(86,5): error TS17004: Cannot use JSX unless the '--jsx' flag is provided.
frontend/src/routes/database-settings.tsx(88,7): error TS17004: Cannot use JSX unless the '--jsx' flag is provided.
frontend/src/routes/database-settings.tsx(89,9): error TS17004: Cannot use JSX unless the '--jsx' flag is provided.
frontend/src/routes/database-settings.tsx(90,11): error TS17004: Cannot use JSX unless the '--jsx' flag is provided.
frontend/src/routes/database-settings.tsx(91,11): error TS17004: Cannot use JSX unless the '--jsx' flag is provided.
frontend/src/routes/database-settings.tsx(92,13): error TS17004: Cannot use JSX unless the '--jsx' flag is provided.
frontend/src/routes/database-settings.tsx(95,13): error TS17004: Cannot use JSX unless the '--jsx' flag is provided.
frontend/src/routes/database-settings.tsx(102,11): error TS17004: Cannot use JSX unless the '--jsx' flag is provided.
frontend/src/routes/database-settings.tsx(103,13): error TS17004: Cannot use JSX unless the '--jsx' flag is provided.
frontend/src/routes/database-settings.tsx(104,15): error TS17004: Cannot use JSX unless the '--jsx' flag is provided.
frontend/src/routes/database-settings.tsx(111,17): error TS17004: Cannot use JSX unless the '--jsx' flag is provided.
frontend/src/routes/database-settings.tsx(117,17): error TS17004: Cannot use JSX unless the '--jsx' flag is provided.
frontend/src/routes/database-settings.tsx(119,19): error TS17004: Cannot use JSX unless the '--jsx' flag is provided.
frontend/src/routes/database-settings.tsx(123,19): error TS17004: Cannot use JSX unless the '--jsx' flag is provided.
frontend/src/routes/database-settings.tsx(124,21): error TS17004: Cannot use JSX unless the '--jsx' flag is provided.
frontend/src/routes/database-settings.tsx(132,23): error TS17004: Cannot use JSX unless the '--jsx' flag is provided.
frontend/src/routes/database-settings.tsx(135,21): error TS17004: Cannot use JSX unless the '--jsx' flag is provided.
frontend/src/routes/database-settings.tsx(143,23): error TS17004: Cannot use JSX unless the '--jsx' flag is provided.
frontend/src/routes/database-settings.tsx(146,21): error TS17004: Cannot use JSX unless the '--jsx' flag is provided.
frontend/src/routes/database-settings.tsx(154,23): error TS17004: Cannot use JSX unless the '--jsx' flag is provided.
frontend/src/routes/database-settings.tsx(157,21): error TS17004: Cannot use JSX unless the '--jsx' flag is provided.
frontend/src/routes/database-settings.tsx(165,23): error TS17004: Cannot use JSX unless the '--jsx' flag is provided.
frontend/src/routes/database-settings.tsx(178,9): error TS17004: Cannot use JSX unless the '--jsx' flag is provided.
frontend/src/routes/database-settings.tsx(182,9): error TS17004: Cannot use JSX unless the '--jsx' flag is provided.
frontend/src/routes/database-settings.tsx(190,9): error TS17004: Cannot use JSX unless the '--jsx' flag is provided.
frontend/src/routes/database-settings.tsx(198,9): error TS17004: Cannot use JSX unless the '--jsx' flag is provided.
frontend/src/routes/database-settings.tsx(206,9): error TS17004: Cannot use JSX unless the '--jsx' flag is provided.
frontend/src/routes/database-settings.tsx(214,9): error TS17004: Cannot use JSX unless the '--jsx' flag is provided.
frontend/src/routes/database-settings.tsx(224,9): error TS17004: Cannot use JSX unless the '--jsx' flag is provided.
frontend/src/routes/git-settings.tsx(3,10): error TS2614: Module '"#/*"' has no exported member 'useConfig'. Did you mean to use 'import useConfig from "#/*"' instead?
frontend/src/routes/git-settings.tsx(4,10): error TS2614: Module '"#/*"' has no exported member 'useSettings'. Did you mean to use 'import useSettings from "#/*"' instead?
frontend/src/routes/git-settings.tsx(5,10): error TS2614: Module '"#/*"' has no exported member 'BrandButton'. Did you mean to use 'import BrandButton from "#/*"' instead?
frontend/src/routes/git-settings.tsx(6,10): error TS2614: Module '"#/*"' has no exported member 'useLogout'. Did you mean to use 'import useLogout from "#/*"' instead?
frontend/src/routes/git-settings.tsx(7,10): error TS2614: Module '"#/*"' has no exported member 'GitHubTokenInput'. Did you mean to use 'import GitHubTokenInput from "#/*"' instead?
frontend/src/routes/git-settings.tsx(8,10): error TS2614: Module '"#/*"' has no exported member 'GitLabTokenInput'. Did you mean to use 'import GitLabTokenInput from "#/*"' instead?
frontend/src/routes/git-settings.tsx(9,10): error TS2614: Module '"#/*"' has no exported member 'BitbucketTokenInput'. Did you mean to use 'import BitbucketTokenInput from "#/*"' instead?
frontend/src/routes/git-settings.tsx(10,10): error TS2614: Module '"#/*"' has no exported member 'ConfigureGitHubRepositoriesAnchor'. Did you mean to use 'import ConfigureGitHubRepositoriesAnchor from "#/*"' instead?
frontend/src/routes/git-settings.tsx(11,10): error TS2614: Module '"#/*"' has no exported member 'InstallSlackAppAnchor'. Did you mean to use 'import InstallSlackAppAnchor from "#/*"' instead?
frontend/src/routes/git-settings.tsx(12,10): error TS2614: Module '"#/*"' has no exported member 'I18nKey'. Did you mean to use 'import I18nKey from "#/*"' instead?
frontend/src/routes/git-settings.tsx(14,3): error TS2614: Module '"#/*"' has no exported member 'displayErrorToast'. Did you mean to use 'import displayErrorToast from "#/*"' instead?
frontend/src/routes/git-settings.tsx(15,3): error TS2614: Module '"#/*"' has no exported member 'displaySuccessToast'. Did you mean to use 'import displaySuccessToast from "#/*"' instead?
frontend/src/routes/git-settings.tsx(17,10): error TS2614: Module '"#/*"' has no exported member 'retrieveAxiosErrorMessage'. Did you mean to use 'import retrieveAxiosErrorMessage from "#/*"' instead?
frontend/src/routes/git-settings.tsx(18,10): error TS2614: Module '"#/*"' has no exported member 'GitSettingInputsSkeleton'. Did you mean to use 'import GitSettingInputsSkeleton from "#/*"' instead?
frontend/src/routes/git-settings.tsx(19,10): error TS2614: Module '"#/*"' has no exported member 'useAddGitProviders'. Did you mean to use 'import useAddGitProviders from "#/*"' instead?
frontend/src/routes/git-settings.tsx(20,10): error TS2614: Module '"#/*"' has no exported member 'useUserProviders'. Did you mean to use 'import useUserProviders from "#/*"' instead?
frontend/src/routes/git-settings.tsx(21,10): error TS2614: Module '"#/*"' has no exported member 'ProjectManagementIntegration'. Did you mean to use 'import ProjectManagementIntegration from "#/*"' instead?
frontend/src/routes/git-settings.tsx(90,19): error TS7006: Parameter 'error' implicitly has an 'any' type.
frontend/src/routes/git-settings.tsx(122,5): error TS17004: Cannot use JSX unless the '--jsx' flag is provided.
frontend/src/routes/git-settings.tsx(128,9): error TS17004: Cannot use JSX unless the '--jsx' flag is provided.
frontend/src/routes/git-settings.tsx(130,13): error TS17004: Cannot use JSX unless the '--jsx' flag is provided.
frontend/src/routes/git-settings.tsx(131,15): error TS17004: Cannot use JSX unless the '--jsx' flag is provided.
frontend/src/routes/git-settings.tsx(132,17): error TS17004: Cannot use JSX unless the '--jsx' flag is provided.
frontend/src/routes/git-settings.tsx(135,17): error TS17004: Cannot use JSX unless the '--jsx' flag is provided.
frontend/src/routes/git-settings.tsx(137,15): error TS17004: Cannot use JSX unless the '--jsx' flag is provided.
frontend/src/routes/git-settings.tsx(142,13): error TS17004: Cannot use JSX unless the '--jsx' flag is provided.
frontend/src/routes/git-settings.tsx(143,15): error TS17004: Cannot use JSX unless the '--jsx' flag is provided.
frontend/src/routes/git-settings.tsx(144,17): error TS17004: Cannot use JSX unless the '--jsx' flag is provided.
frontend/src/routes/git-settings.tsx(147,17): error TS17004: Cannot use JSX unless the '--jsx' flag is provided.
frontend/src/routes/git-settings.tsx(149,15): error TS17004: Cannot use JSX unless the '--jsx' flag is provided.
frontend/src/routes/git-settings.tsx(154,13): error TS17004: Cannot use JSX unless the '--jsx' flag is provided.
frontend/src/routes/git-settings.tsx(155,15): error TS17004: Cannot use JSX unless the '--jsx' flag is provided.
frontend/src/routes/git-settings.tsx(159,11): error TS17004: Cannot use JSX unless the '--jsx' flag is provided.
frontend/src/routes/git-settings.tsx(161,15): error TS17004: Cannot use JSX unless the '--jsx' flag is provided.
frontend/src/routes/git-settings.tsx(164,28): error TS7006: Parameter 'value' implicitly has an 'any' type.
frontend/src/routes/git-settings.tsx(167,38): error TS7006: Parameter 'value' implicitly has an 'any' type.
frontend/src/routes/git-settings.tsx(175,15): error TS17004: Cannot use JSX unless the '--jsx' flag is provided.
frontend/src/routes/git-settings.tsx(178,28): error TS7006: Parameter 'value' implicitly has an 'any' type.
frontend/src/routes/git-settings.tsx(181,38): error TS7006: Parameter 'value' implicitly has an 'any' type.
frontend/src/routes/git-settings.tsx(189,15): error TS17004: Cannot use JSX unless the '--jsx' flag is provided.
frontend/src/routes/git-settings.tsx(192,28): error TS7006: Parameter 'value' implicitly has an 'any' type.
frontend/src/routes/git-settings.tsx(195,41): error TS7006: Parameter 'value' implicitly has an 'any' type.
frontend/src/routes/git-settings.tsx(205,21): error TS17004: Cannot use JSX unless the '--jsx' flag is provided.
frontend/src/routes/git-settings.tsx(207,7): error TS17004: Cannot use JSX unless the '--jsx' flag is provided.
frontend/src/routes/git-settings.tsx(209,11): error TS17004: Cannot use JSX unless the '--jsx' flag is provided.
frontend/src/routes/git-settings.tsx(210,13): error TS17004: Cannot use JSX unless the '--jsx' flag is provided.
frontend/src/routes/git-settings.tsx(221,13): error TS17004: Cannot use JSX unless the '--jsx' flag is provided.
frontend/src/routes/home.tsx(4,10): error TS2614: Module '"#/*"' has no exported member 'useCreateConversation'. Did you mean to use 'import useCreateConversation from "#/*"' instead?
frontend/src/routes/home.tsx(5,10): error TS2614: Module '"#/*"' has no exported member 'useUserProviders'. Did you mean to use 'import useUserProviders from "#/*"' instead?
frontend/src/routes/home.tsx(17,21): error TS7006: Parameter 'data' implicitly has an 'any' type.
frontend/src/routes/home.tsx(30,5): error TS17004: Cannot use JSX unless the '--jsx' flag is provided.
frontend/src/routes/home.tsx(35,7): error TS17004: Cannot use JSX unless the '--jsx' flag is provided.
frontend/src/routes/home.tsx(36,9): error TS17004: Cannot use JSX unless the '--jsx' flag is provided.
frontend/src/routes/home.tsx(46,7): error TS17004: Cannot use JSX unless the '--jsx' flag is provided.
frontend/src/routes/home.tsx(49,7): error TS17004: Cannot use JSX unless the '--jsx' flag is provided.
frontend/src/routes/home.tsx(51,9): error TS17004: Cannot use JSX unless the '--jsx' flag is provided.
frontend/src/routes/home.tsx(53,11): error TS17004: Cannot use JSX unless the '--jsx' flag is provided.
frontend/src/routes/home.tsx(54,13): error TS17004: Cannot use JSX unless the '--jsx' flag is provided.
frontend/src/routes/home.tsx(63,11): error TS17004: Cannot use JSX unless the '--jsx' flag is provided.
frontend/src/routes/home.tsx(64,13): error TS17004: Cannot use JSX unless the '--jsx' flag is provided.
frontend/src/routes/home.tsx(65,15): error TS17004: Cannot use JSX unless the '--jsx' flag is provided.
frontend/src/routes/home.tsx(66,15): error TS17004: Cannot use JSX unless the '--jsx' flag is provided.
frontend/src/routes/home.tsx(71,11): error TS17004: Cannot use JSX unless the '--jsx' flag is provided.
frontend/src/routes/home.tsx(72,13): error TS17004: Cannot use JSX unless the '--jsx' flag is provided.
frontend/src/routes/home.tsx(73,13): error TS17004: Cannot use JSX unless the '--jsx' flag is provided.
frontend/src/routes/home.tsx(74,13): error TS17004: Cannot use JSX unless the '--jsx' flag is provided.
frontend/src/routes/home.tsx(80,11): error TS17004: Cannot use JSX unless the '--jsx' flag is provided.
frontend/src/routes/home.tsx(86,11): error TS17004: Cannot use JSX unless the '--jsx' flag is provided.
frontend/src/routes/home.tsx(87,13): error TS17004: Cannot use JSX unless the '--jsx' flag is provided.
frontend/src/routes/home.tsx(93,15): error TS17004: Cannot use JSX unless the '--jsx' flag is provided.
frontend/src/routes/home.tsx(96,13): error TS17004: Cannot use JSX unless the '--jsx' flag is provided.
frontend/src/routes/home.tsx(107,11): error TS17004: Cannot use JSX unless the '--jsx' flag is provided.
frontend/src/routes/home.tsx(109,13): error TS17004: Cannot use JSX unless the '--jsx' flag is provided.
frontend/src/routes/home.tsx(110,15): error TS17004: Cannot use JSX unless the '--jsx' flag is provided.
frontend/src/routes/home.tsx(111,15): error TS17004: Cannot use JSX unless the '--jsx' flag is provided.
frontend/src/routes/home.tsx(112,15): error TS17004: Cannot use JSX unless the '--jsx' flag is provided.
frontend/src/routes/home.tsx(118,13): error TS17004: Cannot use JSX unless the '--jsx' flag is provided.
frontend/src/routes/home.tsx(119,15): error TS17004: Cannot use JSX unless the '--jsx' flag is provided.
frontend/src/routes/home.tsx(120,15): error TS17004: Cannot use JSX unless the '--jsx' flag is provided.
frontend/src/routes/home.tsx(121,15): error TS17004: Cannot use JSX unless the '--jsx' flag is provided.
frontend/src/routes/home.tsx(127,13): error TS17004: Cannot use JSX unless the '--jsx' flag is provided.
frontend/src/routes/home.tsx(128,15): error TS17004: Cannot use JSX unless the '--jsx' flag is provided.
frontend/src/routes/home.tsx(129,15): error TS17004: Cannot use JSX unless the '--jsx' flag is provided.
frontend/src/routes/home.tsx(130,15): error TS17004: Cannot use JSX unless the '--jsx' flag is provided.
frontend/src/routes/home.tsx(141,32): error TS17004: Cannot use JSX unless the '--jsx' flag is provided.
frontend/src/routes/jupyter-tab.tsx(6,16): error TS2339: Property 'JupyterEditor' does not exist on type 'typeof import("#/*", { with: { "resolution-mode": "import" } })'.
frontend/src/routes/jupyter-tab.tsx(44,5): error TS17004: Cannot use JSX unless the '--jsx' flag is provided.
frontend/src/routes/jupyter-tab.tsx(45,7): error TS17004: Cannot use JSX unless the '--jsx' flag is provided.
frontend/src/routes/jupyter-tab.tsx(47,11): error TS17004: Cannot use JSX unless the '--jsx' flag is provided.
frontend/src/routes/jupyter-tab.tsx(50,9): error TS17004: Cannot use JSX unless the '--jsx' flag is provided.
frontend/src/routes/llm-settings.tsx(4,10): error TS2614: Module '"#/*"' has no exported member 'ModelSelector'. Did you mean to use 'import ModelSelector from "#/*"' instead?
frontend/src/routes/llm-settings.tsx(5,10): error TS2614: Module '"#/*"' has no exported member 'organizeModelsAndProviders'. Did you mean to use 'import organizeModelsAndProviders from "#/*"' instead?
frontend/src/routes/llm-settings.tsx(6,10): error TS2614: Module '"#/*"' has no exported member 'useAIConfigOptions'. Did you mean to use 'import useAIConfigOptions from "#/*"' instead?
frontend/src/routes/llm-settings.tsx(7,10): error TS2614: Module '"#/*"' has no exported member 'useSettings'. Did you mean to use 'import useSettings from "#/*"' instead?
frontend/src/routes/llm-settings.tsx(8,10): error TS2614: Module '"#/*"' has no exported member 'hasAdvancedSettingsSet'. Did you mean to use 'import hasAdvancedSettingsSet from "#/*"' instead?
frontend/src/routes/llm-settings.tsx(9,10): error TS2614: Module '"#/*"' has no exported member 'useSaveSettings'. Did you mean to use 'import useSaveSettings from "#/*"' instead?
frontend/src/routes/llm-settings.tsx(10,10): error TS2614: Module '"#/*"' has no exported member 'SettingsSwitch'. Did you mean to use 'import SettingsSwitch from "#/*"' instead?
frontend/src/routes/llm-settings.tsx(11,10): error TS2614: Module '"#/*"' has no exported member 'TooltipButton'. Did you mean to use 'import TooltipButton from "#/*"' instead?
frontend/src/routes/llm-settings.tsx(13,10): error TS2614: Module '"#/*"' has no exported member 'I18nKey'. Did you mean to use 'import I18nKey from "#/*"' instead?
frontend/src/routes/llm-settings.tsx(14,10): error TS2614: Module '"#/*"' has no exported member 'SettingsInput'. Did you mean to use 'import SettingsInput from "#/*"' instead?
frontend/src/routes/llm-settings.tsx(15,10): error TS2614: Module '"#/*"' has no exported member 'HelpLink'. Did you mean to use 'import HelpLink from "#/*"' instead?
frontend/src/routes/llm-settings.tsx(16,10): error TS2614: Module '"#/*"' has no exported member 'BrandButton'. Did you mean to use 'import BrandButton from "#/*"' instead?
frontend/src/routes/llm-settings.tsx(18,3): error TS2614: Module '"#/*"' has no exported member 'displayErrorToast'. Did you mean to use 'import displayErrorToast from "#/*"' instead?
frontend/src/routes/llm-settings.tsx(19,3): error TS2614: Module '"#/*"' has no exported member 'displaySuccessToast'. Did you mean to use 'import displaySuccessToast from "#/*"' instead?
frontend/src/routes/llm-settings.tsx(21,10): error TS2614: Module '"#/*"' has no exported member 'useToast'. Did you mean to use 'import useToast from "#/*"' instead?
frontend/src/routes/llm-settings.tsx(22,10): error TS2614: Module '"#/*"' has no exported member 'retrieveAxiosErrorMessage'. Did you mean to use 'import retrieveAxiosErrorMessage from "#/*"' instead?
frontend/src/routes/llm-settings.tsx(23,10): error TS2614: Module '"#/*"' has no exported member 'SettingsDropdownInput'. Did you mean to use 'import SettingsDropdownInput from "#/*"' instead?
frontend/src/routes/llm-settings.tsx(24,10): error TS2614: Module '"#/*"' has no exported member 'useConfig'. Did you mean to use 'import useConfig from "#/*"' instead?
frontend/src/routes/llm-settings.tsx(25,10): error TS2614: Module '"#/*"' has no exported member 'isCustomModel'. Did you mean to use 'import isCustomModel from "#/*"' instead?
frontend/src/routes/llm-settings.tsx(26,10): error TS2614: Module '"#/*"' has no exported member 'LlmSettingsInputsSkeleton'. Did you mean to use 'import LlmSettingsInputsSkeleton from "#/*"' instead?
frontend/src/routes/llm-settings.tsx(27,10): error TS2614: Module '"#/*"' has no exported member 'KeyStatusIcon'. Did you mean to use 'import KeyStatusIcon from "#/*"' instead?
frontend/src/routes/llm-settings.tsx(28,10): error TS2614: Module '"#/*"' has no exported member 'DEFAULT_SETTINGS'. Did you mean to use 'import DEFAULT_SETTINGS from "#/*"' instead?
frontend/src/routes/llm-settings.tsx(29,10): error TS2614: Module '"#/*"' has no exported member 'getProviderId'. Did you mean to use 'import getProviderId from "#/*"' instead?
frontend/src/routes/llm-settings.tsx(30,10): error TS2614: Module '"#/*"' has no exported member 'DEFAULT_OPENHANDS_MODEL'. Did you mean to use 'import DEFAULT_OPENHANDS_MODEL from "#/*"' instead?
frontend/src/routes/llm-settings.tsx(31,10): error TS2614: Module '"#/*"' has no exported member 'AdvancedLLMConfig'. Did you mean to use 'import AdvancedLLMConfig from "#/*"' instead?
frontend/src/routes/llm-settings.tsx(32,10): error TS2614: Module '"#/*"' has no exported member 'SettingsErrorBoundary'. Did you mean to use 'import SettingsErrorBoundary from "#/*"' instead?
frontend/src/routes/llm-settings.tsx(473,24): error TS7006: Parameter 'analyzer' implicitly has an 'any' type.
frontend/src/routes/llm-settings.tsx(487,39): error TS17004: Cannot use JSX unless the '--jsx' flag is provided.
frontend/src/routes/llm-settings.tsx(490,5): error TS17004: Cannot use JSX unless the '--jsx' flag is provided.
frontend/src/routes/llm-settings.tsx(491,7): error TS17004: Cannot use JSX unless the '--jsx' flag is provided.
frontend/src/routes/llm-settings.tsx(492,7): error TS17004: Cannot use JSX unless the '--jsx' flag is provided.
frontend/src/routes/llm-settings.tsx(496,9): error TS17004: Cannot use JSX unless the '--jsx' flag is provided.
frontend/src/routes/llm-settings.tsx(497,11): error TS17004: Cannot use JSX unless the '--jsx' flag is provided.
frontend/src/routes/llm-settings.tsx(507,13): error TS17004: Cannot use JSX unless the '--jsx' flag is provided.
frontend/src/routes/llm-settings.tsx(512,17): error TS17004: Cannot use JSX unless the '--jsx' flag is provided.
frontend/src/routes/llm-settings.tsx(513,19): error TS17004: Cannot use JSX unless the '--jsx' flag is provided.
frontend/src/routes/llm-settings.tsx(520,21): error TS17004: Cannot use JSX unless the '--jsx' flag is provided.
frontend/src/routes/llm-settings.tsx(531,15): error TS17004: Cannot use JSX unless the '--jsx' flag is provided.
frontend/src/routes/llm-settings.tsx(541,21): error TS17004: Cannot use JSX unless the '--jsx' flag is provided.
frontend/src/routes/llm-settings.tsx(546,15): error TS17004: Cannot use JSX unless the '--jsx' flag is provided.
frontend/src/routes/llm-settings.tsx(553,15): error TS17004: Cannot use JSX unless the '--jsx' flag is provided.
frontend/src/routes/llm-settings.tsx(564,21): error TS17004: Cannot use JSX unless the '--jsx' flag is provided.
frontend/src/routes/llm-settings.tsx(569,15): error TS17004: Cannot use JSX unless the '--jsx' flag is provided.
frontend/src/routes/llm-settings.tsx(579,13): error TS17004: Cannot use JSX unless the '--jsx' flag is provided.
frontend/src/routes/llm-settings.tsx(584,15): error TS17004: Cannot use JSX unless the '--jsx' flag is provided.
frontend/src/routes/llm-settings.tsx(596,17): error TS17004: Cannot use JSX unless the '--jsx' flag is provided.
frontend/src/routes/llm-settings.tsx(605,15): error TS17004: Cannot use JSX unless the '--jsx' flag is provided.
frontend/src/routes/llm-settings.tsx(616,15): error TS17004: Cannot use JSX unless the '--jsx' flag is provided.
frontend/src/routes/llm-settings.tsx(626,21): error TS17004: Cannot use JSX unless the '--jsx' flag is provided.
frontend/src/routes/llm-settings.tsx(630,15): error TS17004: Cannot use JSX unless the '--jsx' flag is provided.
frontend/src/routes/llm-settings.tsx(637,15): error TS17004: Cannot use JSX unless the '--jsx' flag is provided.
frontend/src/routes/llm-settings.tsx(648,21): error TS17004: Cannot use JSX unless the '--jsx' flag is provided.
frontend/src/routes/llm-settings.tsx(653,15): error TS17004: Cannot use JSX unless the '--jsx' flag is provided.
frontend/src/routes/llm-settings.tsx(661,15): error TS17004: Cannot use JSX unless the '--jsx' flag is provided.
frontend/src/routes/llm-settings.tsx(664,15): error TS17004: Cannot use JSX unless the '--jsx' flag is provided.
frontend/src/routes/llm-settings.tsx(665,17): error TS17004: Cannot use JSX unless the '--jsx' flag is provided.
frontend/src/routes/llm-settings.tsx(666,17): error TS17004: Cannot use JSX unless the '--jsx' flag is provided.
frontend/src/routes/llm-settings.tsx(667,17): error TS17004: Cannot use JSX unless the '--jsx' flag is provided.
frontend/src/routes/llm-settings.tsx(671,15): error TS17004: Cannot use JSX unless the '--jsx' flag is provided.
frontend/src/routes/llm-settings.tsx(672,17): error TS17004: Cannot use JSX unless the '--jsx' flag is provided.
frontend/src/routes/llm-settings.tsx(676,17): error TS17004: Cannot use JSX unless the '--jsx' flag is provided.
frontend/src/routes/llm-settings.tsx(678,36): error TS7006: Parameter 'config' implicitly has an 'any' type.
frontend/src/routes/llm-settings.tsx(689,17): error TS17004: Cannot use JSX unless the '--jsx' flag is provided.
frontend/src/routes/llm-settings.tsx(693,21): error TS17004: Cannot use JSX unless the '--jsx' flag is provided.
frontend/src/routes/llm-settings.tsx(695,23): error TS17004: Cannot use JSX unless the '--jsx' flag is provided.
frontend/src/routes/llm-settings.tsx(706,15): error TS17004: Cannot use JSX unless the '--jsx' flag is provided.
frontend/src/routes/llm-settings.tsx(707,17): error TS17004: Cannot use JSX unless the '--jsx' flag is provided.
frontend/src/routes/llm-settings.tsx(718,30): error TS7006: Parameter 'value' implicitly has an 'any' type.
frontend/src/routes/llm-settings.tsx(721,17): error TS17004: Cannot use JSX unless the '--jsx' flag is provided.
frontend/src/routes/llm-settings.tsx(726,15): error TS17004: Cannot use JSX unless the '--jsx' flag is provided.
frontend/src/routes/llm-settings.tsx(738,11): error TS17004: Cannot use JSX unless the '--jsx' flag is provided.
frontend/src/routes/llm-settings.tsx(739,13): error TS17004: Cannot use JSX unless the '--jsx' flag is provided.
frontend/src/routes/llm-settings.tsx(748,13): error TS17004: Cannot use JSX unless the '--jsx' flag is provided.
frontend/src/routes/llm-settings.tsx(753,15): error TS17004: Cannot use JSX unless the '--jsx' flag is provided.
frontend/src/routes/llm-settings.tsx(758,13): error TS17004: Cannot use JSX unless the '--jsx' flag is provided.
frontend/src/routes/llm-settings.tsx(759,15): error TS17004: Cannot use JSX unless the '--jsx' flag is provided.
frontend/src/routes/llm-settings.tsx(760,17): error TS17004: Cannot use JSX unless the '--jsx' flag is provided.
frontend/src/routes/llm-settings.tsx(770,39): error TS7006: Parameter 'key' implicitly has an 'any' type.
frontend/src/routes/llm-settings.tsx(775,35): error TS7006: Parameter 'value' implicitly has an 'any' type.
frontend/src/routes/llm-settings.tsx(785,17): error TS17004: Cannot use JSX unless the '--jsx' flag is provided.
frontend/src/routes/llm-settings.tsx(791,15): error TS17004: Cannot use JSX unless the '--jsx' flag is provided.
frontend/src/routes/llm-settings.tsx(799,9): error TS17004: Cannot use JSX unless the '--jsx' flag is provided.
frontend/src/routes/llm-settings.tsx(805,9): error TS17004: Cannot use JSX unless the '--jsx' flag is provided.
frontend/src/routes/llm-settings.tsx(811,9): error TS17004: Cannot use JSX unless the '--jsx' flag is provided.
frontend/src/routes/llm-settings.tsx(817,9): error TS17004: Cannot use JSX unless the '--jsx' flag is provided.
frontend/src/routes/llm-settings.tsx(823,9): error TS17004: Cannot use JSX unless the '--jsx' flag is provided.
frontend/src/routes/llm-settings.tsx(829,9): error TS17004: Cannot use JSX unless the '--jsx' flag is provided.
frontend/src/routes/llm-settings.tsx(835,9): error TS17004: Cannot use JSX unless the '--jsx' flag is provided.
frontend/src/routes/llm-settings.tsx(841,9): error TS17004: Cannot use JSX unless the '--jsx' flag is provided.
frontend/src/routes/llm-settings.tsx(848,9): error TS17004: Cannot use JSX unless the '--jsx' flag is provided.
frontend/src/routes/llm-settings.tsx(849,11): error TS17004: Cannot use JSX unless the '--jsx' flag is provided.
frontend/src/routes/loading-demo.tsx(1,10): error TS2614: Module '"#/*"' has no exported member 'LoadingDemo'. Did you mean to use 'import LoadingDemo from "#/*"' instead?
frontend/src/routes/loading-demo.tsx(4,10): error TS17004: Cannot use JSX unless the '--jsx' flag is provided.
frontend/src/routes/mcp-settings.tsx(4,10): error TS2614: Module '"#/*"' has no exported member 'useSettings'. Did you mean to use 'import useSettings from "#/*"' instead?
frontend/src/routes/mcp-settings.tsx(5,10): error TS2614: Module '"#/*"' has no exported member 'useDeleteMcpServer'. Did you mean to use 'import useDeleteMcpServer from "#/*"' instead?
frontend/src/routes/mcp-settings.tsx(6,10): error TS2614: Module '"#/*"' has no exported member 'useAddMcpServer'. Did you mean to use 'import useAddMcpServer from "#/*"' instead?
frontend/src/routes/mcp-settings.tsx(7,10): error TS2614: Module '"#/*"' has no exported member 'useUpdateMcpServer'. Did you mean to use 'import useUpdateMcpServer from "#/*"' instead?
frontend/src/routes/mcp-settings.tsx(8,10): error TS2614: Module '"#/*"' has no exported member 'I18nKey'. Did you mean to use 'import I18nKey from "#/*"' instead?
frontend/src/routes/mcp-settings.tsx(9,15): error TS2614: Module '"#/*"' has no exported member 'MCPMarketplaceItem'. Did you mean to use 'import MCPMarketplaceItem from "#/*"' instead?
frontend/src/routes/mcp-settings.tsx(11,10): error TS2614: Module '"#/*"' has no exported member 'MCPServerList'. Did you mean to use 'import MCPServerList from "#/*"' instead?
frontend/src/routes/mcp-settings.tsx(12,10): error TS2614: Module '"#/*"' has no exported member 'MCPServerForm'. Did you mean to use 'import MCPServerForm from "#/*"' instead?
frontend/src/routes/mcp-settings.tsx(13,10): error TS2614: Module '"#/*"' has no exported member 'MCPMarketplace'. Did you mean to use 'import MCPMarketplace from "#/*"' instead?
frontend/src/routes/mcp-settings.tsx(14,10): error TS2614: Module '"#/*"' has no exported member 'ConfirmationModal'. Did you mean to use 'import ConfirmationModal from "#/*"' instead?
frontend/src/routes/mcp-settings.tsx(15,10): error TS2614: Module '"#/*"' has no exported member 'BrandButton'. Did you mean to use 'import BrandButton from "#/*"' instead?
frontend/src/routes/mcp-settings.tsx(16,10): error TS2614: Module '"#/*"' has no exported member 'MCPConfig'. Did you mean to use 'import MCPConfig from "#/*"' instead?
frontend/src/routes/mcp-settings.tsx(57,35): error TS7006: Parameter 'server' implicitly has an 'any' type.
frontend/src/routes/mcp-settings.tsx(57,43): error TS7006: Parameter 'index' implicitly has an 'any' type.
frontend/src/routes/mcp-settings.tsx(63,37): error TS7006: Parameter 'server' implicitly has an 'any' type.
frontend/src/routes/mcp-settings.tsx(63,45): error TS7006: Parameter 'index' implicitly has an 'any' type.
frontend/src/routes/mcp-settings.tsx(71,37): error TS7006: Parameter 'server' implicitly has an 'any' type.
frontend/src/routes/mcp-settings.tsx(71,45): error TS7006: Parameter 'index' implicitly has an 'any' type.
frontend/src/routes/mcp-settings.tsx(155,7): error TS17004: Cannot use JSX unless the '--jsx' flag is provided.
frontend/src/routes/mcp-settings.tsx(156,9): error TS17004: Cannot use JSX unless the '--jsx' flag is provided.
frontend/src/routes/mcp-settings.tsx(157,11): error TS17004: Cannot use JSX unless the '--jsx' flag is provided.
frontend/src/routes/mcp-settings.tsx(158,11): error TS17004: Cannot use JSX unless the '--jsx' flag is provided.
frontend/src/routes/mcp-settings.tsx(159,11): error TS17004: Cannot use JSX unless the '--jsx' flag is provided.
frontend/src/routes/mcp-settings.tsx(166,5): error TS17004: Cannot use JSX unless the '--jsx' flag is provided.
frontend/src/routes/mcp-settings.tsx(168,7): error TS17004: Cannot use JSX unless the '--jsx' flag is provided.
frontend/src/routes/mcp-settings.tsx(169,9): error TS17004: Cannot use JSX unless the '--jsx' flag is provided.
frontend/src/routes/mcp-settings.tsx(181,11): error TS17004: Cannot use JSX unless the '--jsx' flag is provided.
frontend/src/routes/mcp-settings.tsx(184,13): error TS17004: Cannot use JSX unless the '--jsx' flag is provided.
frontend/src/routes/mcp-settings.tsx(195,9): error TS17004: Cannot use JSX unless the '--jsx' flag is provided.
frontend/src/routes/mcp-settings.tsx(204,11): error TS17004: Cannot use JSX unless the '--jsx' flag is provided.
frontend/src/routes/mcp-settings.tsx(211,9): error TS17004: Cannot use JSX unless the '--jsx' flag is provided.
frontend/src/routes/mcp-settings.tsx(212,11): error TS17004: Cannot use JSX unless the '--jsx' flag is provided.
frontend/src/routes/mcp-settings.tsx(222,11): error TS17004: Cannot use JSX unless the '--jsx' flag is provided.
frontend/src/routes/mcp-settings.tsx(231,9): error TS17004: Cannot use JSX unless the '--jsx' flag is provided.
frontend/src/routes/mcp-settings.tsx(240,9): error TS17004: Cannot use JSX unless the '--jsx' flag is provided.
frontend/src/routes/mcp-settings.tsx(253,9): error TS17004: Cannot use JSX unless the '--jsx' flag is provided.
frontend/src/routes/mcp-settings.tsx(260,9): error TS17004: Cannot use JSX unless the '--jsx' flag is provided.
frontend/src/routes/memory-settings.tsx(13,10): error TS2614: Module '"#/*"' has no exported member 'BrandButton'. Did you mean to use 'import BrandButton from "#/*"' instead?
frontend/src/routes/memory-settings.tsx(14,10): error TS2614: Module '"#/*"' has no exported member 'MemoryCard'. Did you mean to use 'import MemoryCard from "#/*"' instead?
frontend/src/routes/memory-settings.tsx(15,10): error TS2614: Module '"#/*"' has no exported member 'MemoryFormModal'. Did you mean to use 'import MemoryFormModal from "#/*"' instead?
frontend/src/routes/memory-settings.tsx(16,10): error TS2614: Module '"#/*"' has no exported member 'ConfirmationModal'. Did you mean to use 'import ConfirmationModal from "#/*"' instead?
frontend/src/routes/memory-settings.tsx(18,3): error TS2614: Module '"#/*"' has no exported member 'useMemories'. Did you mean to use 'import useMemories from "#/*"' instead?
frontend/src/routes/memory-settings.tsx(19,3): error TS2614: Module '"#/*"' has no exported member 'useCreateMemory'. Did you mean to use 'import useCreateMemory from "#/*"' instead?
frontend/src/routes/memory-settings.tsx(20,3): error TS2614: Module '"#/*"' has no exported member 'useUpdateMemory'. Did you mean to use 'import useUpdateMemory from "#/*"' instead?
frontend/src/routes/memory-settings.tsx(21,3): error TS2614: Module '"#/*"' has no exported member 'useDeleteMemory'. Did you mean to use 'import useDeleteMemory from "#/*"' instead?
frontend/src/routes/memory-settings.tsx(22,3): error TS2614: Module '"#/*"' has no exported member 'useMemoryStats'. Did you mean to use 'import useMemoryStats from "#/*"' instead?
frontend/src/routes/memory-settings.tsx(23,3): error TS2614: Module '"#/*"' has no exported member 'useExportMemories'. Did you mean to use 'import useExportMemories from "#/*"' instead?
frontend/src/routes/memory-settings.tsx(24,3): error TS2614: Module '"#/*"' has no exported member 'useImportMemories'. Did you mean to use 'import useImportMemories from "#/*"' instead?
frontend/src/routes/memory-settings.tsx(26,15): error TS2614: Module '"#/*"' has no exported member 'Memory'. Did you mean to use 'import Memory from "#/*"' instead?
frontend/src/routes/memory-settings.tsx(26,23): error TS2614: Module '"#/*"' has no exported member 'MemoryCategory'. Did you mean to use 'import MemoryCategory from "#/*"' instead?
frontend/src/routes/memory-settings.tsx(28,3): error TS2614: Module '"#/*"' has no exported member 'displayErrorToast'. Did you mean to use 'import displayErrorToast from "#/*"' instead?
frontend/src/routes/memory-settings.tsx(29,3): error TS2614: Module '"#/*"' has no exported member 'displaySuccessToast'. Did you mean to use 'import displaySuccessToast from "#/*"' instead?
frontend/src/routes/memory-settings.tsx(31,10): error TS2614: Module '"#/*"' has no exported member 'useDebounce'. Did you mean to use 'import useDebounce from "#/*"' instead?
frontend/src/routes/memory-settings.tsx(75,24): error TS7006: Parameter 'tag' implicitly has an 'any' type.
frontend/src/routes/memory-settings.tsx(112,19): error TS7006: Parameter 'error' implicitly has an 'any' type.
frontend/src/routes/memory-settings.tsx(132,21): error TS7006: Parameter 'error' implicitly has an 'any' type.
frontend/src/routes/memory-settings.tsx(146,19): error TS7006: Parameter 'error' implicitly has an 'any' type.
frontend/src/routes/memory-settings.tsx(188,25): error TS7006: Parameter 'result' implicitly has an 'any' type.
frontend/src/routes/memory-settings.tsx(207,7): error TS17004: Cannot use JSX unless the '--jsx' flag is provided.
frontend/src/routes/memory-settings.tsx(208,9): error TS17004: Cannot use JSX unless the '--jsx' flag is provided.
frontend/src/routes/memory-settings.tsx(214,5): error TS17004: Cannot use JSX unless the '--jsx' flag is provided.
frontend/src/routes/memory-settings.tsx(216,7): error TS17004: Cannot use JSX unless the '--jsx' flag is provided.
frontend/src/routes/memory-settings.tsx(217,9): error TS17004: Cannot use JSX unless the '--jsx' flag is provided.
frontend/src/routes/memory-settings.tsx(218,11): error TS17004: Cannot use JSX unless the '--jsx' flag is provided.
frontend/src/routes/memory-settings.tsx(219,11): error TS17004: Cannot use JSX unless the '--jsx' flag is provided.
frontend/src/routes/memory-settings.tsx(220,13): error TS17004: Cannot use JSX unless the '--jsx' flag is provided.
frontend/src/routes/memory-settings.tsx(221,13): error TS17004: Cannot use JSX unless the '--jsx' flag is provided.
frontend/src/routes/memory-settings.tsx(226,9): error TS17004: Cannot use JSX unless the '--jsx' flag is provided.
frontend/src/routes/memory-settings.tsx(227,11): error TS17004: Cannot use JSX unless the '--jsx' flag is provided.
frontend/src/routes/memory-settings.tsx(234,13): error TS17004: Cannot use JSX unless the '--jsx' flag is provided.
frontend/src/routes/memory-settings.tsx(237,11): error TS17004: Cannot use JSX unless the '--jsx' flag is provided.
frontend/src/routes/memory-settings.tsx(244,13): error TS17004: Cannot use JSX unless the '--jsx' flag is provided.
frontend/src/routes/memory-settings.tsx(247,11): error TS17004: Cannot use JSX unless the '--jsx' flag is provided.
frontend/src/routes/memory-settings.tsx(254,13): error TS17004: Cannot use JSX unless the '--jsx' flag is provided.
frontend/src/routes/memory-settings.tsx(262,9): error TS17004: Cannot use JSX unless the '--jsx' flag is provided.
frontend/src/routes/memory-settings.tsx(263,11): error TS17004: Cannot use JSX unless the '--jsx' flag is provided.
frontend/src/routes/memory-settings.tsx(264,13): error TS17004: Cannot use JSX unless the '--jsx' flag is provided.
frontend/src/routes/memory-settings.tsx(265,13): error TS17004: Cannot use JSX unless the '--jsx' flag is provided.
frontend/src/routes/memory-settings.tsx(267,11): error TS17004: Cannot use JSX unless the '--jsx' flag is provided.
frontend/src/routes/memory-settings.tsx(268,13): error TS17004: Cannot use JSX unless the '--jsx' flag is provided.
frontend/src/routes/memory-settings.tsx(269,13): error TS17004: Cannot use JSX unless the '--jsx' flag is provided.
frontend/src/routes/memory-settings.tsx(273,11): error TS17004: Cannot use JSX unless the '--jsx' flag is provided.
frontend/src/routes/memory-settings.tsx(274,13): error TS17004: Cannot use JSX unless the '--jsx' flag is provided.
frontend/src/routes/memory-settings.tsx(275,13): error TS17004: Cannot use JSX unless the '--jsx' flag is provided.
frontend/src/routes/memory-settings.tsx(279,11): error TS17004: Cannot use JSX unless the '--jsx' flag is provided.
frontend/src/routes/memory-settings.tsx(280,13): error TS17004: Cannot use JSX unless the '--jsx' flag is provided.
frontend/src/routes/memory-settings.tsx(281,13): error TS17004: Cannot use JSX unless the '--jsx' flag is provided.
frontend/src/routes/memory-settings.tsx(285,11): error TS17004: Cannot use JSX unless the '--jsx' flag is provided.
frontend/src/routes/memory-settings.tsx(286,13): error TS17004: Cannot use JSX unless the '--jsx' flag is provided.
frontend/src/routes/memory-settings.tsx(287,13): error TS17004: Cannot use JSX unless the '--jsx' flag is provided.
frontend/src/routes/memory-settings.tsx(295,7): error TS17004: Cannot use JSX unless the '--jsx' flag is provided.
frontend/src/routes/memory-settings.tsx(297,9): error TS17004: Cannot use JSX unless the '--jsx' flag is provided.
frontend/src/routes/memory-settings.tsx(298,11): error TS17004: Cannot use JSX unless the '--jsx' flag is provided.
frontend/src/routes/memory-settings.tsx(299,11): error TS17004: Cannot use JSX unless the '--jsx' flag is provided.
frontend/src/routes/memory-settings.tsx(309,9): error TS17004: Cannot use JSX unless the '--jsx' flag is provided.
frontend/src/routes/memory-settings.tsx(310,11): error TS17004: Cannot use JSX unless the '--jsx' flag is provided.
frontend/src/routes/memory-settings.tsx(321,11): error TS17004: Cannot use JSX unless the '--jsx' flag is provided.
frontend/src/routes/memory-settings.tsx(330,13): error TS17004: Cannot use JSX unless the '--jsx' flag is provided.
frontend/src/routes/memory-settings.tsx(333,11): error TS17004: Cannot use JSX unless the '--jsx' flag is provided.
frontend/src/routes/memory-settings.tsx(342,13): error TS17004: Cannot use JSX unless the '--jsx' flag is provided.
frontend/src/routes/memory-settings.tsx(345,11): error TS17004: Cannot use JSX unless the '--jsx' flag is provided.
frontend/src/routes/memory-settings.tsx(354,13): error TS17004: Cannot use JSX unless the '--jsx' flag is provided.
frontend/src/routes/memory-settings.tsx(362,9): error TS17004: Cannot use JSX unless the '--jsx' flag is provided.
frontend/src/routes/memory-settings.tsx(363,11): error TS17004: Cannot use JSX unless the '--jsx' flag is provided.
frontend/src/routes/memory-settings.tsx(364,11): error TS17004: Cannot use JSX unless the '--jsx' flag is provided.
frontend/src/routes/memory-settings.tsx(369,11): error TS17004: Cannot use JSX unless the '--jsx' flag is provided.
frontend/src/routes/memory-settings.tsx(375,13): error TS17004: Cannot use JSX unless the '--jsx' flag is provided.
frontend/src/routes/memory-settings.tsx(381,15): error TS17004: Cannot use JSX unless the '--jsx' flag is provided.
frontend/src/routes/memory-settings.tsx(387,9): error TS17004: Cannot use JSX unless the '--jsx' flag is provided.
frontend/src/routes/memory-settings.tsx(389,13): error TS17004: Cannot use JSX unless the '--jsx' flag is provided.
frontend/src/routes/memory-settings.tsx(401,9): error TS17004: Cannot use JSX unless the '--jsx' flag is provided.
frontend/src/routes/memory-settings.tsx(414,9): error TS17004: Cannot use JSX unless the '--jsx' flag is provided.
frontend/src/routes/microagent-management.tsx(1,10): error TS2614: Module '"#/*"' has no exported member 'queryClient'. Did you mean to use 'import queryClient from "#/*"' instead?
frontend/src/routes/microagent-management.tsx(2,10): error TS2614: Module '"#/*"' has no exported member 'GetConfigResponse'. Did you mean to use 'import GetConfigResponse from "#/*"' instead?
frontend/src/routes/microagent-management.tsx(4,10): error TS2614: Module '"#/*"' has no exported member 'MicroagentManagementContent'. Did you mean to use 'import MicroagentManagementContent from "#/*"' instead?
frontend/src/routes/microagent-management.tsx(5,10): error TS2614: Module '"#/*"' has no exported member 'ConversationSubscriptionsProvider'. Did you mean to use 'import ConversationSubscriptionsProvider from "#/*"' instead?
frontend/src/routes/microagent-management.tsx(6,10): error TS2614: Module '"#/*"' has no exported member 'EventHandler'. Did you mean to use 'import EventHandler from "#/*"' instead?
frontend/src/routes/microagent-management.tsx(20,5): error TS17004: Cannot use JSX unless the '--jsx' flag is provided.
frontend/src/routes/microagent-management.tsx(21,7): error TS17004: Cannot use JSX unless the '--jsx' flag is provided.
frontend/src/routes/microagent-management.tsx(22,9): error TS17004: Cannot use JSX unless the '--jsx' flag is provided.
frontend/src/routes/pricing.tsx(14,10): error TS2614: Module '"#/*"' has no exported member 'useCreateConversation'. Did you mean to use 'import useCreateConversation from "#/*"' instead?
frontend/src/routes/pricing.tsx(15,10): error TS2614: Module '"#/*"' has no exported member 'Card'. Did you mean to use 'import Card from "#/*"' instead?
frontend/src/routes/pricing.tsx(15,16): error TS2614: Module '"#/*"' has no exported member 'CardContent'. Did you mean to use 'import CardContent from "#/*"' instead?
frontend/src/routes/pricing.tsx(15,29): error TS2614: Module '"#/*"' has no exported member 'CardHeader'. Did you mean to use 'import CardHeader from "#/*"' instead?
frontend/src/routes/pricing.tsx(15,41): error TS2614: Module '"#/*"' has no exported member 'CardTitle'. Did you mean to use 'import CardTitle from "#/*"' instead?
frontend/src/routes/pricing.tsx(16,10): error TS2614: Module '"#/*"' has no exported member 'Badge'. Did you mean to use 'import Badge from "#/*"' instead?
frontend/src/routes/pricing.tsx(17,10): error TS2614: Module '"#/*"' has no exported member 'Button'. Did you mean to use 'import Button from "#/*"' instead?
frontend/src/routes/pricing.tsx(18,10): error TS2614: Module '"#/*"' has no exported member 'cn'. Did you mean to use 'import cn from "#/*"' instead?
frontend/src/routes/pricing.tsx(188,21): error TS7006: Parameter 'data' implicitly has an 'any' type.
frontend/src/routes/pricing.tsx(252,9): error TS17004: Cannot use JSX unless the '--jsx' flag is provided.
frontend/src/routes/pricing.tsx(253,11): error TS17004: Cannot use JSX unless the '--jsx' flag is provided.
frontend/src/routes/pricing.tsx(254,13): error TS17004: Cannot use JSX unless the '--jsx' flag is provided.
frontend/src/routes/pricing.tsx(261,9): error TS17004: Cannot use JSX unless the '--jsx' flag is provided.
frontend/src/routes/pricing.tsx(262,11): error TS17004: Cannot use JSX unless the '--jsx' flag is provided.
frontend/src/routes/pricing.tsx(263,13): error TS17004: Cannot use JSX unless the '--jsx' flag is provided.
frontend/src/routes/pricing.tsx(269,7): error TS17004: Cannot use JSX unless the '--jsx' flag is provided.
frontend/src/routes/pricing.tsx(270,9): error TS17004: Cannot use JSX unless the '--jsx' flag is provided.
frontend/src/routes/pricing.tsx(278,5): error TS17004: Cannot use JSX unless the '--jsx' flag is provided.
frontend/src/routes/pricing.tsx(280,7): error TS17004: Cannot use JSX unless the '--jsx' flag is provided.
frontend/src/routes/pricing.tsx(282,9): error TS17004: Cannot use JSX unless the '--jsx' flag is provided.
frontend/src/routes/pricing.tsx(283,9): error TS17004: Cannot use JSX unless the '--jsx' flag is provided.
frontend/src/routes/pricing.tsx(285,9): error TS17004: Cannot use JSX unless the '--jsx' flag is provided.
frontend/src/routes/pricing.tsx(287,11): error TS17004: Cannot use JSX unless the '--jsx' flag is provided.
frontend/src/routes/pricing.tsx(288,13): error TS17004: Cannot use JSX unless the '--jsx' flag is provided.
frontend/src/routes/pricing.tsx(292,15): error TS17004: Cannot use JSX unless the '--jsx' flag is provided.
frontend/src/routes/pricing.tsx(298,11): error TS17004: Cannot use JSX unless the '--jsx' flag is provided.
frontend/src/routes/pricing.tsx(299,13): error TS17004: Cannot use JSX unless the '--jsx' flag is provided.
frontend/src/routes/pricing.tsx(302,13): error TS17004: Cannot use JSX unless the '--jsx' flag is provided.
frontend/src/routes/pricing.tsx(308,11): error TS17004: Cannot use JSX unless the '--jsx' flag is provided.
frontend/src/routes/pricing.tsx(313,11): error TS17004: Cannot use JSX unless the '--jsx' flag is provided.
frontend/src/routes/pricing.tsx(314,13): error TS17004: Cannot use JSX unless the '--jsx' flag is provided.
frontend/src/routes/pricing.tsx(325,13): error TS17004: Cannot use JSX unless the '--jsx' flag is provided.
frontend/src/routes/pricing.tsx(335,15): error TS17004: Cannot use JSX unless the '--jsx' flag is provided.
frontend/src/routes/pricing.tsx(344,7): error TS17004: Cannot use JSX unless the '--jsx' flag is provided.
frontend/src/routes/pricing.tsx(345,9): error TS17004: Cannot use JSX unless the '--jsx' flag is provided.
frontend/src/routes/pricing.tsx(346,11): error TS17004: Cannot use JSX unless the '--jsx' flag is provided.
frontend/src/routes/pricing.tsx(353,17): error TS17004: Cannot use JSX unless the '--jsx' flag is provided.
frontend/src/routes/pricing.tsx(367,21): error TS17004: Cannot use JSX unless the '--jsx' flag is provided.
frontend/src/routes/pricing.tsx(371,19): error TS17004: Cannot use JSX unless the '--jsx' flag is provided.
frontend/src/routes/pricing.tsx(373,19): error TS17004: Cannot use JSX unless the '--jsx' flag is provided.
frontend/src/routes/pricing.tsx(375,21): error TS17004: Cannot use JSX unless the '--jsx' flag is provided.
frontend/src/routes/pricing.tsx(376,23): error TS17004: Cannot use JSX unless the '--jsx' flag is provided.
frontend/src/routes/pricing.tsx(380,25): error TS17004: Cannot use JSX unless the '--jsx' flag is provided.
frontend/src/routes/pricing.tsx(381,27): error TS17004: Cannot use JSX unless the '--jsx' flag is provided.
frontend/src/routes/pricing.tsx(388,21): error TS17004: Cannot use JSX unless the '--jsx' flag is provided.
frontend/src/routes/pricing.tsx(389,23): error TS17004: Cannot use JSX unless the '--jsx' flag is provided.
frontend/src/routes/pricing.tsx(390,25): error TS17004: Cannot use JSX unless the '--jsx' flag is provided.
frontend/src/routes/pricing.tsx(393,25): error TS17004: Cannot use JSX unless the '--jsx' flag is provided.
frontend/src/routes/pricing.tsx(398,25): error TS17004: Cannot use JSX unless the '--jsx' flag is provided.
frontend/src/routes/pricing.tsx(405,21): error TS17004: Cannot use JSX unless the '--jsx' flag is provided.
frontend/src/routes/pricing.tsx(410,21): error TS17004: Cannot use JSX unless the '--jsx' flag is provided.
frontend/src/routes/pricing.tsx(419,25): error TS17004: Cannot use JSX unless the '--jsx' flag is provided.
frontend/src/routes/pricing.tsx(420,27): error TS17004: Cannot use JSX unless the '--jsx' flag is provided.
frontend/src/routes/pricing.tsx(424,25): error TS17004: Cannot use JSX unless the '--jsx' flag is provided.
frontend/src/routes/pricing.tsx(426,27): error TS17004: Cannot use JSX unless the '--jsx' flag is provided.
frontend/src/routes/pricing.tsx(432,19): error TS17004: Cannot use JSX unless the '--jsx' flag is provided.
frontend/src/routes/pricing.tsx(434,21): error TS17004: Cannot use JSX unless the '--jsx' flag is provided.
frontend/src/routes/pricing.tsx(436,25): error TS17004: Cannot use JSX unless the '--jsx' flag is provided.
frontend/src/routes/pricing.tsx(437,27): error TS17004: Cannot use JSX unless the '--jsx' flag is provided.
frontend/src/routes/pricing.tsx(438,29): error TS17004: Cannot use JSX unless the '--jsx' flag is provided.
frontend/src/routes/pricing.tsx(440,27): error TS17004: Cannot use JSX unless the '--jsx' flag is provided.
frontend/src/routes/pricing.tsx(453,11): error TS17004: Cannot use JSX unless the '--jsx' flag is provided.
frontend/src/routes/pricing.tsx(454,13): error TS17004: Cannot use JSX unless the '--jsx' flag is provided.
frontend/src/routes/pricing.tsx(455,15): error TS17004: Cannot use JSX unless the '--jsx' flag is provided.
frontend/src/routes/pricing.tsx(456,15): error TS17004: Cannot use JSX unless the '--jsx' flag is provided.
frontend/src/routes/pricing.tsx(458,13): error TS17004: Cannot use JSX unless the '--jsx' flag is provided.
frontend/src/routes/pricing.tsx(459,15): error TS17004: Cannot use JSX unless the '--jsx' flag is provided.
frontend/src/routes/pricing.tsx(460,15): error TS17004: Cannot use JSX unless the '--jsx' flag is provided.
frontend/src/routes/pricing.tsx(462,13): error TS17004: Cannot use JSX unless the '--jsx' flag is provided.
frontend/src/routes/pricing.tsx(463,15): error TS17004: Cannot use JSX unless the '--jsx' flag is provided.
frontend/src/routes/pricing.tsx(464,15): error TS17004: Cannot use JSX unless the '--jsx' flag is provided.
frontend/src/routes/pricing.tsx(471,7): error TS17004: Cannot use JSX unless the '--jsx' flag is provided.
frontend/src/routes/pricing.tsx(472,9): error TS17004: Cannot use JSX unless the '--jsx' flag is provided.
frontend/src/routes/pricing.tsx(474,11): error TS17004: Cannot use JSX unless the '--jsx' flag is provided.
frontend/src/routes/pricing.tsx(475,13): error TS17004: Cannot use JSX unless the '--jsx' flag is provided.
frontend/src/routes/pricing.tsx(479,15): error TS17004: Cannot use JSX unless the '--jsx' flag is provided.
frontend/src/routes/pricing.tsx(482,13): error TS17004: Cannot use JSX unless the '--jsx' flag is provided.
frontend/src/routes/pricing.tsx(485,13): error TS17004: Cannot use JSX unless the '--jsx' flag is provided.
frontend/src/routes/pricing.tsx(491,11): error TS17004: Cannot use JSX unless the '--jsx' flag is provided.
frontend/src/routes/pricing.tsx(492,13): error TS17004: Cannot use JSX unless the '--jsx' flag is provided.
frontend/src/routes/pricing.tsx(493,15): error TS17004: Cannot use JSX unless the '--jsx' flag is provided.
frontend/src/routes/pricing.tsx(494,17): error TS17004: Cannot use JSX unless the '--jsx' flag is provided.
frontend/src/routes/pricing.tsx(495,19): error TS17004: Cannot use JSX unless the '--jsx' flag is provided.
frontend/src/routes/pricing.tsx(496,21): error TS17004: Cannot use JSX unless the '--jsx' flag is provided.
frontend/src/routes/pricing.tsx(499,21): error TS17004: Cannot use JSX unless the '--jsx' flag is provided.
frontend/src/routes/pricing.tsx(502,21): error TS17004: Cannot use JSX unless the '--jsx' flag is provided.
frontend/src/routes/pricing.tsx(503,23): error TS17004: Cannot use JSX unless the '--jsx' flag is provided.
frontend/src/routes/pricing.tsx(505,25): error TS17004: Cannot use JSX unless the '--jsx' flag is provided.
frontend/src/routes/pricing.tsx(508,21): error TS17004: Cannot use JSX unless the '--jsx' flag is provided.
frontend/src/routes/pricing.tsx(513,17): error TS17004: Cannot use JSX unless the '--jsx' flag is provided.
frontend/src/routes/pricing.tsx(515,21): error TS17004: Cannot use JSX unless the '--jsx' flag is provided.
frontend/src/routes/pricing.tsx(517,23): error TS17004: Cannot use JSX unless the '--jsx' flag is provided.
frontend/src/routes/pricing.tsx(518,25): error TS17004: Cannot use JSX unless the '--jsx' flag is provided.
frontend/src/routes/pricing.tsx(527,25): error TS17004: Cannot use JSX unless the '--jsx' flag is provided.
frontend/src/routes/pricing.tsx(531,27): error TS17004: Cannot use JSX unless the '--jsx' flag is provided.
frontend/src/routes/pricing.tsx(534,27): error TS17004: Cannot use JSX unless the '--jsx' flag is provided.
frontend/src/routes/pricing.tsx(537,27): error TS17004: Cannot use JSX unless the '--jsx' flag is provided.
frontend/src/routes/pricing.tsx(540,27): error TS17004: Cannot use JSX unless the '--jsx' flag is provided.
frontend/src/routes/pricing.tsx(555,7): error TS17004: Cannot use JSX unless the '--jsx' flag is provided.
frontend/src/routes/pricing.tsx(556,9): error TS17004: Cannot use JSX unless the '--jsx' flag is provided.
frontend/src/routes/pricing.tsx(558,11): error TS17004: Cannot use JSX unless the '--jsx' flag is provided.
frontend/src/routes/pricing.tsx(559,13): error TS17004: Cannot use JSX unless the '--jsx' flag is provided.
frontend/src/routes/pricing.tsx(563,15): error TS17004: Cannot use JSX unless the '--jsx' flag is provided.
frontend/src/routes/pricing.tsx(566,13): error TS17004: Cannot use JSX unless the '--jsx' flag is provided.
frontend/src/routes/pricing.tsx(569,13): error TS17004: Cannot use JSX unless the '--jsx' flag is provided.
frontend/src/routes/pricing.tsx(575,11): error TS17004: Cannot use JSX unless the '--jsx' flag is provided.
frontend/src/routes/pricing.tsx(577,15): error TS17004: Cannot use JSX unless the '--jsx' flag is provided.
frontend/src/routes/pricing.tsx(581,17): error TS17004: Cannot use JSX unless the '--jsx' flag is provided.
frontend/src/routes/pricing.tsx(585,19): error TS17004: Cannot use JSX unless the '--jsx' flag is provided.
frontend/src/routes/pricing.tsx(588,19): error TS17004: Cannot use JSX unless the '--jsx' flag is provided.
frontend/src/routes/pricing.tsx(595,17): error TS17004: Cannot use JSX unless the '--jsx' flag is provided.
frontend/src/routes/pricing.tsx(601,19): error TS17004: Cannot use JSX unless the '--jsx' flag is provided.
frontend/src/routes/pricing.tsx(610,11): error TS17004: Cannot use JSX unless the '--jsx' flag is provided.
frontend/src/routes/pricing.tsx(611,13): error TS17004: Cannot use JSX unless the '--jsx' flag is provided.
frontend/src/routes/pricing.tsx(614,13): error TS17004: Cannot use JSX unless the '--jsx' flag is provided.
frontend/src/routes/pricing.tsx(619,15): error TS17004: Cannot use JSX unless the '--jsx' flag is provided.
frontend/src/routes/pricing.tsx(626,7): error TS17004: Cannot use JSX unless the '--jsx' flag is provided.
frontend/src/routes/pricing.tsx(627,9): error TS17004: Cannot use JSX unless the '--jsx' flag is provided.
frontend/src/routes/pricing.tsx(628,11): error TS17004: Cannot use JSX unless the '--jsx' flag is provided.
frontend/src/routes/pricing.tsx(629,13): error TS17004: Cannot use JSX unless the '--jsx' flag is provided.
frontend/src/routes/pricing.tsx(630,15): error TS17004: Cannot use JSX unless the '--jsx' flag is provided.
frontend/src/routes/pricing.tsx(631,17): error TS17004: Cannot use JSX unless the '--jsx' flag is provided.
frontend/src/routes/pricing.tsx(632,19): error TS17004: Cannot use JSX unless the '--jsx' flag is provided.
frontend/src/routes/pricing.tsx(633,19): error TS17004: Cannot use JSX unless the '--jsx' flag is provided.
frontend/src/routes/pricing.tsx(638,17): error TS17004: Cannot use JSX unless the '--jsx' flag is provided.
frontend/src/routes/pricing.tsx(642,17): error TS17004: Cannot use JSX unless the '--jsx' flag is provided.
frontend/src/routes/pricing.tsx(646,17): error TS17004: Cannot use JSX unless the '--jsx' flag is provided.
frontend/src/routes/pricing.tsx(647,19): error TS17004: Cannot use JSX unless the '--jsx' flag is provided.
frontend/src/routes/pricing.tsx(653,21): error TS17004: Cannot use JSX unless the '--jsx' flag is provided.
frontend/src/routes/pricing.tsx(656,19): error TS17004: Cannot use JSX unless the '--jsx' flag is provided.
frontend/src/routes/pricing.tsx(665,17): error TS17004: Cannot use JSX unless the '--jsx' flag is provided.
frontend/src/routes/pricing.tsx(666,19): error TS17004: Cannot use JSX unless the '--jsx' flag is provided.
frontend/src/routes/pricing.tsx(667,21): error TS17004: Cannot use JSX unless the '--jsx' flag is provided.
frontend/src/routes/pricing.tsx(668,21): error TS17004: Cannot use JSX unless the '--jsx' flag is provided.
frontend/src/routes/pricing.tsx(670,19): error TS17004: Cannot use JSX unless the '--jsx' flag is provided.
frontend/src/routes/pricing.tsx(671,21): error TS17004: Cannot use JSX unless the '--jsx' flag is provided.
frontend/src/routes/pricing.tsx(672,21): error TS17004: Cannot use JSX unless the '--jsx' flag is provided.
frontend/src/routes/pricing.tsx(674,19): error TS17004: Cannot use JSX unless the '--jsx' flag is provided.
frontend/src/routes/pricing.tsx(675,21): error TS17004: Cannot use JSX unless the '--jsx' flag is provided.
frontend/src/routes/pricing.tsx(676,21): error TS17004: Cannot use JSX unless the '--jsx' flag is provided.
frontend/src/routes/pricing.tsx(688,32): error TS17004: Cannot use JSX unless the '--jsx' flag is provided.
frontend/src/routes/privacy.tsx(7,5): error TS17004: Cannot use JSX unless the '--jsx' flag is provided.
frontend/src/routes/privacy.tsx(8,7): error TS17004: Cannot use JSX unless the '--jsx' flag is provided.
frontend/src/routes/privacy.tsx(9,9): error TS17004: Cannot use JSX unless the '--jsx' flag is provided.
frontend/src/routes/privacy.tsx(10,11): error TS17004: Cannot use JSX unless the '--jsx' flag is provided.
frontend/src/routes/privacy.tsx(13,11): error TS17004: Cannot use JSX unless the '--jsx' flag is provided.
frontend/src/routes/privacy.tsx(14,11): error TS17004: Cannot use JSX unless the '--jsx' flag is provided.
frontend/src/routes/privacy.tsx(15,13): error TS17004: Cannot use JSX unless the '--jsx' flag is provided.
frontend/src/routes/privacy.tsx(23,9): error TS17004: Cannot use JSX unless the '--jsx' flag is provided.
frontend/src/routes/privacy.tsx(24,11): error TS17004: Cannot use JSX unless the '--jsx' flag is provided.
frontend/src/routes/privacy.tsx(31,11): error TS17004: Cannot use JSX unless the '--jsx' flag is provided.
frontend/src/routes/privacy.tsx(32,13): error TS17004: Cannot use JSX unless the '--jsx' flag is provided.
frontend/src/routes/privacy.tsx(33,15): error TS17004: Cannot use JSX unless the '--jsx' flag is provided.
frontend/src/routes/privacy.tsx(36,15): error TS17004: Cannot use JSX unless the '--jsx' flag is provided.
frontend/src/routes/privacy.tsx(44,13): error TS17004: Cannot use JSX unless the '--jsx' flag is provided.
frontend/src/routes/privacy.tsx(45,15): error TS17004: Cannot use JSX unless the '--jsx' flag is provided.
frontend/src/routes/privacy.tsx(48,15): error TS17004: Cannot use JSX unless the '--jsx' flag is provided.
frontend/src/routes/privacy.tsx(56,13): error TS17004: Cannot use JSX unless the '--jsx' flag is provided.
frontend/src/routes/privacy.tsx(57,15): error TS17004: Cannot use JSX unless the '--jsx' flag is provided.
frontend/src/routes/privacy.tsx(60,15): error TS17004: Cannot use JSX unless the '--jsx' flag is provided.
frontend/src/routes/privacy.tsx(68,13): error TS17004: Cannot use JSX unless the '--jsx' flag is provided.
frontend/src/routes/privacy.tsx(69,15): error TS17004: Cannot use JSX unless the '--jsx' flag is provided.
frontend/src/routes/privacy.tsx(72,15): error TS17004: Cannot use JSX unless the '--jsx' flag is provided.
frontend/src/routes/prompts-settings.tsx(16,10): error TS2614: Module '"#/*"' has no exported member 'useToast'. Did you mean to use 'import useToast from "#/*"' instead?
frontend/src/routes/prompts-settings.tsx(16,20): error TS2614: Module '"#/*"' has no exported member 'ToastContainer'. Did you mean to use 'import ToastContainer from "#/*"' instead?
frontend/src/routes/prompts-settings.tsx(17,10): error TS2614: Module '"#/*"' has no exported member 'CardSkeletonGrid'. Did you mean to use 'import CardSkeletonGrid from "#/*"' instead?
frontend/src/routes/prompts-settings.tsx(18,10): error TS2614: Module '"#/*"' has no exported member 'PromptCard'. Did you mean to use 'import PromptCard from "#/*"' instead?
frontend/src/routes/prompts-settings.tsx(19,10): error TS2614: Module '"#/*"' has no exported member 'PromptFormModal'. Did you mean to use 'import PromptFormModal from "#/*"' instead?
frontend/src/routes/prompts-settings.tsx(21,3): error TS2614: Module '"#/*"' has no exported member 'usePrompts'. Did you mean to use 'import usePrompts from "#/*"' instead?
frontend/src/routes/prompts-settings.tsx(22,3): error TS2614: Module '"#/*"' has no exported member 'usePromptStats'. Did you mean to use 'import usePromptStats from "#/*"' instead?
frontend/src/routes/prompts-settings.tsx(23,3): error TS2614: Module '"#/*"' has no exported member 'useCreatePrompt'. Did you mean to use 'import useCreatePrompt from "#/*"' instead?
frontend/src/routes/prompts-settings.tsx(24,3): error TS2614: Module '"#/*"' has no exported member 'useUpdatePrompt'. Did you mean to use 'import useUpdatePrompt from "#/*"' instead?
frontend/src/routes/prompts-settings.tsx(25,3): error TS2614: Module '"#/*"' has no exported member 'useDeletePrompt'. Did you mean to use 'import useDeletePrompt from "#/*"' instead?
frontend/src/routes/prompts-settings.tsx(26,3): error TS2614: Module '"#/*"' has no exported member 'useExportPrompts'. Did you mean to use 'import useExportPrompts from "#/*"' instead?
frontend/src/routes/prompts-settings.tsx(27,3): error TS2614: Module '"#/*"' has no exported member 'useImportPrompts'. Did you mean to use 'import useImportPrompts from "#/*"' instead?
frontend/src/routes/prompts-settings.tsx(30,3): error TS2614: Module '"#/*"' has no exported member 'CreatePromptRequest'. Did you mean to use 'import CreatePromptRequest from "#/*"' instead?
frontend/src/routes/prompts-settings.tsx(31,3): error TS2614: Module '"#/*"' has no exported member 'PromptTemplate'. Did you mean to use 'import PromptTemplate from "#/*"' instead?
frontend/src/routes/prompts-settings.tsx(33,10): error TS2614: Module '"#/*"' has no exported member 'PromptCategory'. Did you mean to use 'import PromptCategory from "#/*"' instead?
frontend/src/routes/prompts-settings.tsx(33,26): error TS2614: Module '"#/*"' has no exported member 'PROMPT_CATEGORY_LABELS'. Did you mean to use 'import PROMPT_CATEGORY_LABELS from "#/*"' instead?
frontend/src/routes/prompts-settings.tsx(34,10): error TS2614: Module '"#/*"' has no exported member 'useDebounce'. Did you mean to use 'import useDebounce from "#/*"' instead?
frontend/src/routes/prompts-settings.tsx(187,22): error TS7006: Parameter 'tag' implicitly has an 'any' type.
frontend/src/routes/prompts-settings.tsx(192,5): error TS17004: Cannot use JSX unless the '--jsx' flag is provided.
frontend/src/routes/prompts-settings.tsx(194,7): error TS17004: Cannot use JSX unless the '--jsx' flag is provided.
frontend/src/routes/prompts-settings.tsx(195,9): error TS17004: Cannot use JSX unless the '--jsx' flag is provided.
frontend/src/routes/prompts-settings.tsx(196,11): error TS17004: Cannot use JSX unless the '--jsx' flag is provided.
frontend/src/routes/prompts-settings.tsx(199,11): error TS17004: Cannot use JSX unless the '--jsx' flag is provided.
frontend/src/routes/prompts-settings.tsx(204,9): error TS17004: Cannot use JSX unless the '--jsx' flag is provided.
frontend/src/routes/prompts-settings.tsx(205,11): error TS17004: Cannot use JSX unless the '--jsx' flag is provided.
frontend/src/routes/prompts-settings.tsx(211,13): error TS17004: Cannot use JSX unless the '--jsx' flag is provided.
frontend/src/routes/prompts-settings.tsx(214,11): error TS17004: Cannot use JSX unless the '--jsx' flag is provided.
frontend/src/routes/prompts-settings.tsx(220,13): error TS17004: Cannot use JSX unless the '--jsx' flag is provided.
frontend/src/routes/prompts-settings.tsx(223,11): error TS17004: Cannot use JSX unless the '--jsx' flag is provided.
frontend/src/routes/prompts-settings.tsx(228,13): error TS17004: Cannot use JSX unless the '--jsx' flag is provided.
frontend/src/routes/prompts-settings.tsx(236,9): error TS17004: Cannot use JSX unless the '--jsx' flag is provided.
frontend/src/routes/prompts-settings.tsx(237,11): error TS17004: Cannot use JSX unless the '--jsx' flag is provided.
frontend/src/routes/prompts-settings.tsx(238,13): error TS17004: Cannot use JSX unless the '--jsx' flag is provided.
frontend/src/routes/prompts-settings.tsx(239,15): error TS17004: Cannot use JSX unless the '--jsx' flag is provided.
frontend/src/routes/prompts-settings.tsx(242,15): error TS17004: Cannot use JSX unless the '--jsx' flag is provided.
frontend/src/routes/prompts-settings.tsx(244,13): error TS17004: Cannot use JSX unless the '--jsx' flag is provided.
frontend/src/routes/prompts-settings.tsx(249,11): error TS17004: Cannot use JSX unless the '--jsx' flag is provided.
frontend/src/routes/prompts-settings.tsx(250,13): error TS17004: Cannot use JSX unless the '--jsx' flag is provided.
frontend/src/routes/prompts-settings.tsx(251,15): error TS17004: Cannot use JSX unless the '--jsx' flag is provided.
frontend/src/routes/prompts-settings.tsx(254,15): error TS17004: Cannot use JSX unless the '--jsx' flag is provided.
frontend/src/routes/prompts-settings.tsx(256,13): error TS17004: Cannot use JSX unless the '--jsx' flag is provided.
frontend/src/routes/prompts-settings.tsx(261,11): error TS17004: Cannot use JSX unless the '--jsx' flag is provided.
frontend/src/routes/prompts-settings.tsx(262,13): error TS17004: Cannot use JSX unless the '--jsx' flag is provided.
frontend/src/routes/prompts-settings.tsx(263,15): error TS17004: Cannot use JSX unless the '--jsx' flag is provided.
frontend/src/routes/prompts-settings.tsx(266,15): error TS17004: Cannot use JSX unless the '--jsx' flag is provided.
frontend/src/routes/prompts-settings.tsx(268,13): error TS17004: Cannot use JSX unless the '--jsx' flag is provided.
frontend/src/routes/prompts-settings.tsx(273,11): error TS17004: Cannot use JSX unless the '--jsx' flag is provided.
frontend/src/routes/prompts-settings.tsx(274,13): error TS17004: Cannot use JSX unless the '--jsx' flag is provided.
frontend/src/routes/prompts-settings.tsx(275,15): error TS17004: Cannot use JSX unless the '--jsx' flag is provided.
frontend/src/routes/prompts-settings.tsx(278,15): error TS17004: Cannot use JSX unless the '--jsx' flag is provided.
frontend/src/routes/prompts-settings.tsx(280,13): error TS17004: Cannot use JSX unless the '--jsx' flag is provided.
frontend/src/routes/prompts-settings.tsx(288,7): error TS17004: Cannot use JSX unless the '--jsx' flag is provided.
frontend/src/routes/prompts-settings.tsx(290,9): error TS17004: Cannot use JSX unless the '--jsx' flag is provided.
frontend/src/routes/prompts-settings.tsx(291,11): error TS17004: Cannot use JSX unless the '--jsx' flag is provided.
frontend/src/routes/prompts-settings.tsx(292,11): error TS17004: Cannot use JSX unless the '--jsx' flag is provided.
frontend/src/routes/prompts-settings.tsx(302,9): error TS17004: Cannot use JSX unless the '--jsx' flag is provided.
frontend/src/routes/prompts-settings.tsx(309,11): error TS17004: Cannot use JSX unless the '--jsx' flag is provided.
frontend/src/routes/prompts-settings.tsx(311,13): error TS17004: Cannot use JSX unless the '--jsx' flag is provided.
frontend/src/routes/prompts-settings.tsx(312,15): error TS2322: Type 'unknown' is not assignable to type 'ReactI18NextChildren | Iterable<ReactI18NextChildren>'.
frontend/src/routes/prompts-settings.tsx(318,9): error TS17004: Cannot use JSX unless the '--jsx' flag is provided.
frontend/src/routes/prompts-settings.tsx(327,11): error TS17004: Cannot use JSX unless the '--jsx' flag is provided.
frontend/src/routes/prompts-settings.tsx(336,9): error TS17004: Cannot use JSX unless the '--jsx' flag is provided.
frontend/src/routes/prompts-settings.tsx(338,9): error TS17004: Cannot use JSX unless the '--jsx' flag is provided.
frontend/src/routes/prompts-settings.tsx(339,11): error TS17004: Cannot use JSX unless the '--jsx' flag is provided.
frontend/src/routes/prompts-settings.tsx(345,13): error TS17004: Cannot use JSX unless the '--jsx' flag is provided.
frontend/src/routes/prompts-settings.tsx(355,9): error TS17004: Cannot use JSX unless the '--jsx' flag is provided.
frontend/src/routes/prompts-settings.tsx(357,13): error TS17004: Cannot use JSX unless the '--jsx' flag is provided.
frontend/src/routes/prompts-settings.tsx(370,7): error TS17004: Cannot use JSX unless the '--jsx' flag is provided.
frontend/src/routes/prompts-settings.tsx(378,7): error TS17004: Cannot use JSX unless the '--jsx' flag is provided.
frontend/src/routes/root-layout.tsx(10,10): error TS2614: Module '"#/*"' has no exported member 'ErrorBoundary'. Did you mean to use 'import ErrorBoundary from "#/*"' instead?
frontend/src/routes/root-layout.tsx(11,10): error TS2614: Module '"#/*"' has no exported member 'I18nKey'. Did you mean to use 'import I18nKey from "#/*"' instead?
frontend/src/routes/root-layout.tsx(13,10): error TS2614: Module '"#/*"' has no exported member 'useGitHubAuthUrl'. Did you mean to use 'import useGitHubAuthUrl from "#/*"' instead?
frontend/src/routes/root-layout.tsx(14,10): error TS2614: Module '"#/*"' has no exported member 'useIsAuthed'. Did you mean to use 'import useIsAuthed from "#/*"' instead?
frontend/src/routes/root-layout.tsx(15,10): error TS2614: Module '"#/*"' has no exported member 'useConfig'. Did you mean to use 'import useConfig from "#/*"' instead?
frontend/src/routes/root-layout.tsx(16,10): error TS2614: Module '"#/*"' has no exported member 'useSettings'. Did you mean to use 'import useSettings from "#/*"' instead?
frontend/src/routes/root-layout.tsx(17,10): error TS2614: Module '"#/*"' has no exported member 'useMigrateUserConsent'. Did you mean to use 'import useMigrateUserConsent from "#/*"' instead?
frontend/src/routes/root-layout.tsx(18,10): error TS2614: Module '"#/*"' has no exported member 'useBalance'. Did you mean to use 'import useBalance from "#/*"' instead?
frontend/src/routes/root-layout.tsx(19,10): error TS2614: Module '"#/*"' has no exported member 'displaySuccessToast'. Did you mean to use 'import displaySuccessToast from "#/*"' instead?
frontend/src/routes/root-layout.tsx(20,10): error TS2614: Module '"#/*"' has no exported member 'useIsOnTosPage'. Did you mean to use 'import useIsOnTosPage from "#/*"' instead?
frontend/src/routes/root-layout.tsx(21,10): error TS2614: Module '"#/*"' has no exported member 'useAutoLogin'. Did you mean to use 'import useAutoLogin from "#/*"' instead?
frontend/src/routes/root-layout.tsx(22,10): error TS2614: Module '"#/*"' has no exported member 'useAuthCallback'. Did you mean to use 'import useAuthCallback from "#/*"' instead?
frontend/src/routes/root-layout.tsx(23,10): error TS2614: Module '"#/*"' has no exported member 'LOCAL_STORAGE_KEYS'. Did you mean to use 'import LOCAL_STORAGE_KEYS from "#/*"' instead?
frontend/src/routes/root-layout.tsx(24,10): error TS2614: Module '"#/*"' has no exported member 'ToastProvider'. Did you mean to use 'import ToastProvider from "#/*"' instead?
frontend/src/routes/root-layout.tsx(27,10): error TS2614: Module '"#/*"' has no exported member 'RoutePreloader'. Did you mean to use 'import RoutePreloader from "#/*"' instead?
frontend/src/routes/root-layout.tsx(28,10): error TS2614: Module '"#/*"' has no exported member 'injectCriticalCSS'. Did you mean to use 'import injectCriticalCSS from "#/*"' instead?
frontend/src/routes/root-layout.tsx(34,31): error TS2339: Property 'ConversationPanelWrapper' does not exist on type 'typeof import("#/*", { with: { "resolution-mode": "import" } })'.
frontend/src/routes/root-layout.tsx(38,26): error TS2339: Property 'ConversationPanel' does not exist on type 'typeof import("#/*", { with: { "resolution-mode": "import" } })'.
frontend/src/routes/root-layout.tsx(43,16): error TS2339: Property 'AuthModal' does not exist on type 'typeof import("#/*", { with: { "resolution-mode": "import" } })'.
frontend/src/routes/root-layout.tsx(48,16): error TS2339: Property 'ReauthModal' does not exist on type 'typeof import("#/*", { with: { "resolution-mode": "import" } })'.
frontend/src/routes/root-layout.tsx(53,26): error TS2339: Property 'AnalyticsConsentFormModal' does not exist on type 'typeof import("#/*", { with: { "resolution-mode": "import" } })'.
frontend/src/routes/root-layout.tsx(58,16): error TS2339: Property 'Sidebar' does not exist on type 'typeof import("#/*", { with: { "resolution-mode": "import" } })'.
frontend/src/routes/root-layout.tsx(62,66): error TS2339: Property 'Header' does not exist on type 'typeof import("#/*", { with: { "resolution-mode": "import" } })'.
frontend/src/routes/root-layout.tsx(65,66): error TS2339: Property 'Footer' does not exist on type 'typeof import("#/*", { with: { "resolution-mode": "import" } })'.
frontend/src/routes/root-layout.tsx(69,16): error TS2339: Property 'SetupPaymentModal' does not exist on type 'typeof import("#/*", { with: { "resolution-mode": "import" } })'.
frontend/src/routes/root-layout.tsx(74,16): error TS2339: Property 'EmailVerificationGuard' does not exist on type 'typeof import("#/*", { with: { "resolution-mode": "import" } })'.
frontend/src/routes/root-layout.tsx(79,16): error TS2339: Property 'MaintenanceBanner' does not exist on type 'typeof import("#/*", { with: { "resolution-mode": "import" } })'.
frontend/src/routes/root-layout.tsx(89,7): error TS17004: Cannot use JSX unless the '--jsx' flag is provided.
frontend/src/routes/root-layout.tsx(90,9): error TS17004: Cannot use JSX unless the '--jsx' flag is provided.
frontend/src/routes/root-layout.tsx(91,9): error TS17004: Cannot use JSX unless the '--jsx' flag is provided.
frontend/src/routes/root-layout.tsx(92,9): error TS17004: Cannot use JSX unless the '--jsx' flag is provided.
frontend/src/routes/root-layout.tsx(102,7): error TS17004: Cannot use JSX unless the '--jsx' flag is provided.
frontend/src/routes/root-layout.tsx(103,9): error TS17004: Cannot use JSX unless the '--jsx' flag is provided.
frontend/src/routes/root-layout.tsx(104,9): error TS17004: Cannot use JSX unless the '--jsx' flag is provided.
frontend/src/routes/root-layout.tsx(110,5): error TS17004: Cannot use JSX unless the '--jsx' flag is provided.
frontend/src/routes/root-layout.tsx(111,7): error TS17004: Cannot use JSX unless the '--jsx' flag is provided.
frontend/src/routes/root-layout.tsx(296,5): error TS17004: Cannot use JSX unless the '--jsx' flag is provided.
frontend/src/routes/root-layout.tsx(297,7): error TS17004: Cannot use JSX unless the '--jsx' flag is provided.
frontend/src/routes/root-layout.tsx(298,9): error TS17004: Cannot use JSX unless the '--jsx' flag is provided.
frontend/src/routes/root-layout.tsx(305,9): error TS17004: Cannot use JSX unless the '--jsx' flag is provided.
frontend/src/routes/root-layout.tsx(308,13): error TS17004: Cannot use JSX unless the '--jsx' flag is provided.
frontend/src/routes/root-layout.tsx(309,25): error TS17004: Cannot use JSX unless the '--jsx' flag is provided.
frontend/src/routes/root-layout.tsx(311,15): error TS17004: Cannot use JSX unless the '--jsx' flag is provided.
frontend/src/routes/root-layout.tsx(316,11): error TS17004: Cannot use JSX unless the '--jsx' flag is provided.
frontend/src/routes/root-layout.tsx(318,15): error TS17004: Cannot use JSX unless the '--jsx' flag is provided.
frontend/src/routes/root-layout.tsx(325,13): error TS17004: Cannot use JSX unless the '--jsx' flag is provided.
frontend/src/routes/root-layout.tsx(329,11): error TS17004: Cannot use JSX unless the '--jsx' flag is provided.
frontend/src/routes/root-layout.tsx(334,13): error TS17004: Cannot use JSX unless the '--jsx' flag is provided.
frontend/src/routes/root-layout.tsx(335,15): error TS17004: Cannot use JSX unless the '--jsx' flag is provided.
frontend/src/routes/root-layout.tsx(338,17): error TS17004: Cannot use JSX unless the '--jsx' flag is provided.
frontend/src/routes/root-layout.tsx(339,19): error TS17004: Cannot use JSX unless the '--jsx' flag is provided.
frontend/src/routes/root-layout.tsx(340,21): error TS17004: Cannot use JSX unless the '--jsx' flag is provided.
frontend/src/routes/root-layout.tsx(342,25): error TS17004: Cannot use JSX unless the '--jsx' flag is provided.
frontend/src/routes/root-layout.tsx(345,23): error TS17004: Cannot use JSX unless the '--jsx' flag is provided.
frontend/src/routes/root-layout.tsx(354,15): error TS17004: Cannot use JSX unless the '--jsx' flag is provided.
frontend/src/routes/root-layout.tsx(358,17): error TS17004: Cannot use JSX unless the '--jsx' flag is provided.
frontend/src/routes/root-layout.tsx(359,19): error TS17004: Cannot use JSX unless the '--jsx' flag is provided.
frontend/src/routes/root-layout.tsx(361,23): error TS17004: Cannot use JSX unless the '--jsx' flag is provided.
frontend/src/routes/root-layout.tsx(364,21): error TS17004: Cannot use JSX unless the '--jsx' flag is provided.
frontend/src/routes/root-layout.tsx(365,23): error TS17004: Cannot use JSX unless the '--jsx' flag is provided.
frontend/src/routes/root-layout.tsx(366,25): error TS17004: Cannot use JSX unless the '--jsx' flag is provided.
frontend/src/routes/root-layout.tsx(379,11): error TS17004: Cannot use JSX unless the '--jsx' flag is provided.
frontend/src/routes/root-layout.tsx(379,31): error TS17004: Cannot use JSX unless the '--jsx' flag is provided.
frontend/src/routes/root-layout.tsx(380,13): error TS17004: Cannot use JSX unless the '--jsx' flag is provided.
frontend/src/routes/root-layout.tsx(387,11): error TS17004: Cannot use JSX unless the '--jsx' flag is provided.
frontend/src/routes/root-layout.tsx(389,15): error TS17004: Cannot use JSX unless the '--jsx' flag is provided.
frontend/src/routes/root-layout.tsx(390,17): error TS17004: Cannot use JSX unless the '--jsx' flag is provided.
frontend/src/routes/root-layout.tsx(394,13): error TS17004: Cannot use JSX unless the '--jsx' flag is provided.
frontend/src/routes/root-layout.tsx(395,15): error TS17004: Cannot use JSX unless the '--jsx' flag is provided.
frontend/src/routes/root-layout.tsx(396,17): error TS17004: Cannot use JSX unless the '--jsx' flag is provided.
frontend/src/routes/root-layout.tsx(404,11): error TS17004: Cannot use JSX unless the '--jsx' flag is provided.
frontend/src/routes/root-layout.tsx(406,15): error TS17004: Cannot use JSX unless the '--jsx' flag is provided.
frontend/src/routes/root-layout.tsx(407,17): error TS17004: Cannot use JSX unless the '--jsx' flag is provided.
frontend/src/routes/root-layout.tsx(411,13): error TS17004: Cannot use JSX unless the '--jsx' flag is provided.
frontend/src/routes/root-layout.tsx(420,11): error TS17004: Cannot use JSX unless the '--jsx' flag is provided.
frontend/src/routes/root-layout.tsx(422,15): error TS17004: Cannot use JSX unless the '--jsx' flag is provided.
frontend/src/routes/root-layout.tsx(423,17): error TS17004: Cannot use JSX unless the '--jsx' flag is provided.
frontend/src/routes/root-layout.tsx(427,13): error TS17004: Cannot use JSX unless the '--jsx' flag is provided.
frontend/src/routes/root-layout.tsx(431,11): error TS17004: Cannot use JSX unless the '--jsx' flag is provided.
frontend/src/routes/root-layout.tsx(433,15): error TS17004: Cannot use JSX unless the '--jsx' flag is provided.
frontend/src/routes/root-layout.tsx(434,17): error TS17004: Cannot use JSX unless the '--jsx' flag is provided.
frontend/src/routes/root-layout.tsx(438,13): error TS17004: Cannot use JSX unless the '--jsx' flag is provided.
frontend/src/routes/root-layout.tsx(449,13): error TS17004: Cannot use JSX unless the '--jsx' flag is provided.
frontend/src/routes/root-layout.tsx(451,17): error TS17004: Cannot use JSX unless the '--jsx' flag is provided.
frontend/src/routes/root-layout.tsx(452,19): error TS17004: Cannot use JSX unless the '--jsx' flag is provided.
frontend/src/routes/root-layout.tsx(456,15): error TS17004: Cannot use JSX unless the '--jsx' flag is provided.
frontend/src/routes/root-layout.tsx(461,9): error TS17004: Cannot use JSX unless the '--jsx' flag is provided.
frontend/src/routes/root-layout.tsx(470,32): error TS17004: Cannot use JSX unless the '--jsx' flag is provided.
frontend/src/routes/secrets-settings.tsx(5,10): error TS2614: Module '"#/*"' has no exported member 'useGetSecrets'. Did you mean to use 'import useGetSecrets from "#/*"' instead?
frontend/src/routes/secrets-settings.tsx(6,10): error TS2614: Module '"#/*"' has no exported member 'useDeleteSecret'. Did you mean to use 'import useDeleteSecret from "#/*"' instead?
frontend/src/routes/secrets-settings.tsx(7,10): error TS2614: Module '"#/*"' has no exported member 'SecretForm'. Did you mean to use 'import SecretForm from "#/*"' instead?
frontend/src/routes/secrets-settings.tsx(9,3): error TS2614: Module '"#/*"' has no exported member 'SecretListItem'. Did you mean to use 'import SecretListItem from "#/*"' instead?
frontend/src/routes/secrets-settings.tsx(10,3): error TS2614: Module '"#/*"' has no exported member 'SecretListItemSkeleton'. Did you mean to use 'import SecretListItemSkeleton from "#/*"' instead?
frontend/src/routes/secrets-settings.tsx(12,10): error TS2614: Module '"#/*"' has no exported member 'BrandButton'. Did you mean to use 'import BrandButton from "#/*"' instead?
frontend/src/routes/secrets-settings.tsx(13,10): error TS2614: Module '"#/*"' has no exported member 'ConfirmationModal'. Did you mean to use 'import ConfirmationModal from "#/*"' instead?
frontend/src/routes/secrets-settings.tsx(14,10): error TS2614: Module '"#/*"' has no exported member 'GetSecretsResponse'. Did you mean to use 'import GetSecretsResponse from "#/*"' instead?
frontend/src/routes/secrets-settings.tsx(15,10): error TS2614: Module '"#/*"' has no exported member 'useUserProviders'. Did you mean to use 'import useUserProviders from "#/*"' instead?
frontend/src/routes/secrets-settings.tsx(16,10): error TS2614: Module '"#/*"' has no exported member 'I18nKey'. Did you mean to use 'import I18nKey from "#/*"' instead?
frontend/src/routes/secrets-settings.tsx(17,10): error TS2614: Module '"#/*"' has no exported member 'useConfig'. Did you mean to use 'import useConfig from "#/*"' instead?
frontend/src/routes/secrets-settings.tsx(43,8): error TS7006: Parameter 'oldSecrets' implicitly has an 'any' type.
frontend/src/routes/secrets-settings.tsx(47,35): error TS7006: Parameter 's' implicitly has an 'any' type.
frontend/src/routes/secrets-settings.tsx(79,5): error TS17004: Cannot use JSX unless the '--jsx' flag is provided.
frontend/src/routes/secrets-settings.tsx(84,9): error TS17004: Cannot use JSX unless the '--jsx' flag is provided.
frontend/src/routes/secrets-settings.tsx(85,11): error TS17004: Cannot use JSX unless the '--jsx' flag is provided.
frontend/src/routes/secrets-settings.tsx(86,11): error TS17004: Cannot use JSX unless the '--jsx' flag is provided.
frontend/src/routes/secrets-settings.tsx(87,11): error TS17004: Cannot use JSX unless the '--jsx' flag is provided.
frontend/src/routes/secrets-settings.tsx(92,9): error TS17004: Cannot use JSX unless the '--jsx' flag is provided.
frontend/src/routes/secrets-settings.tsx(98,11): error TS17004: Cannot use JSX unless the '--jsx' flag is provided.
frontend/src/routes/secrets-settings.tsx(105,9): error TS17004: Cannot use JSX unless the '--jsx' flag is provided.
frontend/src/routes/secrets-settings.tsx(117,9): error TS17004: Cannot use JSX unless the '--jsx' flag is provided.
frontend/src/routes/secrets-settings.tsx(118,11): error TS17004: Cannot use JSX unless the '--jsx' flag is provided.
frontend/src/routes/secrets-settings.tsx(119,13): error TS17004: Cannot use JSX unless the '--jsx' flag is provided.
frontend/src/routes/secrets-settings.tsx(120,15): error TS17004: Cannot use JSX unless the '--jsx' flag is provided.
frontend/src/routes/secrets-settings.tsx(121,17): error TS17004: Cannot use JSX unless the '--jsx' flag is provided.
frontend/src/routes/secrets-settings.tsx(124,17): error TS17004: Cannot use JSX unless the '--jsx' flag is provided.
frontend/src/routes/secrets-settings.tsx(127,17): error TS17004: Cannot use JSX unless the '--jsx' flag is provided.
frontend/src/routes/secrets-settings.tsx(132,13): error TS17004: Cannot use JSX unless the '--jsx' flag is provided.
frontend/src/routes/secrets-settings.tsx(133,30): error TS7006: Parameter 'secret' implicitly has an 'any' type.
frontend/src/routes/secrets-settings.tsx(134,17): error TS17004: Cannot use JSX unless the '--jsx' flag is provided.
frontend/src/routes/secrets-settings.tsx(154,9): error TS17004: Cannot use JSX unless the '--jsx' flag is provided.
frontend/src/routes/secrets-settings.tsx(162,9): error TS17004: Cannot use JSX unless the '--jsx' flag is provided.
frontend/src/routes/served-tab.tsx(5,10): error TS2614: Module '"#/*"' has no exported member 'useActiveHost'. Did you mean to use 'import useActiveHost from "#/*"' instead?
frontend/src/routes/served-tab.tsx(6,10): error TS2614: Module '"#/*"' has no exported member 'PathForm'. Did you mean to use 'import PathForm from "#/*"' instead?
frontend/src/routes/served-tab.tsx(7,10): error TS2614: Module '"#/*"' has no exported member 'I18nKey'. Did you mean to use 'import I18nKey from "#/*"' instead?
frontend/src/routes/served-tab.tsx(51,7): error TS17004: Cannot use JSX unless the '--jsx' flag is provided.
frontend/src/routes/served-tab.tsx(52,9): error TS17004: Cannot use JSX unless the '--jsx' flag is provided.
frontend/src/routes/served-tab.tsx(60,5): error TS17004: Cannot use JSX unless the '--jsx' flag is provided.
frontend/src/routes/served-tab.tsx(61,7): error TS17004: Cannot use JSX unless the '--jsx' flag is provided.
frontend/src/routes/served-tab.tsx(62,9): error TS17004: Cannot use JSX unless the '--jsx' flag is provided.
frontend/src/routes/served-tab.tsx(67,11): error TS17004: Cannot use JSX unless the '--jsx' flag is provided.
frontend/src/routes/served-tab.tsx(69,9): error TS17004: Cannot use JSX unless the '--jsx' flag is provided.
frontend/src/routes/served-tab.tsx(74,11): error TS17004: Cannot use JSX unless the '--jsx' flag is provided.
frontend/src/routes/served-tab.tsx(77,9): error TS17004: Cannot use JSX unless the '--jsx' flag is provided.
frontend/src/routes/served-tab.tsx(78,11): error TS17004: Cannot use JSX unless the '--jsx' flag is provided.
frontend/src/routes/served-tab.tsx(80,9): error TS17004: Cannot use JSX unless the '--jsx' flag is provided.
frontend/src/routes/served-tab.tsx(81,11): error TS17004: Cannot use JSX unless the '--jsx' flag is provided.
frontend/src/routes/served-tab.tsx(88,7): error TS17004: Cannot use JSX unless the '--jsx' flag is provided.
frontend/src/routes/settings.knowledge-base.tsx(1,10): error TS2614: Module '"#/*"' has no exported member 'KnowledgeBaseManager'. Did you mean to use 'import KnowledgeBaseManager from "#/*"' instead?
frontend/src/routes/settings.knowledge-base.tsx(4,10): error TS17004: Cannot use JSX unless the '--jsx' flag is provided.
frontend/src/routes/settings.tsx(4,10): error TS2614: Module '"#/*"' has no exported member 'ChevronLeft'. Did you mean to use 'import ChevronLeft from "#/*"' instead?
frontend/src/routes/settings.tsx(21,10): error TS2614: Module '"#/*"' has no exported member 'cn'. Did you mean to use 'import cn from "#/*"' instead?
frontend/src/routes/settings.tsx(22,10): error TS2614: Module '"#/*"' has no exported member 'useConfig'. Did you mean to use 'import useConfig from "#/*"' instead?
frontend/src/routes/settings.tsx(23,10): error TS2614: Module '"#/*"' has no exported member 'I18nKey'. Did you mean to use 'import I18nKey from "#/*"' instead?
frontend/src/routes/settings.tsx(24,23): error TS2834: Relative import paths need explicit file extensions in ECMAScript imports when '--moduleResolution' is 'node16' or 'nodenext'. Consider adding an extension to the import path.
frontend/src/routes/settings.tsx(26,10): error TS2614: Module '"#/*"' has no exported member 'queryClient'. Did you mean to use 'import queryClient from "#/*"' instead?
frontend/src/routes/settings.tsx(27,10): error TS2614: Module '"#/*"' has no exported member 'GetConfigResponse'. Did you mean to use 'import GetConfigResponse from "#/*"' instead?
frontend/src/routes/settings.tsx(28,10): error TS2614: Module '"#/*"' has no exported member 'useSubscriptionAccess'. Did you mean to use 'import useSubscriptionAccess from "#/*"' instead?
frontend/src/routes/settings.tsx(120,5): error TS17004: Cannot use JSX unless the '--jsx' flag is provided.
frontend/src/routes/settings.tsx(125,7): error TS17004: Cannot use JSX unless the '--jsx' flag is provided.
frontend/src/routes/settings.tsx(126,9): error TS17004: Cannot use JSX unless the '--jsx' flag is provided.
frontend/src/routes/settings.tsx(127,11): error TS17004: Cannot use JSX unless the '--jsx' flag is provided.
frontend/src/routes/settings.tsx(133,13): error TS17004: Cannot use JSX unless the '--jsx' flag is provided.
frontend/src/routes/settings.tsx(135,11): error TS17004: Cannot use JSX unless the '--jsx' flag is provided.
frontend/src/routes/settings.tsx(144,9): error TS17004: Cannot use JSX unless the '--jsx' flag is provided.
frontend/src/routes/settings.tsx(145,11): error TS17004: Cannot use JSX unless the '--jsx' flag is provided.
frontend/src/routes/settings.tsx(147,15): error TS17004: Cannot use JSX unless the '--jsx' flag is provided.
frontend/src/routes/settings.tsx(160,26): error TS17004: Cannot use JSX unless the '--jsx' flag is provided.
frontend/src/routes/settings.tsx(169,7): error TS17004: Cannot use JSX unless the '--jsx' flag is provided.
frontend/src/routes/settings.tsx(170,9): error TS17004: Cannot use JSX unless the '--jsx' flag is provided.
frontend/src/routes/slack-settings.tsx(8,10): error TS2614: Module '"#/*"' has no exported member 'BrandButton'. Did you mean to use 'import BrandButton from "#/*"' instead?
frontend/src/routes/slack-settings.tsx(9,10): error TS2614: Module '"#/*"' has no exported member 'Card'. Did you mean to use 'import Card from "#/*"' instead?
frontend/src/routes/slack-settings.tsx(11,3): error TS2614: Module '"#/*"' has no exported member 'useSlackWorkspaces'. Did you mean to use 'import useSlackWorkspaces from "#/*"' instead?
frontend/src/routes/slack-settings.tsx(12,3): error TS2614: Module '"#/*"' has no exported member 'useInstallSlackWorkspace'. Did you mean to use 'import useInstallSlackWorkspace from "#/*"' instead?
frontend/src/routes/slack-settings.tsx(13,3): error TS2614: Module '"#/*"' has no exported member 'useUninstallSlackWorkspace'. Did you mean to use 'import useUninstallSlackWorkspace from "#/*"' instead?
frontend/src/routes/slack-settings.tsx(15,10): error TS2614: Module '"#/*"' has no exported member 'LoadingSpinner'. Did you mean to use 'import LoadingSpinner from "#/*"' instead?
frontend/src/routes/slack-settings.tsx(45,5): error TS17004: Cannot use JSX unless the '--jsx' flag is provided.
frontend/src/routes/slack-settings.tsx(47,7): error TS17004: Cannot use JSX unless the '--jsx' flag is provided.
frontend/src/routes/slack-settings.tsx(48,9): error TS17004: Cannot use JSX unless the '--jsx' flag is provided.
frontend/src/routes/slack-settings.tsx(49,11): error TS17004: Cannot use JSX unless the '--jsx' flag is provided.
frontend/src/routes/slack-settings.tsx(52,11): error TS17004: Cannot use JSX unless the '--jsx' flag is provided.
frontend/src/routes/slack-settings.tsx(57,9): error TS17004: Cannot use JSX unless the '--jsx' flag is provided.
frontend/src/routes/slack-settings.tsx(64,11): error TS17004: Cannot use JSX unless the '--jsx' flag is provided.
frontend/src/routes/slack-settings.tsx(70,7): error TS17004: Cannot use JSX unless the '--jsx' flag is provided.
frontend/src/routes/slack-settings.tsx(71,9): error TS17004: Cannot use JSX unless the '--jsx' flag is provided.
frontend/src/routes/slack-settings.tsx(74,9): error TS17004: Cannot use JSX unless the '--jsx' flag is provided.
frontend/src/routes/slack-settings.tsx(75,11): error TS17004: Cannot use JSX unless the '--jsx' flag is provided.
frontend/src/routes/slack-settings.tsx(76,13): error TS17004: Cannot use JSX unless the '--jsx' flag is provided.
frontend/src/routes/slack-settings.tsx(79,13): error TS17004: Cannot use JSX unless the '--jsx' flag is provided.
frontend/src/routes/slack-settings.tsx(80,15): error TS17004: Cannot use JSX unless the '--jsx' flag is provided.
frontend/src/routes/slack-settings.tsx(81,15): error TS17004: Cannot use JSX unless the '--jsx' flag is provided.
frontend/src/routes/slack-settings.tsx(85,11): error TS17004: Cannot use JSX unless the '--jsx' flag is provided.
frontend/src/routes/slack-settings.tsx(86,13): error TS17004: Cannot use JSX unless the '--jsx' flag is provided.
frontend/src/routes/slack-settings.tsx(89,13): error TS17004: Cannot use JSX unless the '--jsx' flag is provided.
frontend/src/routes/slack-settings.tsx(90,15): error TS17004: Cannot use JSX unless the '--jsx' flag is provided.
frontend/src/routes/slack-settings.tsx(91,15): error TS17004: Cannot use JSX unless the '--jsx' flag is provided.
frontend/src/routes/slack-settings.tsx(95,11): error TS17004: Cannot use JSX unless the '--jsx' flag is provided.
frontend/src/routes/slack-settings.tsx(96,13): error TS17004: Cannot use JSX unless the '--jsx' flag is provided.
frontend/src/routes/slack-settings.tsx(99,13): error TS17004: Cannot use JSX unless the '--jsx' flag is provided.
frontend/src/routes/slack-settings.tsx(100,15): error TS17004: Cannot use JSX unless the '--jsx' flag is provided.
frontend/src/routes/slack-settings.tsx(101,15): error TS17004: Cannot use JSX unless the '--jsx' flag is provided.
frontend/src/routes/slack-settings.tsx(105,11): error TS17004: Cannot use JSX unless the '--jsx' flag is provided.
frontend/src/routes/slack-settings.tsx(106,13): error TS17004: Cannot use JSX unless the '--jsx' flag is provided.
frontend/src/routes/slack-settings.tsx(109,13): error TS17004: Cannot use JSX unless the '--jsx' flag is provided.
frontend/src/routes/slack-settings.tsx(110,15): error TS17004: Cannot use JSX unless the '--jsx' flag is provided.
frontend/src/routes/slack-settings.tsx(111,15): error TS17004: Cannot use JSX unless the '--jsx' flag is provided.
frontend/src/routes/slack-settings.tsx(118,7): error TS17004: Cannot use JSX unless the '--jsx' flag is provided.
frontend/src/routes/slack-settings.tsx(119,9): error TS17004: Cannot use JSX unless the '--jsx' flag is provided.
frontend/src/routes/slack-settings.tsx(124,11): error TS17004: Cannot use JSX unless the '--jsx' flag is provided.
frontend/src/routes/slack-settings.tsx(125,13): error TS17004: Cannot use JSX unless the '--jsx' flag is provided.
frontend/src/routes/slack-settings.tsx(128,11): error TS17004: Cannot use JSX unless the '--jsx' flag is provided.
frontend/src/routes/slack-settings.tsx(129,30): error TS7006: Parameter 'workspace' implicitly has an 'any' type.
frontend/src/routes/slack-settings.tsx(130,15): error TS17004: Cannot use JSX unless the '--jsx' flag is provided.
frontend/src/routes/slack-settings.tsx(134,17): error TS17004: Cannot use JSX unless the '--jsx' flag is provided.
frontend/src/routes/slack-settings.tsx(135,19): error TS17004: Cannot use JSX unless the '--jsx' flag is provided.
frontend/src/routes/slack-settings.tsx(136,21): error TS17004: Cannot use JSX unless the '--jsx' flag is provided.
frontend/src/routes/slack-settings.tsx(137,23): error TS17004: Cannot use JSX unless the '--jsx' flag is provided.
frontend/src/routes/slack-settings.tsx(139,21): error TS17004: Cannot use JSX unless the '--jsx' flag is provided.
frontend/src/routes/slack-settings.tsx(140,23): error TS17004: Cannot use JSX unless the '--jsx' flag is provided.
frontend/src/routes/slack-settings.tsx(143,23): error TS17004: Cannot use JSX unless the '--jsx' flag is provided.
frontend/src/routes/slack-settings.tsx(149,19): error TS17004: Cannot use JSX unless the '--jsx' flag is provided.
frontend/src/routes/slack-settings.tsx(150,21): error TS17004: Cannot use JSX unless the '--jsx' flag is provided.
frontend/src/routes/slack-settings.tsx(151,23): error TS17004: Cannot use JSX unless the '--jsx' flag is provided.
frontend/src/routes/slack-settings.tsx(152,23): error TS17004: Cannot use JSX unless the '--jsx' flag is provided.
frontend/src/routes/slack-settings.tsx(155,21): error TS17004: Cannot use JSX unless the '--jsx' flag is provided.
frontend/src/routes/slack-settings.tsx(162,23): error TS17004: Cannot use JSX unless the '--jsx' flag is provided.
frontend/src/routes/slack-settings.tsx(171,11): error TS17004: Cannot use JSX unless the '--jsx' flag is provided.
frontend/src/routes/slack-settings.tsx(172,13): error TS17004: Cannot use JSX unless the '--jsx' flag is provided.
frontend/src/routes/slack-settings.tsx(173,15): error TS17004: Cannot use JSX unless the '--jsx' flag is provided.
frontend/src/routes/slack-settings.tsx(174,15): error TS17004: Cannot use JSX unless the '--jsx' flag is provided.
frontend/src/routes/slack-settings.tsx(177,15): error TS17004: Cannot use JSX unless the '--jsx' flag is provided.
frontend/src/routes/slack-settings.tsx(186,7): error TS17004: Cannot use JSX unless the '--jsx' flag is provided.
frontend/src/routes/slack-settings.tsx(187,9): error TS17004: Cannot use JSX unless the '--jsx' flag is provided.
frontend/src/routes/slack-settings.tsx(190,9): error TS17004: Cannot use JSX unless the '--jsx' flag is provided.
frontend/src/routes/slack-settings.tsx(191,11): error TS17004: Cannot use JSX unless the '--jsx' flag is provided.
frontend/src/routes/slack-settings.tsx(195,11): error TS17004: Cannot use JSX unless the '--jsx' flag is provided.
frontend/src/routes/slack-settings.tsx(196,13): error TS17004: Cannot use JSX unless the '--jsx' flag is provided.
frontend/src/routes/slack-settings.tsx(196,17): error TS17004: Cannot use JSX unless the '--jsx' flag is provided.
frontend/src/routes/slack-settings.tsx(197,13): error TS17004: Cannot use JSX unless the '--jsx' flag is provided.
frontend/src/routes/slack-settings.tsx(197,17): error TS17004: Cannot use JSX unless the '--jsx' flag is provided.
frontend/src/routes/slack-settings.tsx(198,13): error TS17004: Cannot use JSX unless the '--jsx' flag is provided.
frontend/src/routes/slack-settings.tsx(198,17): error TS17004: Cannot use JSX unless the '--jsx' flag is provided.
frontend/src/routes/slack-settings.tsx(200,11): error TS17004: Cannot use JSX unless the '--jsx' flag is provided.
frontend/src/routes/slack-settings.tsx(203,11): error TS17004: Cannot use JSX unless the '--jsx' flag is provided.
frontend/src/routes/slack-settings.tsx(209,32): error TS17004: Cannot use JSX unless the '--jsx' flag is provided.
frontend/src/routes/slack-settings.tsx(215,7): error TS17004: Cannot use JSX unless the '--jsx' flag is provided.
frontend/src/routes/slack-settings.tsx(216,9): error TS17004: Cannot use JSX unless the '--jsx' flag is provided.
frontend/src/routes/slack-settings.tsx(219,9): error TS17004: Cannot use JSX unless the '--jsx' flag is provided.
frontend/src/routes/slack-settings.tsx(220,11): error TS17004: Cannot use JSX unless the '--jsx' flag is provided.
frontend/src/routes/slack-settings.tsx(221,13): error TS17004: Cannot use JSX unless the '--jsx' flag is provided.
frontend/src/routes/slack-settings.tsx(222,13): error TS17004: Cannot use JSX unless the '--jsx' flag is provided.
frontend/src/routes/slack-settings.tsx(224,11): error TS17004: Cannot use JSX unless the '--jsx' flag is provided.
frontend/src/routes/slack-settings.tsx(225,13): error TS17004: Cannot use JSX unless the '--jsx' flag is provided.
frontend/src/routes/slack-settings.tsx(226,13): error TS17004: Cannot use JSX unless the '--jsx' flag is provided.
frontend/src/routes/slack-settings.tsx(228,11): error TS17004: Cannot use JSX unless the '--jsx' flag is provided.
frontend/src/routes/slack-settings.tsx(229,13): error TS17004: Cannot use JSX unless the '--jsx' flag is provided.
frontend/src/routes/slack-settings.tsx(230,13): error TS17004: Cannot use JSX unless the '--jsx' flag is provided.
frontend/src/routes/slack-settings.tsx(232,11): error TS17004: Cannot use JSX unless the '--jsx' flag is provided.
frontend/src/routes/slack-settings.tsx(233,13): error TS17004: Cannot use JSX unless the '--jsx' flag is provided.
frontend/src/routes/slack-settings.tsx(234,13): error TS17004: Cannot use JSX unless the '--jsx' flag is provided.
frontend/src/routes/slack-settings.tsx(236,11): error TS17004: Cannot use JSX unless the '--jsx' flag is provided.
frontend/src/routes/slack-settings.tsx(237,13): error TS17004: Cannot use JSX unless the '--jsx' flag is provided.
frontend/src/routes/slack-settings.tsx(238,13): error TS17004: Cannot use JSX unless the '--jsx' flag is provided.
frontend/src/routes/snippets-settings.tsx(26,10): error TS2614: Module '"#/*"' has no exported member 'useToast'. Did you mean to use 'import useToast from "#/*"' instead?
frontend/src/routes/snippets-settings.tsx(26,20): error TS2614: Module '"#/*"' has no exported member 'ToastContainer'. Did you mean to use 'import ToastContainer from "#/*"' instead?
frontend/src/routes/snippets-settings.tsx(27,10): error TS2614: Module '"#/*"' has no exported member 'CardSkeletonGrid'. Did you mean to use 'import CardSkeletonGrid from "#/*"' instead?
frontend/src/routes/snippets-settings.tsx(29,3): error TS2614: Module '"#/*"' has no exported member 'useSnippets'. Did you mean to use 'import useSnippets from "#/*"' instead?
frontend/src/routes/snippets-settings.tsx(30,3): error TS2614: Module '"#/*"' has no exported member 'useSnippetStats'. Did you mean to use 'import useSnippetStats from "#/*"' instead?
frontend/src/routes/snippets-settings.tsx(31,3): error TS2614: Module '"#/*"' has no exported member 'useCreateSnippet'. Did you mean to use 'import useCreateSnippet from "#/*"' instead?
frontend/src/routes/snippets-settings.tsx(32,3): error TS2614: Module '"#/*"' has no exported member 'useUpdateSnippet'. Did you mean to use 'import useUpdateSnippet from "#/*"' instead?
frontend/src/routes/snippets-settings.tsx(33,3): error TS2614: Module '"#/*"' has no exported member 'useDeleteSnippet'. Did you mean to use 'import useDeleteSnippet from "#/*"' instead?
frontend/src/routes/snippets-settings.tsx(34,3): error TS2614: Module '"#/*"' has no exported member 'useExportSnippets'. Did you mean to use 'import useExportSnippets from "#/*"' instead?
frontend/src/routes/snippets-settings.tsx(35,3): error TS2614: Module '"#/*"' has no exported member 'useImportSnippets'. Did you mean to use 'import useImportSnippets from "#/*"' instead?
frontend/src/routes/snippets-settings.tsx(36,3): error TS2614: Module '"#/*"' has no exported member 'useTrackSnippetUsage'. Did you mean to use 'import useTrackSnippetUsage from "#/*"' instead?
frontend/src/routes/snippets-settings.tsx(39,3): error TS2614: Module '"#/*"' has no exported member 'CodeSnippet'. Did you mean to use 'import CodeSnippet from "#/*"' instead?
frontend/src/routes/snippets-settings.tsx(40,3): error TS2614: Module '"#/*"' has no exported member 'CreateSnippetRequest'. Did you mean to use 'import CreateSnippetRequest from "#/*"' instead?
frontend/src/routes/snippets-settings.tsx(43,3): error TS2614: Module '"#/*"' has no exported member 'SnippetLanguage'. Did you mean to use 'import SnippetLanguage from "#/*"' instead?
frontend/src/routes/snippets-settings.tsx(44,3): error TS2614: Module '"#/*"' has no exported member 'SnippetCategory'. Did you mean to use 'import SnippetCategory from "#/*"' instead?
frontend/src/routes/snippets-settings.tsx(45,3): error TS2614: Module '"#/*"' has no exported member 'SNIPPET_LANGUAGE_LABELS'. Did you mean to use 'import SNIPPET_LANGUAGE_LABELS from "#/*"' instead?
frontend/src/routes/snippets-settings.tsx(46,3): error TS2614: Module '"#/*"' has no exported member 'SNIPPET_CATEGORY_LABELS'. Did you mean to use 'import SNIPPET_CATEGORY_LABELS from "#/*"' instead?
frontend/src/routes/snippets-settings.tsx(75,5): error TS17004: Cannot use JSX unless the '--jsx' flag is provided.
frontend/src/routes/snippets-settings.tsx(77,7): error TS17004: Cannot use JSX unless the '--jsx' flag is provided.
frontend/src/routes/snippets-settings.tsx(78,9): error TS17004: Cannot use JSX unless the '--jsx' flag is provided.
frontend/src/routes/snippets-settings.tsx(79,11): error TS17004: Cannot use JSX unless the '--jsx' flag is provided.
frontend/src/routes/snippets-settings.tsx(80,13): error TS17004: Cannot use JSX unless the '--jsx' flag is provided.
frontend/src/routes/snippets-settings.tsx(82,11): error TS17004: Cannot use JSX unless the '--jsx' flag is provided.
frontend/src/routes/snippets-settings.tsx(83,13): error TS17004: Cannot use JSX unless the '--jsx' flag is provided.
frontend/src/routes/snippets-settings.tsx(84,15): error TS17004: Cannot use JSX unless the '--jsx' flag is provided.
frontend/src/routes/snippets-settings.tsx(88,17): error TS17004: Cannot use JSX unless the '--jsx' flag is provided.
frontend/src/routes/snippets-settings.tsx(91,13): error TS17004: Cannot use JSX unless the '--jsx' flag is provided.
frontend/src/routes/snippets-settings.tsx(92,15): error TS17004: Cannot use JSX unless the '--jsx' flag is provided.
frontend/src/routes/snippets-settings.tsx(93,15): error TS17004: Cannot use JSX unless the '--jsx' flag is provided.
frontend/src/routes/snippets-settings.tsx(94,15): error TS17004: Cannot use JSX unless the '--jsx' flag is provided.
frontend/src/routes/snippets-settings.tsx(100,9): error TS17004: Cannot use JSX unless the '--jsx' flag is provided.
frontend/src/routes/snippets-settings.tsx(101,11): error TS17004: Cannot use JSX unless the '--jsx' flag is provided.
frontend/src/routes/snippets-settings.tsx(106,13): error TS17004: Cannot use JSX unless the '--jsx' flag is provided.
frontend/src/routes/snippets-settings.tsx(110,13): error TS17004: Cannot use JSX unless the '--jsx' flag is provided.
frontend/src/routes/snippets-settings.tsx(111,15): error TS17004: Cannot use JSX unless the '--jsx' flag is provided.
frontend/src/routes/snippets-settings.tsx(115,15): error TS17004: Cannot use JSX unless the '--jsx' flag is provided.
frontend/src/routes/snippets-settings.tsx(116,17): error TS17004: Cannot use JSX unless the '--jsx' flag is provided.
frontend/src/routes/snippets-settings.tsx(124,19): error TS17004: Cannot use JSX unless the '--jsx' flag is provided.
frontend/src/routes/snippets-settings.tsx(127,17): error TS17004: Cannot use JSX unless the '--jsx' flag is provided.
frontend/src/routes/snippets-settings.tsx(132,19): error TS17004: Cannot use JSX unless the '--jsx' flag is provided.
frontend/src/routes/snippets-settings.tsx(135,17): error TS17004: Cannot use JSX unless the '--jsx' flag is provided.
frontend/src/routes/snippets-settings.tsx(143,19): error TS17004: Cannot use JSX unless the '--jsx' flag is provided.
frontend/src/routes/snippets-settings.tsx(148,17): error TS17004: Cannot use JSX unless the '--jsx' flag is provided.
frontend/src/routes/snippets-settings.tsx(149,17): error TS17004: Cannot use JSX unless the '--jsx' flag is provided.
frontend/src/routes/snippets-settings.tsx(157,19): error TS17004: Cannot use JSX unless the '--jsx' flag is provided.
frontend/src/routes/snippets-settings.tsx(168,9): error TS17004: Cannot use JSX unless the '--jsx' flag is provided.
frontend/src/routes/snippets-settings.tsx(174,7): error TS17004: Cannot use JSX unless the '--jsx' flag is provided.
frontend/src/routes/snippets-settings.tsx(175,9): error TS17004: Cannot use JSX unless the '--jsx' flag is provided.
frontend/src/routes/snippets-settings.tsx(176,11): error TS17004: Cannot use JSX unless the '--jsx' flag is provided.
frontend/src/routes/snippets-settings.tsx(182,15): error TS17004: Cannot use JSX unless the '--jsx' flag is provided.
frontend/src/routes/snippets-settings.tsx(183,17): error TS17004: Cannot use JSX unless the '--jsx' flag is provided.
frontend/src/routes/snippets-settings.tsx(184,17): error TS17004: Cannot use JSX unless the '--jsx' flag is provided.
frontend/src/routes/snippets-settings.tsx(187,15): error TS17004: Cannot use JSX unless the '--jsx' flag is provided.
frontend/src/routes/snippets-settings.tsx(188,17): error TS17004: Cannot use JSX unless the '--jsx' flag is provided.
frontend/src/routes/snippets-settings.tsx(189,17): error TS17004: Cannot use JSX unless the '--jsx' flag is provided.
frontend/src/routes/snippets-settings.tsx(194,9): error TS17004: Cannot use JSX unless the '--jsx' flag is provided.
frontend/src/routes/snippets-settings.tsx(195,11): error TS17004: Cannot use JSX unless the '--jsx' flag is provided.
frontend/src/routes/snippets-settings.tsx(209,11): error TS17004: Cannot use JSX unless the '--jsx' flag is provided.
frontend/src/routes/snippets-settings.tsx(215,9): error TS17004: Cannot use JSX unless the '--jsx' flag is provided.
frontend/src/routes/snippets-settings.tsx(216,42): error TS7006: Parameter 'tag' implicitly has an 'any' type.
frontend/src/routes/snippets-settings.tsx(217,13): error TS17004: Cannot use JSX unless the '--jsx' flag is provided.
frontend/src/routes/snippets-settings.tsx(225,13): error TS17004: Cannot use JSX unless the '--jsx' flag is provided.
frontend/src/routes/snippets-settings.tsx(233,7): error TS17004: Cannot use JSX unless the '--jsx' flag is provided.
frontend/src/routes/snippets-settings.tsx(234,9): error TS17004: Cannot use JSX unless the '--jsx' flag is provided.
frontend/src/routes/snippets-settings.tsx(237,9): error TS17004: Cannot use JSX unless the '--jsx' flag is provided.
frontend/src/routes/snippets-settings.tsx(312,5): error TS17004: Cannot use JSX unless the '--jsx' flag is provided.
frontend/src/routes/snippets-settings.tsx(313,7): error TS17004: Cannot use JSX unless the '--jsx' flag is provided.
frontend/src/routes/snippets-settings.tsx(315,9): error TS17004: Cannot use JSX unless the '--jsx' flag is provided.
frontend/src/routes/snippets-settings.tsx(316,11): error TS17004: Cannot use JSX unless the '--jsx' flag is provided.
frontend/src/routes/snippets-settings.tsx(319,11): error TS17004: Cannot use JSX unless the '--jsx' flag is provided.
frontend/src/routes/snippets-settings.tsx(324,13): error TS17004: Cannot use JSX unless the '--jsx' flag is provided.
frontend/src/routes/snippets-settings.tsx(329,9): error TS17004: Cannot use JSX unless the '--jsx' flag is provided.
frontend/src/routes/snippets-settings.tsx(330,11): error TS17004: Cannot use JSX unless the '--jsx' flag is provided.
frontend/src/routes/snippets-settings.tsx(332,13): error TS17004: Cannot use JSX unless the '--jsx' flag is provided.
frontend/src/routes/snippets-settings.tsx(333,15): error TS17004: Cannot use JSX unless the '--jsx' flag is provided.
frontend/src/routes/snippets-settings.tsx(334,23): error TS17004: Cannot use JSX unless the '--jsx' flag is provided.
frontend/src/routes/snippets-settings.tsx(336,15): error TS17004: Cannot use JSX unless the '--jsx' flag is provided.
frontend/src/routes/snippets-settings.tsx(346,13): error TS17004: Cannot use JSX unless the '--jsx' flag is provided.
frontend/src/routes/snippets-settings.tsx(347,15): error TS17004: Cannot use JSX unless the '--jsx' flag is provided.
frontend/src/routes/snippets-settings.tsx(350,15): error TS17004: Cannot use JSX unless the '--jsx' flag is provided.
frontend/src/routes/snippets-settings.tsx(359,13): error TS17004: Cannot use JSX unless the '--jsx' flag is provided.
frontend/src/routes/snippets-settings.tsx(360,15): error TS17004: Cannot use JSX unless the '--jsx' flag is provided.
frontend/src/routes/snippets-settings.tsx(361,17): error TS17004: Cannot use JSX unless the '--jsx' flag is provided.
frontend/src/routes/snippets-settings.tsx(364,17): error TS17004: Cannot use JSX unless the '--jsx' flag is provided.
frontend/src/routes/snippets-settings.tsx(370,21): error TS17004: Cannot use JSX unless the '--jsx' flag is provided.
frontend/src/routes/snippets-settings.tsx(371,23): error TS2322: Type 'unknown' is not assignable to type 'ReactI18NextChildren | Iterable<ReactI18NextChildren>'.
frontend/src/routes/snippets-settings.tsx(376,15): error TS17004: Cannot use JSX unless the '--jsx' flag is provided.
frontend/src/routes/snippets-settings.tsx(377,17): error TS17004: Cannot use JSX unless the '--jsx' flag is provided.
frontend/src/routes/snippets-settings.tsx(380,17): error TS17004: Cannot use JSX unless the '--jsx' flag is provided.
frontend/src/routes/snippets-settings.tsx(386,21): error TS17004: Cannot use JSX unless the '--jsx' flag is provided.
frontend/src/routes/snippets-settings.tsx(387,23): error TS2322: Type 'unknown' is not assignable to type 'ReactI18NextChildren | Iterable<ReactI18NextChildren>'.
frontend/src/routes/snippets-settings.tsx(395,13): error TS17004: Cannot use JSX unless the '--jsx' flag is provided.
frontend/src/routes/snippets-settings.tsx(396,15): error TS17004: Cannot use JSX unless the '--jsx' flag is provided.
frontend/src/routes/snippets-settings.tsx(397,22): error TS17004: Cannot use JSX unless the '--jsx' flag is provided.
frontend/src/routes/snippets-settings.tsx(399,15): error TS17004: Cannot use JSX unless the '--jsx' flag is provided.
frontend/src/routes/snippets-settings.tsx(400,17): error TS17004: Cannot use JSX unless the '--jsx' flag is provided.
frontend/src/routes/snippets-settings.tsx(411,17): error TS17004: Cannot use JSX unless the '--jsx' flag is provided.
frontend/src/routes/snippets-settings.tsx(416,17): error TS17004: Cannot use JSX unless the '--jsx' flag is provided.
frontend/src/routes/snippets-settings.tsx(417,19): error TS17004: Cannot use JSX unless the '--jsx' flag is provided.
frontend/src/routes/snippets-settings.tsx(433,13): error TS17004: Cannot use JSX unless the '--jsx' flag is provided.
frontend/src/routes/snippets-settings.tsx(434,15): error TS17004: Cannot use JSX unless the '--jsx' flag is provided.
frontend/src/routes/snippets-settings.tsx(437,15): error TS17004: Cannot use JSX unless the '--jsx' flag is provided.
frontend/src/routes/snippets-settings.tsx(438,17): error TS17004: Cannot use JSX unless the '--jsx' flag is provided.
frontend/src/routes/snippets-settings.tsx(451,17): error TS17004: Cannot use JSX unless the '--jsx' flag is provided.
frontend/src/routes/snippets-settings.tsx(459,15): error TS17004: Cannot use JSX unless the '--jsx' flag is provided.
frontend/src/routes/snippets-settings.tsx(461,19): error TS17004: Cannot use JSX unless the '--jsx' flag is provided.
frontend/src/routes/snippets-settings.tsx(466,21): error TS17004: Cannot use JSX unless the '--jsx' flag is provided.
frontend/src/routes/snippets-settings.tsx(471,23): error TS17004: Cannot use JSX unless the '--jsx' flag is provided.
frontend/src/routes/snippets-settings.tsx(479,13): error TS17004: Cannot use JSX unless the '--jsx' flag is provided.
frontend/src/routes/snippets-settings.tsx(480,15): error TS17004: Cannot use JSX unless the '--jsx' flag is provided.
frontend/src/routes/snippets-settings.tsx(487,15): error TS17004: Cannot use JSX unless the '--jsx' flag is provided.
frontend/src/routes/snippets-settings.tsx(495,9): error TS17004: Cannot use JSX unless the '--jsx' flag is provided.
frontend/src/routes/snippets-settings.tsx(496,11): error TS17004: Cannot use JSX unless the '--jsx' flag is provided.
frontend/src/routes/snippets-settings.tsx(503,11): error TS17004: Cannot use JSX unless the '--jsx' flag is provided.
frontend/src/routes/snippets-settings.tsx(650,22): error TS7006: Parameter 'tag' implicitly has an 'any' type.
frontend/src/routes/snippets-settings.tsx(675,5): error TS17004: Cannot use JSX unless the '--jsx' flag is provided.
frontend/src/routes/snippets-settings.tsx(677,7): error TS17004: Cannot use JSX unless the '--jsx' flag is provided.
frontend/src/routes/snippets-settings.tsx(678,9): error TS17004: Cannot use JSX unless the '--jsx' flag is provided.
frontend/src/routes/snippets-settings.tsx(679,11): error TS17004: Cannot use JSX unless the '--jsx' flag is provided.
frontend/src/routes/snippets-settings.tsx(682,11): error TS17004: Cannot use JSX unless the '--jsx' flag is provided.
frontend/src/routes/snippets-settings.tsx(687,9): error TS17004: Cannot use JSX unless the '--jsx' flag is provided.
frontend/src/routes/snippets-settings.tsx(688,11): error TS17004: Cannot use JSX unless the '--jsx' flag is provided.
frontend/src/routes/snippets-settings.tsx(694,13): error TS17004: Cannot use JSX unless the '--jsx' flag is provided.
frontend/src/routes/snippets-settings.tsx(697,11): error TS17004: Cannot use JSX unless the '--jsx' flag is provided.
frontend/src/routes/snippets-settings.tsx(703,13): error TS17004: Cannot use JSX unless the '--jsx' flag is provided.
frontend/src/routes/snippets-settings.tsx(706,11): error TS17004: Cannot use JSX unless the '--jsx' flag is provided.
frontend/src/routes/snippets-settings.tsx(711,13): error TS17004: Cannot use JSX unless the '--jsx' flag is provided.
frontend/src/routes/snippets-settings.tsx(719,9): error TS17004: Cannot use JSX unless the '--jsx' flag is provided.
frontend/src/routes/snippets-settings.tsx(720,11): error TS17004: Cannot use JSX unless the '--jsx' flag is provided.
frontend/src/routes/snippets-settings.tsx(721,13): error TS17004: Cannot use JSX unless the '--jsx' flag is provided.
frontend/src/routes/snippets-settings.tsx(722,15): error TS17004: Cannot use JSX unless the '--jsx' flag is provided.
frontend/src/routes/snippets-settings.tsx(725,15): error TS17004: Cannot use JSX unless the '--jsx' flag is provided.
frontend/src/routes/snippets-settings.tsx(727,13): error TS17004: Cannot use JSX unless the '--jsx' flag is provided.
frontend/src/routes/snippets-settings.tsx(732,11): error TS17004: Cannot use JSX unless the '--jsx' flag is provided.
frontend/src/routes/snippets-settings.tsx(733,13): error TS17004: Cannot use JSX unless the '--jsx' flag is provided.
frontend/src/routes/snippets-settings.tsx(734,15): error TS17004: Cannot use JSX unless the '--jsx' flag is provided.
frontend/src/routes/snippets-settings.tsx(737,15): error TS17004: Cannot use JSX unless the '--jsx' flag is provided.
frontend/src/routes/snippets-settings.tsx(739,13): error TS17004: Cannot use JSX unless the '--jsx' flag is provided.
frontend/src/routes/snippets-settings.tsx(744,11): error TS17004: Cannot use JSX unless the '--jsx' flag is provided.
frontend/src/routes/snippets-settings.tsx(745,13): error TS17004: Cannot use JSX unless the '--jsx' flag is provided.
frontend/src/routes/snippets-settings.tsx(746,15): error TS17004: Cannot use JSX unless the '--jsx' flag is provided.
frontend/src/routes/snippets-settings.tsx(749,15): error TS17004: Cannot use JSX unless the '--jsx' flag is provided.
frontend/src/routes/snippets-settings.tsx(751,13): error TS17004: Cannot use JSX unless the '--jsx' flag is provided.
frontend/src/routes/snippets-settings.tsx(756,11): error TS17004: Cannot use JSX unless the '--jsx' flag is provided.
frontend/src/routes/snippets-settings.tsx(757,13): error TS17004: Cannot use JSX unless the '--jsx' flag is provided.
frontend/src/routes/snippets-settings.tsx(758,15): error TS17004: Cannot use JSX unless the '--jsx' flag is provided.
frontend/src/routes/snippets-settings.tsx(761,15): error TS17004: Cannot use JSX unless the '--jsx' flag is provided.
frontend/src/routes/snippets-settings.tsx(763,13): error TS17004: Cannot use JSX unless the '--jsx' flag is provided.
frontend/src/routes/snippets-settings.tsx(771,7): error TS17004: Cannot use JSX unless the '--jsx' flag is provided.
frontend/src/routes/snippets-settings.tsx(773,9): error TS17004: Cannot use JSX unless the '--jsx' flag is provided.
frontend/src/routes/snippets-settings.tsx(774,11): error TS17004: Cannot use JSX unless the '--jsx' flag is provided.
frontend/src/routes/snippets-settings.tsx(775,11): error TS17004: Cannot use JSX unless the '--jsx' flag is provided.
frontend/src/routes/snippets-settings.tsx(785,9): error TS17004: Cannot use JSX unless the '--jsx' flag is provided.
frontend/src/routes/snippets-settings.tsx(792,11): error TS17004: Cannot use JSX unless the '--jsx' flag is provided.
frontend/src/routes/snippets-settings.tsx(794,13): error TS17004: Cannot use JSX unless the '--jsx' flag is provided.
frontend/src/routes/snippets-settings.tsx(795,15): error TS2322: Type 'unknown' is not assignable to type 'ReactI18NextChildren | Iterable<ReactI18NextChildren>'.
frontend/src/routes/snippets-settings.tsx(801,9): error TS17004: Cannot use JSX unless the '--jsx' flag is provided.
frontend/src/routes/snippets-settings.tsx(808,11): error TS17004: Cannot use JSX unless the '--jsx' flag is provided.
frontend/src/routes/snippets-settings.tsx(810,13): error TS17004: Cannot use JSX unless the '--jsx' flag is provided.
frontend/src/routes/snippets-settings.tsx(811,15): error TS2322: Type 'unknown' is not assignable to type 'ReactI18NextChildren | Iterable<ReactI18NextChildren>'.
frontend/src/routes/snippets-settings.tsx(817,9): error TS17004: Cannot use JSX unless the '--jsx' flag is provided.
frontend/src/routes/snippets-settings.tsx(826,11): error TS17004: Cannot use JSX unless the '--jsx' flag is provided.
frontend/src/routes/snippets-settings.tsx(835,9): error TS17004: Cannot use JSX unless the '--jsx' flag is provided.
frontend/src/routes/snippets-settings.tsx(837,9): error TS17004: Cannot use JSX unless the '--jsx' flag is provided.
frontend/src/routes/snippets-settings.tsx(838,11): error TS17004: Cannot use JSX unless the '--jsx' flag is provided.
frontend/src/routes/snippets-settings.tsx(844,13): error TS17004: Cannot use JSX unless the '--jsx' flag is provided.
frontend/src/routes/snippets-settings.tsx(854,9): error TS17004: Cannot use JSX unless the '--jsx' flag is provided.
frontend/src/routes/snippets-settings.tsx(856,13): error TS17004: Cannot use JSX unless the '--jsx' flag is provided.
frontend/src/routes/snippets-settings.tsx(869,7): error TS17004: Cannot use JSX unless the '--jsx' flag is provided.
frontend/src/routes/snippets-settings.tsx(877,7): error TS17004: Cannot use JSX unless the '--jsx' flag is provided.
frontend/src/routes/terminal-tab.tsx(10,5): error TS17004: Cannot use JSX unless the '--jsx' flag is provided.
frontend/src/routes/terminal-tab.tsx(11,7): error TS17004: Cannot use JSX unless the '--jsx' flag is provided.
frontend/src/routes/terminal-tab.tsx(14,9): error TS17004: Cannot use JSX unless the '--jsx' flag is provided.
frontend/src/routes/terminal-tab.tsx(14,35): error TS17004: Cannot use JSX unless the '--jsx' flag is provided.
frontend/src/routes/terminal-tab.tsx(15,11): error TS17004: Cannot use JSX unless the '--jsx' flag is provided.
frontend/src/routes/terms.tsx(7,5): error TS17004: Cannot use JSX unless the '--jsx' flag is provided.
frontend/src/routes/terms.tsx(8,7): error TS17004: Cannot use JSX unless the '--jsx' flag is provided.
frontend/src/routes/terms.tsx(9,9): error TS17004: Cannot use JSX unless the '--jsx' flag is provided.
frontend/src/routes/terms.tsx(10,11): error TS17004: Cannot use JSX unless the '--jsx' flag is provided.
frontend/src/routes/terms.tsx(13,11): error TS17004: Cannot use JSX unless the '--jsx' flag is provided.
frontend/src/routes/terms.tsx(14,11): error TS17004: Cannot use JSX unless the '--jsx' flag is provided.
frontend/src/routes/terms.tsx(15,13): error TS17004: Cannot use JSX unless the '--jsx' flag is provided.
frontend/src/routes/terms.tsx(23,9): error TS17004: Cannot use JSX unless the '--jsx' flag is provided.
frontend/src/routes/terms.tsx(24,11): error TS17004: Cannot use JSX unless the '--jsx' flag is provided.
frontend/src/routes/terms.tsx(31,11): error TS17004: Cannot use JSX unless the '--jsx' flag is provided.
frontend/src/routes/terms.tsx(32,13): error TS17004: Cannot use JSX unless the '--jsx' flag is provided.
frontend/src/routes/terms.tsx(33,15): error TS17004: Cannot use JSX unless the '--jsx' flag is provided.
frontend/src/routes/terms.tsx(36,15): error TS17004: Cannot use JSX unless the '--jsx' flag is provided.
frontend/src/routes/terms.tsx(44,13): error TS17004: Cannot use JSX unless the '--jsx' flag is provided.
frontend/src/routes/terms.tsx(45,15): error TS17004: Cannot use JSX unless the '--jsx' flag is provided.
frontend/src/routes/terms.tsx(48,15): error TS17004: Cannot use JSX unless the '--jsx' flag is provided.
frontend/src/routes/terms.tsx(56,13): error TS17004: Cannot use JSX unless the '--jsx' flag is provided.
frontend/src/routes/terms.tsx(57,15): error TS17004: Cannot use JSX unless the '--jsx' flag is provided.
frontend/src/routes/terms.tsx(60,15): error TS17004: Cannot use JSX unless the '--jsx' flag is provided.
frontend/src/routes/terms.tsx(68,13): error TS17004: Cannot use JSX unless the '--jsx' flag is provided.
frontend/src/routes/terms.tsx(69,15): error TS17004: Cannot use JSX unless the '--jsx' flag is provided.
frontend/src/routes/terms.tsx(72,15): error TS17004: Cannot use JSX unless the '--jsx' flag is provided.
frontend/src/routes/user-settings.tsx(4,10): error TS2614: Module '"#/*"' has no exported member 'useSettings'. Did you mean to use 'import useSettings from "#/*"' instead?
frontend/src/routes/user-settings.tsx(5,10): error TS2614: Module '"#/*"' has no exported member 'openHands'. Did you mean to use 'import openHands from "#/*"' instead?
frontend/src/routes/user-settings.tsx(6,10): error TS2614: Module '"#/*"' has no exported member 'displaySuccessToast'. Did you mean to use 'import displaySuccessToast from "#/*"' instead?
frontend/src/routes/user-settings.tsx(7,10): error TS2614: Module '"#/*"' has no exported member 'ThemeToggle'. Did you mean to use 'import ThemeToggle from "#/*"' instead?
frontend/src/routes/user-settings.tsx(37,5): error TS17004: Cannot use JSX unless the '--jsx' flag is provided.
frontend/src/routes/user-settings.tsx(38,7): error TS17004: Cannot use JSX unless the '--jsx' flag is provided.
frontend/src/routes/user-settings.tsx(39,9): error TS17004: Cannot use JSX unless the '--jsx' flag is provided.
frontend/src/routes/user-settings.tsx(40,9): error TS17004: Cannot use JSX unless the '--jsx' flag is provided.
frontend/src/routes/user-settings.tsx(41,11): error TS17004: Cannot use JSX unless the '--jsx' flag is provided.
frontend/src/routes/user-settings.tsx(56,11): error TS17004: Cannot use JSX unless the '--jsx' flag is provided.
frontend/src/routes/user-settings.tsx(64,9): error TS17004: Cannot use JSX unless the '--jsx' flag is provided.
frontend/src/routes/user-settings.tsx(65,11): error TS17004: Cannot use JSX unless the '--jsx' flag is provided.
frontend/src/routes/user-settings.tsx(76,13): error TS17004: Cannot use JSX unless the '--jsx' flag is provided.
frontend/src/routes/user-settings.tsx(99,5): error TS17004: Cannot use JSX unless the '--jsx' flag is provided.
frontend/src/routes/user-settings.tsx(103,7): error TS17004: Cannot use JSX unless the '--jsx' flag is provided.
frontend/src/routes/user-settings.tsx(104,7): error TS17004: Cannot use JSX unless the '--jsx' flag is provided.
frontend/src/routes/user-settings.tsx(208,5): error TS17004: Cannot use JSX unless the '--jsx' flag is provided.
frontend/src/routes/user-settings.tsx(209,7): error TS17004: Cannot use JSX unless the '--jsx' flag is provided.
frontend/src/routes/user-settings.tsx(211,11): error TS17004: Cannot use JSX unless the '--jsx' flag is provided.
frontend/src/routes/user-settings.tsx(213,11): error TS17004: Cannot use JSX unless the '--jsx' flag is provided.
frontend/src/routes/user-settings.tsx(224,52): error TS17004: Cannot use JSX unless the '--jsx' flag is provided.
frontend/src/routes/user-settings.tsx(229,9): error TS17004: Cannot use JSX unless the '--jsx' flag is provided.
frontend/src/routes/user-settings.tsx(230,11): error TS17004: Cannot use JSX unless the '--jsx' flag is provided.
frontend/src/routes/user-settings.tsx(231,13): error TS17004: Cannot use JSX unless the '--jsx' flag is provided.
frontend/src/routes/user-settings.tsx(234,13): error TS17004: Cannot use JSX unless the '--jsx' flag is provided.
frontend/src/routes/user-settings.tsx(237,13): error TS17004: Cannot use JSX unless the '--jsx' flag is provided.
frontend/src/routes/vscode-tab.tsx(3,10): error TS2614: Module '"#/*"' has no exported member 'I18nKey'. Did you mean to use 'import I18nKey from "#/*"' instead?
frontend/src/routes/vscode-tab.tsx(4,10): error TS2614: Module '"#/*"' has no exported member 'useRuntimeIsReady'. Did you mean to use 'import useRuntimeIsReady from "#/*"' instead?
frontend/src/routes/vscode-tab.tsx(5,10): error TS2614: Module '"#/*"' has no exported member 'useVSCodeUrl'. Did you mean to use 'import useVSCodeUrl from "#/*"' instead?
frontend/src/routes/vscode-tab.tsx(6,10): error TS2614: Module '"#/*"' has no exported member 'VSCODE_IN_NEW_TAB'. Did you mean to use 'import VSCODE_IN_NEW_TAB from "#/*"' instead?
frontend/src/routes/vscode-tab.tsx(42,7): error TS17004: Cannot use JSX unless the '--jsx' flag is provided.
frontend/src/routes/vscode-tab.tsx(50,7): error TS17004: Cannot use JSX unless the '--jsx' flag is provided.
frontend/src/routes/vscode-tab.tsx(51,9): error TS17004: Cannot use JSX unless the '--jsx' flag is provided.
frontend/src/routes/vscode-tab.tsx(52,11): error TS17004: Cannot use JSX unless the '--jsx' flag is provided.
frontend/src/routes/vscode-tab.tsx(53,11): error TS17004: Cannot use JSX unless the '--jsx' flag is provided.
frontend/src/routes/vscode-tab.tsx(61,7): error TS17004: Cannot use JSX unless the '--jsx' flag is provided.
frontend/src/routes/vscode-tab.tsx(73,7): error TS17004: Cannot use JSX unless the '--jsx' flag is provided.
frontend/src/routes/vscode-tab.tsx(74,9): error TS17004: Cannot use JSX unless the '--jsx' flag is provided.
frontend/src/routes/vscode-tab.tsx(77,9): error TS17004: Cannot use JSX unless the '--jsx' flag is provided.
frontend/src/routes/vscode-tab.tsx(90,5): error TS17004: Cannot use JSX unless the '--jsx' flag is provided.
frontend/src/routes/vscode-tab.tsx(91,7): error TS17004: Cannot use JSX unless the '--jsx' flag is provided.
frontend/src/routes/vscode-tab.tsx(92,7): error TS17004: Cannot use JSX unless the '--jsx' flag is provided.
frontend/src/routes/workspace-tab.tsx(19,10): error TS2614: Module '"#/*"' has no exported member 'useConversationId'. Did you mean to use 'import useConversationId from "#/*"' instead?
frontend/src/routes/workspace-tab.tsx(21,10): error TS2614: Module '"#/*"' has no exported member 'LazyMonaco'. Did you mean to use 'import LazyMonaco from "#/*"' instead?
frontend/src/routes/workspace-tab.tsx(22,10): error TS2614: Module '"#/*"' has no exported member 'Button'. Did you mean to use 'import Button from "#/*"' instead?
frontend/src/routes/workspace-tab.tsx(23,10): error TS2614: Module '"#/*"' has no exported member 'Badge'. Did you mean to use 'import Badge from "#/*"' instead?
frontend/src/routes/workspace-tab.tsx(24,10): error TS2614: Module '"#/*"' has no exported member 'cn'. Did you mean to use 'import cn from "#/*"' instead?
frontend/src/routes/workspace-tab.tsx(92,12): error TS17004: Cannot use JSX unless the '--jsx' flag is provided.
frontend/src/routes/workspace-tab.tsx(97,12): error TS17004: Cannot use JSX unless the '--jsx' flag is provided.
frontend/src/routes/workspace-tab.tsx(102,12): error TS17004: Cannot use JSX unless the '--jsx' flag is provided.
frontend/src/routes/workspace-tab.tsx(105,10): error TS17004: Cannot use JSX unless the '--jsx' flag is provided.
frontend/src/routes/workspace-tab.tsx(151,41): error TS7006: Parameter 'path' implicitly has an 'any' type.
frontend/src/routes/workspace-tab.tsx(318,7): error TS17004: Cannot use JSX unless the '--jsx' flag is provided.
frontend/src/routes/workspace-tab.tsx(319,9): error TS17004: Cannot use JSX unless the '--jsx' flag is provided.
frontend/src/routes/workspace-tab.tsx(337,13): error TS17004: Cannot use JSX unless the '--jsx' flag is provided.
frontend/src/routes/workspace-tab.tsx(339,17): error TS17004: Cannot use JSX unless the '--jsx' flag is provided.
frontend/src/routes/workspace-tab.tsx(341,17): error TS17004: Cannot use JSX unless the '--jsx' flag is provided.
frontend/src/routes/workspace-tab.tsx(347,11): error TS17004: Cannot use JSX unless the '--jsx' flag is provided.
frontend/src/routes/workspace-tab.tsx(350,17): error TS17004: Cannot use JSX unless the '--jsx' flag is provided.
frontend/src/routes/workspace-tab.tsx(352,17): error TS17004: Cannot use JSX unless the '--jsx' flag is provided.
frontend/src/routes/workspace-tab.tsx(360,11): error TS17004: Cannot use JSX unless the '--jsx' flag is provided.
frontend/src/routes/workspace-tab.tsx(370,11): error TS17004: Cannot use JSX unless the '--jsx' flag is provided.
frontend/src/routes/workspace-tab.tsx(383,5): error TS17004: Cannot use JSX unless the '--jsx' flag is provided.
frontend/src/routes/workspace-tab.tsx(385,7): error TS17004: Cannot use JSX unless the '--jsx' flag is provided.
frontend/src/routes/workspace-tab.tsx(386,13): error TS17004: Cannot use JSX unless the '--jsx' flag is provided.
frontend/src/routes/workspace-tab.tsx(387,15): error TS17004: Cannot use JSX unless the '--jsx' flag is provided.
frontend/src/routes/workspace-tab.tsx(388,17): error TS17004: Cannot use JSX unless the '--jsx' flag is provided.
frontend/src/routes/workspace-tab.tsx(389,17): error TS17004: Cannot use JSX unless the '--jsx' flag is provided.
frontend/src/routes/workspace-tab.tsx(390,17): error TS17004: Cannot use JSX unless the '--jsx' flag is provided.
frontend/src/routes/workspace-tab.tsx(395,15): error TS17004: Cannot use JSX unless the '--jsx' flag is provided.
frontend/src/routes/workspace-tab.tsx(402,17): error TS17004: Cannot use JSX unless the '--jsx' flag is provided.
frontend/src/routes/workspace-tab.tsx(407,13): error TS17004: Cannot use JSX unless the '--jsx' flag is provided.
frontend/src/routes/workspace-tab.tsx(408,15): error TS17004: Cannot use JSX unless the '--jsx' flag is provided.
frontend/src/routes/workspace-tab.tsx(409,17): error TS17004: Cannot use JSX unless the '--jsx' flag is provided.
frontend/src/routes/workspace-tab.tsx(410,17): error TS17004: Cannot use JSX unless the '--jsx' flag is provided.
frontend/src/routes/workspace-tab.tsx(422,11): error TS17004: Cannot use JSX unless the '--jsx' flag is provided.
frontend/src/routes/workspace-tab.tsx(424,9): error TS17004: Cannot use JSX unless the '--jsx' flag is provided.
frontend/src/routes/workspace-tab.tsx(425,11): error TS17004: Cannot use JSX unless the '--jsx' flag is provided.
frontend/src/routes/workspace-tab.tsx(427,15): error TS17004: Cannot use JSX unless the '--jsx' flag is provided.
frontend/src/routes/workspace-tab.tsx(428,17): error TS17004: Cannot use JSX unless the '--jsx' flag is provided.
frontend/src/routes/workspace-tab.tsx(431,15): error TS17004: Cannot use JSX unless the '--jsx' flag is provided.
frontend/src/routes/workspace-tab.tsx(432,17): error TS17004: Cannot use JSX unless the '--jsx' flag is provided.
frontend/src/routes/workspace-tab.tsx(433,17): error TS17004: Cannot use JSX unless the '--jsx' flag is provided.
frontend/src/routes/workspace-tab.tsx(438,15): error TS17004: Cannot use JSX unless the '--jsx' flag is provided.
frontend/src/routes/workspace-tab.tsx(446,9): error TS17004: Cannot use JSX unless the '--jsx' flag is provided.
frontend/src/routes/workspace-tab.tsx(448,13): error TS17004: Cannot use JSX unless the '--jsx' flag is provided.
frontend/src/routes/workspace-tab.tsx(450,15): error TS17004: Cannot use JSX unless the '--jsx' flag is provided.
frontend/src/routes/workspace-tab.tsx(451,17): error TS17004: Cannot use JSX unless the '--jsx' flag is provided.
frontend/src/routes/workspace-tab.tsx(452,19): error TS17004: Cannot use JSX unless the '--jsx' flag is provided.
frontend/src/routes/workspace-tab.tsx(453,19): error TS17004: Cannot use JSX unless the '--jsx' flag is provided.
frontend/src/routes/workspace-tab.tsx(454,19): error TS17004: Cannot use JSX unless the '--jsx' flag is provided.
frontend/src/routes/workspace-tab.tsx(456,17): error TS17004: Cannot use JSX unless the '--jsx' flag is provided.
frontend/src/routes/workspace-tab.tsx(457,19): error TS17004: Cannot use JSX unless the '--jsx' flag is provided.
frontend/src/routes/workspace-tab.tsx(463,21): error TS17004: Cannot use JSX unless the '--jsx' flag is provided.
frontend/src/routes/workspace-tab.tsx(464,21): error TS17004: Cannot use JSX unless the '--jsx' flag is provided.
frontend/src/routes/workspace-tab.tsx(466,19): error TS17004: Cannot use JSX unless the '--jsx' flag is provided.
frontend/src/routes/workspace-tab.tsx(472,21): error TS17004: Cannot use JSX unless the '--jsx' flag is provided.
frontend/src/routes/workspace-tab.tsx(473,21): error TS17004: Cannot use JSX unless the '--jsx' flag is provided.
frontend/src/routes/workspace-tab.tsx(479,15): error TS17004: Cannot use JSX unless the '--jsx' flag is provided.
frontend/src/routes/workspace-tab.tsx(481,19): error TS17004: Cannot use JSX unless the '--jsx' flag is provided.
frontend/src/routes/workspace-tab.tsx(482,21): error TS17004: Cannot use JSX unless the '--jsx' flag is provided.
frontend/src/routes/workspace-tab.tsx(485,19): error TS17004: Cannot use JSX unless the '--jsx' flag is provided.
frontend/src/routes/workspace-tab.tsx(531,13): error TS17004: Cannot use JSX unless the '--jsx' flag is provided.
frontend/src/routes/workspace-tab.tsx(532,15): error TS17004: Cannot use JSX unless the '--jsx' flag is provided.
frontend/src/routes/workspace-tab.tsx(533,15): error TS17004: Cannot use JSX unless the '--jsx' flag is provided.
frontend/src/routes/workspace-tab.tsx(536,15): error TS17004: Cannot use JSX unless the '--jsx' flag is provided.
frontend/src/routes/workspace-tab.tsx(549,17): error TS17004: Cannot use JSX unless the '--jsx' flag is provided.
frontend/src/routes/workspace-tab.tsx(554,15): error TS17004: Cannot use JSX unless the '--jsx' flag is provided.
frontend/src/routes/workspace-tab.tsx(563,15): error TS17004: Cannot use JSX unless the '--jsx' flag is provided.
frontend/src/services/__tests__/actions.test.ts(2,37): error TS2835: Relative import paths need explicit file extensions in ECMAScript imports when '--moduleResolution' is 'node16' or 'nodenext'. Did you mean '../actions.js'?
frontend/src/services/__tests__/actions.test.ts(3,10): error TS2614: Module '"#/*"' has no exported member 'StatusMessage'. Did you mean to use 'import StatusMessage from "#/*"' instead?
frontend/src/services/__tests__/actions.test.ts(4,10): error TS2614: Module '"#/*"' has no exported member 'queryClient'. Did you mean to use 'import queryClient from "#/*"' instead?
frontend/src/services/__tests__/actions.test.ts(6,10): error TS2614: Module '"#/*"' has no exported member 'setCurStatusMessage'. Did you mean to use 'import setCurStatusMessage from "#/*"' instead?
frontend/src/services/__tests__/actions.test.ts(7,10): error TS2614: Module '"#/*"' has no exported member 'trackError'. Did you mean to use 'import trackError from "#/*"' instead?
frontend/src/services/actions.ts(1,10): error TS2614: Module '"#/*"' has no exported member 'trackError'. Did you mean to use 'import trackError from "#/*"' instead?
frontend/src/services/actions.ts(2,10): error TS2614: Module '"#/*"' has no exported member 'appendSecurityAnalyzerInput'. Did you mean to use 'import appendSecurityAnalyzerInput from "#/*"' instead?
frontend/src/services/actions.ts(3,10): error TS2614: Module '"#/*"' has no exported member 'setCurStatusMessage'. Did you mean to use 'import setCurStatusMessage from "#/*"' instead?
frontend/src/services/actions.ts(4,10): error TS2614: Module '"#/*"' has no exported member 'setMetrics'. Did you mean to use 'import setMetrics from "#/*"' instead?
frontend/src/services/actions.ts(8,3): error TS2614: Module '"#/*"' has no exported member 'ActionMessage'. Did you mean to use 'import ActionMessage from "#/*"' instead?
frontend/src/services/actions.ts(9,3): error TS2614: Module '"#/*"' has no exported member 'ObservationMessage'. Did you mean to use 'import ObservationMessage from "#/*"' instead?
frontend/src/services/actions.ts(10,3): error TS2614: Module '"#/*"' has no exported member 'StatusMessage'. Did you mean to use 'import StatusMessage from "#/*"' instead?
frontend/src/services/actions.ts(12,42): error TS2835: Relative import paths need explicit file extensions in ECMAScript imports when '--moduleResolution' is 'node16' or 'nodenext'. Did you mean './observations.js'?
frontend/src/services/actions.ts(13,10): error TS2614: Module '"#/*"' has no exported member 'appendInput'. Did you mean to use 'import appendInput from "#/*"' instead?
frontend/src/services/actions.ts(14,10): error TS2614: Module '"#/*"' has no exported member 'appendJupyterInput'. Did you mean to use 'import appendJupyterInput from "#/*"' instead?
frontend/src/services/actions.ts(15,10): error TS2614: Module '"#/*"' has no exported member 'queryClient'. Did you mean to use 'import queryClient from "#/*"' instead?
frontend/src/services/agent-state-service.ts(2,10): error TS2614: Module '"#/*"' has no exported member 'AgentState'. Did you mean to use 'import AgentState from "#/*"' instead?
frontend/src/services/observations.ts(1,10): error TS2614: Module '"#/*"' has no exported member 'setCurrentAgentState'. Did you mean to use 'import setCurrentAgentState from "#/*"' instead?
frontend/src/services/observations.ts(2,10): error TS2614: Module '"#/*"' has no exported member 'setUrl'. Did you mean to use 'import setUrl from "#/*"' instead?
frontend/src/services/observations.ts(4,10): error TS2614: Module '"#/*"' has no exported member 'ObservationMessage'. Did you mean to use 'import ObservationMessage from "#/*"' instead?
frontend/src/services/observations.ts(5,10): error TS2614: Module '"#/*"' has no exported member 'appendOutput'. Did you mean to use 'import appendOutput from "#/*"' instead?
frontend/src/services/observations.ts(6,10): error TS2614: Module '"#/*"' has no exported member 'appendJupyterOutput'. Did you mean to use 'import appendJupyterOutput from "#/*"' instead?
frontend/src/services/observations.ts(8,10): error TS2614: Module '"#/*"' has no exported member 'startStream'. Did you mean to use 'import startStream from "#/*"' instead?
frontend/src/services/observations.ts(8,23): error TS2614: Module '"#/*"' has no exported member 'appendStreamChunk'. Did you mean to use 'import appendStreamChunk from "#/*"' instead?
frontend/src/services/observations.ts(8,42): error TS2614: Module '"#/*"' has no exported member 'completeStream'. Did you mean to use 'import completeStream from "#/*"' instead?
frontend/src/services/settings.ts(1,10): error TS2614: Module '"#/*"' has no exported member 'Settings'. Did you mean to use 'import Settings from "#/*"' instead?
frontend/src/state/agent-slice.tsx(2,10): error TS2614: Module '"#/*"' has no exported member 'AgentState'. Did you mean to use 'import AgentState from "#/*"' instead?
frontend/src/state/initial-query-slice.ts(2,10): error TS2614: Module '"#/*"' has no exported member 'Provider'. Did you mean to use 'import Provider from "#/*"' instead?
frontend/src/state/initial-query-slice.ts(3,10): error TS2614: Module '"#/*"' has no exported member 'GitRepository'. Did you mean to use 'import GitRepository from "#/*"' instead?
frontend/src/state/microagent-management-slice.tsx(2,10): error TS2614: Module '"#/*"' has no exported member 'GitRepository'. Did you mean to use 'import GitRepository from "#/*"' instead?
frontend/src/state/microagent-management-slice.tsx(3,10): error TS2614: Module '"#/*"' has no exported member 'IMicroagentItem'. Did you mean to use 'import IMicroagentItem from "#/*"' instead?
frontend/src/state/status-slice.ts(2,10): error TS2614: Module '"#/*"' has no exported member 'StatusMessage'. Did you mean to use 'import StatusMessage from "#/*"' instead?
frontend/src/store.ts(2,26): error TS2835: Relative import paths need explicit file extensions in ECMAScript imports when '--moduleResolution' is 'node16' or 'nodenext'. Did you mean './state/agent-slice.js'?
frontend/src/store.ts(3,28): error TS2835: Relative import paths need explicit file extensions in ECMAScript imports when '--moduleResolution' is 'node16' or 'nodenext'. Did you mean './state/browser-slice.js'?
frontend/src/store.ts(4,25): error TS2835: Relative import paths need explicit file extensions in ECMAScript imports when '--moduleResolution' is 'node16' or 'nodenext'. Did you mean './state/code-slice.js'?
frontend/src/store.ts(5,30): error TS2835: Relative import paths need explicit file extensions in ECMAScript imports when '--moduleResolution' is 'node16' or 'nodenext'. Did you mean './state/file-state-slice.js'?
frontend/src/store.ts(6,33): error TS2835: Relative import paths need explicit file extensions in ECMAScript imports when '--moduleResolution' is 'node16' or 'nodenext'. Did you mean './state/initial-query-slice.js'?
frontend/src/store.ts(7,28): error TS2835: Relative import paths need explicit file extensions in ECMAScript imports when '--moduleResolution' is 'node16' or 'nodenext'. Did you mean './state/command-slice.js'?
frontend/src/store.ts(8,32): error TS2835: Relative import paths need explicit file extensions in ECMAScript imports when '--moduleResolution' is 'node16' or 'nodenext'. Did you mean './state/jupyter-slice.js'?
frontend/src/store.ts(9,37): error TS2835: Relative import paths need explicit file extensions in ECMAScript imports when '--moduleResolution' is 'node16' or 'nodenext'. Did you mean './state/security-analyzer-slice.js'?
frontend/src/store.ts(10,27): error TS2835: Relative import paths need explicit file extensions in ECMAScript imports when '--moduleResolution' is 'node16' or 'nodenext'. Did you mean './state/status-slice.js'?
frontend/src/store.ts(11,28): error TS2835: Relative import paths need explicit file extensions in ECMAScript imports when '--moduleResolution' is 'node16' or 'nodenext'. Did you mean './state/metrics-slice.js'?
frontend/src/store.ts(12,41): error TS2835: Relative import paths need explicit file extensions in ECMAScript imports when '--moduleResolution' is 'node16' or 'nodenext'. Did you mean './state/microagent-management-slice.js'?
frontend/src/store.ts(13,33): error TS2835: Relative import paths need explicit file extensions in ECMAScript imports when '--moduleResolution' is 'node16' or 'nodenext'. Did you mean './state/event-message-slice.js'?
frontend/src/store.ts(14,30): error TS2835: Relative import paths need explicit file extensions in ECMAScript imports when '--moduleResolution' is 'node16' or 'nodenext'. Did you mean './store/streaming-slice.js'?
frontend/src/store/__tests__/streaming-slice.test.ts(12,8): error TS2835: Relative import paths need explicit file extensions in ECMAScript imports when '--moduleResolution' is 'node16' or 'nodenext'. Did you mean '../streaming-slice.js'?
frontend/src/store/__tests__/streaming-slice.test.ts(13,15): error TS2614: Module '"#/*"' has no exported member 'RootState'. Did you mean to use 'import RootState from "#/*"' instead?
frontend/src/types/core/actions.ts(1,38): error TS2835: Relative import paths need explicit file extensions in ECMAScript imports when '--moduleResolution' is 'node16' or 'nodenext'. Did you mean './base.js'?
frontend/src/types/core/actions.ts(2,10): error TS2614: Module '"#/*"' has no exported member 'ActionSecurityRisk'. Did you mean to use 'import ActionSecurityRisk from "#/*"' instead?
frontend/src/types/core/guards.ts(1,54): error TS2307: Cannot find module '.' or its corresponding type declarations.
frontend/src/types/core/guards.ts(13,8): error TS2835: Relative import paths need explicit file extensions in ECMAScript imports when '--moduleResolution' is 'node16' or 'nodenext'. Did you mean './actions.js'?
frontend/src/types/core/guards.ts(21,8): error TS2835: Relative import paths need explicit file extensions in ECMAScript imports when '--moduleResolution' is 'node16' or 'nodenext'. Did you mean './observations.js'?
frontend/src/types/core/guards.ts(22,30): error TS2835: Relative import paths need explicit file extensions in ECMAScript imports when '--moduleResolution' is 'node16' or 'nodenext'. Did you mean './variances.js'?
frontend/src/types/core/index.ts(1,33): error TS2835: Relative import paths need explicit file extensions in ECMAScript imports when '--moduleResolution' is 'node16' or 'nodenext'. Did you mean './actions.js'?
frontend/src/types/core/index.ts(2,38): error TS2835: Relative import paths need explicit file extensions in ECMAScript imports when '--moduleResolution' is 'node16' or 'nodenext'. Did you mean './observations.js'?
frontend/src/types/core/index.ts(3,35): error TS2835: Relative import paths need explicit file extensions in ECMAScript imports when '--moduleResolution' is 'node16' or 'nodenext'. Did you mean './variances.js'?
frontend/src/types/core/index.ts(15,38): error TS2835: Relative import paths need explicit file extensions in ECMAScript imports when '--moduleResolution' is 'node16' or 'nodenext'. Did you mean './actions.js'?
frontend/src/types/core/index.ts(16,43): error TS2835: Relative import paths need explicit file extensions in ECMAScript imports when '--moduleResolution' is 'node16' or 'nodenext'. Did you mean './observations.js'?
frontend/src/types/core/index.ts(17,37): error TS2835: Relative import paths need explicit file extensions in ECMAScript imports when '--moduleResolution' is 'node16' or 'nodenext'. Did you mean './base.js'?
frontend/src/types/core/observations.ts(1,28): error TS2835: Relative import paths need explicit file extensions in ECMAScript imports when '--moduleResolution' is 'node16' or 'nodenext'. Did you mean '../agent-state.js'?
frontend/src/types/core/observations.ts(2,43): error TS2835: Relative import paths need explicit file extensions in ECMAScript imports when '--moduleResolution' is 'node16' or 'nodenext'. Did you mean './base.js'?
frontend/src/types/microagent-management.tsx(1,10): error TS2614: Module '"#/*"' has no exported member 'Conversation'. Did you mean to use 'import Conversation from "#/*"' instead?
frontend/src/types/response-type.tsx(1,66): error TS2835: Relative import paths need explicit file extensions in ECMAScript imports when '--moduleResolution' is 'node16' or 'nodenext'. Did you mean './message.js'?
frontend/src/utils/__tests__/artifact-parser.test.ts(2,31): error TS2835: Relative import paths need explicit file extensions in ECMAScript imports when '--moduleResolution' is 'node16' or 'nodenext'. Did you mean '../artifact-parser.js'?
frontend/src/utils/__tests__/custom-toast-handlers.test.ts(6,8): error TS2835: Relative import paths need explicit file extensions in ECMAScript imports when '--moduleResolution' is 'node16' or 'nodenext'. Did you mean '../custom-toast-handlers.js'?
frontend/src/utils/__tests__/settings-utils.test.ts(2,56): error TS2835: Relative import paths need explicit file extensions in ECMAScript imports when '--moduleResolution' is 'node16' or 'nodenext'. Did you mean '../settings-utils.js'?
frontend/src/utils/__tests__/toast-duration.test.ts(2,40): error TS2835: Relative import paths need explicit file extensions in ECMAScript imports when '--moduleResolution' is 'node16' or 'nodenext'. Did you mean '../toast-duration.js'?
frontend/src/utils/__tests__/vscode-url-helper.test.ts(2,36): error TS2835: Relative import paths need explicit file extensions in ECMAScript imports when '--moduleResolution' is 'node16' or 'nodenext'. Did you mean '../vscode-url-helper.js'?
frontend/src/utils/artifact-parser.ts(9,3): error TS2614: Module '"#/*"' has no exported member 'AgentRole'. Did you mean to use 'import AgentRole from "#/*"' instead?
frontend/src/utils/artifact-parser.ts(10,3): error TS2614: Module '"#/*"' has no exported member 'ArtifactData'. Did you mean to use 'import ArtifactData from "#/*"' instead?
frontend/src/utils/artifact-parser.ts(11,3): error TS2614: Module '"#/*"' has no exported member 'ParsedArtifact'. Did you mean to use 'import ParsedArtifact from "#/*"' instead?
frontend/src/utils/artifact-parser.ts(12,3): error TS2614: Module '"#/*"' has no exported member 'PMSpecArtifact'. Did you mean to use 'import PMSpecArtifact from "#/*"' instead?
frontend/src/utils/artifact-parser.ts(13,3): error TS2614: Module '"#/*"' has no exported member 'ArchitectSpecArtifact'. Did you mean to use 'import ArchitectSpecArtifact from "#/*"' instead?
frontend/src/utils/artifact-parser.ts(14,3): error TS2614: Module '"#/*"' has no exported member 'EngineerSpecArtifact'. Did you mean to use 'import EngineerSpecArtifact from "#/*"' instead?
frontend/src/utils/artifact-parser.ts(15,3): error TS2614: Module '"#/*"' has no exported member 'QASpecArtifact'. Did you mean to use 'import QASpecArtifact from "#/*"' instead?
frontend/src/utils/artifact-parser.ts(16,3): error TS2614: Module '"#/*"' has no exported member 'UserStory'. Did you mean to use 'import UserStory from "#/*"' instead?
frontend/src/utils/artifact-parser.ts(17,3): error TS2614: Module '"#/*"' has no exported member 'AcceptanceCriteria'. Did you mean to use 'import AcceptanceCriteria from "#/*"' instead?
frontend/src/utils/artifact-parser.ts(18,3): error TS2614: Module '"#/*"' has no exported member 'FileNode'. Did you mean to use 'import FileNode from "#/*"' instead?
frontend/src/utils/artifact-parser.ts(20,103): error TS2835: Relative import paths need explicit file extensions in ECMAScript imports when '--moduleResolution' is 'node16' or 'nodenext'. Did you mean './artifact-validators.js'?
frontend/src/utils/artifact-validators.ts(2,3): error TS2614: Module '"#/*"' has no exported member 'APIEndpoint'. Did you mean to use 'import APIEndpoint from "#/*"' instead?
frontend/src/utils/artifact-validators.ts(3,3): error TS2614: Module '"#/*"' has no exported member 'SystemComponent'. Did you mean to use 'import SystemComponent from "#/*"' instead?
frontend/src/utils/artifact-validators.ts(4,3): error TS2614: Module '"#/*"' has no exported member 'DatabaseSchema'. Did you mean to use 'import DatabaseSchema from "#/*"' instead?
frontend/src/utils/artifact-validators.ts(5,3): error TS2614: Module '"#/*"' has no exported member 'FileNode'. Did you mean to use 'import FileNode from "#/*"' instead?
frontend/src/utils/artifact-validators.ts(6,3): error TS2614: Module '"#/*"' has no exported member 'TestScenario'. Did you mean to use 'import TestScenario from "#/*"' instead?
frontend/src/utils/artifact-validators.ts(7,3): error TS2614: Module '"#/*"' has no exported member 'SecurityFinding'. Did you mean to use 'import SecurityFinding from "#/*"' instead?
frontend/src/utils/coalesce-messages.ts(1,15): error TS2614: Module '"#/*"' has no exported member 'OpenHandsEvent'. Did you mean to use 'import OpenHandsEvent from "#/*"' instead?
frontend/src/utils/coalesce-messages.ts(3,3): error TS2614: Module '"#/*"' has no exported member 'isAssistantMessage'. Did you mean to use 'import isAssistantMessage from "#/*"' instead?
frontend/src/utils/coalesce-messages.ts(4,3): error TS2614: Module '"#/*"' has no exported member 'isStreamingChunkAction'. Did you mean to use 'import isStreamingChunkAction from "#/*"' instead?
frontend/src/utils/coalesce-messages.ts(5,3): error TS2614: Module '"#/*"' has no exported member 'isOpenHandsAction'. Did you mean to use 'import isOpenHandsAction from "#/*"' instead?
frontend/src/utils/coalesce-messages.ts(6,3): error TS2614: Module '"#/*"' has no exported member 'isOpenHandsObservation'. Did you mean to use 'import isOpenHandsObservation from "#/*"' instead?
frontend/src/utils/convert-raw-providers-to-list.ts(1,10): error TS2614: Module '"#/*"' has no exported member 'Provider'. Did you mean to use 'import Provider from "#/*"' instead?
frontend/src/utils/custom-toast-handlers.tsx(4,40): error TS2835: Relative import paths need explicit file extensions in ECMAScript imports when '--moduleResolution' is 'node16' or 'nodenext'. Did you mean './toast-duration.js'?
frontend/src/utils/custom-toast-handlers.tsx(5,39): error TS2835: Relative import paths need explicit file extensions in ECMAScript imports when '--moduleResolution' is 'node16' or 'nodenext'. Did you mean './toast-normalize.js'?
frontend/src/utils/custom-toast-handlers.tsx(6,82): error TS2835: Relative import paths need explicit file extensions in ECMAScript imports when '--moduleResolution' is 'node16' or 'nodenext'. Did you mean './format-error.js'?
frontend/src/utils/custom-toast-handlers.tsx(7,15): error TS2614: Module '"#/*"' has no exported member 'UserFriendlyErrorData'. Did you mean to use 'import UserFriendlyErrorData from "#/*"' instead?
frontend/src/utils/diagram-node-enhancements.ts(5,10): error TS2614: Module '"#/*"' has no exported member 'OrchestrationStep'. Did you mean to use 'import OrchestrationStep from "#/*"' instead?
frontend/src/utils/download-trajectory.ts(1,30): error TS2835: Relative import paths need explicit file extensions in ECMAScript imports when '--moduleResolution' is 'node16' or 'nodenext'. Did you mean './download-json.js'?
frontend/src/utils/error-handler.ts(2,10): error TS2614: Module '"#/*"' has no exported member 'handleStatusMessage'. Did you mean to use 'import handleStatusMessage from "#/*"' instead?
frontend/src/utils/error-handler.ts(3,62): error TS2835: Relative import paths need explicit file extensions in ECMAScript imports when '--moduleResolution' is 'node16' or 'nodenext'. Did you mean './custom-toast-handlers.js'?
frontend/src/utils/error-handler.ts(4,61): error TS2835: Relative import paths need explicit file extensions in ECMAScript imports when '--moduleResolution' is 'node16' or 'nodenext'. Did you mean './format-error.js'?
frontend/src/utils/error-handler.ts(5,15): error TS2614: Module '"#/*"' has no exported member 'UserFriendlyErrorData'. Did you mean to use 'import UserFriendlyErrorData from "#/*"' instead?
frontend/src/utils/error-handler.ts(21,11): error TS2339: Property 'captureException' does not exist on type 'typeof import("C:/Users/GIGABYTE/Desktop/Forge/frontend/node_modules/posthog-js/dist/module")'.
frontend/src/utils/extract-model-and-provider.ts(1,26): error TS2835: Relative import paths need explicit file extensions in ECMAScript imports when '--moduleResolution' is 'node16' or 'nodenext'. Did you mean './is-number.js'?
frontend/src/utils/extract-model-and-provider.ts(7,8): error TS2835: Relative import paths need explicit file extensions in ECMAScript imports when '--moduleResolution' is 'node16' or 'nodenext'. Did you mean './verified-models.js'?
frontend/src/utils/format-error.ts(8,15): error TS2614: Module '"#/*"' has no exported member 'UserFriendlyErrorData'. Did you mean to use 'import UserFriendlyErrorData from "#/*"' instead?
frontend/src/utils/format-error.ts(8,38): error TS2614: Module '"#/*"' has no exported member 'ErrorAction'. Did you mean to use 'import ErrorAction from "#/*"' instead?
frontend/src/utils/group-messages-into-turns.ts(1,15): error TS2614: Module '"#/*"' has no exported member 'OpenHandsEvent'. Did you mean to use 'import OpenHandsEvent from "#/*"' instead?
frontend/src/utils/group-messages-into-turns.ts(3,3): error TS2614: Module '"#/*"' has no exported member 'isUserMessage'. Did you mean to use 'import isUserMessage from "#/*"' instead?
frontend/src/utils/group-messages-into-turns.ts(4,3): error TS2614: Module '"#/*"' has no exported member 'isStreamingChunkAction'. Did you mean to use 'import isStreamingChunkAction from "#/*"' instead?
frontend/src/utils/group-messages-into-turns.ts(5,3): error TS2614: Module '"#/*"' has no exported member 'isOpenHandsAction'. Did you mean to use 'import isOpenHandsAction from "#/*"' instead?
frontend/src/utils/group-suggested-tasks.ts(2,3): error TS2614: Module '"#/*"' has no exported member 'SuggestedTask'. Did you mean to use 'import SuggestedTask from "#/*"' instead?
frontend/src/utils/group-suggested-tasks.ts(3,3): error TS2614: Module '"#/*"' has no exported member 'SuggestedTaskGroup'. Did you mean to use 'import SuggestedTaskGroup from "#/*"' instead?
frontend/src/utils/handle-capture-consent.ts(8,27): error TS2339: Property 'has_opted_in_capturing' does not exist on type 'typeof import("C:/Users/GIGABYTE/Desktop/Forge/frontend/node_modules/posthog-js/dist/module")'.
frontend/src/utils/handle-capture-consent.ts(9,13): error TS2339: Property 'opt_in_capturing' does not exist on type 'typeof import("C:/Users/GIGABYTE/Desktop/Forge/frontend/node_modules/posthog-js/dist/module")'.
frontend/src/utils/handle-capture-consent.ts(12,28): error TS2339: Property 'has_opted_out_capturing' does not exist on type 'typeof import("C:/Users/GIGABYTE/Desktop/Forge/frontend/node_modules/posthog-js/dist/module")'.
frontend/src/utils/handle-capture-consent.ts(13,13): error TS2339: Property 'opt_out_capturing' does not exist on type 'typeof import("C:/Users/GIGABYTE/Desktop/Forge/frontend/node_modules/posthog-js/dist/module")'.
frontend/src/utils/has-advanced-settings-set.ts(1,10): error TS2614: Module '"#/*"' has no exported member 'DEFAULT_SETTINGS'. Did you mean to use 'import DEFAULT_SETTINGS from "#/*"' instead?
frontend/src/utils/has-advanced-settings-set.ts(2,10): error TS2614: Module '"#/*"' has no exported member 'Settings'. Did you mean to use 'import Settings from "#/*"' instead?
frontend/src/utils/is-custom-model.ts(1,41): error TS2835: Relative import paths need explicit file extensions in ECMAScript imports when '--moduleResolution' is 'node16' or 'nodenext'. Did you mean './extract-model-and-provider.js'?
frontend/src/utils/is-custom-model.ts(2,44): error TS2835: Relative import paths need explicit file extensions in ECMAScript imports when '--moduleResolution' is 'node16' or 'nodenext'. Did you mean './organize-models-and-providers.js'?
frontend/src/utils/organize-models-and-providers.ts(1,41): error TS2835: Relative import paths need explicit file extensions in ECMAScript imports when '--moduleResolution' is 'node16' or 'nodenext'. Did you mean './extract-model-and-provider.js'?
frontend/src/utils/retrieve-axios-error-message.ts(5,8): error TS2835: Relative import paths need explicit file extensions in ECMAScript imports when '--moduleResolution' is 'node16' or 'nodenext'. Did you mean './type-guards.js'?
frontend/src/utils/retrieve-axios-error-message.ts(14,44): error TS18046: 'error.response.data' is of type 'unknown'.
frontend/src/utils/retrieve-axios-error-message.ts(15,41): error TS2339: Property 'error' does not exist on type '{}'.
frontend/src/utils/retrieve-axios-error-message.ts(18,5): error TS18046: 'error.response.data' is of type 'unknown'.
frontend/src/utils/retrieve-axios-error-message.ts(20,41): error TS2339: Property 'message' does not exist on type '{}'.
frontend/src/utils/settings-utils.ts(1,10): error TS2614: Module '"#/*"' has no exported member 'Settings'. Did you mean to use 'import Settings from "#/*"' instead?
frontend/src/utils/settings-utils.ts(2,10): error TS2614: Module '"#/*"' has no exported member 'getProviderId'. Did you mean to use 'import getProviderId from "#/*"' instead?
frontend/src/utils/should-render-event.ts(1,15): error TS2614: Module '"#/*"' has no exported member 'OpenHandsEvent'. Did you mean to use 'import OpenHandsEvent from "#/*"' instead?
frontend/src/utils/should-render-event.ts(3,3): error TS2614: Module '"#/*"' has no exported member 'isUserMessage'. Did you mean to use 'import isUserMessage from "#/*"' instead?
frontend/src/utils/should-render-event.ts(4,3): error TS2614: Module '"#/*"' has no exported member 'isErrorObservation'. Did you mean to use 'import isErrorObservation from "#/*"' instead?
frontend/src/utils/should-render-event.ts(5,3): error TS2614: Module '"#/*"' has no exported member 'isAssistantMessage'. Did you mean to use 'import isAssistantMessage from "#/*"' instead?
frontend/src/utils/should-render-event.ts(6,3): error TS2614: Module '"#/*"' has no exported member 'isOpenHandsObservation'. Did you mean to use 'import isOpenHandsObservation from "#/*"' instead?
frontend/src/utils/should-render-event.ts(7,3): error TS2614: Module '"#/*"' has no exported member 'isFinishAction'. Did you mean to use 'import isFinishAction from "#/*"' instead?
frontend/src/utils/should-render-event.ts(8,3): error TS2614: Module '"#/*"' has no exported member 'isRejectObservation'. Did you mean to use 'import isRejectObservation from "#/*"' instead?
frontend/src/utils/should-render-event.ts(9,3): error TS2614: Module '"#/*"' has no exported member 'isMcpObservation'. Did you mean to use 'import isMcpObservation from "#/*"' instead?
frontend/src/utils/should-render-event.ts(10,3): error TS2614: Module '"#/*"' has no exported member 'isTaskTrackingObservation'. Did you mean to use 'import isTaskTrackingObservation from "#/*"' instead?
frontend/src/utils/should-render-event.ts(11,3): error TS2614: Module '"#/*"' has no exported member 'isFileWriteAction'. Did you mean to use 'import isFileWriteAction from "#/*"' instead?
frontend/src/utils/should-render-event.ts(12,3): error TS2614: Module '"#/*"' has no exported member 'isFileEditAction'. Did you mean to use 'import isFileEditAction from "#/*"' instead?
frontend/src/utils/should-render-event.ts(13,3): error TS2614: Module '"#/*"' has no exported member 'isStreamingChunkAction'. Did you mean to use 'import isStreamingChunkAction from "#/*"' instead?
frontend/src/utils/should-render-event.ts(14,3): error TS2614: Module '"#/*"' has no exported member 'isOpenHandsAction'. Did you mean to use 'import isOpenHandsAction from "#/*"' instead?
frontend/src/utils/status.ts(1,10): error TS2614: Module '"#/*"' has no exported member 'WebSocketStatus'. Did you mean to use 'import WebSocketStatus from "#/*"' instead?
frontend/src/utils/status.ts(2,10): error TS2614: Module '"#/*"' has no exported member 'I18nKey'. Did you mean to use 'import I18nKey from "#/*"' instead?
frontend/src/utils/status.ts(3,10): error TS2614: Module '"#/*"' has no exported member 'AgentState'. Did you mean to use 'import AgentState from "#/*"' instead?
frontend/src/utils/status.ts(4,10): error TS2614: Module '"#/*"' has no exported member 'ConversationStatus'. Did you mean to use 'import ConversationStatus from "#/*"' instead?
frontend/src/utils/status.ts(5,10): error TS2614: Module '"#/*"' has no exported member 'StatusMessage'. Did you mean to use 'import StatusMessage from "#/*"' instead?
frontend/src/utils/status.ts(6,10): error TS2614: Module '"#/*"' has no exported member 'RuntimeStatus'. Did you mean to use 'import RuntimeStatus from "#/*"' instead?
frontend/src/utils/suggestions/index.ts(1,38): error TS2835: Relative import paths need explicit file extensions in ECMAScript imports when '--moduleResolution' is 'node16' or 'nodenext'. Did you mean './non-repo-suggestions.js'?
frontend/src/utils/suggestions/index.ts(2,34): error TS2835: Relative import paths need explicit file extensions in ECMAScript imports when '--moduleResolution' is 'node16' or 'nodenext'. Did you mean './repo-suggestions.js'?
frontend/src/utils/suggestions/non-repo-suggestions.ts(1,10): error TS2614: Module '"#/*"' has no exported member 'I18nKey'. Did you mean to use 'import I18nKey from "#/*"' instead?
frontend/src/utils/tips.ts(1,10): error TS2614: Module '"#/*"' has no exported member 'I18nKey'. Did you mean to use 'import I18nKey from "#/*"' instead?
frontend/src/utils/toast.tsx(2,40): error TS2835: Relative import paths need explicit file extensions in ECMAScript imports when '--moduleResolution' is 'node16' or 'nodenext'. Did you mean './toast-duration.js'?
frontend/src/utils/toast.tsx(3,39): error TS2835: Relative import paths need explicit file extensions in ECMAScript imports when '--moduleResolution' is 'node16' or 'nodenext'. Did you mean './toast-normalize.js'?
frontend/src/utils/type-guards.ts(6,3): error TS2614: Module '"#/*"' has no exported member 'OpenHandsEvent'. Did you mean to use 'import OpenHandsEvent from "#/*"' instead?
frontend/src/utils/type-guards.ts(7,3): error TS2614: Module '"#/*"' has no exported member 'OpenHandsAction'. Did you mean to use 'import OpenHandsAction from "#/*"' instead?
frontend/src/utils/type-guards.ts(8,3): error TS2614: Module '"#/*"' has no exported member 'OpenHandsObservation'. Did you mean to use 'import OpenHandsObservation from "#/*"' instead?
frontend/src/utils/type-guards.ts(9,3): error TS2614: Module '"#/*"' has no exported member 'OpenHandsParsedEvent'. Did you mean to use 'import OpenHandsParsedEvent from "#/*"' instead?
frontend/src/utils/utils.ts(3,10): error TS2614: Module '"#/*"' has no exported member 'Provider'. Did you mean to use 'import Provider from "#/*"' instead?
frontend/src/wrapper/event-handler.tsx(2,35): error TS2835: Relative import paths need explicit file extensions in ECMAScript imports when '--moduleResolution' is 'node16' or 'nodenext'. Did you mean '../hooks/use-handle-ws-events.js'?
frontend/src/wrapper/event-handler.tsx(3,40): error TS2835: Relative import paths need explicit file extensions in ECMAScript imports when '--moduleResolution' is 'node16' or 'nodenext'. Did you mean '../hooks/use-handle-runtime-active.js'?
frontend/test-utils.ts(1,15): error TS6142: Module './test-utils.tsx' was resolved to 'C:/Users/GIGABYTE/Desktop/Forge/frontend/test-utils.tsx', but '--jsx' is not set.
frontend/tests/conversation-panel.test.ts(6,6): error TS2339: Property 'setTimeout' does not exist on type 'typeof import("C:/Users/GIGABYTE/Desktop/Forge/frontend/node_modules/@playwright/test/index")'.
frontend/tests/conversation-panel.test.ts(54,6): error TS2339: Property 'beforeEach' does not exist on type 'typeof import("C:/Users/GIGABYTE/Desktop/Forge/frontend/node_modules/@playwright/test/index")'.
frontend/tests/conversation-panel.test.ts(54,26): error TS7031: Binding element 'page' implicitly has an 'any' type.
frontend/tests/conversation-panel.test.ts(89,1): error TS2349: This expression is not callable.
  Type 'typeof import("C:/Users/GIGABYTE/Desktop/Forge/frontend/node_modules/@playwright/test/index")' has no call signatures.
frontend/tests/conversation-panel.test.ts(90,3): error TS7031: Binding element 'page' implicitly has an 'any' type.
frontend/tests/conversation-panel.test.ts(107,1): error TS2349: This expression is not callable.
  Type 'typeof import("C:/Users/GIGABYTE/Desktop/Forge/frontend/node_modules/@playwright/test/index")' has no call signatures.
frontend/tests/conversation-panel.test.ts(108,3): error TS7031: Binding element 'page' implicitly has an 'any' type.
frontend/tests/conversation-panel.test.ts(123,1): error TS2349: This expression is not callable.
  Type 'typeof import("C:/Users/GIGABYTE/Desktop/Forge/frontend/node_modules/@playwright/test/index")' has no call signatures.
frontend/tests/conversation-panel.test.ts(123,47): error TS7031: Binding element 'page' implicitly has an 'any' type.
frontend/tests/conversation-panel.test.ts(138,1): error TS2349: This expression is not callable.
  Type 'typeof import("C:/Users/GIGABYTE/Desktop/Forge/frontend/node_modules/@playwright/test/index")' has no call signatures.
frontend/tests/conversation-panel.test.ts(139,3): error TS7031: Binding element 'page' implicitly has an 'any' type.
frontend/tests/conversation-panel.test.ts(173,8): error TS7006: Parameter 'resp' implicitly has an 'any' type.
frontend/tests/conversation-panel.test.ts(243,1): error TS2349: This expression is not callable.
  Type 'typeof import("C:/Users/GIGABYTE/Desktop/Forge/frontend/node_modules/@playwright/test/index")' has no call signatures.
frontend/tests/conversation-panel.test.ts(244,3): error TS7031: Binding element 'page' implicitly has an 'any' type.
frontend/tests/conversation-panel.test.ts(250,1): error TS2349: This expression is not callable.
  Type 'typeof import("C:/Users/GIGABYTE/Desktop/Forge/frontend/node_modules/@playwright/test/index")' has no call signatures.
frontend/tests/conversation-panel.test.ts(251,3): error TS7031: Binding element 'page' implicitly has an 'any' type.
frontend/tests/settings.spec.ts(3,1): error TS2349: This expression is not callable.
  Type 'typeof import("C:/Users/GIGABYTE/Desktop/Forge/frontend/node_modules/@playwright/test/index")' has no call signatures.
frontend/tests/settings.spec.ts(4,3): error TS7031: Binding element 'page' implicitly has an 'any' type.
frontend/tests/settings.spec.ts(15,6): error TS2339: Property 'skip' does not exist on type 'typeof import("C:/Users/GIGABYTE/Desktop/Forge/frontend/node_modules/@playwright/test/index")'.
frontend/tests/settings.spec.ts(15,66): error TS7031: Binding element 'page' implicitly has an 'any' type.
frontend/vite.config.prod.ts(9,31): error TS7016: Could not find a declaration file for module './scripts/react-router-plugin-wrapper.mjs'. 'C:/Users/GIGABYTE/Desktop/Forge/frontend/scripts/react-router-plugin-wrapper.mjs' implicitly has an 'any' type.
frontend/vite.config.ts(8,31): error TS7016: Could not find a declaration file for module './vite-plugin-fix-manifest.js'. 'C:/Users/GIGABYTE/Desktop/Forge/frontend/vite-plugin-fix-manifest.js' implicitly has an 'any' type.
frontend/vite.config.ts(9,31): error TS7016: Could not find a declaration file for module './scripts/react-router-plugin-wrapper.mjs'. 'C:/Users/GIGABYTE/Desktop/Forge/frontend/scripts/react-router-plugin-wrapper.mjs' implicitly has an 'any' type.
frontend/vitest.setup.ts(1,10): error TS2305: Module '"vitest"' has no exported member 'afterAll'.
frontend/vitest.setup.ts(1,31): error TS2305: Module '"vitest"' has no exported member 'beforeAll'.
frontend/vitest.setup.ts(115,33): error TS7006: Parameter 'importOriginal' implicitly has an 'any' type.
frontend/vitest.setup.ts(116,13): error TS2347: Untyped function calls may not accept type arguments.
frontend/vitest.setup.ts(181,28): error TS2835: Relative import paths need explicit file extensions in ECMAScript imports when '--moduleResolution' is 'node16' or 'nodenext'. Did you mean './src/mocks/node.js'?
frontend/vitest.setup.ts(473,32): error TS7006: Parameter 'importOriginal' implicitly has an 'any' type.
